[2026-06-21T22:28:12.398+0000] {local_task_job_runner.py:123} INFO - ::group::Pre task execution logs
[2026-06-21T22:28:12.415+0000] {taskinstance.py:2614} INFO - Dependencies all met for dep_context=non-requeueable deps ti=<TaskInstance: anomx_first_kafka_pipeline.run_kafka_producer __airflow_temporary_run_2026-06-21T22:28:09.200649+00:00__ [queued]>
[2026-06-21T22:28:12.422+0000] {taskinstance.py:2614} INFO - Dependencies all met for dep_context=requeueable deps ti=<TaskInstance: anomx_first_kafka_pipeline.run_kafka_producer __airflow_temporary_run_2026-06-21T22:28:09.200649+00:00__ [queued]>
[2026-06-21T22:28:12.422+0000] {taskinstance.py:2867} INFO - Starting attempt 1 of 1
[2026-06-21T22:28:12.432+0000] {taskinstance.py:2890} INFO - Executing <Task(PythonOperator): run_kafka_producer> on 2026-06-21 00:00:00+00:00
[2026-06-21T22:28:12.438+0000] {standard_task_runner.py:104} INFO - Running: ['***', 'tasks', 'run', 'anomx_first_kafka_pipeline', 'run_kafka_producer', '__***_temporary_run_2026-06-21T22:28:09.200649+00:00__', '--job-id', '8', '--raw', '--subdir', 'DAGS_FOLDER/anomx_first_pipeline.py', '--cfg-path', '/tmp/tmpls97rh58']
[2026-06-21T22:28:12.441+0000] {logging_mixin.py:190} WARNING - /home/***/.local/lib/python3.12/site-packages/***/task/task_runner/standard_task_runner.py:70 DeprecationWarning: This process (pid=1149) is multi-threaded, use of fork() may lead to deadlocks in the child.
[2026-06-21T22:28:12.441+0000] {standard_task_runner.py:105} INFO - Job 8: Subtask run_kafka_producer
[2026-06-21T22:28:12.442+0000] {standard_task_runner.py:72} INFO - Started process 1150 to run task
[2026-06-21T22:28:12.495+0000] {task_command.py:467} INFO - Running <TaskInstance: anomx_first_kafka_pipeline.run_kafka_producer __airflow_temporary_run_2026-06-21T22:28:09.200649+00:00__ [running]> on host 05254a7375e1
[2026-06-21T22:28:12.555+0000] {taskinstance.py:3134} INFO - Exporting env vars: AIRFLOW_CTX_DAG_OWNER='anomx-phase3' AIRFLOW_CTX_DAG_ID='anomx_first_kafka_pipeline' AIRFLOW_CTX_TASK_ID='run_kafka_producer' AIRFLOW_CTX_EXECUTION_DATE='2026-06-21T00:00:00+00:00' AIRFLOW_CTX_TRY_NUMBER='1' AIRFLOW_CTX_DAG_RUN_ID='__***_temporary_run_2026-06-21T22:28:09.200649+00:00__'
[2026-06-21T22:28:12.556+0000] {taskinstance.py:732} INFO - ::endgroup::
[2026-06-21T22:28:12.566+0000] {logging_mixin.py:190} INFO - Checking dataset path: /opt/***/data/raw/CMAPSSData/train_FD001.txt
[2026-06-21T22:28:12.569+0000] {logging_mixin.py:190} INFO - Dataset file exists.
[2026-06-21T22:28:12.570+0000] {logging_mixin.py:190} INFO - Checking producer script path: /opt/***/ingestion/kafka_producer.py
[2026-06-21T22:28:12.571+0000] {logging_mixin.py:190} INFO - Producer script exists.
[2026-06-21T22:28:12.571+0000] {logging_mixin.py:190} INFO - Running producer command: /home/***/.local/bin/python /opt/***/ingestion/kafka_producer.py
[2026-06-21T22:28:12.572+0000] {logging_mixin.py:190} INFO - Working directory: /opt/***
[2026-06-21T22:28:12.572+0000] {logging_mixin.py:190} INFO - Dataset path: /opt/***/data/raw/CMAPSSData/train_FD001.txt
[2026-06-21T22:28:12.572+0000] {logging_mixin.py:190} INFO - Kafka bootstrap servers: host.docker.internal:9092
[2026-06-21T22:28:12.573+0000] {logging_mixin.py:190} INFO - Kafka topic: sensor-data
[2026-06-21T22:28:13.548+0000] {logging_mixin.py:190} INFO - Starting to stream 20631 rows...
[2026-06-21T22:29:13.547+0000] {logging_mixin.py:190} INFO - Traceback (most recent call last):
[2026-06-21T22:29:13.548+0000] {logging_mixin.py:190} INFO -   File "/opt/***/ingestion/kafka_producer.py", line 33, in <module>
[2026-06-21T22:29:13.549+0000] {logging_mixin.py:190} INFO -     producer.send(
[2026-06-21T22:29:13.549+0000] {logging_mixin.py:190} INFO -   File "/home/***/.local/lib/python3.12/site-packages/kafka/producer/kafka.py", line 930, in send
[2026-06-21T22:29:13.550+0000] {logging_mixin.py:190} INFO -     self._wait_on_metadata(topic, self.config['max_block_ms'])
[2026-06-21T22:29:13.550+0000] {logging_mixin.py:190} INFO -   File "/home/***/.local/lib/python3.12/site-packages/kafka/producer/kafka.py", line 1053, in _wait_on_metadata
[2026-06-21T22:29:13.551+0000] {logging_mixin.py:190} INFO -     raise Errors.KafkaTimeoutError(
[2026-06-21T22:29:13.551+0000] {logging_mixin.py:190} INFO - kafka.errors.KafkaTimeoutError: KafkaTimeoutError: Failed to update metadata after 60.0 secs.
[2026-06-21T22:29:13.632+0000] {taskinstance.py:3313} ERROR - Task failed with exception
Traceback (most recent call last):
  File "/home/airflow/.local/lib/python3.12/site-packages/airflow/models/taskinstance.py", line 768, in _execute_task
    result = _execute_callable(context=context, **execute_callable_kwargs)
             ^^^^^^^^^^^^^^^^^^^^^^^^^^^^^^^^^^^^^^^^^^^^^^^^^^^^^^^^^^^^^
  File "/home/airflow/.local/lib/python3.12/site-packages/airflow/models/taskinstance.py", line 734, in _execute_callable
    return ExecutionCallableRunner(
           ^^^^^^^^^^^^^^^^^^^^^^^^
  File "/home/airflow/.local/lib/python3.12/site-packages/airflow/utils/operator_helpers.py", line 252, in run
    return self.func(*args, **kwargs)
           ^^^^^^^^^^^^^^^^^^^^^^^^^^
  File "/home/airflow/.local/lib/python3.12/site-packages/airflow/models/baseoperator.py", line 424, in wrapper
    return func(self, *args, **kwargs)
           ^^^^^^^^^^^^^^^^^^^^^^^^^^^
  File "/home/airflow/.local/lib/python3.12/site-packages/airflow/operators/python.py", line 238, in execute
    return_value = self.execute_callable()
                   ^^^^^^^^^^^^^^^^^^^^^^^
  File "/home/airflow/.local/lib/python3.12/site-packages/airflow/operators/python.py", line 256, in execute_callable
    return runner.run(*self.op_args, **self.op_kwargs)
           ^^^^^^^^^^^^^^^^^^^^^^^^^^^^^^^^^^^^^^^^^^^
  File "/home/airflow/.local/lib/python3.12/site-packages/airflow/utils/operator_helpers.py", line 252, in run
    return self.func(*args, **kwargs)
           ^^^^^^^^^^^^^^^^^^^^^^^^^^
  File "/opt/airflow/dags/anomx_first_pipeline.py", line 174, in run_kafka_producer
    raise AirflowFailException(
airflow.exceptions.AirflowFailException: kafka_producer.py failed with exit code 1
[2026-06-21T22:29:13.645+0000] {taskinstance.py:1226} INFO - Immediate failure requested. Marking task as FAILED. dag_id=anomx_first_kafka_pipeline, task_id=run_kafka_producer, run_id=__***_temporary_run_2026-06-21T22:28:09.200649+00:00__, execution_date=20260621T000000, start_date=20260621T222812, end_date=20260621T222913
[2026-06-21T22:29:13.653+0000] {taskinstance.py:341} INFO - ::group::Post task execution logs
[2026-06-21T22:29:13.654+0000] {standard_task_runner.py:124} ERROR - Failed to execute job 8 for task run_kafka_producer ((psycopg2.errors.ForeignKeyViolation) insert or update on table "task_fail" violates foreign key constraint "task_fail_ti_fkey"
DETAIL:  Key (dag_id, task_id, run_id, map_index)=(anomx_first_kafka_pipeline, run_kafka_producer, __***_temporary_run_2026-06-21T22:28:09.200649+00:00__, -1) is not present in table "task_instance".

[SQL: INSERT INTO task_fail (task_id, dag_id, run_id, map_index, start_date, end_date, duration) VALUES (%(task_id)s, %(dag_id)s, %(run_id)s, %(map_index)s, %(start_date)s, %(end_date)s, %(duration)s) RETURNING task_fail.id]
[parameters: {'task_id': 'run_kafka_producer', 'dag_id': 'anomx_first_kafka_pipeline', 'run_id': '__airflow_temporary_run_2026-06-21T22:28:09.200649+00:00__', 'map_index': -1, 'start_date': datetime.datetime(2026, 6, 21, 22, 28, 12, 416097, tzinfo=Timezone('UTC')), 'end_date': datetime.datetime(2026, 6, 21, 22, 29, 13, 645261, tzinfo=Timezone('UTC')), 'duration': 61}]
(Background on this error at: https://sqlalche.me/e/14/gkpj); 1150)
Traceback (most recent call last):
  File "/home/airflow/.local/lib/python3.12/site-packages/airflow/models/taskinstance.py", line 274, in _run_raw_task
    TaskInstance._execute_task_with_callbacks(
  File "/home/airflow/.local/lib/python3.12/site-packages/airflow/models/taskinstance.py", line 3161, in _execute_task_with_callbacks
    result = self._execute_task(context, task_orig)
             ^^^^^^^^^^^^^^^^^^^^^^^^^^^^^^^^^^^^^^
  File "/home/airflow/.local/lib/python3.12/site-packages/airflow/models/taskinstance.py", line 3185, in _execute_task
    return _execute_task(self, context, task_orig)
           ^^^^^^^^^^^^^^^^^^^^^^^^^^^^^^^^^^^^^^^
  File "/home/airflow/.local/lib/python3.12/site-packages/airflow/models/taskinstance.py", line 768, in _execute_task
    result = _execute_callable(context=context, **execute_callable_kwargs)
             ^^^^^^^^^^^^^^^^^^^^^^^^^^^^^^^^^^^^^^^^^^^^^^^^^^^^^^^^^^^^^
  File "/home/airflow/.local/lib/python3.12/site-packages/airflow/models/taskinstance.py", line 734, in _execute_callable
    return ExecutionCallableRunner(
           ^^^^^^^^^^^^^^^^^^^^^^^^
  File "/home/airflow/.local/lib/python3.12/site-packages/airflow/utils/operator_helpers.py", line 252, in run
    return self.func(*args, **kwargs)
           ^^^^^^^^^^^^^^^^^^^^^^^^^^
  File "/home/airflow/.local/lib/python3.12/site-packages/airflow/models/baseoperator.py", line 424, in wrapper
    return func(self, *args, **kwargs)
           ^^^^^^^^^^^^^^^^^^^^^^^^^^^
  File "/home/airflow/.local/lib/python3.12/site-packages/airflow/operators/python.py", line 238, in execute
    return_value = self.execute_callable()
                   ^^^^^^^^^^^^^^^^^^^^^^^
  File "/home/airflow/.local/lib/python3.12/site-packages/airflow/operators/python.py", line 256, in execute_callable
    return runner.run(*self.op_args, **self.op_kwargs)
           ^^^^^^^^^^^^^^^^^^^^^^^^^^^^^^^^^^^^^^^^^^^
  File "/home/airflow/.local/lib/python3.12/site-packages/airflow/utils/operator_helpers.py", line 252, in run
    return self.func(*args, **kwargs)
           ^^^^^^^^^^^^^^^^^^^^^^^^^^
  File "/opt/airflow/dags/anomx_first_pipeline.py", line 174, in run_kafka_producer
    raise AirflowFailException(
airflow.exceptions.AirflowFailException: kafka_producer.py failed with exit code 1

During handling of the above exception, another exception occurred:

Traceback (most recent call last):
  File "/home/airflow/.local/lib/python3.12/site-packages/sqlalchemy/engine/base.py", line 1910, in _execute_context
    self.dialect.do_execute(
  File "/home/airflow/.local/lib/python3.12/site-packages/sqlalchemy/engine/default.py", line 736, in do_execute
    cursor.execute(statement, parameters)
psycopg2.errors.ForeignKeyViolation: insert or update on table "task_fail" violates foreign key constraint "task_fail_ti_fkey"
DETAIL:  Key (dag_id, task_id, run_id, map_index)=(anomx_first_kafka_pipeline, run_kafka_producer, __***_temporary_run_2026-06-21T22:28:09.200649+00:00__, -1) is not present in table "task_instance".


The above exception was the direct cause of the following exception:

Traceback (most recent call last):
  File "/home/airflow/.local/lib/python3.12/site-packages/airflow/task/task_runner/standard_task_runner.py", line 117, in _start_by_fork
    ret = args.func(args, dag=self.dag)
          ^^^^^^^^^^^^^^^^^^^^^^^^^^^^^
  File "/home/airflow/.local/lib/python3.12/site-packages/airflow/cli/cli_config.py", line 49, in command
    return func(*args, **kwargs)
           ^^^^^^^^^^^^^^^^^^^^^
  File "/home/airflow/.local/lib/python3.12/site-packages/airflow/utils/cli.py", line 116, in wrapper
    return f(*args, **kwargs)
           ^^^^^^^^^^^^^^^^^^
  File "/home/airflow/.local/lib/python3.12/site-packages/airflow/cli/commands/task_command.py", line 483, in task_run
    task_return_code = _run_task_by_selected_method(args, _dag, ti)
                       ^^^^^^^^^^^^^^^^^^^^^^^^^^^^^^^^^^^^^^^^^^^^
  File "/home/airflow/.local/lib/python3.12/site-packages/airflow/cli/commands/task_command.py", line 256, in _run_task_by_selected_method
    return _run_raw_task(args, ti)
           ^^^^^^^^^^^^^^^^^^^^^^^
  File "/home/airflow/.local/lib/python3.12/site-packages/airflow/cli/commands/task_command.py", line 341, in _run_raw_task
    return ti._run_raw_task(
           ^^^^^^^^^^^^^^^^^
  File "/home/airflow/.local/lib/python3.12/site-packages/airflow/utils/session.py", line 97, in wrapper
    return func(*args, session=session, **kwargs)
           ^^^^^^^^^^^^^^^^^^^^^^^^^^^^^^^^^^^^^^
  File "/home/airflow/.local/lib/python3.12/site-packages/airflow/models/taskinstance.py", line 3006, in _run_raw_task
    return _run_raw_task(
           ^^^^^^^^^^^^^^
  File "/home/airflow/.local/lib/python3.12/site-packages/airflow/models/taskinstance.py", line 315, in _run_raw_task
    ti.handle_failure(e, test_mode, context, force_fail=True, session=session)  # already saves to db
    ^^^^^^^^^^^^^^^^^^^^^^^^^^^^^^^^^^^^^^^^^^^^^^^^^^^^^^^^^^^^^^^^^^^^^^^^^^
  File "/home/airflow/.local/lib/python3.12/site-packages/airflow/utils/session.py", line 94, in wrapper
    return func(*args, **kwargs)
           ^^^^^^^^^^^^^^^^^^^^^
  File "/home/airflow/.local/lib/python3.12/site-packages/airflow/models/taskinstance.py", line 3434, in handle_failure
    _handle_failure(
  File "/home/airflow/.local/lib/python3.12/site-packages/airflow/utils/session.py", line 94, in wrapper
    return func(*args, **kwargs)
           ^^^^^^^^^^^^^^^^^^^^^
  File "/home/airflow/.local/lib/python3.12/site-packages/airflow/api_internal/internal_api_call.py", line 166, in wrapper
    return func(*args, **kwargs)
           ^^^^^^^^^^^^^^^^^^^^^
  File "/home/airflow/.local/lib/python3.12/site-packages/airflow/models/taskinstance.py", line 1244, in _handle_failure
    TaskInstance.save_to_db(task_instance, session)
  File "/home/airflow/.local/lib/python3.12/site-packages/airflow/api_internal/internal_api_call.py", line 166, in wrapper
    return func(*args, **kwargs)
           ^^^^^^^^^^^^^^^^^^^^^
  File "/home/airflow/.local/lib/python3.12/site-packages/airflow/utils/session.py", line 94, in wrapper
    return func(*args, **kwargs)
           ^^^^^^^^^^^^^^^^^^^^^
  File "/home/airflow/.local/lib/python3.12/site-packages/airflow/models/taskinstance.py", line 3402, in save_to_db
    ti.get_dagrun().refresh_from_db()
    ^^^^^^^^^^^^^^^
  File "/home/airflow/.local/lib/python3.12/site-packages/airflow/utils/session.py", line 96, in wrapper
    with create_session() as session:
         ^^^^^^^^^^^^^^^^
  File "/usr/local/lib/python3.12/contextlib.py", line 144, in __exit__
    next(self.gen)
  File "/home/airflow/.local/lib/python3.12/site-packages/airflow/utils/session.py", line 57, in create_session
    session.commit()
  File "/home/airflow/.local/lib/python3.12/site-packages/sqlalchemy/orm/session.py", line 1454, in commit
    self._transaction.commit(_to_root=self.future)
  File "/home/airflow/.local/lib/python3.12/site-packages/sqlalchemy/orm/session.py", line 832, in commit
    self._prepare_impl()
  File "/home/airflow/.local/lib/python3.12/site-packages/sqlalchemy/orm/session.py", line 811, in _prepare_impl
    self.session.flush()
  File "/home/airflow/.local/lib/python3.12/site-packages/sqlalchemy/orm/session.py", line 3449, in flush
    self._flush(objects)
  File "/home/airflow/.local/lib/python3.12/site-packages/sqlalchemy/orm/session.py", line 3588, in _flush
    with util.safe_reraise():
         ^^^^^^^^^^^^^^^^^^^
  File "/home/airflow/.local/lib/python3.12/site-packages/sqlalchemy/util/langhelpers.py", line 70, in __exit__
    compat.raise_(
  File "/home/airflow/.local/lib/python3.12/site-packages/sqlalchemy/util/compat.py", line 211, in raise_
    raise exception
  File "/home/airflow/.local/lib/python3.12/site-packages/sqlalchemy/orm/session.py", line 3549, in _flush
    flush_context.execute()
  File "/home/airflow/.local/lib/python3.12/site-packages/sqlalchemy/orm/unitofwork.py", line 456, in execute
    rec.execute(self)
  File "/home/airflow/.local/lib/python3.12/site-packages/sqlalchemy/orm/unitofwork.py", line 630, in execute
    util.preloaded.orm_persistence.save_obj(
  File "/home/airflow/.local/lib/python3.12/site-packages/sqlalchemy/orm/persistence.py", line 245, in save_obj
    _emit_insert_statements(
  File "/home/airflow/.local/lib/python3.12/site-packages/sqlalchemy/orm/persistence.py", line 1238, in _emit_insert_statements
    result = connection._execute_20(
             ^^^^^^^^^^^^^^^^^^^^^^^
  File "/home/airflow/.local/lib/python3.12/site-packages/sqlalchemy/engine/base.py", line 1710, in _execute_20
    return meth(self, args_10style, kwargs_10style, execution_options)
           ^^^^^^^^^^^^^^^^^^^^^^^^^^^^^^^^^^^^^^^^^^^^^^^^^^^^^^^^^^^
  File "/home/airflow/.local/lib/python3.12/site-packages/sqlalchemy/sql/elements.py", line 334, in _execute_on_connection
    return connection._execute_clauseelement(
           ^^^^^^^^^^^^^^^^^^^^^^^^^^^^^^^^^^
  File "/home/airflow/.local/lib/python3.12/site-packages/sqlalchemy/engine/base.py", line 1577, in _execute_clauseelement
    ret = self._execute_context(
          ^^^^^^^^^^^^^^^^^^^^^^
  File "/home/airflow/.local/lib/python3.12/site-packages/sqlalchemy/engine/base.py", line 1953, in _execute_context
    self._handle_dbapi_exception(
  File "/home/airflow/.local/lib/python3.12/site-packages/sqlalchemy/engine/base.py", line 2134, in _handle_dbapi_exception
    util.raise_(
  File "/home/airflow/.local/lib/python3.12/site-packages/sqlalchemy/util/compat.py", line 211, in raise_
    raise exception
  File "/home/airflow/.local/lib/python3.12/site-packages/sqlalchemy/engine/base.py", line 1910, in _execute_context
    self.dialect.do_execute(
  File "/home/airflow/.local/lib/python3.12/site-packages/sqlalchemy/engine/default.py", line 736, in do_execute
    cursor.execute(statement, parameters)
sqlalchemy.exc.IntegrityError: (psycopg2.errors.ForeignKeyViolation) insert or update on table "task_fail" violates foreign key constraint "task_fail_ti_fkey"
DETAIL:  Key (dag_id, task_id, run_id, map_index)=(anomx_first_kafka_pipeline, run_kafka_producer, __***_temporary_run_2026-06-21T22:28:09.200649+00:00__, -1) is not present in table "task_instance".

[SQL: INSERT INTO task_fail (task_id, dag_id, run_id, map_index, start_date, end_date, duration) VALUES (%(task_id)s, %(dag_id)s, %(run_id)s, %(map_index)s, %(start_date)s, %(end_date)s, %(duration)s) RETURNING task_fail.id]
[parameters: {'task_id': 'run_kafka_producer', 'dag_id': 'anomx_first_kafka_pipeline', 'run_id': '__airflow_temporary_run_2026-06-21T22:28:09.200649+00:00__', 'map_index': -1, 'start_date': datetime.datetime(2026, 6, 21, 22, 28, 12, 416097, tzinfo=Timezone('UTC')), 'end_date': datetime.datetime(2026, 6, 21, 22, 29, 13, 645261, tzinfo=Timezone('UTC')), 'duration': 61}]
(Background on this error at: https://sqlalche.me/e/14/gkpj)
[2026-06-21T22:29:13.689+0000] {local_task_job_runner.py:266} INFO - Task exited with return code 1
[2026-06-21T22:29:13.697+0000] {local_task_job_runner.py:245} INFO - ::endgroup::
