[2026-06-24T12:40:58.579+0300] {local_task_job_runner.py:120} INFO - ::group::Pre task execution logs
[2026-06-24T12:40:58.599+0300] {taskinstance.py:2073} INFO - Dependencies all met for dep_context=non-requeueable deps ti=<TaskInstance: anomx_pipeline.process_FD001 scheduled__2026-06-23T00:00:00+00:00 [queued]>
[2026-06-24T12:40:58.605+0300] {taskinstance.py:2073} INFO - Dependencies all met for dep_context=requeueable deps ti=<TaskInstance: anomx_pipeline.process_FD001 scheduled__2026-06-23T00:00:00+00:00 [queued]>
[2026-06-24T12:40:58.606+0300] {taskinstance.py:2303} INFO - Starting attempt 2 of 2
[2026-06-24T12:40:58.623+0300] {taskinstance.py:2327} INFO - Executing <Task(PythonOperator): process_FD001> on 2026-06-23 00:00:00+00:00
[2026-06-24T12:40:58.630+0300] {standard_task_runner.py:63} INFO - Started process 31263 to run task
[2026-06-24T12:40:58.632+0300] {standard_task_runner.py:90} INFO - Running: ['airflow', 'tasks', 'run', 'anomx_pipeline', 'process_FD001', 'scheduled__2026-06-23T00:00:00+00:00', '--job-id', '14', '--raw', '--subdir', 'DAGS_FOLDER/anomx_pipeline.py', '--cfg-path', '/tmp/tmpjstqfjmo']
[2026-06-24T12:40:58.633+0300] {standard_task_runner.py:91} INFO - Job 14: Subtask process_FD001
[2026-06-24T12:40:58.674+0300] {task_command.py:426} INFO - Running <TaskInstance: anomx_pipeline.process_FD001 scheduled__2026-06-23T00:00:00+00:00 [running]> on host omar-a-nagy-Precision-5520
[2026-06-24T12:40:58.736+0300] {taskinstance.py:2644} INFO - Exporting env vars: AIRFLOW_CTX_DAG_OWNER='omar' AIRFLOW_CTX_DAG_ID='anomx_pipeline' AIRFLOW_CTX_TASK_ID='process_FD001' AIRFLOW_CTX_EXECUTION_DATE='2026-06-23T00:00:00+00:00' AIRFLOW_CTX_TRY_NUMBER='2' AIRFLOW_CTX_DAG_RUN_ID='scheduled__2026-06-23T00:00:00+00:00'
[2026-06-24T12:40:58.737+0300] {taskinstance.py:430} INFO - ::endgroup::
[2026-06-24T12:40:58.756+0300] {taskinstance.py:441} INFO - ::group::Post task execution logs
[2026-06-24T12:40:58.757+0300] {taskinstance.py:2890} ERROR - Task failed with exception
Traceback (most recent call last):
  File "/media/data/omar/programming course/DEPI/DEPI project/anomx/venv/lib/python3.12/site-packages/airflow/models/taskinstance.py", line 465, in _execute_task
    result = _execute_callable(context=context, **execute_callable_kwargs)
             ^^^^^^^^^^^^^^^^^^^^^^^^^^^^^^^^^^^^^^^^^^^^^^^^^^^^^^^^^^^^^
  File "/media/data/omar/programming course/DEPI/DEPI project/anomx/venv/lib/python3.12/site-packages/airflow/models/taskinstance.py", line 432, in _execute_callable
    return execute_callable(context=context, **execute_callable_kwargs)
           ^^^^^^^^^^^^^^^^^^^^^^^^^^^^^^^^^^^^^^^^^^^^^^^^^^^^^^^^^^^^
  File "/media/data/omar/programming course/DEPI/DEPI project/anomx/venv/lib/python3.12/site-packages/airflow/models/baseoperator.py", line 400, in wrapper
    return func(self, *args, **kwargs)
           ^^^^^^^^^^^^^^^^^^^^^^^^^^^
  File "/media/data/omar/programming course/DEPI/DEPI project/anomx/venv/lib/python3.12/site-packages/airflow/operators/python.py", line 235, in execute
    return_value = self.execute_callable()
                   ^^^^^^^^^^^^^^^^^^^^^^^
  File "/media/data/omar/programming course/DEPI/DEPI project/anomx/venv/lib/python3.12/site-packages/airflow/operators/python.py", line 252, in execute_callable
    return self.python_callable(*self.op_args, **self.op_kwargs)
           ^^^^^^^^^^^^^^^^^^^^^^^^^^^^^^^^^^^^^^^^^^^^^^^^^^^^^
  File "/media/data/omar/programming course/DEPI/DEPI project/anomx/processing/spark_processor.py", line 21, in process_dataset
    .getOrCreate()
     ^^^^^^^^^^^^^
  File "/media/data/omar/programming course/DEPI/DEPI project/anomx/venv/lib/python3.12/site-packages/pyspark/sql/session.py", line 557, in getOrCreate
    sc = SparkContext.getOrCreate(sparkConf)
         ^^^^^^^^^^^^^^^^^^^^^^^^^^^^^^^^^^^
  File "/media/data/omar/programming course/DEPI/DEPI project/anomx/venv/lib/python3.12/site-packages/pyspark/core/context.py", line 542, in getOrCreate
    SparkContext(conf=conf or SparkConf())
  File "/media/data/omar/programming course/DEPI/DEPI project/anomx/venv/lib/python3.12/site-packages/pyspark/core/context.py", line 206, in __init__
    SparkContext._ensure_initialized(self, gateway=gateway, conf=conf)
  File "/media/data/omar/programming course/DEPI/DEPI project/anomx/venv/lib/python3.12/site-packages/pyspark/core/context.py", line 463, in _ensure_initialized
    SparkContext._gateway = gateway or launch_gateway(conf)
                                       ^^^^^^^^^^^^^^^^^^^^
  File "/media/data/omar/programming course/DEPI/DEPI project/anomx/venv/lib/python3.12/site-packages/pyspark/java_gateway.py", line 101, in launch_gateway
    proc = Popen(command, **popen_kwargs)
           ^^^^^^^^^^^^^^^^^^^^^^^^^^^^^^
  File "/usr/lib/python3.12/subprocess.py", line 1026, in __init__
    self._execute_child(args, executable, preexec_fn, close_fds,
  File "/usr/lib/python3.12/subprocess.py", line 1955, in _execute_child
    raise child_exception_type(errno_num, err_msg, err_filename)
FileNotFoundError: [Errno 2] No such file or directory: '/opt/spark/./bin/spark-submit'
[2026-06-24T12:40:58.766+0300] {taskinstance.py:1205} INFO - Marking task as FAILED. dag_id=anomx_pipeline, task_id=process_FD001, execution_date=20260623T000000, start_date=20260624T094058, end_date=20260624T094058
[2026-06-24T12:40:58.784+0300] {standard_task_runner.py:110} ERROR - Failed to execute job 14 for task process_FD001 ([Errno 2] No such file or directory: '/opt/spark/./bin/spark-submit'; 31263)
[2026-06-24T12:40:58.804+0300] {local_task_job_runner.py:240} INFO - Task exited with return code 1
[2026-06-24T12:40:58.816+0300] {taskinstance.py:3482} INFO - 0 downstream tasks scheduled from follow-on schedule check
[2026-06-24T12:40:58.817+0300] {local_task_job_runner.py:222} INFO - ::endgroup::
