[2026-06-22T02:55:23.647+0000] {local_task_job_runner.py:123} INFO - ::group::Pre task execution logs
[2026-06-22T02:55:23.663+0000] {taskinstance.py:2614} INFO - Dependencies all met for dep_context=non-requeueable deps ti=<TaskInstance: anomx_first_kafka_pipeline.check_kafka manual__2026-06-22T02:55:21.636004+00:00 [queued]>
[2026-06-22T02:55:23.671+0000] {taskinstance.py:2614} INFO - Dependencies all met for dep_context=requeueable deps ti=<TaskInstance: anomx_first_kafka_pipeline.check_kafka manual__2026-06-22T02:55:21.636004+00:00 [queued]>
[2026-06-22T02:55:23.672+0000] {taskinstance.py:2867} INFO - Starting attempt 1 of 1
[2026-06-22T02:55:23.683+0000] {taskinstance.py:2890} INFO - Executing <Task(PythonOperator): check_kafka> on 2026-06-22 02:55:21.636004+00:00
[2026-06-22T02:55:23.690+0000] {standard_task_runner.py:104} INFO - Running: ['***', 'tasks', 'run', 'anomx_first_kafka_pipeline', 'check_kafka', 'manual__2026-06-22T02:55:21.636004+00:00', '--job-id', '15', '--raw', '--subdir', 'DAGS_FOLDER/anomx_first_pipeline.py', '--cfg-path', '/tmp/tmpfcgp4ib7']
[2026-06-22T02:55:23.692+0000] {standard_task_runner.py:105} INFO - Job 15: Subtask check_kafka
[2026-06-22T02:55:23.692+0000] {logging_mixin.py:190} WARNING - /home/***/.local/lib/python3.12/site-packages/***/task/task_runner/standard_task_runner.py:70 DeprecationWarning: This process (pid=395) is multi-threaded, use of fork() may lead to deadlocks in the child.
[2026-06-22T02:55:23.693+0000] {standard_task_runner.py:72} INFO - Started process 396 to run task
[2026-06-22T02:55:23.742+0000] {task_command.py:467} INFO - Running <TaskInstance: anomx_first_kafka_pipeline.check_kafka manual__2026-06-22T02:55:21.636004+00:00 [running]> on host 05254a7375e1
[2026-06-22T02:55:23.802+0000] {taskinstance.py:3134} INFO - Exporting env vars: AIRFLOW_CTX_DAG_OWNER='anomx-phase3' AIRFLOW_CTX_DAG_ID='anomx_first_kafka_pipeline' AIRFLOW_CTX_TASK_ID='check_kafka' AIRFLOW_CTX_EXECUTION_DATE='2026-06-22T02:55:21.636004+00:00' AIRFLOW_CTX_TRY_NUMBER='1' AIRFLOW_CTX_DAG_RUN_ID='manual__2026-06-22T02:55:21.636004+00:00'
[2026-06-22T02:55:23.803+0000] {taskinstance.py:732} INFO - ::endgroup::
[2026-06-22T02:55:23.822+0000] {logging_mixin.py:190} INFO - Checking Kafka TCP connection: host.docker.internal:9092
[2026-06-22T02:55:23.832+0000] {taskinstance.py:3313} ERROR - Task failed with exception
Traceback (most recent call last):
  File "/opt/airflow/dags/anomx_first_pipeline.py", line 57, in check_kafka
    socket.create_connection((host, port), timeout=10).close()
    ^^^^^^^^^^^^^^^^^^^^^^^^^^^^^^^^^^^^^^^^^^^^^^^^^^
  File "/usr/local/lib/python3.12/socket.py", line 865, in create_connection
    raise exceptions[0]
  File "/usr/local/lib/python3.12/socket.py", line 850, in create_connection
    sock.connect(sa)
ConnectionRefusedError: [Errno 111] Connection refused

The above exception was the direct cause of the following exception:

Traceback (most recent call last):
  File "/home/airflow/.local/lib/python3.12/site-packages/airflow/models/taskinstance.py", line 768, in _execute_task
    result = _execute_callable(context=context, **execute_callable_kwargs)
             ^^^^^^^^^^^^^^^^^^^^^^^^^^^^^^^^^^^^^^^^^^^^^^^^^^^^^^^^^^^^^
  File "/home/airflow/.local/lib/python3.12/site-packages/airflow/models/taskinstance.py", line 734, in _execute_callable
    return ExecutionCallableRunner(
           ^^^^^^^^^^^^^^^^^^^^^^^^
  File "/home/airflow/.local/lib/python3.12/site-packages/airflow/utils/operator_helpers.py", line 252, in run
    return self.func(*args, **kwargs)
           ^^^^^^^^^^^^^^^^^^^^^^^^^^
  File "/home/airflow/.local/lib/python3.12/site-packages/airflow/models/baseoperator.py", line 424, in wrapper
    return func(self, *args, **kwargs)
           ^^^^^^^^^^^^^^^^^^^^^^^^^^^
  File "/home/airflow/.local/lib/python3.12/site-packages/airflow/operators/python.py", line 238, in execute
    return_value = self.execute_callable()
                   ^^^^^^^^^^^^^^^^^^^^^^^
  File "/home/airflow/.local/lib/python3.12/site-packages/airflow/operators/python.py", line 256, in execute_callable
    return runner.run(*self.op_args, **self.op_kwargs)
           ^^^^^^^^^^^^^^^^^^^^^^^^^^^^^^^^^^^^^^^^^^^
  File "/home/airflow/.local/lib/python3.12/site-packages/airflow/utils/operator_helpers.py", line 252, in run
    return self.func(*args, **kwargs)
           ^^^^^^^^^^^^^^^^^^^^^^^^^^
  File "/opt/airflow/dags/anomx_first_pipeline.py", line 59, in check_kafka
    raise AirflowFailException(
airflow.exceptions.AirflowFailException: Kafka TCP check failed at host.docker.internal:9092. Error: [Errno 111] Connection refused
[2026-06-22T02:55:23.847+0000] {taskinstance.py:1226} INFO - Immediate failure requested. Marking task as FAILED. dag_id=anomx_first_kafka_pipeline, task_id=check_kafka, run_id=manual__2026-06-22T02:55:21.636004+00:00, execution_date=20260622T025521, start_date=20260622T025523, end_date=20260622T025523
[2026-06-22T02:55:23.870+0000] {taskinstance.py:341} INFO - ::group::Post task execution logs
[2026-06-22T02:55:23.871+0000] {standard_task_runner.py:124} ERROR - Failed to execute job 15 for task check_kafka (Kafka TCP check failed at host.docker.internal:9092. Error: [Errno 111] Connection refused; 396)
Traceback (most recent call last):
  File "/opt/airflow/dags/anomx_first_pipeline.py", line 57, in check_kafka
    socket.create_connection((host, port), timeout=10).close()
    ^^^^^^^^^^^^^^^^^^^^^^^^^^^^^^^^^^^^^^^^^^^^^^^^^^
  File "/usr/local/lib/python3.12/socket.py", line 865, in create_connection
    raise exceptions[0]
  File "/usr/local/lib/python3.12/socket.py", line 850, in create_connection
    sock.connect(sa)
ConnectionRefusedError: [Errno 111] Connection refused

The above exception was the direct cause of the following exception:

Traceback (most recent call last):
  File "/home/airflow/.local/lib/python3.12/site-packages/airflow/task/task_runner/standard_task_runner.py", line 117, in _start_by_fork
    ret = args.func(args, dag=self.dag)
          ^^^^^^^^^^^^^^^^^^^^^^^^^^^^^
  File "/home/airflow/.local/lib/python3.12/site-packages/airflow/cli/cli_config.py", line 49, in command
    return func(*args, **kwargs)
           ^^^^^^^^^^^^^^^^^^^^^
  File "/home/airflow/.local/lib/python3.12/site-packages/airflow/utils/cli.py", line 116, in wrapper
    return f(*args, **kwargs)
           ^^^^^^^^^^^^^^^^^^
  File "/home/airflow/.local/lib/python3.12/site-packages/airflow/cli/commands/task_command.py", line 483, in task_run
    task_return_code = _run_task_by_selected_method(args, _dag, ti)
                       ^^^^^^^^^^^^^^^^^^^^^^^^^^^^^^^^^^^^^^^^^^^^
  File "/home/airflow/.local/lib/python3.12/site-packages/airflow/cli/commands/task_command.py", line 256, in _run_task_by_selected_method
    return _run_raw_task(args, ti)
           ^^^^^^^^^^^^^^^^^^^^^^^
  File "/home/airflow/.local/lib/python3.12/site-packages/airflow/cli/commands/task_command.py", line 341, in _run_raw_task
    return ti._run_raw_task(
           ^^^^^^^^^^^^^^^^^
  File "/home/airflow/.local/lib/python3.12/site-packages/airflow/utils/session.py", line 97, in wrapper
    return func(*args, session=session, **kwargs)
           ^^^^^^^^^^^^^^^^^^^^^^^^^^^^^^^^^^^^^^
  File "/home/airflow/.local/lib/python3.12/site-packages/airflow/models/taskinstance.py", line 3006, in _run_raw_task
    return _run_raw_task(
           ^^^^^^^^^^^^^^
  File "/home/airflow/.local/lib/python3.12/site-packages/airflow/models/taskinstance.py", line 274, in _run_raw_task
    TaskInstance._execute_task_with_callbacks(
  File "/home/airflow/.local/lib/python3.12/site-packages/airflow/models/taskinstance.py", line 3161, in _execute_task_with_callbacks
    result = self._execute_task(context, task_orig)
             ^^^^^^^^^^^^^^^^^^^^^^^^^^^^^^^^^^^^^^
  File "/home/airflow/.local/lib/python3.12/site-packages/airflow/models/taskinstance.py", line 3185, in _execute_task
    return _execute_task(self, context, task_orig)
           ^^^^^^^^^^^^^^^^^^^^^^^^^^^^^^^^^^^^^^^
  File "/home/airflow/.local/lib/python3.12/site-packages/airflow/models/taskinstance.py", line 768, in _execute_task
    result = _execute_callable(context=context, **execute_callable_kwargs)
             ^^^^^^^^^^^^^^^^^^^^^^^^^^^^^^^^^^^^^^^^^^^^^^^^^^^^^^^^^^^^^
  File "/home/airflow/.local/lib/python3.12/site-packages/airflow/models/taskinstance.py", line 734, in _execute_callable
    return ExecutionCallableRunner(
           ^^^^^^^^^^^^^^^^^^^^^^^^
  File "/home/airflow/.local/lib/python3.12/site-packages/airflow/utils/operator_helpers.py", line 252, in run
    return self.func(*args, **kwargs)
           ^^^^^^^^^^^^^^^^^^^^^^^^^^
  File "/home/airflow/.local/lib/python3.12/site-packages/airflow/models/baseoperator.py", line 424, in wrapper
    return func(self, *args, **kwargs)
           ^^^^^^^^^^^^^^^^^^^^^^^^^^^
  File "/home/airflow/.local/lib/python3.12/site-packages/airflow/operators/python.py", line 238, in execute
    return_value = self.execute_callable()
                   ^^^^^^^^^^^^^^^^^^^^^^^
  File "/home/airflow/.local/lib/python3.12/site-packages/airflow/operators/python.py", line 256, in execute_callable
    return runner.run(*self.op_args, **self.op_kwargs)
           ^^^^^^^^^^^^^^^^^^^^^^^^^^^^^^^^^^^^^^^^^^^
  File "/home/airflow/.local/lib/python3.12/site-packages/airflow/utils/operator_helpers.py", line 252, in run
    return self.func(*args, **kwargs)
           ^^^^^^^^^^^^^^^^^^^^^^^^^^
  File "/opt/airflow/dags/anomx_first_pipeline.py", line 59, in check_kafka
    raise AirflowFailException(
airflow.exceptions.AirflowFailException: Kafka TCP check failed at host.docker.internal:9092. Error: [Errno 111] Connection refused
[2026-06-22T02:55:23.909+0000] {local_task_job_runner.py:266} INFO - Task exited with return code 1
[2026-06-22T02:55:23.924+0000] {taskinstance.py:3901} INFO - 0 downstream tasks scheduled from follow-on schedule check
[2026-06-22T02:55:23.928+0000] {local_task_job_runner.py:245} INFO - ::endgroup::
