[2026-06-24T11:52:29.353+0300] {processor.py:161} INFO - Started process (PID=10687) to work on /media/data/omar/programming course/DEPI/DEPI project/anomx/venv/lib/python3.12/site-packages/airflow/example_dags/plugins/listener_plugin.py
[2026-06-24T11:52:29.354+0300] {processor.py:830} INFO - Processing file /media/data/omar/programming course/DEPI/DEPI project/anomx/venv/lib/python3.12/site-packages/airflow/example_dags/plugins/listener_plugin.py for tasks to queue
[2026-06-24T11:52:29.356+0300] {logging_mixin.py:188} INFO - [2026-06-24T11:52:29.356+0300] {dagbag.py:540} INFO - Filling up the DagBag from /media/data/omar/programming course/DEPI/DEPI project/anomx/venv/lib/python3.12/site-packages/airflow/example_dags/plugins/listener_plugin.py
[2026-06-24T11:52:29.362+0300] {processor.py:842} WARNING - No viable dags retrieved from /media/data/omar/programming course/DEPI/DEPI project/anomx/venv/lib/python3.12/site-packages/airflow/example_dags/plugins/listener_plugin.py
[2026-06-24T11:52:29.378+0300] {processor.py:183} INFO - Processing /media/data/omar/programming course/DEPI/DEPI project/anomx/venv/lib/python3.12/site-packages/airflow/example_dags/plugins/listener_plugin.py took 0.033 seconds
[2026-06-24T11:54:05.144+0300] {processor.py:161} INFO - Started process (PID=11653) to work on /media/data/omar/programming course/DEPI/DEPI project/anomx/venv/lib/python3.12/site-packages/airflow/example_dags/plugins/listener_plugin.py
[2026-06-24T11:54:05.145+0300] {processor.py:830} INFO - Processing file /media/data/omar/programming course/DEPI/DEPI project/anomx/venv/lib/python3.12/site-packages/airflow/example_dags/plugins/listener_plugin.py for tasks to queue
[2026-06-24T11:54:05.147+0300] {logging_mixin.py:188} INFO - [2026-06-24T11:54:05.147+0300] {dagbag.py:540} INFO - Filling up the DagBag from /media/data/omar/programming course/DEPI/DEPI project/anomx/venv/lib/python3.12/site-packages/airflow/example_dags/plugins/listener_plugin.py
[2026-06-24T11:54:05.156+0300] {processor.py:842} WARNING - No viable dags retrieved from /media/data/omar/programming course/DEPI/DEPI project/anomx/venv/lib/python3.12/site-packages/airflow/example_dags/plugins/listener_plugin.py
[2026-06-24T11:54:05.172+0300] {processor.py:183} INFO - Processing /media/data/omar/programming course/DEPI/DEPI project/anomx/venv/lib/python3.12/site-packages/airflow/example_dags/plugins/listener_plugin.py took 0.039 seconds
[2026-06-24T11:55:06.499+0300] {processor.py:161} INFO - Started process (PID=12419) to work on /media/data/omar/programming course/DEPI/DEPI project/anomx/venv/lib/python3.12/site-packages/airflow/example_dags/plugins/listener_plugin.py
[2026-06-24T11:55:06.501+0300] {processor.py:830} INFO - Processing file /media/data/omar/programming course/DEPI/DEPI project/anomx/venv/lib/python3.12/site-packages/airflow/example_dags/plugins/listener_plugin.py for tasks to queue
[2026-06-24T11:55:06.505+0300] {logging_mixin.py:188} INFO - [2026-06-24T11:55:06.504+0300] {dagbag.py:540} INFO - Filling up the DagBag from /media/data/omar/programming course/DEPI/DEPI project/anomx/venv/lib/python3.12/site-packages/airflow/example_dags/plugins/listener_plugin.py
[2026-06-24T11:55:06.514+0300] {processor.py:842} WARNING - No viable dags retrieved from /media/data/omar/programming course/DEPI/DEPI project/anomx/venv/lib/python3.12/site-packages/airflow/example_dags/plugins/listener_plugin.py
[2026-06-24T11:55:06.550+0300] {processor.py:183} INFO - Processing /media/data/omar/programming course/DEPI/DEPI project/anomx/venv/lib/python3.12/site-packages/airflow/example_dags/plugins/listener_plugin.py took 0.070 seconds
[2026-06-24T11:55:46.366+0300] {processor.py:161} INFO - Started process (PID=12864) to work on /media/data/omar/programming course/DEPI/DEPI project/anomx/venv/lib/python3.12/site-packages/airflow/example_dags/plugins/listener_plugin.py
[2026-06-24T11:55:46.367+0300] {processor.py:830} INFO - Processing file /media/data/omar/programming course/DEPI/DEPI project/anomx/venv/lib/python3.12/site-packages/airflow/example_dags/plugins/listener_plugin.py for tasks to queue
[2026-06-24T11:55:46.368+0300] {logging_mixin.py:188} INFO - [2026-06-24T11:55:46.368+0300] {dagbag.py:540} INFO - Filling up the DagBag from /media/data/omar/programming course/DEPI/DEPI project/anomx/venv/lib/python3.12/site-packages/airflow/example_dags/plugins/listener_plugin.py
[2026-06-24T11:55:46.372+0300] {processor.py:842} WARNING - No viable dags retrieved from /media/data/omar/programming course/DEPI/DEPI project/anomx/venv/lib/python3.12/site-packages/airflow/example_dags/plugins/listener_plugin.py
[2026-06-24T11:55:46.382+0300] {processor.py:183} INFO - Processing /media/data/omar/programming course/DEPI/DEPI project/anomx/venv/lib/python3.12/site-packages/airflow/example_dags/plugins/listener_plugin.py took 0.022 seconds
[2026-06-24T11:56:38.607+0300] {processor.py:161} INFO - Started process (PID=13229) to work on /media/data/omar/programming course/DEPI/DEPI project/anomx/venv/lib/python3.12/site-packages/airflow/example_dags/plugins/listener_plugin.py
[2026-06-24T11:56:38.608+0300] {processor.py:830} INFO - Processing file /media/data/omar/programming course/DEPI/DEPI project/anomx/venv/lib/python3.12/site-packages/airflow/example_dags/plugins/listener_plugin.py for tasks to queue
[2026-06-24T11:56:38.609+0300] {logging_mixin.py:188} INFO - [2026-06-24T11:56:38.609+0300] {dagbag.py:540} INFO - Filling up the DagBag from /media/data/omar/programming course/DEPI/DEPI project/anomx/venv/lib/python3.12/site-packages/airflow/example_dags/plugins/listener_plugin.py
[2026-06-24T11:56:38.613+0300] {processor.py:842} WARNING - No viable dags retrieved from /media/data/omar/programming course/DEPI/DEPI project/anomx/venv/lib/python3.12/site-packages/airflow/example_dags/plugins/listener_plugin.py
[2026-06-24T11:56:38.624+0300] {processor.py:183} INFO - Processing /media/data/omar/programming course/DEPI/DEPI project/anomx/venv/lib/python3.12/site-packages/airflow/example_dags/plugins/listener_plugin.py took 0.022 seconds
[2026-06-24T11:57:29.723+0300] {processor.py:161} INFO - Started process (PID=13531) to work on /media/data/omar/programming course/DEPI/DEPI project/anomx/venv/lib/python3.12/site-packages/airflow/example_dags/plugins/listener_plugin.py
[2026-06-24T11:57:29.724+0300] {processor.py:830} INFO - Processing file /media/data/omar/programming course/DEPI/DEPI project/anomx/venv/lib/python3.12/site-packages/airflow/example_dags/plugins/listener_plugin.py for tasks to queue
[2026-06-24T11:57:29.726+0300] {logging_mixin.py:188} INFO - [2026-06-24T11:57:29.726+0300] {dagbag.py:540} INFO - Filling up the DagBag from /media/data/omar/programming course/DEPI/DEPI project/anomx/venv/lib/python3.12/site-packages/airflow/example_dags/plugins/listener_plugin.py
[2026-06-24T11:57:29.731+0300] {processor.py:842} WARNING - No viable dags retrieved from /media/data/omar/programming course/DEPI/DEPI project/anomx/venv/lib/python3.12/site-packages/airflow/example_dags/plugins/listener_plugin.py
[2026-06-24T11:57:29.743+0300] {processor.py:183} INFO - Processing /media/data/omar/programming course/DEPI/DEPI project/anomx/venv/lib/python3.12/site-packages/airflow/example_dags/plugins/listener_plugin.py took 0.028 seconds
[2026-06-24T11:58:27.400+0300] {processor.py:161} INFO - Started process (PID=14294) to work on /media/data/omar/programming course/DEPI/DEPI project/anomx/venv/lib/python3.12/site-packages/airflow/example_dags/plugins/listener_plugin.py
[2026-06-24T11:58:27.401+0300] {processor.py:830} INFO - Processing file /media/data/omar/programming course/DEPI/DEPI project/anomx/venv/lib/python3.12/site-packages/airflow/example_dags/plugins/listener_plugin.py for tasks to queue
[2026-06-24T11:58:27.403+0300] {logging_mixin.py:188} INFO - [2026-06-24T11:58:27.403+0300] {dagbag.py:540} INFO - Filling up the DagBag from /media/data/omar/programming course/DEPI/DEPI project/anomx/venv/lib/python3.12/site-packages/airflow/example_dags/plugins/listener_plugin.py
[2026-06-24T11:58:27.410+0300] {processor.py:842} WARNING - No viable dags retrieved from /media/data/omar/programming course/DEPI/DEPI project/anomx/venv/lib/python3.12/site-packages/airflow/example_dags/plugins/listener_plugin.py
[2026-06-24T11:58:27.428+0300] {processor.py:183} INFO - Processing /media/data/omar/programming course/DEPI/DEPI project/anomx/venv/lib/python3.12/site-packages/airflow/example_dags/plugins/listener_plugin.py took 0.037 seconds
[2026-06-24T12:36:15.922+0300] {processor.py:161} INFO - Started process (PID=28454) to work on /media/data/omar/programming course/DEPI/DEPI project/anomx/venv/lib/python3.12/site-packages/airflow/example_dags/plugins/listener_plugin.py
[2026-06-24T12:36:15.924+0300] {processor.py:830} INFO - Processing file /media/data/omar/programming course/DEPI/DEPI project/anomx/venv/lib/python3.12/site-packages/airflow/example_dags/plugins/listener_plugin.py for tasks to queue
[2026-06-24T12:36:15.927+0300] {logging_mixin.py:188} INFO - [2026-06-24T12:36:15.926+0300] {dagbag.py:540} INFO - Filling up the DagBag from /media/data/omar/programming course/DEPI/DEPI project/anomx/venv/lib/python3.12/site-packages/airflow/example_dags/plugins/listener_plugin.py
[2026-06-24T12:36:15.935+0300] {processor.py:842} WARNING - No viable dags retrieved from /media/data/omar/programming course/DEPI/DEPI project/anomx/venv/lib/python3.12/site-packages/airflow/example_dags/plugins/listener_plugin.py
[2026-06-24T12:36:15.947+0300] {processor.py:183} INFO - Processing /media/data/omar/programming course/DEPI/DEPI project/anomx/venv/lib/python3.12/site-packages/airflow/example_dags/plugins/listener_plugin.py took 0.045 seconds
[2026-06-24T12:37:07.789+0300] {processor.py:161} INFO - Started process (PID=29043) to work on /media/data/omar/programming course/DEPI/DEPI project/anomx/venv/lib/python3.12/site-packages/airflow/example_dags/plugins/listener_plugin.py
[2026-06-24T12:37:07.790+0300] {processor.py:830} INFO - Processing file /media/data/omar/programming course/DEPI/DEPI project/anomx/venv/lib/python3.12/site-packages/airflow/example_dags/plugins/listener_plugin.py for tasks to queue
[2026-06-24T12:37:07.791+0300] {logging_mixin.py:188} INFO - [2026-06-24T12:37:07.790+0300] {dagbag.py:540} INFO - Filling up the DagBag from /media/data/omar/programming course/DEPI/DEPI project/anomx/venv/lib/python3.12/site-packages/airflow/example_dags/plugins/listener_plugin.py
[2026-06-24T12:37:07.795+0300] {processor.py:842} WARNING - No viable dags retrieved from /media/data/omar/programming course/DEPI/DEPI project/anomx/venv/lib/python3.12/site-packages/airflow/example_dags/plugins/listener_plugin.py
[2026-06-24T12:37:07.804+0300] {processor.py:183} INFO - Processing /media/data/omar/programming course/DEPI/DEPI project/anomx/venv/lib/python3.12/site-packages/airflow/example_dags/plugins/listener_plugin.py took 0.020 seconds
[2026-06-24T12:37:56.776+0300] {processor.py:161} INFO - Started process (PID=29511) to work on /media/data/omar/programming course/DEPI/DEPI project/anomx/venv/lib/python3.12/site-packages/airflow/example_dags/plugins/listener_plugin.py
[2026-06-24T12:37:56.779+0300] {processor.py:830} INFO - Processing file /media/data/omar/programming course/DEPI/DEPI project/anomx/venv/lib/python3.12/site-packages/airflow/example_dags/plugins/listener_plugin.py for tasks to queue
[2026-06-24T12:37:56.782+0300] {logging_mixin.py:188} INFO - [2026-06-24T12:37:56.780+0300] {dagbag.py:540} INFO - Filling up the DagBag from /media/data/omar/programming course/DEPI/DEPI project/anomx/venv/lib/python3.12/site-packages/airflow/example_dags/plugins/listener_plugin.py
[2026-06-24T12:37:56.792+0300] {processor.py:842} WARNING - No viable dags retrieved from /media/data/omar/programming course/DEPI/DEPI project/anomx/venv/lib/python3.12/site-packages/airflow/example_dags/plugins/listener_plugin.py
[2026-06-24T12:37:56.806+0300] {processor.py:183} INFO - Processing /media/data/omar/programming course/DEPI/DEPI project/anomx/venv/lib/python3.12/site-packages/airflow/example_dags/plugins/listener_plugin.py took 0.047 seconds
[2026-06-24T12:38:43.295+0300] {processor.py:161} INFO - Started process (PID=30042) to work on /media/data/omar/programming course/DEPI/DEPI project/anomx/venv/lib/python3.12/site-packages/airflow/example_dags/plugins/listener_plugin.py
[2026-06-24T12:38:43.296+0300] {processor.py:830} INFO - Processing file /media/data/omar/programming course/DEPI/DEPI project/anomx/venv/lib/python3.12/site-packages/airflow/example_dags/plugins/listener_plugin.py for tasks to queue
[2026-06-24T12:38:43.297+0300] {logging_mixin.py:188} INFO - [2026-06-24T12:38:43.297+0300] {dagbag.py:540} INFO - Filling up the DagBag from /media/data/omar/programming course/DEPI/DEPI project/anomx/venv/lib/python3.12/site-packages/airflow/example_dags/plugins/listener_plugin.py
[2026-06-24T12:38:43.301+0300] {processor.py:842} WARNING - No viable dags retrieved from /media/data/omar/programming course/DEPI/DEPI project/anomx/venv/lib/python3.12/site-packages/airflow/example_dags/plugins/listener_plugin.py
[2026-06-24T12:38:43.311+0300] {processor.py:183} INFO - Processing /media/data/omar/programming course/DEPI/DEPI project/anomx/venv/lib/python3.12/site-packages/airflow/example_dags/plugins/listener_plugin.py took 0.021 seconds
[2026-06-24T12:39:29.909+0300] {processor.py:161} INFO - Started process (PID=30393) to work on /media/data/omar/programming course/DEPI/DEPI project/anomx/venv/lib/python3.12/site-packages/airflow/example_dags/plugins/listener_plugin.py
[2026-06-24T12:39:29.910+0300] {processor.py:830} INFO - Processing file /media/data/omar/programming course/DEPI/DEPI project/anomx/venv/lib/python3.12/site-packages/airflow/example_dags/plugins/listener_plugin.py for tasks to queue
[2026-06-24T12:39:29.911+0300] {logging_mixin.py:188} INFO - [2026-06-24T12:39:29.911+0300] {dagbag.py:540} INFO - Filling up the DagBag from /media/data/omar/programming course/DEPI/DEPI project/anomx/venv/lib/python3.12/site-packages/airflow/example_dags/plugins/listener_plugin.py
[2026-06-24T12:39:29.916+0300] {processor.py:842} WARNING - No viable dags retrieved from /media/data/omar/programming course/DEPI/DEPI project/anomx/venv/lib/python3.12/site-packages/airflow/example_dags/plugins/listener_plugin.py
[2026-06-24T12:39:29.927+0300] {processor.py:183} INFO - Processing /media/data/omar/programming course/DEPI/DEPI project/anomx/venv/lib/python3.12/site-packages/airflow/example_dags/plugins/listener_plugin.py took 0.023 seconds
[2026-06-24T12:40:14.659+0300] {processor.py:161} INFO - Started process (PID=30924) to work on /media/data/omar/programming course/DEPI/DEPI project/anomx/venv/lib/python3.12/site-packages/airflow/example_dags/plugins/listener_plugin.py
[2026-06-24T12:40:14.660+0300] {processor.py:830} INFO - Processing file /media/data/omar/programming course/DEPI/DEPI project/anomx/venv/lib/python3.12/site-packages/airflow/example_dags/plugins/listener_plugin.py for tasks to queue
[2026-06-24T12:40:14.661+0300] {logging_mixin.py:188} INFO - [2026-06-24T12:40:14.660+0300] {dagbag.py:540} INFO - Filling up the DagBag from /media/data/omar/programming course/DEPI/DEPI project/anomx/venv/lib/python3.12/site-packages/airflow/example_dags/plugins/listener_plugin.py
[2026-06-24T12:40:14.665+0300] {processor.py:842} WARNING - No viable dags retrieved from /media/data/omar/programming course/DEPI/DEPI project/anomx/venv/lib/python3.12/site-packages/airflow/example_dags/plugins/listener_plugin.py
[2026-06-24T12:40:14.675+0300] {processor.py:183} INFO - Processing /media/data/omar/programming course/DEPI/DEPI project/anomx/venv/lib/python3.12/site-packages/airflow/example_dags/plugins/listener_plugin.py took 0.021 seconds
[2026-06-24T12:41:09.280+0300] {processor.py:161} INFO - Started process (PID=31353) to work on /media/data/omar/programming course/DEPI/DEPI project/anomx/venv/lib/python3.12/site-packages/airflow/example_dags/plugins/listener_plugin.py
[2026-06-24T12:41:09.280+0300] {processor.py:830} INFO - Processing file /media/data/omar/programming course/DEPI/DEPI project/anomx/venv/lib/python3.12/site-packages/airflow/example_dags/plugins/listener_plugin.py for tasks to queue
[2026-06-24T12:41:09.281+0300] {logging_mixin.py:188} INFO - [2026-06-24T12:41:09.281+0300] {dagbag.py:540} INFO - Filling up the DagBag from /media/data/omar/programming course/DEPI/DEPI project/anomx/venv/lib/python3.12/site-packages/airflow/example_dags/plugins/listener_plugin.py
[2026-06-24T12:41:09.287+0300] {processor.py:842} WARNING - No viable dags retrieved from /media/data/omar/programming course/DEPI/DEPI project/anomx/venv/lib/python3.12/site-packages/airflow/example_dags/plugins/listener_plugin.py
[2026-06-24T12:41:09.302+0300] {processor.py:183} INFO - Processing /media/data/omar/programming course/DEPI/DEPI project/anomx/venv/lib/python3.12/site-packages/airflow/example_dags/plugins/listener_plugin.py took 0.028 seconds
[2026-06-24T12:41:46.084+0300] {processor.py:161} INFO - Started process (PID=31728) to work on /media/data/omar/programming course/DEPI/DEPI project/anomx/venv/lib/python3.12/site-packages/airflow/example_dags/plugins/listener_plugin.py
[2026-06-24T12:41:46.084+0300] {processor.py:830} INFO - Processing file /media/data/omar/programming course/DEPI/DEPI project/anomx/venv/lib/python3.12/site-packages/airflow/example_dags/plugins/listener_plugin.py for tasks to queue
[2026-06-24T12:41:46.086+0300] {logging_mixin.py:188} INFO - [2026-06-24T12:41:46.085+0300] {dagbag.py:540} INFO - Filling up the DagBag from /media/data/omar/programming course/DEPI/DEPI project/anomx/venv/lib/python3.12/site-packages/airflow/example_dags/plugins/listener_plugin.py
[2026-06-24T12:41:46.090+0300] {processor.py:842} WARNING - No viable dags retrieved from /media/data/omar/programming course/DEPI/DEPI project/anomx/venv/lib/python3.12/site-packages/airflow/example_dags/plugins/listener_plugin.py
[2026-06-24T12:41:46.103+0300] {processor.py:183} INFO - Processing /media/data/omar/programming course/DEPI/DEPI project/anomx/venv/lib/python3.12/site-packages/airflow/example_dags/plugins/listener_plugin.py took 0.025 seconds
[2026-06-24T12:42:38.940+0300] {processor.py:161} INFO - Started process (PID=32202) to work on /media/data/omar/programming course/DEPI/DEPI project/anomx/venv/lib/python3.12/site-packages/airflow/example_dags/plugins/listener_plugin.py
[2026-06-24T12:42:38.941+0300] {processor.py:830} INFO - Processing file /media/data/omar/programming course/DEPI/DEPI project/anomx/venv/lib/python3.12/site-packages/airflow/example_dags/plugins/listener_plugin.py for tasks to queue
[2026-06-24T12:42:38.943+0300] {logging_mixin.py:188} INFO - [2026-06-24T12:42:38.942+0300] {dagbag.py:540} INFO - Filling up the DagBag from /media/data/omar/programming course/DEPI/DEPI project/anomx/venv/lib/python3.12/site-packages/airflow/example_dags/plugins/listener_plugin.py
[2026-06-24T12:42:38.948+0300] {processor.py:842} WARNING - No viable dags retrieved from /media/data/omar/programming course/DEPI/DEPI project/anomx/venv/lib/python3.12/site-packages/airflow/example_dags/plugins/listener_plugin.py
[2026-06-24T12:42:38.960+0300] {processor.py:183} INFO - Processing /media/data/omar/programming course/DEPI/DEPI project/anomx/venv/lib/python3.12/site-packages/airflow/example_dags/plugins/listener_plugin.py took 0.029 seconds
[2026-06-24T12:43:31.269+0300] {processor.py:161} INFO - Started process (PID=32748) to work on /media/data/omar/programming course/DEPI/DEPI project/anomx/venv/lib/python3.12/site-packages/airflow/example_dags/plugins/listener_plugin.py
[2026-06-24T12:43:31.269+0300] {processor.py:830} INFO - Processing file /media/data/omar/programming course/DEPI/DEPI project/anomx/venv/lib/python3.12/site-packages/airflow/example_dags/plugins/listener_plugin.py for tasks to queue
[2026-06-24T12:43:31.270+0300] {logging_mixin.py:188} INFO - [2026-06-24T12:43:31.270+0300] {dagbag.py:540} INFO - Filling up the DagBag from /media/data/omar/programming course/DEPI/DEPI project/anomx/venv/lib/python3.12/site-packages/airflow/example_dags/plugins/listener_plugin.py
[2026-06-24T12:43:31.274+0300] {processor.py:842} WARNING - No viable dags retrieved from /media/data/omar/programming course/DEPI/DEPI project/anomx/venv/lib/python3.12/site-packages/airflow/example_dags/plugins/listener_plugin.py
[2026-06-24T12:43:31.285+0300] {processor.py:183} INFO - Processing /media/data/omar/programming course/DEPI/DEPI project/anomx/venv/lib/python3.12/site-packages/airflow/example_dags/plugins/listener_plugin.py took 0.021 seconds
[2026-06-24T12:44:21.096+0300] {processor.py:161} INFO - Started process (PID=33154) to work on /media/data/omar/programming course/DEPI/DEPI project/anomx/venv/lib/python3.12/site-packages/airflow/example_dags/plugins/listener_plugin.py
[2026-06-24T12:44:21.098+0300] {processor.py:830} INFO - Processing file /media/data/omar/programming course/DEPI/DEPI project/anomx/venv/lib/python3.12/site-packages/airflow/example_dags/plugins/listener_plugin.py for tasks to queue
[2026-06-24T12:44:21.099+0300] {logging_mixin.py:188} INFO - [2026-06-24T12:44:21.098+0300] {dagbag.py:540} INFO - Filling up the DagBag from /media/data/omar/programming course/DEPI/DEPI project/anomx/venv/lib/python3.12/site-packages/airflow/example_dags/plugins/listener_plugin.py
[2026-06-24T12:44:21.104+0300] {processor.py:842} WARNING - No viable dags retrieved from /media/data/omar/programming course/DEPI/DEPI project/anomx/venv/lib/python3.12/site-packages/airflow/example_dags/plugins/listener_plugin.py
[2026-06-24T12:44:21.117+0300] {processor.py:183} INFO - Processing /media/data/omar/programming course/DEPI/DEPI project/anomx/venv/lib/python3.12/site-packages/airflow/example_dags/plugins/listener_plugin.py took 0.027 seconds
[2026-06-24T12:45:10.224+0300] {processor.py:161} INFO - Started process (PID=33661) to work on /media/data/omar/programming course/DEPI/DEPI project/anomx/venv/lib/python3.12/site-packages/airflow/example_dags/plugins/listener_plugin.py
[2026-06-24T12:45:10.226+0300] {processor.py:830} INFO - Processing file /media/data/omar/programming course/DEPI/DEPI project/anomx/venv/lib/python3.12/site-packages/airflow/example_dags/plugins/listener_plugin.py for tasks to queue
[2026-06-24T12:45:10.228+0300] {logging_mixin.py:188} INFO - [2026-06-24T12:45:10.227+0300] {dagbag.py:540} INFO - Filling up the DagBag from /media/data/omar/programming course/DEPI/DEPI project/anomx/venv/lib/python3.12/site-packages/airflow/example_dags/plugins/listener_plugin.py
[2026-06-24T12:45:10.236+0300] {processor.py:842} WARNING - No viable dags retrieved from /media/data/omar/programming course/DEPI/DEPI project/anomx/venv/lib/python3.12/site-packages/airflow/example_dags/plugins/listener_plugin.py
[2026-06-24T12:45:10.251+0300] {processor.py:183} INFO - Processing /media/data/omar/programming course/DEPI/DEPI project/anomx/venv/lib/python3.12/site-packages/airflow/example_dags/plugins/listener_plugin.py took 0.043 seconds
[2026-06-24T12:45:59.443+0300] {processor.py:161} INFO - Started process (PID=34068) to work on /media/data/omar/programming course/DEPI/DEPI project/anomx/venv/lib/python3.12/site-packages/airflow/example_dags/plugins/listener_plugin.py
[2026-06-24T12:45:59.444+0300] {processor.py:830} INFO - Processing file /media/data/omar/programming course/DEPI/DEPI project/anomx/venv/lib/python3.12/site-packages/airflow/example_dags/plugins/listener_plugin.py for tasks to queue
[2026-06-24T12:45:59.445+0300] {logging_mixin.py:188} INFO - [2026-06-24T12:45:59.445+0300] {dagbag.py:540} INFO - Filling up the DagBag from /media/data/omar/programming course/DEPI/DEPI project/anomx/venv/lib/python3.12/site-packages/airflow/example_dags/plugins/listener_plugin.py
[2026-06-24T12:45:59.450+0300] {processor.py:842} WARNING - No viable dags retrieved from /media/data/omar/programming course/DEPI/DEPI project/anomx/venv/lib/python3.12/site-packages/airflow/example_dags/plugins/listener_plugin.py
[2026-06-24T12:45:59.460+0300] {processor.py:183} INFO - Processing /media/data/omar/programming course/DEPI/DEPI project/anomx/venv/lib/python3.12/site-packages/airflow/example_dags/plugins/listener_plugin.py took 0.022 seconds
[2026-06-24T12:46:49.123+0300] {processor.py:161} INFO - Started process (PID=34596) to work on /media/data/omar/programming course/DEPI/DEPI project/anomx/venv/lib/python3.12/site-packages/airflow/example_dags/plugins/listener_plugin.py
[2026-06-24T12:46:49.124+0300] {processor.py:830} INFO - Processing file /media/data/omar/programming course/DEPI/DEPI project/anomx/venv/lib/python3.12/site-packages/airflow/example_dags/plugins/listener_plugin.py for tasks to queue
[2026-06-24T12:46:49.126+0300] {logging_mixin.py:188} INFO - [2026-06-24T12:46:49.125+0300] {dagbag.py:540} INFO - Filling up the DagBag from /media/data/omar/programming course/DEPI/DEPI project/anomx/venv/lib/python3.12/site-packages/airflow/example_dags/plugins/listener_plugin.py
[2026-06-24T12:46:49.133+0300] {processor.py:842} WARNING - No viable dags retrieved from /media/data/omar/programming course/DEPI/DEPI project/anomx/venv/lib/python3.12/site-packages/airflow/example_dags/plugins/listener_plugin.py
[2026-06-24T12:46:49.158+0300] {processor.py:183} INFO - Processing /media/data/omar/programming course/DEPI/DEPI project/anomx/venv/lib/python3.12/site-packages/airflow/example_dags/plugins/listener_plugin.py took 0.044 seconds
[2026-06-24T12:47:42.859+0300] {processor.py:161} INFO - Started process (PID=34998) to work on /media/data/omar/programming course/DEPI/DEPI project/anomx/venv/lib/python3.12/site-packages/airflow/example_dags/plugins/listener_plugin.py
[2026-06-24T12:47:42.861+0300] {processor.py:830} INFO - Processing file /media/data/omar/programming course/DEPI/DEPI project/anomx/venv/lib/python3.12/site-packages/airflow/example_dags/plugins/listener_plugin.py for tasks to queue
[2026-06-24T12:47:42.862+0300] {logging_mixin.py:188} INFO - [2026-06-24T12:47:42.862+0300] {dagbag.py:540} INFO - Filling up the DagBag from /media/data/omar/programming course/DEPI/DEPI project/anomx/venv/lib/python3.12/site-packages/airflow/example_dags/plugins/listener_plugin.py
[2026-06-24T12:47:42.868+0300] {processor.py:842} WARNING - No viable dags retrieved from /media/data/omar/programming course/DEPI/DEPI project/anomx/venv/lib/python3.12/site-packages/airflow/example_dags/plugins/listener_plugin.py
[2026-06-24T12:47:42.881+0300] {processor.py:183} INFO - Processing /media/data/omar/programming course/DEPI/DEPI project/anomx/venv/lib/python3.12/site-packages/airflow/example_dags/plugins/listener_plugin.py took 0.030 seconds
[2026-06-24T12:48:36.549+0300] {processor.py:161} INFO - Started process (PID=35577) to work on /media/data/omar/programming course/DEPI/DEPI project/anomx/venv/lib/python3.12/site-packages/airflow/example_dags/plugins/listener_plugin.py
[2026-06-24T12:48:36.550+0300] {processor.py:830} INFO - Processing file /media/data/omar/programming course/DEPI/DEPI project/anomx/venv/lib/python3.12/site-packages/airflow/example_dags/plugins/listener_plugin.py for tasks to queue
[2026-06-24T12:48:36.551+0300] {logging_mixin.py:188} INFO - [2026-06-24T12:48:36.550+0300] {dagbag.py:540} INFO - Filling up the DagBag from /media/data/omar/programming course/DEPI/DEPI project/anomx/venv/lib/python3.12/site-packages/airflow/example_dags/plugins/listener_plugin.py
[2026-06-24T12:48:36.556+0300] {processor.py:842} WARNING - No viable dags retrieved from /media/data/omar/programming course/DEPI/DEPI project/anomx/venv/lib/python3.12/site-packages/airflow/example_dags/plugins/listener_plugin.py
[2026-06-24T12:48:36.567+0300] {processor.py:183} INFO - Processing /media/data/omar/programming course/DEPI/DEPI project/anomx/venv/lib/python3.12/site-packages/airflow/example_dags/plugins/listener_plugin.py took 0.023 seconds
[2026-06-24T12:49:28.746+0300] {processor.py:161} INFO - Started process (PID=35968) to work on /media/data/omar/programming course/DEPI/DEPI project/anomx/venv/lib/python3.12/site-packages/airflow/example_dags/plugins/listener_plugin.py
[2026-06-24T12:49:28.747+0300] {processor.py:830} INFO - Processing file /media/data/omar/programming course/DEPI/DEPI project/anomx/venv/lib/python3.12/site-packages/airflow/example_dags/plugins/listener_plugin.py for tasks to queue
[2026-06-24T12:49:28.748+0300] {logging_mixin.py:188} INFO - [2026-06-24T12:49:28.748+0300] {dagbag.py:540} INFO - Filling up the DagBag from /media/data/omar/programming course/DEPI/DEPI project/anomx/venv/lib/python3.12/site-packages/airflow/example_dags/plugins/listener_plugin.py
[2026-06-24T12:49:28.753+0300] {processor.py:842} WARNING - No viable dags retrieved from /media/data/omar/programming course/DEPI/DEPI project/anomx/venv/lib/python3.12/site-packages/airflow/example_dags/plugins/listener_plugin.py
[2026-06-24T12:49:28.766+0300] {processor.py:183} INFO - Processing /media/data/omar/programming course/DEPI/DEPI project/anomx/venv/lib/python3.12/site-packages/airflow/example_dags/plugins/listener_plugin.py took 0.026 seconds
[2026-06-24T12:50:23.988+0300] {processor.py:161} INFO - Started process (PID=36555) to work on /media/data/omar/programming course/DEPI/DEPI project/anomx/venv/lib/python3.12/site-packages/airflow/example_dags/plugins/listener_plugin.py
[2026-06-24T12:50:23.989+0300] {processor.py:830} INFO - Processing file /media/data/omar/programming course/DEPI/DEPI project/anomx/venv/lib/python3.12/site-packages/airflow/example_dags/plugins/listener_plugin.py for tasks to queue
[2026-06-24T12:50:23.990+0300] {logging_mixin.py:188} INFO - [2026-06-24T12:50:23.990+0300] {dagbag.py:540} INFO - Filling up the DagBag from /media/data/omar/programming course/DEPI/DEPI project/anomx/venv/lib/python3.12/site-packages/airflow/example_dags/plugins/listener_plugin.py
[2026-06-24T12:50:23.995+0300] {processor.py:842} WARNING - No viable dags retrieved from /media/data/omar/programming course/DEPI/DEPI project/anomx/venv/lib/python3.12/site-packages/airflow/example_dags/plugins/listener_plugin.py
[2026-06-24T12:50:24.006+0300] {processor.py:183} INFO - Processing /media/data/omar/programming course/DEPI/DEPI project/anomx/venv/lib/python3.12/site-packages/airflow/example_dags/plugins/listener_plugin.py took 0.027 seconds
[2026-06-24T12:51:17.070+0300] {processor.py:161} INFO - Started process (PID=36963) to work on /media/data/omar/programming course/DEPI/DEPI project/anomx/venv/lib/python3.12/site-packages/airflow/example_dags/plugins/listener_plugin.py
[2026-06-24T12:51:17.073+0300] {processor.py:830} INFO - Processing file /media/data/omar/programming course/DEPI/DEPI project/anomx/venv/lib/python3.12/site-packages/airflow/example_dags/plugins/listener_plugin.py for tasks to queue
[2026-06-24T12:51:17.075+0300] {logging_mixin.py:188} INFO - [2026-06-24T12:51:17.074+0300] {dagbag.py:540} INFO - Filling up the DagBag from /media/data/omar/programming course/DEPI/DEPI project/anomx/venv/lib/python3.12/site-packages/airflow/example_dags/plugins/listener_plugin.py
[2026-06-24T12:51:17.084+0300] {processor.py:842} WARNING - No viable dags retrieved from /media/data/omar/programming course/DEPI/DEPI project/anomx/venv/lib/python3.12/site-packages/airflow/example_dags/plugins/listener_plugin.py
[2026-06-24T12:51:17.101+0300] {processor.py:183} INFO - Processing /media/data/omar/programming course/DEPI/DEPI project/anomx/venv/lib/python3.12/site-packages/airflow/example_dags/plugins/listener_plugin.py took 0.050 seconds
[2026-06-24T12:52:09.616+0300] {processor.py:161} INFO - Started process (PID=37539) to work on /media/data/omar/programming course/DEPI/DEPI project/anomx/venv/lib/python3.12/site-packages/airflow/example_dags/plugins/listener_plugin.py
[2026-06-24T12:52:09.618+0300] {processor.py:830} INFO - Processing file /media/data/omar/programming course/DEPI/DEPI project/anomx/venv/lib/python3.12/site-packages/airflow/example_dags/plugins/listener_plugin.py for tasks to queue
[2026-06-24T12:52:09.619+0300] {logging_mixin.py:188} INFO - [2026-06-24T12:52:09.619+0300] {dagbag.py:540} INFO - Filling up the DagBag from /media/data/omar/programming course/DEPI/DEPI project/anomx/venv/lib/python3.12/site-packages/airflow/example_dags/plugins/listener_plugin.py
[2026-06-24T12:52:09.624+0300] {processor.py:842} WARNING - No viable dags retrieved from /media/data/omar/programming course/DEPI/DEPI project/anomx/venv/lib/python3.12/site-packages/airflow/example_dags/plugins/listener_plugin.py
[2026-06-24T12:52:09.637+0300] {processor.py:183} INFO - Processing /media/data/omar/programming course/DEPI/DEPI project/anomx/venv/lib/python3.12/site-packages/airflow/example_dags/plugins/listener_plugin.py took 0.026 seconds
[2026-06-24T12:52:59.264+0300] {processor.py:161} INFO - Started process (PID=37919) to work on /media/data/omar/programming course/DEPI/DEPI project/anomx/venv/lib/python3.12/site-packages/airflow/example_dags/plugins/listener_plugin.py
[2026-06-24T12:52:59.265+0300] {processor.py:830} INFO - Processing file /media/data/omar/programming course/DEPI/DEPI project/anomx/venv/lib/python3.12/site-packages/airflow/example_dags/plugins/listener_plugin.py for tasks to queue
[2026-06-24T12:52:59.267+0300] {logging_mixin.py:188} INFO - [2026-06-24T12:52:59.266+0300] {dagbag.py:540} INFO - Filling up the DagBag from /media/data/omar/programming course/DEPI/DEPI project/anomx/venv/lib/python3.12/site-packages/airflow/example_dags/plugins/listener_plugin.py
[2026-06-24T12:52:59.273+0300] {processor.py:842} WARNING - No viable dags retrieved from /media/data/omar/programming course/DEPI/DEPI project/anomx/venv/lib/python3.12/site-packages/airflow/example_dags/plugins/listener_plugin.py
[2026-06-24T12:52:59.289+0300] {processor.py:183} INFO - Processing /media/data/omar/programming course/DEPI/DEPI project/anomx/venv/lib/python3.12/site-packages/airflow/example_dags/plugins/listener_plugin.py took 0.033 seconds
[2026-06-24T12:53:51.707+0300] {processor.py:161} INFO - Started process (PID=38244) to work on /media/data/omar/programming course/DEPI/DEPI project/anomx/venv/lib/python3.12/site-packages/airflow/example_dags/plugins/listener_plugin.py
[2026-06-24T12:53:51.708+0300] {processor.py:830} INFO - Processing file /media/data/omar/programming course/DEPI/DEPI project/anomx/venv/lib/python3.12/site-packages/airflow/example_dags/plugins/listener_plugin.py for tasks to queue
[2026-06-24T12:53:51.709+0300] {logging_mixin.py:188} INFO - [2026-06-24T12:53:51.708+0300] {dagbag.py:540} INFO - Filling up the DagBag from /media/data/omar/programming course/DEPI/DEPI project/anomx/venv/lib/python3.12/site-packages/airflow/example_dags/plugins/listener_plugin.py
[2026-06-24T12:53:51.713+0300] {processor.py:842} WARNING - No viable dags retrieved from /media/data/omar/programming course/DEPI/DEPI project/anomx/venv/lib/python3.12/site-packages/airflow/example_dags/plugins/listener_plugin.py
[2026-06-24T12:53:51.723+0300] {processor.py:183} INFO - Processing /media/data/omar/programming course/DEPI/DEPI project/anomx/venv/lib/python3.12/site-packages/airflow/example_dags/plugins/listener_plugin.py took 0.021 seconds
[2026-06-24T12:54:46.877+0300] {processor.py:161} INFO - Started process (PID=38862) to work on /media/data/omar/programming course/DEPI/DEPI project/anomx/venv/lib/python3.12/site-packages/airflow/example_dags/plugins/listener_plugin.py
[2026-06-24T12:54:46.878+0300] {processor.py:830} INFO - Processing file /media/data/omar/programming course/DEPI/DEPI project/anomx/venv/lib/python3.12/site-packages/airflow/example_dags/plugins/listener_plugin.py for tasks to queue
[2026-06-24T12:54:46.880+0300] {logging_mixin.py:188} INFO - [2026-06-24T12:54:46.879+0300] {dagbag.py:540} INFO - Filling up the DagBag from /media/data/omar/programming course/DEPI/DEPI project/anomx/venv/lib/python3.12/site-packages/airflow/example_dags/plugins/listener_plugin.py
[2026-06-24T12:54:46.886+0300] {processor.py:842} WARNING - No viable dags retrieved from /media/data/omar/programming course/DEPI/DEPI project/anomx/venv/lib/python3.12/site-packages/airflow/example_dags/plugins/listener_plugin.py
[2026-06-24T12:54:46.901+0300] {processor.py:183} INFO - Processing /media/data/omar/programming course/DEPI/DEPI project/anomx/venv/lib/python3.12/site-packages/airflow/example_dags/plugins/listener_plugin.py took 0.032 seconds
[2026-06-24T12:55:46.396+0300] {processor.py:161} INFO - Started process (PID=39230) to work on /media/data/omar/programming course/DEPI/DEPI project/anomx/venv/lib/python3.12/site-packages/airflow/example_dags/plugins/listener_plugin.py
[2026-06-24T12:55:46.397+0300] {processor.py:830} INFO - Processing file /media/data/omar/programming course/DEPI/DEPI project/anomx/venv/lib/python3.12/site-packages/airflow/example_dags/plugins/listener_plugin.py for tasks to queue
[2026-06-24T12:55:46.399+0300] {logging_mixin.py:188} INFO - [2026-06-24T12:55:46.398+0300] {dagbag.py:540} INFO - Filling up the DagBag from /media/data/omar/programming course/DEPI/DEPI project/anomx/venv/lib/python3.12/site-packages/airflow/example_dags/plugins/listener_plugin.py
[2026-06-24T12:55:46.409+0300] {processor.py:842} WARNING - No viable dags retrieved from /media/data/omar/programming course/DEPI/DEPI project/anomx/venv/lib/python3.12/site-packages/airflow/example_dags/plugins/listener_plugin.py
[2026-06-24T12:55:46.429+0300] {processor.py:183} INFO - Processing /media/data/omar/programming course/DEPI/DEPI project/anomx/venv/lib/python3.12/site-packages/airflow/example_dags/plugins/listener_plugin.py took 0.041 seconds
[2026-06-24T12:56:55.855+0300] {processor.py:161} INFO - Started process (PID=39920) to work on /media/data/omar/programming course/DEPI/DEPI project/anomx/venv/lib/python3.12/site-packages/airflow/example_dags/plugins/listener_plugin.py
[2026-06-24T12:56:55.856+0300] {processor.py:830} INFO - Processing file /media/data/omar/programming course/DEPI/DEPI project/anomx/venv/lib/python3.12/site-packages/airflow/example_dags/plugins/listener_plugin.py for tasks to queue
[2026-06-24T12:56:55.857+0300] {logging_mixin.py:188} INFO - [2026-06-24T12:56:55.856+0300] {dagbag.py:540} INFO - Filling up the DagBag from /media/data/omar/programming course/DEPI/DEPI project/anomx/venv/lib/python3.12/site-packages/airflow/example_dags/plugins/listener_plugin.py
[2026-06-24T12:56:55.862+0300] {processor.py:842} WARNING - No viable dags retrieved from /media/data/omar/programming course/DEPI/DEPI project/anomx/venv/lib/python3.12/site-packages/airflow/example_dags/plugins/listener_plugin.py
[2026-06-24T12:56:55.873+0300] {processor.py:183} INFO - Processing /media/data/omar/programming course/DEPI/DEPI project/anomx/venv/lib/python3.12/site-packages/airflow/example_dags/plugins/listener_plugin.py took 0.024 seconds
[2026-06-24T12:57:48.398+0300] {processor.py:161} INFO - Started process (PID=40349) to work on /media/data/omar/programming course/DEPI/DEPI project/anomx/venv/lib/python3.12/site-packages/airflow/example_dags/plugins/listener_plugin.py
[2026-06-24T12:57:48.399+0300] {processor.py:830} INFO - Processing file /media/data/omar/programming course/DEPI/DEPI project/anomx/venv/lib/python3.12/site-packages/airflow/example_dags/plugins/listener_plugin.py for tasks to queue
[2026-06-24T12:57:48.400+0300] {logging_mixin.py:188} INFO - [2026-06-24T12:57:48.399+0300] {dagbag.py:540} INFO - Filling up the DagBag from /media/data/omar/programming course/DEPI/DEPI project/anomx/venv/lib/python3.12/site-packages/airflow/example_dags/plugins/listener_plugin.py
[2026-06-24T12:57:48.405+0300] {processor.py:842} WARNING - No viable dags retrieved from /media/data/omar/programming course/DEPI/DEPI project/anomx/venv/lib/python3.12/site-packages/airflow/example_dags/plugins/listener_plugin.py
[2026-06-24T12:57:48.417+0300] {processor.py:183} INFO - Processing /media/data/omar/programming course/DEPI/DEPI project/anomx/venv/lib/python3.12/site-packages/airflow/example_dags/plugins/listener_plugin.py took 0.024 seconds
[2026-06-24T12:58:41.177+0300] {processor.py:161} INFO - Started process (PID=40861) to work on /media/data/omar/programming course/DEPI/DEPI project/anomx/venv/lib/python3.12/site-packages/airflow/example_dags/plugins/listener_plugin.py
[2026-06-24T12:58:41.178+0300] {processor.py:830} INFO - Processing file /media/data/omar/programming course/DEPI/DEPI project/anomx/venv/lib/python3.12/site-packages/airflow/example_dags/plugins/listener_plugin.py for tasks to queue
[2026-06-24T12:58:41.179+0300] {logging_mixin.py:188} INFO - [2026-06-24T12:58:41.178+0300] {dagbag.py:540} INFO - Filling up the DagBag from /media/data/omar/programming course/DEPI/DEPI project/anomx/venv/lib/python3.12/site-packages/airflow/example_dags/plugins/listener_plugin.py
[2026-06-24T12:58:41.184+0300] {processor.py:842} WARNING - No viable dags retrieved from /media/data/omar/programming course/DEPI/DEPI project/anomx/venv/lib/python3.12/site-packages/airflow/example_dags/plugins/listener_plugin.py
[2026-06-24T12:58:41.196+0300] {processor.py:183} INFO - Processing /media/data/omar/programming course/DEPI/DEPI project/anomx/venv/lib/python3.12/site-packages/airflow/example_dags/plugins/listener_plugin.py took 0.025 seconds
[2026-06-24T12:59:31.468+0300] {processor.py:161} INFO - Started process (PID=41164) to work on /media/data/omar/programming course/DEPI/DEPI project/anomx/venv/lib/python3.12/site-packages/airflow/example_dags/plugins/listener_plugin.py
[2026-06-24T12:59:31.469+0300] {processor.py:830} INFO - Processing file /media/data/omar/programming course/DEPI/DEPI project/anomx/venv/lib/python3.12/site-packages/airflow/example_dags/plugins/listener_plugin.py for tasks to queue
[2026-06-24T12:59:31.470+0300] {logging_mixin.py:188} INFO - [2026-06-24T12:59:31.470+0300] {dagbag.py:540} INFO - Filling up the DagBag from /media/data/omar/programming course/DEPI/DEPI project/anomx/venv/lib/python3.12/site-packages/airflow/example_dags/plugins/listener_plugin.py
[2026-06-24T12:59:31.475+0300] {processor.py:842} WARNING - No viable dags retrieved from /media/data/omar/programming course/DEPI/DEPI project/anomx/venv/lib/python3.12/site-packages/airflow/example_dags/plugins/listener_plugin.py
[2026-06-24T12:59:31.487+0300] {processor.py:183} INFO - Processing /media/data/omar/programming course/DEPI/DEPI project/anomx/venv/lib/python3.12/site-packages/airflow/example_dags/plugins/listener_plugin.py took 0.026 seconds
[2026-06-24T13:00:21.742+0300] {processor.py:161} INFO - Started process (PID=41765) to work on /media/data/omar/programming course/DEPI/DEPI project/anomx/venv/lib/python3.12/site-packages/airflow/example_dags/plugins/listener_plugin.py
[2026-06-24T13:00:21.743+0300] {processor.py:830} INFO - Processing file /media/data/omar/programming course/DEPI/DEPI project/anomx/venv/lib/python3.12/site-packages/airflow/example_dags/plugins/listener_plugin.py for tasks to queue
[2026-06-24T13:00:21.744+0300] {logging_mixin.py:188} INFO - [2026-06-24T13:00:21.743+0300] {dagbag.py:540} INFO - Filling up the DagBag from /media/data/omar/programming course/DEPI/DEPI project/anomx/venv/lib/python3.12/site-packages/airflow/example_dags/plugins/listener_plugin.py
[2026-06-24T13:00:21.750+0300] {processor.py:842} WARNING - No viable dags retrieved from /media/data/omar/programming course/DEPI/DEPI project/anomx/venv/lib/python3.12/site-packages/airflow/example_dags/plugins/listener_plugin.py
[2026-06-24T13:00:21.762+0300] {processor.py:183} INFO - Processing /media/data/omar/programming course/DEPI/DEPI project/anomx/venv/lib/python3.12/site-packages/airflow/example_dags/plugins/listener_plugin.py took 0.026 seconds
[2026-06-24T13:01:10.624+0300] {processor.py:161} INFO - Started process (PID=42066) to work on /media/data/omar/programming course/DEPI/DEPI project/anomx/venv/lib/python3.12/site-packages/airflow/example_dags/plugins/listener_plugin.py
[2026-06-24T13:01:10.625+0300] {processor.py:830} INFO - Processing file /media/data/omar/programming course/DEPI/DEPI project/anomx/venv/lib/python3.12/site-packages/airflow/example_dags/plugins/listener_plugin.py for tasks to queue
[2026-06-24T13:01:10.626+0300] {logging_mixin.py:188} INFO - [2026-06-24T13:01:10.625+0300] {dagbag.py:540} INFO - Filling up the DagBag from /media/data/omar/programming course/DEPI/DEPI project/anomx/venv/lib/python3.12/site-packages/airflow/example_dags/plugins/listener_plugin.py
[2026-06-24T13:01:10.632+0300] {processor.py:842} WARNING - No viable dags retrieved from /media/data/omar/programming course/DEPI/DEPI project/anomx/venv/lib/python3.12/site-packages/airflow/example_dags/plugins/listener_plugin.py
[2026-06-24T13:01:10.643+0300] {processor.py:183} INFO - Processing /media/data/omar/programming course/DEPI/DEPI project/anomx/venv/lib/python3.12/site-packages/airflow/example_dags/plugins/listener_plugin.py took 0.024 seconds
[2026-06-24T13:02:02.525+0300] {processor.py:161} INFO - Started process (PID=42677) to work on /media/data/omar/programming course/DEPI/DEPI project/anomx/venv/lib/python3.12/site-packages/airflow/example_dags/plugins/listener_plugin.py
[2026-06-24T13:02:02.527+0300] {processor.py:830} INFO - Processing file /media/data/omar/programming course/DEPI/DEPI project/anomx/venv/lib/python3.12/site-packages/airflow/example_dags/plugins/listener_plugin.py for tasks to queue
[2026-06-24T13:02:02.528+0300] {logging_mixin.py:188} INFO - [2026-06-24T13:02:02.528+0300] {dagbag.py:540} INFO - Filling up the DagBag from /media/data/omar/programming course/DEPI/DEPI project/anomx/venv/lib/python3.12/site-packages/airflow/example_dags/plugins/listener_plugin.py
[2026-06-24T13:02:02.534+0300] {processor.py:842} WARNING - No viable dags retrieved from /media/data/omar/programming course/DEPI/DEPI project/anomx/venv/lib/python3.12/site-packages/airflow/example_dags/plugins/listener_plugin.py
[2026-06-24T13:02:02.551+0300] {processor.py:183} INFO - Processing /media/data/omar/programming course/DEPI/DEPI project/anomx/venv/lib/python3.12/site-packages/airflow/example_dags/plugins/listener_plugin.py took 0.034 seconds
[2026-06-24T13:02:53.421+0300] {processor.py:161} INFO - Started process (PID=43004) to work on /media/data/omar/programming course/DEPI/DEPI project/anomx/venv/lib/python3.12/site-packages/airflow/example_dags/plugins/listener_plugin.py
[2026-06-24T13:02:53.422+0300] {processor.py:830} INFO - Processing file /media/data/omar/programming course/DEPI/DEPI project/anomx/venv/lib/python3.12/site-packages/airflow/example_dags/plugins/listener_plugin.py for tasks to queue
[2026-06-24T13:02:53.423+0300] {logging_mixin.py:188} INFO - [2026-06-24T13:02:53.423+0300] {dagbag.py:540} INFO - Filling up the DagBag from /media/data/omar/programming course/DEPI/DEPI project/anomx/venv/lib/python3.12/site-packages/airflow/example_dags/plugins/listener_plugin.py
[2026-06-24T13:02:53.429+0300] {processor.py:842} WARNING - No viable dags retrieved from /media/data/omar/programming course/DEPI/DEPI project/anomx/venv/lib/python3.12/site-packages/airflow/example_dags/plugins/listener_plugin.py
[2026-06-24T13:02:53.441+0300] {processor.py:183} INFO - Processing /media/data/omar/programming course/DEPI/DEPI project/anomx/venv/lib/python3.12/site-packages/airflow/example_dags/plugins/listener_plugin.py took 0.026 seconds
[2026-06-24T13:03:43.568+0300] {processor.py:161} INFO - Started process (PID=43623) to work on /media/data/omar/programming course/DEPI/DEPI project/anomx/venv/lib/python3.12/site-packages/airflow/example_dags/plugins/listener_plugin.py
[2026-06-24T13:03:43.569+0300] {processor.py:830} INFO - Processing file /media/data/omar/programming course/DEPI/DEPI project/anomx/venv/lib/python3.12/site-packages/airflow/example_dags/plugins/listener_plugin.py for tasks to queue
[2026-06-24T13:03:43.570+0300] {logging_mixin.py:188} INFO - [2026-06-24T13:03:43.570+0300] {dagbag.py:540} INFO - Filling up the DagBag from /media/data/omar/programming course/DEPI/DEPI project/anomx/venv/lib/python3.12/site-packages/airflow/example_dags/plugins/listener_plugin.py
[2026-06-24T13:03:43.575+0300] {processor.py:842} WARNING - No viable dags retrieved from /media/data/omar/programming course/DEPI/DEPI project/anomx/venv/lib/python3.12/site-packages/airflow/example_dags/plugins/listener_plugin.py
[2026-06-24T13:03:43.586+0300] {processor.py:183} INFO - Processing /media/data/omar/programming course/DEPI/DEPI project/anomx/venv/lib/python3.12/site-packages/airflow/example_dags/plugins/listener_plugin.py took 0.023 seconds
[2026-06-24T13:04:32.083+0300] {processor.py:161} INFO - Started process (PID=43931) to work on /media/data/omar/programming course/DEPI/DEPI project/anomx/venv/lib/python3.12/site-packages/airflow/example_dags/plugins/listener_plugin.py
[2026-06-24T13:04:32.085+0300] {processor.py:830} INFO - Processing file /media/data/omar/programming course/DEPI/DEPI project/anomx/venv/lib/python3.12/site-packages/airflow/example_dags/plugins/listener_plugin.py for tasks to queue
[2026-06-24T13:04:32.087+0300] {logging_mixin.py:188} INFO - [2026-06-24T13:04:32.086+0300] {dagbag.py:540} INFO - Filling up the DagBag from /media/data/omar/programming course/DEPI/DEPI project/anomx/venv/lib/python3.12/site-packages/airflow/example_dags/plugins/listener_plugin.py
[2026-06-24T13:04:32.099+0300] {processor.py:842} WARNING - No viable dags retrieved from /media/data/omar/programming course/DEPI/DEPI project/anomx/venv/lib/python3.12/site-packages/airflow/example_dags/plugins/listener_plugin.py
[2026-06-24T13:04:32.117+0300] {processor.py:183} INFO - Processing /media/data/omar/programming course/DEPI/DEPI project/anomx/venv/lib/python3.12/site-packages/airflow/example_dags/plugins/listener_plugin.py took 0.047 seconds
[2026-06-24T13:05:22.770+0300] {processor.py:161} INFO - Started process (PID=44537) to work on /media/data/omar/programming course/DEPI/DEPI project/anomx/venv/lib/python3.12/site-packages/airflow/example_dags/plugins/listener_plugin.py
[2026-06-24T13:05:22.771+0300] {processor.py:830} INFO - Processing file /media/data/omar/programming course/DEPI/DEPI project/anomx/venv/lib/python3.12/site-packages/airflow/example_dags/plugins/listener_plugin.py for tasks to queue
[2026-06-24T13:05:22.772+0300] {logging_mixin.py:188} INFO - [2026-06-24T13:05:22.772+0300] {dagbag.py:540} INFO - Filling up the DagBag from /media/data/omar/programming course/DEPI/DEPI project/anomx/venv/lib/python3.12/site-packages/airflow/example_dags/plugins/listener_plugin.py
[2026-06-24T13:05:22.784+0300] {processor.py:842} WARNING - No viable dags retrieved from /media/data/omar/programming course/DEPI/DEPI project/anomx/venv/lib/python3.12/site-packages/airflow/example_dags/plugins/listener_plugin.py
[2026-06-24T13:05:22.802+0300] {processor.py:183} INFO - Processing /media/data/omar/programming course/DEPI/DEPI project/anomx/venv/lib/python3.12/site-packages/airflow/example_dags/plugins/listener_plugin.py took 0.038 seconds
[2026-06-24T13:06:17.735+0300] {processor.py:161} INFO - Started process (PID=44849) to work on /media/data/omar/programming course/DEPI/DEPI project/anomx/venv/lib/python3.12/site-packages/airflow/example_dags/plugins/listener_plugin.py
[2026-06-24T13:06:17.736+0300] {processor.py:830} INFO - Processing file /media/data/omar/programming course/DEPI/DEPI project/anomx/venv/lib/python3.12/site-packages/airflow/example_dags/plugins/listener_plugin.py for tasks to queue
[2026-06-24T13:06:17.737+0300] {logging_mixin.py:188} INFO - [2026-06-24T13:06:17.737+0300] {dagbag.py:540} INFO - Filling up the DagBag from /media/data/omar/programming course/DEPI/DEPI project/anomx/venv/lib/python3.12/site-packages/airflow/example_dags/plugins/listener_plugin.py
[2026-06-24T13:06:17.743+0300] {processor.py:842} WARNING - No viable dags retrieved from /media/data/omar/programming course/DEPI/DEPI project/anomx/venv/lib/python3.12/site-packages/airflow/example_dags/plugins/listener_plugin.py
[2026-06-24T13:06:17.758+0300] {processor.py:183} INFO - Processing /media/data/omar/programming course/DEPI/DEPI project/anomx/venv/lib/python3.12/site-packages/airflow/example_dags/plugins/listener_plugin.py took 0.030 seconds
[2026-06-24T13:07:17.129+0300] {processor.py:161} INFO - Started process (PID=45513) to work on /media/data/omar/programming course/DEPI/DEPI project/anomx/venv/lib/python3.12/site-packages/airflow/example_dags/plugins/listener_plugin.py
[2026-06-24T13:07:17.129+0300] {processor.py:830} INFO - Processing file /media/data/omar/programming course/DEPI/DEPI project/anomx/venv/lib/python3.12/site-packages/airflow/example_dags/plugins/listener_plugin.py for tasks to queue
[2026-06-24T13:07:17.130+0300] {logging_mixin.py:188} INFO - [2026-06-24T13:07:17.130+0300] {dagbag.py:540} INFO - Filling up the DagBag from /media/data/omar/programming course/DEPI/DEPI project/anomx/venv/lib/python3.12/site-packages/airflow/example_dags/plugins/listener_plugin.py
[2026-06-24T13:07:17.135+0300] {processor.py:842} WARNING - No viable dags retrieved from /media/data/omar/programming course/DEPI/DEPI project/anomx/venv/lib/python3.12/site-packages/airflow/example_dags/plugins/listener_plugin.py
[2026-06-24T13:07:17.155+0300] {processor.py:183} INFO - Processing /media/data/omar/programming course/DEPI/DEPI project/anomx/venv/lib/python3.12/site-packages/airflow/example_dags/plugins/listener_plugin.py took 0.032 seconds
[2026-06-24T13:08:24.101+0300] {processor.py:161} INFO - Started process (PID=46129) to work on /media/data/omar/programming course/DEPI/DEPI project/anomx/venv/lib/python3.12/site-packages/airflow/example_dags/plugins/listener_plugin.py
[2026-06-24T13:08:24.102+0300] {processor.py:830} INFO - Processing file /media/data/omar/programming course/DEPI/DEPI project/anomx/venv/lib/python3.12/site-packages/airflow/example_dags/plugins/listener_plugin.py for tasks to queue
[2026-06-24T13:08:24.103+0300] {logging_mixin.py:188} INFO - [2026-06-24T13:08:24.103+0300] {dagbag.py:540} INFO - Filling up the DagBag from /media/data/omar/programming course/DEPI/DEPI project/anomx/venv/lib/python3.12/site-packages/airflow/example_dags/plugins/listener_plugin.py
[2026-06-24T13:08:24.109+0300] {processor.py:842} WARNING - No viable dags retrieved from /media/data/omar/programming course/DEPI/DEPI project/anomx/venv/lib/python3.12/site-packages/airflow/example_dags/plugins/listener_plugin.py
[2026-06-24T13:08:24.120+0300] {processor.py:183} INFO - Processing /media/data/omar/programming course/DEPI/DEPI project/anomx/venv/lib/python3.12/site-packages/airflow/example_dags/plugins/listener_plugin.py took 0.025 seconds
[2026-06-24T13:11:56.430+0300] {processor.py:161} INFO - Started process (PID=48616) to work on /media/data/omar/programming course/DEPI/DEPI project/anomx/venv/lib/python3.12/site-packages/airflow/example_dags/plugins/listener_plugin.py
[2026-06-24T13:11:56.433+0300] {processor.py:830} INFO - Processing file /media/data/omar/programming course/DEPI/DEPI project/anomx/venv/lib/python3.12/site-packages/airflow/example_dags/plugins/listener_plugin.py for tasks to queue
[2026-06-24T13:11:56.437+0300] {logging_mixin.py:188} INFO - [2026-06-24T13:11:56.435+0300] {dagbag.py:540} INFO - Filling up the DagBag from /media/data/omar/programming course/DEPI/DEPI project/anomx/venv/lib/python3.12/site-packages/airflow/example_dags/plugins/listener_plugin.py
[2026-06-24T13:11:56.454+0300] {processor.py:842} WARNING - No viable dags retrieved from /media/data/omar/programming course/DEPI/DEPI project/anomx/venv/lib/python3.12/site-packages/airflow/example_dags/plugins/listener_plugin.py
[2026-06-24T13:11:56.473+0300] {processor.py:183} INFO - Processing /media/data/omar/programming course/DEPI/DEPI project/anomx/venv/lib/python3.12/site-packages/airflow/example_dags/plugins/listener_plugin.py took 0.063 seconds
[2026-06-24T13:12:53.897+0300] {processor.py:161} INFO - Started process (PID=49295) to work on /media/data/omar/programming course/DEPI/DEPI project/anomx/venv/lib/python3.12/site-packages/airflow/example_dags/plugins/listener_plugin.py
[2026-06-24T13:12:53.898+0300] {processor.py:830} INFO - Processing file /media/data/omar/programming course/DEPI/DEPI project/anomx/venv/lib/python3.12/site-packages/airflow/example_dags/plugins/listener_plugin.py for tasks to queue
[2026-06-24T13:12:53.898+0300] {logging_mixin.py:188} INFO - [2026-06-24T13:12:53.898+0300] {dagbag.py:540} INFO - Filling up the DagBag from /media/data/omar/programming course/DEPI/DEPI project/anomx/venv/lib/python3.12/site-packages/airflow/example_dags/plugins/listener_plugin.py
[2026-06-24T13:12:53.902+0300] {processor.py:842} WARNING - No viable dags retrieved from /media/data/omar/programming course/DEPI/DEPI project/anomx/venv/lib/python3.12/site-packages/airflow/example_dags/plugins/listener_plugin.py
[2026-06-24T13:12:53.912+0300] {processor.py:183} INFO - Processing /media/data/omar/programming course/DEPI/DEPI project/anomx/venv/lib/python3.12/site-packages/airflow/example_dags/plugins/listener_plugin.py took 0.020 seconds
[2026-06-24T13:13:45.491+0300] {processor.py:161} INFO - Started process (PID=49640) to work on /media/data/omar/programming course/DEPI/DEPI project/anomx/venv/lib/python3.12/site-packages/airflow/example_dags/plugins/listener_plugin.py
[2026-06-24T13:13:45.493+0300] {processor.py:830} INFO - Processing file /media/data/omar/programming course/DEPI/DEPI project/anomx/venv/lib/python3.12/site-packages/airflow/example_dags/plugins/listener_plugin.py for tasks to queue
[2026-06-24T13:13:45.495+0300] {logging_mixin.py:188} INFO - [2026-06-24T13:13:45.494+0300] {dagbag.py:540} INFO - Filling up the DagBag from /media/data/omar/programming course/DEPI/DEPI project/anomx/venv/lib/python3.12/site-packages/airflow/example_dags/plugins/listener_plugin.py
[2026-06-24T13:13:45.505+0300] {processor.py:842} WARNING - No viable dags retrieved from /media/data/omar/programming course/DEPI/DEPI project/anomx/venv/lib/python3.12/site-packages/airflow/example_dags/plugins/listener_plugin.py
[2026-06-24T13:13:45.519+0300] {processor.py:183} INFO - Processing /media/data/omar/programming course/DEPI/DEPI project/anomx/venv/lib/python3.12/site-packages/airflow/example_dags/plugins/listener_plugin.py took 0.042 seconds
[2026-06-24T13:14:39.581+0300] {processor.py:161} INFO - Started process (PID=50269) to work on /media/data/omar/programming course/DEPI/DEPI project/anomx/venv/lib/python3.12/site-packages/airflow/example_dags/plugins/listener_plugin.py
[2026-06-24T13:14:39.582+0300] {processor.py:830} INFO - Processing file /media/data/omar/programming course/DEPI/DEPI project/anomx/venv/lib/python3.12/site-packages/airflow/example_dags/plugins/listener_plugin.py for tasks to queue
[2026-06-24T13:14:39.583+0300] {logging_mixin.py:188} INFO - [2026-06-24T13:14:39.582+0300] {dagbag.py:540} INFO - Filling up the DagBag from /media/data/omar/programming course/DEPI/DEPI project/anomx/venv/lib/python3.12/site-packages/airflow/example_dags/plugins/listener_plugin.py
[2026-06-24T13:14:39.587+0300] {processor.py:842} WARNING - No viable dags retrieved from /media/data/omar/programming course/DEPI/DEPI project/anomx/venv/lib/python3.12/site-packages/airflow/example_dags/plugins/listener_plugin.py
[2026-06-24T13:14:39.597+0300] {processor.py:183} INFO - Processing /media/data/omar/programming course/DEPI/DEPI project/anomx/venv/lib/python3.12/site-packages/airflow/example_dags/plugins/listener_plugin.py took 0.021 seconds
[2026-06-24T13:15:30.145+0300] {processor.py:161} INFO - Started process (PID=50620) to work on /media/data/omar/programming course/DEPI/DEPI project/anomx/venv/lib/python3.12/site-packages/airflow/example_dags/plugins/listener_plugin.py
[2026-06-24T13:15:30.146+0300] {processor.py:830} INFO - Processing file /media/data/omar/programming course/DEPI/DEPI project/anomx/venv/lib/python3.12/site-packages/airflow/example_dags/plugins/listener_plugin.py for tasks to queue
[2026-06-24T13:15:30.148+0300] {logging_mixin.py:188} INFO - [2026-06-24T13:15:30.147+0300] {dagbag.py:540} INFO - Filling up the DagBag from /media/data/omar/programming course/DEPI/DEPI project/anomx/venv/lib/python3.12/site-packages/airflow/example_dags/plugins/listener_plugin.py
[2026-06-24T13:15:30.154+0300] {processor.py:842} WARNING - No viable dags retrieved from /media/data/omar/programming course/DEPI/DEPI project/anomx/venv/lib/python3.12/site-packages/airflow/example_dags/plugins/listener_plugin.py
[2026-06-24T13:15:30.170+0300] {processor.py:183} INFO - Processing /media/data/omar/programming course/DEPI/DEPI project/anomx/venv/lib/python3.12/site-packages/airflow/example_dags/plugins/listener_plugin.py took 0.031 seconds
[2026-06-24T13:16:18.211+0300] {processor.py:161} INFO - Started process (PID=51190) to work on /media/data/omar/programming course/DEPI/DEPI project/anomx/venv/lib/python3.12/site-packages/airflow/example_dags/plugins/listener_plugin.py
[2026-06-24T13:16:18.213+0300] {processor.py:830} INFO - Processing file /media/data/omar/programming course/DEPI/DEPI project/anomx/venv/lib/python3.12/site-packages/airflow/example_dags/plugins/listener_plugin.py for tasks to queue
[2026-06-24T13:16:18.214+0300] {logging_mixin.py:188} INFO - [2026-06-24T13:16:18.213+0300] {dagbag.py:540} INFO - Filling up the DagBag from /media/data/omar/programming course/DEPI/DEPI project/anomx/venv/lib/python3.12/site-packages/airflow/example_dags/plugins/listener_plugin.py
[2026-06-24T13:16:18.220+0300] {processor.py:842} WARNING - No viable dags retrieved from /media/data/omar/programming course/DEPI/DEPI project/anomx/venv/lib/python3.12/site-packages/airflow/example_dags/plugins/listener_plugin.py
[2026-06-24T13:16:18.232+0300] {processor.py:183} INFO - Processing /media/data/omar/programming course/DEPI/DEPI project/anomx/venv/lib/python3.12/site-packages/airflow/example_dags/plugins/listener_plugin.py took 0.029 seconds
[2026-06-24T13:17:09.840+0300] {processor.py:161} INFO - Started process (PID=51546) to work on /media/data/omar/programming course/DEPI/DEPI project/anomx/venv/lib/python3.12/site-packages/airflow/example_dags/plugins/listener_plugin.py
[2026-06-24T13:17:09.841+0300] {processor.py:830} INFO - Processing file /media/data/omar/programming course/DEPI/DEPI project/anomx/venv/lib/python3.12/site-packages/airflow/example_dags/plugins/listener_plugin.py for tasks to queue
[2026-06-24T13:17:09.842+0300] {logging_mixin.py:188} INFO - [2026-06-24T13:17:09.842+0300] {dagbag.py:540} INFO - Filling up the DagBag from /media/data/omar/programming course/DEPI/DEPI project/anomx/venv/lib/python3.12/site-packages/airflow/example_dags/plugins/listener_plugin.py
[2026-06-24T13:17:09.846+0300] {processor.py:842} WARNING - No viable dags retrieved from /media/data/omar/programming course/DEPI/DEPI project/anomx/venv/lib/python3.12/site-packages/airflow/example_dags/plugins/listener_plugin.py
[2026-06-24T13:17:09.858+0300] {processor.py:183} INFO - Processing /media/data/omar/programming course/DEPI/DEPI project/anomx/venv/lib/python3.12/site-packages/airflow/example_dags/plugins/listener_plugin.py took 0.023 seconds
[2026-06-24T13:18:00.562+0300] {processor.py:161} INFO - Started process (PID=52156) to work on /media/data/omar/programming course/DEPI/DEPI project/anomx/venv/lib/python3.12/site-packages/airflow/example_dags/plugins/listener_plugin.py
[2026-06-24T13:18:00.563+0300] {processor.py:830} INFO - Processing file /media/data/omar/programming course/DEPI/DEPI project/anomx/venv/lib/python3.12/site-packages/airflow/example_dags/plugins/listener_plugin.py for tasks to queue
[2026-06-24T13:18:00.564+0300] {logging_mixin.py:188} INFO - [2026-06-24T13:18:00.563+0300] {dagbag.py:540} INFO - Filling up the DagBag from /media/data/omar/programming course/DEPI/DEPI project/anomx/venv/lib/python3.12/site-packages/airflow/example_dags/plugins/listener_plugin.py
[2026-06-24T13:18:00.569+0300] {processor.py:842} WARNING - No viable dags retrieved from /media/data/omar/programming course/DEPI/DEPI project/anomx/venv/lib/python3.12/site-packages/airflow/example_dags/plugins/listener_plugin.py
[2026-06-24T13:18:00.580+0300] {processor.py:183} INFO - Processing /media/data/omar/programming course/DEPI/DEPI project/anomx/venv/lib/python3.12/site-packages/airflow/example_dags/plugins/listener_plugin.py took 0.025 seconds
