[2026-06-22T08:12:05.146+0300] {local_task_job_runner.py:120} INFO - ::group::Pre task execution logs
[2026-06-22T08:12:05.168+0300] {taskinstance.py:2073} INFO - Dependencies all met for dep_context=non-requeueable deps ti=<TaskInstance: anomx_pipeline.process_FD001 scheduled__2026-06-21T00:00:00+00:00 [queued]>
[2026-06-22T08:12:05.174+0300] {taskinstance.py:2073} INFO - Dependencies all met for dep_context=requeueable deps ti=<TaskInstance: anomx_pipeline.process_FD001 scheduled__2026-06-21T00:00:00+00:00 [queued]>
[2026-06-22T08:12:05.174+0300] {taskinstance.py:2303} INFO - Starting attempt 1 of 2
[2026-06-22T08:12:05.193+0300] {taskinstance.py:2327} INFO - Executing <Task(PythonOperator): process_FD001> on 2026-06-21 00:00:00+00:00
[2026-06-22T08:12:05.199+0300] {standard_task_runner.py:63} INFO - Started process 40842 to run task
[2026-06-22T08:12:05.201+0300] {standard_task_runner.py:90} INFO - Running: ['airflow', 'tasks', 'run', 'anomx_pipeline', 'process_FD001', 'scheduled__2026-06-21T00:00:00+00:00', '--job-id', '54', '--raw', '--subdir', 'DAGS_FOLDER/anomx_pipeline.py', '--cfg-path', '/tmp/tmpbrbwp__r']
[2026-06-22T08:12:05.202+0300] {standard_task_runner.py:91} INFO - Job 54: Subtask process_FD001
[2026-06-22T08:12:05.241+0300] {task_command.py:426} INFO - Running <TaskInstance: anomx_pipeline.process_FD001 scheduled__2026-06-21T00:00:00+00:00 [running]> on host omar-a-nagy-Precision-5520
[2026-06-22T08:12:05.308+0300] {taskinstance.py:2644} INFO - Exporting env vars: AIRFLOW_CTX_DAG_OWNER='omar' AIRFLOW_CTX_DAG_ID='anomx_pipeline' AIRFLOW_CTX_TASK_ID='process_FD001' AIRFLOW_CTX_EXECUTION_DATE='2026-06-21T00:00:00+00:00' AIRFLOW_CTX_TRY_NUMBER='1' AIRFLOW_CTX_DAG_RUN_ID='scheduled__2026-06-21T00:00:00+00:00'
[2026-06-22T08:12:05.309+0300] {taskinstance.py:430} INFO - ::endgroup::
[2026-06-22T08:12:20.533+0300] {logging_mixin.py:188} INFO - [FD001] Total rows: 20631
[2026-06-22T08:12:22.451+0300] {logging_mixin.py:188} INFO - +---------+--------------+------------+------------+------------+------+------+-------+-------+-----+-----+------+-------+-------+---+-----+------+-------+-------+------+----+---+----+-----+-----+-------+-----------+---+-----------------+-------------------+
|engine_id|time_in_cycles|op_setting_1|op_setting_2|op_setting_3|    s1|    s2|     s3|     s4|   s5|   s6|    s7|     s8|     s9|s10|  s11|   s12|    s13|    s14|   s15| s16|s17| s18|  s19|  s20|    s21|source_file|rul|   rolling_avg_s2|     rolling_std_s2|
+---------+--------------+------------+------------+------------+------+------+-------+-------+-----+-----+------+-------+-------+---+-----+------+-------+-------+------+----+---+----+-----+-----+-------+-----------+---+-----------------+-------------------+
|        1|             1|     -7.0E-4|     -4.0E-4|       100.0|518.67|641.82| 1589.7| 1400.6|14.62|21.61|554.36|2388.06|9046.19|1.3|47.47|521.66|2388.02|8138.62|8.4195|0.03|392|2388|100.0|39.06| 23.419|      FD001|191|           641.82|                0.0|
|        1|             2|      0.0019|     -3.0E-4|       100.0|518.67|642.15|1591.82|1403.14|14.62|21.61|553.75|2388.04|9044.07|1.3|47.49|522.28|2388.07|8131.49|8.4318|0.03|392|2388|100.0| 39.0|23.4236|      FD001|190|          641.985|0.23334523779150923|
|        1|             3|     -0.0043|      3.0E-4|       100.0|518.67|642.35|1587.99| 1404.2|14.62|21.61|554.26|2388.08|9052.94|1.3|47.27|522.42|2388.03|8133.23|8.4178|0.03|390|2388|100.0|38.95|23.3442|      FD001|189|642.1066666666667| 0.2676440422152594|
|        1|             4|      7.0E-4|         0.0|       100.0|518.67|642.35|1582.79|1401.87|14.62|21.61|554.45|2388.11|9049.48|1.3|47.13|522.86|2388.08|8133.83|8.3682|0.03|392|2388|100.0|38.88|23.3739|      FD001|188|         642.1675|0.25011663945712914|
|        1|             5|     -0.0019|     -2.0E-4|       100.0|518.67|642.37|1582.85|1406.22|14.62|21.61| 554.0|2388.06|9055.15|1.3|47.28|522.19|2388.04| 8133.8|8.4294|0.03|393|2388|100.0| 38.9|23.4044|      FD001|187|          642.208| 0.2347764894532554|
+---------+--------------+------------+------------+------------+------+------+-------+-------+-----+-----+------+-------+-------+---+-----+------+-------+-------+------+----+---+----+-----+-----+-------+-----------+---+-----------------+-------------------+
only showing top 5 rows
[2026-06-22T08:12:33.907+0300] {logging_mixin.py:188} INFO - [FD001] Saved to PostgreSQL successfully.
[2026-06-22T08:12:34.125+0300] {python.py:237} INFO - Done. Returned value was: None
[2026-06-22T08:12:34.125+0300] {taskinstance.py:441} INFO - ::group::Post task execution logs
[2026-06-22T08:12:34.131+0300] {taskinstance.py:1205} INFO - Marking task as SUCCESS. dag_id=anomx_pipeline, task_id=process_FD001, execution_date=20260621T000000, start_date=20260622T051205, end_date=20260622T051234
[2026-06-22T08:12:34.187+0300] {local_task_job_runner.py:240} INFO - Task exited with return code 0
[2026-06-22T08:12:34.208+0300] {taskinstance.py:3482} INFO - 0 downstream tasks scheduled from follow-on schedule check
[2026-06-22T08:12:34.209+0300] {local_task_job_runner.py:222} INFO - ::endgroup::
