[2026-06-21T21:39:33.307+0300] {processor.py:161} INFO - Started process (PID=15144) to work on /media/data/omar/programming course/DEPI/DEPI project/anomx/venv/lib/python3.12/site-packages/airflow/example_dags/example_branch_operator.py
[2026-06-21T21:39:33.308+0300] {processor.py:830} INFO - Processing file /media/data/omar/programming course/DEPI/DEPI project/anomx/venv/lib/python3.12/site-packages/airflow/example_dags/example_branch_operator.py for tasks to queue
[2026-06-21T21:39:33.311+0300] {logging_mixin.py:188} INFO - [2026-06-21T21:39:33.310+0300] {dagbag.py:540} INFO - Filling up the DagBag from /media/data/omar/programming course/DEPI/DEPI project/anomx/venv/lib/python3.12/site-packages/airflow/example_dags/example_branch_operator.py
[2026-06-21T21:39:33.330+0300] {processor.py:840} INFO - DAG(s) 'example_branch_operator' retrieved from /media/data/omar/programming course/DEPI/DEPI project/anomx/venv/lib/python3.12/site-packages/airflow/example_dags/example_branch_operator.py
[2026-06-21T21:39:33.515+0300] {logging_mixin.py:188} INFO - [2026-06-21T21:39:33.514+0300] {override.py:1829} INFO - Created Permission View: can edit on DAG:example_branch_operator
[2026-06-21T21:39:33.533+0300] {logging_mixin.py:188} INFO - [2026-06-21T21:39:33.532+0300] {override.py:1829} INFO - Created Permission View: can read on DAG:example_branch_operator
[2026-06-21T21:39:33.548+0300] {logging_mixin.py:188} INFO - [2026-06-21T21:39:33.548+0300] {override.py:1829} INFO - Created Permission View: can delete on DAG:example_branch_operator
[2026-06-21T21:39:33.549+0300] {logging_mixin.py:188} INFO - [2026-06-21T21:39:33.549+0300] {dag.py:3096} INFO - Sync 1 DAGs
[2026-06-21T21:39:33.561+0300] {logging_mixin.py:188} INFO - [2026-06-21T21:39:33.561+0300] {dag.py:3118} INFO - Creating ORM DAG for example_branch_operator
[2026-06-21T21:39:33.571+0300] {logging_mixin.py:188} INFO - [2026-06-21T21:39:33.570+0300] {dag.py:3954} INFO - Setting next_dagrun for example_branch_operator to 2026-06-20 00:00:00+00:00, run_after=2026-06-21 00:00:00+00:00
[2026-06-21T21:39:33.600+0300] {processor.py:183} INFO - Processing /media/data/omar/programming course/DEPI/DEPI project/anomx/venv/lib/python3.12/site-packages/airflow/example_dags/example_branch_operator.py took 0.306 seconds
[2026-06-21T21:40:35.994+0300] {processor.py:161} INFO - Started process (PID=15248) to work on /media/data/omar/programming course/DEPI/DEPI project/anomx/venv/lib/python3.12/site-packages/airflow/example_dags/example_branch_operator.py
[2026-06-21T21:40:35.995+0300] {processor.py:830} INFO - Processing file /media/data/omar/programming course/DEPI/DEPI project/anomx/venv/lib/python3.12/site-packages/airflow/example_dags/example_branch_operator.py for tasks to queue
[2026-06-21T21:40:35.998+0300] {logging_mixin.py:188} INFO - [2026-06-21T21:40:35.998+0300] {dagbag.py:540} INFO - Filling up the DagBag from /media/data/omar/programming course/DEPI/DEPI project/anomx/venv/lib/python3.12/site-packages/airflow/example_dags/example_branch_operator.py
[2026-06-21T21:40:36.024+0300] {processor.py:840} INFO - DAG(s) 'example_branch_operator' retrieved from /media/data/omar/programming course/DEPI/DEPI project/anomx/venv/lib/python3.12/site-packages/airflow/example_dags/example_branch_operator.py
[2026-06-21T21:40:36.045+0300] {logging_mixin.py:188} INFO - [2026-06-21T21:40:36.045+0300] {dag.py:3096} INFO - Sync 1 DAGs
[2026-06-21T21:40:36.061+0300] {logging_mixin.py:188} INFO - [2026-06-21T21:40:36.060+0300] {dag.py:3954} INFO - Setting next_dagrun for example_branch_operator to 2026-06-20 00:00:00+00:00, run_after=2026-06-21 00:00:00+00:00
[2026-06-21T21:40:36.088+0300] {processor.py:183} INFO - Processing /media/data/omar/programming course/DEPI/DEPI project/anomx/venv/lib/python3.12/site-packages/airflow/example_dags/example_branch_operator.py took 0.104 seconds
[2026-06-21T21:41:38.503+0300] {processor.py:161} INFO - Started process (PID=15392) to work on /media/data/omar/programming course/DEPI/DEPI project/anomx/venv/lib/python3.12/site-packages/airflow/example_dags/example_branch_operator.py
[2026-06-21T21:41:38.504+0300] {processor.py:830} INFO - Processing file /media/data/omar/programming course/DEPI/DEPI project/anomx/venv/lib/python3.12/site-packages/airflow/example_dags/example_branch_operator.py for tasks to queue
[2026-06-21T21:41:38.506+0300] {logging_mixin.py:188} INFO - [2026-06-21T21:41:38.506+0300] {dagbag.py:540} INFO - Filling up the DagBag from /media/data/omar/programming course/DEPI/DEPI project/anomx/venv/lib/python3.12/site-packages/airflow/example_dags/example_branch_operator.py
[2026-06-21T21:41:38.524+0300] {processor.py:840} INFO - DAG(s) 'example_branch_operator' retrieved from /media/data/omar/programming course/DEPI/DEPI project/anomx/venv/lib/python3.12/site-packages/airflow/example_dags/example_branch_operator.py
[2026-06-21T21:41:38.548+0300] {logging_mixin.py:188} INFO - [2026-06-21T21:41:38.547+0300] {dag.py:3096} INFO - Sync 1 DAGs
[2026-06-21T21:41:38.566+0300] {logging_mixin.py:188} INFO - [2026-06-21T21:41:38.565+0300] {dag.py:3954} INFO - Setting next_dagrun for example_branch_operator to 2026-06-20 00:00:00+00:00, run_after=2026-06-21 00:00:00+00:00
[2026-06-21T21:41:38.603+0300] {processor.py:183} INFO - Processing /media/data/omar/programming course/DEPI/DEPI project/anomx/venv/lib/python3.12/site-packages/airflow/example_dags/example_branch_operator.py took 0.108 seconds
[2026-06-21T21:42:45.768+0300] {processor.py:161} INFO - Started process (PID=15501) to work on /media/data/omar/programming course/DEPI/DEPI project/anomx/venv/lib/python3.12/site-packages/airflow/example_dags/example_branch_operator.py
[2026-06-21T21:42:45.770+0300] {processor.py:830} INFO - Processing file /media/data/omar/programming course/DEPI/DEPI project/anomx/venv/lib/python3.12/site-packages/airflow/example_dags/example_branch_operator.py for tasks to queue
[2026-06-21T21:42:45.773+0300] {logging_mixin.py:188} INFO - [2026-06-21T21:42:45.772+0300] {dagbag.py:540} INFO - Filling up the DagBag from /media/data/omar/programming course/DEPI/DEPI project/anomx/venv/lib/python3.12/site-packages/airflow/example_dags/example_branch_operator.py
[2026-06-21T21:42:45.795+0300] {processor.py:840} INFO - DAG(s) 'example_branch_operator' retrieved from /media/data/omar/programming course/DEPI/DEPI project/anomx/venv/lib/python3.12/site-packages/airflow/example_dags/example_branch_operator.py
[2026-06-21T21:42:45.817+0300] {logging_mixin.py:188} INFO - [2026-06-21T21:42:45.817+0300] {dag.py:3096} INFO - Sync 1 DAGs
[2026-06-21T21:42:45.834+0300] {logging_mixin.py:188} INFO - [2026-06-21T21:42:45.834+0300] {dag.py:3954} INFO - Setting next_dagrun for example_branch_operator to 2026-06-20 00:00:00+00:00, run_after=2026-06-21 00:00:00+00:00
[2026-06-21T21:42:45.861+0300] {processor.py:183} INFO - Processing /media/data/omar/programming course/DEPI/DEPI project/anomx/venv/lib/python3.12/site-packages/airflow/example_dags/example_branch_operator.py took 0.113 seconds
[2026-06-21T21:43:46.152+0300] {processor.py:161} INFO - Started process (PID=15700) to work on /media/data/omar/programming course/DEPI/DEPI project/anomx/venv/lib/python3.12/site-packages/airflow/example_dags/example_branch_operator.py
[2026-06-21T21:43:46.153+0300] {processor.py:830} INFO - Processing file /media/data/omar/programming course/DEPI/DEPI project/anomx/venv/lib/python3.12/site-packages/airflow/example_dags/example_branch_operator.py for tasks to queue
[2026-06-21T21:43:46.155+0300] {logging_mixin.py:188} INFO - [2026-06-21T21:43:46.155+0300] {dagbag.py:540} INFO - Filling up the DagBag from /media/data/omar/programming course/DEPI/DEPI project/anomx/venv/lib/python3.12/site-packages/airflow/example_dags/example_branch_operator.py
[2026-06-21T21:43:46.180+0300] {processor.py:840} INFO - DAG(s) 'example_branch_operator' retrieved from /media/data/omar/programming course/DEPI/DEPI project/anomx/venv/lib/python3.12/site-packages/airflow/example_dags/example_branch_operator.py
[2026-06-21T21:43:46.215+0300] {logging_mixin.py:188} INFO - [2026-06-21T21:43:46.214+0300] {dag.py:3096} INFO - Sync 1 DAGs
[2026-06-21T21:43:46.247+0300] {logging_mixin.py:188} INFO - [2026-06-21T21:43:46.246+0300] {dag.py:3954} INFO - Setting next_dagrun for example_branch_operator to 2026-06-20 00:00:00+00:00, run_after=2026-06-21 00:00:00+00:00
[2026-06-21T21:43:46.290+0300] {processor.py:183} INFO - Processing /media/data/omar/programming course/DEPI/DEPI project/anomx/venv/lib/python3.12/site-packages/airflow/example_dags/example_branch_operator.py took 0.147 seconds
[2026-06-21T21:44:43.981+0300] {processor.py:161} INFO - Started process (PID=15817) to work on /media/data/omar/programming course/DEPI/DEPI project/anomx/venv/lib/python3.12/site-packages/airflow/example_dags/example_branch_operator.py
[2026-06-21T21:44:43.983+0300] {processor.py:830} INFO - Processing file /media/data/omar/programming course/DEPI/DEPI project/anomx/venv/lib/python3.12/site-packages/airflow/example_dags/example_branch_operator.py for tasks to queue
[2026-06-21T21:44:43.989+0300] {logging_mixin.py:188} INFO - [2026-06-21T21:44:43.986+0300] {dagbag.py:540} INFO - Filling up the DagBag from /media/data/omar/programming course/DEPI/DEPI project/anomx/venv/lib/python3.12/site-packages/airflow/example_dags/example_branch_operator.py
[2026-06-21T21:44:44.050+0300] {processor.py:840} INFO - DAG(s) 'example_branch_operator' retrieved from /media/data/omar/programming course/DEPI/DEPI project/anomx/venv/lib/python3.12/site-packages/airflow/example_dags/example_branch_operator.py
[2026-06-21T21:44:44.093+0300] {logging_mixin.py:188} INFO - [2026-06-21T21:44:44.092+0300] {dag.py:3096} INFO - Sync 1 DAGs
[2026-06-21T21:44:44.137+0300] {logging_mixin.py:188} INFO - [2026-06-21T21:44:44.136+0300] {dag.py:3954} INFO - Setting next_dagrun for example_branch_operator to 2026-06-20 00:00:00+00:00, run_after=2026-06-21 00:00:00+00:00
[2026-06-21T21:44:44.182+0300] {processor.py:183} INFO - Processing /media/data/omar/programming course/DEPI/DEPI project/anomx/venv/lib/python3.12/site-packages/airflow/example_dags/example_branch_operator.py took 0.215 seconds
[2026-06-21T21:47:19.826+0300] {processor.py:161} INFO - Started process (PID=16125) to work on /media/data/omar/programming course/DEPI/DEPI project/anomx/venv/lib/python3.12/site-packages/airflow/example_dags/example_branch_operator.py
[2026-06-21T21:47:19.828+0300] {processor.py:830} INFO - Processing file /media/data/omar/programming course/DEPI/DEPI project/anomx/venv/lib/python3.12/site-packages/airflow/example_dags/example_branch_operator.py for tasks to queue
[2026-06-21T21:47:19.832+0300] {logging_mixin.py:188} INFO - [2026-06-21T21:47:19.831+0300] {dagbag.py:540} INFO - Filling up the DagBag from /media/data/omar/programming course/DEPI/DEPI project/anomx/venv/lib/python3.12/site-packages/airflow/example_dags/example_branch_operator.py
[2026-06-21T21:47:19.854+0300] {processor.py:840} INFO - DAG(s) 'example_branch_operator' retrieved from /media/data/omar/programming course/DEPI/DEPI project/anomx/venv/lib/python3.12/site-packages/airflow/example_dags/example_branch_operator.py
[2026-06-21T21:47:19.877+0300] {logging_mixin.py:188} INFO - [2026-06-21T21:47:19.876+0300] {dag.py:3096} INFO - Sync 1 DAGs
[2026-06-21T21:47:19.897+0300] {logging_mixin.py:188} INFO - [2026-06-21T21:47:19.897+0300] {dag.py:3954} INFO - Setting next_dagrun for example_branch_operator to 2026-06-20 00:00:00+00:00, run_after=2026-06-21 00:00:00+00:00
[2026-06-21T21:47:19.928+0300] {processor.py:183} INFO - Processing /media/data/omar/programming course/DEPI/DEPI project/anomx/venv/lib/python3.12/site-packages/airflow/example_dags/example_branch_operator.py took 0.116 seconds
[2026-06-21T21:48:20.822+0300] {processor.py:161} INFO - Started process (PID=16217) to work on /media/data/omar/programming course/DEPI/DEPI project/anomx/venv/lib/python3.12/site-packages/airflow/example_dags/example_branch_operator.py
[2026-06-21T21:48:20.823+0300] {processor.py:830} INFO - Processing file /media/data/omar/programming course/DEPI/DEPI project/anomx/venv/lib/python3.12/site-packages/airflow/example_dags/example_branch_operator.py for tasks to queue
[2026-06-21T21:48:20.826+0300] {logging_mixin.py:188} INFO - [2026-06-21T21:48:20.825+0300] {dagbag.py:540} INFO - Filling up the DagBag from /media/data/omar/programming course/DEPI/DEPI project/anomx/venv/lib/python3.12/site-packages/airflow/example_dags/example_branch_operator.py
[2026-06-21T21:48:20.854+0300] {processor.py:840} INFO - DAG(s) 'example_branch_operator' retrieved from /media/data/omar/programming course/DEPI/DEPI project/anomx/venv/lib/python3.12/site-packages/airflow/example_dags/example_branch_operator.py
[2026-06-21T21:48:20.878+0300] {logging_mixin.py:188} INFO - [2026-06-21T21:48:20.878+0300] {dag.py:3096} INFO - Sync 1 DAGs
[2026-06-21T21:48:20.897+0300] {logging_mixin.py:188} INFO - [2026-06-21T21:48:20.897+0300] {dag.py:3954} INFO - Setting next_dagrun for example_branch_operator to 2026-06-20 00:00:00+00:00, run_after=2026-06-21 00:00:00+00:00
[2026-06-21T21:48:20.925+0300] {processor.py:183} INFO - Processing /media/data/omar/programming course/DEPI/DEPI project/anomx/venv/lib/python3.12/site-packages/airflow/example_dags/example_branch_operator.py took 0.114 seconds
[2026-06-21T21:49:20.353+0300] {processor.py:161} INFO - Started process (PID=16309) to work on /media/data/omar/programming course/DEPI/DEPI project/anomx/venv/lib/python3.12/site-packages/airflow/example_dags/example_branch_operator.py
[2026-06-21T21:49:20.355+0300] {processor.py:830} INFO - Processing file /media/data/omar/programming course/DEPI/DEPI project/anomx/venv/lib/python3.12/site-packages/airflow/example_dags/example_branch_operator.py for tasks to queue
[2026-06-21T21:49:20.360+0300] {logging_mixin.py:188} INFO - [2026-06-21T21:49:20.358+0300] {dagbag.py:540} INFO - Filling up the DagBag from /media/data/omar/programming course/DEPI/DEPI project/anomx/venv/lib/python3.12/site-packages/airflow/example_dags/example_branch_operator.py
[2026-06-21T21:49:20.384+0300] {processor.py:840} INFO - DAG(s) 'example_branch_operator' retrieved from /media/data/omar/programming course/DEPI/DEPI project/anomx/venv/lib/python3.12/site-packages/airflow/example_dags/example_branch_operator.py
[2026-06-21T21:49:20.406+0300] {logging_mixin.py:188} INFO - [2026-06-21T21:49:20.406+0300] {dag.py:3096} INFO - Sync 1 DAGs
[2026-06-21T21:49:20.425+0300] {logging_mixin.py:188} INFO - [2026-06-21T21:49:20.424+0300] {dag.py:3954} INFO - Setting next_dagrun for example_branch_operator to 2026-06-20 00:00:00+00:00, run_after=2026-06-21 00:00:00+00:00
[2026-06-21T21:49:20.456+0300] {processor.py:183} INFO - Processing /media/data/omar/programming course/DEPI/DEPI project/anomx/venv/lib/python3.12/site-packages/airflow/example_dags/example_branch_operator.py took 0.123 seconds
[2026-06-21T21:51:44.197+0300] {processor.py:161} INFO - Started process (PID=16561) to work on /media/data/omar/programming course/DEPI/DEPI project/anomx/venv/lib/python3.12/site-packages/airflow/example_dags/example_branch_operator.py
[2026-06-21T21:51:44.198+0300] {processor.py:830} INFO - Processing file /media/data/omar/programming course/DEPI/DEPI project/anomx/venv/lib/python3.12/site-packages/airflow/example_dags/example_branch_operator.py for tasks to queue
[2026-06-21T21:51:44.200+0300] {logging_mixin.py:188} INFO - [2026-06-21T21:51:44.199+0300] {dagbag.py:540} INFO - Filling up the DagBag from /media/data/omar/programming course/DEPI/DEPI project/anomx/venv/lib/python3.12/site-packages/airflow/example_dags/example_branch_operator.py
[2026-06-21T21:51:44.217+0300] {processor.py:840} INFO - DAG(s) 'example_branch_operator' retrieved from /media/data/omar/programming course/DEPI/DEPI project/anomx/venv/lib/python3.12/site-packages/airflow/example_dags/example_branch_operator.py
[2026-06-21T21:51:44.239+0300] {logging_mixin.py:188} INFO - [2026-06-21T21:51:44.239+0300] {dag.py:3096} INFO - Sync 1 DAGs
[2026-06-21T21:51:44.258+0300] {logging_mixin.py:188} INFO - [2026-06-21T21:51:44.258+0300] {dag.py:3954} INFO - Setting next_dagrun for example_branch_operator to 2026-06-20 00:00:00+00:00, run_after=2026-06-21 00:00:00+00:00
[2026-06-21T21:51:44.287+0300] {processor.py:183} INFO - Processing /media/data/omar/programming course/DEPI/DEPI project/anomx/venv/lib/python3.12/site-packages/airflow/example_dags/example_branch_operator.py took 0.096 seconds
[2026-06-21T21:53:07.529+0300] {processor.py:161} INFO - Started process (PID=16719) to work on /media/data/omar/programming course/DEPI/DEPI project/anomx/venv/lib/python3.12/site-packages/airflow/example_dags/example_branch_operator.py
[2026-06-21T21:53:07.531+0300] {processor.py:830} INFO - Processing file /media/data/omar/programming course/DEPI/DEPI project/anomx/venv/lib/python3.12/site-packages/airflow/example_dags/example_branch_operator.py for tasks to queue
[2026-06-21T21:53:07.534+0300] {logging_mixin.py:188} INFO - [2026-06-21T21:53:07.533+0300] {dagbag.py:540} INFO - Filling up the DagBag from /media/data/omar/programming course/DEPI/DEPI project/anomx/venv/lib/python3.12/site-packages/airflow/example_dags/example_branch_operator.py
[2026-06-21T21:53:07.555+0300] {processor.py:840} INFO - DAG(s) 'example_branch_operator' retrieved from /media/data/omar/programming course/DEPI/DEPI project/anomx/venv/lib/python3.12/site-packages/airflow/example_dags/example_branch_operator.py
[2026-06-21T21:53:07.574+0300] {logging_mixin.py:188} INFO - [2026-06-21T21:53:07.574+0300] {dag.py:3096} INFO - Sync 1 DAGs
[2026-06-21T21:53:07.591+0300] {logging_mixin.py:188} INFO - [2026-06-21T21:53:07.591+0300] {dag.py:3954} INFO - Setting next_dagrun for example_branch_operator to 2026-06-20 00:00:00+00:00, run_after=2026-06-21 00:00:00+00:00
[2026-06-21T21:53:07.618+0300] {processor.py:183} INFO - Processing /media/data/omar/programming course/DEPI/DEPI project/anomx/venv/lib/python3.12/site-packages/airflow/example_dags/example_branch_operator.py took 0.105 seconds
[2026-06-21T21:54:03.282+0300] {processor.py:161} INFO - Started process (PID=16810) to work on /media/data/omar/programming course/DEPI/DEPI project/anomx/venv/lib/python3.12/site-packages/airflow/example_dags/example_branch_operator.py
[2026-06-21T21:54:03.284+0300] {processor.py:830} INFO - Processing file /media/data/omar/programming course/DEPI/DEPI project/anomx/venv/lib/python3.12/site-packages/airflow/example_dags/example_branch_operator.py for tasks to queue
[2026-06-21T21:54:03.287+0300] {logging_mixin.py:188} INFO - [2026-06-21T21:54:03.286+0300] {dagbag.py:540} INFO - Filling up the DagBag from /media/data/omar/programming course/DEPI/DEPI project/anomx/venv/lib/python3.12/site-packages/airflow/example_dags/example_branch_operator.py
[2026-06-21T21:54:03.308+0300] {processor.py:840} INFO - DAG(s) 'example_branch_operator' retrieved from /media/data/omar/programming course/DEPI/DEPI project/anomx/venv/lib/python3.12/site-packages/airflow/example_dags/example_branch_operator.py
[2026-06-21T21:54:03.329+0300] {logging_mixin.py:188} INFO - [2026-06-21T21:54:03.328+0300] {dag.py:3096} INFO - Sync 1 DAGs
[2026-06-21T21:54:03.346+0300] {logging_mixin.py:188} INFO - [2026-06-21T21:54:03.346+0300] {dag.py:3954} INFO - Setting next_dagrun for example_branch_operator to 2026-06-20 00:00:00+00:00, run_after=2026-06-21 00:00:00+00:00
[2026-06-21T21:54:03.373+0300] {processor.py:183} INFO - Processing /media/data/omar/programming course/DEPI/DEPI project/anomx/venv/lib/python3.12/site-packages/airflow/example_dags/example_branch_operator.py took 0.107 seconds
[2026-06-21T21:55:00.599+0300] {processor.py:161} INFO - Started process (PID=16901) to work on /media/data/omar/programming course/DEPI/DEPI project/anomx/venv/lib/python3.12/site-packages/airflow/example_dags/example_branch_operator.py
[2026-06-21T21:55:00.601+0300] {processor.py:830} INFO - Processing file /media/data/omar/programming course/DEPI/DEPI project/anomx/venv/lib/python3.12/site-packages/airflow/example_dags/example_branch_operator.py for tasks to queue
[2026-06-21T21:55:00.603+0300] {logging_mixin.py:188} INFO - [2026-06-21T21:55:00.602+0300] {dagbag.py:540} INFO - Filling up the DagBag from /media/data/omar/programming course/DEPI/DEPI project/anomx/venv/lib/python3.12/site-packages/airflow/example_dags/example_branch_operator.py
[2026-06-21T21:55:00.627+0300] {processor.py:840} INFO - DAG(s) 'example_branch_operator' retrieved from /media/data/omar/programming course/DEPI/DEPI project/anomx/venv/lib/python3.12/site-packages/airflow/example_dags/example_branch_operator.py
[2026-06-21T21:55:00.648+0300] {logging_mixin.py:188} INFO - [2026-06-21T21:55:00.647+0300] {dag.py:3096} INFO - Sync 1 DAGs
[2026-06-21T21:55:00.664+0300] {logging_mixin.py:188} INFO - [2026-06-21T21:55:00.664+0300] {dag.py:3954} INFO - Setting next_dagrun for example_branch_operator to 2026-06-20 00:00:00+00:00, run_after=2026-06-21 00:00:00+00:00
[2026-06-21T21:55:00.691+0300] {processor.py:183} INFO - Processing /media/data/omar/programming course/DEPI/DEPI project/anomx/venv/lib/python3.12/site-packages/airflow/example_dags/example_branch_operator.py took 0.099 seconds
[2026-06-21T21:55:55.695+0300] {processor.py:161} INFO - Started process (PID=16997) to work on /media/data/omar/programming course/DEPI/DEPI project/anomx/venv/lib/python3.12/site-packages/airflow/example_dags/example_branch_operator.py
[2026-06-21T21:55:55.696+0300] {processor.py:830} INFO - Processing file /media/data/omar/programming course/DEPI/DEPI project/anomx/venv/lib/python3.12/site-packages/airflow/example_dags/example_branch_operator.py for tasks to queue
[2026-06-21T21:55:55.699+0300] {logging_mixin.py:188} INFO - [2026-06-21T21:55:55.699+0300] {dagbag.py:540} INFO - Filling up the DagBag from /media/data/omar/programming course/DEPI/DEPI project/anomx/venv/lib/python3.12/site-packages/airflow/example_dags/example_branch_operator.py
[2026-06-21T21:55:55.720+0300] {processor.py:840} INFO - DAG(s) 'example_branch_operator' retrieved from /media/data/omar/programming course/DEPI/DEPI project/anomx/venv/lib/python3.12/site-packages/airflow/example_dags/example_branch_operator.py
[2026-06-21T21:55:55.742+0300] {logging_mixin.py:188} INFO - [2026-06-21T21:55:55.741+0300] {dag.py:3096} INFO - Sync 1 DAGs
[2026-06-21T21:55:55.759+0300] {logging_mixin.py:188} INFO - [2026-06-21T21:55:55.758+0300] {dag.py:3954} INFO - Setting next_dagrun for example_branch_operator to 2026-06-20 00:00:00+00:00, run_after=2026-06-21 00:00:00+00:00
[2026-06-21T21:55:55.788+0300] {processor.py:183} INFO - Processing /media/data/omar/programming course/DEPI/DEPI project/anomx/venv/lib/python3.12/site-packages/airflow/example_dags/example_branch_operator.py took 0.110 seconds
[2026-06-21T21:57:12.725+0300] {processor.py:161} INFO - Started process (PID=17127) to work on /media/data/omar/programming course/DEPI/DEPI project/anomx/venv/lib/python3.12/site-packages/airflow/example_dags/example_branch_operator.py
[2026-06-21T21:57:12.726+0300] {processor.py:830} INFO - Processing file /media/data/omar/programming course/DEPI/DEPI project/anomx/venv/lib/python3.12/site-packages/airflow/example_dags/example_branch_operator.py for tasks to queue
[2026-06-21T21:57:12.728+0300] {logging_mixin.py:188} INFO - [2026-06-21T21:57:12.728+0300] {dagbag.py:540} INFO - Filling up the DagBag from /media/data/omar/programming course/DEPI/DEPI project/anomx/venv/lib/python3.12/site-packages/airflow/example_dags/example_branch_operator.py
[2026-06-21T21:57:12.753+0300] {processor.py:840} INFO - DAG(s) 'example_branch_operator' retrieved from /media/data/omar/programming course/DEPI/DEPI project/anomx/venv/lib/python3.12/site-packages/airflow/example_dags/example_branch_operator.py
[2026-06-21T21:57:12.781+0300] {logging_mixin.py:188} INFO - [2026-06-21T21:57:12.781+0300] {dag.py:3096} INFO - Sync 1 DAGs
[2026-06-21T21:57:12.800+0300] {logging_mixin.py:188} INFO - [2026-06-21T21:57:12.800+0300] {dag.py:3954} INFO - Setting next_dagrun for example_branch_operator to 2026-06-20 00:00:00+00:00, run_after=2026-06-21 00:00:00+00:00
[2026-06-21T21:57:12.828+0300] {processor.py:183} INFO - Processing /media/data/omar/programming course/DEPI/DEPI project/anomx/venv/lib/python3.12/site-packages/airflow/example_dags/example_branch_operator.py took 0.109 seconds
[2026-06-21T21:58:35.056+0300] {processor.py:161} INFO - Started process (PID=17263) to work on /media/data/omar/programming course/DEPI/DEPI project/anomx/venv/lib/python3.12/site-packages/airflow/example_dags/example_branch_operator.py
[2026-06-21T21:58:35.058+0300] {processor.py:830} INFO - Processing file /media/data/omar/programming course/DEPI/DEPI project/anomx/venv/lib/python3.12/site-packages/airflow/example_dags/example_branch_operator.py for tasks to queue
[2026-06-21T21:58:35.061+0300] {logging_mixin.py:188} INFO - [2026-06-21T21:58:35.061+0300] {dagbag.py:540} INFO - Filling up the DagBag from /media/data/omar/programming course/DEPI/DEPI project/anomx/venv/lib/python3.12/site-packages/airflow/example_dags/example_branch_operator.py
[2026-06-21T21:58:35.084+0300] {processor.py:840} INFO - DAG(s) 'example_branch_operator' retrieved from /media/data/omar/programming course/DEPI/DEPI project/anomx/venv/lib/python3.12/site-packages/airflow/example_dags/example_branch_operator.py
[2026-06-21T21:58:35.105+0300] {logging_mixin.py:188} INFO - [2026-06-21T21:58:35.104+0300] {dag.py:3096} INFO - Sync 1 DAGs
[2026-06-21T21:58:35.125+0300] {logging_mixin.py:188} INFO - [2026-06-21T21:58:35.125+0300] {dag.py:3954} INFO - Setting next_dagrun for example_branch_operator to 2026-06-20 00:00:00+00:00, run_after=2026-06-21 00:00:00+00:00
[2026-06-21T21:58:35.152+0300] {processor.py:183} INFO - Processing /media/data/omar/programming course/DEPI/DEPI project/anomx/venv/lib/python3.12/site-packages/airflow/example_dags/example_branch_operator.py took 0.114 seconds
[2026-06-21T21:59:31.156+0300] {processor.py:161} INFO - Started process (PID=17352) to work on /media/data/omar/programming course/DEPI/DEPI project/anomx/venv/lib/python3.12/site-packages/airflow/example_dags/example_branch_operator.py
[2026-06-21T21:59:31.157+0300] {processor.py:830} INFO - Processing file /media/data/omar/programming course/DEPI/DEPI project/anomx/venv/lib/python3.12/site-packages/airflow/example_dags/example_branch_operator.py for tasks to queue
[2026-06-21T21:59:31.160+0300] {logging_mixin.py:188} INFO - [2026-06-21T21:59:31.159+0300] {dagbag.py:540} INFO - Filling up the DagBag from /media/data/omar/programming course/DEPI/DEPI project/anomx/venv/lib/python3.12/site-packages/airflow/example_dags/example_branch_operator.py
[2026-06-21T21:59:31.186+0300] {processor.py:840} INFO - DAG(s) 'example_branch_operator' retrieved from /media/data/omar/programming course/DEPI/DEPI project/anomx/venv/lib/python3.12/site-packages/airflow/example_dags/example_branch_operator.py
[2026-06-21T21:59:31.208+0300] {logging_mixin.py:188} INFO - [2026-06-21T21:59:31.208+0300] {dag.py:3096} INFO - Sync 1 DAGs
[2026-06-21T21:59:31.226+0300] {logging_mixin.py:188} INFO - [2026-06-21T21:59:31.225+0300] {dag.py:3954} INFO - Setting next_dagrun for example_branch_operator to 2026-06-20 00:00:00+00:00, run_after=2026-06-21 00:00:00+00:00
[2026-06-21T21:59:31.252+0300] {processor.py:183} INFO - Processing /media/data/omar/programming course/DEPI/DEPI project/anomx/venv/lib/python3.12/site-packages/airflow/example_dags/example_branch_operator.py took 0.104 seconds
[2026-06-21T22:00:27.931+0300] {processor.py:161} INFO - Started process (PID=17447) to work on /media/data/omar/programming course/DEPI/DEPI project/anomx/venv/lib/python3.12/site-packages/airflow/example_dags/example_branch_operator.py
[2026-06-21T22:00:27.932+0300] {processor.py:830} INFO - Processing file /media/data/omar/programming course/DEPI/DEPI project/anomx/venv/lib/python3.12/site-packages/airflow/example_dags/example_branch_operator.py for tasks to queue
[2026-06-21T22:00:27.935+0300] {logging_mixin.py:188} INFO - [2026-06-21T22:00:27.934+0300] {dagbag.py:540} INFO - Filling up the DagBag from /media/data/omar/programming course/DEPI/DEPI project/anomx/venv/lib/python3.12/site-packages/airflow/example_dags/example_branch_operator.py
[2026-06-21T22:00:27.954+0300] {processor.py:840} INFO - DAG(s) 'example_branch_operator' retrieved from /media/data/omar/programming course/DEPI/DEPI project/anomx/venv/lib/python3.12/site-packages/airflow/example_dags/example_branch_operator.py
[2026-06-21T22:00:27.976+0300] {logging_mixin.py:188} INFO - [2026-06-21T22:00:27.975+0300] {dag.py:3096} INFO - Sync 1 DAGs
[2026-06-21T22:00:27.992+0300] {logging_mixin.py:188} INFO - [2026-06-21T22:00:27.992+0300] {dag.py:3954} INFO - Setting next_dagrun for example_branch_operator to 2026-06-20 00:00:00+00:00, run_after=2026-06-21 00:00:00+00:00
[2026-06-21T22:00:28.019+0300] {processor.py:183} INFO - Processing /media/data/omar/programming course/DEPI/DEPI project/anomx/venv/lib/python3.12/site-packages/airflow/example_dags/example_branch_operator.py took 0.100 seconds
[2026-06-21T22:01:25.459+0300] {processor.py:161} INFO - Started process (PID=17542) to work on /media/data/omar/programming course/DEPI/DEPI project/anomx/venv/lib/python3.12/site-packages/airflow/example_dags/example_branch_operator.py
[2026-06-21T22:01:25.461+0300] {processor.py:830} INFO - Processing file /media/data/omar/programming course/DEPI/DEPI project/anomx/venv/lib/python3.12/site-packages/airflow/example_dags/example_branch_operator.py for tasks to queue
[2026-06-21T22:01:25.464+0300] {logging_mixin.py:188} INFO - [2026-06-21T22:01:25.463+0300] {dagbag.py:540} INFO - Filling up the DagBag from /media/data/omar/programming course/DEPI/DEPI project/anomx/venv/lib/python3.12/site-packages/airflow/example_dags/example_branch_operator.py
[2026-06-21T22:01:25.486+0300] {processor.py:840} INFO - DAG(s) 'example_branch_operator' retrieved from /media/data/omar/programming course/DEPI/DEPI project/anomx/venv/lib/python3.12/site-packages/airflow/example_dags/example_branch_operator.py
[2026-06-21T22:01:25.507+0300] {logging_mixin.py:188} INFO - [2026-06-21T22:01:25.506+0300] {dag.py:3096} INFO - Sync 1 DAGs
[2026-06-21T22:01:25.524+0300] {logging_mixin.py:188} INFO - [2026-06-21T22:01:25.524+0300] {dag.py:3954} INFO - Setting next_dagrun for example_branch_operator to 2026-06-20 00:00:00+00:00, run_after=2026-06-21 00:00:00+00:00
[2026-06-21T22:01:25.552+0300] {processor.py:183} INFO - Processing /media/data/omar/programming course/DEPI/DEPI project/anomx/venv/lib/python3.12/site-packages/airflow/example_dags/example_branch_operator.py took 0.102 seconds
[2026-06-21T22:02:22.558+0300] {processor.py:161} INFO - Started process (PID=17632) to work on /media/data/omar/programming course/DEPI/DEPI project/anomx/venv/lib/python3.12/site-packages/airflow/example_dags/example_branch_operator.py
[2026-06-21T22:02:22.560+0300] {processor.py:830} INFO - Processing file /media/data/omar/programming course/DEPI/DEPI project/anomx/venv/lib/python3.12/site-packages/airflow/example_dags/example_branch_operator.py for tasks to queue
[2026-06-21T22:02:22.564+0300] {logging_mixin.py:188} INFO - [2026-06-21T22:02:22.563+0300] {dagbag.py:540} INFO - Filling up the DagBag from /media/data/omar/programming course/DEPI/DEPI project/anomx/venv/lib/python3.12/site-packages/airflow/example_dags/example_branch_operator.py
[2026-06-21T22:02:22.589+0300] {processor.py:840} INFO - DAG(s) 'example_branch_operator' retrieved from /media/data/omar/programming course/DEPI/DEPI project/anomx/venv/lib/python3.12/site-packages/airflow/example_dags/example_branch_operator.py
[2026-06-21T22:02:22.609+0300] {logging_mixin.py:188} INFO - [2026-06-21T22:02:22.609+0300] {dag.py:3096} INFO - Sync 1 DAGs
[2026-06-21T22:02:22.627+0300] {logging_mixin.py:188} INFO - [2026-06-21T22:02:22.627+0300] {dag.py:3954} INFO - Setting next_dagrun for example_branch_operator to 2026-06-20 00:00:00+00:00, run_after=2026-06-21 00:00:00+00:00
[2026-06-21T22:02:22.653+0300] {processor.py:183} INFO - Processing /media/data/omar/programming course/DEPI/DEPI project/anomx/venv/lib/python3.12/site-packages/airflow/example_dags/example_branch_operator.py took 0.107 seconds
[2026-06-21T22:03:22.123+0300] {processor.py:161} INFO - Started process (PID=17788) to work on /media/data/omar/programming course/DEPI/DEPI project/anomx/venv/lib/python3.12/site-packages/airflow/example_dags/example_branch_operator.py
[2026-06-21T22:03:22.124+0300] {processor.py:830} INFO - Processing file /media/data/omar/programming course/DEPI/DEPI project/anomx/venv/lib/python3.12/site-packages/airflow/example_dags/example_branch_operator.py for tasks to queue
[2026-06-21T22:03:22.127+0300] {logging_mixin.py:188} INFO - [2026-06-21T22:03:22.126+0300] {dagbag.py:540} INFO - Filling up the DagBag from /media/data/omar/programming course/DEPI/DEPI project/anomx/venv/lib/python3.12/site-packages/airflow/example_dags/example_branch_operator.py
[2026-06-21T22:03:22.153+0300] {processor.py:840} INFO - DAG(s) 'example_branch_operator' retrieved from /media/data/omar/programming course/DEPI/DEPI project/anomx/venv/lib/python3.12/site-packages/airflow/example_dags/example_branch_operator.py
[2026-06-21T22:03:22.174+0300] {logging_mixin.py:188} INFO - [2026-06-21T22:03:22.174+0300] {dag.py:3096} INFO - Sync 1 DAGs
[2026-06-21T22:03:22.191+0300] {logging_mixin.py:188} INFO - [2026-06-21T22:03:22.191+0300] {dag.py:3954} INFO - Setting next_dagrun for example_branch_operator to 2026-06-20 00:00:00+00:00, run_after=2026-06-21 00:00:00+00:00
[2026-06-21T22:03:22.219+0300] {processor.py:183} INFO - Processing /media/data/omar/programming course/DEPI/DEPI project/anomx/venv/lib/python3.12/site-packages/airflow/example_dags/example_branch_operator.py took 0.106 seconds
[2026-06-21T22:04:41.163+0300] {processor.py:161} INFO - Started process (PID=17906) to work on /media/data/omar/programming course/DEPI/DEPI project/anomx/venv/lib/python3.12/site-packages/airflow/example_dags/example_branch_operator.py
[2026-06-21T22:04:41.164+0300] {processor.py:830} INFO - Processing file /media/data/omar/programming course/DEPI/DEPI project/anomx/venv/lib/python3.12/site-packages/airflow/example_dags/example_branch_operator.py for tasks to queue
[2026-06-21T22:04:41.166+0300] {logging_mixin.py:188} INFO - [2026-06-21T22:04:41.166+0300] {dagbag.py:540} INFO - Filling up the DagBag from /media/data/omar/programming course/DEPI/DEPI project/anomx/venv/lib/python3.12/site-packages/airflow/example_dags/example_branch_operator.py
[2026-06-21T22:04:41.185+0300] {processor.py:840} INFO - DAG(s) 'example_branch_operator' retrieved from /media/data/omar/programming course/DEPI/DEPI project/anomx/venv/lib/python3.12/site-packages/airflow/example_dags/example_branch_operator.py
[2026-06-21T22:04:41.205+0300] {logging_mixin.py:188} INFO - [2026-06-21T22:04:41.205+0300] {dag.py:3096} INFO - Sync 1 DAGs
[2026-06-21T22:04:41.223+0300] {logging_mixin.py:188} INFO - [2026-06-21T22:04:41.223+0300] {dag.py:3954} INFO - Setting next_dagrun for example_branch_operator to 2026-06-20 00:00:00+00:00, run_after=2026-06-21 00:00:00+00:00
[2026-06-21T22:04:41.251+0300] {processor.py:183} INFO - Processing /media/data/omar/programming course/DEPI/DEPI project/anomx/venv/lib/python3.12/site-packages/airflow/example_dags/example_branch_operator.py took 0.099 seconds
[2026-06-21T22:05:39.698+0300] {processor.py:161} INFO - Started process (PID=18003) to work on /media/data/omar/programming course/DEPI/DEPI project/anomx/venv/lib/python3.12/site-packages/airflow/example_dags/example_branch_operator.py
[2026-06-21T22:05:39.699+0300] {processor.py:830} INFO - Processing file /media/data/omar/programming course/DEPI/DEPI project/anomx/venv/lib/python3.12/site-packages/airflow/example_dags/example_branch_operator.py for tasks to queue
[2026-06-21T22:05:39.700+0300] {logging_mixin.py:188} INFO - [2026-06-21T22:05:39.700+0300] {dagbag.py:540} INFO - Filling up the DagBag from /media/data/omar/programming course/DEPI/DEPI project/anomx/venv/lib/python3.12/site-packages/airflow/example_dags/example_branch_operator.py
[2026-06-21T22:05:39.716+0300] {processor.py:840} INFO - DAG(s) 'example_branch_operator' retrieved from /media/data/omar/programming course/DEPI/DEPI project/anomx/venv/lib/python3.12/site-packages/airflow/example_dags/example_branch_operator.py
[2026-06-21T22:05:39.737+0300] {logging_mixin.py:188} INFO - [2026-06-21T22:05:39.736+0300] {dag.py:3096} INFO - Sync 1 DAGs
[2026-06-21T22:05:39.835+0300] {logging_mixin.py:188} INFO - [2026-06-21T22:05:39.835+0300] {dag.py:3954} INFO - Setting next_dagrun for example_branch_operator to 2026-06-20 00:00:00+00:00, run_after=2026-06-21 00:00:00+00:00
[2026-06-21T22:05:39.861+0300] {processor.py:183} INFO - Processing /media/data/omar/programming course/DEPI/DEPI project/anomx/venv/lib/python3.12/site-packages/airflow/example_dags/example_branch_operator.py took 0.167 seconds
[2026-06-21T22:06:37.569+0300] {processor.py:161} INFO - Started process (PID=18093) to work on /media/data/omar/programming course/DEPI/DEPI project/anomx/venv/lib/python3.12/site-packages/airflow/example_dags/example_branch_operator.py
[2026-06-21T22:06:37.570+0300] {processor.py:830} INFO - Processing file /media/data/omar/programming course/DEPI/DEPI project/anomx/venv/lib/python3.12/site-packages/airflow/example_dags/example_branch_operator.py for tasks to queue
[2026-06-21T22:06:37.572+0300] {logging_mixin.py:188} INFO - [2026-06-21T22:06:37.572+0300] {dagbag.py:540} INFO - Filling up the DagBag from /media/data/omar/programming course/DEPI/DEPI project/anomx/venv/lib/python3.12/site-packages/airflow/example_dags/example_branch_operator.py
[2026-06-21T22:06:37.593+0300] {processor.py:840} INFO - DAG(s) 'example_branch_operator' retrieved from /media/data/omar/programming course/DEPI/DEPI project/anomx/venv/lib/python3.12/site-packages/airflow/example_dags/example_branch_operator.py
[2026-06-21T22:06:37.616+0300] {logging_mixin.py:188} INFO - [2026-06-21T22:06:37.616+0300] {dag.py:3096} INFO - Sync 1 DAGs
[2026-06-21T22:06:37.633+0300] {logging_mixin.py:188} INFO - [2026-06-21T22:06:37.632+0300] {dag.py:3954} INFO - Setting next_dagrun for example_branch_operator to 2026-06-20 00:00:00+00:00, run_after=2026-06-21 00:00:00+00:00
[2026-06-21T22:06:37.659+0300] {processor.py:183} INFO - Processing /media/data/omar/programming course/DEPI/DEPI project/anomx/venv/lib/python3.12/site-packages/airflow/example_dags/example_branch_operator.py took 0.097 seconds
[2026-06-21T22:07:35.497+0300] {processor.py:161} INFO - Started process (PID=18185) to work on /media/data/omar/programming course/DEPI/DEPI project/anomx/venv/lib/python3.12/site-packages/airflow/example_dags/example_branch_operator.py
[2026-06-21T22:07:35.499+0300] {processor.py:830} INFO - Processing file /media/data/omar/programming course/DEPI/DEPI project/anomx/venv/lib/python3.12/site-packages/airflow/example_dags/example_branch_operator.py for tasks to queue
[2026-06-21T22:07:35.502+0300] {logging_mixin.py:188} INFO - [2026-06-21T22:07:35.502+0300] {dagbag.py:540} INFO - Filling up the DagBag from /media/data/omar/programming course/DEPI/DEPI project/anomx/venv/lib/python3.12/site-packages/airflow/example_dags/example_branch_operator.py
[2026-06-21T22:07:35.524+0300] {processor.py:840} INFO - DAG(s) 'example_branch_operator' retrieved from /media/data/omar/programming course/DEPI/DEPI project/anomx/venv/lib/python3.12/site-packages/airflow/example_dags/example_branch_operator.py
[2026-06-21T22:07:35.545+0300] {logging_mixin.py:188} INFO - [2026-06-21T22:07:35.544+0300] {dag.py:3096} INFO - Sync 1 DAGs
[2026-06-21T22:07:35.561+0300] {logging_mixin.py:188} INFO - [2026-06-21T22:07:35.561+0300] {dag.py:3954} INFO - Setting next_dagrun for example_branch_operator to 2026-06-20 00:00:00+00:00, run_after=2026-06-21 00:00:00+00:00
[2026-06-21T22:07:35.588+0300] {processor.py:183} INFO - Processing /media/data/omar/programming course/DEPI/DEPI project/anomx/venv/lib/python3.12/site-packages/airflow/example_dags/example_branch_operator.py took 0.109 seconds
[2026-06-21T22:08:32.601+0300] {processor.py:161} INFO - Started process (PID=18266) to work on /media/data/omar/programming course/DEPI/DEPI project/anomx/venv/lib/python3.12/site-packages/airflow/example_dags/example_branch_operator.py
[2026-06-21T22:08:32.602+0300] {processor.py:830} INFO - Processing file /media/data/omar/programming course/DEPI/DEPI project/anomx/venv/lib/python3.12/site-packages/airflow/example_dags/example_branch_operator.py for tasks to queue
[2026-06-21T22:08:32.605+0300] {logging_mixin.py:188} INFO - [2026-06-21T22:08:32.604+0300] {dagbag.py:540} INFO - Filling up the DagBag from /media/data/omar/programming course/DEPI/DEPI project/anomx/venv/lib/python3.12/site-packages/airflow/example_dags/example_branch_operator.py
[2026-06-21T22:08:32.626+0300] {processor.py:840} INFO - DAG(s) 'example_branch_operator' retrieved from /media/data/omar/programming course/DEPI/DEPI project/anomx/venv/lib/python3.12/site-packages/airflow/example_dags/example_branch_operator.py
[2026-06-21T22:08:32.648+0300] {logging_mixin.py:188} INFO - [2026-06-21T22:08:32.648+0300] {dag.py:3096} INFO - Sync 1 DAGs
[2026-06-21T22:08:32.745+0300] {logging_mixin.py:188} INFO - [2026-06-21T22:08:32.745+0300] {dag.py:3954} INFO - Setting next_dagrun for example_branch_operator to 2026-06-20 00:00:00+00:00, run_after=2026-06-21 00:00:00+00:00
[2026-06-21T22:08:32.772+0300] {processor.py:183} INFO - Processing /media/data/omar/programming course/DEPI/DEPI project/anomx/venv/lib/python3.12/site-packages/airflow/example_dags/example_branch_operator.py took 0.181 seconds
[2026-06-21T22:09:28.859+0300] {processor.py:161} INFO - Started process (PID=18492) to work on /media/data/omar/programming course/DEPI/DEPI project/anomx/venv/lib/python3.12/site-packages/airflow/example_dags/example_branch_operator.py
[2026-06-21T22:09:28.860+0300] {processor.py:830} INFO - Processing file /media/data/omar/programming course/DEPI/DEPI project/anomx/venv/lib/python3.12/site-packages/airflow/example_dags/example_branch_operator.py for tasks to queue
[2026-06-21T22:09:28.862+0300] {logging_mixin.py:188} INFO - [2026-06-21T22:09:28.862+0300] {dagbag.py:540} INFO - Filling up the DagBag from /media/data/omar/programming course/DEPI/DEPI project/anomx/venv/lib/python3.12/site-packages/airflow/example_dags/example_branch_operator.py
[2026-06-21T22:09:28.884+0300] {processor.py:840} INFO - DAG(s) 'example_branch_operator' retrieved from /media/data/omar/programming course/DEPI/DEPI project/anomx/venv/lib/python3.12/site-packages/airflow/example_dags/example_branch_operator.py
[2026-06-21T22:09:28.910+0300] {logging_mixin.py:188} INFO - [2026-06-21T22:09:28.910+0300] {dag.py:3096} INFO - Sync 1 DAGs
[2026-06-21T22:09:28.932+0300] {logging_mixin.py:188} INFO - [2026-06-21T22:09:28.931+0300] {dag.py:3954} INFO - Setting next_dagrun for example_branch_operator to 2026-06-20 00:00:00+00:00, run_after=2026-06-21 00:00:00+00:00
[2026-06-21T22:09:29.036+0300] {processor.py:183} INFO - Processing /media/data/omar/programming course/DEPI/DEPI project/anomx/venv/lib/python3.12/site-packages/airflow/example_dags/example_branch_operator.py took 0.183 seconds
[2026-06-21T22:10:36.650+0300] {processor.py:161} INFO - Started process (PID=18696) to work on /media/data/omar/programming course/DEPI/DEPI project/anomx/venv/lib/python3.12/site-packages/airflow/example_dags/example_branch_operator.py
[2026-06-21T22:10:36.651+0300] {processor.py:830} INFO - Processing file /media/data/omar/programming course/DEPI/DEPI project/anomx/venv/lib/python3.12/site-packages/airflow/example_dags/example_branch_operator.py for tasks to queue
[2026-06-21T22:10:36.653+0300] {logging_mixin.py:188} INFO - [2026-06-21T22:10:36.652+0300] {dagbag.py:540} INFO - Filling up the DagBag from /media/data/omar/programming course/DEPI/DEPI project/anomx/venv/lib/python3.12/site-packages/airflow/example_dags/example_branch_operator.py
[2026-06-21T22:10:36.772+0300] {processor.py:840} INFO - DAG(s) 'example_branch_operator' retrieved from /media/data/omar/programming course/DEPI/DEPI project/anomx/venv/lib/python3.12/site-packages/airflow/example_dags/example_branch_operator.py
[2026-06-21T22:10:36.791+0300] {logging_mixin.py:188} INFO - [2026-06-21T22:10:36.791+0300] {dag.py:3096} INFO - Sync 1 DAGs
[2026-06-21T22:10:36.807+0300] {logging_mixin.py:188} INFO - [2026-06-21T22:10:36.806+0300] {dag.py:3954} INFO - Setting next_dagrun for example_branch_operator to 2026-06-20 00:00:00+00:00, run_after=2026-06-21 00:00:00+00:00
[2026-06-21T22:10:36.835+0300] {processor.py:183} INFO - Processing /media/data/omar/programming course/DEPI/DEPI project/anomx/venv/lib/python3.12/site-packages/airflow/example_dags/example_branch_operator.py took 0.192 seconds
[2026-06-21T22:11:34.241+0300] {processor.py:161} INFO - Started process (PID=18836) to work on /media/data/omar/programming course/DEPI/DEPI project/anomx/venv/lib/python3.12/site-packages/airflow/example_dags/example_branch_operator.py
[2026-06-21T22:11:34.242+0300] {processor.py:830} INFO - Processing file /media/data/omar/programming course/DEPI/DEPI project/anomx/venv/lib/python3.12/site-packages/airflow/example_dags/example_branch_operator.py for tasks to queue
[2026-06-21T22:11:34.244+0300] {logging_mixin.py:188} INFO - [2026-06-21T22:11:34.243+0300] {dagbag.py:540} INFO - Filling up the DagBag from /media/data/omar/programming course/DEPI/DEPI project/anomx/venv/lib/python3.12/site-packages/airflow/example_dags/example_branch_operator.py
[2026-06-21T22:11:34.263+0300] {processor.py:840} INFO - DAG(s) 'example_branch_operator' retrieved from /media/data/omar/programming course/DEPI/DEPI project/anomx/venv/lib/python3.12/site-packages/airflow/example_dags/example_branch_operator.py
[2026-06-21T22:11:34.288+0300] {logging_mixin.py:188} INFO - [2026-06-21T22:11:34.288+0300] {dag.py:3096} INFO - Sync 1 DAGs
[2026-06-21T22:11:34.309+0300] {logging_mixin.py:188} INFO - [2026-06-21T22:11:34.308+0300] {dag.py:3954} INFO - Setting next_dagrun for example_branch_operator to 2026-06-20 00:00:00+00:00, run_after=2026-06-21 00:00:00+00:00
[2026-06-21T22:11:34.344+0300] {processor.py:183} INFO - Processing /media/data/omar/programming course/DEPI/DEPI project/anomx/venv/lib/python3.12/site-packages/airflow/example_dags/example_branch_operator.py took 0.108 seconds
[2026-06-21T22:12:28.819+0300] {processor.py:161} INFO - Started process (PID=18933) to work on /media/data/omar/programming course/DEPI/DEPI project/anomx/venv/lib/python3.12/site-packages/airflow/example_dags/example_branch_operator.py
[2026-06-21T22:12:28.821+0300] {processor.py:830} INFO - Processing file /media/data/omar/programming course/DEPI/DEPI project/anomx/venv/lib/python3.12/site-packages/airflow/example_dags/example_branch_operator.py for tasks to queue
[2026-06-21T22:12:28.824+0300] {logging_mixin.py:188} INFO - [2026-06-21T22:12:28.823+0300] {dagbag.py:540} INFO - Filling up the DagBag from /media/data/omar/programming course/DEPI/DEPI project/anomx/venv/lib/python3.12/site-packages/airflow/example_dags/example_branch_operator.py
[2026-06-21T22:12:28.852+0300] {processor.py:840} INFO - DAG(s) 'example_branch_operator' retrieved from /media/data/omar/programming course/DEPI/DEPI project/anomx/venv/lib/python3.12/site-packages/airflow/example_dags/example_branch_operator.py
[2026-06-21T22:12:28.875+0300] {logging_mixin.py:188} INFO - [2026-06-21T22:12:28.874+0300] {dag.py:3096} INFO - Sync 1 DAGs
[2026-06-21T22:12:28.893+0300] {logging_mixin.py:188} INFO - [2026-06-21T22:12:28.893+0300] {dag.py:3954} INFO - Setting next_dagrun for example_branch_operator to 2026-06-20 00:00:00+00:00, run_after=2026-06-21 00:00:00+00:00
[2026-06-21T22:12:28.922+0300] {processor.py:183} INFO - Processing /media/data/omar/programming course/DEPI/DEPI project/anomx/venv/lib/python3.12/site-packages/airflow/example_dags/example_branch_operator.py took 0.114 seconds
[2026-06-21T22:14:12.866+0300] {processor.py:161} INFO - Started process (PID=19150) to work on /media/data/omar/programming course/DEPI/DEPI project/anomx/venv/lib/python3.12/site-packages/airflow/example_dags/example_branch_operator.py
[2026-06-21T22:14:12.867+0300] {processor.py:830} INFO - Processing file /media/data/omar/programming course/DEPI/DEPI project/anomx/venv/lib/python3.12/site-packages/airflow/example_dags/example_branch_operator.py for tasks to queue
[2026-06-21T22:14:12.869+0300] {logging_mixin.py:188} INFO - [2026-06-21T22:14:12.868+0300] {dagbag.py:540} INFO - Filling up the DagBag from /media/data/omar/programming course/DEPI/DEPI project/anomx/venv/lib/python3.12/site-packages/airflow/example_dags/example_branch_operator.py
[2026-06-21T22:14:12.909+0300] {processor.py:840} INFO - DAG(s) 'example_branch_operator' retrieved from /media/data/omar/programming course/DEPI/DEPI project/anomx/venv/lib/python3.12/site-packages/airflow/example_dags/example_branch_operator.py
[2026-06-21T22:14:13.411+0300] {logging_mixin.py:188} INFO - [2026-06-21T22:14:13.410+0300] {dag.py:3096} INFO - Sync 1 DAGs
[2026-06-21T22:14:13.443+0300] {logging_mixin.py:188} INFO - [2026-06-21T22:14:13.443+0300] {dag.py:3954} INFO - Setting next_dagrun for example_branch_operator to 2026-06-20 00:00:00+00:00, run_after=2026-06-21 00:00:00+00:00
[2026-06-21T22:14:13.476+0300] {processor.py:183} INFO - Processing /media/data/omar/programming course/DEPI/DEPI project/anomx/venv/lib/python3.12/site-packages/airflow/example_dags/example_branch_operator.py took 0.622 seconds
[2026-06-21T22:15:11.519+0300] {processor.py:161} INFO - Started process (PID=19260) to work on /media/data/omar/programming course/DEPI/DEPI project/anomx/venv/lib/python3.12/site-packages/airflow/example_dags/example_branch_operator.py
[2026-06-21T22:15:11.520+0300] {processor.py:830} INFO - Processing file /media/data/omar/programming course/DEPI/DEPI project/anomx/venv/lib/python3.12/site-packages/airflow/example_dags/example_branch_operator.py for tasks to queue
[2026-06-21T22:15:11.522+0300] {logging_mixin.py:188} INFO - [2026-06-21T22:15:11.521+0300] {dagbag.py:540} INFO - Filling up the DagBag from /media/data/omar/programming course/DEPI/DEPI project/anomx/venv/lib/python3.12/site-packages/airflow/example_dags/example_branch_operator.py
[2026-06-21T22:15:11.541+0300] {processor.py:840} INFO - DAG(s) 'example_branch_operator' retrieved from /media/data/omar/programming course/DEPI/DEPI project/anomx/venv/lib/python3.12/site-packages/airflow/example_dags/example_branch_operator.py
[2026-06-21T22:15:11.566+0300] {logging_mixin.py:188} INFO - [2026-06-21T22:15:11.565+0300] {dag.py:3096} INFO - Sync 1 DAGs
[2026-06-21T22:15:11.586+0300] {logging_mixin.py:188} INFO - [2026-06-21T22:15:11.586+0300] {dag.py:3954} INFO - Setting next_dagrun for example_branch_operator to 2026-06-20 00:00:00+00:00, run_after=2026-06-21 00:00:00+00:00
[2026-06-21T22:15:11.616+0300] {processor.py:183} INFO - Processing /media/data/omar/programming course/DEPI/DEPI project/anomx/venv/lib/python3.12/site-packages/airflow/example_dags/example_branch_operator.py took 0.104 seconds
[2026-06-21T22:16:07.862+0300] {processor.py:161} INFO - Started process (PID=19632) to work on /media/data/omar/programming course/DEPI/DEPI project/anomx/venv/lib/python3.12/site-packages/airflow/example_dags/example_branch_operator.py
[2026-06-21T22:16:07.863+0300] {processor.py:830} INFO - Processing file /media/data/omar/programming course/DEPI/DEPI project/anomx/venv/lib/python3.12/site-packages/airflow/example_dags/example_branch_operator.py for tasks to queue
[2026-06-21T22:16:07.865+0300] {logging_mixin.py:188} INFO - [2026-06-21T22:16:07.864+0300] {dagbag.py:540} INFO - Filling up the DagBag from /media/data/omar/programming course/DEPI/DEPI project/anomx/venv/lib/python3.12/site-packages/airflow/example_dags/example_branch_operator.py
[2026-06-21T22:16:07.894+0300] {processor.py:840} INFO - DAG(s) 'example_branch_operator' retrieved from /media/data/omar/programming course/DEPI/DEPI project/anomx/venv/lib/python3.12/site-packages/airflow/example_dags/example_branch_operator.py
[2026-06-21T22:16:07.918+0300] {logging_mixin.py:188} INFO - [2026-06-21T22:16:07.918+0300] {dag.py:3096} INFO - Sync 1 DAGs
[2026-06-21T22:16:07.940+0300] {logging_mixin.py:188} INFO - [2026-06-21T22:16:07.939+0300] {dag.py:3954} INFO - Setting next_dagrun for example_branch_operator to 2026-06-20 00:00:00+00:00, run_after=2026-06-21 00:00:00+00:00
[2026-06-21T22:16:07.971+0300] {processor.py:183} INFO - Processing /media/data/omar/programming course/DEPI/DEPI project/anomx/venv/lib/python3.12/site-packages/airflow/example_dags/example_branch_operator.py took 0.116 seconds
[2026-06-21T22:17:31.110+0300] {processor.py:161} INFO - Started process (PID=19820) to work on /media/data/omar/programming course/DEPI/DEPI project/anomx/venv/lib/python3.12/site-packages/airflow/example_dags/example_branch_operator.py
[2026-06-21T22:17:31.112+0300] {processor.py:830} INFO - Processing file /media/data/omar/programming course/DEPI/DEPI project/anomx/venv/lib/python3.12/site-packages/airflow/example_dags/example_branch_operator.py for tasks to queue
[2026-06-21T22:17:31.117+0300] {logging_mixin.py:188} INFO - [2026-06-21T22:17:31.116+0300] {dagbag.py:540} INFO - Filling up the DagBag from /media/data/omar/programming course/DEPI/DEPI project/anomx/venv/lib/python3.12/site-packages/airflow/example_dags/example_branch_operator.py
[2026-06-21T22:17:31.139+0300] {processor.py:840} INFO - DAG(s) 'example_branch_operator' retrieved from /media/data/omar/programming course/DEPI/DEPI project/anomx/venv/lib/python3.12/site-packages/airflow/example_dags/example_branch_operator.py
[2026-06-21T22:17:31.160+0300] {logging_mixin.py:188} INFO - [2026-06-21T22:17:31.160+0300] {dag.py:3096} INFO - Sync 1 DAGs
[2026-06-21T22:17:31.177+0300] {logging_mixin.py:188} INFO - [2026-06-21T22:17:31.176+0300] {dag.py:3954} INFO - Setting next_dagrun for example_branch_operator to 2026-06-20 00:00:00+00:00, run_after=2026-06-21 00:00:00+00:00
[2026-06-21T22:17:31.203+0300] {processor.py:183} INFO - Processing /media/data/omar/programming course/DEPI/DEPI project/anomx/venv/lib/python3.12/site-packages/airflow/example_dags/example_branch_operator.py took 0.101 seconds
[2026-06-21T22:18:30.148+0300] {processor.py:161} INFO - Started process (PID=19973) to work on /media/data/omar/programming course/DEPI/DEPI project/anomx/venv/lib/python3.12/site-packages/airflow/example_dags/example_branch_operator.py
[2026-06-21T22:18:30.149+0300] {processor.py:830} INFO - Processing file /media/data/omar/programming course/DEPI/DEPI project/anomx/venv/lib/python3.12/site-packages/airflow/example_dags/example_branch_operator.py for tasks to queue
[2026-06-21T22:18:30.151+0300] {logging_mixin.py:188} INFO - [2026-06-21T22:18:30.150+0300] {dagbag.py:540} INFO - Filling up the DagBag from /media/data/omar/programming course/DEPI/DEPI project/anomx/venv/lib/python3.12/site-packages/airflow/example_dags/example_branch_operator.py
[2026-06-21T22:18:30.172+0300] {processor.py:840} INFO - DAG(s) 'example_branch_operator' retrieved from /media/data/omar/programming course/DEPI/DEPI project/anomx/venv/lib/python3.12/site-packages/airflow/example_dags/example_branch_operator.py
[2026-06-21T22:18:30.198+0300] {logging_mixin.py:188} INFO - [2026-06-21T22:18:30.197+0300] {dag.py:3096} INFO - Sync 1 DAGs
[2026-06-21T22:18:30.217+0300] {logging_mixin.py:188} INFO - [2026-06-21T22:18:30.216+0300] {dag.py:3954} INFO - Setting next_dagrun for example_branch_operator to 2026-06-20 00:00:00+00:00, run_after=2026-06-21 00:00:00+00:00
[2026-06-21T22:18:30.247+0300] {processor.py:183} INFO - Processing /media/data/omar/programming course/DEPI/DEPI project/anomx/venv/lib/python3.12/site-packages/airflow/example_dags/example_branch_operator.py took 0.106 seconds
[2026-06-21T22:19:28.703+0300] {processor.py:161} INFO - Started process (PID=20082) to work on /media/data/omar/programming course/DEPI/DEPI project/anomx/venv/lib/python3.12/site-packages/airflow/example_dags/example_branch_operator.py
[2026-06-21T22:19:28.710+0300] {processor.py:830} INFO - Processing file /media/data/omar/programming course/DEPI/DEPI project/anomx/venv/lib/python3.12/site-packages/airflow/example_dags/example_branch_operator.py for tasks to queue
[2026-06-21T22:19:28.720+0300] {logging_mixin.py:188} INFO - [2026-06-21T22:19:28.717+0300] {dagbag.py:540} INFO - Filling up the DagBag from /media/data/omar/programming course/DEPI/DEPI project/anomx/venv/lib/python3.12/site-packages/airflow/example_dags/example_branch_operator.py
[2026-06-21T22:19:28.797+0300] {processor.py:840} INFO - DAG(s) 'example_branch_operator' retrieved from /media/data/omar/programming course/DEPI/DEPI project/anomx/venv/lib/python3.12/site-packages/airflow/example_dags/example_branch_operator.py
[2026-06-21T22:19:28.847+0300] {logging_mixin.py:188} INFO - [2026-06-21T22:19:28.846+0300] {dag.py:3096} INFO - Sync 1 DAGs
[2026-06-21T22:19:28.866+0300] {logging_mixin.py:188} INFO - [2026-06-21T22:19:28.865+0300] {dag.py:3954} INFO - Setting next_dagrun for example_branch_operator to 2026-06-20 00:00:00+00:00, run_after=2026-06-21 00:00:00+00:00
[2026-06-21T22:19:28.934+0300] {processor.py:183} INFO - Processing /media/data/omar/programming course/DEPI/DEPI project/anomx/venv/lib/python3.12/site-packages/airflow/example_dags/example_branch_operator.py took 0.263 seconds
[2026-06-21T22:21:32.789+0300] {processor.py:161} INFO - Started process (PID=20286) to work on /media/data/omar/programming course/DEPI/DEPI project/anomx/venv/lib/python3.12/site-packages/airflow/example_dags/example_branch_operator.py
[2026-06-21T22:21:32.790+0300] {processor.py:830} INFO - Processing file /media/data/omar/programming course/DEPI/DEPI project/anomx/venv/lib/python3.12/site-packages/airflow/example_dags/example_branch_operator.py for tasks to queue
[2026-06-21T22:21:32.793+0300] {logging_mixin.py:188} INFO - [2026-06-21T22:21:32.792+0300] {dagbag.py:540} INFO - Filling up the DagBag from /media/data/omar/programming course/DEPI/DEPI project/anomx/venv/lib/python3.12/site-packages/airflow/example_dags/example_branch_operator.py
[2026-06-21T22:21:32.838+0300] {processor.py:840} INFO - DAG(s) 'example_branch_operator' retrieved from /media/data/omar/programming course/DEPI/DEPI project/anomx/venv/lib/python3.12/site-packages/airflow/example_dags/example_branch_operator.py
[2026-06-21T22:21:33.123+0300] {logging_mixin.py:188} INFO - [2026-06-21T22:21:33.123+0300] {dag.py:3096} INFO - Sync 1 DAGs
[2026-06-21T22:21:33.143+0300] {logging_mixin.py:188} INFO - [2026-06-21T22:21:33.143+0300] {dag.py:3954} INFO - Setting next_dagrun for example_branch_operator to 2026-06-20 00:00:00+00:00, run_after=2026-06-21 00:00:00+00:00
[2026-06-21T22:21:33.179+0300] {processor.py:183} INFO - Processing /media/data/omar/programming course/DEPI/DEPI project/anomx/venv/lib/python3.12/site-packages/airflow/example_dags/example_branch_operator.py took 0.400 seconds
[2026-06-21T22:23:45.373+0300] {processor.py:161} INFO - Started process (PID=20516) to work on /media/data/omar/programming course/DEPI/DEPI project/anomx/venv/lib/python3.12/site-packages/airflow/example_dags/example_branch_operator.py
[2026-06-21T22:23:45.374+0300] {processor.py:830} INFO - Processing file /media/data/omar/programming course/DEPI/DEPI project/anomx/venv/lib/python3.12/site-packages/airflow/example_dags/example_branch_operator.py for tasks to queue
[2026-06-21T22:23:45.378+0300] {logging_mixin.py:188} INFO - [2026-06-21T22:23:45.377+0300] {dagbag.py:540} INFO - Filling up the DagBag from /media/data/omar/programming course/DEPI/DEPI project/anomx/venv/lib/python3.12/site-packages/airflow/example_dags/example_branch_operator.py
[2026-06-21T22:23:45.412+0300] {processor.py:840} INFO - DAG(s) 'example_branch_operator' retrieved from /media/data/omar/programming course/DEPI/DEPI project/anomx/venv/lib/python3.12/site-packages/airflow/example_dags/example_branch_operator.py
[2026-06-21T22:23:45.592+0300] {logging_mixin.py:188} INFO - [2026-06-21T22:23:45.592+0300] {dag.py:3096} INFO - Sync 1 DAGs
[2026-06-21T22:23:45.607+0300] {logging_mixin.py:188} INFO - [2026-06-21T22:23:45.607+0300] {dag.py:3954} INFO - Setting next_dagrun for example_branch_operator to 2026-06-20 00:00:00+00:00, run_after=2026-06-21 00:00:00+00:00
[2026-06-21T22:23:45.635+0300] {processor.py:183} INFO - Processing /media/data/omar/programming course/DEPI/DEPI project/anomx/venv/lib/python3.12/site-packages/airflow/example_dags/example_branch_operator.py took 0.273 seconds
[2026-06-21T22:24:40.865+0300] {processor.py:161} INFO - Started process (PID=20702) to work on /media/data/omar/programming course/DEPI/DEPI project/anomx/venv/lib/python3.12/site-packages/airflow/example_dags/example_branch_operator.py
[2026-06-21T22:24:40.866+0300] {processor.py:830} INFO - Processing file /media/data/omar/programming course/DEPI/DEPI project/anomx/venv/lib/python3.12/site-packages/airflow/example_dags/example_branch_operator.py for tasks to queue
[2026-06-21T22:24:40.868+0300] {logging_mixin.py:188} INFO - [2026-06-21T22:24:40.867+0300] {dagbag.py:540} INFO - Filling up the DagBag from /media/data/omar/programming course/DEPI/DEPI project/anomx/venv/lib/python3.12/site-packages/airflow/example_dags/example_branch_operator.py
[2026-06-21T22:24:40.889+0300] {processor.py:840} INFO - DAG(s) 'example_branch_operator' retrieved from /media/data/omar/programming course/DEPI/DEPI project/anomx/venv/lib/python3.12/site-packages/airflow/example_dags/example_branch_operator.py
[2026-06-21T22:24:40.935+0300] {logging_mixin.py:188} INFO - [2026-06-21T22:24:40.934+0300] {dag.py:3096} INFO - Sync 1 DAGs
[2026-06-21T22:24:40.970+0300] {logging_mixin.py:188} INFO - [2026-06-21T22:24:40.969+0300] {dag.py:3954} INFO - Setting next_dagrun for example_branch_operator to 2026-06-20 00:00:00+00:00, run_after=2026-06-21 00:00:00+00:00
[2026-06-21T22:24:41.021+0300] {processor.py:183} INFO - Processing /media/data/omar/programming course/DEPI/DEPI project/anomx/venv/lib/python3.12/site-packages/airflow/example_dags/example_branch_operator.py took 0.162 seconds
[2026-06-21T22:48:32.303+0300] {processor.py:161} INFO - Started process (PID=22176) to work on /media/data/omar/programming course/DEPI/DEPI project/anomx/venv/lib/python3.12/site-packages/airflow/example_dags/example_branch_operator.py
[2026-06-21T22:48:32.304+0300] {processor.py:830} INFO - Processing file /media/data/omar/programming course/DEPI/DEPI project/anomx/venv/lib/python3.12/site-packages/airflow/example_dags/example_branch_operator.py for tasks to queue
[2026-06-21T22:48:32.306+0300] {logging_mixin.py:188} INFO - [2026-06-21T22:48:32.305+0300] {dagbag.py:540} INFO - Filling up the DagBag from /media/data/omar/programming course/DEPI/DEPI project/anomx/venv/lib/python3.12/site-packages/airflow/example_dags/example_branch_operator.py
[2026-06-21T22:48:32.325+0300] {processor.py:840} INFO - DAG(s) 'example_branch_operator' retrieved from /media/data/omar/programming course/DEPI/DEPI project/anomx/venv/lib/python3.12/site-packages/airflow/example_dags/example_branch_operator.py
[2026-06-21T22:48:32.533+0300] {logging_mixin.py:188} INFO - [2026-06-21T22:48:32.532+0300] {dag.py:3096} INFO - Sync 1 DAGs
[2026-06-21T22:48:32.544+0300] {logging_mixin.py:188} INFO - [2026-06-21T22:48:32.544+0300] {dag.py:3118} INFO - Creating ORM DAG for example_branch_operator
[2026-06-21T22:48:32.555+0300] {logging_mixin.py:188} INFO - [2026-06-21T22:48:32.554+0300] {dag.py:3954} INFO - Setting next_dagrun for example_branch_operator to 2026-06-20 00:00:00+00:00, run_after=2026-06-21 00:00:00+00:00
[2026-06-21T22:48:32.587+0300] {processor.py:183} INFO - Processing /media/data/omar/programming course/DEPI/DEPI project/anomx/venv/lib/python3.12/site-packages/airflow/example_dags/example_branch_operator.py took 0.292 seconds
[2026-06-21T22:49:30.143+0300] {processor.py:161} INFO - Started process (PID=22268) to work on /media/data/omar/programming course/DEPI/DEPI project/anomx/venv/lib/python3.12/site-packages/airflow/example_dags/example_branch_operator.py
[2026-06-21T22:49:30.144+0300] {processor.py:830} INFO - Processing file /media/data/omar/programming course/DEPI/DEPI project/anomx/venv/lib/python3.12/site-packages/airflow/example_dags/example_branch_operator.py for tasks to queue
[2026-06-21T22:49:30.147+0300] {logging_mixin.py:188} INFO - [2026-06-21T22:49:30.146+0300] {dagbag.py:540} INFO - Filling up the DagBag from /media/data/omar/programming course/DEPI/DEPI project/anomx/venv/lib/python3.12/site-packages/airflow/example_dags/example_branch_operator.py
[2026-06-21T22:49:30.165+0300] {processor.py:840} INFO - DAG(s) 'example_branch_operator' retrieved from /media/data/omar/programming course/DEPI/DEPI project/anomx/venv/lib/python3.12/site-packages/airflow/example_dags/example_branch_operator.py
[2026-06-21T22:49:30.189+0300] {logging_mixin.py:188} INFO - [2026-06-21T22:49:30.188+0300] {dag.py:3096} INFO - Sync 1 DAGs
[2026-06-21T22:49:30.207+0300] {logging_mixin.py:188} INFO - [2026-06-21T22:49:30.207+0300] {dag.py:3954} INFO - Setting next_dagrun for example_branch_operator to 2026-06-20 00:00:00+00:00, run_after=2026-06-21 00:00:00+00:00
[2026-06-21T22:49:30.236+0300] {processor.py:183} INFO - Processing /media/data/omar/programming course/DEPI/DEPI project/anomx/venv/lib/python3.12/site-packages/airflow/example_dags/example_branch_operator.py took 0.103 seconds
[2026-06-21T22:50:29.076+0300] {processor.py:161} INFO - Started process (PID=22395) to work on /media/data/omar/programming course/DEPI/DEPI project/anomx/venv/lib/python3.12/site-packages/airflow/example_dags/example_branch_operator.py
[2026-06-21T22:50:29.077+0300] {processor.py:830} INFO - Processing file /media/data/omar/programming course/DEPI/DEPI project/anomx/venv/lib/python3.12/site-packages/airflow/example_dags/example_branch_operator.py for tasks to queue
[2026-06-21T22:50:29.079+0300] {logging_mixin.py:188} INFO - [2026-06-21T22:50:29.079+0300] {dagbag.py:540} INFO - Filling up the DagBag from /media/data/omar/programming course/DEPI/DEPI project/anomx/venv/lib/python3.12/site-packages/airflow/example_dags/example_branch_operator.py
[2026-06-21T22:50:29.099+0300] {processor.py:840} INFO - DAG(s) 'example_branch_operator' retrieved from /media/data/omar/programming course/DEPI/DEPI project/anomx/venv/lib/python3.12/site-packages/airflow/example_dags/example_branch_operator.py
[2026-06-21T22:50:29.123+0300] {logging_mixin.py:188} INFO - [2026-06-21T22:50:29.123+0300] {dag.py:3096} INFO - Sync 1 DAGs
[2026-06-21T22:50:29.140+0300] {logging_mixin.py:188} INFO - [2026-06-21T22:50:29.140+0300] {dag.py:3954} INFO - Setting next_dagrun for example_branch_operator to 2026-06-20 00:00:00+00:00, run_after=2026-06-21 00:00:00+00:00
[2026-06-21T22:50:29.169+0300] {processor.py:183} INFO - Processing /media/data/omar/programming course/DEPI/DEPI project/anomx/venv/lib/python3.12/site-packages/airflow/example_dags/example_branch_operator.py took 0.101 seconds
