[2026-06-21T21:38:48.854+0300] {processor.py:161} INFO - Started process (PID=15083) to work on /media/data/omar/programming course/DEPI/DEPI project/anomx/venv/lib/python3.12/site-packages/airflow/example_dags/example_xcom.py
[2026-06-21T21:38:48.856+0300] {processor.py:830} INFO - Processing file /media/data/omar/programming course/DEPI/DEPI project/anomx/venv/lib/python3.12/site-packages/airflow/example_dags/example_xcom.py for tasks to queue
[2026-06-21T21:38:48.860+0300] {logging_mixin.py:188} INFO - [2026-06-21T21:38:48.859+0300] {dagbag.py:540} INFO - Filling up the DagBag from /media/data/omar/programming course/DEPI/DEPI project/anomx/venv/lib/python3.12/site-packages/airflow/example_dags/example_xcom.py
[2026-06-21T21:38:48.893+0300] {processor.py:840} INFO - DAG(s) 'example_xcom' retrieved from /media/data/omar/programming course/DEPI/DEPI project/anomx/venv/lib/python3.12/site-packages/airflow/example_dags/example_xcom.py
[2026-06-21T21:38:49.089+0300] {logging_mixin.py:188} INFO - [2026-06-21T21:38:49.089+0300] {override.py:1829} INFO - Created Permission View: can edit on DAG:example_xcom
[2026-06-21T21:38:49.107+0300] {logging_mixin.py:188} INFO - [2026-06-21T21:38:49.106+0300] {override.py:1829} INFO - Created Permission View: can read on DAG:example_xcom
[2026-06-21T21:38:49.122+0300] {logging_mixin.py:188} INFO - [2026-06-21T21:38:49.122+0300] {override.py:1829} INFO - Created Permission View: can delete on DAG:example_xcom
[2026-06-21T21:38:49.123+0300] {logging_mixin.py:188} INFO - [2026-06-21T21:38:49.123+0300] {dag.py:3096} INFO - Sync 1 DAGs
[2026-06-21T21:38:49.135+0300] {logging_mixin.py:188} INFO - [2026-06-21T21:38:49.134+0300] {dag.py:3118} INFO - Creating ORM DAG for example_xcom
[2026-06-21T21:38:49.142+0300] {logging_mixin.py:188} INFO - [2026-06-21T21:38:49.142+0300] {dag.py:3954} INFO - Setting next_dagrun for example_xcom to 2021-01-01 00:00:00+00:00, run_after=2021-01-01 00:00:00+00:00
[2026-06-21T21:38:49.169+0300] {processor.py:183} INFO - Processing /media/data/omar/programming course/DEPI/DEPI project/anomx/venv/lib/python3.12/site-packages/airflow/example_dags/example_xcom.py took 0.329 seconds
[2026-06-21T21:39:56.597+0300] {processor.py:161} INFO - Started process (PID=15178) to work on /media/data/omar/programming course/DEPI/DEPI project/anomx/venv/lib/python3.12/site-packages/airflow/example_dags/example_xcom.py
[2026-06-21T21:39:56.600+0300] {processor.py:830} INFO - Processing file /media/data/omar/programming course/DEPI/DEPI project/anomx/venv/lib/python3.12/site-packages/airflow/example_dags/example_xcom.py for tasks to queue
[2026-06-21T21:39:56.605+0300] {logging_mixin.py:188} INFO - [2026-06-21T21:39:56.604+0300] {dagbag.py:540} INFO - Filling up the DagBag from /media/data/omar/programming course/DEPI/DEPI project/anomx/venv/lib/python3.12/site-packages/airflow/example_dags/example_xcom.py
[2026-06-21T21:39:56.624+0300] {processor.py:840} INFO - DAG(s) 'example_xcom' retrieved from /media/data/omar/programming course/DEPI/DEPI project/anomx/venv/lib/python3.12/site-packages/airflow/example_dags/example_xcom.py
[2026-06-21T21:39:56.647+0300] {logging_mixin.py:188} INFO - [2026-06-21T21:39:56.646+0300] {dag.py:3096} INFO - Sync 1 DAGs
[2026-06-21T21:39:56.667+0300] {logging_mixin.py:188} INFO - [2026-06-21T21:39:56.666+0300] {dag.py:3954} INFO - Setting next_dagrun for example_xcom to 2021-01-01 00:00:00+00:00, run_after=2021-01-01 00:00:00+00:00
[2026-06-21T21:39:56.700+0300] {processor.py:183} INFO - Processing /media/data/omar/programming course/DEPI/DEPI project/anomx/venv/lib/python3.12/site-packages/airflow/example_dags/example_xcom.py took 0.112 seconds
[2026-06-21T21:40:55.424+0300] {processor.py:161} INFO - Started process (PID=15277) to work on /media/data/omar/programming course/DEPI/DEPI project/anomx/venv/lib/python3.12/site-packages/airflow/example_dags/example_xcom.py
[2026-06-21T21:40:55.425+0300] {processor.py:830} INFO - Processing file /media/data/omar/programming course/DEPI/DEPI project/anomx/venv/lib/python3.12/site-packages/airflow/example_dags/example_xcom.py for tasks to queue
[2026-06-21T21:40:55.427+0300] {logging_mixin.py:188} INFO - [2026-06-21T21:40:55.427+0300] {dagbag.py:540} INFO - Filling up the DagBag from /media/data/omar/programming course/DEPI/DEPI project/anomx/venv/lib/python3.12/site-packages/airflow/example_dags/example_xcom.py
[2026-06-21T21:40:55.439+0300] {processor.py:840} INFO - DAG(s) 'example_xcom' retrieved from /media/data/omar/programming course/DEPI/DEPI project/anomx/venv/lib/python3.12/site-packages/airflow/example_dags/example_xcom.py
[2026-06-21T21:40:55.456+0300] {logging_mixin.py:188} INFO - [2026-06-21T21:40:55.456+0300] {dag.py:3096} INFO - Sync 1 DAGs
[2026-06-21T21:40:55.471+0300] {logging_mixin.py:188} INFO - [2026-06-21T21:40:55.471+0300] {dag.py:3954} INFO - Setting next_dagrun for example_xcom to 2021-01-01 00:00:00+00:00, run_after=2021-01-01 00:00:00+00:00
[2026-06-21T21:40:55.499+0300] {processor.py:183} INFO - Processing /media/data/omar/programming course/DEPI/DEPI project/anomx/venv/lib/python3.12/site-packages/airflow/example_dags/example_xcom.py took 0.083 seconds
[2026-06-21T21:41:58.163+0300] {processor.py:161} INFO - Started process (PID=15415) to work on /media/data/omar/programming course/DEPI/DEPI project/anomx/venv/lib/python3.12/site-packages/airflow/example_dags/example_xcom.py
[2026-06-21T21:41:58.165+0300] {processor.py:830} INFO - Processing file /media/data/omar/programming course/DEPI/DEPI project/anomx/venv/lib/python3.12/site-packages/airflow/example_dags/example_xcom.py for tasks to queue
[2026-06-21T21:41:58.167+0300] {logging_mixin.py:188} INFO - [2026-06-21T21:41:58.166+0300] {dagbag.py:540} INFO - Filling up the DagBag from /media/data/omar/programming course/DEPI/DEPI project/anomx/venv/lib/python3.12/site-packages/airflow/example_dags/example_xcom.py
[2026-06-21T21:41:58.178+0300] {processor.py:840} INFO - DAG(s) 'example_xcom' retrieved from /media/data/omar/programming course/DEPI/DEPI project/anomx/venv/lib/python3.12/site-packages/airflow/example_dags/example_xcom.py
[2026-06-21T21:41:58.196+0300] {logging_mixin.py:188} INFO - [2026-06-21T21:41:58.196+0300] {dag.py:3096} INFO - Sync 1 DAGs
[2026-06-21T21:41:58.216+0300] {logging_mixin.py:188} INFO - [2026-06-21T21:41:58.215+0300] {dag.py:3954} INFO - Setting next_dagrun for example_xcom to 2021-01-01 00:00:00+00:00, run_after=2021-01-01 00:00:00+00:00
[2026-06-21T21:41:58.245+0300] {processor.py:183} INFO - Processing /media/data/omar/programming course/DEPI/DEPI project/anomx/venv/lib/python3.12/site-packages/airflow/example_dags/example_xcom.py took 0.093 seconds
[2026-06-21T21:43:05.578+0300] {processor.py:161} INFO - Started process (PID=15631) to work on /media/data/omar/programming course/DEPI/DEPI project/anomx/venv/lib/python3.12/site-packages/airflow/example_dags/example_xcom.py
[2026-06-21T21:43:05.580+0300] {processor.py:830} INFO - Processing file /media/data/omar/programming course/DEPI/DEPI project/anomx/venv/lib/python3.12/site-packages/airflow/example_dags/example_xcom.py for tasks to queue
[2026-06-21T21:43:05.582+0300] {logging_mixin.py:188} INFO - [2026-06-21T21:43:05.581+0300] {dagbag.py:540} INFO - Filling up the DagBag from /media/data/omar/programming course/DEPI/DEPI project/anomx/venv/lib/python3.12/site-packages/airflow/example_dags/example_xcom.py
[2026-06-21T21:43:05.592+0300] {processor.py:840} INFO - DAG(s) 'example_xcom' retrieved from /media/data/omar/programming course/DEPI/DEPI project/anomx/venv/lib/python3.12/site-packages/airflow/example_dags/example_xcom.py
[2026-06-21T21:43:05.608+0300] {logging_mixin.py:188} INFO - [2026-06-21T21:43:05.607+0300] {dag.py:3096} INFO - Sync 1 DAGs
[2026-06-21T21:43:05.626+0300] {logging_mixin.py:188} INFO - [2026-06-21T21:43:05.626+0300] {dag.py:3954} INFO - Setting next_dagrun for example_xcom to 2021-01-01 00:00:00+00:00, run_after=2021-01-01 00:00:00+00:00
[2026-06-21T21:43:05.652+0300] {processor.py:183} INFO - Processing /media/data/omar/programming course/DEPI/DEPI project/anomx/venv/lib/python3.12/site-packages/airflow/example_dags/example_xcom.py took 0.084 seconds
[2026-06-21T21:44:04.696+0300] {processor.py:161} INFO - Started process (PID=15746) to work on /media/data/omar/programming course/DEPI/DEPI project/anomx/venv/lib/python3.12/site-packages/airflow/example_dags/example_xcom.py
[2026-06-21T21:44:04.697+0300] {processor.py:830} INFO - Processing file /media/data/omar/programming course/DEPI/DEPI project/anomx/venv/lib/python3.12/site-packages/airflow/example_dags/example_xcom.py for tasks to queue
[2026-06-21T21:44:04.699+0300] {logging_mixin.py:188} INFO - [2026-06-21T21:44:04.698+0300] {dagbag.py:540} INFO - Filling up the DagBag from /media/data/omar/programming course/DEPI/DEPI project/anomx/venv/lib/python3.12/site-packages/airflow/example_dags/example_xcom.py
[2026-06-21T21:44:04.707+0300] {processor.py:840} INFO - DAG(s) 'example_xcom' retrieved from /media/data/omar/programming course/DEPI/DEPI project/anomx/venv/lib/python3.12/site-packages/airflow/example_dags/example_xcom.py
[2026-06-21T21:44:04.724+0300] {logging_mixin.py:188} INFO - [2026-06-21T21:44:04.723+0300] {dag.py:3096} INFO - Sync 1 DAGs
[2026-06-21T21:44:04.740+0300] {logging_mixin.py:188} INFO - [2026-06-21T21:44:04.740+0300] {dag.py:3954} INFO - Setting next_dagrun for example_xcom to 2021-01-01 00:00:00+00:00, run_after=2021-01-01 00:00:00+00:00
[2026-06-21T21:44:04.773+0300] {processor.py:183} INFO - Processing /media/data/omar/programming course/DEPI/DEPI project/anomx/venv/lib/python3.12/site-packages/airflow/example_dags/example_xcom.py took 0.083 seconds
[2026-06-21T21:46:10.049+0300] {processor.py:161} INFO - Started process (PID=15988) to work on /media/data/omar/programming course/DEPI/DEPI project/anomx/venv/lib/python3.12/site-packages/airflow/example_dags/example_xcom.py
[2026-06-21T21:46:10.053+0300] {processor.py:830} INFO - Processing file /media/data/omar/programming course/DEPI/DEPI project/anomx/venv/lib/python3.12/site-packages/airflow/example_dags/example_xcom.py for tasks to queue
[2026-06-21T21:46:10.059+0300] {logging_mixin.py:188} INFO - [2026-06-21T21:46:10.058+0300] {dagbag.py:540} INFO - Filling up the DagBag from /media/data/omar/programming course/DEPI/DEPI project/anomx/venv/lib/python3.12/site-packages/airflow/example_dags/example_xcom.py
[2026-06-21T21:46:10.080+0300] {processor.py:840} INFO - DAG(s) 'example_xcom' retrieved from /media/data/omar/programming course/DEPI/DEPI project/anomx/venv/lib/python3.12/site-packages/airflow/example_dags/example_xcom.py
[2026-06-21T21:46:10.100+0300] {logging_mixin.py:188} INFO - [2026-06-21T21:46:10.099+0300] {dag.py:3096} INFO - Sync 1 DAGs
[2026-06-21T21:46:10.118+0300] {logging_mixin.py:188} INFO - [2026-06-21T21:46:10.118+0300] {dag.py:3954} INFO - Setting next_dagrun for example_xcom to 2021-01-01 00:00:00+00:00, run_after=2021-01-01 00:00:00+00:00
[2026-06-21T21:46:10.145+0300] {processor.py:183} INFO - Processing /media/data/omar/programming course/DEPI/DEPI project/anomx/venv/lib/python3.12/site-packages/airflow/example_dags/example_xcom.py took 0.118 seconds
[2026-06-21T21:47:36.690+0300] {processor.py:161} INFO - Started process (PID=16154) to work on /media/data/omar/programming course/DEPI/DEPI project/anomx/venv/lib/python3.12/site-packages/airflow/example_dags/example_xcom.py
[2026-06-21T21:47:36.692+0300] {processor.py:830} INFO - Processing file /media/data/omar/programming course/DEPI/DEPI project/anomx/venv/lib/python3.12/site-packages/airflow/example_dags/example_xcom.py for tasks to queue
[2026-06-21T21:47:36.696+0300] {logging_mixin.py:188} INFO - [2026-06-21T21:47:36.695+0300] {dagbag.py:540} INFO - Filling up the DagBag from /media/data/omar/programming course/DEPI/DEPI project/anomx/venv/lib/python3.12/site-packages/airflow/example_dags/example_xcom.py
[2026-06-21T21:47:36.713+0300] {processor.py:840} INFO - DAG(s) 'example_xcom' retrieved from /media/data/omar/programming course/DEPI/DEPI project/anomx/venv/lib/python3.12/site-packages/airflow/example_dags/example_xcom.py
[2026-06-21T21:47:36.732+0300] {logging_mixin.py:188} INFO - [2026-06-21T21:47:36.732+0300] {dag.py:3096} INFO - Sync 1 DAGs
[2026-06-21T21:47:36.748+0300] {logging_mixin.py:188} INFO - [2026-06-21T21:47:36.748+0300] {dag.py:3954} INFO - Setting next_dagrun for example_xcom to 2021-01-01 00:00:00+00:00, run_after=2021-01-01 00:00:00+00:00
[2026-06-21T21:47:36.773+0300] {processor.py:183} INFO - Processing /media/data/omar/programming course/DEPI/DEPI project/anomx/venv/lib/python3.12/site-packages/airflow/example_dags/example_xcom.py took 0.096 seconds
[2026-06-21T21:48:37.463+0300] {processor.py:161} INFO - Started process (PID=16246) to work on /media/data/omar/programming course/DEPI/DEPI project/anomx/venv/lib/python3.12/site-packages/airflow/example_dags/example_xcom.py
[2026-06-21T21:48:37.465+0300] {processor.py:830} INFO - Processing file /media/data/omar/programming course/DEPI/DEPI project/anomx/venv/lib/python3.12/site-packages/airflow/example_dags/example_xcom.py for tasks to queue
[2026-06-21T21:48:37.468+0300] {logging_mixin.py:188} INFO - [2026-06-21T21:48:37.467+0300] {dagbag.py:540} INFO - Filling up the DagBag from /media/data/omar/programming course/DEPI/DEPI project/anomx/venv/lib/python3.12/site-packages/airflow/example_dags/example_xcom.py
[2026-06-21T21:48:37.478+0300] {processor.py:840} INFO - DAG(s) 'example_xcom' retrieved from /media/data/omar/programming course/DEPI/DEPI project/anomx/venv/lib/python3.12/site-packages/airflow/example_dags/example_xcom.py
[2026-06-21T21:48:37.495+0300] {logging_mixin.py:188} INFO - [2026-06-21T21:48:37.495+0300] {dag.py:3096} INFO - Sync 1 DAGs
[2026-06-21T21:48:37.513+0300] {logging_mixin.py:188} INFO - [2026-06-21T21:48:37.512+0300] {dag.py:3954} INFO - Setting next_dagrun for example_xcom to 2021-01-01 00:00:00+00:00, run_after=2021-01-01 00:00:00+00:00
[2026-06-21T21:48:37.542+0300] {processor.py:183} INFO - Processing /media/data/omar/programming course/DEPI/DEPI project/anomx/venv/lib/python3.12/site-packages/airflow/example_dags/example_xcom.py took 0.093 seconds
[2026-06-21T21:49:38.194+0300] {processor.py:161} INFO - Started process (PID=16341) to work on /media/data/omar/programming course/DEPI/DEPI project/anomx/venv/lib/python3.12/site-packages/airflow/example_dags/example_xcom.py
[2026-06-21T21:49:38.195+0300] {processor.py:830} INFO - Processing file /media/data/omar/programming course/DEPI/DEPI project/anomx/venv/lib/python3.12/site-packages/airflow/example_dags/example_xcom.py for tasks to queue
[2026-06-21T21:49:38.197+0300] {logging_mixin.py:188} INFO - [2026-06-21T21:49:38.197+0300] {dagbag.py:540} INFO - Filling up the DagBag from /media/data/omar/programming course/DEPI/DEPI project/anomx/venv/lib/python3.12/site-packages/airflow/example_dags/example_xcom.py
[2026-06-21T21:49:38.205+0300] {processor.py:840} INFO - DAG(s) 'example_xcom' retrieved from /media/data/omar/programming course/DEPI/DEPI project/anomx/venv/lib/python3.12/site-packages/airflow/example_dags/example_xcom.py
[2026-06-21T21:49:38.222+0300] {logging_mixin.py:188} INFO - [2026-06-21T21:49:38.222+0300] {dag.py:3096} INFO - Sync 1 DAGs
[2026-06-21T21:49:38.240+0300] {logging_mixin.py:188} INFO - [2026-06-21T21:49:38.239+0300] {dag.py:3954} INFO - Setting next_dagrun for example_xcom to 2021-01-01 00:00:00+00:00, run_after=2021-01-01 00:00:00+00:00
[2026-06-21T21:49:38.269+0300] {processor.py:183} INFO - Processing /media/data/omar/programming course/DEPI/DEPI project/anomx/venv/lib/python3.12/site-packages/airflow/example_dags/example_xcom.py took 0.080 seconds
[2026-06-21T21:52:05.359+0300] {processor.py:161} INFO - Started process (PID=16623) to work on /media/data/omar/programming course/DEPI/DEPI project/anomx/venv/lib/python3.12/site-packages/airflow/example_dags/example_xcom.py
[2026-06-21T21:52:05.362+0300] {processor.py:830} INFO - Processing file /media/data/omar/programming course/DEPI/DEPI project/anomx/venv/lib/python3.12/site-packages/airflow/example_dags/example_xcom.py for tasks to queue
[2026-06-21T21:52:05.365+0300] {logging_mixin.py:188} INFO - [2026-06-21T21:52:05.364+0300] {dagbag.py:540} INFO - Filling up the DagBag from /media/data/omar/programming course/DEPI/DEPI project/anomx/venv/lib/python3.12/site-packages/airflow/example_dags/example_xcom.py
[2026-06-21T21:52:05.377+0300] {processor.py:840} INFO - DAG(s) 'example_xcom' retrieved from /media/data/omar/programming course/DEPI/DEPI project/anomx/venv/lib/python3.12/site-packages/airflow/example_dags/example_xcom.py
[2026-06-21T21:52:05.394+0300] {logging_mixin.py:188} INFO - [2026-06-21T21:52:05.394+0300] {dag.py:3096} INFO - Sync 1 DAGs
[2026-06-21T21:52:05.413+0300] {logging_mixin.py:188} INFO - [2026-06-21T21:52:05.413+0300] {dag.py:3954} INFO - Setting next_dagrun for example_xcom to 2021-01-01 00:00:00+00:00, run_after=2021-01-01 00:00:00+00:00
[2026-06-21T21:52:05.439+0300] {processor.py:183} INFO - Processing /media/data/omar/programming course/DEPI/DEPI project/anomx/venv/lib/python3.12/site-packages/airflow/example_dags/example_xcom.py took 0.098 seconds
[2026-06-21T21:52:56.400+0300] {processor.py:161} INFO - Started process (PID=16699) to work on /media/data/omar/programming course/DEPI/DEPI project/anomx/venv/lib/python3.12/site-packages/airflow/example_dags/example_xcom.py
[2026-06-21T21:52:56.401+0300] {processor.py:830} INFO - Processing file /media/data/omar/programming course/DEPI/DEPI project/anomx/venv/lib/python3.12/site-packages/airflow/example_dags/example_xcom.py for tasks to queue
[2026-06-21T21:52:56.404+0300] {logging_mixin.py:188} INFO - [2026-06-21T21:52:56.403+0300] {dagbag.py:540} INFO - Filling up the DagBag from /media/data/omar/programming course/DEPI/DEPI project/anomx/venv/lib/python3.12/site-packages/airflow/example_dags/example_xcom.py
[2026-06-21T21:52:56.416+0300] {processor.py:840} INFO - DAG(s) 'example_xcom' retrieved from /media/data/omar/programming course/DEPI/DEPI project/anomx/venv/lib/python3.12/site-packages/airflow/example_dags/example_xcom.py
[2026-06-21T21:52:56.440+0300] {logging_mixin.py:188} INFO - [2026-06-21T21:52:56.440+0300] {dag.py:3096} INFO - Sync 1 DAGs
[2026-06-21T21:52:56.457+0300] {logging_mixin.py:188} INFO - [2026-06-21T21:52:56.456+0300] {dag.py:3954} INFO - Setting next_dagrun for example_xcom to 2021-01-01 00:00:00+00:00, run_after=2021-01-01 00:00:00+00:00
[2026-06-21T21:52:56.484+0300] {processor.py:183} INFO - Processing /media/data/omar/programming course/DEPI/DEPI project/anomx/venv/lib/python3.12/site-packages/airflow/example_dags/example_xcom.py took 0.092 seconds
[2026-06-21T21:53:51.581+0300] {processor.py:161} INFO - Started process (PID=16788) to work on /media/data/omar/programming course/DEPI/DEPI project/anomx/venv/lib/python3.12/site-packages/airflow/example_dags/example_xcom.py
[2026-06-21T21:53:51.583+0300] {processor.py:830} INFO - Processing file /media/data/omar/programming course/DEPI/DEPI project/anomx/venv/lib/python3.12/site-packages/airflow/example_dags/example_xcom.py for tasks to queue
[2026-06-21T21:53:51.586+0300] {logging_mixin.py:188} INFO - [2026-06-21T21:53:51.585+0300] {dagbag.py:540} INFO - Filling up the DagBag from /media/data/omar/programming course/DEPI/DEPI project/anomx/venv/lib/python3.12/site-packages/airflow/example_dags/example_xcom.py
[2026-06-21T21:53:51.598+0300] {processor.py:840} INFO - DAG(s) 'example_xcom' retrieved from /media/data/omar/programming course/DEPI/DEPI project/anomx/venv/lib/python3.12/site-packages/airflow/example_dags/example_xcom.py
[2026-06-21T21:53:51.616+0300] {logging_mixin.py:188} INFO - [2026-06-21T21:53:51.616+0300] {dag.py:3096} INFO - Sync 1 DAGs
[2026-06-21T21:53:51.632+0300] {logging_mixin.py:188} INFO - [2026-06-21T21:53:51.631+0300] {dag.py:3954} INFO - Setting next_dagrun for example_xcom to 2021-01-01 00:00:00+00:00, run_after=2021-01-01 00:00:00+00:00
[2026-06-21T21:53:51.658+0300] {processor.py:183} INFO - Processing /media/data/omar/programming course/DEPI/DEPI project/anomx/venv/lib/python3.12/site-packages/airflow/example_dags/example_xcom.py took 0.095 seconds
[2026-06-21T21:54:48.890+0300] {processor.py:161} INFO - Started process (PID=16890) to work on /media/data/omar/programming course/DEPI/DEPI project/anomx/venv/lib/python3.12/site-packages/airflow/example_dags/example_xcom.py
[2026-06-21T21:54:48.893+0300] {processor.py:830} INFO - Processing file /media/data/omar/programming course/DEPI/DEPI project/anomx/venv/lib/python3.12/site-packages/airflow/example_dags/example_xcom.py for tasks to queue
[2026-06-21T21:54:48.896+0300] {logging_mixin.py:188} INFO - [2026-06-21T21:54:48.895+0300] {dagbag.py:540} INFO - Filling up the DagBag from /media/data/omar/programming course/DEPI/DEPI project/anomx/venv/lib/python3.12/site-packages/airflow/example_dags/example_xcom.py
[2026-06-21T21:54:48.908+0300] {processor.py:840} INFO - DAG(s) 'example_xcom' retrieved from /media/data/omar/programming course/DEPI/DEPI project/anomx/venv/lib/python3.12/site-packages/airflow/example_dags/example_xcom.py
[2026-06-21T21:54:48.925+0300] {logging_mixin.py:188} INFO - [2026-06-21T21:54:48.924+0300] {dag.py:3096} INFO - Sync 1 DAGs
[2026-06-21T21:54:48.941+0300] {logging_mixin.py:188} INFO - [2026-06-21T21:54:48.941+0300] {dag.py:3954} INFO - Setting next_dagrun for example_xcom to 2021-01-01 00:00:00+00:00, run_after=2021-01-01 00:00:00+00:00
[2026-06-21T21:54:48.969+0300] {processor.py:183} INFO - Processing /media/data/omar/programming course/DEPI/DEPI project/anomx/venv/lib/python3.12/site-packages/airflow/example_dags/example_xcom.py took 0.098 seconds
[2026-06-21T21:55:45.702+0300] {processor.py:161} INFO - Started process (PID=16986) to work on /media/data/omar/programming course/DEPI/DEPI project/anomx/venv/lib/python3.12/site-packages/airflow/example_dags/example_xcom.py
[2026-06-21T21:55:45.703+0300] {processor.py:830} INFO - Processing file /media/data/omar/programming course/DEPI/DEPI project/anomx/venv/lib/python3.12/site-packages/airflow/example_dags/example_xcom.py for tasks to queue
[2026-06-21T21:55:45.705+0300] {logging_mixin.py:188} INFO - [2026-06-21T21:55:45.704+0300] {dagbag.py:540} INFO - Filling up the DagBag from /media/data/omar/programming course/DEPI/DEPI project/anomx/venv/lib/python3.12/site-packages/airflow/example_dags/example_xcom.py
[2026-06-21T21:55:45.713+0300] {processor.py:840} INFO - DAG(s) 'example_xcom' retrieved from /media/data/omar/programming course/DEPI/DEPI project/anomx/venv/lib/python3.12/site-packages/airflow/example_dags/example_xcom.py
[2026-06-21T21:55:45.729+0300] {logging_mixin.py:188} INFO - [2026-06-21T21:55:45.728+0300] {dag.py:3096} INFO - Sync 1 DAGs
[2026-06-21T21:55:45.744+0300] {logging_mixin.py:188} INFO - [2026-06-21T21:55:45.743+0300] {dag.py:3954} INFO - Setting next_dagrun for example_xcom to 2021-01-01 00:00:00+00:00, run_after=2021-01-01 00:00:00+00:00
[2026-06-21T21:55:45.772+0300] {processor.py:183} INFO - Processing /media/data/omar/programming course/DEPI/DEPI project/anomx/venv/lib/python3.12/site-packages/airflow/example_dags/example_xcom.py took 0.079 seconds
[2026-06-21T21:56:37.185+0300] {processor.py:161} INFO - Started process (PID=17075) to work on /media/data/omar/programming course/DEPI/DEPI project/anomx/venv/lib/python3.12/site-packages/airflow/example_dags/example_xcom.py
[2026-06-21T21:56:37.186+0300] {processor.py:830} INFO - Processing file /media/data/omar/programming course/DEPI/DEPI project/anomx/venv/lib/python3.12/site-packages/airflow/example_dags/example_xcom.py for tasks to queue
[2026-06-21T21:56:37.188+0300] {logging_mixin.py:188} INFO - [2026-06-21T21:56:37.187+0300] {dagbag.py:540} INFO - Filling up the DagBag from /media/data/omar/programming course/DEPI/DEPI project/anomx/venv/lib/python3.12/site-packages/airflow/example_dags/example_xcom.py
[2026-06-21T21:56:37.195+0300] {processor.py:840} INFO - DAG(s) 'example_xcom' retrieved from /media/data/omar/programming course/DEPI/DEPI project/anomx/venv/lib/python3.12/site-packages/airflow/example_dags/example_xcom.py
[2026-06-21T21:56:37.210+0300] {logging_mixin.py:188} INFO - [2026-06-21T21:56:37.210+0300] {dag.py:3096} INFO - Sync 1 DAGs
[2026-06-21T21:56:37.226+0300] {logging_mixin.py:188} INFO - [2026-06-21T21:56:37.226+0300] {dag.py:3954} INFO - Setting next_dagrun for example_xcom to 2021-01-01 00:00:00+00:00, run_after=2021-01-01 00:00:00+00:00
[2026-06-21T21:56:37.253+0300] {processor.py:183} INFO - Processing /media/data/omar/programming course/DEPI/DEPI project/anomx/venv/lib/python3.12/site-packages/airflow/example_dags/example_xcom.py took 0.075 seconds
[2026-06-21T21:57:29.214+0300] {processor.py:161} INFO - Started process (PID=17159) to work on /media/data/omar/programming course/DEPI/DEPI project/anomx/venv/lib/python3.12/site-packages/airflow/example_dags/example_xcom.py
[2026-06-21T21:57:29.215+0300] {processor.py:830} INFO - Processing file /media/data/omar/programming course/DEPI/DEPI project/anomx/venv/lib/python3.12/site-packages/airflow/example_dags/example_xcom.py for tasks to queue
[2026-06-21T21:57:29.217+0300] {logging_mixin.py:188} INFO - [2026-06-21T21:57:29.216+0300] {dagbag.py:540} INFO - Filling up the DagBag from /media/data/omar/programming course/DEPI/DEPI project/anomx/venv/lib/python3.12/site-packages/airflow/example_dags/example_xcom.py
[2026-06-21T21:57:29.225+0300] {processor.py:840} INFO - DAG(s) 'example_xcom' retrieved from /media/data/omar/programming course/DEPI/DEPI project/anomx/venv/lib/python3.12/site-packages/airflow/example_dags/example_xcom.py
[2026-06-21T21:57:29.241+0300] {logging_mixin.py:188} INFO - [2026-06-21T21:57:29.241+0300] {dag.py:3096} INFO - Sync 1 DAGs
[2026-06-21T21:57:29.258+0300] {logging_mixin.py:188} INFO - [2026-06-21T21:57:29.258+0300] {dag.py:3954} INFO - Setting next_dagrun for example_xcom to 2021-01-01 00:00:00+00:00, run_after=2021-01-01 00:00:00+00:00
[2026-06-21T21:57:29.288+0300] {processor.py:183} INFO - Processing /media/data/omar/programming course/DEPI/DEPI project/anomx/venv/lib/python3.12/site-packages/airflow/example_dags/example_xcom.py took 0.082 seconds
[2026-06-21T21:58:24.677+0300] {processor.py:161} INFO - Started process (PID=17252) to work on /media/data/omar/programming course/DEPI/DEPI project/anomx/venv/lib/python3.12/site-packages/airflow/example_dags/example_xcom.py
[2026-06-21T21:58:24.679+0300] {processor.py:830} INFO - Processing file /media/data/omar/programming course/DEPI/DEPI project/anomx/venv/lib/python3.12/site-packages/airflow/example_dags/example_xcom.py for tasks to queue
[2026-06-21T21:58:24.682+0300] {logging_mixin.py:188} INFO - [2026-06-21T21:58:24.681+0300] {dagbag.py:540} INFO - Filling up the DagBag from /media/data/omar/programming course/DEPI/DEPI project/anomx/venv/lib/python3.12/site-packages/airflow/example_dags/example_xcom.py
[2026-06-21T21:58:24.696+0300] {processor.py:840} INFO - DAG(s) 'example_xcom' retrieved from /media/data/omar/programming course/DEPI/DEPI project/anomx/venv/lib/python3.12/site-packages/airflow/example_dags/example_xcom.py
[2026-06-21T21:58:24.714+0300] {logging_mixin.py:188} INFO - [2026-06-21T21:58:24.714+0300] {dag.py:3096} INFO - Sync 1 DAGs
[2026-06-21T21:58:24.730+0300] {logging_mixin.py:188} INFO - [2026-06-21T21:58:24.730+0300] {dag.py:3954} INFO - Setting next_dagrun for example_xcom to 2021-01-01 00:00:00+00:00, run_after=2021-01-01 00:00:00+00:00
[2026-06-21T21:58:24.756+0300] {processor.py:183} INFO - Processing /media/data/omar/programming course/DEPI/DEPI project/anomx/venv/lib/python3.12/site-packages/airflow/example_dags/example_xcom.py took 0.088 seconds
[2026-06-21T21:59:20.025+0300] {processor.py:161} INFO - Started process (PID=17342) to work on /media/data/omar/programming course/DEPI/DEPI project/anomx/venv/lib/python3.12/site-packages/airflow/example_dags/example_xcom.py
[2026-06-21T21:59:20.027+0300] {processor.py:830} INFO - Processing file /media/data/omar/programming course/DEPI/DEPI project/anomx/venv/lib/python3.12/site-packages/airflow/example_dags/example_xcom.py for tasks to queue
[2026-06-21T21:59:20.028+0300] {logging_mixin.py:188} INFO - [2026-06-21T21:59:20.028+0300] {dagbag.py:540} INFO - Filling up the DagBag from /media/data/omar/programming course/DEPI/DEPI project/anomx/venv/lib/python3.12/site-packages/airflow/example_dags/example_xcom.py
[2026-06-21T21:59:20.037+0300] {processor.py:840} INFO - DAG(s) 'example_xcom' retrieved from /media/data/omar/programming course/DEPI/DEPI project/anomx/venv/lib/python3.12/site-packages/airflow/example_dags/example_xcom.py
[2026-06-21T21:59:20.052+0300] {logging_mixin.py:188} INFO - [2026-06-21T21:59:20.051+0300] {dag.py:3096} INFO - Sync 1 DAGs
[2026-06-21T21:59:20.068+0300] {logging_mixin.py:188} INFO - [2026-06-21T21:59:20.067+0300] {dag.py:3954} INFO - Setting next_dagrun for example_xcom to 2021-01-01 00:00:00+00:00, run_after=2021-01-01 00:00:00+00:00
[2026-06-21T21:59:20.097+0300] {processor.py:183} INFO - Processing /media/data/omar/programming course/DEPI/DEPI project/anomx/venv/lib/python3.12/site-packages/airflow/example_dags/example_xcom.py took 0.079 seconds
[2026-06-21T22:00:16.944+0300] {processor.py:161} INFO - Started process (PID=17436) to work on /media/data/omar/programming course/DEPI/DEPI project/anomx/venv/lib/python3.12/site-packages/airflow/example_dags/example_xcom.py
[2026-06-21T22:00:16.945+0300] {processor.py:830} INFO - Processing file /media/data/omar/programming course/DEPI/DEPI project/anomx/venv/lib/python3.12/site-packages/airflow/example_dags/example_xcom.py for tasks to queue
[2026-06-21T22:00:16.948+0300] {logging_mixin.py:188} INFO - [2026-06-21T22:00:16.947+0300] {dagbag.py:540} INFO - Filling up the DagBag from /media/data/omar/programming course/DEPI/DEPI project/anomx/venv/lib/python3.12/site-packages/airflow/example_dags/example_xcom.py
[2026-06-21T22:00:16.958+0300] {processor.py:840} INFO - DAG(s) 'example_xcom' retrieved from /media/data/omar/programming course/DEPI/DEPI project/anomx/venv/lib/python3.12/site-packages/airflow/example_dags/example_xcom.py
[2026-06-21T22:00:16.979+0300] {logging_mixin.py:188} INFO - [2026-06-21T22:00:16.978+0300] {dag.py:3096} INFO - Sync 1 DAGs
[2026-06-21T22:00:16.995+0300] {logging_mixin.py:188} INFO - [2026-06-21T22:00:16.995+0300] {dag.py:3954} INFO - Setting next_dagrun for example_xcom to 2021-01-01 00:00:00+00:00, run_after=2021-01-01 00:00:00+00:00
[2026-06-21T22:00:17.022+0300] {processor.py:183} INFO - Processing /media/data/omar/programming course/DEPI/DEPI project/anomx/venv/lib/python3.12/site-packages/airflow/example_dags/example_xcom.py took 0.089 seconds
[2026-06-21T22:01:14.260+0300] {processor.py:161} INFO - Started process (PID=17528) to work on /media/data/omar/programming course/DEPI/DEPI project/anomx/venv/lib/python3.12/site-packages/airflow/example_dags/example_xcom.py
[2026-06-21T22:01:14.262+0300] {processor.py:830} INFO - Processing file /media/data/omar/programming course/DEPI/DEPI project/anomx/venv/lib/python3.12/site-packages/airflow/example_dags/example_xcom.py for tasks to queue
[2026-06-21T22:01:14.265+0300] {logging_mixin.py:188} INFO - [2026-06-21T22:01:14.264+0300] {dagbag.py:540} INFO - Filling up the DagBag from /media/data/omar/programming course/DEPI/DEPI project/anomx/venv/lib/python3.12/site-packages/airflow/example_dags/example_xcom.py
[2026-06-21T22:01:14.276+0300] {processor.py:840} INFO - DAG(s) 'example_xcom' retrieved from /media/data/omar/programming course/DEPI/DEPI project/anomx/venv/lib/python3.12/site-packages/airflow/example_dags/example_xcom.py
[2026-06-21T22:01:14.291+0300] {logging_mixin.py:188} INFO - [2026-06-21T22:01:14.291+0300] {dag.py:3096} INFO - Sync 1 DAGs
[2026-06-21T22:01:14.307+0300] {logging_mixin.py:188} INFO - [2026-06-21T22:01:14.307+0300] {dag.py:3954} INFO - Setting next_dagrun for example_xcom to 2021-01-01 00:00:00+00:00, run_after=2021-01-01 00:00:00+00:00
[2026-06-21T22:01:14.333+0300] {processor.py:183} INFO - Processing /media/data/omar/programming course/DEPI/DEPI project/anomx/venv/lib/python3.12/site-packages/airflow/example_dags/example_xcom.py took 0.090 seconds
[2026-06-21T22:02:11.884+0300] {processor.py:161} INFO - Started process (PID=17610) to work on /media/data/omar/programming course/DEPI/DEPI project/anomx/venv/lib/python3.12/site-packages/airflow/example_dags/example_xcom.py
[2026-06-21T22:02:11.885+0300] {processor.py:830} INFO - Processing file /media/data/omar/programming course/DEPI/DEPI project/anomx/venv/lib/python3.12/site-packages/airflow/example_dags/example_xcom.py for tasks to queue
[2026-06-21T22:02:11.887+0300] {logging_mixin.py:188} INFO - [2026-06-21T22:02:11.886+0300] {dagbag.py:540} INFO - Filling up the DagBag from /media/data/omar/programming course/DEPI/DEPI project/anomx/venv/lib/python3.12/site-packages/airflow/example_dags/example_xcom.py
[2026-06-21T22:02:11.894+0300] {processor.py:840} INFO - DAG(s) 'example_xcom' retrieved from /media/data/omar/programming course/DEPI/DEPI project/anomx/venv/lib/python3.12/site-packages/airflow/example_dags/example_xcom.py
[2026-06-21T22:02:11.910+0300] {logging_mixin.py:188} INFO - [2026-06-21T22:02:11.909+0300] {dag.py:3096} INFO - Sync 1 DAGs
[2026-06-21T22:02:11.925+0300] {logging_mixin.py:188} INFO - [2026-06-21T22:02:11.925+0300] {dag.py:3954} INFO - Setting next_dagrun for example_xcom to 2021-01-01 00:00:00+00:00, run_after=2021-01-01 00:00:00+00:00
[2026-06-21T22:02:11.953+0300] {processor.py:183} INFO - Processing /media/data/omar/programming course/DEPI/DEPI project/anomx/venv/lib/python3.12/site-packages/airflow/example_dags/example_xcom.py took 0.074 seconds
[2026-06-21T22:03:09.167+0300] {processor.py:161} INFO - Started process (PID=17758) to work on /media/data/omar/programming course/DEPI/DEPI project/anomx/venv/lib/python3.12/site-packages/airflow/example_dags/example_xcom.py
[2026-06-21T22:03:09.169+0300] {processor.py:830} INFO - Processing file /media/data/omar/programming course/DEPI/DEPI project/anomx/venv/lib/python3.12/site-packages/airflow/example_dags/example_xcom.py for tasks to queue
[2026-06-21T22:03:09.173+0300] {logging_mixin.py:188} INFO - [2026-06-21T22:03:09.172+0300] {dagbag.py:540} INFO - Filling up the DagBag from /media/data/omar/programming course/DEPI/DEPI project/anomx/venv/lib/python3.12/site-packages/airflow/example_dags/example_xcom.py
[2026-06-21T22:03:09.187+0300] {processor.py:840} INFO - DAG(s) 'example_xcom' retrieved from /media/data/omar/programming course/DEPI/DEPI project/anomx/venv/lib/python3.12/site-packages/airflow/example_dags/example_xcom.py
[2026-06-21T22:03:09.204+0300] {logging_mixin.py:188} INFO - [2026-06-21T22:03:09.203+0300] {dag.py:3096} INFO - Sync 1 DAGs
[2026-06-21T22:03:09.220+0300] {logging_mixin.py:188} INFO - [2026-06-21T22:03:09.220+0300] {dag.py:3954} INFO - Setting next_dagrun for example_xcom to 2021-01-01 00:00:00+00:00, run_after=2021-01-01 00:00:00+00:00
[2026-06-21T22:03:09.246+0300] {processor.py:183} INFO - Processing /media/data/omar/programming course/DEPI/DEPI project/anomx/venv/lib/python3.12/site-packages/airflow/example_dags/example_xcom.py took 0.092 seconds
[2026-06-21T22:04:06.163+0300] {processor.py:161} INFO - Started process (PID=17860) to work on /media/data/omar/programming course/DEPI/DEPI project/anomx/venv/lib/python3.12/site-packages/airflow/example_dags/example_xcom.py
[2026-06-21T22:04:06.164+0300] {processor.py:830} INFO - Processing file /media/data/omar/programming course/DEPI/DEPI project/anomx/venv/lib/python3.12/site-packages/airflow/example_dags/example_xcom.py for tasks to queue
[2026-06-21T22:04:06.166+0300] {logging_mixin.py:188} INFO - [2026-06-21T22:04:06.166+0300] {dagbag.py:540} INFO - Filling up the DagBag from /media/data/omar/programming course/DEPI/DEPI project/anomx/venv/lib/python3.12/site-packages/airflow/example_dags/example_xcom.py
[2026-06-21T22:04:06.175+0300] {processor.py:840} INFO - DAG(s) 'example_xcom' retrieved from /media/data/omar/programming course/DEPI/DEPI project/anomx/venv/lib/python3.12/site-packages/airflow/example_dags/example_xcom.py
[2026-06-21T22:04:06.191+0300] {logging_mixin.py:188} INFO - [2026-06-21T22:04:06.190+0300] {dag.py:3096} INFO - Sync 1 DAGs
[2026-06-21T22:04:06.214+0300] {logging_mixin.py:188} INFO - [2026-06-21T22:04:06.213+0300] {dag.py:3954} INFO - Setting next_dagrun for example_xcom to 2021-01-01 00:00:00+00:00, run_after=2021-01-01 00:00:00+00:00
[2026-06-21T22:04:06.247+0300] {processor.py:183} INFO - Processing /media/data/omar/programming course/DEPI/DEPI project/anomx/venv/lib/python3.12/site-packages/airflow/example_dags/example_xcom.py took 0.090 seconds
[2026-06-21T22:04:58.786+0300] {processor.py:161} INFO - Started process (PID=17947) to work on /media/data/omar/programming course/DEPI/DEPI project/anomx/venv/lib/python3.12/site-packages/airflow/example_dags/example_xcom.py
[2026-06-21T22:04:58.787+0300] {processor.py:830} INFO - Processing file /media/data/omar/programming course/DEPI/DEPI project/anomx/venv/lib/python3.12/site-packages/airflow/example_dags/example_xcom.py for tasks to queue
[2026-06-21T22:04:58.791+0300] {logging_mixin.py:188} INFO - [2026-06-21T22:04:58.790+0300] {dagbag.py:540} INFO - Filling up the DagBag from /media/data/omar/programming course/DEPI/DEPI project/anomx/venv/lib/python3.12/site-packages/airflow/example_dags/example_xcom.py
[2026-06-21T22:04:58.802+0300] {processor.py:840} INFO - DAG(s) 'example_xcom' retrieved from /media/data/omar/programming course/DEPI/DEPI project/anomx/venv/lib/python3.12/site-packages/airflow/example_dags/example_xcom.py
[2026-06-21T22:04:58.818+0300] {logging_mixin.py:188} INFO - [2026-06-21T22:04:58.818+0300] {dag.py:3096} INFO - Sync 1 DAGs
[2026-06-21T22:04:58.835+0300] {logging_mixin.py:188} INFO - [2026-06-21T22:04:58.835+0300] {dag.py:3954} INFO - Setting next_dagrun for example_xcom to 2021-01-01 00:00:00+00:00, run_after=2021-01-01 00:00:00+00:00
[2026-06-21T22:04:58.862+0300] {processor.py:183} INFO - Processing /media/data/omar/programming course/DEPI/DEPI project/anomx/venv/lib/python3.12/site-packages/airflow/example_dags/example_xcom.py took 0.094 seconds
[2026-06-21T22:05:55.814+0300] {processor.py:161} INFO - Started process (PID=18042) to work on /media/data/omar/programming course/DEPI/DEPI project/anomx/venv/lib/python3.12/site-packages/airflow/example_dags/example_xcom.py
[2026-06-21T22:05:55.816+0300] {processor.py:830} INFO - Processing file /media/data/omar/programming course/DEPI/DEPI project/anomx/venv/lib/python3.12/site-packages/airflow/example_dags/example_xcom.py for tasks to queue
[2026-06-21T22:05:55.819+0300] {logging_mixin.py:188} INFO - [2026-06-21T22:05:55.818+0300] {dagbag.py:540} INFO - Filling up the DagBag from /media/data/omar/programming course/DEPI/DEPI project/anomx/venv/lib/python3.12/site-packages/airflow/example_dags/example_xcom.py
[2026-06-21T22:05:55.829+0300] {processor.py:840} INFO - DAG(s) 'example_xcom' retrieved from /media/data/omar/programming course/DEPI/DEPI project/anomx/venv/lib/python3.12/site-packages/airflow/example_dags/example_xcom.py
[2026-06-21T22:05:55.845+0300] {logging_mixin.py:188} INFO - [2026-06-21T22:05:55.845+0300] {dag.py:3096} INFO - Sync 1 DAGs
[2026-06-21T22:05:55.944+0300] {logging_mixin.py:188} INFO - [2026-06-21T22:05:55.944+0300] {dag.py:3954} INFO - Setting next_dagrun for example_xcom to 2021-01-01 00:00:00+00:00, run_after=2021-01-01 00:00:00+00:00
[2026-06-21T22:05:55.969+0300] {processor.py:183} INFO - Processing /media/data/omar/programming course/DEPI/DEPI project/anomx/venv/lib/python3.12/site-packages/airflow/example_dags/example_xcom.py took 0.169 seconds
[2026-06-21T22:06:53.407+0300] {processor.py:161} INFO - Started process (PID=18122) to work on /media/data/omar/programming course/DEPI/DEPI project/anomx/venv/lib/python3.12/site-packages/airflow/example_dags/example_xcom.py
[2026-06-21T22:06:53.408+0300] {processor.py:830} INFO - Processing file /media/data/omar/programming course/DEPI/DEPI project/anomx/venv/lib/python3.12/site-packages/airflow/example_dags/example_xcom.py for tasks to queue
[2026-06-21T22:06:53.410+0300] {logging_mixin.py:188} INFO - [2026-06-21T22:06:53.410+0300] {dagbag.py:540} INFO - Filling up the DagBag from /media/data/omar/programming course/DEPI/DEPI project/anomx/venv/lib/python3.12/site-packages/airflow/example_dags/example_xcom.py
[2026-06-21T22:06:53.418+0300] {processor.py:840} INFO - DAG(s) 'example_xcom' retrieved from /media/data/omar/programming course/DEPI/DEPI project/anomx/venv/lib/python3.12/site-packages/airflow/example_dags/example_xcom.py
[2026-06-21T22:06:53.433+0300] {logging_mixin.py:188} INFO - [2026-06-21T22:06:53.433+0300] {dag.py:3096} INFO - Sync 1 DAGs
[2026-06-21T22:06:53.449+0300] {logging_mixin.py:188} INFO - [2026-06-21T22:06:53.449+0300] {dag.py:3954} INFO - Setting next_dagrun for example_xcom to 2021-01-01 00:00:00+00:00, run_after=2021-01-01 00:00:00+00:00
[2026-06-21T22:06:53.476+0300] {processor.py:183} INFO - Processing /media/data/omar/programming course/DEPI/DEPI project/anomx/venv/lib/python3.12/site-packages/airflow/example_dags/example_xcom.py took 0.076 seconds
[2026-06-21T22:07:51.023+0300] {processor.py:161} INFO - Started process (PID=18213) to work on /media/data/omar/programming course/DEPI/DEPI project/anomx/venv/lib/python3.12/site-packages/airflow/example_dags/example_xcom.py
[2026-06-21T22:07:51.026+0300] {processor.py:830} INFO - Processing file /media/data/omar/programming course/DEPI/DEPI project/anomx/venv/lib/python3.12/site-packages/airflow/example_dags/example_xcom.py for tasks to queue
[2026-06-21T22:07:51.030+0300] {logging_mixin.py:188} INFO - [2026-06-21T22:07:51.028+0300] {dagbag.py:540} INFO - Filling up the DagBag from /media/data/omar/programming course/DEPI/DEPI project/anomx/venv/lib/python3.12/site-packages/airflow/example_dags/example_xcom.py
[2026-06-21T22:07:51.046+0300] {processor.py:840} INFO - DAG(s) 'example_xcom' retrieved from /media/data/omar/programming course/DEPI/DEPI project/anomx/venv/lib/python3.12/site-packages/airflow/example_dags/example_xcom.py
[2026-06-21T22:07:51.064+0300] {logging_mixin.py:188} INFO - [2026-06-21T22:07:51.064+0300] {dag.py:3096} INFO - Sync 1 DAGs
[2026-06-21T22:07:51.080+0300] {logging_mixin.py:188} INFO - [2026-06-21T22:07:51.080+0300] {dag.py:3954} INFO - Setting next_dagrun for example_xcom to 2021-01-01 00:00:00+00:00, run_after=2021-01-01 00:00:00+00:00
[2026-06-21T22:07:51.108+0300] {processor.py:183} INFO - Processing /media/data/omar/programming course/DEPI/DEPI project/anomx/venv/lib/python3.12/site-packages/airflow/example_dags/example_xcom.py took 0.098 seconds
[2026-06-21T22:08:48.861+0300] {processor.py:161} INFO - Started process (PID=18305) to work on /media/data/omar/programming course/DEPI/DEPI project/anomx/venv/lib/python3.12/site-packages/airflow/example_dags/example_xcom.py
[2026-06-21T22:08:48.863+0300] {processor.py:830} INFO - Processing file /media/data/omar/programming course/DEPI/DEPI project/anomx/venv/lib/python3.12/site-packages/airflow/example_dags/example_xcom.py for tasks to queue
[2026-06-21T22:08:48.866+0300] {logging_mixin.py:188} INFO - [2026-06-21T22:08:48.865+0300] {dagbag.py:540} INFO - Filling up the DagBag from /media/data/omar/programming course/DEPI/DEPI project/anomx/venv/lib/python3.12/site-packages/airflow/example_dags/example_xcom.py
[2026-06-21T22:08:48.878+0300] {processor.py:840} INFO - DAG(s) 'example_xcom' retrieved from /media/data/omar/programming course/DEPI/DEPI project/anomx/venv/lib/python3.12/site-packages/airflow/example_dags/example_xcom.py
[2026-06-21T22:08:48.894+0300] {logging_mixin.py:188} INFO - [2026-06-21T22:08:48.894+0300] {dag.py:3096} INFO - Sync 1 DAGs
[2026-06-21T22:08:48.991+0300] {logging_mixin.py:188} INFO - [2026-06-21T22:08:48.991+0300] {dag.py:3954} INFO - Setting next_dagrun for example_xcom to 2021-01-01 00:00:00+00:00, run_after=2021-01-01 00:00:00+00:00
[2026-06-21T22:08:49.016+0300] {processor.py:183} INFO - Processing /media/data/omar/programming course/DEPI/DEPI project/anomx/venv/lib/python3.12/site-packages/airflow/example_dags/example_xcom.py took 0.173 seconds
[2026-06-21T22:09:46.657+0300] {processor.py:161} INFO - Started process (PID=18541) to work on /media/data/omar/programming course/DEPI/DEPI project/anomx/venv/lib/python3.12/site-packages/airflow/example_dags/example_xcom.py
[2026-06-21T22:09:46.658+0300] {processor.py:830} INFO - Processing file /media/data/omar/programming course/DEPI/DEPI project/anomx/venv/lib/python3.12/site-packages/airflow/example_dags/example_xcom.py for tasks to queue
[2026-06-21T22:09:46.660+0300] {logging_mixin.py:188} INFO - [2026-06-21T22:09:46.660+0300] {dagbag.py:540} INFO - Filling up the DagBag from /media/data/omar/programming course/DEPI/DEPI project/anomx/venv/lib/python3.12/site-packages/airflow/example_dags/example_xcom.py
[2026-06-21T22:09:46.669+0300] {processor.py:840} INFO - DAG(s) 'example_xcom' retrieved from /media/data/omar/programming course/DEPI/DEPI project/anomx/venv/lib/python3.12/site-packages/airflow/example_dags/example_xcom.py
[2026-06-21T22:09:46.688+0300] {logging_mixin.py:188} INFO - [2026-06-21T22:09:46.687+0300] {dag.py:3096} INFO - Sync 1 DAGs
[2026-06-21T22:09:46.707+0300] {logging_mixin.py:188} INFO - [2026-06-21T22:09:46.706+0300] {dag.py:3954} INFO - Setting next_dagrun for example_xcom to 2021-01-01 00:00:00+00:00, run_after=2021-01-01 00:00:00+00:00
[2026-06-21T22:09:46.753+0300] {processor.py:183} INFO - Processing /media/data/omar/programming course/DEPI/DEPI project/anomx/venv/lib/python3.12/site-packages/airflow/example_dags/example_xcom.py took 0.104 seconds
[2026-06-21T22:10:55.322+0300] {processor.py:161} INFO - Started process (PID=18737) to work on /media/data/omar/programming course/DEPI/DEPI project/anomx/venv/lib/python3.12/site-packages/airflow/example_dags/example_xcom.py
[2026-06-21T22:10:55.324+0300] {processor.py:830} INFO - Processing file /media/data/omar/programming course/DEPI/DEPI project/anomx/venv/lib/python3.12/site-packages/airflow/example_dags/example_xcom.py for tasks to queue
[2026-06-21T22:10:55.325+0300] {logging_mixin.py:188} INFO - [2026-06-21T22:10:55.325+0300] {dagbag.py:540} INFO - Filling up the DagBag from /media/data/omar/programming course/DEPI/DEPI project/anomx/venv/lib/python3.12/site-packages/airflow/example_dags/example_xcom.py
[2026-06-21T22:10:55.334+0300] {processor.py:840} INFO - DAG(s) 'example_xcom' retrieved from /media/data/omar/programming course/DEPI/DEPI project/anomx/venv/lib/python3.12/site-packages/airflow/example_dags/example_xcom.py
[2026-06-21T22:10:55.354+0300] {logging_mixin.py:188} INFO - [2026-06-21T22:10:55.353+0300] {dag.py:3096} INFO - Sync 1 DAGs
[2026-06-21T22:10:55.372+0300] {logging_mixin.py:188} INFO - [2026-06-21T22:10:55.371+0300] {dag.py:3954} INFO - Setting next_dagrun for example_xcom to 2021-01-01 00:00:00+00:00, run_after=2021-01-01 00:00:00+00:00
[2026-06-21T22:10:55.424+0300] {processor.py:183} INFO - Processing /media/data/omar/programming course/DEPI/DEPI project/anomx/venv/lib/python3.12/site-packages/airflow/example_dags/example_xcom.py took 0.109 seconds
[2026-06-21T22:11:52.195+0300] {processor.py:161} INFO - Started process (PID=18873) to work on /media/data/omar/programming course/DEPI/DEPI project/anomx/venv/lib/python3.12/site-packages/airflow/example_dags/example_xcom.py
[2026-06-21T22:11:52.197+0300] {processor.py:830} INFO - Processing file /media/data/omar/programming course/DEPI/DEPI project/anomx/venv/lib/python3.12/site-packages/airflow/example_dags/example_xcom.py for tasks to queue
[2026-06-21T22:11:52.200+0300] {logging_mixin.py:188} INFO - [2026-06-21T22:11:52.199+0300] {dagbag.py:540} INFO - Filling up the DagBag from /media/data/omar/programming course/DEPI/DEPI project/anomx/venv/lib/python3.12/site-packages/airflow/example_dags/example_xcom.py
[2026-06-21T22:11:52.216+0300] {processor.py:840} INFO - DAG(s) 'example_xcom' retrieved from /media/data/omar/programming course/DEPI/DEPI project/anomx/venv/lib/python3.12/site-packages/airflow/example_dags/example_xcom.py
[2026-06-21T22:11:52.242+0300] {logging_mixin.py:188} INFO - [2026-06-21T22:11:52.242+0300] {dag.py:3096} INFO - Sync 1 DAGs
[2026-06-21T22:11:52.264+0300] {logging_mixin.py:188} INFO - [2026-06-21T22:11:52.264+0300] {dag.py:3954} INFO - Setting next_dagrun for example_xcom to 2021-01-01 00:00:00+00:00, run_after=2021-01-01 00:00:00+00:00
[2026-06-21T22:11:52.305+0300] {processor.py:183} INFO - Processing /media/data/omar/programming course/DEPI/DEPI project/anomx/venv/lib/python3.12/site-packages/airflow/example_dags/example_xcom.py took 0.123 seconds
[2026-06-21T22:12:44.547+0300] {processor.py:161} INFO - Started process (PID=18966) to work on /media/data/omar/programming course/DEPI/DEPI project/anomx/venv/lib/python3.12/site-packages/airflow/example_dags/example_xcom.py
[2026-06-21T22:12:44.548+0300] {processor.py:830} INFO - Processing file /media/data/omar/programming course/DEPI/DEPI project/anomx/venv/lib/python3.12/site-packages/airflow/example_dags/example_xcom.py for tasks to queue
[2026-06-21T22:12:44.550+0300] {logging_mixin.py:188} INFO - [2026-06-21T22:12:44.550+0300] {dagbag.py:540} INFO - Filling up the DagBag from /media/data/omar/programming course/DEPI/DEPI project/anomx/venv/lib/python3.12/site-packages/airflow/example_dags/example_xcom.py
[2026-06-21T22:12:44.559+0300] {processor.py:840} INFO - DAG(s) 'example_xcom' retrieved from /media/data/omar/programming course/DEPI/DEPI project/anomx/venv/lib/python3.12/site-packages/airflow/example_dags/example_xcom.py
[2026-06-21T22:12:44.576+0300] {logging_mixin.py:188} INFO - [2026-06-21T22:12:44.576+0300] {dag.py:3096} INFO - Sync 1 DAGs
[2026-06-21T22:12:44.594+0300] {logging_mixin.py:188} INFO - [2026-06-21T22:12:44.594+0300] {dag.py:3954} INFO - Setting next_dagrun for example_xcom to 2021-01-01 00:00:00+00:00, run_after=2021-01-01 00:00:00+00:00
[2026-06-21T22:12:44.628+0300] {processor.py:183} INFO - Processing /media/data/omar/programming course/DEPI/DEPI project/anomx/venv/lib/python3.12/site-packages/airflow/example_dags/example_xcom.py took 0.090 seconds
[2026-06-21T22:13:35.778+0300] {processor.py:161} INFO - Started process (PID=19099) to work on /media/data/omar/programming course/DEPI/DEPI project/anomx/venv/lib/python3.12/site-packages/airflow/example_dags/example_xcom.py
[2026-06-21T22:13:35.779+0300] {processor.py:830} INFO - Processing file /media/data/omar/programming course/DEPI/DEPI project/anomx/venv/lib/python3.12/site-packages/airflow/example_dags/example_xcom.py for tasks to queue
[2026-06-21T22:13:35.781+0300] {logging_mixin.py:188} INFO - [2026-06-21T22:13:35.780+0300] {dagbag.py:540} INFO - Filling up the DagBag from /media/data/omar/programming course/DEPI/DEPI project/anomx/venv/lib/python3.12/site-packages/airflow/example_dags/example_xcom.py
[2026-06-21T22:13:35.807+0300] {processor.py:840} INFO - DAG(s) 'example_xcom' retrieved from /media/data/omar/programming course/DEPI/DEPI project/anomx/venv/lib/python3.12/site-packages/airflow/example_dags/example_xcom.py
[2026-06-21T22:13:35.871+0300] {logging_mixin.py:188} INFO - [2026-06-21T22:13:35.870+0300] {dag.py:3096} INFO - Sync 1 DAGs
[2026-06-21T22:13:35.900+0300] {logging_mixin.py:188} INFO - [2026-06-21T22:13:35.899+0300] {dag.py:3954} INFO - Setting next_dagrun for example_xcom to 2021-01-01 00:00:00+00:00, run_after=2021-01-01 00:00:00+00:00
[2026-06-21T22:13:35.948+0300] {processor.py:183} INFO - Processing /media/data/omar/programming course/DEPI/DEPI project/anomx/venv/lib/python3.12/site-packages/airflow/example_dags/example_xcom.py took 0.181 seconds
[2026-06-21T22:14:34.590+0300] {processor.py:161} INFO - Started process (PID=19205) to work on /media/data/omar/programming course/DEPI/DEPI project/anomx/venv/lib/python3.12/site-packages/airflow/example_dags/example_xcom.py
[2026-06-21T22:14:34.592+0300] {processor.py:830} INFO - Processing file /media/data/omar/programming course/DEPI/DEPI project/anomx/venv/lib/python3.12/site-packages/airflow/example_dags/example_xcom.py for tasks to queue
[2026-06-21T22:14:34.595+0300] {logging_mixin.py:188} INFO - [2026-06-21T22:14:34.594+0300] {dagbag.py:540} INFO - Filling up the DagBag from /media/data/omar/programming course/DEPI/DEPI project/anomx/venv/lib/python3.12/site-packages/airflow/example_dags/example_xcom.py
[2026-06-21T22:14:34.609+0300] {processor.py:840} INFO - DAG(s) 'example_xcom' retrieved from /media/data/omar/programming course/DEPI/DEPI project/anomx/venv/lib/python3.12/site-packages/airflow/example_dags/example_xcom.py
[2026-06-21T22:14:34.633+0300] {logging_mixin.py:188} INFO - [2026-06-21T22:14:34.633+0300] {dag.py:3096} INFO - Sync 1 DAGs
[2026-06-21T22:14:34.651+0300] {logging_mixin.py:188} INFO - [2026-06-21T22:14:34.651+0300] {dag.py:3954} INFO - Setting next_dagrun for example_xcom to 2021-01-01 00:00:00+00:00, run_after=2021-01-01 00:00:00+00:00
[2026-06-21T22:14:34.683+0300] {processor.py:183} INFO - Processing /media/data/omar/programming course/DEPI/DEPI project/anomx/venv/lib/python3.12/site-packages/airflow/example_dags/example_xcom.py took 0.103 seconds
[2026-06-21T22:15:31.078+0300] {processor.py:161} INFO - Started process (PID=19310) to work on /media/data/omar/programming course/DEPI/DEPI project/anomx/venv/lib/python3.12/site-packages/airflow/example_dags/example_xcom.py
[2026-06-21T22:15:31.079+0300] {processor.py:830} INFO - Processing file /media/data/omar/programming course/DEPI/DEPI project/anomx/venv/lib/python3.12/site-packages/airflow/example_dags/example_xcom.py for tasks to queue
[2026-06-21T22:15:31.081+0300] {logging_mixin.py:188} INFO - [2026-06-21T22:15:31.081+0300] {dagbag.py:540} INFO - Filling up the DagBag from /media/data/omar/programming course/DEPI/DEPI project/anomx/venv/lib/python3.12/site-packages/airflow/example_dags/example_xcom.py
[2026-06-21T22:15:31.092+0300] {processor.py:840} INFO - DAG(s) 'example_xcom' retrieved from /media/data/omar/programming course/DEPI/DEPI project/anomx/venv/lib/python3.12/site-packages/airflow/example_dags/example_xcom.py
[2026-06-21T22:15:31.110+0300] {logging_mixin.py:188} INFO - [2026-06-21T22:15:31.110+0300] {dag.py:3096} INFO - Sync 1 DAGs
[2026-06-21T22:15:31.130+0300] {logging_mixin.py:188} INFO - [2026-06-21T22:15:31.130+0300] {dag.py:3954} INFO - Setting next_dagrun for example_xcom to 2021-01-01 00:00:00+00:00, run_after=2021-01-01 00:00:00+00:00
[2026-06-21T22:15:31.166+0300] {processor.py:183} INFO - Processing /media/data/omar/programming course/DEPI/DEPI project/anomx/venv/lib/python3.12/site-packages/airflow/example_dags/example_xcom.py took 0.094 seconds
[2026-06-21T22:16:23.491+0300] {processor.py:161} INFO - Started process (PID=19684) to work on /media/data/omar/programming course/DEPI/DEPI project/anomx/venv/lib/python3.12/site-packages/airflow/example_dags/example_xcom.py
[2026-06-21T22:16:23.493+0300] {processor.py:830} INFO - Processing file /media/data/omar/programming course/DEPI/DEPI project/anomx/venv/lib/python3.12/site-packages/airflow/example_dags/example_xcom.py for tasks to queue
[2026-06-21T22:16:23.496+0300] {logging_mixin.py:188} INFO - [2026-06-21T22:16:23.495+0300] {dagbag.py:540} INFO - Filling up the DagBag from /media/data/omar/programming course/DEPI/DEPI project/anomx/venv/lib/python3.12/site-packages/airflow/example_dags/example_xcom.py
[2026-06-21T22:16:23.506+0300] {processor.py:840} INFO - DAG(s) 'example_xcom' retrieved from /media/data/omar/programming course/DEPI/DEPI project/anomx/venv/lib/python3.12/site-packages/airflow/example_dags/example_xcom.py
[2026-06-21T22:16:23.525+0300] {logging_mixin.py:188} INFO - [2026-06-21T22:16:23.524+0300] {dag.py:3096} INFO - Sync 1 DAGs
[2026-06-21T22:16:23.543+0300] {logging_mixin.py:188} INFO - [2026-06-21T22:16:23.542+0300] {dag.py:3954} INFO - Setting next_dagrun for example_xcom to 2021-01-01 00:00:00+00:00, run_after=2021-01-01 00:00:00+00:00
[2026-06-21T22:16:23.572+0300] {processor.py:183} INFO - Processing /media/data/omar/programming course/DEPI/DEPI project/anomx/venv/lib/python3.12/site-packages/airflow/example_dags/example_xcom.py took 0.099 seconds
[2026-06-21T22:17:20.684+0300] {processor.py:161} INFO - Started process (PID=19797) to work on /media/data/omar/programming course/DEPI/DEPI project/anomx/venv/lib/python3.12/site-packages/airflow/example_dags/example_xcom.py
[2026-06-21T22:17:20.685+0300] {processor.py:830} INFO - Processing file /media/data/omar/programming course/DEPI/DEPI project/anomx/venv/lib/python3.12/site-packages/airflow/example_dags/example_xcom.py for tasks to queue
[2026-06-21T22:17:20.687+0300] {logging_mixin.py:188} INFO - [2026-06-21T22:17:20.686+0300] {dagbag.py:540} INFO - Filling up the DagBag from /media/data/omar/programming course/DEPI/DEPI project/anomx/venv/lib/python3.12/site-packages/airflow/example_dags/example_xcom.py
[2026-06-21T22:17:20.694+0300] {processor.py:840} INFO - DAG(s) 'example_xcom' retrieved from /media/data/omar/programming course/DEPI/DEPI project/anomx/venv/lib/python3.12/site-packages/airflow/example_dags/example_xcom.py
[2026-06-21T22:17:20.713+0300] {logging_mixin.py:188} INFO - [2026-06-21T22:17:20.712+0300] {dag.py:3096} INFO - Sync 1 DAGs
[2026-06-21T22:17:20.735+0300] {logging_mixin.py:188} INFO - [2026-06-21T22:17:20.734+0300] {dag.py:3954} INFO - Setting next_dagrun for example_xcom to 2021-01-01 00:00:00+00:00, run_after=2021-01-01 00:00:00+00:00
[2026-06-21T22:17:20.774+0300] {processor.py:183} INFO - Processing /media/data/omar/programming course/DEPI/DEPI project/anomx/venv/lib/python3.12/site-packages/airflow/example_dags/example_xcom.py took 0.097 seconds
[2026-06-21T22:18:21.005+0300] {processor.py:161} INFO - Started process (PID=19954) to work on /media/data/omar/programming course/DEPI/DEPI project/anomx/venv/lib/python3.12/site-packages/airflow/example_dags/example_xcom.py
[2026-06-21T22:18:21.006+0300] {processor.py:830} INFO - Processing file /media/data/omar/programming course/DEPI/DEPI project/anomx/venv/lib/python3.12/site-packages/airflow/example_dags/example_xcom.py for tasks to queue
[2026-06-21T22:18:21.010+0300] {logging_mixin.py:188} INFO - [2026-06-21T22:18:21.009+0300] {dagbag.py:540} INFO - Filling up the DagBag from /media/data/omar/programming course/DEPI/DEPI project/anomx/venv/lib/python3.12/site-packages/airflow/example_dags/example_xcom.py
[2026-06-21T22:18:21.026+0300] {processor.py:840} INFO - DAG(s) 'example_xcom' retrieved from /media/data/omar/programming course/DEPI/DEPI project/anomx/venv/lib/python3.12/site-packages/airflow/example_dags/example_xcom.py
[2026-06-21T22:18:21.054+0300] {logging_mixin.py:188} INFO - [2026-06-21T22:18:21.053+0300] {dag.py:3096} INFO - Sync 1 DAGs
[2026-06-21T22:18:21.074+0300] {logging_mixin.py:188} INFO - [2026-06-21T22:18:21.073+0300] {dag.py:3954} INFO - Setting next_dagrun for example_xcom to 2021-01-01 00:00:00+00:00, run_after=2021-01-01 00:00:00+00:00
[2026-06-21T22:18:21.106+0300] {processor.py:183} INFO - Processing /media/data/omar/programming course/DEPI/DEPI project/anomx/venv/lib/python3.12/site-packages/airflow/example_dags/example_xcom.py took 0.111 seconds
[2026-06-21T22:19:18.061+0300] {processor.py:161} INFO - Started process (PID=20051) to work on /media/data/omar/programming course/DEPI/DEPI project/anomx/venv/lib/python3.12/site-packages/airflow/example_dags/example_xcom.py
[2026-06-21T22:19:18.062+0300] {processor.py:830} INFO - Processing file /media/data/omar/programming course/DEPI/DEPI project/anomx/venv/lib/python3.12/site-packages/airflow/example_dags/example_xcom.py for tasks to queue
[2026-06-21T22:19:18.063+0300] {logging_mixin.py:188} INFO - [2026-06-21T22:19:18.063+0300] {dagbag.py:540} INFO - Filling up the DagBag from /media/data/omar/programming course/DEPI/DEPI project/anomx/venv/lib/python3.12/site-packages/airflow/example_dags/example_xcom.py
[2026-06-21T22:19:18.071+0300] {processor.py:840} INFO - DAG(s) 'example_xcom' retrieved from /media/data/omar/programming course/DEPI/DEPI project/anomx/venv/lib/python3.12/site-packages/airflow/example_dags/example_xcom.py
[2026-06-21T22:19:18.090+0300] {logging_mixin.py:188} INFO - [2026-06-21T22:19:18.090+0300] {dag.py:3096} INFO - Sync 1 DAGs
[2026-06-21T22:19:18.159+0300] {logging_mixin.py:188} INFO - [2026-06-21T22:19:18.157+0300] {dag.py:3954} INFO - Setting next_dagrun for example_xcom to 2021-01-01 00:00:00+00:00, run_after=2021-01-01 00:00:00+00:00
[2026-06-21T22:19:18.271+0300] {processor.py:183} INFO - Processing /media/data/omar/programming course/DEPI/DEPI project/anomx/venv/lib/python3.12/site-packages/airflow/example_dags/example_xcom.py took 0.215 seconds
[2026-06-21T22:20:17.344+0300] {processor.py:161} INFO - Started process (PID=20164) to work on /media/data/omar/programming course/DEPI/DEPI project/anomx/venv/lib/python3.12/site-packages/airflow/example_dags/example_xcom.py
[2026-06-21T22:20:17.345+0300] {processor.py:830} INFO - Processing file /media/data/omar/programming course/DEPI/DEPI project/anomx/venv/lib/python3.12/site-packages/airflow/example_dags/example_xcom.py for tasks to queue
[2026-06-21T22:20:17.346+0300] {logging_mixin.py:188} INFO - [2026-06-21T22:20:17.346+0300] {dagbag.py:540} INFO - Filling up the DagBag from /media/data/omar/programming course/DEPI/DEPI project/anomx/venv/lib/python3.12/site-packages/airflow/example_dags/example_xcom.py
[2026-06-21T22:20:17.353+0300] {processor.py:840} INFO - DAG(s) 'example_xcom' retrieved from /media/data/omar/programming course/DEPI/DEPI project/anomx/venv/lib/python3.12/site-packages/airflow/example_dags/example_xcom.py
[2026-06-21T22:20:17.367+0300] {logging_mixin.py:188} INFO - [2026-06-21T22:20:17.367+0300] {dag.py:3096} INFO - Sync 1 DAGs
[2026-06-21T22:20:17.382+0300] {logging_mixin.py:188} INFO - [2026-06-21T22:20:17.382+0300] {dag.py:3954} INFO - Setting next_dagrun for example_xcom to 2021-01-01 00:00:00+00:00, run_after=2021-01-01 00:00:00+00:00
[2026-06-21T22:20:17.410+0300] {processor.py:183} INFO - Processing /media/data/omar/programming course/DEPI/DEPI project/anomx/venv/lib/python3.12/site-packages/airflow/example_dags/example_xcom.py took 0.071 seconds
[2026-06-21T22:20:54.378+0300] {processor.py:161} INFO - Started process (PID=20224) to work on /media/data/omar/programming course/DEPI/DEPI project/anomx/venv/lib/python3.12/site-packages/airflow/example_dags/example_xcom.py
[2026-06-21T22:20:54.379+0300] {processor.py:830} INFO - Processing file /media/data/omar/programming course/DEPI/DEPI project/anomx/venv/lib/python3.12/site-packages/airflow/example_dags/example_xcom.py for tasks to queue
[2026-06-21T22:20:54.383+0300] {logging_mixin.py:188} INFO - [2026-06-21T22:20:54.382+0300] {dagbag.py:540} INFO - Filling up the DagBag from /media/data/omar/programming course/DEPI/DEPI project/anomx/venv/lib/python3.12/site-packages/airflow/example_dags/example_xcom.py
[2026-06-21T22:20:54.400+0300] {processor.py:840} INFO - DAG(s) 'example_xcom' retrieved from /media/data/omar/programming course/DEPI/DEPI project/anomx/venv/lib/python3.12/site-packages/airflow/example_dags/example_xcom.py
[2026-06-21T22:20:54.439+0300] {logging_mixin.py:188} INFO - [2026-06-21T22:20:54.439+0300] {dag.py:3096} INFO - Sync 1 DAGs
[2026-06-21T22:20:54.460+0300] {logging_mixin.py:188} INFO - [2026-06-21T22:20:54.459+0300] {dag.py:3954} INFO - Setting next_dagrun for example_xcom to 2021-01-01 00:00:00+00:00, run_after=2021-01-01 00:00:00+00:00
[2026-06-21T22:20:54.494+0300] {processor.py:183} INFO - Processing /media/data/omar/programming course/DEPI/DEPI project/anomx/venv/lib/python3.12/site-packages/airflow/example_dags/example_xcom.py took 0.122 seconds
[2026-06-21T22:21:54.816+0300] {processor.py:161} INFO - Started process (PID=20320) to work on /media/data/omar/programming course/DEPI/DEPI project/anomx/venv/lib/python3.12/site-packages/airflow/example_dags/example_xcom.py
[2026-06-21T22:21:54.818+0300] {processor.py:830} INFO - Processing file /media/data/omar/programming course/DEPI/DEPI project/anomx/venv/lib/python3.12/site-packages/airflow/example_dags/example_xcom.py for tasks to queue
[2026-06-21T22:21:54.821+0300] {logging_mixin.py:188} INFO - [2026-06-21T22:21:54.821+0300] {dagbag.py:540} INFO - Filling up the DagBag from /media/data/omar/programming course/DEPI/DEPI project/anomx/venv/lib/python3.12/site-packages/airflow/example_dags/example_xcom.py
[2026-06-21T22:21:54.836+0300] {processor.py:840} INFO - DAG(s) 'example_xcom' retrieved from /media/data/omar/programming course/DEPI/DEPI project/anomx/venv/lib/python3.12/site-packages/airflow/example_dags/example_xcom.py
[2026-06-21T22:21:54.878+0300] {logging_mixin.py:188} INFO - [2026-06-21T22:21:54.877+0300] {dag.py:3096} INFO - Sync 1 DAGs
[2026-06-21T22:21:54.899+0300] {logging_mixin.py:188} INFO - [2026-06-21T22:21:54.898+0300] {dag.py:3954} INFO - Setting next_dagrun for example_xcom to 2021-01-01 00:00:00+00:00, run_after=2021-01-01 00:00:00+00:00
[2026-06-21T22:21:54.931+0300] {processor.py:183} INFO - Processing /media/data/omar/programming course/DEPI/DEPI project/anomx/venv/lib/python3.12/site-packages/airflow/example_dags/example_xcom.py took 0.129 seconds
[2026-06-21T22:23:06.022+0300] {processor.py:161} INFO - Started process (PID=20465) to work on /media/data/omar/programming course/DEPI/DEPI project/anomx/venv/lib/python3.12/site-packages/airflow/example_dags/example_xcom.py
[2026-06-21T22:23:06.024+0300] {processor.py:830} INFO - Processing file /media/data/omar/programming course/DEPI/DEPI project/anomx/venv/lib/python3.12/site-packages/airflow/example_dags/example_xcom.py for tasks to queue
[2026-06-21T22:23:06.026+0300] {logging_mixin.py:188} INFO - [2026-06-21T22:23:06.026+0300] {dagbag.py:540} INFO - Filling up the DagBag from /media/data/omar/programming course/DEPI/DEPI project/anomx/venv/lib/python3.12/site-packages/airflow/example_dags/example_xcom.py
[2026-06-21T22:23:06.053+0300] {processor.py:840} INFO - DAG(s) 'example_xcom' retrieved from /media/data/omar/programming course/DEPI/DEPI project/anomx/venv/lib/python3.12/site-packages/airflow/example_dags/example_xcom.py
[2026-06-21T22:23:06.094+0300] {logging_mixin.py:188} INFO - [2026-06-21T22:23:06.093+0300] {dag.py:3096} INFO - Sync 1 DAGs
[2026-06-21T22:23:06.123+0300] {logging_mixin.py:188} INFO - [2026-06-21T22:23:06.122+0300] {dag.py:3954} INFO - Setting next_dagrun for example_xcom to 2021-01-01 00:00:00+00:00, run_after=2021-01-01 00:00:00+00:00
[2026-06-21T22:23:06.156+0300] {processor.py:183} INFO - Processing /media/data/omar/programming course/DEPI/DEPI project/anomx/venv/lib/python3.12/site-packages/airflow/example_dags/example_xcom.py took 0.147 seconds
[2026-06-21T22:24:06.737+0300] {processor.py:161} INFO - Started process (PID=20551) to work on /media/data/omar/programming course/DEPI/DEPI project/anomx/venv/lib/python3.12/site-packages/airflow/example_dags/example_xcom.py
[2026-06-21T22:24:06.738+0300] {processor.py:830} INFO - Processing file /media/data/omar/programming course/DEPI/DEPI project/anomx/venv/lib/python3.12/site-packages/airflow/example_dags/example_xcom.py for tasks to queue
[2026-06-21T22:24:06.740+0300] {logging_mixin.py:188} INFO - [2026-06-21T22:24:06.739+0300] {dagbag.py:540} INFO - Filling up the DagBag from /media/data/omar/programming course/DEPI/DEPI project/anomx/venv/lib/python3.12/site-packages/airflow/example_dags/example_xcom.py
[2026-06-21T22:24:06.749+0300] {processor.py:840} INFO - DAG(s) 'example_xcom' retrieved from /media/data/omar/programming course/DEPI/DEPI project/anomx/venv/lib/python3.12/site-packages/airflow/example_dags/example_xcom.py
[2026-06-21T22:24:06.765+0300] {logging_mixin.py:188} INFO - [2026-06-21T22:24:06.765+0300] {dag.py:3096} INFO - Sync 1 DAGs
[2026-06-21T22:24:06.789+0300] {logging_mixin.py:188} INFO - [2026-06-21T22:24:06.788+0300] {dag.py:3954} INFO - Setting next_dagrun for example_xcom to 2021-01-01 00:00:00+00:00, run_after=2021-01-01 00:00:00+00:00
[2026-06-21T22:24:06.820+0300] {processor.py:183} INFO - Processing /media/data/omar/programming course/DEPI/DEPI project/anomx/venv/lib/python3.12/site-packages/airflow/example_dags/example_xcom.py took 0.089 seconds
[2026-06-21T22:47:55.099+0300] {processor.py:161} INFO - Started process (PID=22119) to work on /media/data/omar/programming course/DEPI/DEPI project/anomx/venv/lib/python3.12/site-packages/airflow/example_dags/example_xcom.py
[2026-06-21T22:47:55.100+0300] {processor.py:830} INFO - Processing file /media/data/omar/programming course/DEPI/DEPI project/anomx/venv/lib/python3.12/site-packages/airflow/example_dags/example_xcom.py for tasks to queue
[2026-06-21T22:47:55.102+0300] {logging_mixin.py:188} INFO - [2026-06-21T22:47:55.102+0300] {dagbag.py:540} INFO - Filling up the DagBag from /media/data/omar/programming course/DEPI/DEPI project/anomx/venv/lib/python3.12/site-packages/airflow/example_dags/example_xcom.py
[2026-06-21T22:47:55.121+0300] {processor.py:840} INFO - DAG(s) 'example_xcom' retrieved from /media/data/omar/programming course/DEPI/DEPI project/anomx/venv/lib/python3.12/site-packages/airflow/example_dags/example_xcom.py
[2026-06-21T22:47:55.157+0300] {logging_mixin.py:188} INFO - [2026-06-21T22:47:55.156+0300] {dag.py:3096} INFO - Sync 1 DAGs
[2026-06-21T22:47:55.167+0300] {logging_mixin.py:188} INFO - [2026-06-21T22:47:55.166+0300] {dag.py:3118} INFO - Creating ORM DAG for example_xcom
[2026-06-21T22:47:55.175+0300] {logging_mixin.py:188} INFO - [2026-06-21T22:47:55.174+0300] {dag.py:3954} INFO - Setting next_dagrun for example_xcom to 2021-01-01 00:00:00+00:00, run_after=2021-01-01 00:00:00+00:00
[2026-06-21T22:47:55.205+0300] {processor.py:183} INFO - Processing /media/data/omar/programming course/DEPI/DEPI project/anomx/venv/lib/python3.12/site-packages/airflow/example_dags/example_xcom.py took 0.112 seconds
[2026-06-21T22:48:53.699+0300] {processor.py:161} INFO - Started process (PID=22209) to work on /media/data/omar/programming course/DEPI/DEPI project/anomx/venv/lib/python3.12/site-packages/airflow/example_dags/example_xcom.py
[2026-06-21T22:48:53.701+0300] {processor.py:830} INFO - Processing file /media/data/omar/programming course/DEPI/DEPI project/anomx/venv/lib/python3.12/site-packages/airflow/example_dags/example_xcom.py for tasks to queue
[2026-06-21T22:48:53.704+0300] {logging_mixin.py:188} INFO - [2026-06-21T22:48:53.703+0300] {dagbag.py:540} INFO - Filling up the DagBag from /media/data/omar/programming course/DEPI/DEPI project/anomx/venv/lib/python3.12/site-packages/airflow/example_dags/example_xcom.py
[2026-06-21T22:48:53.717+0300] {processor.py:840} INFO - DAG(s) 'example_xcom' retrieved from /media/data/omar/programming course/DEPI/DEPI project/anomx/venv/lib/python3.12/site-packages/airflow/example_dags/example_xcom.py
[2026-06-21T22:48:53.736+0300] {logging_mixin.py:188} INFO - [2026-06-21T22:48:53.736+0300] {dag.py:3096} INFO - Sync 1 DAGs
[2026-06-21T22:48:53.752+0300] {logging_mixin.py:188} INFO - [2026-06-21T22:48:53.751+0300] {dag.py:3954} INFO - Setting next_dagrun for example_xcom to 2021-01-01 00:00:00+00:00, run_after=2021-01-01 00:00:00+00:00
[2026-06-21T22:48:53.778+0300] {processor.py:183} INFO - Processing /media/data/omar/programming course/DEPI/DEPI project/anomx/venv/lib/python3.12/site-packages/airflow/example_dags/example_xcom.py took 0.089 seconds
[2026-06-21T22:49:50.577+0300] {processor.py:161} INFO - Started process (PID=22301) to work on /media/data/omar/programming course/DEPI/DEPI project/anomx/venv/lib/python3.12/site-packages/airflow/example_dags/example_xcom.py
[2026-06-21T22:49:50.578+0300] {processor.py:830} INFO - Processing file /media/data/omar/programming course/DEPI/DEPI project/anomx/venv/lib/python3.12/site-packages/airflow/example_dags/example_xcom.py for tasks to queue
[2026-06-21T22:49:50.579+0300] {logging_mixin.py:188} INFO - [2026-06-21T22:49:50.579+0300] {dagbag.py:540} INFO - Filling up the DagBag from /media/data/omar/programming course/DEPI/DEPI project/anomx/venv/lib/python3.12/site-packages/airflow/example_dags/example_xcom.py
[2026-06-21T22:49:50.586+0300] {processor.py:840} INFO - DAG(s) 'example_xcom' retrieved from /media/data/omar/programming course/DEPI/DEPI project/anomx/venv/lib/python3.12/site-packages/airflow/example_dags/example_xcom.py
[2026-06-21T22:49:50.601+0300] {logging_mixin.py:188} INFO - [2026-06-21T22:49:50.601+0300] {dag.py:3096} INFO - Sync 1 DAGs
[2026-06-21T22:49:50.618+0300] {logging_mixin.py:188} INFO - [2026-06-21T22:49:50.617+0300] {dag.py:3954} INFO - Setting next_dagrun for example_xcom to 2021-01-01 00:00:00+00:00, run_after=2021-01-01 00:00:00+00:00
[2026-06-21T22:49:50.646+0300] {processor.py:183} INFO - Processing /media/data/omar/programming course/DEPI/DEPI project/anomx/venv/lib/python3.12/site-packages/airflow/example_dags/example_xcom.py took 0.076 seconds
[2026-06-21T22:50:45.943+0300] {processor.py:161} INFO - Started process (PID=22456) to work on /media/data/omar/programming course/DEPI/DEPI project/anomx/venv/lib/python3.12/site-packages/airflow/example_dags/example_xcom.py
[2026-06-21T22:50:45.944+0300] {processor.py:830} INFO - Processing file /media/data/omar/programming course/DEPI/DEPI project/anomx/venv/lib/python3.12/site-packages/airflow/example_dags/example_xcom.py for tasks to queue
[2026-06-21T22:50:45.947+0300] {logging_mixin.py:188} INFO - [2026-06-21T22:50:45.946+0300] {dagbag.py:540} INFO - Filling up the DagBag from /media/data/omar/programming course/DEPI/DEPI project/anomx/venv/lib/python3.12/site-packages/airflow/example_dags/example_xcom.py
[2026-06-21T22:50:45.957+0300] {processor.py:840} INFO - DAG(s) 'example_xcom' retrieved from /media/data/omar/programming course/DEPI/DEPI project/anomx/venv/lib/python3.12/site-packages/airflow/example_dags/example_xcom.py
[2026-06-21T22:50:45.979+0300] {logging_mixin.py:188} INFO - [2026-06-21T22:50:45.978+0300] {dag.py:3096} INFO - Sync 1 DAGs
[2026-06-21T22:50:45.999+0300] {logging_mixin.py:188} INFO - [2026-06-21T22:50:45.998+0300] {dag.py:3954} INFO - Setting next_dagrun for example_xcom to 2021-01-01 00:00:00+00:00, run_after=2021-01-01 00:00:00+00:00
[2026-06-21T22:50:46.032+0300] {processor.py:183} INFO - Processing /media/data/omar/programming course/DEPI/DEPI project/anomx/venv/lib/python3.12/site-packages/airflow/example_dags/example_xcom.py took 0.094 seconds
