[2026-06-21T21:39:01.725+0300] {processor.py:161} INFO - Started process (PID=15106) to work on /media/data/omar/programming course/DEPI/DEPI project/anomx/venv/lib/python3.12/site-packages/airflow/example_dags/example_short_circuit_decorator.py
[2026-06-21T21:39:01.727+0300] {processor.py:830} INFO - Processing file /media/data/omar/programming course/DEPI/DEPI project/anomx/venv/lib/python3.12/site-packages/airflow/example_dags/example_short_circuit_decorator.py for tasks to queue
[2026-06-21T21:39:01.733+0300] {logging_mixin.py:188} INFO - [2026-06-21T21:39:01.731+0300] {dagbag.py:540} INFO - Filling up the DagBag from /media/data/omar/programming course/DEPI/DEPI project/anomx/venv/lib/python3.12/site-packages/airflow/example_dags/example_short_circuit_decorator.py
[2026-06-21T21:39:01.752+0300] {processor.py:840} INFO - DAG(s) 'example_short_circuit_decorator' retrieved from /media/data/omar/programming course/DEPI/DEPI project/anomx/venv/lib/python3.12/site-packages/airflow/example_dags/example_short_circuit_decorator.py
[2026-06-21T21:39:01.961+0300] {logging_mixin.py:188} INFO - [2026-06-21T21:39:01.960+0300] {override.py:1829} INFO - Created Permission View: can edit on DAG:example_short_circuit_decorator
[2026-06-21T21:39:01.980+0300] {logging_mixin.py:188} INFO - [2026-06-21T21:39:01.979+0300] {override.py:1829} INFO - Created Permission View: can read on DAG:example_short_circuit_decorator
[2026-06-21T21:39:01.996+0300] {logging_mixin.py:188} INFO - [2026-06-21T21:39:01.996+0300] {override.py:1829} INFO - Created Permission View: can delete on DAG:example_short_circuit_decorator
[2026-06-21T21:39:01.997+0300] {logging_mixin.py:188} INFO - [2026-06-21T21:39:01.996+0300] {dag.py:3096} INFO - Sync 1 DAGs
[2026-06-21T21:39:02.008+0300] {logging_mixin.py:188} INFO - [2026-06-21T21:39:02.008+0300] {dag.py:3118} INFO - Creating ORM DAG for example_short_circuit_decorator
[2026-06-21T21:39:02.017+0300] {logging_mixin.py:188} INFO - [2026-06-21T21:39:02.017+0300] {dag.py:3954} INFO - Setting next_dagrun for example_short_circuit_decorator to 2026-06-20 00:00:00+00:00, run_after=2026-06-21 00:00:00+00:00
[2026-06-21T21:39:02.046+0300] {processor.py:183} INFO - Processing /media/data/omar/programming course/DEPI/DEPI project/anomx/venv/lib/python3.12/site-packages/airflow/example_dags/example_short_circuit_decorator.py took 0.334 seconds
[2026-06-21T21:40:07.815+0300] {processor.py:161} INFO - Started process (PID=15198) to work on /media/data/omar/programming course/DEPI/DEPI project/anomx/venv/lib/python3.12/site-packages/airflow/example_dags/example_short_circuit_decorator.py
[2026-06-21T21:40:07.816+0300] {processor.py:830} INFO - Processing file /media/data/omar/programming course/DEPI/DEPI project/anomx/venv/lib/python3.12/site-packages/airflow/example_dags/example_short_circuit_decorator.py for tasks to queue
[2026-06-21T21:40:07.819+0300] {logging_mixin.py:188} INFO - [2026-06-21T21:40:07.818+0300] {dagbag.py:540} INFO - Filling up the DagBag from /media/data/omar/programming course/DEPI/DEPI project/anomx/venv/lib/python3.12/site-packages/airflow/example_dags/example_short_circuit_decorator.py
[2026-06-21T21:40:07.831+0300] {processor.py:840} INFO - DAG(s) 'example_short_circuit_decorator' retrieved from /media/data/omar/programming course/DEPI/DEPI project/anomx/venv/lib/python3.12/site-packages/airflow/example_dags/example_short_circuit_decorator.py
[2026-06-21T21:40:07.851+0300] {logging_mixin.py:188} INFO - [2026-06-21T21:40:07.851+0300] {dag.py:3096} INFO - Sync 1 DAGs
[2026-06-21T21:40:07.870+0300] {logging_mixin.py:188} INFO - [2026-06-21T21:40:07.869+0300] {dag.py:3954} INFO - Setting next_dagrun for example_short_circuit_decorator to 2026-06-20 00:00:00+00:00, run_after=2026-06-21 00:00:00+00:00
[2026-06-21T21:40:07.900+0300] {processor.py:183} INFO - Processing /media/data/omar/programming course/DEPI/DEPI project/anomx/venv/lib/python3.12/site-packages/airflow/example_dags/example_short_circuit_decorator.py took 0.100 seconds
[2026-06-21T21:41:07.811+0300] {processor.py:161} INFO - Started process (PID=15314) to work on /media/data/omar/programming course/DEPI/DEPI project/anomx/venv/lib/python3.12/site-packages/airflow/example_dags/example_short_circuit_decorator.py
[2026-06-21T21:41:07.813+0300] {processor.py:830} INFO - Processing file /media/data/omar/programming course/DEPI/DEPI project/anomx/venv/lib/python3.12/site-packages/airflow/example_dags/example_short_circuit_decorator.py for tasks to queue
[2026-06-21T21:41:07.816+0300] {logging_mixin.py:188} INFO - [2026-06-21T21:41:07.815+0300] {dagbag.py:540} INFO - Filling up the DagBag from /media/data/omar/programming course/DEPI/DEPI project/anomx/venv/lib/python3.12/site-packages/airflow/example_dags/example_short_circuit_decorator.py
[2026-06-21T21:41:07.831+0300] {processor.py:840} INFO - DAG(s) 'example_short_circuit_decorator' retrieved from /media/data/omar/programming course/DEPI/DEPI project/anomx/venv/lib/python3.12/site-packages/airflow/example_dags/example_short_circuit_decorator.py
[2026-06-21T21:41:07.855+0300] {logging_mixin.py:188} INFO - [2026-06-21T21:41:07.855+0300] {dag.py:3096} INFO - Sync 1 DAGs
[2026-06-21T21:41:07.874+0300] {logging_mixin.py:188} INFO - [2026-06-21T21:41:07.873+0300] {dag.py:3954} INFO - Setting next_dagrun for example_short_circuit_decorator to 2026-06-20 00:00:00+00:00, run_after=2026-06-21 00:00:00+00:00
[2026-06-21T21:41:07.906+0300] {processor.py:183} INFO - Processing /media/data/omar/programming course/DEPI/DEPI project/anomx/venv/lib/python3.12/site-packages/airflow/example_dags/example_short_circuit_decorator.py took 0.113 seconds
[2026-06-21T21:42:09.653+0300] {processor.py:161} INFO - Started process (PID=15436) to work on /media/data/omar/programming course/DEPI/DEPI project/anomx/venv/lib/python3.12/site-packages/airflow/example_dags/example_short_circuit_decorator.py
[2026-06-21T21:42:09.656+0300] {processor.py:830} INFO - Processing file /media/data/omar/programming course/DEPI/DEPI project/anomx/venv/lib/python3.12/site-packages/airflow/example_dags/example_short_circuit_decorator.py for tasks to queue
[2026-06-21T21:42:09.661+0300] {logging_mixin.py:188} INFO - [2026-06-21T21:42:09.660+0300] {dagbag.py:540} INFO - Filling up the DagBag from /media/data/omar/programming course/DEPI/DEPI project/anomx/venv/lib/python3.12/site-packages/airflow/example_dags/example_short_circuit_decorator.py
[2026-06-21T21:42:09.689+0300] {processor.py:840} INFO - DAG(s) 'example_short_circuit_decorator' retrieved from /media/data/omar/programming course/DEPI/DEPI project/anomx/venv/lib/python3.12/site-packages/airflow/example_dags/example_short_circuit_decorator.py
[2026-06-21T21:42:09.712+0300] {logging_mixin.py:188} INFO - [2026-06-21T21:42:09.711+0300] {dag.py:3096} INFO - Sync 1 DAGs
[2026-06-21T21:42:09.729+0300] {logging_mixin.py:188} INFO - [2026-06-21T21:42:09.729+0300] {dag.py:3954} INFO - Setting next_dagrun for example_short_circuit_decorator to 2026-06-20 00:00:00+00:00, run_after=2026-06-21 00:00:00+00:00
[2026-06-21T21:42:09.756+0300] {processor.py:183} INFO - Processing /media/data/omar/programming course/DEPI/DEPI project/anomx/venv/lib/python3.12/site-packages/airflow/example_dags/example_short_circuit_decorator.py took 0.124 seconds
[2026-06-21T21:43:16.271+0300] {processor.py:161} INFO - Started process (PID=15654) to work on /media/data/omar/programming course/DEPI/DEPI project/anomx/venv/lib/python3.12/site-packages/airflow/example_dags/example_short_circuit_decorator.py
[2026-06-21T21:43:16.273+0300] {processor.py:830} INFO - Processing file /media/data/omar/programming course/DEPI/DEPI project/anomx/venv/lib/python3.12/site-packages/airflow/example_dags/example_short_circuit_decorator.py for tasks to queue
[2026-06-21T21:43:16.276+0300] {logging_mixin.py:188} INFO - [2026-06-21T21:43:16.275+0300] {dagbag.py:540} INFO - Filling up the DagBag from /media/data/omar/programming course/DEPI/DEPI project/anomx/venv/lib/python3.12/site-packages/airflow/example_dags/example_short_circuit_decorator.py
[2026-06-21T21:43:16.293+0300] {processor.py:840} INFO - DAG(s) 'example_short_circuit_decorator' retrieved from /media/data/omar/programming course/DEPI/DEPI project/anomx/venv/lib/python3.12/site-packages/airflow/example_dags/example_short_circuit_decorator.py
[2026-06-21T21:43:16.336+0300] {logging_mixin.py:188} INFO - [2026-06-21T21:43:16.335+0300] {dag.py:3096} INFO - Sync 1 DAGs
[2026-06-21T21:43:16.367+0300] {logging_mixin.py:188} INFO - [2026-06-21T21:43:16.367+0300] {dag.py:3954} INFO - Setting next_dagrun for example_short_circuit_decorator to 2026-06-20 00:00:00+00:00, run_after=2026-06-21 00:00:00+00:00
[2026-06-21T21:43:16.439+0300] {processor.py:183} INFO - Processing /media/data/omar/programming course/DEPI/DEPI project/anomx/venv/lib/python3.12/site-packages/airflow/example_dags/example_short_circuit_decorator.py took 0.180 seconds
[2026-06-21T21:44:15.294+0300] {processor.py:161} INFO - Started process (PID=15774) to work on /media/data/omar/programming course/DEPI/DEPI project/anomx/venv/lib/python3.12/site-packages/airflow/example_dags/example_short_circuit_decorator.py
[2026-06-21T21:44:15.296+0300] {processor.py:830} INFO - Processing file /media/data/omar/programming course/DEPI/DEPI project/anomx/venv/lib/python3.12/site-packages/airflow/example_dags/example_short_circuit_decorator.py for tasks to queue
[2026-06-21T21:44:15.300+0300] {logging_mixin.py:188} INFO - [2026-06-21T21:44:15.298+0300] {dagbag.py:540} INFO - Filling up the DagBag from /media/data/omar/programming course/DEPI/DEPI project/anomx/venv/lib/python3.12/site-packages/airflow/example_dags/example_short_circuit_decorator.py
[2026-06-21T21:44:15.332+0300] {processor.py:840} INFO - DAG(s) 'example_short_circuit_decorator' retrieved from /media/data/omar/programming course/DEPI/DEPI project/anomx/venv/lib/python3.12/site-packages/airflow/example_dags/example_short_circuit_decorator.py
[2026-06-21T21:44:15.372+0300] {logging_mixin.py:188} INFO - [2026-06-21T21:44:15.371+0300] {dag.py:3096} INFO - Sync 1 DAGs
[2026-06-21T21:44:15.399+0300] {logging_mixin.py:188} INFO - [2026-06-21T21:44:15.399+0300] {dag.py:3954} INFO - Setting next_dagrun for example_short_circuit_decorator to 2026-06-20 00:00:00+00:00, run_after=2026-06-21 00:00:00+00:00
[2026-06-21T21:44:15.437+0300] {processor.py:183} INFO - Processing /media/data/omar/programming course/DEPI/DEPI project/anomx/venv/lib/python3.12/site-packages/airflow/example_dags/example_short_circuit_decorator.py took 0.159 seconds
[2026-06-21T21:46:54.416+0300] {processor.py:161} INFO - Started process (PID=16087) to work on /media/data/omar/programming course/DEPI/DEPI project/anomx/venv/lib/python3.12/site-packages/airflow/example_dags/example_short_circuit_decorator.py
[2026-06-21T21:46:54.417+0300] {processor.py:830} INFO - Processing file /media/data/omar/programming course/DEPI/DEPI project/anomx/venv/lib/python3.12/site-packages/airflow/example_dags/example_short_circuit_decorator.py for tasks to queue
[2026-06-21T21:46:54.420+0300] {logging_mixin.py:188} INFO - [2026-06-21T21:46:54.419+0300] {dagbag.py:540} INFO - Filling up the DagBag from /media/data/omar/programming course/DEPI/DEPI project/anomx/venv/lib/python3.12/site-packages/airflow/example_dags/example_short_circuit_decorator.py
[2026-06-21T21:46:54.434+0300] {processor.py:840} INFO - DAG(s) 'example_short_circuit_decorator' retrieved from /media/data/omar/programming course/DEPI/DEPI project/anomx/venv/lib/python3.12/site-packages/airflow/example_dags/example_short_circuit_decorator.py
[2026-06-21T21:46:54.457+0300] {logging_mixin.py:188} INFO - [2026-06-21T21:46:54.457+0300] {dag.py:3096} INFO - Sync 1 DAGs
[2026-06-21T21:46:54.476+0300] {logging_mixin.py:188} INFO - [2026-06-21T21:46:54.476+0300] {dag.py:3954} INFO - Setting next_dagrun for example_short_circuit_decorator to 2026-06-20 00:00:00+00:00, run_after=2026-06-21 00:00:00+00:00
[2026-06-21T21:46:54.506+0300] {processor.py:183} INFO - Processing /media/data/omar/programming course/DEPI/DEPI project/anomx/venv/lib/python3.12/site-packages/airflow/example_dags/example_short_circuit_decorator.py took 0.099 seconds
[2026-06-21T21:47:53.402+0300] {processor.py:161} INFO - Started process (PID=16179) to work on /media/data/omar/programming course/DEPI/DEPI project/anomx/venv/lib/python3.12/site-packages/airflow/example_dags/example_short_circuit_decorator.py
[2026-06-21T21:47:53.402+0300] {processor.py:830} INFO - Processing file /media/data/omar/programming course/DEPI/DEPI project/anomx/venv/lib/python3.12/site-packages/airflow/example_dags/example_short_circuit_decorator.py for tasks to queue
[2026-06-21T21:47:53.404+0300] {logging_mixin.py:188} INFO - [2026-06-21T21:47:53.404+0300] {dagbag.py:540} INFO - Filling up the DagBag from /media/data/omar/programming course/DEPI/DEPI project/anomx/venv/lib/python3.12/site-packages/airflow/example_dags/example_short_circuit_decorator.py
[2026-06-21T21:47:53.414+0300] {processor.py:840} INFO - DAG(s) 'example_short_circuit_decorator' retrieved from /media/data/omar/programming course/DEPI/DEPI project/anomx/venv/lib/python3.12/site-packages/airflow/example_dags/example_short_circuit_decorator.py
[2026-06-21T21:47:53.432+0300] {logging_mixin.py:188} INFO - [2026-06-21T21:47:53.432+0300] {dag.py:3096} INFO - Sync 1 DAGs
[2026-06-21T21:47:53.452+0300] {logging_mixin.py:188} INFO - [2026-06-21T21:47:53.451+0300] {dag.py:3954} INFO - Setting next_dagrun for example_short_circuit_decorator to 2026-06-20 00:00:00+00:00, run_after=2026-06-21 00:00:00+00:00
[2026-06-21T21:47:53.519+0300] {processor.py:183} INFO - Processing /media/data/omar/programming course/DEPI/DEPI project/anomx/venv/lib/python3.12/site-packages/airflow/example_dags/example_short_circuit_decorator.py took 0.123 seconds
[2026-06-21T21:48:51.208+0300] {processor.py:161} INFO - Started process (PID=16270) to work on /media/data/omar/programming course/DEPI/DEPI project/anomx/venv/lib/python3.12/site-packages/airflow/example_dags/example_short_circuit_decorator.py
[2026-06-21T21:48:51.210+0300] {processor.py:830} INFO - Processing file /media/data/omar/programming course/DEPI/DEPI project/anomx/venv/lib/python3.12/site-packages/airflow/example_dags/example_short_circuit_decorator.py for tasks to queue
[2026-06-21T21:48:51.212+0300] {logging_mixin.py:188} INFO - [2026-06-21T21:48:51.211+0300] {dagbag.py:540} INFO - Filling up the DagBag from /media/data/omar/programming course/DEPI/DEPI project/anomx/venv/lib/python3.12/site-packages/airflow/example_dags/example_short_circuit_decorator.py
[2026-06-21T21:48:51.224+0300] {processor.py:840} INFO - DAG(s) 'example_short_circuit_decorator' retrieved from /media/data/omar/programming course/DEPI/DEPI project/anomx/venv/lib/python3.12/site-packages/airflow/example_dags/example_short_circuit_decorator.py
[2026-06-21T21:48:51.243+0300] {logging_mixin.py:188} INFO - [2026-06-21T21:48:51.242+0300] {dag.py:3096} INFO - Sync 1 DAGs
[2026-06-21T21:48:51.262+0300] {logging_mixin.py:188} INFO - [2026-06-21T21:48:51.262+0300] {dag.py:3954} INFO - Setting next_dagrun for example_short_circuit_decorator to 2026-06-20 00:00:00+00:00, run_after=2026-06-21 00:00:00+00:00
[2026-06-21T21:48:51.291+0300] {processor.py:183} INFO - Processing /media/data/omar/programming course/DEPI/DEPI project/anomx/venv/lib/python3.12/site-packages/airflow/example_dags/example_short_circuit_decorator.py took 0.090 seconds
[2026-06-21T21:49:49.739+0300] {processor.py:161} INFO - Started process (PID=16351) to work on /media/data/omar/programming course/DEPI/DEPI project/anomx/venv/lib/python3.12/site-packages/airflow/example_dags/example_short_circuit_decorator.py
[2026-06-21T21:49:49.742+0300] {processor.py:830} INFO - Processing file /media/data/omar/programming course/DEPI/DEPI project/anomx/venv/lib/python3.12/site-packages/airflow/example_dags/example_short_circuit_decorator.py for tasks to queue
[2026-06-21T21:49:49.745+0300] {logging_mixin.py:188} INFO - [2026-06-21T21:49:49.744+0300] {dagbag.py:540} INFO - Filling up the DagBag from /media/data/omar/programming course/DEPI/DEPI project/anomx/venv/lib/python3.12/site-packages/airflow/example_dags/example_short_circuit_decorator.py
[2026-06-21T21:49:49.759+0300] {processor.py:840} INFO - DAG(s) 'example_short_circuit_decorator' retrieved from /media/data/omar/programming course/DEPI/DEPI project/anomx/venv/lib/python3.12/site-packages/airflow/example_dags/example_short_circuit_decorator.py
[2026-06-21T21:49:49.776+0300] {logging_mixin.py:188} INFO - [2026-06-21T21:49:49.776+0300] {dag.py:3096} INFO - Sync 1 DAGs
[2026-06-21T21:49:49.793+0300] {logging_mixin.py:188} INFO - [2026-06-21T21:49:49.793+0300] {dag.py:3954} INFO - Setting next_dagrun for example_short_circuit_decorator to 2026-06-20 00:00:00+00:00, run_after=2026-06-21 00:00:00+00:00
[2026-06-21T21:49:49.823+0300] {processor.py:183} INFO - Processing /media/data/omar/programming course/DEPI/DEPI project/anomx/venv/lib/python3.12/site-packages/airflow/example_dags/example_short_circuit_decorator.py took 0.102 seconds
[2026-06-21T21:52:15.849+0300] {processor.py:161} INFO - Started process (PID=16634) to work on /media/data/omar/programming course/DEPI/DEPI project/anomx/venv/lib/python3.12/site-packages/airflow/example_dags/example_short_circuit_decorator.py
[2026-06-21T21:52:15.852+0300] {processor.py:830} INFO - Processing file /media/data/omar/programming course/DEPI/DEPI project/anomx/venv/lib/python3.12/site-packages/airflow/example_dags/example_short_circuit_decorator.py for tasks to queue
[2026-06-21T21:52:15.855+0300] {logging_mixin.py:188} INFO - [2026-06-21T21:52:15.854+0300] {dagbag.py:540} INFO - Filling up the DagBag from /media/data/omar/programming course/DEPI/DEPI project/anomx/venv/lib/python3.12/site-packages/airflow/example_dags/example_short_circuit_decorator.py
[2026-06-21T21:52:15.870+0300] {processor.py:840} INFO - DAG(s) 'example_short_circuit_decorator' retrieved from /media/data/omar/programming course/DEPI/DEPI project/anomx/venv/lib/python3.12/site-packages/airflow/example_dags/example_short_circuit_decorator.py
[2026-06-21T21:52:15.889+0300] {logging_mixin.py:188} INFO - [2026-06-21T21:52:15.889+0300] {dag.py:3096} INFO - Sync 1 DAGs
[2026-06-21T21:52:15.907+0300] {logging_mixin.py:188} INFO - [2026-06-21T21:52:15.907+0300] {dag.py:3954} INFO - Setting next_dagrun for example_short_circuit_decorator to 2026-06-20 00:00:00+00:00, run_after=2026-06-21 00:00:00+00:00
[2026-06-21T21:52:15.935+0300] {processor.py:183} INFO - Processing /media/data/omar/programming course/DEPI/DEPI project/anomx/venv/lib/python3.12/site-packages/airflow/example_dags/example_short_circuit_decorator.py took 0.105 seconds
[2026-06-21T21:53:13.128+0300] {processor.py:161} INFO - Started process (PID=16726) to work on /media/data/omar/programming course/DEPI/DEPI project/anomx/venv/lib/python3.12/site-packages/airflow/example_dags/example_short_circuit_decorator.py
[2026-06-21T21:53:13.129+0300] {processor.py:830} INFO - Processing file /media/data/omar/programming course/DEPI/DEPI project/anomx/venv/lib/python3.12/site-packages/airflow/example_dags/example_short_circuit_decorator.py for tasks to queue
[2026-06-21T21:53:13.132+0300] {logging_mixin.py:188} INFO - [2026-06-21T21:53:13.132+0300] {dagbag.py:540} INFO - Filling up the DagBag from /media/data/omar/programming course/DEPI/DEPI project/anomx/venv/lib/python3.12/site-packages/airflow/example_dags/example_short_circuit_decorator.py
[2026-06-21T21:53:13.145+0300] {processor.py:840} INFO - DAG(s) 'example_short_circuit_decorator' retrieved from /media/data/omar/programming course/DEPI/DEPI project/anomx/venv/lib/python3.12/site-packages/airflow/example_dags/example_short_circuit_decorator.py
[2026-06-21T21:53:13.162+0300] {logging_mixin.py:188} INFO - [2026-06-21T21:53:13.162+0300] {dag.py:3096} INFO - Sync 1 DAGs
[2026-06-21T21:53:13.178+0300] {logging_mixin.py:188} INFO - [2026-06-21T21:53:13.178+0300] {dag.py:3954} INFO - Setting next_dagrun for example_short_circuit_decorator to 2026-06-20 00:00:00+00:00, run_after=2026-06-21 00:00:00+00:00
[2026-06-21T21:53:13.204+0300] {processor.py:183} INFO - Processing /media/data/omar/programming course/DEPI/DEPI project/anomx/venv/lib/python3.12/site-packages/airflow/example_dags/example_short_circuit_decorator.py took 0.097 seconds
[2026-06-21T21:54:10.495+0300] {processor.py:161} INFO - Started process (PID=16817) to work on /media/data/omar/programming course/DEPI/DEPI project/anomx/venv/lib/python3.12/site-packages/airflow/example_dags/example_short_circuit_decorator.py
[2026-06-21T21:54:10.496+0300] {processor.py:830} INFO - Processing file /media/data/omar/programming course/DEPI/DEPI project/anomx/venv/lib/python3.12/site-packages/airflow/example_dags/example_short_circuit_decorator.py for tasks to queue
[2026-06-21T21:54:10.499+0300] {logging_mixin.py:188} INFO - [2026-06-21T21:54:10.498+0300] {dagbag.py:540} INFO - Filling up the DagBag from /media/data/omar/programming course/DEPI/DEPI project/anomx/venv/lib/python3.12/site-packages/airflow/example_dags/example_short_circuit_decorator.py
[2026-06-21T21:54:10.511+0300] {processor.py:840} INFO - DAG(s) 'example_short_circuit_decorator' retrieved from /media/data/omar/programming course/DEPI/DEPI project/anomx/venv/lib/python3.12/site-packages/airflow/example_dags/example_short_circuit_decorator.py
[2026-06-21T21:54:10.529+0300] {logging_mixin.py:188} INFO - [2026-06-21T21:54:10.528+0300] {dag.py:3096} INFO - Sync 1 DAGs
[2026-06-21T21:54:10.545+0300] {logging_mixin.py:188} INFO - [2026-06-21T21:54:10.545+0300] {dag.py:3954} INFO - Setting next_dagrun for example_short_circuit_decorator to 2026-06-20 00:00:00+00:00, run_after=2026-06-21 00:00:00+00:00
[2026-06-21T21:54:10.572+0300] {processor.py:183} INFO - Processing /media/data/omar/programming course/DEPI/DEPI project/anomx/venv/lib/python3.12/site-packages/airflow/example_dags/example_short_circuit_decorator.py took 0.091 seconds
[2026-06-21T21:55:07.728+0300] {processor.py:161} INFO - Started process (PID=16920) to work on /media/data/omar/programming course/DEPI/DEPI project/anomx/venv/lib/python3.12/site-packages/airflow/example_dags/example_short_circuit_decorator.py
[2026-06-21T21:55:07.729+0300] {processor.py:830} INFO - Processing file /media/data/omar/programming course/DEPI/DEPI project/anomx/venv/lib/python3.12/site-packages/airflow/example_dags/example_short_circuit_decorator.py for tasks to queue
[2026-06-21T21:55:07.731+0300] {logging_mixin.py:188} INFO - [2026-06-21T21:55:07.731+0300] {dagbag.py:540} INFO - Filling up the DagBag from /media/data/omar/programming course/DEPI/DEPI project/anomx/venv/lib/python3.12/site-packages/airflow/example_dags/example_short_circuit_decorator.py
[2026-06-21T21:55:07.742+0300] {processor.py:840} INFO - DAG(s) 'example_short_circuit_decorator' retrieved from /media/data/omar/programming course/DEPI/DEPI project/anomx/venv/lib/python3.12/site-packages/airflow/example_dags/example_short_circuit_decorator.py
[2026-06-21T21:55:07.758+0300] {logging_mixin.py:188} INFO - [2026-06-21T21:55:07.758+0300] {dag.py:3096} INFO - Sync 1 DAGs
[2026-06-21T21:55:07.774+0300] {logging_mixin.py:188} INFO - [2026-06-21T21:55:07.774+0300] {dag.py:3954} INFO - Setting next_dagrun for example_short_circuit_decorator to 2026-06-20 00:00:00+00:00, run_after=2026-06-21 00:00:00+00:00
[2026-06-21T21:55:07.800+0300] {processor.py:183} INFO - Processing /media/data/omar/programming course/DEPI/DEPI project/anomx/venv/lib/python3.12/site-packages/airflow/example_dags/example_short_circuit_decorator.py took 0.083 seconds
[2026-06-21T21:56:02.060+0300] {processor.py:161} INFO - Started process (PID=17004) to work on /media/data/omar/programming course/DEPI/DEPI project/anomx/venv/lib/python3.12/site-packages/airflow/example_dags/example_short_circuit_decorator.py
[2026-06-21T21:56:02.062+0300] {processor.py:830} INFO - Processing file /media/data/omar/programming course/DEPI/DEPI project/anomx/venv/lib/python3.12/site-packages/airflow/example_dags/example_short_circuit_decorator.py for tasks to queue
[2026-06-21T21:56:02.065+0300] {logging_mixin.py:188} INFO - [2026-06-21T21:56:02.065+0300] {dagbag.py:540} INFO - Filling up the DagBag from /media/data/omar/programming course/DEPI/DEPI project/anomx/venv/lib/python3.12/site-packages/airflow/example_dags/example_short_circuit_decorator.py
[2026-06-21T21:56:02.078+0300] {processor.py:840} INFO - DAG(s) 'example_short_circuit_decorator' retrieved from /media/data/omar/programming course/DEPI/DEPI project/anomx/venv/lib/python3.12/site-packages/airflow/example_dags/example_short_circuit_decorator.py
[2026-06-21T21:56:02.100+0300] {logging_mixin.py:188} INFO - [2026-06-21T21:56:02.100+0300] {dag.py:3096} INFO - Sync 1 DAGs
[2026-06-21T21:56:02.120+0300] {logging_mixin.py:188} INFO - [2026-06-21T21:56:02.119+0300] {dag.py:3954} INFO - Setting next_dagrun for example_short_circuit_decorator to 2026-06-20 00:00:00+00:00, run_after=2026-06-21 00:00:00+00:00
[2026-06-21T21:56:02.146+0300] {processor.py:183} INFO - Processing /media/data/omar/programming course/DEPI/DEPI project/anomx/venv/lib/python3.12/site-packages/airflow/example_dags/example_short_circuit_decorator.py took 0.103 seconds
[2026-06-21T21:56:53.157+0300] {processor.py:161} INFO - Started process (PID=17090) to work on /media/data/omar/programming course/DEPI/DEPI project/anomx/venv/lib/python3.12/site-packages/airflow/example_dags/example_short_circuit_decorator.py
[2026-06-21T21:56:53.158+0300] {processor.py:830} INFO - Processing file /media/data/omar/programming course/DEPI/DEPI project/anomx/venv/lib/python3.12/site-packages/airflow/example_dags/example_short_circuit_decorator.py for tasks to queue
[2026-06-21T21:56:53.161+0300] {logging_mixin.py:188} INFO - [2026-06-21T21:56:53.160+0300] {dagbag.py:540} INFO - Filling up the DagBag from /media/data/omar/programming course/DEPI/DEPI project/anomx/venv/lib/python3.12/site-packages/airflow/example_dags/example_short_circuit_decorator.py
[2026-06-21T21:56:53.173+0300] {processor.py:840} INFO - DAG(s) 'example_short_circuit_decorator' retrieved from /media/data/omar/programming course/DEPI/DEPI project/anomx/venv/lib/python3.12/site-packages/airflow/example_dags/example_short_circuit_decorator.py
[2026-06-21T21:56:53.190+0300] {logging_mixin.py:188} INFO - [2026-06-21T21:56:53.190+0300] {dag.py:3096} INFO - Sync 1 DAGs
[2026-06-21T21:56:53.207+0300] {logging_mixin.py:188} INFO - [2026-06-21T21:56:53.207+0300] {dag.py:3954} INFO - Setting next_dagrun for example_short_circuit_decorator to 2026-06-20 00:00:00+00:00, run_after=2026-06-21 00:00:00+00:00
[2026-06-21T21:56:53.233+0300] {processor.py:183} INFO - Processing /media/data/omar/programming course/DEPI/DEPI project/anomx/venv/lib/python3.12/site-packages/airflow/example_dags/example_short_circuit_decorator.py took 0.093 seconds
[2026-06-21T21:57:46.739+0300] {processor.py:161} INFO - Started process (PID=17187) to work on /media/data/omar/programming course/DEPI/DEPI project/anomx/venv/lib/python3.12/site-packages/airflow/example_dags/example_short_circuit_decorator.py
[2026-06-21T21:57:46.739+0300] {processor.py:830} INFO - Processing file /media/data/omar/programming course/DEPI/DEPI project/anomx/venv/lib/python3.12/site-packages/airflow/example_dags/example_short_circuit_decorator.py for tasks to queue
[2026-06-21T21:57:46.741+0300] {logging_mixin.py:188} INFO - [2026-06-21T21:57:46.741+0300] {dagbag.py:540} INFO - Filling up the DagBag from /media/data/omar/programming course/DEPI/DEPI project/anomx/venv/lib/python3.12/site-packages/airflow/example_dags/example_short_circuit_decorator.py
[2026-06-21T21:57:46.749+0300] {processor.py:840} INFO - DAG(s) 'example_short_circuit_decorator' retrieved from /media/data/omar/programming course/DEPI/DEPI project/anomx/venv/lib/python3.12/site-packages/airflow/example_dags/example_short_circuit_decorator.py
[2026-06-21T21:57:46.765+0300] {logging_mixin.py:188} INFO - [2026-06-21T21:57:46.765+0300] {dag.py:3096} INFO - Sync 1 DAGs
[2026-06-21T21:57:46.782+0300] {logging_mixin.py:188} INFO - [2026-06-21T21:57:46.781+0300] {dag.py:3954} INFO - Setting next_dagrun for example_short_circuit_decorator to 2026-06-20 00:00:00+00:00, run_after=2026-06-21 00:00:00+00:00
[2026-06-21T21:57:46.808+0300] {processor.py:183} INFO - Processing /media/data/omar/programming course/DEPI/DEPI project/anomx/venv/lib/python3.12/site-packages/airflow/example_dags/example_short_circuit_decorator.py took 0.075 seconds
[2026-06-21T21:58:41.859+0300] {processor.py:161} INFO - Started process (PID=17279) to work on /media/data/omar/programming course/DEPI/DEPI project/anomx/venv/lib/python3.12/site-packages/airflow/example_dags/example_short_circuit_decorator.py
[2026-06-21T21:58:41.861+0300] {processor.py:830} INFO - Processing file /media/data/omar/programming course/DEPI/DEPI project/anomx/venv/lib/python3.12/site-packages/airflow/example_dags/example_short_circuit_decorator.py for tasks to queue
[2026-06-21T21:58:41.864+0300] {logging_mixin.py:188} INFO - [2026-06-21T21:58:41.863+0300] {dagbag.py:540} INFO - Filling up the DagBag from /media/data/omar/programming course/DEPI/DEPI project/anomx/venv/lib/python3.12/site-packages/airflow/example_dags/example_short_circuit_decorator.py
[2026-06-21T21:58:41.877+0300] {processor.py:840} INFO - DAG(s) 'example_short_circuit_decorator' retrieved from /media/data/omar/programming course/DEPI/DEPI project/anomx/venv/lib/python3.12/site-packages/airflow/example_dags/example_short_circuit_decorator.py
[2026-06-21T21:58:41.894+0300] {logging_mixin.py:188} INFO - [2026-06-21T21:58:41.894+0300] {dag.py:3096} INFO - Sync 1 DAGs
[2026-06-21T21:58:41.911+0300] {logging_mixin.py:188} INFO - [2026-06-21T21:58:41.911+0300] {dag.py:3954} INFO - Setting next_dagrun for example_short_circuit_decorator to 2026-06-20 00:00:00+00:00, run_after=2026-06-21 00:00:00+00:00
[2026-06-21T21:58:41.938+0300] {processor.py:183} INFO - Processing /media/data/omar/programming course/DEPI/DEPI project/anomx/venv/lib/python3.12/site-packages/airflow/example_dags/example_short_circuit_decorator.py took 0.097 seconds
[2026-06-21T21:59:38.189+0300] {processor.py:161} INFO - Started process (PID=17360) to work on /media/data/omar/programming course/DEPI/DEPI project/anomx/venv/lib/python3.12/site-packages/airflow/example_dags/example_short_circuit_decorator.py
[2026-06-21T21:59:38.190+0300] {processor.py:830} INFO - Processing file /media/data/omar/programming course/DEPI/DEPI project/anomx/venv/lib/python3.12/site-packages/airflow/example_dags/example_short_circuit_decorator.py for tasks to queue
[2026-06-21T21:59:38.192+0300] {logging_mixin.py:188} INFO - [2026-06-21T21:59:38.192+0300] {dagbag.py:540} INFO - Filling up the DagBag from /media/data/omar/programming course/DEPI/DEPI project/anomx/venv/lib/python3.12/site-packages/airflow/example_dags/example_short_circuit_decorator.py
[2026-06-21T21:59:38.201+0300] {processor.py:840} INFO - DAG(s) 'example_short_circuit_decorator' retrieved from /media/data/omar/programming course/DEPI/DEPI project/anomx/venv/lib/python3.12/site-packages/airflow/example_dags/example_short_circuit_decorator.py
[2026-06-21T21:59:38.218+0300] {logging_mixin.py:188} INFO - [2026-06-21T21:59:38.218+0300] {dag.py:3096} INFO - Sync 1 DAGs
[2026-06-21T21:59:38.237+0300] {logging_mixin.py:188} INFO - [2026-06-21T21:59:38.237+0300] {dag.py:3954} INFO - Setting next_dagrun for example_short_circuit_decorator to 2026-06-20 00:00:00+00:00, run_after=2026-06-21 00:00:00+00:00
[2026-06-21T21:59:38.267+0300] {processor.py:183} INFO - Processing /media/data/omar/programming course/DEPI/DEPI project/anomx/venv/lib/python3.12/site-packages/airflow/example_dags/example_short_circuit_decorator.py took 0.083 seconds
[2026-06-21T22:00:35.737+0300] {processor.py:161} INFO - Started process (PID=17457) to work on /media/data/omar/programming course/DEPI/DEPI project/anomx/venv/lib/python3.12/site-packages/airflow/example_dags/example_short_circuit_decorator.py
[2026-06-21T22:00:35.739+0300] {processor.py:830} INFO - Processing file /media/data/omar/programming course/DEPI/DEPI project/anomx/venv/lib/python3.12/site-packages/airflow/example_dags/example_short_circuit_decorator.py for tasks to queue
[2026-06-21T22:00:35.743+0300] {logging_mixin.py:188} INFO - [2026-06-21T22:00:35.742+0300] {dagbag.py:540} INFO - Filling up the DagBag from /media/data/omar/programming course/DEPI/DEPI project/anomx/venv/lib/python3.12/site-packages/airflow/example_dags/example_short_circuit_decorator.py
[2026-06-21T22:00:35.759+0300] {processor.py:840} INFO - DAG(s) 'example_short_circuit_decorator' retrieved from /media/data/omar/programming course/DEPI/DEPI project/anomx/venv/lib/python3.12/site-packages/airflow/example_dags/example_short_circuit_decorator.py
[2026-06-21T22:00:35.779+0300] {logging_mixin.py:188} INFO - [2026-06-21T22:00:35.778+0300] {dag.py:3096} INFO - Sync 1 DAGs
[2026-06-21T22:00:35.797+0300] {logging_mixin.py:188} INFO - [2026-06-21T22:00:35.797+0300] {dag.py:3954} INFO - Setting next_dagrun for example_short_circuit_decorator to 2026-06-20 00:00:00+00:00, run_after=2026-06-21 00:00:00+00:00
[2026-06-21T22:00:35.826+0300] {processor.py:183} INFO - Processing /media/data/omar/programming course/DEPI/DEPI project/anomx/venv/lib/python3.12/site-packages/airflow/example_dags/example_short_circuit_decorator.py took 0.101 seconds
[2026-06-21T22:01:34.099+0300] {processor.py:161} INFO - Started process (PID=17549) to work on /media/data/omar/programming course/DEPI/DEPI project/anomx/venv/lib/python3.12/site-packages/airflow/example_dags/example_short_circuit_decorator.py
[2026-06-21T22:01:34.101+0300] {processor.py:830} INFO - Processing file /media/data/omar/programming course/DEPI/DEPI project/anomx/venv/lib/python3.12/site-packages/airflow/example_dags/example_short_circuit_decorator.py for tasks to queue
[2026-06-21T22:01:34.105+0300] {logging_mixin.py:188} INFO - [2026-06-21T22:01:34.104+0300] {dagbag.py:540} INFO - Filling up the DagBag from /media/data/omar/programming course/DEPI/DEPI project/anomx/venv/lib/python3.12/site-packages/airflow/example_dags/example_short_circuit_decorator.py
[2026-06-21T22:01:34.119+0300] {processor.py:840} INFO - DAG(s) 'example_short_circuit_decorator' retrieved from /media/data/omar/programming course/DEPI/DEPI project/anomx/venv/lib/python3.12/site-packages/airflow/example_dags/example_short_circuit_decorator.py
[2026-06-21T22:01:34.136+0300] {logging_mixin.py:188} INFO - [2026-06-21T22:01:34.136+0300] {dag.py:3096} INFO - Sync 1 DAGs
[2026-06-21T22:01:34.153+0300] {logging_mixin.py:188} INFO - [2026-06-21T22:01:34.152+0300] {dag.py:3954} INFO - Setting next_dagrun for example_short_circuit_decorator to 2026-06-20 00:00:00+00:00, run_after=2026-06-21 00:00:00+00:00
[2026-06-21T22:01:34.179+0300] {processor.py:183} INFO - Processing /media/data/omar/programming course/DEPI/DEPI project/anomx/venv/lib/python3.12/site-packages/airflow/example_dags/example_short_circuit_decorator.py took 0.099 seconds
[2026-06-21T22:02:31.836+0300] {processor.py:161} INFO - Started process (PID=17640) to work on /media/data/omar/programming course/DEPI/DEPI project/anomx/venv/lib/python3.12/site-packages/airflow/example_dags/example_short_circuit_decorator.py
[2026-06-21T22:02:31.838+0300] {processor.py:830} INFO - Processing file /media/data/omar/programming course/DEPI/DEPI project/anomx/venv/lib/python3.12/site-packages/airflow/example_dags/example_short_circuit_decorator.py for tasks to queue
[2026-06-21T22:02:31.841+0300] {logging_mixin.py:188} INFO - [2026-06-21T22:02:31.840+0300] {dagbag.py:540} INFO - Filling up the DagBag from /media/data/omar/programming course/DEPI/DEPI project/anomx/venv/lib/python3.12/site-packages/airflow/example_dags/example_short_circuit_decorator.py
[2026-06-21T22:02:31.852+0300] {processor.py:840} INFO - DAG(s) 'example_short_circuit_decorator' retrieved from /media/data/omar/programming course/DEPI/DEPI project/anomx/venv/lib/python3.12/site-packages/airflow/example_dags/example_short_circuit_decorator.py
[2026-06-21T22:02:31.869+0300] {logging_mixin.py:188} INFO - [2026-06-21T22:02:31.869+0300] {dag.py:3096} INFO - Sync 1 DAGs
[2026-06-21T22:02:31.886+0300] {logging_mixin.py:188} INFO - [2026-06-21T22:02:31.886+0300] {dag.py:3954} INFO - Setting next_dagrun for example_short_circuit_decorator to 2026-06-20 00:00:00+00:00, run_after=2026-06-21 00:00:00+00:00
[2026-06-21T22:02:31.914+0300] {processor.py:183} INFO - Processing /media/data/omar/programming course/DEPI/DEPI project/anomx/venv/lib/python3.12/site-packages/airflow/example_dags/example_short_circuit_decorator.py took 0.094 seconds
[2026-06-21T22:03:29.929+0300] {processor.py:161} INFO - Started process (PID=17796) to work on /media/data/omar/programming course/DEPI/DEPI project/anomx/venv/lib/python3.12/site-packages/airflow/example_dags/example_short_circuit_decorator.py
[2026-06-21T22:03:29.930+0300] {processor.py:830} INFO - Processing file /media/data/omar/programming course/DEPI/DEPI project/anomx/venv/lib/python3.12/site-packages/airflow/example_dags/example_short_circuit_decorator.py for tasks to queue
[2026-06-21T22:03:29.933+0300] {logging_mixin.py:188} INFO - [2026-06-21T22:03:29.932+0300] {dagbag.py:540} INFO - Filling up the DagBag from /media/data/omar/programming course/DEPI/DEPI project/anomx/venv/lib/python3.12/site-packages/airflow/example_dags/example_short_circuit_decorator.py
[2026-06-21T22:03:29.945+0300] {processor.py:840} INFO - DAG(s) 'example_short_circuit_decorator' retrieved from /media/data/omar/programming course/DEPI/DEPI project/anomx/venv/lib/python3.12/site-packages/airflow/example_dags/example_short_circuit_decorator.py
[2026-06-21T22:03:29.962+0300] {logging_mixin.py:188} INFO - [2026-06-21T22:03:29.962+0300] {dag.py:3096} INFO - Sync 1 DAGs
[2026-06-21T22:03:29.979+0300] {logging_mixin.py:188} INFO - [2026-06-21T22:03:29.979+0300] {dag.py:3954} INFO - Setting next_dagrun for example_short_circuit_decorator to 2026-06-20 00:00:00+00:00, run_after=2026-06-21 00:00:00+00:00
[2026-06-21T22:03:30.007+0300] {processor.py:183} INFO - Processing /media/data/omar/programming course/DEPI/DEPI project/anomx/venv/lib/python3.12/site-packages/airflow/example_dags/example_short_circuit_decorator.py took 0.088 seconds
[2026-06-21T22:04:21.798+0300] {processor.py:161} INFO - Started process (PID=17886) to work on /media/data/omar/programming course/DEPI/DEPI project/anomx/venv/lib/python3.12/site-packages/airflow/example_dags/example_short_circuit_decorator.py
[2026-06-21T22:04:21.799+0300] {processor.py:830} INFO - Processing file /media/data/omar/programming course/DEPI/DEPI project/anomx/venv/lib/python3.12/site-packages/airflow/example_dags/example_short_circuit_decorator.py for tasks to queue
[2026-06-21T22:04:21.802+0300] {logging_mixin.py:188} INFO - [2026-06-21T22:04:21.801+0300] {dagbag.py:540} INFO - Filling up the DagBag from /media/data/omar/programming course/DEPI/DEPI project/anomx/venv/lib/python3.12/site-packages/airflow/example_dags/example_short_circuit_decorator.py
[2026-06-21T22:04:21.816+0300] {processor.py:840} INFO - DAG(s) 'example_short_circuit_decorator' retrieved from /media/data/omar/programming course/DEPI/DEPI project/anomx/venv/lib/python3.12/site-packages/airflow/example_dags/example_short_circuit_decorator.py
[2026-06-21T22:04:21.835+0300] {logging_mixin.py:188} INFO - [2026-06-21T22:04:21.834+0300] {dag.py:3096} INFO - Sync 1 DAGs
[2026-06-21T22:04:21.852+0300] {logging_mixin.py:188} INFO - [2026-06-21T22:04:21.852+0300] {dag.py:3954} INFO - Setting next_dagrun for example_short_circuit_decorator to 2026-06-20 00:00:00+00:00, run_after=2026-06-21 00:00:00+00:00
[2026-06-21T22:04:21.966+0300] {processor.py:183} INFO - Processing /media/data/omar/programming course/DEPI/DEPI project/anomx/venv/lib/python3.12/site-packages/airflow/example_dags/example_short_circuit_decorator.py took 0.176 seconds
[2026-06-21T22:05:17.988+0300] {processor.py:161} INFO - Started process (PID=17970) to work on /media/data/omar/programming course/DEPI/DEPI project/anomx/venv/lib/python3.12/site-packages/airflow/example_dags/example_short_circuit_decorator.py
[2026-06-21T22:05:17.989+0300] {processor.py:830} INFO - Processing file /media/data/omar/programming course/DEPI/DEPI project/anomx/venv/lib/python3.12/site-packages/airflow/example_dags/example_short_circuit_decorator.py for tasks to queue
[2026-06-21T22:05:17.992+0300] {logging_mixin.py:188} INFO - [2026-06-21T22:05:17.991+0300] {dagbag.py:540} INFO - Filling up the DagBag from /media/data/omar/programming course/DEPI/DEPI project/anomx/venv/lib/python3.12/site-packages/airflow/example_dags/example_short_circuit_decorator.py
[2026-06-21T22:05:18.010+0300] {processor.py:840} INFO - DAG(s) 'example_short_circuit_decorator' retrieved from /media/data/omar/programming course/DEPI/DEPI project/anomx/venv/lib/python3.12/site-packages/airflow/example_dags/example_short_circuit_decorator.py
[2026-06-21T22:05:18.037+0300] {logging_mixin.py:188} INFO - [2026-06-21T22:05:18.037+0300] {dag.py:3096} INFO - Sync 1 DAGs
[2026-06-21T22:05:18.055+0300] {logging_mixin.py:188} INFO - [2026-06-21T22:05:18.054+0300] {dag.py:3954} INFO - Setting next_dagrun for example_short_circuit_decorator to 2026-06-20 00:00:00+00:00, run_after=2026-06-21 00:00:00+00:00
[2026-06-21T22:05:18.082+0300] {processor.py:183} INFO - Processing /media/data/omar/programming course/DEPI/DEPI project/anomx/venv/lib/python3.12/site-packages/airflow/example_dags/example_short_circuit_decorator.py took 0.105 seconds
[2026-06-21T22:06:14.867+0300] {processor.py:161} INFO - Started process (PID=18061) to work on /media/data/omar/programming course/DEPI/DEPI project/anomx/venv/lib/python3.12/site-packages/airflow/example_dags/example_short_circuit_decorator.py
[2026-06-21T22:06:14.869+0300] {processor.py:830} INFO - Processing file /media/data/omar/programming course/DEPI/DEPI project/anomx/venv/lib/python3.12/site-packages/airflow/example_dags/example_short_circuit_decorator.py for tasks to queue
[2026-06-21T22:06:14.872+0300] {logging_mixin.py:188} INFO - [2026-06-21T22:06:14.871+0300] {dagbag.py:540} INFO - Filling up the DagBag from /media/data/omar/programming course/DEPI/DEPI project/anomx/venv/lib/python3.12/site-packages/airflow/example_dags/example_short_circuit_decorator.py
[2026-06-21T22:06:14.883+0300] {processor.py:840} INFO - DAG(s) 'example_short_circuit_decorator' retrieved from /media/data/omar/programming course/DEPI/DEPI project/anomx/venv/lib/python3.12/site-packages/airflow/example_dags/example_short_circuit_decorator.py
[2026-06-21T22:06:14.901+0300] {logging_mixin.py:188} INFO - [2026-06-21T22:06:14.900+0300] {dag.py:3096} INFO - Sync 1 DAGs
[2026-06-21T22:06:14.918+0300] {logging_mixin.py:188} INFO - [2026-06-21T22:06:14.917+0300] {dag.py:3954} INFO - Setting next_dagrun for example_short_circuit_decorator to 2026-06-20 00:00:00+00:00, run_after=2026-06-21 00:00:00+00:00
[2026-06-21T22:06:14.945+0300] {processor.py:183} INFO - Processing /media/data/omar/programming course/DEPI/DEPI project/anomx/venv/lib/python3.12/site-packages/airflow/example_dags/example_short_circuit_decorator.py took 0.090 seconds
[2026-06-21T22:07:13.164+0300] {processor.py:161} INFO - Started process (PID=18151) to work on /media/data/omar/programming course/DEPI/DEPI project/anomx/venv/lib/python3.12/site-packages/airflow/example_dags/example_short_circuit_decorator.py
[2026-06-21T22:07:13.167+0300] {processor.py:830} INFO - Processing file /media/data/omar/programming course/DEPI/DEPI project/anomx/venv/lib/python3.12/site-packages/airflow/example_dags/example_short_circuit_decorator.py for tasks to queue
[2026-06-21T22:07:13.171+0300] {logging_mixin.py:188} INFO - [2026-06-21T22:07:13.170+0300] {dagbag.py:540} INFO - Filling up the DagBag from /media/data/omar/programming course/DEPI/DEPI project/anomx/venv/lib/python3.12/site-packages/airflow/example_dags/example_short_circuit_decorator.py
[2026-06-21T22:07:13.184+0300] {processor.py:840} INFO - DAG(s) 'example_short_circuit_decorator' retrieved from /media/data/omar/programming course/DEPI/DEPI project/anomx/venv/lib/python3.12/site-packages/airflow/example_dags/example_short_circuit_decorator.py
[2026-06-21T22:07:13.202+0300] {logging_mixin.py:188} INFO - [2026-06-21T22:07:13.202+0300] {dag.py:3096} INFO - Sync 1 DAGs
[2026-06-21T22:07:13.219+0300] {logging_mixin.py:188} INFO - [2026-06-21T22:07:13.219+0300] {dag.py:3954} INFO - Setting next_dagrun for example_short_circuit_decorator to 2026-06-20 00:00:00+00:00, run_after=2026-06-21 00:00:00+00:00
[2026-06-21T22:07:13.331+0300] {processor.py:183} INFO - Processing /media/data/omar/programming course/DEPI/DEPI project/anomx/venv/lib/python3.12/site-packages/airflow/example_dags/example_short_circuit_decorator.py took 0.185 seconds
[2026-06-21T22:08:11.524+0300] {processor.py:161} INFO - Started process (PID=18243) to work on /media/data/omar/programming course/DEPI/DEPI project/anomx/venv/lib/python3.12/site-packages/airflow/example_dags/example_short_circuit_decorator.py
[2026-06-21T22:08:11.525+0300] {processor.py:830} INFO - Processing file /media/data/omar/programming course/DEPI/DEPI project/anomx/venv/lib/python3.12/site-packages/airflow/example_dags/example_short_circuit_decorator.py for tasks to queue
[2026-06-21T22:08:11.526+0300] {logging_mixin.py:188} INFO - [2026-06-21T22:08:11.526+0300] {dagbag.py:540} INFO - Filling up the DagBag from /media/data/omar/programming course/DEPI/DEPI project/anomx/venv/lib/python3.12/site-packages/airflow/example_dags/example_short_circuit_decorator.py
[2026-06-21T22:08:11.536+0300] {processor.py:840} INFO - DAG(s) 'example_short_circuit_decorator' retrieved from /media/data/omar/programming course/DEPI/DEPI project/anomx/venv/lib/python3.12/site-packages/airflow/example_dags/example_short_circuit_decorator.py
[2026-06-21T22:08:11.553+0300] {logging_mixin.py:188} INFO - [2026-06-21T22:08:11.552+0300] {dag.py:3096} INFO - Sync 1 DAGs
[2026-06-21T22:08:11.568+0300] {logging_mixin.py:188} INFO - [2026-06-21T22:08:11.568+0300] {dag.py:3954} INFO - Setting next_dagrun for example_short_circuit_decorator to 2026-06-20 00:00:00+00:00, run_after=2026-06-21 00:00:00+00:00
[2026-06-21T22:08:11.603+0300] {processor.py:183} INFO - Processing /media/data/omar/programming course/DEPI/DEPI project/anomx/venv/lib/python3.12/site-packages/airflow/example_dags/example_short_circuit_decorator.py took 0.086 seconds
[2026-06-21T22:09:08.206+0300] {processor.py:161} INFO - Started process (PID=18334) to work on /media/data/omar/programming course/DEPI/DEPI project/anomx/venv/lib/python3.12/site-packages/airflow/example_dags/example_short_circuit_decorator.py
[2026-06-21T22:09:08.207+0300] {processor.py:830} INFO - Processing file /media/data/omar/programming course/DEPI/DEPI project/anomx/venv/lib/python3.12/site-packages/airflow/example_dags/example_short_circuit_decorator.py for tasks to queue
[2026-06-21T22:09:08.209+0300] {logging_mixin.py:188} INFO - [2026-06-21T22:09:08.209+0300] {dagbag.py:540} INFO - Filling up the DagBag from /media/data/omar/programming course/DEPI/DEPI project/anomx/venv/lib/python3.12/site-packages/airflow/example_dags/example_short_circuit_decorator.py
[2026-06-21T22:09:08.223+0300] {processor.py:840} INFO - DAG(s) 'example_short_circuit_decorator' retrieved from /media/data/omar/programming course/DEPI/DEPI project/anomx/venv/lib/python3.12/site-packages/airflow/example_dags/example_short_circuit_decorator.py
[2026-06-21T22:09:08.241+0300] {logging_mixin.py:188} INFO - [2026-06-21T22:09:08.241+0300] {dag.py:3096} INFO - Sync 1 DAGs
[2026-06-21T22:09:08.258+0300] {logging_mixin.py:188} INFO - [2026-06-21T22:09:08.258+0300] {dag.py:3954} INFO - Setting next_dagrun for example_short_circuit_decorator to 2026-06-20 00:00:00+00:00, run_after=2026-06-21 00:00:00+00:00
[2026-06-21T22:09:08.285+0300] {processor.py:183} INFO - Processing /media/data/omar/programming course/DEPI/DEPI project/anomx/venv/lib/python3.12/site-packages/airflow/example_dags/example_short_circuit_decorator.py took 0.088 seconds
[2026-06-21T22:10:09.535+0300] {processor.py:161} INFO - Started process (PID=18623) to work on /media/data/omar/programming course/DEPI/DEPI project/anomx/venv/lib/python3.12/site-packages/airflow/example_dags/example_short_circuit_decorator.py
[2026-06-21T22:10:09.537+0300] {processor.py:830} INFO - Processing file /media/data/omar/programming course/DEPI/DEPI project/anomx/venv/lib/python3.12/site-packages/airflow/example_dags/example_short_circuit_decorator.py for tasks to queue
[2026-06-21T22:10:09.542+0300] {logging_mixin.py:188} INFO - [2026-06-21T22:10:09.541+0300] {dagbag.py:540} INFO - Filling up the DagBag from /media/data/omar/programming course/DEPI/DEPI project/anomx/venv/lib/python3.12/site-packages/airflow/example_dags/example_short_circuit_decorator.py
[2026-06-21T22:10:09.564+0300] {processor.py:840} INFO - DAG(s) 'example_short_circuit_decorator' retrieved from /media/data/omar/programming course/DEPI/DEPI project/anomx/venv/lib/python3.12/site-packages/airflow/example_dags/example_short_circuit_decorator.py
[2026-06-21T22:10:09.588+0300] {logging_mixin.py:188} INFO - [2026-06-21T22:10:09.588+0300] {dag.py:3096} INFO - Sync 1 DAGs
[2026-06-21T22:10:09.687+0300] {logging_mixin.py:188} INFO - [2026-06-21T22:10:09.687+0300] {dag.py:3954} INFO - Setting next_dagrun for example_short_circuit_decorator to 2026-06-20 00:00:00+00:00, run_after=2026-06-21 00:00:00+00:00
[2026-06-21T22:10:09.712+0300] {processor.py:183} INFO - Processing /media/data/omar/programming course/DEPI/DEPI project/anomx/venv/lib/python3.12/site-packages/airflow/example_dags/example_short_circuit_decorator.py took 0.196 seconds
[2026-06-21T22:11:05.526+0300] {processor.py:161} INFO - Started process (PID=18750) to work on /media/data/omar/programming course/DEPI/DEPI project/anomx/venv/lib/python3.12/site-packages/airflow/example_dags/example_short_circuit_decorator.py
[2026-06-21T22:11:05.527+0300] {processor.py:830} INFO - Processing file /media/data/omar/programming course/DEPI/DEPI project/anomx/venv/lib/python3.12/site-packages/airflow/example_dags/example_short_circuit_decorator.py for tasks to queue
[2026-06-21T22:11:05.530+0300] {logging_mixin.py:188} INFO - [2026-06-21T22:11:05.529+0300] {dagbag.py:540} INFO - Filling up the DagBag from /media/data/omar/programming course/DEPI/DEPI project/anomx/venv/lib/python3.12/site-packages/airflow/example_dags/example_short_circuit_decorator.py
[2026-06-21T22:11:05.544+0300] {processor.py:840} INFO - DAG(s) 'example_short_circuit_decorator' retrieved from /media/data/omar/programming course/DEPI/DEPI project/anomx/venv/lib/python3.12/site-packages/airflow/example_dags/example_short_circuit_decorator.py
[2026-06-21T22:11:05.565+0300] {logging_mixin.py:188} INFO - [2026-06-21T22:11:05.564+0300] {dag.py:3096} INFO - Sync 1 DAGs
[2026-06-21T22:11:05.583+0300] {logging_mixin.py:188} INFO - [2026-06-21T22:11:05.583+0300] {dag.py:3954} INFO - Setting next_dagrun for example_short_circuit_decorator to 2026-06-20 00:00:00+00:00, run_after=2026-06-21 00:00:00+00:00
[2026-06-21T22:11:05.615+0300] {processor.py:183} INFO - Processing /media/data/omar/programming course/DEPI/DEPI project/anomx/venv/lib/python3.12/site-packages/airflow/example_dags/example_short_circuit_decorator.py took 0.097 seconds
[2026-06-21T22:12:02.480+0300] {processor.py:161} INFO - Started process (PID=18886) to work on /media/data/omar/programming course/DEPI/DEPI project/anomx/venv/lib/python3.12/site-packages/airflow/example_dags/example_short_circuit_decorator.py
[2026-06-21T22:12:02.482+0300] {processor.py:830} INFO - Processing file /media/data/omar/programming course/DEPI/DEPI project/anomx/venv/lib/python3.12/site-packages/airflow/example_dags/example_short_circuit_decorator.py for tasks to queue
[2026-06-21T22:12:02.486+0300] {logging_mixin.py:188} INFO - [2026-06-21T22:12:02.485+0300] {dagbag.py:540} INFO - Filling up the DagBag from /media/data/omar/programming course/DEPI/DEPI project/anomx/venv/lib/python3.12/site-packages/airflow/example_dags/example_short_circuit_decorator.py
[2026-06-21T22:12:02.500+0300] {processor.py:840} INFO - DAG(s) 'example_short_circuit_decorator' retrieved from /media/data/omar/programming course/DEPI/DEPI project/anomx/venv/lib/python3.12/site-packages/airflow/example_dags/example_short_circuit_decorator.py
[2026-06-21T22:12:02.519+0300] {logging_mixin.py:188} INFO - [2026-06-21T22:12:02.518+0300] {dag.py:3096} INFO - Sync 1 DAGs
[2026-06-21T22:12:02.535+0300] {logging_mixin.py:188} INFO - [2026-06-21T22:12:02.535+0300] {dag.py:3954} INFO - Setting next_dagrun for example_short_circuit_decorator to 2026-06-20 00:00:00+00:00, run_after=2026-06-21 00:00:00+00:00
[2026-06-21T22:12:02.563+0300] {processor.py:183} INFO - Processing /media/data/omar/programming course/DEPI/DEPI project/anomx/venv/lib/python3.12/site-packages/airflow/example_dags/example_short_circuit_decorator.py took 0.097 seconds
[2026-06-21T22:12:56.007+0300] {processor.py:161} INFO - Started process (PID=18978) to work on /media/data/omar/programming course/DEPI/DEPI project/anomx/venv/lib/python3.12/site-packages/airflow/example_dags/example_short_circuit_decorator.py
[2026-06-21T22:12:56.009+0300] {processor.py:830} INFO - Processing file /media/data/omar/programming course/DEPI/DEPI project/anomx/venv/lib/python3.12/site-packages/airflow/example_dags/example_short_circuit_decorator.py for tasks to queue
[2026-06-21T22:12:56.012+0300] {logging_mixin.py:188} INFO - [2026-06-21T22:12:56.011+0300] {dagbag.py:540} INFO - Filling up the DagBag from /media/data/omar/programming course/DEPI/DEPI project/anomx/venv/lib/python3.12/site-packages/airflow/example_dags/example_short_circuit_decorator.py
[2026-06-21T22:12:56.039+0300] {processor.py:840} INFO - DAG(s) 'example_short_circuit_decorator' retrieved from /media/data/omar/programming course/DEPI/DEPI project/anomx/venv/lib/python3.12/site-packages/airflow/example_dags/example_short_circuit_decorator.py
[2026-06-21T22:12:56.060+0300] {logging_mixin.py:188} INFO - [2026-06-21T22:12:56.059+0300] {dag.py:3096} INFO - Sync 1 DAGs
[2026-06-21T22:12:56.086+0300] {logging_mixin.py:188} INFO - [2026-06-21T22:12:56.086+0300] {dag.py:3954} INFO - Setting next_dagrun for example_short_circuit_decorator to 2026-06-20 00:00:00+00:00, run_after=2026-06-21 00:00:00+00:00
[2026-06-21T22:12:56.123+0300] {processor.py:183} INFO - Processing /media/data/omar/programming course/DEPI/DEPI project/anomx/venv/lib/python3.12/site-packages/airflow/example_dags/example_short_circuit_decorator.py took 0.131 seconds
[2026-06-21T22:13:47.542+0300] {processor.py:161} INFO - Started process (PID=19121) to work on /media/data/omar/programming course/DEPI/DEPI project/anomx/venv/lib/python3.12/site-packages/airflow/example_dags/example_short_circuit_decorator.py
[2026-06-21T22:13:47.545+0300] {processor.py:830} INFO - Processing file /media/data/omar/programming course/DEPI/DEPI project/anomx/venv/lib/python3.12/site-packages/airflow/example_dags/example_short_circuit_decorator.py for tasks to queue
[2026-06-21T22:13:47.550+0300] {logging_mixin.py:188} INFO - [2026-06-21T22:13:47.548+0300] {dagbag.py:540} INFO - Filling up the DagBag from /media/data/omar/programming course/DEPI/DEPI project/anomx/venv/lib/python3.12/site-packages/airflow/example_dags/example_short_circuit_decorator.py
[2026-06-21T22:13:47.568+0300] {processor.py:840} INFO - DAG(s) 'example_short_circuit_decorator' retrieved from /media/data/omar/programming course/DEPI/DEPI project/anomx/venv/lib/python3.12/site-packages/airflow/example_dags/example_short_circuit_decorator.py
[2026-06-21T22:13:47.587+0300] {logging_mixin.py:188} INFO - [2026-06-21T22:13:47.587+0300] {dag.py:3096} INFO - Sync 1 DAGs
[2026-06-21T22:13:47.604+0300] {logging_mixin.py:188} INFO - [2026-06-21T22:13:47.603+0300] {dag.py:3954} INFO - Setting next_dagrun for example_short_circuit_decorator to 2026-06-20 00:00:00+00:00, run_after=2026-06-21 00:00:00+00:00
[2026-06-21T22:13:47.631+0300] {processor.py:183} INFO - Processing /media/data/omar/programming course/DEPI/DEPI project/anomx/venv/lib/python3.12/site-packages/airflow/example_dags/example_short_circuit_decorator.py took 0.105 seconds
[2026-06-21T22:14:45.451+0300] {processor.py:161} INFO - Started process (PID=19218) to work on /media/data/omar/programming course/DEPI/DEPI project/anomx/venv/lib/python3.12/site-packages/airflow/example_dags/example_short_circuit_decorator.py
[2026-06-21T22:14:45.453+0300] {processor.py:830} INFO - Processing file /media/data/omar/programming course/DEPI/DEPI project/anomx/venv/lib/python3.12/site-packages/airflow/example_dags/example_short_circuit_decorator.py for tasks to queue
[2026-06-21T22:14:45.455+0300] {logging_mixin.py:188} INFO - [2026-06-21T22:14:45.455+0300] {dagbag.py:540} INFO - Filling up the DagBag from /media/data/omar/programming course/DEPI/DEPI project/anomx/venv/lib/python3.12/site-packages/airflow/example_dags/example_short_circuit_decorator.py
[2026-06-21T22:14:45.466+0300] {processor.py:840} INFO - DAG(s) 'example_short_circuit_decorator' retrieved from /media/data/omar/programming course/DEPI/DEPI project/anomx/venv/lib/python3.12/site-packages/airflow/example_dags/example_short_circuit_decorator.py
[2026-06-21T22:14:45.484+0300] {logging_mixin.py:188} INFO - [2026-06-21T22:14:45.484+0300] {dag.py:3096} INFO - Sync 1 DAGs
[2026-06-21T22:14:45.506+0300] {logging_mixin.py:188} INFO - [2026-06-21T22:14:45.505+0300] {dag.py:3954} INFO - Setting next_dagrun for example_short_circuit_decorator to 2026-06-20 00:00:00+00:00, run_after=2026-06-21 00:00:00+00:00
[2026-06-21T22:14:45.538+0300] {processor.py:183} INFO - Processing /media/data/omar/programming course/DEPI/DEPI project/anomx/venv/lib/python3.12/site-packages/airflow/example_dags/example_short_circuit_decorator.py took 0.097 seconds
[2026-06-21T22:15:41.231+0300] {processor.py:161} INFO - Started process (PID=19322) to work on /media/data/omar/programming course/DEPI/DEPI project/anomx/venv/lib/python3.12/site-packages/airflow/example_dags/example_short_circuit_decorator.py
[2026-06-21T22:15:41.232+0300] {processor.py:830} INFO - Processing file /media/data/omar/programming course/DEPI/DEPI project/anomx/venv/lib/python3.12/site-packages/airflow/example_dags/example_short_circuit_decorator.py for tasks to queue
[2026-06-21T22:15:41.234+0300] {logging_mixin.py:188} INFO - [2026-06-21T22:15:41.234+0300] {dagbag.py:540} INFO - Filling up the DagBag from /media/data/omar/programming course/DEPI/DEPI project/anomx/venv/lib/python3.12/site-packages/airflow/example_dags/example_short_circuit_decorator.py
[2026-06-21T22:15:41.243+0300] {processor.py:840} INFO - DAG(s) 'example_short_circuit_decorator' retrieved from /media/data/omar/programming course/DEPI/DEPI project/anomx/venv/lib/python3.12/site-packages/airflow/example_dags/example_short_circuit_decorator.py
[2026-06-21T22:15:41.261+0300] {logging_mixin.py:188} INFO - [2026-06-21T22:15:41.261+0300] {dag.py:3096} INFO - Sync 1 DAGs
[2026-06-21T22:15:41.279+0300] {logging_mixin.py:188} INFO - [2026-06-21T22:15:41.279+0300] {dag.py:3954} INFO - Setting next_dagrun for example_short_circuit_decorator to 2026-06-20 00:00:00+00:00, run_after=2026-06-21 00:00:00+00:00
[2026-06-21T22:15:41.310+0300] {processor.py:183} INFO - Processing /media/data/omar/programming course/DEPI/DEPI project/anomx/venv/lib/python3.12/site-packages/airflow/example_dags/example_short_circuit_decorator.py took 0.083 seconds
[2026-06-21T22:16:38.059+0300] {processor.py:161} INFO - Started process (PID=19708) to work on /media/data/omar/programming course/DEPI/DEPI project/anomx/venv/lib/python3.12/site-packages/airflow/example_dags/example_short_circuit_decorator.py
[2026-06-21T22:16:38.061+0300] {processor.py:830} INFO - Processing file /media/data/omar/programming course/DEPI/DEPI project/anomx/venv/lib/python3.12/site-packages/airflow/example_dags/example_short_circuit_decorator.py for tasks to queue
[2026-06-21T22:16:38.065+0300] {logging_mixin.py:188} INFO - [2026-06-21T22:16:38.064+0300] {dagbag.py:540} INFO - Filling up the DagBag from /media/data/omar/programming course/DEPI/DEPI project/anomx/venv/lib/python3.12/site-packages/airflow/example_dags/example_short_circuit_decorator.py
[2026-06-21T22:16:38.082+0300] {processor.py:840} INFO - DAG(s) 'example_short_circuit_decorator' retrieved from /media/data/omar/programming course/DEPI/DEPI project/anomx/venv/lib/python3.12/site-packages/airflow/example_dags/example_short_circuit_decorator.py
[2026-06-21T22:16:38.108+0300] {logging_mixin.py:188} INFO - [2026-06-21T22:16:38.108+0300] {dag.py:3096} INFO - Sync 1 DAGs
[2026-06-21T22:16:38.129+0300] {logging_mixin.py:188} INFO - [2026-06-21T22:16:38.129+0300] {dag.py:3954} INFO - Setting next_dagrun for example_short_circuit_decorator to 2026-06-20 00:00:00+00:00, run_after=2026-06-21 00:00:00+00:00
[2026-06-21T22:16:38.157+0300] {processor.py:183} INFO - Processing /media/data/omar/programming course/DEPI/DEPI project/anomx/venv/lib/python3.12/site-packages/airflow/example_dags/example_short_circuit_decorator.py took 0.109 seconds
[2026-06-21T22:17:38.324+0300] {processor.py:161} INFO - Started process (PID=19882) to work on /media/data/omar/programming course/DEPI/DEPI project/anomx/venv/lib/python3.12/site-packages/airflow/example_dags/example_short_circuit_decorator.py
[2026-06-21T22:17:38.327+0300] {processor.py:830} INFO - Processing file /media/data/omar/programming course/DEPI/DEPI project/anomx/venv/lib/python3.12/site-packages/airflow/example_dags/example_short_circuit_decorator.py for tasks to queue
[2026-06-21T22:17:38.330+0300] {logging_mixin.py:188} INFO - [2026-06-21T22:17:38.329+0300] {dagbag.py:540} INFO - Filling up the DagBag from /media/data/omar/programming course/DEPI/DEPI project/anomx/venv/lib/python3.12/site-packages/airflow/example_dags/example_short_circuit_decorator.py
[2026-06-21T22:17:38.342+0300] {processor.py:840} INFO - DAG(s) 'example_short_circuit_decorator' retrieved from /media/data/omar/programming course/DEPI/DEPI project/anomx/venv/lib/python3.12/site-packages/airflow/example_dags/example_short_circuit_decorator.py
[2026-06-21T22:17:38.363+0300] {logging_mixin.py:188} INFO - [2026-06-21T22:17:38.363+0300] {dag.py:3096} INFO - Sync 1 DAGs
[2026-06-21T22:17:38.384+0300] {logging_mixin.py:188} INFO - [2026-06-21T22:17:38.383+0300] {dag.py:3954} INFO - Setting next_dagrun for example_short_circuit_decorator to 2026-06-20 00:00:00+00:00, run_after=2026-06-21 00:00:00+00:00
[2026-06-21T22:17:38.415+0300] {processor.py:183} INFO - Processing /media/data/omar/programming course/DEPI/DEPI project/anomx/venv/lib/python3.12/site-packages/airflow/example_dags/example_short_circuit_decorator.py took 0.105 seconds
[2026-06-21T22:18:37.330+0300] {processor.py:161} INFO - Started process (PID=19981) to work on /media/data/omar/programming course/DEPI/DEPI project/anomx/venv/lib/python3.12/site-packages/airflow/example_dags/example_short_circuit_decorator.py
[2026-06-21T22:18:37.331+0300] {processor.py:830} INFO - Processing file /media/data/omar/programming course/DEPI/DEPI project/anomx/venv/lib/python3.12/site-packages/airflow/example_dags/example_short_circuit_decorator.py for tasks to queue
[2026-06-21T22:18:37.333+0300] {logging_mixin.py:188} INFO - [2026-06-21T22:18:37.332+0300] {dagbag.py:540} INFO - Filling up the DagBag from /media/data/omar/programming course/DEPI/DEPI project/anomx/venv/lib/python3.12/site-packages/airflow/example_dags/example_short_circuit_decorator.py
[2026-06-21T22:18:37.345+0300] {processor.py:840} INFO - DAG(s) 'example_short_circuit_decorator' retrieved from /media/data/omar/programming course/DEPI/DEPI project/anomx/venv/lib/python3.12/site-packages/airflow/example_dags/example_short_circuit_decorator.py
[2026-06-21T22:18:37.367+0300] {logging_mixin.py:188} INFO - [2026-06-21T22:18:37.366+0300] {dag.py:3096} INFO - Sync 1 DAGs
[2026-06-21T22:18:37.386+0300] {logging_mixin.py:188} INFO - [2026-06-21T22:18:37.386+0300] {dag.py:3954} INFO - Setting next_dagrun for example_short_circuit_decorator to 2026-06-20 00:00:00+00:00, run_after=2026-06-21 00:00:00+00:00
[2026-06-21T22:18:37.421+0300] {processor.py:183} INFO - Processing /media/data/omar/programming course/DEPI/DEPI project/anomx/venv/lib/python3.12/site-packages/airflow/example_dags/example_short_circuit_decorator.py took 0.100 seconds
[2026-06-21T22:19:32.684+0300] {processor.py:161} INFO - Started process (PID=20089) to work on /media/data/omar/programming course/DEPI/DEPI project/anomx/venv/lib/python3.12/site-packages/airflow/example_dags/example_short_circuit_decorator.py
[2026-06-21T22:19:32.686+0300] {processor.py:830} INFO - Processing file /media/data/omar/programming course/DEPI/DEPI project/anomx/venv/lib/python3.12/site-packages/airflow/example_dags/example_short_circuit_decorator.py for tasks to queue
[2026-06-21T22:19:32.689+0300] {logging_mixin.py:188} INFO - [2026-06-21T22:19:32.688+0300] {dagbag.py:540} INFO - Filling up the DagBag from /media/data/omar/programming course/DEPI/DEPI project/anomx/venv/lib/python3.12/site-packages/airflow/example_dags/example_short_circuit_decorator.py
[2026-06-21T22:19:32.705+0300] {processor.py:840} INFO - DAG(s) 'example_short_circuit_decorator' retrieved from /media/data/omar/programming course/DEPI/DEPI project/anomx/venv/lib/python3.12/site-packages/airflow/example_dags/example_short_circuit_decorator.py
[2026-06-21T22:19:32.733+0300] {logging_mixin.py:188} INFO - [2026-06-21T22:19:32.733+0300] {dag.py:3096} INFO - Sync 1 DAGs
[2026-06-21T22:19:32.750+0300] {logging_mixin.py:188} INFO - [2026-06-21T22:19:32.750+0300] {dag.py:3954} INFO - Setting next_dagrun for example_short_circuit_decorator to 2026-06-20 00:00:00+00:00, run_after=2026-06-21 00:00:00+00:00
[2026-06-21T22:19:32.778+0300] {processor.py:183} INFO - Processing /media/data/omar/programming course/DEPI/DEPI project/anomx/venv/lib/python3.12/site-packages/airflow/example_dags/example_short_circuit_decorator.py took 0.104 seconds
[2026-06-21T22:20:27.536+0300] {processor.py:161} INFO - Started process (PID=20174) to work on /media/data/omar/programming course/DEPI/DEPI project/anomx/venv/lib/python3.12/site-packages/airflow/example_dags/example_short_circuit_decorator.py
[2026-06-21T22:20:27.539+0300] {processor.py:830} INFO - Processing file /media/data/omar/programming course/DEPI/DEPI project/anomx/venv/lib/python3.12/site-packages/airflow/example_dags/example_short_circuit_decorator.py for tasks to queue
[2026-06-21T22:20:27.544+0300] {logging_mixin.py:188} INFO - [2026-06-21T22:20:27.543+0300] {dagbag.py:540} INFO - Filling up the DagBag from /media/data/omar/programming course/DEPI/DEPI project/anomx/venv/lib/python3.12/site-packages/airflow/example_dags/example_short_circuit_decorator.py
[2026-06-21T22:20:27.559+0300] {processor.py:840} INFO - DAG(s) 'example_short_circuit_decorator' retrieved from /media/data/omar/programming course/DEPI/DEPI project/anomx/venv/lib/python3.12/site-packages/airflow/example_dags/example_short_circuit_decorator.py
[2026-06-21T22:20:27.576+0300] {logging_mixin.py:188} INFO - [2026-06-21T22:20:27.576+0300] {dag.py:3096} INFO - Sync 1 DAGs
[2026-06-21T22:20:27.591+0300] {logging_mixin.py:188} INFO - [2026-06-21T22:20:27.591+0300] {dag.py:3954} INFO - Setting next_dagrun for example_short_circuit_decorator to 2026-06-20 00:00:00+00:00, run_after=2026-06-21 00:00:00+00:00
[2026-06-21T22:20:27.618+0300] {processor.py:183} INFO - Processing /media/data/omar/programming course/DEPI/DEPI project/anomx/venv/lib/python3.12/site-packages/airflow/example_dags/example_short_circuit_decorator.py took 0.100 seconds
[2026-06-21T22:21:06.242+0300] {processor.py:161} INFO - Started process (PID=20246) to work on /media/data/omar/programming course/DEPI/DEPI project/anomx/venv/lib/python3.12/site-packages/airflow/example_dags/example_short_circuit_decorator.py
[2026-06-21T22:21:06.243+0300] {processor.py:830} INFO - Processing file /media/data/omar/programming course/DEPI/DEPI project/anomx/venv/lib/python3.12/site-packages/airflow/example_dags/example_short_circuit_decorator.py for tasks to queue
[2026-06-21T22:21:06.245+0300] {logging_mixin.py:188} INFO - [2026-06-21T22:21:06.245+0300] {dagbag.py:540} INFO - Filling up the DagBag from /media/data/omar/programming course/DEPI/DEPI project/anomx/venv/lib/python3.12/site-packages/airflow/example_dags/example_short_circuit_decorator.py
[2026-06-21T22:21:06.256+0300] {processor.py:840} INFO - DAG(s) 'example_short_circuit_decorator' retrieved from /media/data/omar/programming course/DEPI/DEPI project/anomx/venv/lib/python3.12/site-packages/airflow/example_dags/example_short_circuit_decorator.py
[2026-06-21T22:21:06.279+0300] {logging_mixin.py:188} INFO - [2026-06-21T22:21:06.278+0300] {dag.py:3096} INFO - Sync 1 DAGs
[2026-06-21T22:21:06.298+0300] {logging_mixin.py:188} INFO - [2026-06-21T22:21:06.297+0300] {dag.py:3954} INFO - Setting next_dagrun for example_short_circuit_decorator to 2026-06-20 00:00:00+00:00, run_after=2026-06-21 00:00:00+00:00
[2026-06-21T22:21:06.327+0300] {processor.py:183} INFO - Processing /media/data/omar/programming course/DEPI/DEPI project/anomx/venv/lib/python3.12/site-packages/airflow/example_dags/example_short_circuit_decorator.py took 0.091 seconds
[2026-06-21T22:22:05.729+0300] {processor.py:161} INFO - Started process (PID=20346) to work on /media/data/omar/programming course/DEPI/DEPI project/anomx/venv/lib/python3.12/site-packages/airflow/example_dags/example_short_circuit_decorator.py
[2026-06-21T22:22:05.731+0300] {processor.py:830} INFO - Processing file /media/data/omar/programming course/DEPI/DEPI project/anomx/venv/lib/python3.12/site-packages/airflow/example_dags/example_short_circuit_decorator.py for tasks to queue
[2026-06-21T22:22:05.734+0300] {logging_mixin.py:188} INFO - [2026-06-21T22:22:05.734+0300] {dagbag.py:540} INFO - Filling up the DagBag from /media/data/omar/programming course/DEPI/DEPI project/anomx/venv/lib/python3.12/site-packages/airflow/example_dags/example_short_circuit_decorator.py
[2026-06-21T22:22:05.746+0300] {processor.py:840} INFO - DAG(s) 'example_short_circuit_decorator' retrieved from /media/data/omar/programming course/DEPI/DEPI project/anomx/venv/lib/python3.12/site-packages/airflow/example_dags/example_short_circuit_decorator.py
[2026-06-21T22:22:05.768+0300] {logging_mixin.py:188} INFO - [2026-06-21T22:22:05.768+0300] {dag.py:3096} INFO - Sync 1 DAGs
[2026-06-21T22:22:05.797+0300] {logging_mixin.py:188} INFO - [2026-06-21T22:22:05.796+0300] {dag.py:3954} INFO - Setting next_dagrun for example_short_circuit_decorator to 2026-06-20 00:00:00+00:00, run_after=2026-06-21 00:00:00+00:00
[2026-06-21T22:22:05.839+0300] {processor.py:183} INFO - Processing /media/data/omar/programming course/DEPI/DEPI project/anomx/venv/lib/python3.12/site-packages/airflow/example_dags/example_short_circuit_decorator.py took 0.124 seconds
[2026-06-21T22:23:17.460+0300] {processor.py:161} INFO - Started process (PID=20480) to work on /media/data/omar/programming course/DEPI/DEPI project/anomx/venv/lib/python3.12/site-packages/airflow/example_dags/example_short_circuit_decorator.py
[2026-06-21T22:23:17.461+0300] {processor.py:830} INFO - Processing file /media/data/omar/programming course/DEPI/DEPI project/anomx/venv/lib/python3.12/site-packages/airflow/example_dags/example_short_circuit_decorator.py for tasks to queue
[2026-06-21T22:23:17.462+0300] {logging_mixin.py:188} INFO - [2026-06-21T22:23:17.462+0300] {dagbag.py:540} INFO - Filling up the DagBag from /media/data/omar/programming course/DEPI/DEPI project/anomx/venv/lib/python3.12/site-packages/airflow/example_dags/example_short_circuit_decorator.py
[2026-06-21T22:23:17.472+0300] {processor.py:840} INFO - DAG(s) 'example_short_circuit_decorator' retrieved from /media/data/omar/programming course/DEPI/DEPI project/anomx/venv/lib/python3.12/site-packages/airflow/example_dags/example_short_circuit_decorator.py
[2026-06-21T22:23:17.490+0300] {logging_mixin.py:188} INFO - [2026-06-21T22:23:17.489+0300] {dag.py:3096} INFO - Sync 1 DAGs
[2026-06-21T22:23:17.507+0300] {logging_mixin.py:188} INFO - [2026-06-21T22:23:17.506+0300] {dag.py:3954} INFO - Setting next_dagrun for example_short_circuit_decorator to 2026-06-20 00:00:00+00:00, run_after=2026-06-21 00:00:00+00:00
[2026-06-21T22:23:17.536+0300] {processor.py:183} INFO - Processing /media/data/omar/programming course/DEPI/DEPI project/anomx/venv/lib/python3.12/site-packages/airflow/example_dags/example_short_circuit_decorator.py took 0.080 seconds
[2026-06-21T22:24:16.003+0300] {processor.py:161} INFO - Started process (PID=20572) to work on /media/data/omar/programming course/DEPI/DEPI project/anomx/venv/lib/python3.12/site-packages/airflow/example_dags/example_short_circuit_decorator.py
[2026-06-21T22:24:16.004+0300] {processor.py:830} INFO - Processing file /media/data/omar/programming course/DEPI/DEPI project/anomx/venv/lib/python3.12/site-packages/airflow/example_dags/example_short_circuit_decorator.py for tasks to queue
[2026-06-21T22:24:16.005+0300] {logging_mixin.py:188} INFO - [2026-06-21T22:24:16.005+0300] {dagbag.py:540} INFO - Filling up the DagBag from /media/data/omar/programming course/DEPI/DEPI project/anomx/venv/lib/python3.12/site-packages/airflow/example_dags/example_short_circuit_decorator.py
[2026-06-21T22:24:16.014+0300] {processor.py:840} INFO - DAG(s) 'example_short_circuit_decorator' retrieved from /media/data/omar/programming course/DEPI/DEPI project/anomx/venv/lib/python3.12/site-packages/airflow/example_dags/example_short_circuit_decorator.py
[2026-06-21T22:24:16.031+0300] {logging_mixin.py:188} INFO - [2026-06-21T22:24:16.031+0300] {dag.py:3096} INFO - Sync 1 DAGs
[2026-06-21T22:24:16.048+0300] {logging_mixin.py:188} INFO - [2026-06-21T22:24:16.047+0300] {dag.py:3954} INFO - Setting next_dagrun for example_short_circuit_decorator to 2026-06-20 00:00:00+00:00, run_after=2026-06-21 00:00:00+00:00
[2026-06-21T22:24:16.075+0300] {processor.py:183} INFO - Processing /media/data/omar/programming course/DEPI/DEPI project/anomx/venv/lib/python3.12/site-packages/airflow/example_dags/example_short_circuit_decorator.py took 0.078 seconds
[2026-06-21T22:48:05.733+0300] {processor.py:161} INFO - Started process (PID=22139) to work on /media/data/omar/programming course/DEPI/DEPI project/anomx/venv/lib/python3.12/site-packages/airflow/example_dags/example_short_circuit_decorator.py
[2026-06-21T22:48:05.735+0300] {processor.py:830} INFO - Processing file /media/data/omar/programming course/DEPI/DEPI project/anomx/venv/lib/python3.12/site-packages/airflow/example_dags/example_short_circuit_decorator.py for tasks to queue
[2026-06-21T22:48:05.737+0300] {logging_mixin.py:188} INFO - [2026-06-21T22:48:05.737+0300] {dagbag.py:540} INFO - Filling up the DagBag from /media/data/omar/programming course/DEPI/DEPI project/anomx/venv/lib/python3.12/site-packages/airflow/example_dags/example_short_circuit_decorator.py
[2026-06-21T22:48:05.751+0300] {processor.py:840} INFO - DAG(s) 'example_short_circuit_decorator' retrieved from /media/data/omar/programming course/DEPI/DEPI project/anomx/venv/lib/python3.12/site-packages/airflow/example_dags/example_short_circuit_decorator.py
[2026-06-21T22:48:05.774+0300] {logging_mixin.py:188} INFO - [2026-06-21T22:48:05.774+0300] {dag.py:3096} INFO - Sync 1 DAGs
[2026-06-21T22:48:05.785+0300] {logging_mixin.py:188} INFO - [2026-06-21T22:48:05.784+0300] {dag.py:3118} INFO - Creating ORM DAG for example_short_circuit_decorator
[2026-06-21T22:48:05.793+0300] {logging_mixin.py:188} INFO - [2026-06-21T22:48:05.793+0300] {dag.py:3954} INFO - Setting next_dagrun for example_short_circuit_decorator to 2026-06-20 00:00:00+00:00, run_after=2026-06-21 00:00:00+00:00
[2026-06-21T22:48:05.825+0300] {processor.py:183} INFO - Processing /media/data/omar/programming course/DEPI/DEPI project/anomx/venv/lib/python3.12/site-packages/airflow/example_dags/example_short_circuit_decorator.py took 0.100 seconds
[2026-06-21T22:49:04.069+0300] {processor.py:161} INFO - Started process (PID=22231) to work on /media/data/omar/programming course/DEPI/DEPI project/anomx/venv/lib/python3.12/site-packages/airflow/example_dags/example_short_circuit_decorator.py
[2026-06-21T22:49:04.070+0300] {processor.py:830} INFO - Processing file /media/data/omar/programming course/DEPI/DEPI project/anomx/venv/lib/python3.12/site-packages/airflow/example_dags/example_short_circuit_decorator.py for tasks to queue
[2026-06-21T22:49:04.073+0300] {logging_mixin.py:188} INFO - [2026-06-21T22:49:04.072+0300] {dagbag.py:540} INFO - Filling up the DagBag from /media/data/omar/programming course/DEPI/DEPI project/anomx/venv/lib/python3.12/site-packages/airflow/example_dags/example_short_circuit_decorator.py
[2026-06-21T22:49:04.083+0300] {processor.py:840} INFO - DAG(s) 'example_short_circuit_decorator' retrieved from /media/data/omar/programming course/DEPI/DEPI project/anomx/venv/lib/python3.12/site-packages/airflow/example_dags/example_short_circuit_decorator.py
[2026-06-21T22:49:04.101+0300] {logging_mixin.py:188} INFO - [2026-06-21T22:49:04.101+0300] {dag.py:3096} INFO - Sync 1 DAGs
[2026-06-21T22:49:04.120+0300] {logging_mixin.py:188} INFO - [2026-06-21T22:49:04.120+0300] {dag.py:3954} INFO - Setting next_dagrun for example_short_circuit_decorator to 2026-06-20 00:00:00+00:00, run_after=2026-06-21 00:00:00+00:00
[2026-06-21T22:49:04.150+0300] {processor.py:183} INFO - Processing /media/data/omar/programming course/DEPI/DEPI project/anomx/venv/lib/python3.12/site-packages/airflow/example_dags/example_short_circuit_decorator.py took 0.090 seconds
[2026-06-21T22:50:01.012+0300] {processor.py:161} INFO - Started process (PID=22322) to work on /media/data/omar/programming course/DEPI/DEPI project/anomx/venv/lib/python3.12/site-packages/airflow/example_dags/example_short_circuit_decorator.py
[2026-06-21T22:50:01.014+0300] {processor.py:830} INFO - Processing file /media/data/omar/programming course/DEPI/DEPI project/anomx/venv/lib/python3.12/site-packages/airflow/example_dags/example_short_circuit_decorator.py for tasks to queue
[2026-06-21T22:50:01.016+0300] {logging_mixin.py:188} INFO - [2026-06-21T22:50:01.016+0300] {dagbag.py:540} INFO - Filling up the DagBag from /media/data/omar/programming course/DEPI/DEPI project/anomx/venv/lib/python3.12/site-packages/airflow/example_dags/example_short_circuit_decorator.py
[2026-06-21T22:50:01.027+0300] {processor.py:840} INFO - DAG(s) 'example_short_circuit_decorator' retrieved from /media/data/omar/programming course/DEPI/DEPI project/anomx/venv/lib/python3.12/site-packages/airflow/example_dags/example_short_circuit_decorator.py
[2026-06-21T22:50:01.046+0300] {logging_mixin.py:188} INFO - [2026-06-21T22:50:01.045+0300] {dag.py:3096} INFO - Sync 1 DAGs
[2026-06-21T22:50:01.064+0300] {logging_mixin.py:188} INFO - [2026-06-21T22:50:01.063+0300] {dag.py:3954} INFO - Setting next_dagrun for example_short_circuit_decorator to 2026-06-20 00:00:00+00:00, run_after=2026-06-21 00:00:00+00:00
[2026-06-21T22:50:01.095+0300] {processor.py:183} INFO - Processing /media/data/omar/programming course/DEPI/DEPI project/anomx/venv/lib/python3.12/site-packages/airflow/example_dags/example_short_circuit_decorator.py took 0.092 seconds
[2026-06-21T22:50:57.331+0300] {processor.py:161} INFO - Started process (PID=22565) to work on /media/data/omar/programming course/DEPI/DEPI project/anomx/venv/lib/python3.12/site-packages/airflow/example_dags/example_short_circuit_decorator.py
[2026-06-21T22:50:57.333+0300] {processor.py:830} INFO - Processing file /media/data/omar/programming course/DEPI/DEPI project/anomx/venv/lib/python3.12/site-packages/airflow/example_dags/example_short_circuit_decorator.py for tasks to queue
[2026-06-21T22:50:57.341+0300] {logging_mixin.py:188} INFO - [2026-06-21T22:50:57.336+0300] {dagbag.py:540} INFO - Filling up the DagBag from /media/data/omar/programming course/DEPI/DEPI project/anomx/venv/lib/python3.12/site-packages/airflow/example_dags/example_short_circuit_decorator.py
[2026-06-21T22:50:57.379+0300] {processor.py:840} INFO - DAG(s) 'example_short_circuit_decorator' retrieved from /media/data/omar/programming course/DEPI/DEPI project/anomx/venv/lib/python3.12/site-packages/airflow/example_dags/example_short_circuit_decorator.py
[2026-06-21T22:50:57.440+0300] {logging_mixin.py:188} INFO - [2026-06-21T22:50:57.437+0300] {dag.py:3096} INFO - Sync 1 DAGs
[2026-06-21T22:50:57.516+0300] {logging_mixin.py:188} INFO - [2026-06-21T22:50:57.514+0300] {dag.py:3954} INFO - Setting next_dagrun for example_short_circuit_decorator to 2026-06-20 00:00:00+00:00, run_after=2026-06-21 00:00:00+00:00
[2026-06-21T22:50:57.600+0300] {processor.py:183} INFO - Processing /media/data/omar/programming course/DEPI/DEPI project/anomx/venv/lib/python3.12/site-packages/airflow/example_dags/example_short_circuit_decorator.py took 0.279 seconds
