[2026-06-21T21:38:55.752+0300] {processor.py:161} INFO - Started process (PID=15089) to work on /media/data/omar/programming course/DEPI/DEPI project/anomx/venv/lib/python3.12/site-packages/airflow/example_dags/example_task_group.py
[2026-06-21T21:38:55.753+0300] {processor.py:830} INFO - Processing file /media/data/omar/programming course/DEPI/DEPI project/anomx/venv/lib/python3.12/site-packages/airflow/example_dags/example_task_group.py for tasks to queue
[2026-06-21T21:38:55.763+0300] {logging_mixin.py:188} INFO - [2026-06-21T21:38:55.756+0300] {dagbag.py:540} INFO - Filling up the DagBag from /media/data/omar/programming course/DEPI/DEPI project/anomx/venv/lib/python3.12/site-packages/airflow/example_dags/example_task_group.py
[2026-06-21T21:38:55.798+0300] {processor.py:840} INFO - DAG(s) 'example_task_group' retrieved from /media/data/omar/programming course/DEPI/DEPI project/anomx/venv/lib/python3.12/site-packages/airflow/example_dags/example_task_group.py
[2026-06-21T21:38:56.100+0300] {logging_mixin.py:188} INFO - [2026-06-21T21:38:56.099+0300] {override.py:1829} INFO - Created Permission View: can edit on DAG:example_task_group
[2026-06-21T21:38:56.118+0300] {logging_mixin.py:188} INFO - [2026-06-21T21:38:56.117+0300] {override.py:1829} INFO - Created Permission View: can read on DAG:example_task_group
[2026-06-21T21:38:56.132+0300] {logging_mixin.py:188} INFO - [2026-06-21T21:38:56.132+0300] {override.py:1829} INFO - Created Permission View: can delete on DAG:example_task_group
[2026-06-21T21:38:56.133+0300] {logging_mixin.py:188} INFO - [2026-06-21T21:38:56.133+0300] {dag.py:3096} INFO - Sync 1 DAGs
[2026-06-21T21:38:56.143+0300] {logging_mixin.py:188} INFO - [2026-06-21T21:38:56.143+0300] {dag.py:3118} INFO - Creating ORM DAG for example_task_group
[2026-06-21T21:38:56.153+0300] {logging_mixin.py:188} INFO - [2026-06-21T21:38:56.152+0300] {dag.py:3954} INFO - Setting next_dagrun for example_task_group to 2026-06-20 00:00:00+00:00, run_after=2026-06-21 00:00:00+00:00
[2026-06-21T21:38:56.181+0300] {processor.py:183} INFO - Processing /media/data/omar/programming course/DEPI/DEPI project/anomx/venv/lib/python3.12/site-packages/airflow/example_dags/example_task_group.py took 0.439 seconds
[2026-06-21T21:40:01.913+0300] {processor.py:161} INFO - Started process (PID=15193) to work on /media/data/omar/programming course/DEPI/DEPI project/anomx/venv/lib/python3.12/site-packages/airflow/example_dags/example_task_group.py
[2026-06-21T21:40:01.914+0300] {processor.py:830} INFO - Processing file /media/data/omar/programming course/DEPI/DEPI project/anomx/venv/lib/python3.12/site-packages/airflow/example_dags/example_task_group.py for tasks to queue
[2026-06-21T21:40:01.917+0300] {logging_mixin.py:188} INFO - [2026-06-21T21:40:01.916+0300] {dagbag.py:540} INFO - Filling up the DagBag from /media/data/omar/programming course/DEPI/DEPI project/anomx/venv/lib/python3.12/site-packages/airflow/example_dags/example_task_group.py
[2026-06-21T21:40:01.925+0300] {processor.py:840} INFO - DAG(s) 'example_task_group' retrieved from /media/data/omar/programming course/DEPI/DEPI project/anomx/venv/lib/python3.12/site-packages/airflow/example_dags/example_task_group.py
[2026-06-21T21:40:01.942+0300] {logging_mixin.py:188} INFO - [2026-06-21T21:40:01.942+0300] {dag.py:3096} INFO - Sync 1 DAGs
[2026-06-21T21:40:01.961+0300] {logging_mixin.py:188} INFO - [2026-06-21T21:40:01.961+0300] {dag.py:3954} INFO - Setting next_dagrun for example_task_group to 2026-06-20 00:00:00+00:00, run_after=2026-06-21 00:00:00+00:00
[2026-06-21T21:40:01.991+0300] {processor.py:183} INFO - Processing /media/data/omar/programming course/DEPI/DEPI project/anomx/venv/lib/python3.12/site-packages/airflow/example_dags/example_task_group.py took 0.088 seconds
[2026-06-21T21:41:01.598+0300] {processor.py:161} INFO - Started process (PID=15286) to work on /media/data/omar/programming course/DEPI/DEPI project/anomx/venv/lib/python3.12/site-packages/airflow/example_dags/example_task_group.py
[2026-06-21T21:41:01.600+0300] {processor.py:830} INFO - Processing file /media/data/omar/programming course/DEPI/DEPI project/anomx/venv/lib/python3.12/site-packages/airflow/example_dags/example_task_group.py for tasks to queue
[2026-06-21T21:41:01.608+0300] {logging_mixin.py:188} INFO - [2026-06-21T21:41:01.605+0300] {dagbag.py:540} INFO - Filling up the DagBag from /media/data/omar/programming course/DEPI/DEPI project/anomx/venv/lib/python3.12/site-packages/airflow/example_dags/example_task_group.py
[2026-06-21T21:41:01.626+0300] {processor.py:840} INFO - DAG(s) 'example_task_group' retrieved from /media/data/omar/programming course/DEPI/DEPI project/anomx/venv/lib/python3.12/site-packages/airflow/example_dags/example_task_group.py
[2026-06-21T21:41:01.661+0300] {logging_mixin.py:188} INFO - [2026-06-21T21:41:01.661+0300] {dag.py:3096} INFO - Sync 1 DAGs
[2026-06-21T21:41:01.696+0300] {logging_mixin.py:188} INFO - [2026-06-21T21:41:01.695+0300] {dag.py:3954} INFO - Setting next_dagrun for example_task_group to 2026-06-20 00:00:00+00:00, run_after=2026-06-21 00:00:00+00:00
[2026-06-21T21:41:01.750+0300] {processor.py:183} INFO - Processing /media/data/omar/programming course/DEPI/DEPI project/anomx/venv/lib/python3.12/site-packages/airflow/example_dags/example_task_group.py took 0.161 seconds
[2026-06-21T21:42:04.286+0300] {processor.py:161} INFO - Started process (PID=15420) to work on /media/data/omar/programming course/DEPI/DEPI project/anomx/venv/lib/python3.12/site-packages/airflow/example_dags/example_task_group.py
[2026-06-21T21:42:04.288+0300] {processor.py:830} INFO - Processing file /media/data/omar/programming course/DEPI/DEPI project/anomx/venv/lib/python3.12/site-packages/airflow/example_dags/example_task_group.py for tasks to queue
[2026-06-21T21:42:04.291+0300] {logging_mixin.py:188} INFO - [2026-06-21T21:42:04.290+0300] {dagbag.py:540} INFO - Filling up the DagBag from /media/data/omar/programming course/DEPI/DEPI project/anomx/venv/lib/python3.12/site-packages/airflow/example_dags/example_task_group.py
[2026-06-21T21:42:04.301+0300] {processor.py:840} INFO - DAG(s) 'example_task_group' retrieved from /media/data/omar/programming course/DEPI/DEPI project/anomx/venv/lib/python3.12/site-packages/airflow/example_dags/example_task_group.py
[2026-06-21T21:42:04.318+0300] {logging_mixin.py:188} INFO - [2026-06-21T21:42:04.318+0300] {dag.py:3096} INFO - Sync 1 DAGs
[2026-06-21T21:42:04.336+0300] {logging_mixin.py:188} INFO - [2026-06-21T21:42:04.335+0300] {dag.py:3954} INFO - Setting next_dagrun for example_task_group to 2026-06-20 00:00:00+00:00, run_after=2026-06-21 00:00:00+00:00
[2026-06-21T21:42:04.365+0300] {processor.py:183} INFO - Processing /media/data/omar/programming course/DEPI/DEPI project/anomx/venv/lib/python3.12/site-packages/airflow/example_dags/example_task_group.py took 0.095 seconds
[2026-06-21T21:43:10.041+0300] {processor.py:161} INFO - Started process (PID=15648) to work on /media/data/omar/programming course/DEPI/DEPI project/anomx/venv/lib/python3.12/site-packages/airflow/example_dags/example_task_group.py
[2026-06-21T21:43:10.042+0300] {processor.py:830} INFO - Processing file /media/data/omar/programming course/DEPI/DEPI project/anomx/venv/lib/python3.12/site-packages/airflow/example_dags/example_task_group.py for tasks to queue
[2026-06-21T21:43:10.043+0300] {logging_mixin.py:188} INFO - [2026-06-21T21:43:10.043+0300] {dagbag.py:540} INFO - Filling up the DagBag from /media/data/omar/programming course/DEPI/DEPI project/anomx/venv/lib/python3.12/site-packages/airflow/example_dags/example_task_group.py
[2026-06-21T21:43:10.052+0300] {processor.py:840} INFO - DAG(s) 'example_task_group' retrieved from /media/data/omar/programming course/DEPI/DEPI project/anomx/venv/lib/python3.12/site-packages/airflow/example_dags/example_task_group.py
[2026-06-21T21:43:10.069+0300] {logging_mixin.py:188} INFO - [2026-06-21T21:43:10.068+0300] {dag.py:3096} INFO - Sync 1 DAGs
[2026-06-21T21:43:10.088+0300] {logging_mixin.py:188} INFO - [2026-06-21T21:43:10.087+0300] {dag.py:3954} INFO - Setting next_dagrun for example_task_group to 2026-06-20 00:00:00+00:00, run_after=2026-06-21 00:00:00+00:00
[2026-06-21T21:43:10.122+0300] {processor.py:183} INFO - Processing /media/data/omar/programming course/DEPI/DEPI project/anomx/venv/lib/python3.12/site-packages/airflow/example_dags/example_task_group.py took 0.089 seconds
[2026-06-21T21:44:10.109+0300] {processor.py:161} INFO - Started process (PID=15751) to work on /media/data/omar/programming course/DEPI/DEPI project/anomx/venv/lib/python3.12/site-packages/airflow/example_dags/example_task_group.py
[2026-06-21T21:44:10.110+0300] {processor.py:830} INFO - Processing file /media/data/omar/programming course/DEPI/DEPI project/anomx/venv/lib/python3.12/site-packages/airflow/example_dags/example_task_group.py for tasks to queue
[2026-06-21T21:44:10.113+0300] {logging_mixin.py:188} INFO - [2026-06-21T21:44:10.112+0300] {dagbag.py:540} INFO - Filling up the DagBag from /media/data/omar/programming course/DEPI/DEPI project/anomx/venv/lib/python3.12/site-packages/airflow/example_dags/example_task_group.py
[2026-06-21T21:44:10.125+0300] {processor.py:840} INFO - DAG(s) 'example_task_group' retrieved from /media/data/omar/programming course/DEPI/DEPI project/anomx/venv/lib/python3.12/site-packages/airflow/example_dags/example_task_group.py
[2026-06-21T21:44:10.150+0300] {logging_mixin.py:188} INFO - [2026-06-21T21:44:10.150+0300] {dag.py:3096} INFO - Sync 1 DAGs
[2026-06-21T21:44:10.180+0300] {logging_mixin.py:188} INFO - [2026-06-21T21:44:10.179+0300] {dag.py:3954} INFO - Setting next_dagrun for example_task_group to 2026-06-20 00:00:00+00:00, run_after=2026-06-21 00:00:00+00:00
[2026-06-21T21:44:10.219+0300] {processor.py:183} INFO - Processing /media/data/omar/programming course/DEPI/DEPI project/anomx/venv/lib/python3.12/site-packages/airflow/example_dags/example_task_group.py took 0.116 seconds
[2026-06-21T21:46:48.345+0300] {processor.py:161} INFO - Started process (PID=16073) to work on /media/data/omar/programming course/DEPI/DEPI project/anomx/venv/lib/python3.12/site-packages/airflow/example_dags/example_task_group.py
[2026-06-21T21:46:48.347+0300] {processor.py:830} INFO - Processing file /media/data/omar/programming course/DEPI/DEPI project/anomx/venv/lib/python3.12/site-packages/airflow/example_dags/example_task_group.py for tasks to queue
[2026-06-21T21:46:48.352+0300] {logging_mixin.py:188} INFO - [2026-06-21T21:46:48.351+0300] {dagbag.py:540} INFO - Filling up the DagBag from /media/data/omar/programming course/DEPI/DEPI project/anomx/venv/lib/python3.12/site-packages/airflow/example_dags/example_task_group.py
[2026-06-21T21:46:48.365+0300] {processor.py:840} INFO - DAG(s) 'example_task_group' retrieved from /media/data/omar/programming course/DEPI/DEPI project/anomx/venv/lib/python3.12/site-packages/airflow/example_dags/example_task_group.py
[2026-06-21T21:46:48.385+0300] {logging_mixin.py:188} INFO - [2026-06-21T21:46:48.384+0300] {dag.py:3096} INFO - Sync 1 DAGs
[2026-06-21T21:46:48.405+0300] {logging_mixin.py:188} INFO - [2026-06-21T21:46:48.404+0300] {dag.py:3954} INFO - Setting next_dagrun for example_task_group to 2026-06-20 00:00:00+00:00, run_after=2026-06-21 00:00:00+00:00
[2026-06-21T21:46:48.437+0300] {processor.py:183} INFO - Processing /media/data/omar/programming course/DEPI/DEPI project/anomx/venv/lib/python3.12/site-packages/airflow/example_dags/example_task_group.py took 0.110 seconds
[2026-06-21T21:47:43.140+0300] {processor.py:161} INFO - Started process (PID=16160) to work on /media/data/omar/programming course/DEPI/DEPI project/anomx/venv/lib/python3.12/site-packages/airflow/example_dags/example_task_group.py
[2026-06-21T21:47:43.142+0300] {processor.py:830} INFO - Processing file /media/data/omar/programming course/DEPI/DEPI project/anomx/venv/lib/python3.12/site-packages/airflow/example_dags/example_task_group.py for tasks to queue
[2026-06-21T21:47:43.145+0300] {logging_mixin.py:188} INFO - [2026-06-21T21:47:43.144+0300] {dagbag.py:540} INFO - Filling up the DagBag from /media/data/omar/programming course/DEPI/DEPI project/anomx/venv/lib/python3.12/site-packages/airflow/example_dags/example_task_group.py
[2026-06-21T21:47:43.156+0300] {processor.py:840} INFO - DAG(s) 'example_task_group' retrieved from /media/data/omar/programming course/DEPI/DEPI project/anomx/venv/lib/python3.12/site-packages/airflow/example_dags/example_task_group.py
[2026-06-21T21:47:43.174+0300] {logging_mixin.py:188} INFO - [2026-06-21T21:47:43.174+0300] {dag.py:3096} INFO - Sync 1 DAGs
[2026-06-21T21:47:43.193+0300] {logging_mixin.py:188} INFO - [2026-06-21T21:47:43.192+0300] {dag.py:3954} INFO - Setting next_dagrun for example_task_group to 2026-06-20 00:00:00+00:00, run_after=2026-06-21 00:00:00+00:00
[2026-06-21T21:47:43.224+0300] {processor.py:183} INFO - Processing /media/data/omar/programming course/DEPI/DEPI project/anomx/venv/lib/python3.12/site-packages/airflow/example_dags/example_task_group.py took 0.094 seconds
[2026-06-21T21:48:42.797+0300] {processor.py:161} INFO - Started process (PID=16251) to work on /media/data/omar/programming course/DEPI/DEPI project/anomx/venv/lib/python3.12/site-packages/airflow/example_dags/example_task_group.py
[2026-06-21T21:48:42.799+0300] {processor.py:830} INFO - Processing file /media/data/omar/programming course/DEPI/DEPI project/anomx/venv/lib/python3.12/site-packages/airflow/example_dags/example_task_group.py for tasks to queue
[2026-06-21T21:48:42.802+0300] {logging_mixin.py:188} INFO - [2026-06-21T21:48:42.801+0300] {dagbag.py:540} INFO - Filling up the DagBag from /media/data/omar/programming course/DEPI/DEPI project/anomx/venv/lib/python3.12/site-packages/airflow/example_dags/example_task_group.py
[2026-06-21T21:48:42.814+0300] {processor.py:840} INFO - DAG(s) 'example_task_group' retrieved from /media/data/omar/programming course/DEPI/DEPI project/anomx/venv/lib/python3.12/site-packages/airflow/example_dags/example_task_group.py
[2026-06-21T21:48:42.836+0300] {logging_mixin.py:188} INFO - [2026-06-21T21:48:42.835+0300] {dag.py:3096} INFO - Sync 1 DAGs
[2026-06-21T21:48:42.854+0300] {logging_mixin.py:188} INFO - [2026-06-21T21:48:42.854+0300] {dag.py:3954} INFO - Setting next_dagrun for example_task_group to 2026-06-20 00:00:00+00:00, run_after=2026-06-21 00:00:00+00:00
[2026-06-21T21:48:42.884+0300] {processor.py:183} INFO - Processing /media/data/omar/programming course/DEPI/DEPI project/anomx/venv/lib/python3.12/site-packages/airflow/example_dags/example_task_group.py took 0.108 seconds
[2026-06-21T21:49:44.728+0300] {processor.py:161} INFO - Started process (PID=16346) to work on /media/data/omar/programming course/DEPI/DEPI project/anomx/venv/lib/python3.12/site-packages/airflow/example_dags/example_task_group.py
[2026-06-21T21:49:44.729+0300] {processor.py:830} INFO - Processing file /media/data/omar/programming course/DEPI/DEPI project/anomx/venv/lib/python3.12/site-packages/airflow/example_dags/example_task_group.py for tasks to queue
[2026-06-21T21:49:44.731+0300] {logging_mixin.py:188} INFO - [2026-06-21T21:49:44.730+0300] {dagbag.py:540} INFO - Filling up the DagBag from /media/data/omar/programming course/DEPI/DEPI project/anomx/venv/lib/python3.12/site-packages/airflow/example_dags/example_task_group.py
[2026-06-21T21:49:44.738+0300] {processor.py:840} INFO - DAG(s) 'example_task_group' retrieved from /media/data/omar/programming course/DEPI/DEPI project/anomx/venv/lib/python3.12/site-packages/airflow/example_dags/example_task_group.py
[2026-06-21T21:49:44.753+0300] {logging_mixin.py:188} INFO - [2026-06-21T21:49:44.753+0300] {dag.py:3096} INFO - Sync 1 DAGs
[2026-06-21T21:49:44.769+0300] {logging_mixin.py:188} INFO - [2026-06-21T21:49:44.769+0300] {dag.py:3954} INFO - Setting next_dagrun for example_task_group to 2026-06-20 00:00:00+00:00, run_after=2026-06-21 00:00:00+00:00
[2026-06-21T21:49:44.797+0300] {processor.py:183} INFO - Processing /media/data/omar/programming course/DEPI/DEPI project/anomx/venv/lib/python3.12/site-packages/airflow/example_dags/example_task_group.py took 0.074 seconds
[2026-06-21T21:52:10.682+0300] {processor.py:161} INFO - Started process (PID=16628) to work on /media/data/omar/programming course/DEPI/DEPI project/anomx/venv/lib/python3.12/site-packages/airflow/example_dags/example_task_group.py
[2026-06-21T21:52:10.685+0300] {processor.py:830} INFO - Processing file /media/data/omar/programming course/DEPI/DEPI project/anomx/venv/lib/python3.12/site-packages/airflow/example_dags/example_task_group.py for tasks to queue
[2026-06-21T21:52:10.689+0300] {logging_mixin.py:188} INFO - [2026-06-21T21:52:10.687+0300] {dagbag.py:540} INFO - Filling up the DagBag from /media/data/omar/programming course/DEPI/DEPI project/anomx/venv/lib/python3.12/site-packages/airflow/example_dags/example_task_group.py
[2026-06-21T21:52:10.701+0300] {processor.py:840} INFO - DAG(s) 'example_task_group' retrieved from /media/data/omar/programming course/DEPI/DEPI project/anomx/venv/lib/python3.12/site-packages/airflow/example_dags/example_task_group.py
[2026-06-21T21:52:10.726+0300] {logging_mixin.py:188} INFO - [2026-06-21T21:52:10.725+0300] {dag.py:3096} INFO - Sync 1 DAGs
[2026-06-21T21:52:10.747+0300] {logging_mixin.py:188} INFO - [2026-06-21T21:52:10.747+0300] {dag.py:3954} INFO - Setting next_dagrun for example_task_group to 2026-06-20 00:00:00+00:00, run_after=2026-06-21 00:00:00+00:00
[2026-06-21T21:52:10.773+0300] {processor.py:183} INFO - Processing /media/data/omar/programming course/DEPI/DEPI project/anomx/venv/lib/python3.12/site-packages/airflow/example_dags/example_task_group.py took 0.106 seconds
[2026-06-21T21:53:01.583+0300] {processor.py:161} INFO - Started process (PID=16714) to work on /media/data/omar/programming course/DEPI/DEPI project/anomx/venv/lib/python3.12/site-packages/airflow/example_dags/example_task_group.py
[2026-06-21T21:53:01.586+0300] {processor.py:830} INFO - Processing file /media/data/omar/programming course/DEPI/DEPI project/anomx/venv/lib/python3.12/site-packages/airflow/example_dags/example_task_group.py for tasks to queue
[2026-06-21T21:53:01.589+0300] {logging_mixin.py:188} INFO - [2026-06-21T21:53:01.588+0300] {dagbag.py:540} INFO - Filling up the DagBag from /media/data/omar/programming course/DEPI/DEPI project/anomx/venv/lib/python3.12/site-packages/airflow/example_dags/example_task_group.py
[2026-06-21T21:53:01.602+0300] {processor.py:840} INFO - DAG(s) 'example_task_group' retrieved from /media/data/omar/programming course/DEPI/DEPI project/anomx/venv/lib/python3.12/site-packages/airflow/example_dags/example_task_group.py
[2026-06-21T21:53:01.620+0300] {logging_mixin.py:188} INFO - [2026-06-21T21:53:01.620+0300] {dag.py:3096} INFO - Sync 1 DAGs
[2026-06-21T21:53:01.636+0300] {logging_mixin.py:188} INFO - [2026-06-21T21:53:01.636+0300] {dag.py:3954} INFO - Setting next_dagrun for example_task_group to 2026-06-20 00:00:00+00:00, run_after=2026-06-21 00:00:00+00:00
[2026-06-21T21:53:01.662+0300] {processor.py:183} INFO - Processing /media/data/omar/programming course/DEPI/DEPI project/anomx/venv/lib/python3.12/site-packages/airflow/example_dags/example_task_group.py took 0.098 seconds
[2026-06-21T21:53:56.907+0300] {processor.py:161} INFO - Started process (PID=16794) to work on /media/data/omar/programming course/DEPI/DEPI project/anomx/venv/lib/python3.12/site-packages/airflow/example_dags/example_task_group.py
[2026-06-21T21:53:56.909+0300] {processor.py:830} INFO - Processing file /media/data/omar/programming course/DEPI/DEPI project/anomx/venv/lib/python3.12/site-packages/airflow/example_dags/example_task_group.py for tasks to queue
[2026-06-21T21:53:56.912+0300] {logging_mixin.py:188} INFO - [2026-06-21T21:53:56.911+0300] {dagbag.py:540} INFO - Filling up the DagBag from /media/data/omar/programming course/DEPI/DEPI project/anomx/venv/lib/python3.12/site-packages/airflow/example_dags/example_task_group.py
[2026-06-21T21:53:56.923+0300] {processor.py:840} INFO - DAG(s) 'example_task_group' retrieved from /media/data/omar/programming course/DEPI/DEPI project/anomx/venv/lib/python3.12/site-packages/airflow/example_dags/example_task_group.py
[2026-06-21T21:53:56.940+0300] {logging_mixin.py:188} INFO - [2026-06-21T21:53:56.940+0300] {dag.py:3096} INFO - Sync 1 DAGs
[2026-06-21T21:53:56.957+0300] {logging_mixin.py:188} INFO - [2026-06-21T21:53:56.957+0300] {dag.py:3954} INFO - Setting next_dagrun for example_task_group to 2026-06-20 00:00:00+00:00, run_after=2026-06-21 00:00:00+00:00
[2026-06-21T21:53:56.983+0300] {processor.py:183} INFO - Processing /media/data/omar/programming course/DEPI/DEPI project/anomx/venv/lib/python3.12/site-packages/airflow/example_dags/example_task_group.py took 0.095 seconds
[2026-06-21T21:54:54.762+0300] {processor.py:161} INFO - Started process (PID=16896) to work on /media/data/omar/programming course/DEPI/DEPI project/anomx/venv/lib/python3.12/site-packages/airflow/example_dags/example_task_group.py
[2026-06-21T21:54:54.765+0300] {processor.py:830} INFO - Processing file /media/data/omar/programming course/DEPI/DEPI project/anomx/venv/lib/python3.12/site-packages/airflow/example_dags/example_task_group.py for tasks to queue
[2026-06-21T21:54:54.768+0300] {logging_mixin.py:188} INFO - [2026-06-21T21:54:54.767+0300] {dagbag.py:540} INFO - Filling up the DagBag from /media/data/omar/programming course/DEPI/DEPI project/anomx/venv/lib/python3.12/site-packages/airflow/example_dags/example_task_group.py
[2026-06-21T21:54:54.780+0300] {processor.py:840} INFO - DAG(s) 'example_task_group' retrieved from /media/data/omar/programming course/DEPI/DEPI project/anomx/venv/lib/python3.12/site-packages/airflow/example_dags/example_task_group.py
[2026-06-21T21:54:54.797+0300] {logging_mixin.py:188} INFO - [2026-06-21T21:54:54.797+0300] {dag.py:3096} INFO - Sync 1 DAGs
[2026-06-21T21:54:54.814+0300] {logging_mixin.py:188} INFO - [2026-06-21T21:54:54.813+0300] {dag.py:3954} INFO - Setting next_dagrun for example_task_group to 2026-06-20 00:00:00+00:00, run_after=2026-06-21 00:00:00+00:00
[2026-06-21T21:54:54.842+0300] {processor.py:183} INFO - Processing /media/data/omar/programming course/DEPI/DEPI project/anomx/venv/lib/python3.12/site-packages/airflow/example_dags/example_task_group.py took 0.097 seconds
[2026-06-21T21:55:50.109+0300] {processor.py:161} INFO - Started process (PID=16991) to work on /media/data/omar/programming course/DEPI/DEPI project/anomx/venv/lib/python3.12/site-packages/airflow/example_dags/example_task_group.py
[2026-06-21T21:55:50.110+0300] {processor.py:830} INFO - Processing file /media/data/omar/programming course/DEPI/DEPI project/anomx/venv/lib/python3.12/site-packages/airflow/example_dags/example_task_group.py for tasks to queue
[2026-06-21T21:55:50.112+0300] {logging_mixin.py:188} INFO - [2026-06-21T21:55:50.112+0300] {dagbag.py:540} INFO - Filling up the DagBag from /media/data/omar/programming course/DEPI/DEPI project/anomx/venv/lib/python3.12/site-packages/airflow/example_dags/example_task_group.py
[2026-06-21T21:55:50.121+0300] {processor.py:840} INFO - DAG(s) 'example_task_group' retrieved from /media/data/omar/programming course/DEPI/DEPI project/anomx/venv/lib/python3.12/site-packages/airflow/example_dags/example_task_group.py
[2026-06-21T21:55:50.138+0300] {logging_mixin.py:188} INFO - [2026-06-21T21:55:50.137+0300] {dag.py:3096} INFO - Sync 1 DAGs
[2026-06-21T21:55:50.155+0300] {logging_mixin.py:188} INFO - [2026-06-21T21:55:50.154+0300] {dag.py:3954} INFO - Setting next_dagrun for example_task_group to 2026-06-20 00:00:00+00:00, run_after=2026-06-21 00:00:00+00:00
[2026-06-21T21:55:50.182+0300] {processor.py:183} INFO - Processing /media/data/omar/programming course/DEPI/DEPI project/anomx/venv/lib/python3.12/site-packages/airflow/example_dags/example_task_group.py took 0.082 seconds
[2026-06-21T21:56:42.113+0300] {processor.py:161} INFO - Started process (PID=17080) to work on /media/data/omar/programming course/DEPI/DEPI project/anomx/venv/lib/python3.12/site-packages/airflow/example_dags/example_task_group.py
[2026-06-21T21:56:42.115+0300] {processor.py:830} INFO - Processing file /media/data/omar/programming course/DEPI/DEPI project/anomx/venv/lib/python3.12/site-packages/airflow/example_dags/example_task_group.py for tasks to queue
[2026-06-21T21:56:42.119+0300] {logging_mixin.py:188} INFO - [2026-06-21T21:56:42.118+0300] {dagbag.py:540} INFO - Filling up the DagBag from /media/data/omar/programming course/DEPI/DEPI project/anomx/venv/lib/python3.12/site-packages/airflow/example_dags/example_task_group.py
[2026-06-21T21:56:42.131+0300] {processor.py:840} INFO - DAG(s) 'example_task_group' retrieved from /media/data/omar/programming course/DEPI/DEPI project/anomx/venv/lib/python3.12/site-packages/airflow/example_dags/example_task_group.py
[2026-06-21T21:56:42.151+0300] {logging_mixin.py:188} INFO - [2026-06-21T21:56:42.151+0300] {dag.py:3096} INFO - Sync 1 DAGs
[2026-06-21T21:56:42.168+0300] {logging_mixin.py:188} INFO - [2026-06-21T21:56:42.168+0300] {dag.py:3954} INFO - Setting next_dagrun for example_task_group to 2026-06-20 00:00:00+00:00, run_after=2026-06-21 00:00:00+00:00
[2026-06-21T21:56:42.194+0300] {processor.py:183} INFO - Processing /media/data/omar/programming course/DEPI/DEPI project/anomx/venv/lib/python3.12/site-packages/airflow/example_dags/example_task_group.py took 0.098 seconds
[2026-06-21T21:57:35.217+0300] {processor.py:161} INFO - Started process (PID=17168) to work on /media/data/omar/programming course/DEPI/DEPI project/anomx/venv/lib/python3.12/site-packages/airflow/example_dags/example_task_group.py
[2026-06-21T21:57:35.219+0300] {processor.py:830} INFO - Processing file /media/data/omar/programming course/DEPI/DEPI project/anomx/venv/lib/python3.12/site-packages/airflow/example_dags/example_task_group.py for tasks to queue
[2026-06-21T21:57:35.223+0300] {logging_mixin.py:188} INFO - [2026-06-21T21:57:35.222+0300] {dagbag.py:540} INFO - Filling up the DagBag from /media/data/omar/programming course/DEPI/DEPI project/anomx/venv/lib/python3.12/site-packages/airflow/example_dags/example_task_group.py
[2026-06-21T21:57:35.235+0300] {processor.py:840} INFO - DAG(s) 'example_task_group' retrieved from /media/data/omar/programming course/DEPI/DEPI project/anomx/venv/lib/python3.12/site-packages/airflow/example_dags/example_task_group.py
[2026-06-21T21:57:35.252+0300] {logging_mixin.py:188} INFO - [2026-06-21T21:57:35.252+0300] {dag.py:3096} INFO - Sync 1 DAGs
[2026-06-21T21:57:35.271+0300] {logging_mixin.py:188} INFO - [2026-06-21T21:57:35.270+0300] {dag.py:3954} INFO - Setting next_dagrun for example_task_group to 2026-06-20 00:00:00+00:00, run_after=2026-06-21 00:00:00+00:00
[2026-06-21T21:57:35.298+0300] {processor.py:183} INFO - Processing /media/data/omar/programming course/DEPI/DEPI project/anomx/venv/lib/python3.12/site-packages/airflow/example_dags/example_task_group.py took 0.094 seconds
[2026-06-21T21:58:29.854+0300] {processor.py:161} INFO - Started process (PID=17257) to work on /media/data/omar/programming course/DEPI/DEPI project/anomx/venv/lib/python3.12/site-packages/airflow/example_dags/example_task_group.py
[2026-06-21T21:58:29.855+0300] {processor.py:830} INFO - Processing file /media/data/omar/programming course/DEPI/DEPI project/anomx/venv/lib/python3.12/site-packages/airflow/example_dags/example_task_group.py for tasks to queue
[2026-06-21T21:58:29.857+0300] {logging_mixin.py:188} INFO - [2026-06-21T21:58:29.857+0300] {dagbag.py:540} INFO - Filling up the DagBag from /media/data/omar/programming course/DEPI/DEPI project/anomx/venv/lib/python3.12/site-packages/airflow/example_dags/example_task_group.py
[2026-06-21T21:58:29.867+0300] {processor.py:840} INFO - DAG(s) 'example_task_group' retrieved from /media/data/omar/programming course/DEPI/DEPI project/anomx/venv/lib/python3.12/site-packages/airflow/example_dags/example_task_group.py
[2026-06-21T21:58:29.885+0300] {logging_mixin.py:188} INFO - [2026-06-21T21:58:29.884+0300] {dag.py:3096} INFO - Sync 1 DAGs
[2026-06-21T21:58:29.901+0300] {logging_mixin.py:188} INFO - [2026-06-21T21:58:29.901+0300] {dag.py:3954} INFO - Setting next_dagrun for example_task_group to 2026-06-20 00:00:00+00:00, run_after=2026-06-21 00:00:00+00:00
[2026-06-21T21:58:29.929+0300] {processor.py:183} INFO - Processing /media/data/omar/programming course/DEPI/DEPI project/anomx/venv/lib/python3.12/site-packages/airflow/example_dags/example_task_group.py took 0.081 seconds
[2026-06-21T21:59:25.342+0300] {processor.py:161} INFO - Started process (PID=17347) to work on /media/data/omar/programming course/DEPI/DEPI project/anomx/venv/lib/python3.12/site-packages/airflow/example_dags/example_task_group.py
[2026-06-21T21:59:25.343+0300] {processor.py:830} INFO - Processing file /media/data/omar/programming course/DEPI/DEPI project/anomx/venv/lib/python3.12/site-packages/airflow/example_dags/example_task_group.py for tasks to queue
[2026-06-21T21:59:25.346+0300] {logging_mixin.py:188} INFO - [2026-06-21T21:59:25.345+0300] {dagbag.py:540} INFO - Filling up the DagBag from /media/data/omar/programming course/DEPI/DEPI project/anomx/venv/lib/python3.12/site-packages/airflow/example_dags/example_task_group.py
[2026-06-21T21:59:25.357+0300] {processor.py:840} INFO - DAG(s) 'example_task_group' retrieved from /media/data/omar/programming course/DEPI/DEPI project/anomx/venv/lib/python3.12/site-packages/airflow/example_dags/example_task_group.py
[2026-06-21T21:59:25.373+0300] {logging_mixin.py:188} INFO - [2026-06-21T21:59:25.372+0300] {dag.py:3096} INFO - Sync 1 DAGs
[2026-06-21T21:59:25.390+0300] {logging_mixin.py:188} INFO - [2026-06-21T21:59:25.389+0300] {dag.py:3954} INFO - Setting next_dagrun for example_task_group to 2026-06-20 00:00:00+00:00, run_after=2026-06-21 00:00:00+00:00
[2026-06-21T21:59:25.419+0300] {processor.py:183} INFO - Processing /media/data/omar/programming course/DEPI/DEPI project/anomx/venv/lib/python3.12/site-packages/airflow/example_dags/example_task_group.py took 0.091 seconds
[2026-06-21T22:00:22.260+0300] {processor.py:161} INFO - Started process (PID=17442) to work on /media/data/omar/programming course/DEPI/DEPI project/anomx/venv/lib/python3.12/site-packages/airflow/example_dags/example_task_group.py
[2026-06-21T22:00:22.262+0300] {processor.py:830} INFO - Processing file /media/data/omar/programming course/DEPI/DEPI project/anomx/venv/lib/python3.12/site-packages/airflow/example_dags/example_task_group.py for tasks to queue
[2026-06-21T22:00:22.264+0300] {logging_mixin.py:188} INFO - [2026-06-21T22:00:22.263+0300] {dagbag.py:540} INFO - Filling up the DagBag from /media/data/omar/programming course/DEPI/DEPI project/anomx/venv/lib/python3.12/site-packages/airflow/example_dags/example_task_group.py
[2026-06-21T22:00:22.273+0300] {processor.py:840} INFO - DAG(s) 'example_task_group' retrieved from /media/data/omar/programming course/DEPI/DEPI project/anomx/venv/lib/python3.12/site-packages/airflow/example_dags/example_task_group.py
[2026-06-21T22:00:22.288+0300] {logging_mixin.py:188} INFO - [2026-06-21T22:00:22.288+0300] {dag.py:3096} INFO - Sync 1 DAGs
[2026-06-21T22:00:22.305+0300] {logging_mixin.py:188} INFO - [2026-06-21T22:00:22.305+0300] {dag.py:3954} INFO - Setting next_dagrun for example_task_group to 2026-06-20 00:00:00+00:00, run_after=2026-06-21 00:00:00+00:00
[2026-06-21T22:00:22.332+0300] {processor.py:183} INFO - Processing /media/data/omar/programming course/DEPI/DEPI project/anomx/venv/lib/python3.12/site-packages/airflow/example_dags/example_task_group.py took 0.082 seconds
[2026-06-21T22:01:19.557+0300] {processor.py:161} INFO - Started process (PID=17535) to work on /media/data/omar/programming course/DEPI/DEPI project/anomx/venv/lib/python3.12/site-packages/airflow/example_dags/example_task_group.py
[2026-06-21T22:01:19.558+0300] {processor.py:830} INFO - Processing file /media/data/omar/programming course/DEPI/DEPI project/anomx/venv/lib/python3.12/site-packages/airflow/example_dags/example_task_group.py for tasks to queue
[2026-06-21T22:01:19.560+0300] {logging_mixin.py:188} INFO - [2026-06-21T22:01:19.560+0300] {dagbag.py:540} INFO - Filling up the DagBag from /media/data/omar/programming course/DEPI/DEPI project/anomx/venv/lib/python3.12/site-packages/airflow/example_dags/example_task_group.py
[2026-06-21T22:01:19.571+0300] {processor.py:840} INFO - DAG(s) 'example_task_group' retrieved from /media/data/omar/programming course/DEPI/DEPI project/anomx/venv/lib/python3.12/site-packages/airflow/example_dags/example_task_group.py
[2026-06-21T22:01:19.589+0300] {logging_mixin.py:188} INFO - [2026-06-21T22:01:19.588+0300] {dag.py:3096} INFO - Sync 1 DAGs
[2026-06-21T22:01:19.605+0300] {logging_mixin.py:188} INFO - [2026-06-21T22:01:19.605+0300] {dag.py:3954} INFO - Setting next_dagrun for example_task_group to 2026-06-20 00:00:00+00:00, run_after=2026-06-21 00:00:00+00:00
[2026-06-21T22:01:19.631+0300] {processor.py:183} INFO - Processing /media/data/omar/programming course/DEPI/DEPI project/anomx/venv/lib/python3.12/site-packages/airflow/example_dags/example_task_group.py took 0.083 seconds
[2026-06-21T22:02:16.744+0300] {processor.py:161} INFO - Started process (PID=17626) to work on /media/data/omar/programming course/DEPI/DEPI project/anomx/venv/lib/python3.12/site-packages/airflow/example_dags/example_task_group.py
[2026-06-21T22:02:16.745+0300] {processor.py:830} INFO - Processing file /media/data/omar/programming course/DEPI/DEPI project/anomx/venv/lib/python3.12/site-packages/airflow/example_dags/example_task_group.py for tasks to queue
[2026-06-21T22:02:16.747+0300] {logging_mixin.py:188} INFO - [2026-06-21T22:02:16.746+0300] {dagbag.py:540} INFO - Filling up the DagBag from /media/data/omar/programming course/DEPI/DEPI project/anomx/venv/lib/python3.12/site-packages/airflow/example_dags/example_task_group.py
[2026-06-21T22:02:16.756+0300] {processor.py:840} INFO - DAG(s) 'example_task_group' retrieved from /media/data/omar/programming course/DEPI/DEPI project/anomx/venv/lib/python3.12/site-packages/airflow/example_dags/example_task_group.py
[2026-06-21T22:02:16.771+0300] {logging_mixin.py:188} INFO - [2026-06-21T22:02:16.771+0300] {dag.py:3096} INFO - Sync 1 DAGs
[2026-06-21T22:02:16.788+0300] {logging_mixin.py:188} INFO - [2026-06-21T22:02:16.788+0300] {dag.py:3954} INFO - Setting next_dagrun for example_task_group to 2026-06-20 00:00:00+00:00, run_after=2026-06-21 00:00:00+00:00
[2026-06-21T22:02:16.817+0300] {processor.py:183} INFO - Processing /media/data/omar/programming course/DEPI/DEPI project/anomx/venv/lib/python3.12/site-packages/airflow/example_dags/example_task_group.py took 0.082 seconds
[2026-06-21T22:03:15.599+0300] {processor.py:161} INFO - Started process (PID=17765) to work on /media/data/omar/programming course/DEPI/DEPI project/anomx/venv/lib/python3.12/site-packages/airflow/example_dags/example_task_group.py
[2026-06-21T22:03:15.602+0300] {processor.py:830} INFO - Processing file /media/data/omar/programming course/DEPI/DEPI project/anomx/venv/lib/python3.12/site-packages/airflow/example_dags/example_task_group.py for tasks to queue
[2026-06-21T22:03:15.606+0300] {logging_mixin.py:188} INFO - [2026-06-21T22:03:15.605+0300] {dagbag.py:540} INFO - Filling up the DagBag from /media/data/omar/programming course/DEPI/DEPI project/anomx/venv/lib/python3.12/site-packages/airflow/example_dags/example_task_group.py
[2026-06-21T22:03:15.618+0300] {processor.py:840} INFO - DAG(s) 'example_task_group' retrieved from /media/data/omar/programming course/DEPI/DEPI project/anomx/venv/lib/python3.12/site-packages/airflow/example_dags/example_task_group.py
[2026-06-21T22:03:15.635+0300] {logging_mixin.py:188} INFO - [2026-06-21T22:03:15.635+0300] {dag.py:3096} INFO - Sync 1 DAGs
[2026-06-21T22:03:15.652+0300] {logging_mixin.py:188} INFO - [2026-06-21T22:03:15.652+0300] {dag.py:3954} INFO - Setting next_dagrun for example_task_group to 2026-06-20 00:00:00+00:00, run_after=2026-06-21 00:00:00+00:00
[2026-06-21T22:03:15.679+0300] {processor.py:183} INFO - Processing /media/data/omar/programming course/DEPI/DEPI project/anomx/venv/lib/python3.12/site-packages/airflow/example_dags/example_task_group.py took 0.097 seconds
[2026-06-21T22:04:11.593+0300] {processor.py:161} INFO - Started process (PID=17865) to work on /media/data/omar/programming course/DEPI/DEPI project/anomx/venv/lib/python3.12/site-packages/airflow/example_dags/example_task_group.py
[2026-06-21T22:04:11.594+0300] {processor.py:830} INFO - Processing file /media/data/omar/programming course/DEPI/DEPI project/anomx/venv/lib/python3.12/site-packages/airflow/example_dags/example_task_group.py for tasks to queue
[2026-06-21T22:04:11.596+0300] {logging_mixin.py:188} INFO - [2026-06-21T22:04:11.595+0300] {dagbag.py:540} INFO - Filling up the DagBag from /media/data/omar/programming course/DEPI/DEPI project/anomx/venv/lib/python3.12/site-packages/airflow/example_dags/example_task_group.py
[2026-06-21T22:04:11.606+0300] {processor.py:840} INFO - DAG(s) 'example_task_group' retrieved from /media/data/omar/programming course/DEPI/DEPI project/anomx/venv/lib/python3.12/site-packages/airflow/example_dags/example_task_group.py
[2026-06-21T22:04:11.625+0300] {logging_mixin.py:188} INFO - [2026-06-21T22:04:11.624+0300] {dag.py:3096} INFO - Sync 1 DAGs
[2026-06-21T22:04:11.641+0300] {logging_mixin.py:188} INFO - [2026-06-21T22:04:11.640+0300] {dag.py:3954} INFO - Setting next_dagrun for example_task_group to 2026-06-20 00:00:00+00:00, run_after=2026-06-21 00:00:00+00:00
[2026-06-21T22:04:11.668+0300] {processor.py:183} INFO - Processing /media/data/omar/programming course/DEPI/DEPI project/anomx/venv/lib/python3.12/site-packages/airflow/example_dags/example_task_group.py took 0.082 seconds
[2026-06-21T22:05:04.060+0300] {processor.py:161} INFO - Started process (PID=17955) to work on /media/data/omar/programming course/DEPI/DEPI project/anomx/venv/lib/python3.12/site-packages/airflow/example_dags/example_task_group.py
[2026-06-21T22:05:04.061+0300] {processor.py:830} INFO - Processing file /media/data/omar/programming course/DEPI/DEPI project/anomx/venv/lib/python3.12/site-packages/airflow/example_dags/example_task_group.py for tasks to queue
[2026-06-21T22:05:04.063+0300] {logging_mixin.py:188} INFO - [2026-06-21T22:05:04.062+0300] {dagbag.py:540} INFO - Filling up the DagBag from /media/data/omar/programming course/DEPI/DEPI project/anomx/venv/lib/python3.12/site-packages/airflow/example_dags/example_task_group.py
[2026-06-21T22:05:04.071+0300] {processor.py:840} INFO - DAG(s) 'example_task_group' retrieved from /media/data/omar/programming course/DEPI/DEPI project/anomx/venv/lib/python3.12/site-packages/airflow/example_dags/example_task_group.py
[2026-06-21T22:05:04.090+0300] {logging_mixin.py:188} INFO - [2026-06-21T22:05:04.089+0300] {dag.py:3096} INFO - Sync 1 DAGs
[2026-06-21T22:05:04.108+0300] {logging_mixin.py:188} INFO - [2026-06-21T22:05:04.108+0300] {dag.py:3954} INFO - Setting next_dagrun for example_task_group to 2026-06-20 00:00:00+00:00, run_after=2026-06-21 00:00:00+00:00
[2026-06-21T22:05:04.138+0300] {processor.py:183} INFO - Processing /media/data/omar/programming course/DEPI/DEPI project/anomx/venv/lib/python3.12/site-packages/airflow/example_dags/example_task_group.py took 0.083 seconds
[2026-06-21T22:06:01.528+0300] {processor.py:161} INFO - Started process (PID=18047) to work on /media/data/omar/programming course/DEPI/DEPI project/anomx/venv/lib/python3.12/site-packages/airflow/example_dags/example_task_group.py
[2026-06-21T22:06:01.529+0300] {processor.py:830} INFO - Processing file /media/data/omar/programming course/DEPI/DEPI project/anomx/venv/lib/python3.12/site-packages/airflow/example_dags/example_task_group.py for tasks to queue
[2026-06-21T22:06:01.531+0300] {logging_mixin.py:188} INFO - [2026-06-21T22:06:01.530+0300] {dagbag.py:540} INFO - Filling up the DagBag from /media/data/omar/programming course/DEPI/DEPI project/anomx/venv/lib/python3.12/site-packages/airflow/example_dags/example_task_group.py
[2026-06-21T22:06:01.539+0300] {processor.py:840} INFO - DAG(s) 'example_task_group' retrieved from /media/data/omar/programming course/DEPI/DEPI project/anomx/venv/lib/python3.12/site-packages/airflow/example_dags/example_task_group.py
[2026-06-21T22:06:01.554+0300] {logging_mixin.py:188} INFO - [2026-06-21T22:06:01.554+0300] {dag.py:3096} INFO - Sync 1 DAGs
[2026-06-21T22:06:01.570+0300] {logging_mixin.py:188} INFO - [2026-06-21T22:06:01.570+0300] {dag.py:3954} INFO - Setting next_dagrun for example_task_group to 2026-06-20 00:00:00+00:00, run_after=2026-06-21 00:00:00+00:00
[2026-06-21T22:06:01.598+0300] {processor.py:183} INFO - Processing /media/data/omar/programming course/DEPI/DEPI project/anomx/venv/lib/python3.12/site-packages/airflow/example_dags/example_task_group.py took 0.079 seconds
[2026-06-21T22:06:58.535+0300] {processor.py:161} INFO - Started process (PID=18138) to work on /media/data/omar/programming course/DEPI/DEPI project/anomx/venv/lib/python3.12/site-packages/airflow/example_dags/example_task_group.py
[2026-06-21T22:06:58.536+0300] {processor.py:830} INFO - Processing file /media/data/omar/programming course/DEPI/DEPI project/anomx/venv/lib/python3.12/site-packages/airflow/example_dags/example_task_group.py for tasks to queue
[2026-06-21T22:06:58.538+0300] {logging_mixin.py:188} INFO - [2026-06-21T22:06:58.538+0300] {dagbag.py:540} INFO - Filling up the DagBag from /media/data/omar/programming course/DEPI/DEPI project/anomx/venv/lib/python3.12/site-packages/airflow/example_dags/example_task_group.py
[2026-06-21T22:06:58.547+0300] {processor.py:840} INFO - DAG(s) 'example_task_group' retrieved from /media/data/omar/programming course/DEPI/DEPI project/anomx/venv/lib/python3.12/site-packages/airflow/example_dags/example_task_group.py
[2026-06-21T22:06:58.563+0300] {logging_mixin.py:188} INFO - [2026-06-21T22:06:58.562+0300] {dag.py:3096} INFO - Sync 1 DAGs
[2026-06-21T22:06:58.578+0300] {logging_mixin.py:188} INFO - [2026-06-21T22:06:58.578+0300] {dag.py:3954} INFO - Setting next_dagrun for example_task_group to 2026-06-20 00:00:00+00:00, run_after=2026-06-21 00:00:00+00:00
[2026-06-21T22:06:58.604+0300] {processor.py:183} INFO - Processing /media/data/omar/programming course/DEPI/DEPI project/anomx/venv/lib/python3.12/site-packages/airflow/example_dags/example_task_group.py took 0.079 seconds
[2026-06-21T22:07:56.039+0300] {processor.py:161} INFO - Started process (PID=18219) to work on /media/data/omar/programming course/DEPI/DEPI project/anomx/venv/lib/python3.12/site-packages/airflow/example_dags/example_task_group.py
[2026-06-21T22:07:56.042+0300] {processor.py:830} INFO - Processing file /media/data/omar/programming course/DEPI/DEPI project/anomx/venv/lib/python3.12/site-packages/airflow/example_dags/example_task_group.py for tasks to queue
[2026-06-21T22:07:56.048+0300] {logging_mixin.py:188} INFO - [2026-06-21T22:07:56.046+0300] {dagbag.py:540} INFO - Filling up the DagBag from /media/data/omar/programming course/DEPI/DEPI project/anomx/venv/lib/python3.12/site-packages/airflow/example_dags/example_task_group.py
[2026-06-21T22:07:56.069+0300] {processor.py:840} INFO - DAG(s) 'example_task_group' retrieved from /media/data/omar/programming course/DEPI/DEPI project/anomx/venv/lib/python3.12/site-packages/airflow/example_dags/example_task_group.py
[2026-06-21T22:07:56.090+0300] {logging_mixin.py:188} INFO - [2026-06-21T22:07:56.090+0300] {dag.py:3096} INFO - Sync 1 DAGs
[2026-06-21T22:07:56.109+0300] {logging_mixin.py:188} INFO - [2026-06-21T22:07:56.109+0300] {dag.py:3954} INFO - Setting next_dagrun for example_task_group to 2026-06-20 00:00:00+00:00, run_after=2026-06-21 00:00:00+00:00
[2026-06-21T22:07:56.136+0300] {processor.py:183} INFO - Processing /media/data/omar/programming course/DEPI/DEPI project/anomx/venv/lib/python3.12/site-packages/airflow/example_dags/example_task_group.py took 0.117 seconds
[2026-06-21T22:08:53.941+0300] {processor.py:161} INFO - Started process (PID=18310) to work on /media/data/omar/programming course/DEPI/DEPI project/anomx/venv/lib/python3.12/site-packages/airflow/example_dags/example_task_group.py
[2026-06-21T22:08:53.943+0300] {processor.py:830} INFO - Processing file /media/data/omar/programming course/DEPI/DEPI project/anomx/venv/lib/python3.12/site-packages/airflow/example_dags/example_task_group.py for tasks to queue
[2026-06-21T22:08:53.947+0300] {logging_mixin.py:188} INFO - [2026-06-21T22:08:53.946+0300] {dagbag.py:540} INFO - Filling up the DagBag from /media/data/omar/programming course/DEPI/DEPI project/anomx/venv/lib/python3.12/site-packages/airflow/example_dags/example_task_group.py
[2026-06-21T22:08:53.960+0300] {processor.py:840} INFO - DAG(s) 'example_task_group' retrieved from /media/data/omar/programming course/DEPI/DEPI project/anomx/venv/lib/python3.12/site-packages/airflow/example_dags/example_task_group.py
[2026-06-21T22:08:53.976+0300] {logging_mixin.py:188} INFO - [2026-06-21T22:08:53.976+0300] {dag.py:3096} INFO - Sync 1 DAGs
[2026-06-21T22:08:54.074+0300] {logging_mixin.py:188} INFO - [2026-06-21T22:08:54.073+0300] {dag.py:3954} INFO - Setting next_dagrun for example_task_group to 2026-06-20 00:00:00+00:00, run_after=2026-06-21 00:00:00+00:00
[2026-06-21T22:08:54.103+0300] {processor.py:183} INFO - Processing /media/data/omar/programming course/DEPI/DEPI project/anomx/venv/lib/python3.12/site-packages/airflow/example_dags/example_task_group.py took 0.179 seconds
[2026-06-21T22:09:52.637+0300] {processor.py:161} INFO - Started process (PID=18553) to work on /media/data/omar/programming course/DEPI/DEPI project/anomx/venv/lib/python3.12/site-packages/airflow/example_dags/example_task_group.py
[2026-06-21T22:09:52.639+0300] {processor.py:830} INFO - Processing file /media/data/omar/programming course/DEPI/DEPI project/anomx/venv/lib/python3.12/site-packages/airflow/example_dags/example_task_group.py for tasks to queue
[2026-06-21T22:09:52.642+0300] {logging_mixin.py:188} INFO - [2026-06-21T22:09:52.641+0300] {dagbag.py:540} INFO - Filling up the DagBag from /media/data/omar/programming course/DEPI/DEPI project/anomx/venv/lib/python3.12/site-packages/airflow/example_dags/example_task_group.py
[2026-06-21T22:09:52.651+0300] {processor.py:840} INFO - DAG(s) 'example_task_group' retrieved from /media/data/omar/programming course/DEPI/DEPI project/anomx/venv/lib/python3.12/site-packages/airflow/example_dags/example_task_group.py
[2026-06-21T22:09:52.678+0300] {logging_mixin.py:188} INFO - [2026-06-21T22:09:52.678+0300] {dag.py:3096} INFO - Sync 1 DAGs
[2026-06-21T22:09:52.701+0300] {logging_mixin.py:188} INFO - [2026-06-21T22:09:52.700+0300] {dag.py:3954} INFO - Setting next_dagrun for example_task_group to 2026-06-20 00:00:00+00:00, run_after=2026-06-21 00:00:00+00:00
[2026-06-21T22:09:53.114+0300] {processor.py:183} INFO - Processing /media/data/omar/programming course/DEPI/DEPI project/anomx/venv/lib/python3.12/site-packages/airflow/example_dags/example_task_group.py took 0.493 seconds
[2026-06-21T22:11:00.417+0300] {processor.py:161} INFO - Started process (PID=18743) to work on /media/data/omar/programming course/DEPI/DEPI project/anomx/venv/lib/python3.12/site-packages/airflow/example_dags/example_task_group.py
[2026-06-21T22:11:00.418+0300] {processor.py:830} INFO - Processing file /media/data/omar/programming course/DEPI/DEPI project/anomx/venv/lib/python3.12/site-packages/airflow/example_dags/example_task_group.py for tasks to queue
[2026-06-21T22:11:00.420+0300] {logging_mixin.py:188} INFO - [2026-06-21T22:11:00.420+0300] {dagbag.py:540} INFO - Filling up the DagBag from /media/data/omar/programming course/DEPI/DEPI project/anomx/venv/lib/python3.12/site-packages/airflow/example_dags/example_task_group.py
[2026-06-21T22:11:00.429+0300] {processor.py:840} INFO - DAG(s) 'example_task_group' retrieved from /media/data/omar/programming course/DEPI/DEPI project/anomx/venv/lib/python3.12/site-packages/airflow/example_dags/example_task_group.py
[2026-06-21T22:11:00.447+0300] {logging_mixin.py:188} INFO - [2026-06-21T22:11:00.447+0300] {dag.py:3096} INFO - Sync 1 DAGs
[2026-06-21T22:11:00.466+0300] {logging_mixin.py:188} INFO - [2026-06-21T22:11:00.466+0300] {dag.py:3954} INFO - Setting next_dagrun for example_task_group to 2026-06-20 00:00:00+00:00, run_after=2026-06-21 00:00:00+00:00
[2026-06-21T22:11:00.497+0300] {processor.py:183} INFO - Processing /media/data/omar/programming course/DEPI/DEPI project/anomx/venv/lib/python3.12/site-packages/airflow/example_dags/example_task_group.py took 0.087 seconds
[2026-06-21T22:11:57.874+0300] {processor.py:161} INFO - Started process (PID=18879) to work on /media/data/omar/programming course/DEPI/DEPI project/anomx/venv/lib/python3.12/site-packages/airflow/example_dags/example_task_group.py
[2026-06-21T22:11:57.876+0300] {processor.py:830} INFO - Processing file /media/data/omar/programming course/DEPI/DEPI project/anomx/venv/lib/python3.12/site-packages/airflow/example_dags/example_task_group.py for tasks to queue
[2026-06-21T22:11:57.879+0300] {logging_mixin.py:188} INFO - [2026-06-21T22:11:57.878+0300] {dagbag.py:540} INFO - Filling up the DagBag from /media/data/omar/programming course/DEPI/DEPI project/anomx/venv/lib/python3.12/site-packages/airflow/example_dags/example_task_group.py
[2026-06-21T22:11:57.891+0300] {processor.py:840} INFO - DAG(s) 'example_task_group' retrieved from /media/data/omar/programming course/DEPI/DEPI project/anomx/venv/lib/python3.12/site-packages/airflow/example_dags/example_task_group.py
[2026-06-21T22:11:57.916+0300] {logging_mixin.py:188} INFO - [2026-06-21T22:11:57.915+0300] {dag.py:3096} INFO - Sync 1 DAGs
[2026-06-21T22:11:57.935+0300] {logging_mixin.py:188} INFO - [2026-06-21T22:11:57.934+0300] {dag.py:3954} INFO - Setting next_dagrun for example_task_group to 2026-06-20 00:00:00+00:00, run_after=2026-06-21 00:00:00+00:00
[2026-06-21T22:11:57.962+0300] {processor.py:183} INFO - Processing /media/data/omar/programming course/DEPI/DEPI project/anomx/venv/lib/python3.12/site-packages/airflow/example_dags/example_task_group.py took 0.108 seconds
[2026-06-21T22:12:50.869+0300] {processor.py:161} INFO - Started process (PID=18971) to work on /media/data/omar/programming course/DEPI/DEPI project/anomx/venv/lib/python3.12/site-packages/airflow/example_dags/example_task_group.py
[2026-06-21T22:12:50.870+0300] {processor.py:830} INFO - Processing file /media/data/omar/programming course/DEPI/DEPI project/anomx/venv/lib/python3.12/site-packages/airflow/example_dags/example_task_group.py for tasks to queue
[2026-06-21T22:12:50.873+0300] {logging_mixin.py:188} INFO - [2026-06-21T22:12:50.873+0300] {dagbag.py:540} INFO - Filling up the DagBag from /media/data/omar/programming course/DEPI/DEPI project/anomx/venv/lib/python3.12/site-packages/airflow/example_dags/example_task_group.py
[2026-06-21T22:12:50.881+0300] {processor.py:840} INFO - DAG(s) 'example_task_group' retrieved from /media/data/omar/programming course/DEPI/DEPI project/anomx/venv/lib/python3.12/site-packages/airflow/example_dags/example_task_group.py
[2026-06-21T22:12:50.901+0300] {logging_mixin.py:188} INFO - [2026-06-21T22:12:50.901+0300] {dag.py:3096} INFO - Sync 1 DAGs
[2026-06-21T22:12:50.921+0300] {logging_mixin.py:188} INFO - [2026-06-21T22:12:50.921+0300] {dag.py:3954} INFO - Setting next_dagrun for example_task_group to 2026-06-20 00:00:00+00:00, run_after=2026-06-21 00:00:00+00:00
[2026-06-21T22:12:50.953+0300] {processor.py:183} INFO - Processing /media/data/omar/programming course/DEPI/DEPI project/anomx/venv/lib/python3.12/site-packages/airflow/example_dags/example_task_group.py took 0.089 seconds
[2026-06-21T22:13:41.080+0300] {processor.py:161} INFO - Started process (PID=19104) to work on /media/data/omar/programming course/DEPI/DEPI project/anomx/venv/lib/python3.12/site-packages/airflow/example_dags/example_task_group.py
[2026-06-21T22:13:41.084+0300] {processor.py:830} INFO - Processing file /media/data/omar/programming course/DEPI/DEPI project/anomx/venv/lib/python3.12/site-packages/airflow/example_dags/example_task_group.py for tasks to queue
[2026-06-21T22:13:41.097+0300] {logging_mixin.py:188} INFO - [2026-06-21T22:13:41.093+0300] {dagbag.py:540} INFO - Filling up the DagBag from /media/data/omar/programming course/DEPI/DEPI project/anomx/venv/lib/python3.12/site-packages/airflow/example_dags/example_task_group.py
[2026-06-21T22:13:41.143+0300] {processor.py:840} INFO - DAG(s) 'example_task_group' retrieved from /media/data/omar/programming course/DEPI/DEPI project/anomx/venv/lib/python3.12/site-packages/airflow/example_dags/example_task_group.py
[2026-06-21T22:13:41.202+0300] {logging_mixin.py:188} INFO - [2026-06-21T22:13:41.201+0300] {dag.py:3096} INFO - Sync 1 DAGs
[2026-06-21T22:13:41.267+0300] {logging_mixin.py:188} INFO - [2026-06-21T22:13:41.265+0300] {dag.py:3954} INFO - Setting next_dagrun for example_task_group to 2026-06-20 00:00:00+00:00, run_after=2026-06-21 00:00:00+00:00
[2026-06-21T22:13:41.355+0300] {processor.py:183} INFO - Processing /media/data/omar/programming course/DEPI/DEPI project/anomx/venv/lib/python3.12/site-packages/airflow/example_dags/example_task_group.py took 0.290 seconds
[2026-06-21T22:14:39.751+0300] {processor.py:161} INFO - Started process (PID=19213) to work on /media/data/omar/programming course/DEPI/DEPI project/anomx/venv/lib/python3.12/site-packages/airflow/example_dags/example_task_group.py
[2026-06-21T22:14:39.752+0300] {processor.py:830} INFO - Processing file /media/data/omar/programming course/DEPI/DEPI project/anomx/venv/lib/python3.12/site-packages/airflow/example_dags/example_task_group.py for tasks to queue
[2026-06-21T22:14:39.754+0300] {logging_mixin.py:188} INFO - [2026-06-21T22:14:39.754+0300] {dagbag.py:540} INFO - Filling up the DagBag from /media/data/omar/programming course/DEPI/DEPI project/anomx/venv/lib/python3.12/site-packages/airflow/example_dags/example_task_group.py
[2026-06-21T22:14:39.762+0300] {processor.py:840} INFO - DAG(s) 'example_task_group' retrieved from /media/data/omar/programming course/DEPI/DEPI project/anomx/venv/lib/python3.12/site-packages/airflow/example_dags/example_task_group.py
[2026-06-21T22:14:39.784+0300] {logging_mixin.py:188} INFO - [2026-06-21T22:14:39.783+0300] {dag.py:3096} INFO - Sync 1 DAGs
[2026-06-21T22:14:39.817+0300] {logging_mixin.py:188} INFO - [2026-06-21T22:14:39.817+0300] {dag.py:3954} INFO - Setting next_dagrun for example_task_group to 2026-06-20 00:00:00+00:00, run_after=2026-06-21 00:00:00+00:00
[2026-06-21T22:14:39.868+0300] {processor.py:183} INFO - Processing /media/data/omar/programming course/DEPI/DEPI project/anomx/venv/lib/python3.12/site-packages/airflow/example_dags/example_task_group.py took 0.123 seconds
[2026-06-21T22:15:36.076+0300] {processor.py:161} INFO - Started process (PID=19316) to work on /media/data/omar/programming course/DEPI/DEPI project/anomx/venv/lib/python3.12/site-packages/airflow/example_dags/example_task_group.py
[2026-06-21T22:15:36.077+0300] {processor.py:830} INFO - Processing file /media/data/omar/programming course/DEPI/DEPI project/anomx/venv/lib/python3.12/site-packages/airflow/example_dags/example_task_group.py for tasks to queue
[2026-06-21T22:15:36.080+0300] {logging_mixin.py:188} INFO - [2026-06-21T22:15:36.079+0300] {dagbag.py:540} INFO - Filling up the DagBag from /media/data/omar/programming course/DEPI/DEPI project/anomx/venv/lib/python3.12/site-packages/airflow/example_dags/example_task_group.py
[2026-06-21T22:15:36.089+0300] {processor.py:840} INFO - DAG(s) 'example_task_group' retrieved from /media/data/omar/programming course/DEPI/DEPI project/anomx/venv/lib/python3.12/site-packages/airflow/example_dags/example_task_group.py
[2026-06-21T22:15:36.114+0300] {logging_mixin.py:188} INFO - [2026-06-21T22:15:36.113+0300] {dag.py:3096} INFO - Sync 1 DAGs
[2026-06-21T22:15:36.140+0300] {logging_mixin.py:188} INFO - [2026-06-21T22:15:36.140+0300] {dag.py:3954} INFO - Setting next_dagrun for example_task_group to 2026-06-20 00:00:00+00:00, run_after=2026-06-21 00:00:00+00:00
[2026-06-21T22:15:36.175+0300] {processor.py:183} INFO - Processing /media/data/omar/programming course/DEPI/DEPI project/anomx/venv/lib/python3.12/site-packages/airflow/example_dags/example_task_group.py took 0.104 seconds
[2026-06-21T22:16:28.745+0300] {processor.py:161} INFO - Started process (PID=19695) to work on /media/data/omar/programming course/DEPI/DEPI project/anomx/venv/lib/python3.12/site-packages/airflow/example_dags/example_task_group.py
[2026-06-21T22:16:28.747+0300] {processor.py:830} INFO - Processing file /media/data/omar/programming course/DEPI/DEPI project/anomx/venv/lib/python3.12/site-packages/airflow/example_dags/example_task_group.py for tasks to queue
[2026-06-21T22:16:28.750+0300] {logging_mixin.py:188} INFO - [2026-06-21T22:16:28.749+0300] {dagbag.py:540} INFO - Filling up the DagBag from /media/data/omar/programming course/DEPI/DEPI project/anomx/venv/lib/python3.12/site-packages/airflow/example_dags/example_task_group.py
[2026-06-21T22:16:28.759+0300] {processor.py:840} INFO - DAG(s) 'example_task_group' retrieved from /media/data/omar/programming course/DEPI/DEPI project/anomx/venv/lib/python3.12/site-packages/airflow/example_dags/example_task_group.py
[2026-06-21T22:16:28.777+0300] {logging_mixin.py:188} INFO - [2026-06-21T22:16:28.776+0300] {dag.py:3096} INFO - Sync 1 DAGs
[2026-06-21T22:16:28.797+0300] {logging_mixin.py:188} INFO - [2026-06-21T22:16:28.796+0300] {dag.py:3954} INFO - Setting next_dagrun for example_task_group to 2026-06-20 00:00:00+00:00, run_after=2026-06-21 00:00:00+00:00
[2026-06-21T22:16:28.831+0300] {processor.py:183} INFO - Processing /media/data/omar/programming course/DEPI/DEPI project/anomx/venv/lib/python3.12/site-packages/airflow/example_dags/example_task_group.py took 0.100 seconds
[2026-06-21T22:17:25.782+0300] {processor.py:161} INFO - Started process (PID=19814) to work on /media/data/omar/programming course/DEPI/DEPI project/anomx/venv/lib/python3.12/site-packages/airflow/example_dags/example_task_group.py
[2026-06-21T22:17:25.783+0300] {processor.py:830} INFO - Processing file /media/data/omar/programming course/DEPI/DEPI project/anomx/venv/lib/python3.12/site-packages/airflow/example_dags/example_task_group.py for tasks to queue
[2026-06-21T22:17:25.785+0300] {logging_mixin.py:188} INFO - [2026-06-21T22:17:25.784+0300] {dagbag.py:540} INFO - Filling up the DagBag from /media/data/omar/programming course/DEPI/DEPI project/anomx/venv/lib/python3.12/site-packages/airflow/example_dags/example_task_group.py
[2026-06-21T22:17:25.802+0300] {processor.py:840} INFO - DAG(s) 'example_task_group' retrieved from /media/data/omar/programming course/DEPI/DEPI project/anomx/venv/lib/python3.12/site-packages/airflow/example_dags/example_task_group.py
[2026-06-21T22:17:25.827+0300] {logging_mixin.py:188} INFO - [2026-06-21T22:17:25.826+0300] {dag.py:3096} INFO - Sync 1 DAGs
[2026-06-21T22:17:25.850+0300] {logging_mixin.py:188} INFO - [2026-06-21T22:17:25.849+0300] {dag.py:3954} INFO - Setting next_dagrun for example_task_group to 2026-06-20 00:00:00+00:00, run_after=2026-06-21 00:00:00+00:00
[2026-06-21T22:17:25.885+0300] {processor.py:183} INFO - Processing /media/data/omar/programming course/DEPI/DEPI project/anomx/venv/lib/python3.12/site-packages/airflow/example_dags/example_task_group.py took 0.116 seconds
[2026-06-21T22:18:25.865+0300] {processor.py:161} INFO - Started process (PID=19959) to work on /media/data/omar/programming course/DEPI/DEPI project/anomx/venv/lib/python3.12/site-packages/airflow/example_dags/example_task_group.py
[2026-06-21T22:18:25.868+0300] {processor.py:830} INFO - Processing file /media/data/omar/programming course/DEPI/DEPI project/anomx/venv/lib/python3.12/site-packages/airflow/example_dags/example_task_group.py for tasks to queue
[2026-06-21T22:18:25.871+0300] {logging_mixin.py:188} INFO - [2026-06-21T22:18:25.870+0300] {dagbag.py:540} INFO - Filling up the DagBag from /media/data/omar/programming course/DEPI/DEPI project/anomx/venv/lib/python3.12/site-packages/airflow/example_dags/example_task_group.py
[2026-06-21T22:18:25.883+0300] {processor.py:840} INFO - DAG(s) 'example_task_group' retrieved from /media/data/omar/programming course/DEPI/DEPI project/anomx/venv/lib/python3.12/site-packages/airflow/example_dags/example_task_group.py
[2026-06-21T22:18:25.904+0300] {logging_mixin.py:188} INFO - [2026-06-21T22:18:25.904+0300] {dag.py:3096} INFO - Sync 1 DAGs
[2026-06-21T22:18:25.920+0300] {logging_mixin.py:188} INFO - [2026-06-21T22:18:25.920+0300] {dag.py:3954} INFO - Setting next_dagrun for example_task_group to 2026-06-20 00:00:00+00:00, run_after=2026-06-21 00:00:00+00:00
[2026-06-21T22:18:25.947+0300] {processor.py:183} INFO - Processing /media/data/omar/programming course/DEPI/DEPI project/anomx/venv/lib/python3.12/site-packages/airflow/example_dags/example_task_group.py took 0.100 seconds
[2026-06-21T22:19:23.483+0300] {processor.py:161} INFO - Started process (PID=20067) to work on /media/data/omar/programming course/DEPI/DEPI project/anomx/venv/lib/python3.12/site-packages/airflow/example_dags/example_task_group.py
[2026-06-21T22:19:23.488+0300] {processor.py:830} INFO - Processing file /media/data/omar/programming course/DEPI/DEPI project/anomx/venv/lib/python3.12/site-packages/airflow/example_dags/example_task_group.py for tasks to queue
[2026-06-21T22:19:23.499+0300] {logging_mixin.py:188} INFO - [2026-06-21T22:19:23.497+0300] {dagbag.py:540} INFO - Filling up the DagBag from /media/data/omar/programming course/DEPI/DEPI project/anomx/venv/lib/python3.12/site-packages/airflow/example_dags/example_task_group.py
[2026-06-21T22:19:23.532+0300] {processor.py:840} INFO - DAG(s) 'example_task_group' retrieved from /media/data/omar/programming course/DEPI/DEPI project/anomx/venv/lib/python3.12/site-packages/airflow/example_dags/example_task_group.py
[2026-06-21T22:19:23.564+0300] {logging_mixin.py:188} INFO - [2026-06-21T22:19:23.564+0300] {dag.py:3096} INFO - Sync 1 DAGs
[2026-06-21T22:19:23.598+0300] {logging_mixin.py:188} INFO - [2026-06-21T22:19:23.596+0300] {dag.py:3954} INFO - Setting next_dagrun for example_task_group to 2026-06-20 00:00:00+00:00, run_after=2026-06-21 00:00:00+00:00
[2026-06-21T22:19:23.644+0300] {processor.py:183} INFO - Processing /media/data/omar/programming course/DEPI/DEPI project/anomx/venv/lib/python3.12/site-packages/airflow/example_dags/example_task_group.py took 0.200 seconds
[2026-06-21T22:20:22.696+0300] {processor.py:161} INFO - Started process (PID=20169) to work on /media/data/omar/programming course/DEPI/DEPI project/anomx/venv/lib/python3.12/site-packages/airflow/example_dags/example_task_group.py
[2026-06-21T22:20:22.698+0300] {processor.py:830} INFO - Processing file /media/data/omar/programming course/DEPI/DEPI project/anomx/venv/lib/python3.12/site-packages/airflow/example_dags/example_task_group.py for tasks to queue
[2026-06-21T22:20:22.700+0300] {logging_mixin.py:188} INFO - [2026-06-21T22:20:22.699+0300] {dagbag.py:540} INFO - Filling up the DagBag from /media/data/omar/programming course/DEPI/DEPI project/anomx/venv/lib/python3.12/site-packages/airflow/example_dags/example_task_group.py
[2026-06-21T22:20:22.710+0300] {processor.py:840} INFO - DAG(s) 'example_task_group' retrieved from /media/data/omar/programming course/DEPI/DEPI project/anomx/venv/lib/python3.12/site-packages/airflow/example_dags/example_task_group.py
[2026-06-21T22:20:22.726+0300] {logging_mixin.py:188} INFO - [2026-06-21T22:20:22.726+0300] {dag.py:3096} INFO - Sync 1 DAGs
[2026-06-21T22:20:22.742+0300] {logging_mixin.py:188} INFO - [2026-06-21T22:20:22.741+0300] {dag.py:3954} INFO - Setting next_dagrun for example_task_group to 2026-06-20 00:00:00+00:00, run_after=2026-06-21 00:00:00+00:00
[2026-06-21T22:20:22.768+0300] {processor.py:183} INFO - Processing /media/data/omar/programming course/DEPI/DEPI project/anomx/venv/lib/python3.12/site-packages/airflow/example_dags/example_task_group.py took 0.087 seconds
[2026-06-21T22:20:59.682+0300] {processor.py:161} INFO - Started process (PID=20230) to work on /media/data/omar/programming course/DEPI/DEPI project/anomx/venv/lib/python3.12/site-packages/airflow/example_dags/example_task_group.py
[2026-06-21T22:20:59.683+0300] {processor.py:830} INFO - Processing file /media/data/omar/programming course/DEPI/DEPI project/anomx/venv/lib/python3.12/site-packages/airflow/example_dags/example_task_group.py for tasks to queue
[2026-06-21T22:20:59.685+0300] {logging_mixin.py:188} INFO - [2026-06-21T22:20:59.685+0300] {dagbag.py:540} INFO - Filling up the DagBag from /media/data/omar/programming course/DEPI/DEPI project/anomx/venv/lib/python3.12/site-packages/airflow/example_dags/example_task_group.py
[2026-06-21T22:20:59.697+0300] {processor.py:840} INFO - DAG(s) 'example_task_group' retrieved from /media/data/omar/programming course/DEPI/DEPI project/anomx/venv/lib/python3.12/site-packages/airflow/example_dags/example_task_group.py
[2026-06-21T22:20:59.714+0300] {logging_mixin.py:188} INFO - [2026-06-21T22:20:59.714+0300] {dag.py:3096} INFO - Sync 1 DAGs
[2026-06-21T22:20:59.747+0300] {logging_mixin.py:188} INFO - [2026-06-21T22:20:59.747+0300] {dag.py:3954} INFO - Setting next_dagrun for example_task_group to 2026-06-20 00:00:00+00:00, run_after=2026-06-21 00:00:00+00:00
[2026-06-21T22:20:59.818+0300] {processor.py:183} INFO - Processing /media/data/omar/programming course/DEPI/DEPI project/anomx/venv/lib/python3.12/site-packages/airflow/example_dags/example_task_group.py took 0.142 seconds
[2026-06-21T22:22:00.454+0300] {processor.py:161} INFO - Started process (PID=20326) to work on /media/data/omar/programming course/DEPI/DEPI project/anomx/venv/lib/python3.12/site-packages/airflow/example_dags/example_task_group.py
[2026-06-21T22:22:00.455+0300] {processor.py:830} INFO - Processing file /media/data/omar/programming course/DEPI/DEPI project/anomx/venv/lib/python3.12/site-packages/airflow/example_dags/example_task_group.py for tasks to queue
[2026-06-21T22:22:00.456+0300] {logging_mixin.py:188} INFO - [2026-06-21T22:22:00.456+0300] {dagbag.py:540} INFO - Filling up the DagBag from /media/data/omar/programming course/DEPI/DEPI project/anomx/venv/lib/python3.12/site-packages/airflow/example_dags/example_task_group.py
[2026-06-21T22:22:00.463+0300] {processor.py:840} INFO - DAG(s) 'example_task_group' retrieved from /media/data/omar/programming course/DEPI/DEPI project/anomx/venv/lib/python3.12/site-packages/airflow/example_dags/example_task_group.py
[2026-06-21T22:22:00.477+0300] {logging_mixin.py:188} INFO - [2026-06-21T22:22:00.476+0300] {dag.py:3096} INFO - Sync 1 DAGs
[2026-06-21T22:22:00.491+0300] {logging_mixin.py:188} INFO - [2026-06-21T22:22:00.491+0300] {dag.py:3954} INFO - Setting next_dagrun for example_task_group to 2026-06-20 00:00:00+00:00, run_after=2026-06-21 00:00:00+00:00
[2026-06-21T22:22:00.518+0300] {processor.py:183} INFO - Processing /media/data/omar/programming course/DEPI/DEPI project/anomx/venv/lib/python3.12/site-packages/airflow/example_dags/example_task_group.py took 0.068 seconds
[2026-06-21T22:23:11.283+0300] {processor.py:161} INFO - Started process (PID=20470) to work on /media/data/omar/programming course/DEPI/DEPI project/anomx/venv/lib/python3.12/site-packages/airflow/example_dags/example_task_group.py
[2026-06-21T22:23:11.283+0300] {processor.py:830} INFO - Processing file /media/data/omar/programming course/DEPI/DEPI project/anomx/venv/lib/python3.12/site-packages/airflow/example_dags/example_task_group.py for tasks to queue
[2026-06-21T22:23:11.285+0300] {logging_mixin.py:188} INFO - [2026-06-21T22:23:11.285+0300] {dagbag.py:540} INFO - Filling up the DagBag from /media/data/omar/programming course/DEPI/DEPI project/anomx/venv/lib/python3.12/site-packages/airflow/example_dags/example_task_group.py
[2026-06-21T22:23:11.297+0300] {processor.py:840} INFO - DAG(s) 'example_task_group' retrieved from /media/data/omar/programming course/DEPI/DEPI project/anomx/venv/lib/python3.12/site-packages/airflow/example_dags/example_task_group.py
[2026-06-21T22:23:11.313+0300] {logging_mixin.py:188} INFO - [2026-06-21T22:23:11.313+0300] {dag.py:3096} INFO - Sync 1 DAGs
[2026-06-21T22:23:11.328+0300] {logging_mixin.py:188} INFO - [2026-06-21T22:23:11.328+0300] {dag.py:3954} INFO - Setting next_dagrun for example_task_group to 2026-06-20 00:00:00+00:00, run_after=2026-06-21 00:00:00+00:00
[2026-06-21T22:23:11.354+0300] {processor.py:183} INFO - Processing /media/data/omar/programming course/DEPI/DEPI project/anomx/venv/lib/python3.12/site-packages/airflow/example_dags/example_task_group.py took 0.076 seconds
[2026-06-21T22:24:10.926+0300] {processor.py:161} INFO - Started process (PID=20566) to work on /media/data/omar/programming course/DEPI/DEPI project/anomx/venv/lib/python3.12/site-packages/airflow/example_dags/example_task_group.py
[2026-06-21T22:24:10.927+0300] {processor.py:830} INFO - Processing file /media/data/omar/programming course/DEPI/DEPI project/anomx/venv/lib/python3.12/site-packages/airflow/example_dags/example_task_group.py for tasks to queue
[2026-06-21T22:24:10.929+0300] {logging_mixin.py:188} INFO - [2026-06-21T22:24:10.929+0300] {dagbag.py:540} INFO - Filling up the DagBag from /media/data/omar/programming course/DEPI/DEPI project/anomx/venv/lib/python3.12/site-packages/airflow/example_dags/example_task_group.py
[2026-06-21T22:24:10.940+0300] {processor.py:840} INFO - DAG(s) 'example_task_group' retrieved from /media/data/omar/programming course/DEPI/DEPI project/anomx/venv/lib/python3.12/site-packages/airflow/example_dags/example_task_group.py
[2026-06-21T22:24:10.957+0300] {logging_mixin.py:188} INFO - [2026-06-21T22:24:10.957+0300] {dag.py:3096} INFO - Sync 1 DAGs
[2026-06-21T22:24:10.973+0300] {logging_mixin.py:188} INFO - [2026-06-21T22:24:10.972+0300] {dag.py:3954} INFO - Setting next_dagrun for example_task_group to 2026-06-20 00:00:00+00:00, run_after=2026-06-21 00:00:00+00:00
[2026-06-21T22:24:10.999+0300] {processor.py:183} INFO - Processing /media/data/omar/programming course/DEPI/DEPI project/anomx/venv/lib/python3.12/site-packages/airflow/example_dags/example_task_group.py took 0.081 seconds
[2026-06-21T22:48:00.431+0300] {processor.py:161} INFO - Started process (PID=22134) to work on /media/data/omar/programming course/DEPI/DEPI project/anomx/venv/lib/python3.12/site-packages/airflow/example_dags/example_task_group.py
[2026-06-21T22:48:00.432+0300] {processor.py:830} INFO - Processing file /media/data/omar/programming course/DEPI/DEPI project/anomx/venv/lib/python3.12/site-packages/airflow/example_dags/example_task_group.py for tasks to queue
[2026-06-21T22:48:00.436+0300] {logging_mixin.py:188} INFO - [2026-06-21T22:48:00.435+0300] {dagbag.py:540} INFO - Filling up the DagBag from /media/data/omar/programming course/DEPI/DEPI project/anomx/venv/lib/python3.12/site-packages/airflow/example_dags/example_task_group.py
[2026-06-21T22:48:00.449+0300] {processor.py:840} INFO - DAG(s) 'example_task_group' retrieved from /media/data/omar/programming course/DEPI/DEPI project/anomx/venv/lib/python3.12/site-packages/airflow/example_dags/example_task_group.py
[2026-06-21T22:48:00.470+0300] {logging_mixin.py:188} INFO - [2026-06-21T22:48:00.470+0300] {dag.py:3096} INFO - Sync 1 DAGs
[2026-06-21T22:48:00.480+0300] {logging_mixin.py:188} INFO - [2026-06-21T22:48:00.479+0300] {dag.py:3118} INFO - Creating ORM DAG for example_task_group
[2026-06-21T22:48:00.489+0300] {logging_mixin.py:188} INFO - [2026-06-21T22:48:00.488+0300] {dag.py:3954} INFO - Setting next_dagrun for example_task_group to 2026-06-20 00:00:00+00:00, run_after=2026-06-21 00:00:00+00:00
[2026-06-21T22:48:00.520+0300] {processor.py:183} INFO - Processing /media/data/omar/programming course/DEPI/DEPI project/anomx/venv/lib/python3.12/site-packages/airflow/example_dags/example_task_group.py took 0.101 seconds
[2026-06-21T22:48:58.880+0300] {processor.py:161} INFO - Started process (PID=22225) to work on /media/data/omar/programming course/DEPI/DEPI project/anomx/venv/lib/python3.12/site-packages/airflow/example_dags/example_task_group.py
[2026-06-21T22:48:58.881+0300] {processor.py:830} INFO - Processing file /media/data/omar/programming course/DEPI/DEPI project/anomx/venv/lib/python3.12/site-packages/airflow/example_dags/example_task_group.py for tasks to queue
[2026-06-21T22:48:58.883+0300] {logging_mixin.py:188} INFO - [2026-06-21T22:48:58.882+0300] {dagbag.py:540} INFO - Filling up the DagBag from /media/data/omar/programming course/DEPI/DEPI project/anomx/venv/lib/python3.12/site-packages/airflow/example_dags/example_task_group.py
[2026-06-21T22:48:58.893+0300] {processor.py:840} INFO - DAG(s) 'example_task_group' retrieved from /media/data/omar/programming course/DEPI/DEPI project/anomx/venv/lib/python3.12/site-packages/airflow/example_dags/example_task_group.py
[2026-06-21T22:48:58.912+0300] {logging_mixin.py:188} INFO - [2026-06-21T22:48:58.911+0300] {dag.py:3096} INFO - Sync 1 DAGs
[2026-06-21T22:48:58.932+0300] {logging_mixin.py:188} INFO - [2026-06-21T22:48:58.931+0300] {dag.py:3954} INFO - Setting next_dagrun for example_task_group to 2026-06-20 00:00:00+00:00, run_after=2026-06-21 00:00:00+00:00
[2026-06-21T22:48:58.961+0300] {processor.py:183} INFO - Processing /media/data/omar/programming course/DEPI/DEPI project/anomx/venv/lib/python3.12/site-packages/airflow/example_dags/example_task_group.py took 0.088 seconds
[2026-06-21T22:49:55.632+0300] {processor.py:161} INFO - Started process (PID=22307) to work on /media/data/omar/programming course/DEPI/DEPI project/anomx/venv/lib/python3.12/site-packages/airflow/example_dags/example_task_group.py
[2026-06-21T22:49:55.634+0300] {processor.py:830} INFO - Processing file /media/data/omar/programming course/DEPI/DEPI project/anomx/venv/lib/python3.12/site-packages/airflow/example_dags/example_task_group.py for tasks to queue
[2026-06-21T22:49:55.636+0300] {logging_mixin.py:188} INFO - [2026-06-21T22:49:55.635+0300] {dagbag.py:540} INFO - Filling up the DagBag from /media/data/omar/programming course/DEPI/DEPI project/anomx/venv/lib/python3.12/site-packages/airflow/example_dags/example_task_group.py
[2026-06-21T22:49:55.645+0300] {processor.py:840} INFO - DAG(s) 'example_task_group' retrieved from /media/data/omar/programming course/DEPI/DEPI project/anomx/venv/lib/python3.12/site-packages/airflow/example_dags/example_task_group.py
[2026-06-21T22:49:55.663+0300] {logging_mixin.py:188} INFO - [2026-06-21T22:49:55.663+0300] {dag.py:3096} INFO - Sync 1 DAGs
[2026-06-21T22:49:55.678+0300] {logging_mixin.py:188} INFO - [2026-06-21T22:49:55.678+0300] {dag.py:3954} INFO - Setting next_dagrun for example_task_group to 2026-06-20 00:00:00+00:00, run_after=2026-06-21 00:00:00+00:00
[2026-06-21T22:49:55.707+0300] {processor.py:183} INFO - Processing /media/data/omar/programming course/DEPI/DEPI project/anomx/venv/lib/python3.12/site-packages/airflow/example_dags/example_task_group.py took 0.081 seconds
[2026-06-21T22:50:51.947+0300] {processor.py:161} INFO - Started process (PID=22470) to work on /media/data/omar/programming course/DEPI/DEPI project/anomx/venv/lib/python3.12/site-packages/airflow/example_dags/example_task_group.py
[2026-06-21T22:50:51.950+0300] {processor.py:830} INFO - Processing file /media/data/omar/programming course/DEPI/DEPI project/anomx/venv/lib/python3.12/site-packages/airflow/example_dags/example_task_group.py for tasks to queue
[2026-06-21T22:50:51.955+0300] {logging_mixin.py:188} INFO - [2026-06-21T22:50:51.955+0300] {dagbag.py:540} INFO - Filling up the DagBag from /media/data/omar/programming course/DEPI/DEPI project/anomx/venv/lib/python3.12/site-packages/airflow/example_dags/example_task_group.py
[2026-06-21T22:50:51.974+0300] {processor.py:840} INFO - DAG(s) 'example_task_group' retrieved from /media/data/omar/programming course/DEPI/DEPI project/anomx/venv/lib/python3.12/site-packages/airflow/example_dags/example_task_group.py
[2026-06-21T22:50:51.997+0300] {logging_mixin.py:188} INFO - [2026-06-21T22:50:51.997+0300] {dag.py:3096} INFO - Sync 1 DAGs
[2026-06-21T22:50:52.018+0300] {logging_mixin.py:188} INFO - [2026-06-21T22:50:52.017+0300] {dag.py:3954} INFO - Setting next_dagrun for example_task_group to 2026-06-20 00:00:00+00:00, run_after=2026-06-21 00:00:00+00:00
[2026-06-21T22:50:52.058+0300] {processor.py:183} INFO - Processing /media/data/omar/programming course/DEPI/DEPI project/anomx/venv/lib/python3.12/site-packages/airflow/example_dags/example_task_group.py took 0.130 seconds
