[2026-06-21T21:39:13.958+0300] {processor.py:161} INFO - Started process (PID=15118) to work on /media/data/omar/programming course/DEPI/DEPI project/anomx/venv/lib/python3.12/site-packages/airflow/example_dags/example_params_trigger_ui.py
[2026-06-21T21:39:13.959+0300] {processor.py:830} INFO - Processing file /media/data/omar/programming course/DEPI/DEPI project/anomx/venv/lib/python3.12/site-packages/airflow/example_dags/example_params_trigger_ui.py for tasks to queue
[2026-06-21T21:39:13.961+0300] {logging_mixin.py:188} INFO - [2026-06-21T21:39:13.961+0300] {dagbag.py:540} INFO - Filling up the DagBag from /media/data/omar/programming course/DEPI/DEPI project/anomx/venv/lib/python3.12/site-packages/airflow/example_dags/example_params_trigger_ui.py
[2026-06-21T21:39:13.975+0300] {processor.py:840} INFO - DAG(s) 'example_params_trigger_ui' retrieved from /media/data/omar/programming course/DEPI/DEPI project/anomx/venv/lib/python3.12/site-packages/airflow/example_dags/example_params_trigger_ui.py
[2026-06-21T21:39:14.217+0300] {logging_mixin.py:188} INFO - [2026-06-21T21:39:14.216+0300] {override.py:1829} INFO - Created Permission View: can edit on DAG:example_params_trigger_ui
[2026-06-21T21:39:14.235+0300] {logging_mixin.py:188} INFO - [2026-06-21T21:39:14.234+0300] {override.py:1829} INFO - Created Permission View: can read on DAG:example_params_trigger_ui
[2026-06-21T21:39:14.251+0300] {logging_mixin.py:188} INFO - [2026-06-21T21:39:14.250+0300] {override.py:1829} INFO - Created Permission View: can delete on DAG:example_params_trigger_ui
[2026-06-21T21:39:14.251+0300] {logging_mixin.py:188} INFO - [2026-06-21T21:39:14.251+0300] {dag.py:3096} INFO - Sync 1 DAGs
[2026-06-21T21:39:14.262+0300] {logging_mixin.py:188} INFO - [2026-06-21T21:39:14.261+0300] {dag.py:3118} INFO - Creating ORM DAG for example_params_trigger_ui
[2026-06-21T21:39:14.262+0300] {logging_mixin.py:188} INFO - [2026-06-21T21:39:14.262+0300] {dag.py:3954} INFO - Setting next_dagrun for example_params_trigger_ui to None, run_after=None
[2026-06-21T21:39:14.292+0300] {processor.py:183} INFO - Processing /media/data/omar/programming course/DEPI/DEPI project/anomx/venv/lib/python3.12/site-packages/airflow/example_dags/example_params_trigger_ui.py took 0.343 seconds
[2026-06-21T21:40:19.040+0300] {processor.py:161} INFO - Started process (PID=15220) to work on /media/data/omar/programming course/DEPI/DEPI project/anomx/venv/lib/python3.12/site-packages/airflow/example_dags/example_params_trigger_ui.py
[2026-06-21T21:40:19.042+0300] {processor.py:830} INFO - Processing file /media/data/omar/programming course/DEPI/DEPI project/anomx/venv/lib/python3.12/site-packages/airflow/example_dags/example_params_trigger_ui.py for tasks to queue
[2026-06-21T21:40:19.046+0300] {logging_mixin.py:188} INFO - [2026-06-21T21:40:19.045+0300] {dagbag.py:540} INFO - Filling up the DagBag from /media/data/omar/programming course/DEPI/DEPI project/anomx/venv/lib/python3.12/site-packages/airflow/example_dags/example_params_trigger_ui.py
[2026-06-21T21:40:19.064+0300] {processor.py:840} INFO - DAG(s) 'example_params_trigger_ui' retrieved from /media/data/omar/programming course/DEPI/DEPI project/anomx/venv/lib/python3.12/site-packages/airflow/example_dags/example_params_trigger_ui.py
[2026-06-21T21:40:19.100+0300] {logging_mixin.py:188} INFO - [2026-06-21T21:40:19.099+0300] {dag.py:3096} INFO - Sync 1 DAGs
[2026-06-21T21:40:19.111+0300] {logging_mixin.py:188} INFO - [2026-06-21T21:40:19.111+0300] {dag.py:3954} INFO - Setting next_dagrun for example_params_trigger_ui to None, run_after=None
[2026-06-21T21:40:19.144+0300] {processor.py:183} INFO - Processing /media/data/omar/programming course/DEPI/DEPI project/anomx/venv/lib/python3.12/site-packages/airflow/example_dags/example_params_trigger_ui.py took 0.121 seconds
[2026-06-21T21:41:23.625+0300] {processor.py:161} INFO - Started process (PID=15344) to work on /media/data/omar/programming course/DEPI/DEPI project/anomx/venv/lib/python3.12/site-packages/airflow/example_dags/example_params_trigger_ui.py
[2026-06-21T21:41:23.626+0300] {processor.py:830} INFO - Processing file /media/data/omar/programming course/DEPI/DEPI project/anomx/venv/lib/python3.12/site-packages/airflow/example_dags/example_params_trigger_ui.py for tasks to queue
[2026-06-21T21:41:23.627+0300] {logging_mixin.py:188} INFO - [2026-06-21T21:41:23.627+0300] {dagbag.py:540} INFO - Filling up the DagBag from /media/data/omar/programming course/DEPI/DEPI project/anomx/venv/lib/python3.12/site-packages/airflow/example_dags/example_params_trigger_ui.py
[2026-06-21T21:41:23.639+0300] {processor.py:840} INFO - DAG(s) 'example_params_trigger_ui' retrieved from /media/data/omar/programming course/DEPI/DEPI project/anomx/venv/lib/python3.12/site-packages/airflow/example_dags/example_params_trigger_ui.py
[2026-06-21T21:41:23.671+0300] {logging_mixin.py:188} INFO - [2026-06-21T21:41:23.670+0300] {dag.py:3096} INFO - Sync 1 DAGs
[2026-06-21T21:41:23.680+0300] {logging_mixin.py:188} INFO - [2026-06-21T21:41:23.679+0300] {dag.py:3954} INFO - Setting next_dagrun for example_params_trigger_ui to None, run_after=None
[2026-06-21T21:41:23.707+0300] {processor.py:183} INFO - Processing /media/data/omar/programming course/DEPI/DEPI project/anomx/venv/lib/python3.12/site-packages/airflow/example_dags/example_params_trigger_ui.py took 0.087 seconds
[2026-06-21T21:42:29.767+0300] {processor.py:161} INFO - Started process (PID=15469) to work on /media/data/omar/programming course/DEPI/DEPI project/anomx/venv/lib/python3.12/site-packages/airflow/example_dags/example_params_trigger_ui.py
[2026-06-21T21:42:29.769+0300] {processor.py:830} INFO - Processing file /media/data/omar/programming course/DEPI/DEPI project/anomx/venv/lib/python3.12/site-packages/airflow/example_dags/example_params_trigger_ui.py for tasks to queue
[2026-06-21T21:42:29.771+0300] {logging_mixin.py:188} INFO - [2026-06-21T21:42:29.770+0300] {dagbag.py:540} INFO - Filling up the DagBag from /media/data/omar/programming course/DEPI/DEPI project/anomx/venv/lib/python3.12/site-packages/airflow/example_dags/example_params_trigger_ui.py
[2026-06-21T21:42:29.790+0300] {processor.py:840} INFO - DAG(s) 'example_params_trigger_ui' retrieved from /media/data/omar/programming course/DEPI/DEPI project/anomx/venv/lib/python3.12/site-packages/airflow/example_dags/example_params_trigger_ui.py
[2026-06-21T21:42:29.825+0300] {logging_mixin.py:188} INFO - [2026-06-21T21:42:29.825+0300] {dag.py:3096} INFO - Sync 1 DAGs
[2026-06-21T21:42:29.835+0300] {logging_mixin.py:188} INFO - [2026-06-21T21:42:29.835+0300] {dag.py:3954} INFO - Setting next_dagrun for example_params_trigger_ui to None, run_after=None
[2026-06-21T21:42:29.862+0300] {processor.py:183} INFO - Processing /media/data/omar/programming course/DEPI/DEPI project/anomx/venv/lib/python3.12/site-packages/airflow/example_dags/example_params_trigger_ui.py took 0.104 seconds
[2026-06-21T21:43:29.718+0300] {processor.py:161} INFO - Started process (PID=15671) to work on /media/data/omar/programming course/DEPI/DEPI project/anomx/venv/lib/python3.12/site-packages/airflow/example_dags/example_params_trigger_ui.py
[2026-06-21T21:43:29.719+0300] {processor.py:830} INFO - Processing file /media/data/omar/programming course/DEPI/DEPI project/anomx/venv/lib/python3.12/site-packages/airflow/example_dags/example_params_trigger_ui.py for tasks to queue
[2026-06-21T21:43:29.720+0300] {logging_mixin.py:188} INFO - [2026-06-21T21:43:29.720+0300] {dagbag.py:540} INFO - Filling up the DagBag from /media/data/omar/programming course/DEPI/DEPI project/anomx/venv/lib/python3.12/site-packages/airflow/example_dags/example_params_trigger_ui.py
[2026-06-21T21:43:29.733+0300] {processor.py:840} INFO - DAG(s) 'example_params_trigger_ui' retrieved from /media/data/omar/programming course/DEPI/DEPI project/anomx/venv/lib/python3.12/site-packages/airflow/example_dags/example_params_trigger_ui.py
[2026-06-21T21:43:29.765+0300] {logging_mixin.py:188} INFO - [2026-06-21T21:43:29.765+0300] {dag.py:3096} INFO - Sync 1 DAGs
[2026-06-21T21:43:29.774+0300] {logging_mixin.py:188} INFO - [2026-06-21T21:43:29.774+0300] {dag.py:3954} INFO - Setting next_dagrun for example_params_trigger_ui to None, run_after=None
[2026-06-21T21:43:29.802+0300] {processor.py:183} INFO - Processing /media/data/omar/programming course/DEPI/DEPI project/anomx/venv/lib/python3.12/site-packages/airflow/example_dags/example_params_trigger_ui.py took 0.090 seconds
[2026-06-21T21:44:28.401+0300] {processor.py:161} INFO - Started process (PID=15790) to work on /media/data/omar/programming course/DEPI/DEPI project/anomx/venv/lib/python3.12/site-packages/airflow/example_dags/example_params_trigger_ui.py
[2026-06-21T21:44:28.404+0300] {processor.py:830} INFO - Processing file /media/data/omar/programming course/DEPI/DEPI project/anomx/venv/lib/python3.12/site-packages/airflow/example_dags/example_params_trigger_ui.py for tasks to queue
[2026-06-21T21:44:28.408+0300] {logging_mixin.py:188} INFO - [2026-06-21T21:44:28.406+0300] {dagbag.py:540} INFO - Filling up the DagBag from /media/data/omar/programming course/DEPI/DEPI project/anomx/venv/lib/python3.12/site-packages/airflow/example_dags/example_params_trigger_ui.py
[2026-06-21T21:44:28.433+0300] {processor.py:840} INFO - DAG(s) 'example_params_trigger_ui' retrieved from /media/data/omar/programming course/DEPI/DEPI project/anomx/venv/lib/python3.12/site-packages/airflow/example_dags/example_params_trigger_ui.py
[2026-06-21T21:44:28.467+0300] {logging_mixin.py:188} INFO - [2026-06-21T21:44:28.467+0300] {dag.py:3096} INFO - Sync 1 DAGs
[2026-06-21T21:44:28.478+0300] {logging_mixin.py:188} INFO - [2026-06-21T21:44:28.478+0300] {dag.py:3954} INFO - Setting next_dagrun for example_params_trigger_ui to None, run_after=None
[2026-06-21T21:44:28.519+0300] {processor.py:183} INFO - Processing /media/data/omar/programming course/DEPI/DEPI project/anomx/venv/lib/python3.12/site-packages/airflow/example_dags/example_params_trigger_ui.py took 0.131 seconds
[2026-06-21T21:47:04.031+0300] {processor.py:161} INFO - Started process (PID=16096) to work on /media/data/omar/programming course/DEPI/DEPI project/anomx/venv/lib/python3.12/site-packages/airflow/example_dags/example_params_trigger_ui.py
[2026-06-21T21:47:04.032+0300] {processor.py:830} INFO - Processing file /media/data/omar/programming course/DEPI/DEPI project/anomx/venv/lib/python3.12/site-packages/airflow/example_dags/example_params_trigger_ui.py for tasks to queue
[2026-06-21T21:47:04.036+0300] {logging_mixin.py:188} INFO - [2026-06-21T21:47:04.035+0300] {dagbag.py:540} INFO - Filling up the DagBag from /media/data/omar/programming course/DEPI/DEPI project/anomx/venv/lib/python3.12/site-packages/airflow/example_dags/example_params_trigger_ui.py
[2026-06-21T21:47:04.060+0300] {processor.py:840} INFO - DAG(s) 'example_params_trigger_ui' retrieved from /media/data/omar/programming course/DEPI/DEPI project/anomx/venv/lib/python3.12/site-packages/airflow/example_dags/example_params_trigger_ui.py
[2026-06-21T21:47:04.130+0300] {logging_mixin.py:188} INFO - [2026-06-21T21:47:04.129+0300] {dag.py:3096} INFO - Sync 1 DAGs
[2026-06-21T21:47:04.155+0300] {logging_mixin.py:188} INFO - [2026-06-21T21:47:04.155+0300] {dag.py:3954} INFO - Setting next_dagrun for example_params_trigger_ui to None, run_after=None
[2026-06-21T21:47:04.205+0300] {processor.py:183} INFO - Processing /media/data/omar/programming course/DEPI/DEPI project/anomx/venv/lib/python3.12/site-packages/airflow/example_dags/example_params_trigger_ui.py took 0.186 seconds
[2026-06-21T21:48:03.745+0300] {processor.py:161} INFO - Started process (PID=16190) to work on /media/data/omar/programming course/DEPI/DEPI project/anomx/venv/lib/python3.12/site-packages/airflow/example_dags/example_params_trigger_ui.py
[2026-06-21T21:48:03.746+0300] {processor.py:830} INFO - Processing file /media/data/omar/programming course/DEPI/DEPI project/anomx/venv/lib/python3.12/site-packages/airflow/example_dags/example_params_trigger_ui.py for tasks to queue
[2026-06-21T21:48:03.748+0300] {logging_mixin.py:188} INFO - [2026-06-21T21:48:03.747+0300] {dagbag.py:540} INFO - Filling up the DagBag from /media/data/omar/programming course/DEPI/DEPI project/anomx/venv/lib/python3.12/site-packages/airflow/example_dags/example_params_trigger_ui.py
[2026-06-21T21:48:03.766+0300] {processor.py:840} INFO - DAG(s) 'example_params_trigger_ui' retrieved from /media/data/omar/programming course/DEPI/DEPI project/anomx/venv/lib/python3.12/site-packages/airflow/example_dags/example_params_trigger_ui.py
[2026-06-21T21:48:03.807+0300] {logging_mixin.py:188} INFO - [2026-06-21T21:48:03.807+0300] {dag.py:3096} INFO - Sync 1 DAGs
[2026-06-21T21:48:03.819+0300] {logging_mixin.py:188} INFO - [2026-06-21T21:48:03.819+0300] {dag.py:3954} INFO - Setting next_dagrun for example_params_trigger_ui to None, run_after=None
[2026-06-21T21:48:03.852+0300] {processor.py:183} INFO - Processing /media/data/omar/programming course/DEPI/DEPI project/anomx/venv/lib/python3.12/site-packages/airflow/example_dags/example_params_trigger_ui.py took 0.114 seconds
[2026-06-21T21:49:01.056+0300] {processor.py:161} INFO - Started process (PID=16280) to work on /media/data/omar/programming course/DEPI/DEPI project/anomx/venv/lib/python3.12/site-packages/airflow/example_dags/example_params_trigger_ui.py
[2026-06-21T21:49:01.057+0300] {processor.py:830} INFO - Processing file /media/data/omar/programming course/DEPI/DEPI project/anomx/venv/lib/python3.12/site-packages/airflow/example_dags/example_params_trigger_ui.py for tasks to queue
[2026-06-21T21:49:01.059+0300] {logging_mixin.py:188} INFO - [2026-06-21T21:49:01.058+0300] {dagbag.py:540} INFO - Filling up the DagBag from /media/data/omar/programming course/DEPI/DEPI project/anomx/venv/lib/python3.12/site-packages/airflow/example_dags/example_params_trigger_ui.py
[2026-06-21T21:49:01.073+0300] {processor.py:840} INFO - DAG(s) 'example_params_trigger_ui' retrieved from /media/data/omar/programming course/DEPI/DEPI project/anomx/venv/lib/python3.12/site-packages/airflow/example_dags/example_params_trigger_ui.py
[2026-06-21T21:49:01.111+0300] {logging_mixin.py:188} INFO - [2026-06-21T21:49:01.111+0300] {dag.py:3096} INFO - Sync 1 DAGs
[2026-06-21T21:49:01.125+0300] {logging_mixin.py:188} INFO - [2026-06-21T21:49:01.124+0300] {dag.py:3954} INFO - Setting next_dagrun for example_params_trigger_ui to None, run_after=None
[2026-06-21T21:49:01.156+0300] {processor.py:183} INFO - Processing /media/data/omar/programming course/DEPI/DEPI project/anomx/venv/lib/python3.12/site-packages/airflow/example_dags/example_params_trigger_ui.py took 0.105 seconds
[2026-06-21T21:51:09.287+0300] {processor.py:161} INFO - Started process (PID=16504) to work on /media/data/omar/programming course/DEPI/DEPI project/anomx/venv/lib/python3.12/site-packages/airflow/example_dags/example_params_trigger_ui.py
[2026-06-21T21:51:09.287+0300] {processor.py:830} INFO - Processing file /media/data/omar/programming course/DEPI/DEPI project/anomx/venv/lib/python3.12/site-packages/airflow/example_dags/example_params_trigger_ui.py for tasks to queue
[2026-06-21T21:51:09.289+0300] {logging_mixin.py:188} INFO - [2026-06-21T21:51:09.289+0300] {dagbag.py:540} INFO - Filling up the DagBag from /media/data/omar/programming course/DEPI/DEPI project/anomx/venv/lib/python3.12/site-packages/airflow/example_dags/example_params_trigger_ui.py
[2026-06-21T21:51:09.303+0300] {processor.py:840} INFO - DAG(s) 'example_params_trigger_ui' retrieved from /media/data/omar/programming course/DEPI/DEPI project/anomx/venv/lib/python3.12/site-packages/airflow/example_dags/example_params_trigger_ui.py
[2026-06-21T21:51:09.338+0300] {logging_mixin.py:188} INFO - [2026-06-21T21:51:09.338+0300] {dag.py:3096} INFO - Sync 1 DAGs
[2026-06-21T21:51:09.349+0300] {logging_mixin.py:188} INFO - [2026-06-21T21:51:09.348+0300] {dag.py:3954} INFO - Setting next_dagrun for example_params_trigger_ui to None, run_after=None
[2026-06-21T21:51:09.377+0300] {processor.py:183} INFO - Processing /media/data/omar/programming course/DEPI/DEPI project/anomx/venv/lib/python3.12/site-packages/airflow/example_dags/example_params_trigger_ui.py took 0.096 seconds
[2026-06-21T21:52:24.967+0300] {processor.py:161} INFO - Started process (PID=16645) to work on /media/data/omar/programming course/DEPI/DEPI project/anomx/venv/lib/python3.12/site-packages/airflow/example_dags/example_params_trigger_ui.py
[2026-06-21T21:52:24.969+0300] {processor.py:830} INFO - Processing file /media/data/omar/programming course/DEPI/DEPI project/anomx/venv/lib/python3.12/site-packages/airflow/example_dags/example_params_trigger_ui.py for tasks to queue
[2026-06-21T21:52:24.972+0300] {logging_mixin.py:188} INFO - [2026-06-21T21:52:24.971+0300] {dagbag.py:540} INFO - Filling up the DagBag from /media/data/omar/programming course/DEPI/DEPI project/anomx/venv/lib/python3.12/site-packages/airflow/example_dags/example_params_trigger_ui.py
[2026-06-21T21:52:24.989+0300] {processor.py:840} INFO - DAG(s) 'example_params_trigger_ui' retrieved from /media/data/omar/programming course/DEPI/DEPI project/anomx/venv/lib/python3.12/site-packages/airflow/example_dags/example_params_trigger_ui.py
[2026-06-21T21:52:25.025+0300] {logging_mixin.py:188} INFO - [2026-06-21T21:52:25.025+0300] {dag.py:3096} INFO - Sync 1 DAGs
[2026-06-21T21:52:25.034+0300] {logging_mixin.py:188} INFO - [2026-06-21T21:52:25.034+0300] {dag.py:3954} INFO - Setting next_dagrun for example_params_trigger_ui to None, run_after=None
[2026-06-21T21:52:25.062+0300] {processor.py:183} INFO - Processing /media/data/omar/programming course/DEPI/DEPI project/anomx/venv/lib/python3.12/site-packages/airflow/example_dags/example_params_trigger_ui.py took 0.113 seconds
[2026-06-21T21:53:22.838+0300] {processor.py:161} INFO - Started process (PID=16737) to work on /media/data/omar/programming course/DEPI/DEPI project/anomx/venv/lib/python3.12/site-packages/airflow/example_dags/example_params_trigger_ui.py
[2026-06-21T21:53:22.840+0300] {processor.py:830} INFO - Processing file /media/data/omar/programming course/DEPI/DEPI project/anomx/venv/lib/python3.12/site-packages/airflow/example_dags/example_params_trigger_ui.py for tasks to queue
[2026-06-21T21:53:22.843+0300] {logging_mixin.py:188} INFO - [2026-06-21T21:53:22.842+0300] {dagbag.py:540} INFO - Filling up the DagBag from /media/data/omar/programming course/DEPI/DEPI project/anomx/venv/lib/python3.12/site-packages/airflow/example_dags/example_params_trigger_ui.py
[2026-06-21T21:53:22.862+0300] {processor.py:840} INFO - DAG(s) 'example_params_trigger_ui' retrieved from /media/data/omar/programming course/DEPI/DEPI project/anomx/venv/lib/python3.12/site-packages/airflow/example_dags/example_params_trigger_ui.py
[2026-06-21T21:53:22.898+0300] {logging_mixin.py:188} INFO - [2026-06-21T21:53:22.898+0300] {dag.py:3096} INFO - Sync 1 DAGs
[2026-06-21T21:53:22.908+0300] {logging_mixin.py:188} INFO - [2026-06-21T21:53:22.907+0300] {dag.py:3954} INFO - Setting next_dagrun for example_params_trigger_ui to None, run_after=None
[2026-06-21T21:53:22.934+0300] {processor.py:183} INFO - Processing /media/data/omar/programming course/DEPI/DEPI project/anomx/venv/lib/python3.12/site-packages/airflow/example_dags/example_params_trigger_ui.py took 0.106 seconds
[2026-06-21T21:54:20.201+0300] {processor.py:161} INFO - Started process (PID=16840) to work on /media/data/omar/programming course/DEPI/DEPI project/anomx/venv/lib/python3.12/site-packages/airflow/example_dags/example_params_trigger_ui.py
[2026-06-21T21:54:20.202+0300] {processor.py:830} INFO - Processing file /media/data/omar/programming course/DEPI/DEPI project/anomx/venv/lib/python3.12/site-packages/airflow/example_dags/example_params_trigger_ui.py for tasks to queue
[2026-06-21T21:54:20.204+0300] {logging_mixin.py:188} INFO - [2026-06-21T21:54:20.204+0300] {dagbag.py:540} INFO - Filling up the DagBag from /media/data/omar/programming course/DEPI/DEPI project/anomx/venv/lib/python3.12/site-packages/airflow/example_dags/example_params_trigger_ui.py
[2026-06-21T21:54:20.217+0300] {processor.py:840} INFO - DAG(s) 'example_params_trigger_ui' retrieved from /media/data/omar/programming course/DEPI/DEPI project/anomx/venv/lib/python3.12/site-packages/airflow/example_dags/example_params_trigger_ui.py
[2026-06-21T21:54:20.250+0300] {logging_mixin.py:188} INFO - [2026-06-21T21:54:20.249+0300] {dag.py:3096} INFO - Sync 1 DAGs
[2026-06-21T21:54:20.260+0300] {logging_mixin.py:188} INFO - [2026-06-21T21:54:20.260+0300] {dag.py:3954} INFO - Setting next_dagrun for example_params_trigger_ui to None, run_after=None
[2026-06-21T21:54:20.302+0300] {processor.py:183} INFO - Processing /media/data/omar/programming course/DEPI/DEPI project/anomx/venv/lib/python3.12/site-packages/airflow/example_dags/example_params_trigger_ui.py took 0.108 seconds
[2026-06-21T21:55:16.723+0300] {processor.py:161} INFO - Started process (PID=16933) to work on /media/data/omar/programming course/DEPI/DEPI project/anomx/venv/lib/python3.12/site-packages/airflow/example_dags/example_params_trigger_ui.py
[2026-06-21T21:55:16.725+0300] {processor.py:830} INFO - Processing file /media/data/omar/programming course/DEPI/DEPI project/anomx/venv/lib/python3.12/site-packages/airflow/example_dags/example_params_trigger_ui.py for tasks to queue
[2026-06-21T21:55:16.730+0300] {logging_mixin.py:188} INFO - [2026-06-21T21:55:16.728+0300] {dagbag.py:540} INFO - Filling up the DagBag from /media/data/omar/programming course/DEPI/DEPI project/anomx/venv/lib/python3.12/site-packages/airflow/example_dags/example_params_trigger_ui.py
[2026-06-21T21:55:16.756+0300] {processor.py:840} INFO - DAG(s) 'example_params_trigger_ui' retrieved from /media/data/omar/programming course/DEPI/DEPI project/anomx/venv/lib/python3.12/site-packages/airflow/example_dags/example_params_trigger_ui.py
[2026-06-21T21:55:16.797+0300] {logging_mixin.py:188} INFO - [2026-06-21T21:55:16.796+0300] {dag.py:3096} INFO - Sync 1 DAGs
[2026-06-21T21:55:16.807+0300] {logging_mixin.py:188} INFO - [2026-06-21T21:55:16.807+0300] {dag.py:3954} INFO - Setting next_dagrun for example_params_trigger_ui to None, run_after=None
[2026-06-21T21:55:16.835+0300] {processor.py:183} INFO - Processing /media/data/omar/programming course/DEPI/DEPI project/anomx/venv/lib/python3.12/site-packages/airflow/example_dags/example_params_trigger_ui.py took 0.125 seconds
[2026-06-21T21:56:11.002+0300] {processor.py:161} INFO - Started process (PID=17024) to work on /media/data/omar/programming course/DEPI/DEPI project/anomx/venv/lib/python3.12/site-packages/airflow/example_dags/example_params_trigger_ui.py
[2026-06-21T21:56:11.003+0300] {processor.py:830} INFO - Processing file /media/data/omar/programming course/DEPI/DEPI project/anomx/venv/lib/python3.12/site-packages/airflow/example_dags/example_params_trigger_ui.py for tasks to queue
[2026-06-21T21:56:11.006+0300] {logging_mixin.py:188} INFO - [2026-06-21T21:56:11.005+0300] {dagbag.py:540} INFO - Filling up the DagBag from /media/data/omar/programming course/DEPI/DEPI project/anomx/venv/lib/python3.12/site-packages/airflow/example_dags/example_params_trigger_ui.py
[2026-06-21T21:56:11.019+0300] {processor.py:840} INFO - DAG(s) 'example_params_trigger_ui' retrieved from /media/data/omar/programming course/DEPI/DEPI project/anomx/venv/lib/python3.12/site-packages/airflow/example_dags/example_params_trigger_ui.py
[2026-06-21T21:56:11.053+0300] {logging_mixin.py:188} INFO - [2026-06-21T21:56:11.052+0300] {dag.py:3096} INFO - Sync 1 DAGs
[2026-06-21T21:56:11.062+0300] {logging_mixin.py:188} INFO - [2026-06-21T21:56:11.062+0300] {dag.py:3954} INFO - Setting next_dagrun for example_params_trigger_ui to None, run_after=None
[2026-06-21T21:56:11.090+0300] {processor.py:183} INFO - Processing /media/data/omar/programming course/DEPI/DEPI project/anomx/venv/lib/python3.12/site-packages/airflow/example_dags/example_params_trigger_ui.py took 0.096 seconds
[2026-06-21T21:57:01.064+0300] {processor.py:161} INFO - Started process (PID=17100) to work on /media/data/omar/programming course/DEPI/DEPI project/anomx/venv/lib/python3.12/site-packages/airflow/example_dags/example_params_trigger_ui.py
[2026-06-21T21:57:01.066+0300] {processor.py:830} INFO - Processing file /media/data/omar/programming course/DEPI/DEPI project/anomx/venv/lib/python3.12/site-packages/airflow/example_dags/example_params_trigger_ui.py for tasks to queue
[2026-06-21T21:57:01.068+0300] {logging_mixin.py:188} INFO - [2026-06-21T21:57:01.067+0300] {dagbag.py:540} INFO - Filling up the DagBag from /media/data/omar/programming course/DEPI/DEPI project/anomx/venv/lib/python3.12/site-packages/airflow/example_dags/example_params_trigger_ui.py
[2026-06-21T21:57:01.085+0300] {processor.py:840} INFO - DAG(s) 'example_params_trigger_ui' retrieved from /media/data/omar/programming course/DEPI/DEPI project/anomx/venv/lib/python3.12/site-packages/airflow/example_dags/example_params_trigger_ui.py
[2026-06-21T21:57:01.120+0300] {logging_mixin.py:188} INFO - [2026-06-21T21:57:01.119+0300] {dag.py:3096} INFO - Sync 1 DAGs
[2026-06-21T21:57:01.130+0300] {logging_mixin.py:188} INFO - [2026-06-21T21:57:01.129+0300] {dag.py:3954} INFO - Setting next_dagrun for example_params_trigger_ui to None, run_after=None
[2026-06-21T21:57:01.158+0300] {processor.py:183} INFO - Processing /media/data/omar/programming course/DEPI/DEPI project/anomx/venv/lib/python3.12/site-packages/airflow/example_dags/example_params_trigger_ui.py took 0.101 seconds
[2026-06-21T21:57:56.008+0300] {processor.py:161} INFO - Started process (PID=17199) to work on /media/data/omar/programming course/DEPI/DEPI project/anomx/venv/lib/python3.12/site-packages/airflow/example_dags/example_params_trigger_ui.py
[2026-06-21T21:57:56.011+0300] {processor.py:830} INFO - Processing file /media/data/omar/programming course/DEPI/DEPI project/anomx/venv/lib/python3.12/site-packages/airflow/example_dags/example_params_trigger_ui.py for tasks to queue
[2026-06-21T21:57:56.017+0300] {logging_mixin.py:188} INFO - [2026-06-21T21:57:56.015+0300] {dagbag.py:540} INFO - Filling up the DagBag from /media/data/omar/programming course/DEPI/DEPI project/anomx/venv/lib/python3.12/site-packages/airflow/example_dags/example_params_trigger_ui.py
[2026-06-21T21:57:56.049+0300] {processor.py:840} INFO - DAG(s) 'example_params_trigger_ui' retrieved from /media/data/omar/programming course/DEPI/DEPI project/anomx/venv/lib/python3.12/site-packages/airflow/example_dags/example_params_trigger_ui.py
[2026-06-21T21:57:56.096+0300] {logging_mixin.py:188} INFO - [2026-06-21T21:57:56.095+0300] {dag.py:3096} INFO - Sync 1 DAGs
[2026-06-21T21:57:56.106+0300] {logging_mixin.py:188} INFO - [2026-06-21T21:57:56.106+0300] {dag.py:3954} INFO - Setting next_dagrun for example_params_trigger_ui to None, run_after=None
[2026-06-21T21:57:56.135+0300] {processor.py:183} INFO - Processing /media/data/omar/programming course/DEPI/DEPI project/anomx/venv/lib/python3.12/site-packages/airflow/example_dags/example_params_trigger_ui.py took 0.145 seconds
[2026-06-21T21:58:51.989+0300] {processor.py:161} INFO - Started process (PID=17288) to work on /media/data/omar/programming course/DEPI/DEPI project/anomx/venv/lib/python3.12/site-packages/airflow/example_dags/example_params_trigger_ui.py
[2026-06-21T21:58:51.990+0300] {processor.py:830} INFO - Processing file /media/data/omar/programming course/DEPI/DEPI project/anomx/venv/lib/python3.12/site-packages/airflow/example_dags/example_params_trigger_ui.py for tasks to queue
[2026-06-21T21:58:51.994+0300] {logging_mixin.py:188} INFO - [2026-06-21T21:58:51.993+0300] {dagbag.py:540} INFO - Filling up the DagBag from /media/data/omar/programming course/DEPI/DEPI project/anomx/venv/lib/python3.12/site-packages/airflow/example_dags/example_params_trigger_ui.py
[2026-06-21T21:58:52.010+0300] {processor.py:840} INFO - DAG(s) 'example_params_trigger_ui' retrieved from /media/data/omar/programming course/DEPI/DEPI project/anomx/venv/lib/python3.12/site-packages/airflow/example_dags/example_params_trigger_ui.py
[2026-06-21T21:58:52.043+0300] {logging_mixin.py:188} INFO - [2026-06-21T21:58:52.043+0300] {dag.py:3096} INFO - Sync 1 DAGs
[2026-06-21T21:58:52.053+0300] {logging_mixin.py:188} INFO - [2026-06-21T21:58:52.052+0300] {dag.py:3954} INFO - Setting next_dagrun for example_params_trigger_ui to None, run_after=None
[2026-06-21T21:58:52.082+0300] {processor.py:183} INFO - Processing /media/data/omar/programming course/DEPI/DEPI project/anomx/venv/lib/python3.12/site-packages/airflow/example_dags/example_params_trigger_ui.py took 0.109 seconds
[2026-06-21T21:59:48.483+0300] {processor.py:161} INFO - Started process (PID=17380) to work on /media/data/omar/programming course/DEPI/DEPI project/anomx/venv/lib/python3.12/site-packages/airflow/example_dags/example_params_trigger_ui.py
[2026-06-21T21:59:48.485+0300] {processor.py:830} INFO - Processing file /media/data/omar/programming course/DEPI/DEPI project/anomx/venv/lib/python3.12/site-packages/airflow/example_dags/example_params_trigger_ui.py for tasks to queue
[2026-06-21T21:59:48.487+0300] {logging_mixin.py:188} INFO - [2026-06-21T21:59:48.487+0300] {dagbag.py:540} INFO - Filling up the DagBag from /media/data/omar/programming course/DEPI/DEPI project/anomx/venv/lib/python3.12/site-packages/airflow/example_dags/example_params_trigger_ui.py
[2026-06-21T21:59:48.503+0300] {processor.py:840} INFO - DAG(s) 'example_params_trigger_ui' retrieved from /media/data/omar/programming course/DEPI/DEPI project/anomx/venv/lib/python3.12/site-packages/airflow/example_dags/example_params_trigger_ui.py
[2026-06-21T21:59:48.536+0300] {logging_mixin.py:188} INFO - [2026-06-21T21:59:48.536+0300] {dag.py:3096} INFO - Sync 1 DAGs
[2026-06-21T21:59:48.546+0300] {logging_mixin.py:188} INFO - [2026-06-21T21:59:48.546+0300] {dag.py:3954} INFO - Setting next_dagrun for example_params_trigger_ui to None, run_after=None
[2026-06-21T21:59:48.572+0300] {processor.py:183} INFO - Processing /media/data/omar/programming course/DEPI/DEPI project/anomx/venv/lib/python3.12/site-packages/airflow/example_dags/example_params_trigger_ui.py took 0.101 seconds
[2026-06-21T22:00:46.318+0300] {processor.py:161} INFO - Started process (PID=17477) to work on /media/data/omar/programming course/DEPI/DEPI project/anomx/venv/lib/python3.12/site-packages/airflow/example_dags/example_params_trigger_ui.py
[2026-06-21T22:00:46.321+0300] {processor.py:830} INFO - Processing file /media/data/omar/programming course/DEPI/DEPI project/anomx/venv/lib/python3.12/site-packages/airflow/example_dags/example_params_trigger_ui.py for tasks to queue
[2026-06-21T22:00:46.327+0300] {logging_mixin.py:188} INFO - [2026-06-21T22:00:46.325+0300] {dagbag.py:540} INFO - Filling up the DagBag from /media/data/omar/programming course/DEPI/DEPI project/anomx/venv/lib/python3.12/site-packages/airflow/example_dags/example_params_trigger_ui.py
[2026-06-21T22:00:46.369+0300] {processor.py:840} INFO - DAG(s) 'example_params_trigger_ui' retrieved from /media/data/omar/programming course/DEPI/DEPI project/anomx/venv/lib/python3.12/site-packages/airflow/example_dags/example_params_trigger_ui.py
[2026-06-21T22:00:46.407+0300] {logging_mixin.py:188} INFO - [2026-06-21T22:00:46.407+0300] {dag.py:3096} INFO - Sync 1 DAGs
[2026-06-21T22:00:46.417+0300] {logging_mixin.py:188} INFO - [2026-06-21T22:00:46.417+0300] {dag.py:3954} INFO - Setting next_dagrun for example_params_trigger_ui to None, run_after=None
[2026-06-21T22:00:46.446+0300] {processor.py:183} INFO - Processing /media/data/omar/programming course/DEPI/DEPI project/anomx/venv/lib/python3.12/site-packages/airflow/example_dags/example_params_trigger_ui.py took 0.149 seconds
[2026-06-21T22:01:44.664+0300] {processor.py:161} INFO - Started process (PID=17569) to work on /media/data/omar/programming course/DEPI/DEPI project/anomx/venv/lib/python3.12/site-packages/airflow/example_dags/example_params_trigger_ui.py
[2026-06-21T22:01:44.666+0300] {processor.py:830} INFO - Processing file /media/data/omar/programming course/DEPI/DEPI project/anomx/venv/lib/python3.12/site-packages/airflow/example_dags/example_params_trigger_ui.py for tasks to queue
[2026-06-21T22:01:44.669+0300] {logging_mixin.py:188} INFO - [2026-06-21T22:01:44.668+0300] {dagbag.py:540} INFO - Filling up the DagBag from /media/data/omar/programming course/DEPI/DEPI project/anomx/venv/lib/python3.12/site-packages/airflow/example_dags/example_params_trigger_ui.py
[2026-06-21T22:01:44.686+0300] {processor.py:840} INFO - DAG(s) 'example_params_trigger_ui' retrieved from /media/data/omar/programming course/DEPI/DEPI project/anomx/venv/lib/python3.12/site-packages/airflow/example_dags/example_params_trigger_ui.py
[2026-06-21T22:01:44.720+0300] {logging_mixin.py:188} INFO - [2026-06-21T22:01:44.720+0300] {dag.py:3096} INFO - Sync 1 DAGs
[2026-06-21T22:01:44.729+0300] {logging_mixin.py:188} INFO - [2026-06-21T22:01:44.729+0300] {dag.py:3954} INFO - Setting next_dagrun for example_params_trigger_ui to None, run_after=None
[2026-06-21T22:01:44.760+0300] {processor.py:183} INFO - Processing /media/data/omar/programming course/DEPI/DEPI project/anomx/venv/lib/python3.12/site-packages/airflow/example_dags/example_params_trigger_ui.py took 0.113 seconds
[2026-06-21T22:02:42.287+0300] {processor.py:161} INFO - Started process (PID=17707) to work on /media/data/omar/programming course/DEPI/DEPI project/anomx/venv/lib/python3.12/site-packages/airflow/example_dags/example_params_trigger_ui.py
[2026-06-21T22:02:42.289+0300] {processor.py:830} INFO - Processing file /media/data/omar/programming course/DEPI/DEPI project/anomx/venv/lib/python3.12/site-packages/airflow/example_dags/example_params_trigger_ui.py for tasks to queue
[2026-06-21T22:02:42.292+0300] {logging_mixin.py:188} INFO - [2026-06-21T22:02:42.291+0300] {dagbag.py:540} INFO - Filling up the DagBag from /media/data/omar/programming course/DEPI/DEPI project/anomx/venv/lib/python3.12/site-packages/airflow/example_dags/example_params_trigger_ui.py
[2026-06-21T22:02:42.309+0300] {processor.py:840} INFO - DAG(s) 'example_params_trigger_ui' retrieved from /media/data/omar/programming course/DEPI/DEPI project/anomx/venv/lib/python3.12/site-packages/airflow/example_dags/example_params_trigger_ui.py
[2026-06-21T22:02:42.342+0300] {logging_mixin.py:188} INFO - [2026-06-21T22:02:42.342+0300] {dag.py:3096} INFO - Sync 1 DAGs
[2026-06-21T22:02:42.352+0300] {logging_mixin.py:188} INFO - [2026-06-21T22:02:42.351+0300] {dag.py:3954} INFO - Setting next_dagrun for example_params_trigger_ui to None, run_after=None
[2026-06-21T22:02:42.379+0300] {processor.py:183} INFO - Processing /media/data/omar/programming course/DEPI/DEPI project/anomx/venv/lib/python3.12/site-packages/airflow/example_dags/example_params_trigger_ui.py took 0.109 seconds
[2026-06-21T22:03:38.397+0300] {processor.py:161} INFO - Started process (PID=17807) to work on /media/data/omar/programming course/DEPI/DEPI project/anomx/venv/lib/python3.12/site-packages/airflow/example_dags/example_params_trigger_ui.py
[2026-06-21T22:03:38.398+0300] {processor.py:830} INFO - Processing file /media/data/omar/programming course/DEPI/DEPI project/anomx/venv/lib/python3.12/site-packages/airflow/example_dags/example_params_trigger_ui.py for tasks to queue
[2026-06-21T22:03:38.402+0300] {logging_mixin.py:188} INFO - [2026-06-21T22:03:38.401+0300] {dagbag.py:540} INFO - Filling up the DagBag from /media/data/omar/programming course/DEPI/DEPI project/anomx/venv/lib/python3.12/site-packages/airflow/example_dags/example_params_trigger_ui.py
[2026-06-21T22:03:38.423+0300] {processor.py:840} INFO - DAG(s) 'example_params_trigger_ui' retrieved from /media/data/omar/programming course/DEPI/DEPI project/anomx/venv/lib/python3.12/site-packages/airflow/example_dags/example_params_trigger_ui.py
[2026-06-21T22:03:38.457+0300] {logging_mixin.py:188} INFO - [2026-06-21T22:03:38.457+0300] {dag.py:3096} INFO - Sync 1 DAGs
[2026-06-21T22:03:38.467+0300] {logging_mixin.py:188} INFO - [2026-06-21T22:03:38.467+0300] {dag.py:3954} INFO - Setting next_dagrun for example_params_trigger_ui to None, run_after=None
[2026-06-21T22:03:38.495+0300] {processor.py:183} INFO - Processing /media/data/omar/programming course/DEPI/DEPI project/anomx/venv/lib/python3.12/site-packages/airflow/example_dags/example_params_trigger_ui.py took 0.108 seconds
[2026-06-21T22:04:31.989+0300] {processor.py:161} INFO - Started process (PID=17896) to work on /media/data/omar/programming course/DEPI/DEPI project/anomx/venv/lib/python3.12/site-packages/airflow/example_dags/example_params_trigger_ui.py
[2026-06-21T22:04:31.991+0300] {processor.py:830} INFO - Processing file /media/data/omar/programming course/DEPI/DEPI project/anomx/venv/lib/python3.12/site-packages/airflow/example_dags/example_params_trigger_ui.py for tasks to queue
[2026-06-21T22:04:31.996+0300] {logging_mixin.py:188} INFO - [2026-06-21T22:04:31.994+0300] {dagbag.py:540} INFO - Filling up the DagBag from /media/data/omar/programming course/DEPI/DEPI project/anomx/venv/lib/python3.12/site-packages/airflow/example_dags/example_params_trigger_ui.py
[2026-06-21T22:04:32.023+0300] {processor.py:840} INFO - DAG(s) 'example_params_trigger_ui' retrieved from /media/data/omar/programming course/DEPI/DEPI project/anomx/venv/lib/python3.12/site-packages/airflow/example_dags/example_params_trigger_ui.py
[2026-06-21T22:04:32.057+0300] {logging_mixin.py:188} INFO - [2026-06-21T22:04:32.057+0300] {dag.py:3096} INFO - Sync 1 DAGs
[2026-06-21T22:04:32.068+0300] {logging_mixin.py:188} INFO - [2026-06-21T22:04:32.067+0300] {dag.py:3954} INFO - Setting next_dagrun for example_params_trigger_ui to None, run_after=None
[2026-06-21T22:04:32.096+0300] {processor.py:183} INFO - Processing /media/data/omar/programming course/DEPI/DEPI project/anomx/venv/lib/python3.12/site-packages/airflow/example_dags/example_params_trigger_ui.py took 0.121 seconds
[2026-06-21T22:05:28.395+0300] {processor.py:161} INFO - Started process (PID=17989) to work on /media/data/omar/programming course/DEPI/DEPI project/anomx/venv/lib/python3.12/site-packages/airflow/example_dags/example_params_trigger_ui.py
[2026-06-21T22:05:28.397+0300] {processor.py:830} INFO - Processing file /media/data/omar/programming course/DEPI/DEPI project/anomx/venv/lib/python3.12/site-packages/airflow/example_dags/example_params_trigger_ui.py for tasks to queue
[2026-06-21T22:05:28.400+0300] {logging_mixin.py:188} INFO - [2026-06-21T22:05:28.399+0300] {dagbag.py:540} INFO - Filling up the DagBag from /media/data/omar/programming course/DEPI/DEPI project/anomx/venv/lib/python3.12/site-packages/airflow/example_dags/example_params_trigger_ui.py
[2026-06-21T22:05:28.420+0300] {processor.py:840} INFO - DAG(s) 'example_params_trigger_ui' retrieved from /media/data/omar/programming course/DEPI/DEPI project/anomx/venv/lib/python3.12/site-packages/airflow/example_dags/example_params_trigger_ui.py
[2026-06-21T22:05:28.454+0300] {logging_mixin.py:188} INFO - [2026-06-21T22:05:28.454+0300] {dag.py:3096} INFO - Sync 1 DAGs
[2026-06-21T22:05:28.464+0300] {logging_mixin.py:188} INFO - [2026-06-21T22:05:28.464+0300] {dag.py:3954} INFO - Setting next_dagrun for example_params_trigger_ui to None, run_after=None
[2026-06-21T22:05:28.492+0300] {processor.py:183} INFO - Processing /media/data/omar/programming course/DEPI/DEPI project/anomx/venv/lib/python3.12/site-packages/airflow/example_dags/example_params_trigger_ui.py took 0.108 seconds
[2026-06-21T22:06:24.030+0300] {processor.py:161} INFO - Started process (PID=18071) to work on /media/data/omar/programming course/DEPI/DEPI project/anomx/venv/lib/python3.12/site-packages/airflow/example_dags/example_params_trigger_ui.py
[2026-06-21T22:06:24.031+0300] {processor.py:830} INFO - Processing file /media/data/omar/programming course/DEPI/DEPI project/anomx/venv/lib/python3.12/site-packages/airflow/example_dags/example_params_trigger_ui.py for tasks to queue
[2026-06-21T22:06:24.033+0300] {logging_mixin.py:188} INFO - [2026-06-21T22:06:24.032+0300] {dagbag.py:540} INFO - Filling up the DagBag from /media/data/omar/programming course/DEPI/DEPI project/anomx/venv/lib/python3.12/site-packages/airflow/example_dags/example_params_trigger_ui.py
[2026-06-21T22:06:24.048+0300] {processor.py:840} INFO - DAG(s) 'example_params_trigger_ui' retrieved from /media/data/omar/programming course/DEPI/DEPI project/anomx/venv/lib/python3.12/site-packages/airflow/example_dags/example_params_trigger_ui.py
[2026-06-21T22:06:24.081+0300] {logging_mixin.py:188} INFO - [2026-06-21T22:06:24.080+0300] {dag.py:3096} INFO - Sync 1 DAGs
[2026-06-21T22:06:24.090+0300] {logging_mixin.py:188} INFO - [2026-06-21T22:06:24.089+0300] {dag.py:3954} INFO - Setting next_dagrun for example_params_trigger_ui to None, run_after=None
[2026-06-21T22:06:24.144+0300] {processor.py:183} INFO - Processing /media/data/omar/programming course/DEPI/DEPI project/anomx/venv/lib/python3.12/site-packages/airflow/example_dags/example_params_trigger_ui.py took 0.125 seconds
[2026-06-21T22:07:23.468+0300] {processor.py:161} INFO - Started process (PID=18163) to work on /media/data/omar/programming course/DEPI/DEPI project/anomx/venv/lib/python3.12/site-packages/airflow/example_dags/example_params_trigger_ui.py
[2026-06-21T22:07:23.469+0300] {processor.py:830} INFO - Processing file /media/data/omar/programming course/DEPI/DEPI project/anomx/venv/lib/python3.12/site-packages/airflow/example_dags/example_params_trigger_ui.py for tasks to queue
[2026-06-21T22:07:23.471+0300] {logging_mixin.py:188} INFO - [2026-06-21T22:07:23.471+0300] {dagbag.py:540} INFO - Filling up the DagBag from /media/data/omar/programming course/DEPI/DEPI project/anomx/venv/lib/python3.12/site-packages/airflow/example_dags/example_params_trigger_ui.py
[2026-06-21T22:07:23.486+0300] {processor.py:840} INFO - DAG(s) 'example_params_trigger_ui' retrieved from /media/data/omar/programming course/DEPI/DEPI project/anomx/venv/lib/python3.12/site-packages/airflow/example_dags/example_params_trigger_ui.py
[2026-06-21T22:07:23.598+0300] {logging_mixin.py:188} INFO - [2026-06-21T22:07:23.597+0300] {dag.py:3096} INFO - Sync 1 DAGs
[2026-06-21T22:07:23.605+0300] {logging_mixin.py:188} INFO - [2026-06-21T22:07:23.605+0300] {dag.py:3954} INFO - Setting next_dagrun for example_params_trigger_ui to None, run_after=None
[2026-06-21T22:07:23.631+0300] {processor.py:183} INFO - Processing /media/data/omar/programming course/DEPI/DEPI project/anomx/venv/lib/python3.12/site-packages/airflow/example_dags/example_params_trigger_ui.py took 0.173 seconds
[2026-06-21T22:08:21.765+0300] {processor.py:161} INFO - Started process (PID=18255) to work on /media/data/omar/programming course/DEPI/DEPI project/anomx/venv/lib/python3.12/site-packages/airflow/example_dags/example_params_trigger_ui.py
[2026-06-21T22:08:21.766+0300] {processor.py:830} INFO - Processing file /media/data/omar/programming course/DEPI/DEPI project/anomx/venv/lib/python3.12/site-packages/airflow/example_dags/example_params_trigger_ui.py for tasks to queue
[2026-06-21T22:08:21.768+0300] {logging_mixin.py:188} INFO - [2026-06-21T22:08:21.767+0300] {dagbag.py:540} INFO - Filling up the DagBag from /media/data/omar/programming course/DEPI/DEPI project/anomx/venv/lib/python3.12/site-packages/airflow/example_dags/example_params_trigger_ui.py
[2026-06-21T22:08:21.780+0300] {processor.py:840} INFO - DAG(s) 'example_params_trigger_ui' retrieved from /media/data/omar/programming course/DEPI/DEPI project/anomx/venv/lib/python3.12/site-packages/airflow/example_dags/example_params_trigger_ui.py
[2026-06-21T22:08:21.814+0300] {logging_mixin.py:188} INFO - [2026-06-21T22:08:21.813+0300] {dag.py:3096} INFO - Sync 1 DAGs
[2026-06-21T22:08:21.824+0300] {logging_mixin.py:188} INFO - [2026-06-21T22:08:21.823+0300] {dag.py:3954} INFO - Setting next_dagrun for example_params_trigger_ui to None, run_after=None
[2026-06-21T22:08:21.852+0300] {processor.py:183} INFO - Processing /media/data/omar/programming course/DEPI/DEPI project/anomx/venv/lib/python3.12/site-packages/airflow/example_dags/example_params_trigger_ui.py took 0.092 seconds
[2026-06-21T22:09:17.220+0300] {processor.py:161} INFO - Started process (PID=18369) to work on /media/data/omar/programming course/DEPI/DEPI project/anomx/venv/lib/python3.12/site-packages/airflow/example_dags/example_params_trigger_ui.py
[2026-06-21T22:09:17.223+0300] {processor.py:830} INFO - Processing file /media/data/omar/programming course/DEPI/DEPI project/anomx/venv/lib/python3.12/site-packages/airflow/example_dags/example_params_trigger_ui.py for tasks to queue
[2026-06-21T22:09:17.229+0300] {logging_mixin.py:188} INFO - [2026-06-21T22:09:17.228+0300] {dagbag.py:540} INFO - Filling up the DagBag from /media/data/omar/programming course/DEPI/DEPI project/anomx/venv/lib/python3.12/site-packages/airflow/example_dags/example_params_trigger_ui.py
[2026-06-21T22:09:17.259+0300] {processor.py:840} INFO - DAG(s) 'example_params_trigger_ui' retrieved from /media/data/omar/programming course/DEPI/DEPI project/anomx/venv/lib/python3.12/site-packages/airflow/example_dags/example_params_trigger_ui.py
[2026-06-21T22:09:17.299+0300] {logging_mixin.py:188} INFO - [2026-06-21T22:09:17.298+0300] {dag.py:3096} INFO - Sync 1 DAGs
[2026-06-21T22:09:17.309+0300] {logging_mixin.py:188} INFO - [2026-06-21T22:09:17.309+0300] {dag.py:3954} INFO - Setting next_dagrun for example_params_trigger_ui to None, run_after=None
[2026-06-21T22:09:17.336+0300] {processor.py:183} INFO - Processing /media/data/omar/programming course/DEPI/DEPI project/anomx/venv/lib/python3.12/site-packages/airflow/example_dags/example_params_trigger_ui.py took 0.135 seconds
[2026-06-21T22:10:21.998+0300] {processor.py:161} INFO - Started process (PID=18637) to work on /media/data/omar/programming course/DEPI/DEPI project/anomx/venv/lib/python3.12/site-packages/airflow/example_dags/example_params_trigger_ui.py
[2026-06-21T22:10:21.999+0300] {processor.py:830} INFO - Processing file /media/data/omar/programming course/DEPI/DEPI project/anomx/venv/lib/python3.12/site-packages/airflow/example_dags/example_params_trigger_ui.py for tasks to queue
[2026-06-21T22:10:22.001+0300] {logging_mixin.py:188} INFO - [2026-06-21T22:10:22.000+0300] {dagbag.py:540} INFO - Filling up the DagBag from /media/data/omar/programming course/DEPI/DEPI project/anomx/venv/lib/python3.12/site-packages/airflow/example_dags/example_params_trigger_ui.py
[2026-06-21T22:10:22.027+0300] {processor.py:840} INFO - DAG(s) 'example_params_trigger_ui' retrieved from /media/data/omar/programming course/DEPI/DEPI project/anomx/venv/lib/python3.12/site-packages/airflow/example_dags/example_params_trigger_ui.py
[2026-06-21T22:10:22.150+0300] {logging_mixin.py:188} INFO - [2026-06-21T22:10:22.150+0300] {dag.py:3096} INFO - Sync 1 DAGs
[2026-06-21T22:10:22.158+0300] {logging_mixin.py:188} INFO - [2026-06-21T22:10:22.158+0300] {dag.py:3954} INFO - Setting next_dagrun for example_params_trigger_ui to None, run_after=None
[2026-06-21T22:10:22.184+0300] {processor.py:183} INFO - Processing /media/data/omar/programming course/DEPI/DEPI project/anomx/venv/lib/python3.12/site-packages/airflow/example_dags/example_params_trigger_ui.py took 0.195 seconds
[2026-06-21T22:11:22.485+0300] {processor.py:161} INFO - Started process (PID=18824) to work on /media/data/omar/programming course/DEPI/DEPI project/anomx/venv/lib/python3.12/site-packages/airflow/example_dags/example_params_trigger_ui.py
[2026-06-21T22:11:22.486+0300] {processor.py:830} INFO - Processing file /media/data/omar/programming course/DEPI/DEPI project/anomx/venv/lib/python3.12/site-packages/airflow/example_dags/example_params_trigger_ui.py for tasks to queue
[2026-06-21T22:11:22.489+0300] {logging_mixin.py:188} INFO - [2026-06-21T22:11:22.488+0300] {dagbag.py:540} INFO - Filling up the DagBag from /media/data/omar/programming course/DEPI/DEPI project/anomx/venv/lib/python3.12/site-packages/airflow/example_dags/example_params_trigger_ui.py
[2026-06-21T22:11:22.504+0300] {processor.py:840} INFO - DAG(s) 'example_params_trigger_ui' retrieved from /media/data/omar/programming course/DEPI/DEPI project/anomx/venv/lib/python3.12/site-packages/airflow/example_dags/example_params_trigger_ui.py
[2026-06-21T22:11:22.541+0300] {logging_mixin.py:188} INFO - [2026-06-21T22:11:22.541+0300] {dag.py:3096} INFO - Sync 1 DAGs
[2026-06-21T22:11:22.552+0300] {logging_mixin.py:188} INFO - [2026-06-21T22:11:22.551+0300] {dag.py:3954} INFO - Setting next_dagrun for example_params_trigger_ui to None, run_after=None
[2026-06-21T22:11:22.580+0300] {processor.py:183} INFO - Processing /media/data/omar/programming course/DEPI/DEPI project/anomx/venv/lib/python3.12/site-packages/airflow/example_dags/example_params_trigger_ui.py took 0.100 seconds
[2026-06-21T22:12:13.569+0300] {processor.py:161} INFO - Started process (PID=18914) to work on /media/data/omar/programming course/DEPI/DEPI project/anomx/venv/lib/python3.12/site-packages/airflow/example_dags/example_params_trigger_ui.py
[2026-06-21T22:12:13.571+0300] {processor.py:830} INFO - Processing file /media/data/omar/programming course/DEPI/DEPI project/anomx/venv/lib/python3.12/site-packages/airflow/example_dags/example_params_trigger_ui.py for tasks to queue
[2026-06-21T22:12:13.575+0300] {logging_mixin.py:188} INFO - [2026-06-21T22:12:13.574+0300] {dagbag.py:540} INFO - Filling up the DagBag from /media/data/omar/programming course/DEPI/DEPI project/anomx/venv/lib/python3.12/site-packages/airflow/example_dags/example_params_trigger_ui.py
[2026-06-21T22:12:13.594+0300] {processor.py:840} INFO - DAG(s) 'example_params_trigger_ui' retrieved from /media/data/omar/programming course/DEPI/DEPI project/anomx/venv/lib/python3.12/site-packages/airflow/example_dags/example_params_trigger_ui.py
[2026-06-21T22:12:13.633+0300] {logging_mixin.py:188} INFO - [2026-06-21T22:12:13.632+0300] {dag.py:3096} INFO - Sync 1 DAGs
[2026-06-21T22:12:13.642+0300] {logging_mixin.py:188} INFO - [2026-06-21T22:12:13.642+0300] {dag.py:3954} INFO - Setting next_dagrun for example_params_trigger_ui to None, run_after=None
[2026-06-21T22:12:13.669+0300] {processor.py:183} INFO - Processing /media/data/omar/programming course/DEPI/DEPI project/anomx/venv/lib/python3.12/site-packages/airflow/example_dags/example_params_trigger_ui.py took 0.118 seconds
[2026-06-21T22:13:10.530+0300] {processor.py:161} INFO - Started process (PID=19003) to work on /media/data/omar/programming course/DEPI/DEPI project/anomx/venv/lib/python3.12/site-packages/airflow/example_dags/example_params_trigger_ui.py
[2026-06-21T22:13:10.531+0300] {processor.py:830} INFO - Processing file /media/data/omar/programming course/DEPI/DEPI project/anomx/venv/lib/python3.12/site-packages/airflow/example_dags/example_params_trigger_ui.py for tasks to queue
[2026-06-21T22:13:10.533+0300] {logging_mixin.py:188} INFO - [2026-06-21T22:13:10.533+0300] {dagbag.py:540} INFO - Filling up the DagBag from /media/data/omar/programming course/DEPI/DEPI project/anomx/venv/lib/python3.12/site-packages/airflow/example_dags/example_params_trigger_ui.py
[2026-06-21T22:13:10.550+0300] {processor.py:840} INFO - DAG(s) 'example_params_trigger_ui' retrieved from /media/data/omar/programming course/DEPI/DEPI project/anomx/venv/lib/python3.12/site-packages/airflow/example_dags/example_params_trigger_ui.py
[2026-06-21T22:13:10.594+0300] {logging_mixin.py:188} INFO - [2026-06-21T22:13:10.593+0300] {dag.py:3096} INFO - Sync 1 DAGs
[2026-06-21T22:13:10.603+0300] {logging_mixin.py:188} INFO - [2026-06-21T22:13:10.603+0300] {dag.py:3954} INFO - Setting next_dagrun for example_params_trigger_ui to None, run_after=None
[2026-06-21T22:13:10.631+0300] {processor.py:183} INFO - Processing /media/data/omar/programming course/DEPI/DEPI project/anomx/venv/lib/python3.12/site-packages/airflow/example_dags/example_params_trigger_ui.py took 0.110 seconds
[2026-06-21T22:13:56.882+0300] {processor.py:161} INFO - Started process (PID=19133) to work on /media/data/omar/programming course/DEPI/DEPI project/anomx/venv/lib/python3.12/site-packages/airflow/example_dags/example_params_trigger_ui.py
[2026-06-21T22:13:56.883+0300] {processor.py:830} INFO - Processing file /media/data/omar/programming course/DEPI/DEPI project/anomx/venv/lib/python3.12/site-packages/airflow/example_dags/example_params_trigger_ui.py for tasks to queue
[2026-06-21T22:13:56.886+0300] {logging_mixin.py:188} INFO - [2026-06-21T22:13:56.885+0300] {dagbag.py:540} INFO - Filling up the DagBag from /media/data/omar/programming course/DEPI/DEPI project/anomx/venv/lib/python3.12/site-packages/airflow/example_dags/example_params_trigger_ui.py
[2026-06-21T22:13:56.904+0300] {processor.py:840} INFO - DAG(s) 'example_params_trigger_ui' retrieved from /media/data/omar/programming course/DEPI/DEPI project/anomx/venv/lib/python3.12/site-packages/airflow/example_dags/example_params_trigger_ui.py
[2026-06-21T22:13:56.943+0300] {logging_mixin.py:188} INFO - [2026-06-21T22:13:56.942+0300] {dag.py:3096} INFO - Sync 1 DAGs
[2026-06-21T22:13:56.954+0300] {logging_mixin.py:188} INFO - [2026-06-21T22:13:56.953+0300] {dag.py:3954} INFO - Setting next_dagrun for example_params_trigger_ui to None, run_after=None
[2026-06-21T22:13:56.986+0300] {processor.py:183} INFO - Processing /media/data/omar/programming course/DEPI/DEPI project/anomx/venv/lib/python3.12/site-packages/airflow/example_dags/example_params_trigger_ui.py took 0.111 seconds
[2026-06-21T22:14:55.953+0300] {processor.py:161} INFO - Started process (PID=19239) to work on /media/data/omar/programming course/DEPI/DEPI project/anomx/venv/lib/python3.12/site-packages/airflow/example_dags/example_params_trigger_ui.py
[2026-06-21T22:14:55.955+0300] {processor.py:830} INFO - Processing file /media/data/omar/programming course/DEPI/DEPI project/anomx/venv/lib/python3.12/site-packages/airflow/example_dags/example_params_trigger_ui.py for tasks to queue
[2026-06-21T22:14:55.957+0300] {logging_mixin.py:188} INFO - [2026-06-21T22:14:55.957+0300] {dagbag.py:540} INFO - Filling up the DagBag from /media/data/omar/programming course/DEPI/DEPI project/anomx/venv/lib/python3.12/site-packages/airflow/example_dags/example_params_trigger_ui.py
[2026-06-21T22:14:55.972+0300] {processor.py:840} INFO - DAG(s) 'example_params_trigger_ui' retrieved from /media/data/omar/programming course/DEPI/DEPI project/anomx/venv/lib/python3.12/site-packages/airflow/example_dags/example_params_trigger_ui.py
[2026-06-21T22:14:56.006+0300] {logging_mixin.py:188} INFO - [2026-06-21T22:14:56.006+0300] {dag.py:3096} INFO - Sync 1 DAGs
[2026-06-21T22:14:56.017+0300] {logging_mixin.py:188} INFO - [2026-06-21T22:14:56.016+0300] {dag.py:3954} INFO - Setting next_dagrun for example_params_trigger_ui to None, run_after=None
[2026-06-21T22:14:56.045+0300] {processor.py:183} INFO - Processing /media/data/omar/programming course/DEPI/DEPI project/anomx/venv/lib/python3.12/site-packages/airflow/example_dags/example_params_trigger_ui.py took 0.106 seconds
[2026-06-21T22:15:51.049+0300] {processor.py:161} INFO - Started process (PID=19585) to work on /media/data/omar/programming course/DEPI/DEPI project/anomx/venv/lib/python3.12/site-packages/airflow/example_dags/example_params_trigger_ui.py
[2026-06-21T22:15:51.050+0300] {processor.py:830} INFO - Processing file /media/data/omar/programming course/DEPI/DEPI project/anomx/venv/lib/python3.12/site-packages/airflow/example_dags/example_params_trigger_ui.py for tasks to queue
[2026-06-21T22:15:51.053+0300] {logging_mixin.py:188} INFO - [2026-06-21T22:15:51.052+0300] {dagbag.py:540} INFO - Filling up the DagBag from /media/data/omar/programming course/DEPI/DEPI project/anomx/venv/lib/python3.12/site-packages/airflow/example_dags/example_params_trigger_ui.py
[2026-06-21T22:15:51.075+0300] {processor.py:840} INFO - DAG(s) 'example_params_trigger_ui' retrieved from /media/data/omar/programming course/DEPI/DEPI project/anomx/venv/lib/python3.12/site-packages/airflow/example_dags/example_params_trigger_ui.py
[2026-06-21T22:15:51.132+0300] {logging_mixin.py:188} INFO - [2026-06-21T22:15:51.132+0300] {dag.py:3096} INFO - Sync 1 DAGs
[2026-06-21T22:15:51.150+0300] {logging_mixin.py:188} INFO - [2026-06-21T22:15:51.149+0300] {dag.py:3954} INFO - Setting next_dagrun for example_params_trigger_ui to None, run_after=None
[2026-06-21T22:15:51.203+0300] {processor.py:183} INFO - Processing /media/data/omar/programming course/DEPI/DEPI project/anomx/venv/lib/python3.12/site-packages/airflow/example_dags/example_params_trigger_ui.py took 0.161 seconds
[2026-06-21T22:16:48.423+0300] {processor.py:161} INFO - Started process (PID=19721) to work on /media/data/omar/programming course/DEPI/DEPI project/anomx/venv/lib/python3.12/site-packages/airflow/example_dags/example_params_trigger_ui.py
[2026-06-21T22:16:48.428+0300] {processor.py:830} INFO - Processing file /media/data/omar/programming course/DEPI/DEPI project/anomx/venv/lib/python3.12/site-packages/airflow/example_dags/example_params_trigger_ui.py for tasks to queue
[2026-06-21T22:16:48.439+0300] {logging_mixin.py:188} INFO - [2026-06-21T22:16:48.436+0300] {dagbag.py:540} INFO - Filling up the DagBag from /media/data/omar/programming course/DEPI/DEPI project/anomx/venv/lib/python3.12/site-packages/airflow/example_dags/example_params_trigger_ui.py
[2026-06-21T22:16:48.479+0300] {processor.py:840} INFO - DAG(s) 'example_params_trigger_ui' retrieved from /media/data/omar/programming course/DEPI/DEPI project/anomx/venv/lib/python3.12/site-packages/airflow/example_dags/example_params_trigger_ui.py
[2026-06-21T22:16:48.559+0300] {logging_mixin.py:188} INFO - [2026-06-21T22:16:48.558+0300] {dag.py:3096} INFO - Sync 1 DAGs
[2026-06-21T22:16:48.577+0300] {logging_mixin.py:188} INFO - [2026-06-21T22:16:48.577+0300] {dag.py:3954} INFO - Setting next_dagrun for example_params_trigger_ui to None, run_after=None
[2026-06-21T22:16:48.628+0300] {processor.py:183} INFO - Processing /media/data/omar/programming course/DEPI/DEPI project/anomx/venv/lib/python3.12/site-packages/airflow/example_dags/example_params_trigger_ui.py took 0.236 seconds
[2026-06-21T22:17:48.259+0300] {processor.py:161} INFO - Started process (PID=19895) to work on /media/data/omar/programming course/DEPI/DEPI project/anomx/venv/lib/python3.12/site-packages/airflow/example_dags/example_params_trigger_ui.py
[2026-06-21T22:17:48.263+0300] {processor.py:830} INFO - Processing file /media/data/omar/programming course/DEPI/DEPI project/anomx/venv/lib/python3.12/site-packages/airflow/example_dags/example_params_trigger_ui.py for tasks to queue
[2026-06-21T22:17:48.268+0300] {logging_mixin.py:188} INFO - [2026-06-21T22:17:48.267+0300] {dagbag.py:540} INFO - Filling up the DagBag from /media/data/omar/programming course/DEPI/DEPI project/anomx/venv/lib/python3.12/site-packages/airflow/example_dags/example_params_trigger_ui.py
[2026-06-21T22:17:48.301+0300] {processor.py:840} INFO - DAG(s) 'example_params_trigger_ui' retrieved from /media/data/omar/programming course/DEPI/DEPI project/anomx/venv/lib/python3.12/site-packages/airflow/example_dags/example_params_trigger_ui.py
[2026-06-21T22:17:48.372+0300] {logging_mixin.py:188} INFO - [2026-06-21T22:17:48.372+0300] {dag.py:3096} INFO - Sync 1 DAGs
[2026-06-21T22:17:48.392+0300] {logging_mixin.py:188} INFO - [2026-06-21T22:17:48.391+0300] {dag.py:3954} INFO - Setting next_dagrun for example_params_trigger_ui to None, run_after=None
[2026-06-21T22:17:48.458+0300] {processor.py:183} INFO - Processing /media/data/omar/programming course/DEPI/DEPI project/anomx/venv/lib/python3.12/site-packages/airflow/example_dags/example_params_trigger_ui.py took 0.215 seconds
[2026-06-21T22:18:45.159+0300] {processor.py:161} INFO - Started process (PID=19990) to work on /media/data/omar/programming course/DEPI/DEPI project/anomx/venv/lib/python3.12/site-packages/airflow/example_dags/example_params_trigger_ui.py
[2026-06-21T22:18:45.162+0300] {processor.py:830} INFO - Processing file /media/data/omar/programming course/DEPI/DEPI project/anomx/venv/lib/python3.12/site-packages/airflow/example_dags/example_params_trigger_ui.py for tasks to queue
[2026-06-21T22:18:45.167+0300] {logging_mixin.py:188} INFO - [2026-06-21T22:18:45.166+0300] {dagbag.py:540} INFO - Filling up the DagBag from /media/data/omar/programming course/DEPI/DEPI project/anomx/venv/lib/python3.12/site-packages/airflow/example_dags/example_params_trigger_ui.py
[2026-06-21T22:18:45.185+0300] {processor.py:840} INFO - DAG(s) 'example_params_trigger_ui' retrieved from /media/data/omar/programming course/DEPI/DEPI project/anomx/venv/lib/python3.12/site-packages/airflow/example_dags/example_params_trigger_ui.py
[2026-06-21T22:18:45.217+0300] {logging_mixin.py:188} INFO - [2026-06-21T22:18:45.216+0300] {dag.py:3096} INFO - Sync 1 DAGs
[2026-06-21T22:18:45.226+0300] {logging_mixin.py:188} INFO - [2026-06-21T22:18:45.225+0300] {dag.py:3954} INFO - Setting next_dagrun for example_params_trigger_ui to None, run_after=None
[2026-06-21T22:18:45.252+0300] {processor.py:183} INFO - Processing /media/data/omar/programming course/DEPI/DEPI project/anomx/venv/lib/python3.12/site-packages/airflow/example_dags/example_params_trigger_ui.py took 0.110 seconds
[2026-06-21T22:19:42.720+0300] {processor.py:161} INFO - Started process (PID=20101) to work on /media/data/omar/programming course/DEPI/DEPI project/anomx/venv/lib/python3.12/site-packages/airflow/example_dags/example_params_trigger_ui.py
[2026-06-21T22:19:42.725+0300] {processor.py:830} INFO - Processing file /media/data/omar/programming course/DEPI/DEPI project/anomx/venv/lib/python3.12/site-packages/airflow/example_dags/example_params_trigger_ui.py for tasks to queue
[2026-06-21T22:19:42.729+0300] {logging_mixin.py:188} INFO - [2026-06-21T22:19:42.728+0300] {dagbag.py:540} INFO - Filling up the DagBag from /media/data/omar/programming course/DEPI/DEPI project/anomx/venv/lib/python3.12/site-packages/airflow/example_dags/example_params_trigger_ui.py
[2026-06-21T22:19:42.748+0300] {processor.py:840} INFO - DAG(s) 'example_params_trigger_ui' retrieved from /media/data/omar/programming course/DEPI/DEPI project/anomx/venv/lib/python3.12/site-packages/airflow/example_dags/example_params_trigger_ui.py
[2026-06-21T22:19:42.785+0300] {logging_mixin.py:188} INFO - [2026-06-21T22:19:42.784+0300] {dag.py:3096} INFO - Sync 1 DAGs
[2026-06-21T22:19:42.795+0300] {logging_mixin.py:188} INFO - [2026-06-21T22:19:42.795+0300] {dag.py:3954} INFO - Setting next_dagrun for example_params_trigger_ui to None, run_after=None
[2026-06-21T22:19:42.829+0300] {processor.py:183} INFO - Processing /media/data/omar/programming course/DEPI/DEPI project/anomx/venv/lib/python3.12/site-packages/airflow/example_dags/example_params_trigger_ui.py took 0.119 seconds
[2026-06-21T22:21:15.820+0300] {processor.py:161} INFO - Started process (PID=20257) to work on /media/data/omar/programming course/DEPI/DEPI project/anomx/venv/lib/python3.12/site-packages/airflow/example_dags/example_params_trigger_ui.py
[2026-06-21T22:21:15.821+0300] {processor.py:830} INFO - Processing file /media/data/omar/programming course/DEPI/DEPI project/anomx/venv/lib/python3.12/site-packages/airflow/example_dags/example_params_trigger_ui.py for tasks to queue
[2026-06-21T22:21:15.822+0300] {logging_mixin.py:188} INFO - [2026-06-21T22:21:15.822+0300] {dagbag.py:540} INFO - Filling up the DagBag from /media/data/omar/programming course/DEPI/DEPI project/anomx/venv/lib/python3.12/site-packages/airflow/example_dags/example_params_trigger_ui.py
[2026-06-21T22:21:15.843+0300] {processor.py:840} INFO - DAG(s) 'example_params_trigger_ui' retrieved from /media/data/omar/programming course/DEPI/DEPI project/anomx/venv/lib/python3.12/site-packages/airflow/example_dags/example_params_trigger_ui.py
[2026-06-21T22:21:15.909+0300] {logging_mixin.py:188} INFO - [2026-06-21T22:21:15.907+0300] {dag.py:3096} INFO - Sync 1 DAGs
[2026-06-21T22:21:15.932+0300] {logging_mixin.py:188} INFO - [2026-06-21T22:21:15.931+0300] {dag.py:3954} INFO - Setting next_dagrun for example_params_trigger_ui to None, run_after=None
[2026-06-21T22:21:15.983+0300] {processor.py:183} INFO - Processing /media/data/omar/programming course/DEPI/DEPI project/anomx/venv/lib/python3.12/site-packages/airflow/example_dags/example_params_trigger_ui.py took 0.171 seconds
[2026-06-21T22:23:28.053+0300] {processor.py:161} INFO - Started process (PID=20489) to work on /media/data/omar/programming course/DEPI/DEPI project/anomx/venv/lib/python3.12/site-packages/airflow/example_dags/example_params_trigger_ui.py
[2026-06-21T22:23:28.054+0300] {processor.py:830} INFO - Processing file /media/data/omar/programming course/DEPI/DEPI project/anomx/venv/lib/python3.12/site-packages/airflow/example_dags/example_params_trigger_ui.py for tasks to queue
[2026-06-21T22:23:28.055+0300] {logging_mixin.py:188} INFO - [2026-06-21T22:23:28.055+0300] {dagbag.py:540} INFO - Filling up the DagBag from /media/data/omar/programming course/DEPI/DEPI project/anomx/venv/lib/python3.12/site-packages/airflow/example_dags/example_params_trigger_ui.py
[2026-06-21T22:23:28.066+0300] {processor.py:840} INFO - DAG(s) 'example_params_trigger_ui' retrieved from /media/data/omar/programming course/DEPI/DEPI project/anomx/venv/lib/python3.12/site-packages/airflow/example_dags/example_params_trigger_ui.py
[2026-06-21T22:23:28.099+0300] {logging_mixin.py:188} INFO - [2026-06-21T22:23:28.098+0300] {dag.py:3096} INFO - Sync 1 DAGs
[2026-06-21T22:23:28.108+0300] {logging_mixin.py:188} INFO - [2026-06-21T22:23:28.108+0300] {dag.py:3954} INFO - Setting next_dagrun for example_params_trigger_ui to None, run_after=None
[2026-06-21T22:23:28.134+0300] {processor.py:183} INFO - Processing /media/data/omar/programming course/DEPI/DEPI project/anomx/venv/lib/python3.12/site-packages/airflow/example_dags/example_params_trigger_ui.py took 0.085 seconds
[2026-06-21T22:24:24.950+0300] {processor.py:161} INFO - Started process (PID=20582) to work on /media/data/omar/programming course/DEPI/DEPI project/anomx/venv/lib/python3.12/site-packages/airflow/example_dags/example_params_trigger_ui.py
[2026-06-21T22:24:24.951+0300] {processor.py:830} INFO - Processing file /media/data/omar/programming course/DEPI/DEPI project/anomx/venv/lib/python3.12/site-packages/airflow/example_dags/example_params_trigger_ui.py for tasks to queue
[2026-06-21T22:24:24.954+0300] {logging_mixin.py:188} INFO - [2026-06-21T22:24:24.953+0300] {dagbag.py:540} INFO - Filling up the DagBag from /media/data/omar/programming course/DEPI/DEPI project/anomx/venv/lib/python3.12/site-packages/airflow/example_dags/example_params_trigger_ui.py
[2026-06-21T22:24:24.975+0300] {processor.py:840} INFO - DAG(s) 'example_params_trigger_ui' retrieved from /media/data/omar/programming course/DEPI/DEPI project/anomx/venv/lib/python3.12/site-packages/airflow/example_dags/example_params_trigger_ui.py
[2026-06-21T22:24:25.007+0300] {logging_mixin.py:188} INFO - [2026-06-21T22:24:25.007+0300] {dag.py:3096} INFO - Sync 1 DAGs
[2026-06-21T22:24:25.017+0300] {logging_mixin.py:188} INFO - [2026-06-21T22:24:25.016+0300] {dag.py:3954} INFO - Setting next_dagrun for example_params_trigger_ui to None, run_after=None
[2026-06-21T22:24:25.046+0300] {processor.py:183} INFO - Processing /media/data/omar/programming course/DEPI/DEPI project/anomx/venv/lib/python3.12/site-packages/airflow/example_dags/example_params_trigger_ui.py took 0.105 seconds
[2026-06-21T22:48:15.098+0300] {processor.py:161} INFO - Started process (PID=22149) to work on /media/data/omar/programming course/DEPI/DEPI project/anomx/venv/lib/python3.12/site-packages/airflow/example_dags/example_params_trigger_ui.py
[2026-06-21T22:48:15.100+0300] {processor.py:830} INFO - Processing file /media/data/omar/programming course/DEPI/DEPI project/anomx/venv/lib/python3.12/site-packages/airflow/example_dags/example_params_trigger_ui.py for tasks to queue
[2026-06-21T22:48:15.103+0300] {logging_mixin.py:188} INFO - [2026-06-21T22:48:15.102+0300] {dagbag.py:540} INFO - Filling up the DagBag from /media/data/omar/programming course/DEPI/DEPI project/anomx/venv/lib/python3.12/site-packages/airflow/example_dags/example_params_trigger_ui.py
[2026-06-21T22:48:15.129+0300] {processor.py:840} INFO - DAG(s) 'example_params_trigger_ui' retrieved from /media/data/omar/programming course/DEPI/DEPI project/anomx/venv/lib/python3.12/site-packages/airflow/example_dags/example_params_trigger_ui.py
[2026-06-21T22:48:15.175+0300] {logging_mixin.py:188} INFO - [2026-06-21T22:48:15.174+0300] {dag.py:3096} INFO - Sync 1 DAGs
[2026-06-21T22:48:15.184+0300] {logging_mixin.py:188} INFO - [2026-06-21T22:48:15.184+0300] {dag.py:3118} INFO - Creating ORM DAG for example_params_trigger_ui
[2026-06-21T22:48:15.185+0300] {logging_mixin.py:188} INFO - [2026-06-21T22:48:15.185+0300] {dag.py:3954} INFO - Setting next_dagrun for example_params_trigger_ui to None, run_after=None
[2026-06-21T22:48:15.214+0300] {processor.py:183} INFO - Processing /media/data/omar/programming course/DEPI/DEPI project/anomx/venv/lib/python3.12/site-packages/airflow/example_dags/example_params_trigger_ui.py took 0.126 seconds
[2026-06-21T22:49:13.363+0300] {processor.py:161} INFO - Started process (PID=22241) to work on /media/data/omar/programming course/DEPI/DEPI project/anomx/venv/lib/python3.12/site-packages/airflow/example_dags/example_params_trigger_ui.py
[2026-06-21T22:49:13.365+0300] {processor.py:830} INFO - Processing file /media/data/omar/programming course/DEPI/DEPI project/anomx/venv/lib/python3.12/site-packages/airflow/example_dags/example_params_trigger_ui.py for tasks to queue
[2026-06-21T22:49:13.367+0300] {logging_mixin.py:188} INFO - [2026-06-21T22:49:13.367+0300] {dagbag.py:540} INFO - Filling up the DagBag from /media/data/omar/programming course/DEPI/DEPI project/anomx/venv/lib/python3.12/site-packages/airflow/example_dags/example_params_trigger_ui.py
[2026-06-21T22:49:13.385+0300] {processor.py:840} INFO - DAG(s) 'example_params_trigger_ui' retrieved from /media/data/omar/programming course/DEPI/DEPI project/anomx/venv/lib/python3.12/site-packages/airflow/example_dags/example_params_trigger_ui.py
[2026-06-21T22:49:13.420+0300] {logging_mixin.py:188} INFO - [2026-06-21T22:49:13.420+0300] {dag.py:3096} INFO - Sync 1 DAGs
[2026-06-21T22:49:13.431+0300] {logging_mixin.py:188} INFO - [2026-06-21T22:49:13.430+0300] {dag.py:3954} INFO - Setting next_dagrun for example_params_trigger_ui to None, run_after=None
[2026-06-21T22:49:13.462+0300] {processor.py:183} INFO - Processing /media/data/omar/programming course/DEPI/DEPI project/anomx/venv/lib/python3.12/site-packages/airflow/example_dags/example_params_trigger_ui.py took 0.107 seconds
[2026-06-21T22:50:11.865+0300] {processor.py:161} INFO - Started process (PID=22332) to work on /media/data/omar/programming course/DEPI/DEPI project/anomx/venv/lib/python3.12/site-packages/airflow/example_dags/example_params_trigger_ui.py
[2026-06-21T22:50:11.866+0300] {processor.py:830} INFO - Processing file /media/data/omar/programming course/DEPI/DEPI project/anomx/venv/lib/python3.12/site-packages/airflow/example_dags/example_params_trigger_ui.py for tasks to queue
[2026-06-21T22:50:11.867+0300] {logging_mixin.py:188} INFO - [2026-06-21T22:50:11.867+0300] {dagbag.py:540} INFO - Filling up the DagBag from /media/data/omar/programming course/DEPI/DEPI project/anomx/venv/lib/python3.12/site-packages/airflow/example_dags/example_params_trigger_ui.py
[2026-06-21T22:50:11.882+0300] {processor.py:840} INFO - DAG(s) 'example_params_trigger_ui' retrieved from /media/data/omar/programming course/DEPI/DEPI project/anomx/venv/lib/python3.12/site-packages/airflow/example_dags/example_params_trigger_ui.py
[2026-06-21T22:50:11.920+0300] {logging_mixin.py:188} INFO - [2026-06-21T22:50:11.920+0300] {dag.py:3096} INFO - Sync 1 DAGs
[2026-06-21T22:50:11.931+0300] {logging_mixin.py:188} INFO - [2026-06-21T22:50:11.931+0300] {dag.py:3954} INFO - Setting next_dagrun for example_params_trigger_ui to None, run_after=None
[2026-06-21T22:50:11.963+0300] {processor.py:183} INFO - Processing /media/data/omar/programming course/DEPI/DEPI project/anomx/venv/lib/python3.12/site-packages/airflow/example_dags/example_params_trigger_ui.py took 0.106 seconds
[2026-06-21T22:51:11.599+0300] {processor.py:161} INFO - Started process (PID=22594) to work on /media/data/omar/programming course/DEPI/DEPI project/anomx/venv/lib/python3.12/site-packages/airflow/example_dags/example_params_trigger_ui.py
[2026-06-21T22:51:11.600+0300] {processor.py:830} INFO - Processing file /media/data/omar/programming course/DEPI/DEPI project/anomx/venv/lib/python3.12/site-packages/airflow/example_dags/example_params_trigger_ui.py for tasks to queue
[2026-06-21T22:51:11.603+0300] {logging_mixin.py:188} INFO - [2026-06-21T22:51:11.603+0300] {dagbag.py:540} INFO - Filling up the DagBag from /media/data/omar/programming course/DEPI/DEPI project/anomx/venv/lib/python3.12/site-packages/airflow/example_dags/example_params_trigger_ui.py
[2026-06-21T22:51:11.620+0300] {processor.py:840} INFO - DAG(s) 'example_params_trigger_ui' retrieved from /media/data/omar/programming course/DEPI/DEPI project/anomx/venv/lib/python3.12/site-packages/airflow/example_dags/example_params_trigger_ui.py
[2026-06-21T22:51:11.661+0300] {logging_mixin.py:188} INFO - [2026-06-21T22:51:11.661+0300] {dag.py:3096} INFO - Sync 1 DAGs
[2026-06-21T22:51:11.672+0300] {logging_mixin.py:188} INFO - [2026-06-21T22:51:11.672+0300] {dag.py:3954} INFO - Setting next_dagrun for example_params_trigger_ui to None, run_after=None
[2026-06-21T22:51:11.713+0300] {processor.py:183} INFO - Processing /media/data/omar/programming course/DEPI/DEPI project/anomx/venv/lib/python3.12/site-packages/airflow/example_dags/example_params_trigger_ui.py took 0.121 seconds
