[2026-06-21T21:39:34.754+0300] {processor.py:161} INFO - Started process (PID=15146) to work on /media/data/omar/programming course/DEPI/DEPI project/anomx/venv/lib/python3.12/site-packages/airflow/example_dags/example_branch_labels.py
[2026-06-21T21:39:34.755+0300] {processor.py:830} INFO - Processing file /media/data/omar/programming course/DEPI/DEPI project/anomx/venv/lib/python3.12/site-packages/airflow/example_dags/example_branch_labels.py for tasks to queue
[2026-06-21T21:39:34.757+0300] {logging_mixin.py:188} INFO - [2026-06-21T21:39:34.756+0300] {dagbag.py:540} INFO - Filling up the DagBag from /media/data/omar/programming course/DEPI/DEPI project/anomx/venv/lib/python3.12/site-packages/airflow/example_dags/example_branch_labels.py
[2026-06-21T21:39:34.767+0300] {processor.py:840} INFO - DAG(s) 'example_branch_labels' retrieved from /media/data/omar/programming course/DEPI/DEPI project/anomx/venv/lib/python3.12/site-packages/airflow/example_dags/example_branch_labels.py
[2026-06-21T21:39:34.975+0300] {logging_mixin.py:188} INFO - [2026-06-21T21:39:34.974+0300] {override.py:1829} INFO - Created Permission View: can edit on DAG:example_branch_labels
[2026-06-21T21:39:34.994+0300] {logging_mixin.py:188} INFO - [2026-06-21T21:39:34.993+0300] {override.py:1829} INFO - Created Permission View: can read on DAG:example_branch_labels
[2026-06-21T21:39:35.010+0300] {logging_mixin.py:188} INFO - [2026-06-21T21:39:35.009+0300] {override.py:1829} INFO - Created Permission View: can delete on DAG:example_branch_labels
[2026-06-21T21:39:35.010+0300] {logging_mixin.py:188} INFO - [2026-06-21T21:39:35.010+0300] {dag.py:3096} INFO - Sync 1 DAGs
[2026-06-21T21:39:35.020+0300] {logging_mixin.py:188} INFO - [2026-06-21T21:39:35.019+0300] {dag.py:3118} INFO - Creating ORM DAG for example_branch_labels
[2026-06-21T21:39:35.030+0300] {logging_mixin.py:188} INFO - [2026-06-21T21:39:35.030+0300] {dag.py:3954} INFO - Setting next_dagrun for example_branch_labels to 2026-06-20 00:00:00+00:00, run_after=2026-06-21 00:00:00+00:00
[2026-06-21T21:39:35.060+0300] {processor.py:183} INFO - Processing /media/data/omar/programming course/DEPI/DEPI project/anomx/venv/lib/python3.12/site-packages/airflow/example_dags/example_branch_labels.py took 0.312 seconds
[2026-06-21T21:40:37.261+0300] {processor.py:161} INFO - Started process (PID=15250) to work on /media/data/omar/programming course/DEPI/DEPI project/anomx/venv/lib/python3.12/site-packages/airflow/example_dags/example_branch_labels.py
[2026-06-21T21:40:37.262+0300] {processor.py:830} INFO - Processing file /media/data/omar/programming course/DEPI/DEPI project/anomx/venv/lib/python3.12/site-packages/airflow/example_dags/example_branch_labels.py for tasks to queue
[2026-06-21T21:40:37.264+0300] {logging_mixin.py:188} INFO - [2026-06-21T21:40:37.263+0300] {dagbag.py:540} INFO - Filling up the DagBag from /media/data/omar/programming course/DEPI/DEPI project/anomx/venv/lib/python3.12/site-packages/airflow/example_dags/example_branch_labels.py
[2026-06-21T21:40:37.273+0300] {processor.py:840} INFO - DAG(s) 'example_branch_labels' retrieved from /media/data/omar/programming course/DEPI/DEPI project/anomx/venv/lib/python3.12/site-packages/airflow/example_dags/example_branch_labels.py
[2026-06-21T21:40:37.290+0300] {logging_mixin.py:188} INFO - [2026-06-21T21:40:37.290+0300] {dag.py:3096} INFO - Sync 1 DAGs
[2026-06-21T21:40:37.307+0300] {logging_mixin.py:188} INFO - [2026-06-21T21:40:37.307+0300] {dag.py:3954} INFO - Setting next_dagrun for example_branch_labels to 2026-06-20 00:00:00+00:00, run_after=2026-06-21 00:00:00+00:00
[2026-06-21T21:40:37.347+0300] {processor.py:183} INFO - Processing /media/data/omar/programming course/DEPI/DEPI project/anomx/venv/lib/python3.12/site-packages/airflow/example_dags/example_branch_labels.py took 0.092 seconds
[2026-06-21T21:41:39.799+0300] {processor.py:161} INFO - Started process (PID=15394) to work on /media/data/omar/programming course/DEPI/DEPI project/anomx/venv/lib/python3.12/site-packages/airflow/example_dags/example_branch_labels.py
[2026-06-21T21:41:39.801+0300] {processor.py:830} INFO - Processing file /media/data/omar/programming course/DEPI/DEPI project/anomx/venv/lib/python3.12/site-packages/airflow/example_dags/example_branch_labels.py for tasks to queue
[2026-06-21T21:41:39.803+0300] {logging_mixin.py:188} INFO - [2026-06-21T21:41:39.802+0300] {dagbag.py:540} INFO - Filling up the DagBag from /media/data/omar/programming course/DEPI/DEPI project/anomx/venv/lib/python3.12/site-packages/airflow/example_dags/example_branch_labels.py
[2026-06-21T21:41:39.813+0300] {processor.py:840} INFO - DAG(s) 'example_branch_labels' retrieved from /media/data/omar/programming course/DEPI/DEPI project/anomx/venv/lib/python3.12/site-packages/airflow/example_dags/example_branch_labels.py
[2026-06-21T21:41:39.834+0300] {logging_mixin.py:188} INFO - [2026-06-21T21:41:39.834+0300] {dag.py:3096} INFO - Sync 1 DAGs
[2026-06-21T21:41:39.852+0300] {logging_mixin.py:188} INFO - [2026-06-21T21:41:39.852+0300] {dag.py:3954} INFO - Setting next_dagrun for example_branch_labels to 2026-06-20 00:00:00+00:00, run_after=2026-06-21 00:00:00+00:00
[2026-06-21T21:41:39.882+0300] {processor.py:183} INFO - Processing /media/data/omar/programming course/DEPI/DEPI project/anomx/venv/lib/python3.12/site-packages/airflow/example_dags/example_branch_labels.py took 0.089 seconds
[2026-06-21T21:42:47.048+0300] {processor.py:161} INFO - Started process (PID=15596) to work on /media/data/omar/programming course/DEPI/DEPI project/anomx/venv/lib/python3.12/site-packages/airflow/example_dags/example_branch_labels.py
[2026-06-21T21:42:47.051+0300] {processor.py:830} INFO - Processing file /media/data/omar/programming course/DEPI/DEPI project/anomx/venv/lib/python3.12/site-packages/airflow/example_dags/example_branch_labels.py for tasks to queue
[2026-06-21T21:42:47.053+0300] {logging_mixin.py:188} INFO - [2026-06-21T21:42:47.053+0300] {dagbag.py:540} INFO - Filling up the DagBag from /media/data/omar/programming course/DEPI/DEPI project/anomx/venv/lib/python3.12/site-packages/airflow/example_dags/example_branch_labels.py
[2026-06-21T21:42:47.073+0300] {processor.py:840} INFO - DAG(s) 'example_branch_labels' retrieved from /media/data/omar/programming course/DEPI/DEPI project/anomx/venv/lib/python3.12/site-packages/airflow/example_dags/example_branch_labels.py
[2026-06-21T21:42:47.130+0300] {logging_mixin.py:188} INFO - [2026-06-21T21:42:47.130+0300] {dag.py:3096} INFO - Sync 1 DAGs
[2026-06-21T21:42:47.162+0300] {logging_mixin.py:188} INFO - [2026-06-21T21:42:47.162+0300] {dag.py:3954} INFO - Setting next_dagrun for example_branch_labels to 2026-06-20 00:00:00+00:00, run_after=2026-06-21 00:00:00+00:00
[2026-06-21T21:42:47.203+0300] {processor.py:183} INFO - Processing /media/data/omar/programming course/DEPI/DEPI project/anomx/venv/lib/python3.12/site-packages/airflow/example_dags/example_branch_labels.py took 0.196 seconds
[2026-06-21T21:43:47.436+0300] {processor.py:161} INFO - Started process (PID=15701) to work on /media/data/omar/programming course/DEPI/DEPI project/anomx/venv/lib/python3.12/site-packages/airflow/example_dags/example_branch_labels.py
[2026-06-21T21:43:47.438+0300] {processor.py:830} INFO - Processing file /media/data/omar/programming course/DEPI/DEPI project/anomx/venv/lib/python3.12/site-packages/airflow/example_dags/example_branch_labels.py for tasks to queue
[2026-06-21T21:43:47.440+0300] {logging_mixin.py:188} INFO - [2026-06-21T21:43:47.439+0300] {dagbag.py:540} INFO - Filling up the DagBag from /media/data/omar/programming course/DEPI/DEPI project/anomx/venv/lib/python3.12/site-packages/airflow/example_dags/example_branch_labels.py
[2026-06-21T21:43:47.448+0300] {processor.py:840} INFO - DAG(s) 'example_branch_labels' retrieved from /media/data/omar/programming course/DEPI/DEPI project/anomx/venv/lib/python3.12/site-packages/airflow/example_dags/example_branch_labels.py
[2026-06-21T21:43:47.466+0300] {logging_mixin.py:188} INFO - [2026-06-21T21:43:47.465+0300] {dag.py:3096} INFO - Sync 1 DAGs
[2026-06-21T21:43:47.486+0300] {logging_mixin.py:188} INFO - [2026-06-21T21:43:47.486+0300] {dag.py:3954} INFO - Setting next_dagrun for example_branch_labels to 2026-06-20 00:00:00+00:00, run_after=2026-06-21 00:00:00+00:00
[2026-06-21T21:43:47.515+0300] {processor.py:183} INFO - Processing /media/data/omar/programming course/DEPI/DEPI project/anomx/venv/lib/python3.12/site-packages/airflow/example_dags/example_branch_labels.py took 0.086 seconds
[2026-06-21T21:45:18.264+0300] {processor.py:161} INFO - Started process (PID=15879) to work on /media/data/omar/programming course/DEPI/DEPI project/anomx/venv/lib/python3.12/site-packages/airflow/example_dags/example_branch_labels.py
[2026-06-21T21:45:18.265+0300] {processor.py:830} INFO - Processing file /media/data/omar/programming course/DEPI/DEPI project/anomx/venv/lib/python3.12/site-packages/airflow/example_dags/example_branch_labels.py for tasks to queue
[2026-06-21T21:45:18.267+0300] {logging_mixin.py:188} INFO - [2026-06-21T21:45:18.267+0300] {dagbag.py:540} INFO - Filling up the DagBag from /media/data/omar/programming course/DEPI/DEPI project/anomx/venv/lib/python3.12/site-packages/airflow/example_dags/example_branch_labels.py
[2026-06-21T21:45:18.279+0300] {processor.py:840} INFO - DAG(s) 'example_branch_labels' retrieved from /media/data/omar/programming course/DEPI/DEPI project/anomx/venv/lib/python3.12/site-packages/airflow/example_dags/example_branch_labels.py
[2026-06-21T21:45:18.301+0300] {logging_mixin.py:188} INFO - [2026-06-21T21:45:18.301+0300] {dag.py:3096} INFO - Sync 1 DAGs
[2026-06-21T21:45:18.324+0300] {logging_mixin.py:188} INFO - [2026-06-21T21:45:18.323+0300] {dag.py:3954} INFO - Setting next_dagrun for example_branch_labels to 2026-06-20 00:00:00+00:00, run_after=2026-06-21 00:00:00+00:00
[2026-06-21T21:45:18.363+0300] {processor.py:183} INFO - Processing /media/data/omar/programming course/DEPI/DEPI project/anomx/venv/lib/python3.12/site-packages/airflow/example_dags/example_branch_labels.py took 0.107 seconds
[2026-06-21T21:47:21.150+0300] {processor.py:161} INFO - Started process (PID=16126) to work on /media/data/omar/programming course/DEPI/DEPI project/anomx/venv/lib/python3.12/site-packages/airflow/example_dags/example_branch_labels.py
[2026-06-21T21:47:21.152+0300] {processor.py:830} INFO - Processing file /media/data/omar/programming course/DEPI/DEPI project/anomx/venv/lib/python3.12/site-packages/airflow/example_dags/example_branch_labels.py for tasks to queue
[2026-06-21T21:47:21.154+0300] {logging_mixin.py:188} INFO - [2026-06-21T21:47:21.153+0300] {dagbag.py:540} INFO - Filling up the DagBag from /media/data/omar/programming course/DEPI/DEPI project/anomx/venv/lib/python3.12/site-packages/airflow/example_dags/example_branch_labels.py
[2026-06-21T21:47:21.162+0300] {processor.py:840} INFO - DAG(s) 'example_branch_labels' retrieved from /media/data/omar/programming course/DEPI/DEPI project/anomx/venv/lib/python3.12/site-packages/airflow/example_dags/example_branch_labels.py
[2026-06-21T21:47:21.179+0300] {logging_mixin.py:188} INFO - [2026-06-21T21:47:21.179+0300] {dag.py:3096} INFO - Sync 1 DAGs
[2026-06-21T21:47:21.198+0300] {logging_mixin.py:188} INFO - [2026-06-21T21:47:21.198+0300] {dag.py:3954} INFO - Setting next_dagrun for example_branch_labels to 2026-06-20 00:00:00+00:00, run_after=2026-06-21 00:00:00+00:00
[2026-06-21T21:47:21.227+0300] {processor.py:183} INFO - Processing /media/data/omar/programming course/DEPI/DEPI project/anomx/venv/lib/python3.12/site-packages/airflow/example_dags/example_branch_labels.py took 0.084 seconds
[2026-06-21T21:48:22.163+0300] {processor.py:161} INFO - Started process (PID=16218) to work on /media/data/omar/programming course/DEPI/DEPI project/anomx/venv/lib/python3.12/site-packages/airflow/example_dags/example_branch_labels.py
[2026-06-21T21:48:22.164+0300] {processor.py:830} INFO - Processing file /media/data/omar/programming course/DEPI/DEPI project/anomx/venv/lib/python3.12/site-packages/airflow/example_dags/example_branch_labels.py for tasks to queue
[2026-06-21T21:48:22.167+0300] {logging_mixin.py:188} INFO - [2026-06-21T21:48:22.166+0300] {dagbag.py:540} INFO - Filling up the DagBag from /media/data/omar/programming course/DEPI/DEPI project/anomx/venv/lib/python3.12/site-packages/airflow/example_dags/example_branch_labels.py
[2026-06-21T21:48:22.183+0300] {processor.py:840} INFO - DAG(s) 'example_branch_labels' retrieved from /media/data/omar/programming course/DEPI/DEPI project/anomx/venv/lib/python3.12/site-packages/airflow/example_dags/example_branch_labels.py
[2026-06-21T21:48:22.205+0300] {logging_mixin.py:188} INFO - [2026-06-21T21:48:22.204+0300] {dag.py:3096} INFO - Sync 1 DAGs
[2026-06-21T21:48:22.224+0300] {logging_mixin.py:188} INFO - [2026-06-21T21:48:22.223+0300] {dag.py:3954} INFO - Setting next_dagrun for example_branch_labels to 2026-06-20 00:00:00+00:00, run_after=2026-06-21 00:00:00+00:00
[2026-06-21T21:48:22.254+0300] {processor.py:183} INFO - Processing /media/data/omar/programming course/DEPI/DEPI project/anomx/venv/lib/python3.12/site-packages/airflow/example_dags/example_branch_labels.py took 0.102 seconds
[2026-06-21T21:49:51.059+0300] {processor.py:161} INFO - Started process (PID=16352) to work on /media/data/omar/programming course/DEPI/DEPI project/anomx/venv/lib/python3.12/site-packages/airflow/example_dags/example_branch_labels.py
[2026-06-21T21:49:51.061+0300] {processor.py:830} INFO - Processing file /media/data/omar/programming course/DEPI/DEPI project/anomx/venv/lib/python3.12/site-packages/airflow/example_dags/example_branch_labels.py for tasks to queue
[2026-06-21T21:49:51.065+0300] {logging_mixin.py:188} INFO - [2026-06-21T21:49:51.063+0300] {dagbag.py:540} INFO - Filling up the DagBag from /media/data/omar/programming course/DEPI/DEPI project/anomx/venv/lib/python3.12/site-packages/airflow/example_dags/example_branch_labels.py
[2026-06-21T21:49:51.078+0300] {processor.py:840} INFO - DAG(s) 'example_branch_labels' retrieved from /media/data/omar/programming course/DEPI/DEPI project/anomx/venv/lib/python3.12/site-packages/airflow/example_dags/example_branch_labels.py
[2026-06-21T21:49:51.101+0300] {logging_mixin.py:188} INFO - [2026-06-21T21:49:51.100+0300] {dag.py:3096} INFO - Sync 1 DAGs
[2026-06-21T21:49:51.121+0300] {logging_mixin.py:188} INFO - [2026-06-21T21:49:51.121+0300] {dag.py:3954} INFO - Setting next_dagrun for example_branch_labels to 2026-06-20 00:00:00+00:00, run_after=2026-06-21 00:00:00+00:00
[2026-06-21T21:49:51.152+0300] {processor.py:183} INFO - Processing /media/data/omar/programming course/DEPI/DEPI project/anomx/venv/lib/python3.12/site-packages/airflow/example_dags/example_branch_labels.py took 0.112 seconds
[2026-06-21T21:52:36.739+0300] {processor.py:161} INFO - Started process (PID=16667) to work on /media/data/omar/programming course/DEPI/DEPI project/anomx/venv/lib/python3.12/site-packages/airflow/example_dags/example_branch_labels.py
[2026-06-21T21:52:36.741+0300] {processor.py:830} INFO - Processing file /media/data/omar/programming course/DEPI/DEPI project/anomx/venv/lib/python3.12/site-packages/airflow/example_dags/example_branch_labels.py for tasks to queue
[2026-06-21T21:52:36.745+0300] {logging_mixin.py:188} INFO - [2026-06-21T21:52:36.744+0300] {dagbag.py:540} INFO - Filling up the DagBag from /media/data/omar/programming course/DEPI/DEPI project/anomx/venv/lib/python3.12/site-packages/airflow/example_dags/example_branch_labels.py
[2026-06-21T21:52:36.758+0300] {processor.py:840} INFO - DAG(s) 'example_branch_labels' retrieved from /media/data/omar/programming course/DEPI/DEPI project/anomx/venv/lib/python3.12/site-packages/airflow/example_dags/example_branch_labels.py
[2026-06-21T21:52:36.778+0300] {logging_mixin.py:188} INFO - [2026-06-21T21:52:36.778+0300] {dag.py:3096} INFO - Sync 1 DAGs
[2026-06-21T21:52:36.796+0300] {logging_mixin.py:188} INFO - [2026-06-21T21:52:36.796+0300] {dag.py:3954} INFO - Setting next_dagrun for example_branch_labels to 2026-06-20 00:00:00+00:00, run_after=2026-06-21 00:00:00+00:00
[2026-06-21T21:52:36.823+0300] {processor.py:183} INFO - Processing /media/data/omar/programming course/DEPI/DEPI project/anomx/venv/lib/python3.12/site-packages/airflow/example_dags/example_branch_labels.py took 0.102 seconds
[2026-06-21T21:53:34.935+0300] {processor.py:161} INFO - Started process (PID=16759) to work on /media/data/omar/programming course/DEPI/DEPI project/anomx/venv/lib/python3.12/site-packages/airflow/example_dags/example_branch_labels.py
[2026-06-21T21:53:34.936+0300] {processor.py:830} INFO - Processing file /media/data/omar/programming course/DEPI/DEPI project/anomx/venv/lib/python3.12/site-packages/airflow/example_dags/example_branch_labels.py for tasks to queue
[2026-06-21T21:53:34.940+0300] {logging_mixin.py:188} INFO - [2026-06-21T21:53:34.939+0300] {dagbag.py:540} INFO - Filling up the DagBag from /media/data/omar/programming course/DEPI/DEPI project/anomx/venv/lib/python3.12/site-packages/airflow/example_dags/example_branch_labels.py
[2026-06-21T21:53:34.954+0300] {processor.py:840} INFO - DAG(s) 'example_branch_labels' retrieved from /media/data/omar/programming course/DEPI/DEPI project/anomx/venv/lib/python3.12/site-packages/airflow/example_dags/example_branch_labels.py
[2026-06-21T21:53:34.971+0300] {logging_mixin.py:188} INFO - [2026-06-21T21:53:34.970+0300] {dag.py:3096} INFO - Sync 1 DAGs
[2026-06-21T21:53:34.988+0300] {logging_mixin.py:188} INFO - [2026-06-21T21:53:34.988+0300] {dag.py:3954} INFO - Setting next_dagrun for example_branch_labels to 2026-06-20 00:00:00+00:00, run_after=2026-06-21 00:00:00+00:00
[2026-06-21T21:53:35.014+0300] {processor.py:183} INFO - Processing /media/data/omar/programming course/DEPI/DEPI project/anomx/venv/lib/python3.12/site-packages/airflow/example_dags/example_branch_labels.py took 0.096 seconds
[2026-06-21T21:54:31.759+0300] {processor.py:161} INFO - Started process (PID=16861) to work on /media/data/omar/programming course/DEPI/DEPI project/anomx/venv/lib/python3.12/site-packages/airflow/example_dags/example_branch_labels.py
[2026-06-21T21:54:31.760+0300] {processor.py:830} INFO - Processing file /media/data/omar/programming course/DEPI/DEPI project/anomx/venv/lib/python3.12/site-packages/airflow/example_dags/example_branch_labels.py for tasks to queue
[2026-06-21T21:54:31.763+0300] {logging_mixin.py:188} INFO - [2026-06-21T21:54:31.762+0300] {dagbag.py:540} INFO - Filling up the DagBag from /media/data/omar/programming course/DEPI/DEPI project/anomx/venv/lib/python3.12/site-packages/airflow/example_dags/example_branch_labels.py
[2026-06-21T21:54:31.773+0300] {processor.py:840} INFO - DAG(s) 'example_branch_labels' retrieved from /media/data/omar/programming course/DEPI/DEPI project/anomx/venv/lib/python3.12/site-packages/airflow/example_dags/example_branch_labels.py
[2026-06-21T21:54:31.788+0300] {logging_mixin.py:188} INFO - [2026-06-21T21:54:31.788+0300] {dag.py:3096} INFO - Sync 1 DAGs
[2026-06-21T21:54:31.808+0300] {logging_mixin.py:188} INFO - [2026-06-21T21:54:31.808+0300] {dag.py:3954} INFO - Setting next_dagrun for example_branch_labels to 2026-06-20 00:00:00+00:00, run_after=2026-06-21 00:00:00+00:00
[2026-06-21T21:54:31.834+0300] {processor.py:183} INFO - Processing /media/data/omar/programming course/DEPI/DEPI project/anomx/venv/lib/python3.12/site-packages/airflow/example_dags/example_branch_labels.py took 0.086 seconds
[2026-06-21T21:55:28.301+0300] {processor.py:161} INFO - Started process (PID=16945) to work on /media/data/omar/programming course/DEPI/DEPI project/anomx/venv/lib/python3.12/site-packages/airflow/example_dags/example_branch_labels.py
[2026-06-21T21:55:28.303+0300] {processor.py:830} INFO - Processing file /media/data/omar/programming course/DEPI/DEPI project/anomx/venv/lib/python3.12/site-packages/airflow/example_dags/example_branch_labels.py for tasks to queue
[2026-06-21T21:55:28.306+0300] {logging_mixin.py:188} INFO - [2026-06-21T21:55:28.305+0300] {dagbag.py:540} INFO - Filling up the DagBag from /media/data/omar/programming course/DEPI/DEPI project/anomx/venv/lib/python3.12/site-packages/airflow/example_dags/example_branch_labels.py
[2026-06-21T21:55:28.316+0300] {processor.py:840} INFO - DAG(s) 'example_branch_labels' retrieved from /media/data/omar/programming course/DEPI/DEPI project/anomx/venv/lib/python3.12/site-packages/airflow/example_dags/example_branch_labels.py
[2026-06-21T21:55:28.332+0300] {logging_mixin.py:188} INFO - [2026-06-21T21:55:28.332+0300] {dag.py:3096} INFO - Sync 1 DAGs
[2026-06-21T21:55:28.350+0300] {logging_mixin.py:188} INFO - [2026-06-21T21:55:28.349+0300] {dag.py:3954} INFO - Setting next_dagrun for example_branch_labels to 2026-06-20 00:00:00+00:00, run_after=2026-06-21 00:00:00+00:00
[2026-06-21T21:55:28.379+0300] {processor.py:183} INFO - Processing /media/data/omar/programming course/DEPI/DEPI project/anomx/venv/lib/python3.12/site-packages/airflow/example_dags/example_branch_labels.py took 0.093 seconds
[2026-06-21T21:56:45.361+0300] {processor.py:161} INFO - Started process (PID=17083) to work on /media/data/omar/programming course/DEPI/DEPI project/anomx/venv/lib/python3.12/site-packages/airflow/example_dags/example_branch_labels.py
[2026-06-21T21:56:45.363+0300] {processor.py:830} INFO - Processing file /media/data/omar/programming course/DEPI/DEPI project/anomx/venv/lib/python3.12/site-packages/airflow/example_dags/example_branch_labels.py for tasks to queue
[2026-06-21T21:56:45.366+0300] {logging_mixin.py:188} INFO - [2026-06-21T21:56:45.366+0300] {dagbag.py:540} INFO - Filling up the DagBag from /media/data/omar/programming course/DEPI/DEPI project/anomx/venv/lib/python3.12/site-packages/airflow/example_dags/example_branch_labels.py
[2026-06-21T21:56:45.378+0300] {processor.py:840} INFO - DAG(s) 'example_branch_labels' retrieved from /media/data/omar/programming course/DEPI/DEPI project/anomx/venv/lib/python3.12/site-packages/airflow/example_dags/example_branch_labels.py
[2026-06-21T21:56:45.394+0300] {logging_mixin.py:188} INFO - [2026-06-21T21:56:45.394+0300] {dag.py:3096} INFO - Sync 1 DAGs
[2026-06-21T21:56:45.411+0300] {logging_mixin.py:188} INFO - [2026-06-21T21:56:45.410+0300] {dag.py:3954} INFO - Setting next_dagrun for example_branch_labels to 2026-06-20 00:00:00+00:00, run_after=2026-06-21 00:00:00+00:00
[2026-06-21T21:56:45.440+0300] {processor.py:183} INFO - Processing /media/data/omar/programming course/DEPI/DEPI project/anomx/venv/lib/python3.12/site-packages/airflow/example_dags/example_branch_labels.py took 0.092 seconds
[2026-06-21T21:58:06.371+0300] {processor.py:161} INFO - Started process (PID=17210) to work on /media/data/omar/programming course/DEPI/DEPI project/anomx/venv/lib/python3.12/site-packages/airflow/example_dags/example_branch_labels.py
[2026-06-21T21:58:06.374+0300] {processor.py:830} INFO - Processing file /media/data/omar/programming course/DEPI/DEPI project/anomx/venv/lib/python3.12/site-packages/airflow/example_dags/example_branch_labels.py for tasks to queue
[2026-06-21T21:58:06.379+0300] {logging_mixin.py:188} INFO - [2026-06-21T21:58:06.378+0300] {dagbag.py:540} INFO - Filling up the DagBag from /media/data/omar/programming course/DEPI/DEPI project/anomx/venv/lib/python3.12/site-packages/airflow/example_dags/example_branch_labels.py
[2026-06-21T21:58:06.393+0300] {processor.py:840} INFO - DAG(s) 'example_branch_labels' retrieved from /media/data/omar/programming course/DEPI/DEPI project/anomx/venv/lib/python3.12/site-packages/airflow/example_dags/example_branch_labels.py
[2026-06-21T21:58:06.409+0300] {logging_mixin.py:188} INFO - [2026-06-21T21:58:06.408+0300] {dag.py:3096} INFO - Sync 1 DAGs
[2026-06-21T21:58:06.426+0300] {logging_mixin.py:188} INFO - [2026-06-21T21:58:06.426+0300] {dag.py:3954} INFO - Setting next_dagrun for example_branch_labels to 2026-06-20 00:00:00+00:00, run_after=2026-06-21 00:00:00+00:00
[2026-06-21T21:58:06.455+0300] {processor.py:183} INFO - Processing /media/data/omar/programming course/DEPI/DEPI project/anomx/venv/lib/python3.12/site-packages/airflow/example_dags/example_branch_labels.py took 0.103 seconds
[2026-06-21T21:59:03.596+0300] {processor.py:161} INFO - Started process (PID=17300) to work on /media/data/omar/programming course/DEPI/DEPI project/anomx/venv/lib/python3.12/site-packages/airflow/example_dags/example_branch_labels.py
[2026-06-21T21:59:03.597+0300] {processor.py:830} INFO - Processing file /media/data/omar/programming course/DEPI/DEPI project/anomx/venv/lib/python3.12/site-packages/airflow/example_dags/example_branch_labels.py for tasks to queue
[2026-06-21T21:59:03.600+0300] {logging_mixin.py:188} INFO - [2026-06-21T21:59:03.599+0300] {dagbag.py:540} INFO - Filling up the DagBag from /media/data/omar/programming course/DEPI/DEPI project/anomx/venv/lib/python3.12/site-packages/airflow/example_dags/example_branch_labels.py
[2026-06-21T21:59:03.609+0300] {processor.py:840} INFO - DAG(s) 'example_branch_labels' retrieved from /media/data/omar/programming course/DEPI/DEPI project/anomx/venv/lib/python3.12/site-packages/airflow/example_dags/example_branch_labels.py
[2026-06-21T21:59:03.626+0300] {logging_mixin.py:188} INFO - [2026-06-21T21:59:03.625+0300] {dag.py:3096} INFO - Sync 1 DAGs
[2026-06-21T21:59:03.642+0300] {logging_mixin.py:188} INFO - [2026-06-21T21:59:03.641+0300] {dag.py:3954} INFO - Setting next_dagrun for example_branch_labels to 2026-06-20 00:00:00+00:00, run_after=2026-06-21 00:00:00+00:00
[2026-06-21T21:59:03.666+0300] {processor.py:183} INFO - Processing /media/data/omar/programming course/DEPI/DEPI project/anomx/venv/lib/python3.12/site-packages/airflow/example_dags/example_branch_labels.py took 0.079 seconds
[2026-06-21T22:00:00.320+0300] {processor.py:161} INFO - Started process (PID=17392) to work on /media/data/omar/programming course/DEPI/DEPI project/anomx/venv/lib/python3.12/site-packages/airflow/example_dags/example_branch_labels.py
[2026-06-21T22:00:00.322+0300] {processor.py:830} INFO - Processing file /media/data/omar/programming course/DEPI/DEPI project/anomx/venv/lib/python3.12/site-packages/airflow/example_dags/example_branch_labels.py for tasks to queue
[2026-06-21T22:00:00.325+0300] {logging_mixin.py:188} INFO - [2026-06-21T22:00:00.324+0300] {dagbag.py:540} INFO - Filling up the DagBag from /media/data/omar/programming course/DEPI/DEPI project/anomx/venv/lib/python3.12/site-packages/airflow/example_dags/example_branch_labels.py
[2026-06-21T22:00:00.336+0300] {processor.py:840} INFO - DAG(s) 'example_branch_labels' retrieved from /media/data/omar/programming course/DEPI/DEPI project/anomx/venv/lib/python3.12/site-packages/airflow/example_dags/example_branch_labels.py
[2026-06-21T22:00:00.353+0300] {logging_mixin.py:188} INFO - [2026-06-21T22:00:00.352+0300] {dag.py:3096} INFO - Sync 1 DAGs
[2026-06-21T22:00:00.370+0300] {logging_mixin.py:188} INFO - [2026-06-21T22:00:00.370+0300] {dag.py:3954} INFO - Setting next_dagrun for example_branch_labels to 2026-06-20 00:00:00+00:00, run_after=2026-06-21 00:00:00+00:00
[2026-06-21T22:00:00.398+0300] {processor.py:183} INFO - Processing /media/data/omar/programming course/DEPI/DEPI project/anomx/venv/lib/python3.12/site-packages/airflow/example_dags/example_branch_labels.py took 0.096 seconds
[2026-06-21T22:00:58.110+0300] {processor.py:161} INFO - Started process (PID=17489) to work on /media/data/omar/programming course/DEPI/DEPI project/anomx/venv/lib/python3.12/site-packages/airflow/example_dags/example_branch_labels.py
[2026-06-21T22:00:58.112+0300] {processor.py:830} INFO - Processing file /media/data/omar/programming course/DEPI/DEPI project/anomx/venv/lib/python3.12/site-packages/airflow/example_dags/example_branch_labels.py for tasks to queue
[2026-06-21T22:00:58.116+0300] {logging_mixin.py:188} INFO - [2026-06-21T22:00:58.115+0300] {dagbag.py:540} INFO - Filling up the DagBag from /media/data/omar/programming course/DEPI/DEPI project/anomx/venv/lib/python3.12/site-packages/airflow/example_dags/example_branch_labels.py
[2026-06-21T22:00:58.129+0300] {processor.py:840} INFO - DAG(s) 'example_branch_labels' retrieved from /media/data/omar/programming course/DEPI/DEPI project/anomx/venv/lib/python3.12/site-packages/airflow/example_dags/example_branch_labels.py
[2026-06-21T22:00:58.146+0300] {logging_mixin.py:188} INFO - [2026-06-21T22:00:58.146+0300] {dag.py:3096} INFO - Sync 1 DAGs
[2026-06-21T22:00:58.163+0300] {logging_mixin.py:188} INFO - [2026-06-21T22:00:58.163+0300] {dag.py:3954} INFO - Setting next_dagrun for example_branch_labels to 2026-06-20 00:00:00+00:00, run_after=2026-06-21 00:00:00+00:00
[2026-06-21T22:00:58.190+0300] {processor.py:183} INFO - Processing /media/data/omar/programming course/DEPI/DEPI project/anomx/venv/lib/python3.12/site-packages/airflow/example_dags/example_branch_labels.py took 0.097 seconds
[2026-06-21T22:01:56.241+0300] {processor.py:161} INFO - Started process (PID=17581) to work on /media/data/omar/programming course/DEPI/DEPI project/anomx/venv/lib/python3.12/site-packages/airflow/example_dags/example_branch_labels.py
[2026-06-21T22:01:56.242+0300] {processor.py:830} INFO - Processing file /media/data/omar/programming course/DEPI/DEPI project/anomx/venv/lib/python3.12/site-packages/airflow/example_dags/example_branch_labels.py for tasks to queue
[2026-06-21T22:01:56.244+0300] {logging_mixin.py:188} INFO - [2026-06-21T22:01:56.243+0300] {dagbag.py:540} INFO - Filling up the DagBag from /media/data/omar/programming course/DEPI/DEPI project/anomx/venv/lib/python3.12/site-packages/airflow/example_dags/example_branch_labels.py
[2026-06-21T22:01:56.256+0300] {processor.py:840} INFO - DAG(s) 'example_branch_labels' retrieved from /media/data/omar/programming course/DEPI/DEPI project/anomx/venv/lib/python3.12/site-packages/airflow/example_dags/example_branch_labels.py
[2026-06-21T22:01:56.275+0300] {logging_mixin.py:188} INFO - [2026-06-21T22:01:56.275+0300] {dag.py:3096} INFO - Sync 1 DAGs
[2026-06-21T22:01:56.292+0300] {logging_mixin.py:188} INFO - [2026-06-21T22:01:56.291+0300] {dag.py:3954} INFO - Setting next_dagrun for example_branch_labels to 2026-06-20 00:00:00+00:00, run_after=2026-06-21 00:00:00+00:00
[2026-06-21T22:01:56.332+0300] {processor.py:183} INFO - Processing /media/data/omar/programming course/DEPI/DEPI project/anomx/venv/lib/python3.12/site-packages/airflow/example_dags/example_branch_labels.py took 0.099 seconds
[2026-06-21T22:02:54.091+0300] {processor.py:161} INFO - Started process (PID=17728) to work on /media/data/omar/programming course/DEPI/DEPI project/anomx/venv/lib/python3.12/site-packages/airflow/example_dags/example_branch_labels.py
[2026-06-21T22:02:54.092+0300] {processor.py:830} INFO - Processing file /media/data/omar/programming course/DEPI/DEPI project/anomx/venv/lib/python3.12/site-packages/airflow/example_dags/example_branch_labels.py for tasks to queue
[2026-06-21T22:02:54.095+0300] {logging_mixin.py:188} INFO - [2026-06-21T22:02:54.094+0300] {dagbag.py:540} INFO - Filling up the DagBag from /media/data/omar/programming course/DEPI/DEPI project/anomx/venv/lib/python3.12/site-packages/airflow/example_dags/example_branch_labels.py
[2026-06-21T22:02:54.106+0300] {processor.py:840} INFO - DAG(s) 'example_branch_labels' retrieved from /media/data/omar/programming course/DEPI/DEPI project/anomx/venv/lib/python3.12/site-packages/airflow/example_dags/example_branch_labels.py
[2026-06-21T22:02:54.123+0300] {logging_mixin.py:188} INFO - [2026-06-21T22:02:54.123+0300] {dag.py:3096} INFO - Sync 1 DAGs
[2026-06-21T22:02:54.141+0300] {logging_mixin.py:188} INFO - [2026-06-21T22:02:54.140+0300] {dag.py:3954} INFO - Setting next_dagrun for example_branch_labels to 2026-06-20 00:00:00+00:00, run_after=2026-06-21 00:00:00+00:00
[2026-06-21T22:02:54.250+0300] {processor.py:183} INFO - Processing /media/data/omar/programming course/DEPI/DEPI project/anomx/venv/lib/python3.12/site-packages/airflow/example_dags/example_branch_labels.py took 0.170 seconds
[2026-06-21T22:03:48.719+0300] {processor.py:161} INFO - Started process (PID=17820) to work on /media/data/omar/programming course/DEPI/DEPI project/anomx/venv/lib/python3.12/site-packages/airflow/example_dags/example_branch_labels.py
[2026-06-21T22:03:48.721+0300] {processor.py:830} INFO - Processing file /media/data/omar/programming course/DEPI/DEPI project/anomx/venv/lib/python3.12/site-packages/airflow/example_dags/example_branch_labels.py for tasks to queue
[2026-06-21T22:03:48.724+0300] {logging_mixin.py:188} INFO - [2026-06-21T22:03:48.723+0300] {dagbag.py:540} INFO - Filling up the DagBag from /media/data/omar/programming course/DEPI/DEPI project/anomx/venv/lib/python3.12/site-packages/airflow/example_dags/example_branch_labels.py
[2026-06-21T22:03:48.739+0300] {processor.py:840} INFO - DAG(s) 'example_branch_labels' retrieved from /media/data/omar/programming course/DEPI/DEPI project/anomx/venv/lib/python3.12/site-packages/airflow/example_dags/example_branch_labels.py
[2026-06-21T22:03:48.762+0300] {logging_mixin.py:188} INFO - [2026-06-21T22:03:48.762+0300] {dag.py:3096} INFO - Sync 1 DAGs
[2026-06-21T22:03:48.779+0300] {logging_mixin.py:188} INFO - [2026-06-21T22:03:48.779+0300] {dag.py:3954} INFO - Setting next_dagrun for example_branch_labels to 2026-06-20 00:00:00+00:00, run_after=2026-06-21 00:00:00+00:00
[2026-06-21T22:03:48.815+0300] {processor.py:183} INFO - Processing /media/data/omar/programming course/DEPI/DEPI project/anomx/venv/lib/python3.12/site-packages/airflow/example_dags/example_branch_labels.py took 0.112 seconds
[2026-06-21T22:05:09.230+0300] {processor.py:161} INFO - Started process (PID=17960) to work on /media/data/omar/programming course/DEPI/DEPI project/anomx/venv/lib/python3.12/site-packages/airflow/example_dags/example_branch_labels.py
[2026-06-21T22:05:09.231+0300] {processor.py:830} INFO - Processing file /media/data/omar/programming course/DEPI/DEPI project/anomx/venv/lib/python3.12/site-packages/airflow/example_dags/example_branch_labels.py for tasks to queue
[2026-06-21T22:05:09.233+0300] {logging_mixin.py:188} INFO - [2026-06-21T22:05:09.232+0300] {dagbag.py:540} INFO - Filling up the DagBag from /media/data/omar/programming course/DEPI/DEPI project/anomx/venv/lib/python3.12/site-packages/airflow/example_dags/example_branch_labels.py
[2026-06-21T22:05:09.241+0300] {processor.py:840} INFO - DAG(s) 'example_branch_labels' retrieved from /media/data/omar/programming course/DEPI/DEPI project/anomx/venv/lib/python3.12/site-packages/airflow/example_dags/example_branch_labels.py
[2026-06-21T22:05:09.256+0300] {logging_mixin.py:188} INFO - [2026-06-21T22:05:09.256+0300] {dag.py:3096} INFO - Sync 1 DAGs
[2026-06-21T22:05:09.273+0300] {logging_mixin.py:188} INFO - [2026-06-21T22:05:09.273+0300] {dag.py:3954} INFO - Setting next_dagrun for example_branch_labels to 2026-06-20 00:00:00+00:00, run_after=2026-06-21 00:00:00+00:00
[2026-06-21T22:05:09.300+0300] {processor.py:183} INFO - Processing /media/data/omar/programming course/DEPI/DEPI project/anomx/venv/lib/python3.12/site-packages/airflow/example_dags/example_branch_labels.py took 0.076 seconds
[2026-06-21T22:06:06.701+0300] {processor.py:161} INFO - Started process (PID=18052) to work on /media/data/omar/programming course/DEPI/DEPI project/anomx/venv/lib/python3.12/site-packages/airflow/example_dags/example_branch_labels.py
[2026-06-21T22:06:06.702+0300] {processor.py:830} INFO - Processing file /media/data/omar/programming course/DEPI/DEPI project/anomx/venv/lib/python3.12/site-packages/airflow/example_dags/example_branch_labels.py for tasks to queue
[2026-06-21T22:06:06.703+0300] {logging_mixin.py:188} INFO - [2026-06-21T22:06:06.703+0300] {dagbag.py:540} INFO - Filling up the DagBag from /media/data/omar/programming course/DEPI/DEPI project/anomx/venv/lib/python3.12/site-packages/airflow/example_dags/example_branch_labels.py
[2026-06-21T22:06:06.711+0300] {processor.py:840} INFO - DAG(s) 'example_branch_labels' retrieved from /media/data/omar/programming course/DEPI/DEPI project/anomx/venv/lib/python3.12/site-packages/airflow/example_dags/example_branch_labels.py
[2026-06-21T22:06:06.726+0300] {logging_mixin.py:188} INFO - [2026-06-21T22:06:06.726+0300] {dag.py:3096} INFO - Sync 1 DAGs
[2026-06-21T22:06:06.743+0300] {logging_mixin.py:188} INFO - [2026-06-21T22:06:06.742+0300] {dag.py:3954} INFO - Setting next_dagrun for example_branch_labels to 2026-06-20 00:00:00+00:00, run_after=2026-06-21 00:00:00+00:00
[2026-06-21T22:06:06.779+0300] {processor.py:183} INFO - Processing /media/data/omar/programming course/DEPI/DEPI project/anomx/venv/lib/python3.12/site-packages/airflow/example_dags/example_branch_labels.py took 0.083 seconds
[2026-06-21T22:07:03.548+0300] {processor.py:161} INFO - Started process (PID=18143) to work on /media/data/omar/programming course/DEPI/DEPI project/anomx/venv/lib/python3.12/site-packages/airflow/example_dags/example_branch_labels.py
[2026-06-21T22:07:03.549+0300] {processor.py:830} INFO - Processing file /media/data/omar/programming course/DEPI/DEPI project/anomx/venv/lib/python3.12/site-packages/airflow/example_dags/example_branch_labels.py for tasks to queue
[2026-06-21T22:07:03.551+0300] {logging_mixin.py:188} INFO - [2026-06-21T22:07:03.551+0300] {dagbag.py:540} INFO - Filling up the DagBag from /media/data/omar/programming course/DEPI/DEPI project/anomx/venv/lib/python3.12/site-packages/airflow/example_dags/example_branch_labels.py
[2026-06-21T22:07:03.561+0300] {processor.py:840} INFO - DAG(s) 'example_branch_labels' retrieved from /media/data/omar/programming course/DEPI/DEPI project/anomx/venv/lib/python3.12/site-packages/airflow/example_dags/example_branch_labels.py
[2026-06-21T22:07:03.577+0300] {logging_mixin.py:188} INFO - [2026-06-21T22:07:03.576+0300] {dag.py:3096} INFO - Sync 1 DAGs
[2026-06-21T22:07:03.593+0300] {logging_mixin.py:188} INFO - [2026-06-21T22:07:03.592+0300] {dag.py:3954} INFO - Setting next_dagrun for example_branch_labels to 2026-06-20 00:00:00+00:00, run_after=2026-06-21 00:00:00+00:00
[2026-06-21T22:07:03.698+0300] {processor.py:183} INFO - Processing /media/data/omar/programming course/DEPI/DEPI project/anomx/venv/lib/python3.12/site-packages/airflow/example_dags/example_branch_labels.py took 0.155 seconds
[2026-06-21T22:08:02.421+0300] {processor.py:161} INFO - Started process (PID=18235) to work on /media/data/omar/programming course/DEPI/DEPI project/anomx/venv/lib/python3.12/site-packages/airflow/example_dags/example_branch_labels.py
[2026-06-21T22:08:02.422+0300] {processor.py:830} INFO - Processing file /media/data/omar/programming course/DEPI/DEPI project/anomx/venv/lib/python3.12/site-packages/airflow/example_dags/example_branch_labels.py for tasks to queue
[2026-06-21T22:08:02.425+0300] {logging_mixin.py:188} INFO - [2026-06-21T22:08:02.424+0300] {dagbag.py:540} INFO - Filling up the DagBag from /media/data/omar/programming course/DEPI/DEPI project/anomx/venv/lib/python3.12/site-packages/airflow/example_dags/example_branch_labels.py
[2026-06-21T22:08:02.436+0300] {processor.py:840} INFO - DAG(s) 'example_branch_labels' retrieved from /media/data/omar/programming course/DEPI/DEPI project/anomx/venv/lib/python3.12/site-packages/airflow/example_dags/example_branch_labels.py
[2026-06-21T22:08:02.452+0300] {logging_mixin.py:188} INFO - [2026-06-21T22:08:02.452+0300] {dag.py:3096} INFO - Sync 1 DAGs
[2026-06-21T22:08:02.469+0300] {logging_mixin.py:188} INFO - [2026-06-21T22:08:02.469+0300] {dag.py:3954} INFO - Setting next_dagrun for example_branch_labels to 2026-06-20 00:00:00+00:00, run_after=2026-06-21 00:00:00+00:00
[2026-06-21T22:08:02.499+0300] {processor.py:183} INFO - Processing /media/data/omar/programming course/DEPI/DEPI project/anomx/venv/lib/python3.12/site-packages/airflow/example_dags/example_branch_labels.py took 0.093 seconds
[2026-06-21T22:09:00.502+0300] {processor.py:161} INFO - Started process (PID=18317) to work on /media/data/omar/programming course/DEPI/DEPI project/anomx/venv/lib/python3.12/site-packages/airflow/example_dags/example_branch_labels.py
[2026-06-21T22:09:00.504+0300] {processor.py:830} INFO - Processing file /media/data/omar/programming course/DEPI/DEPI project/anomx/venv/lib/python3.12/site-packages/airflow/example_dags/example_branch_labels.py for tasks to queue
[2026-06-21T22:09:00.507+0300] {logging_mixin.py:188} INFO - [2026-06-21T22:09:00.506+0300] {dagbag.py:540} INFO - Filling up the DagBag from /media/data/omar/programming course/DEPI/DEPI project/anomx/venv/lib/python3.12/site-packages/airflow/example_dags/example_branch_labels.py
[2026-06-21T22:09:00.519+0300] {processor.py:840} INFO - DAG(s) 'example_branch_labels' retrieved from /media/data/omar/programming course/DEPI/DEPI project/anomx/venv/lib/python3.12/site-packages/airflow/example_dags/example_branch_labels.py
[2026-06-21T22:09:00.535+0300] {logging_mixin.py:188} INFO - [2026-06-21T22:09:00.535+0300] {dag.py:3096} INFO - Sync 1 DAGs
[2026-06-21T22:09:00.552+0300] {logging_mixin.py:188} INFO - [2026-06-21T22:09:00.552+0300] {dag.py:3954} INFO - Setting next_dagrun for example_branch_labels to 2026-06-20 00:00:00+00:00, run_after=2026-06-21 00:00:00+00:00
[2026-06-21T22:09:00.579+0300] {processor.py:183} INFO - Processing /media/data/omar/programming course/DEPI/DEPI project/anomx/venv/lib/python3.12/site-packages/airflow/example_dags/example_branch_labels.py took 0.090 seconds
[2026-06-21T22:09:59.819+0300] {processor.py:161} INFO - Started process (PID=18565) to work on /media/data/omar/programming course/DEPI/DEPI project/anomx/venv/lib/python3.12/site-packages/airflow/example_dags/example_branch_labels.py
[2026-06-21T22:09:59.820+0300] {processor.py:830} INFO - Processing file /media/data/omar/programming course/DEPI/DEPI project/anomx/venv/lib/python3.12/site-packages/airflow/example_dags/example_branch_labels.py for tasks to queue
[2026-06-21T22:09:59.823+0300] {logging_mixin.py:188} INFO - [2026-06-21T22:09:59.822+0300] {dagbag.py:540} INFO - Filling up the DagBag from /media/data/omar/programming course/DEPI/DEPI project/anomx/venv/lib/python3.12/site-packages/airflow/example_dags/example_branch_labels.py
[2026-06-21T22:09:59.848+0300] {processor.py:840} INFO - DAG(s) 'example_branch_labels' retrieved from /media/data/omar/programming course/DEPI/DEPI project/anomx/venv/lib/python3.12/site-packages/airflow/example_dags/example_branch_labels.py
[2026-06-21T22:09:59.889+0300] {logging_mixin.py:188} INFO - [2026-06-21T22:09:59.887+0300] {dag.py:3096} INFO - Sync 1 DAGs
[2026-06-21T22:09:59.940+0300] {logging_mixin.py:188} INFO - [2026-06-21T22:09:59.939+0300] {dag.py:3954} INFO - Setting next_dagrun for example_branch_labels to 2026-06-20 00:00:00+00:00, run_after=2026-06-21 00:00:00+00:00
[2026-06-21T22:10:00.215+0300] {processor.py:183} INFO - Processing /media/data/omar/programming course/DEPI/DEPI project/anomx/venv/lib/python3.12/site-packages/airflow/example_dags/example_branch_labels.py took 0.405 seconds
[2026-06-21T22:11:12.222+0300] {processor.py:161} INFO - Started process (PID=18801) to work on /media/data/omar/programming course/DEPI/DEPI project/anomx/venv/lib/python3.12/site-packages/airflow/example_dags/example_branch_labels.py
[2026-06-21T22:11:12.224+0300] {processor.py:830} INFO - Processing file /media/data/omar/programming course/DEPI/DEPI project/anomx/venv/lib/python3.12/site-packages/airflow/example_dags/example_branch_labels.py for tasks to queue
[2026-06-21T22:11:12.226+0300] {logging_mixin.py:188} INFO - [2026-06-21T22:11:12.225+0300] {dagbag.py:540} INFO - Filling up the DagBag from /media/data/omar/programming course/DEPI/DEPI project/anomx/venv/lib/python3.12/site-packages/airflow/example_dags/example_branch_labels.py
[2026-06-21T22:11:12.234+0300] {processor.py:840} INFO - DAG(s) 'example_branch_labels' retrieved from /media/data/omar/programming course/DEPI/DEPI project/anomx/venv/lib/python3.12/site-packages/airflow/example_dags/example_branch_labels.py
[2026-06-21T22:11:12.254+0300] {logging_mixin.py:188} INFO - [2026-06-21T22:11:12.254+0300] {dag.py:3096} INFO - Sync 1 DAGs
[2026-06-21T22:11:12.273+0300] {logging_mixin.py:188} INFO - [2026-06-21T22:11:12.272+0300] {dag.py:3954} INFO - Setting next_dagrun for example_branch_labels to 2026-06-20 00:00:00+00:00, run_after=2026-06-21 00:00:00+00:00
[2026-06-21T22:11:12.303+0300] {processor.py:183} INFO - Processing /media/data/omar/programming course/DEPI/DEPI project/anomx/venv/lib/python3.12/site-packages/airflow/example_dags/example_branch_labels.py took 0.090 seconds
[2026-06-21T22:12:30.124+0300] {processor.py:161} INFO - Started process (PID=18934) to work on /media/data/omar/programming course/DEPI/DEPI project/anomx/venv/lib/python3.12/site-packages/airflow/example_dags/example_branch_labels.py
[2026-06-21T22:12:30.125+0300] {processor.py:830} INFO - Processing file /media/data/omar/programming course/DEPI/DEPI project/anomx/venv/lib/python3.12/site-packages/airflow/example_dags/example_branch_labels.py for tasks to queue
[2026-06-21T22:12:30.129+0300] {logging_mixin.py:188} INFO - [2026-06-21T22:12:30.128+0300] {dagbag.py:540} INFO - Filling up the DagBag from /media/data/omar/programming course/DEPI/DEPI project/anomx/venv/lib/python3.12/site-packages/airflow/example_dags/example_branch_labels.py
[2026-06-21T22:12:30.144+0300] {processor.py:840} INFO - DAG(s) 'example_branch_labels' retrieved from /media/data/omar/programming course/DEPI/DEPI project/anomx/venv/lib/python3.12/site-packages/airflow/example_dags/example_branch_labels.py
[2026-06-21T22:12:30.168+0300] {logging_mixin.py:188} INFO - [2026-06-21T22:12:30.168+0300] {dag.py:3096} INFO - Sync 1 DAGs
[2026-06-21T22:12:30.208+0300] {logging_mixin.py:188} INFO - [2026-06-21T22:12:30.207+0300] {dag.py:3954} INFO - Setting next_dagrun for example_branch_labels to 2026-06-20 00:00:00+00:00, run_after=2026-06-21 00:00:00+00:00
[2026-06-21T22:12:30.259+0300] {processor.py:183} INFO - Processing /media/data/omar/programming course/DEPI/DEPI project/anomx/venv/lib/python3.12/site-packages/airflow/example_dags/example_branch_labels.py took 0.145 seconds
[2026-06-21T22:14:14.622+0300] {processor.py:161} INFO - Started process (PID=19153) to work on /media/data/omar/programming course/DEPI/DEPI project/anomx/venv/lib/python3.12/site-packages/airflow/example_dags/example_branch_labels.py
[2026-06-21T22:14:14.623+0300] {processor.py:830} INFO - Processing file /media/data/omar/programming course/DEPI/DEPI project/anomx/venv/lib/python3.12/site-packages/airflow/example_dags/example_branch_labels.py for tasks to queue
[2026-06-21T22:14:14.625+0300] {logging_mixin.py:188} INFO - [2026-06-21T22:14:14.625+0300] {dagbag.py:540} INFO - Filling up the DagBag from /media/data/omar/programming course/DEPI/DEPI project/anomx/venv/lib/python3.12/site-packages/airflow/example_dags/example_branch_labels.py
[2026-06-21T22:14:14.633+0300] {processor.py:840} INFO - DAG(s) 'example_branch_labels' retrieved from /media/data/omar/programming course/DEPI/DEPI project/anomx/venv/lib/python3.12/site-packages/airflow/example_dags/example_branch_labels.py
[2026-06-21T22:14:14.650+0300] {logging_mixin.py:188} INFO - [2026-06-21T22:14:14.650+0300] {dag.py:3096} INFO - Sync 1 DAGs
[2026-06-21T22:14:14.669+0300] {logging_mixin.py:188} INFO - [2026-06-21T22:14:14.668+0300] {dag.py:3954} INFO - Setting next_dagrun for example_branch_labels to 2026-06-20 00:00:00+00:00, run_after=2026-06-21 00:00:00+00:00
[2026-06-21T22:14:14.696+0300] {processor.py:183} INFO - Processing /media/data/omar/programming course/DEPI/DEPI project/anomx/venv/lib/python3.12/site-packages/airflow/example_dags/example_branch_labels.py took 0.081 seconds
[2026-06-21T22:15:12.846+0300] {processor.py:161} INFO - Started process (PID=19261) to work on /media/data/omar/programming course/DEPI/DEPI project/anomx/venv/lib/python3.12/site-packages/airflow/example_dags/example_branch_labels.py
[2026-06-21T22:15:12.851+0300] {processor.py:830} INFO - Processing file /media/data/omar/programming course/DEPI/DEPI project/anomx/venv/lib/python3.12/site-packages/airflow/example_dags/example_branch_labels.py for tasks to queue
[2026-06-21T22:15:12.856+0300] {logging_mixin.py:188} INFO - [2026-06-21T22:15:12.856+0300] {dagbag.py:540} INFO - Filling up the DagBag from /media/data/omar/programming course/DEPI/DEPI project/anomx/venv/lib/python3.12/site-packages/airflow/example_dags/example_branch_labels.py
[2026-06-21T22:15:12.889+0300] {processor.py:840} INFO - DAG(s) 'example_branch_labels' retrieved from /media/data/omar/programming course/DEPI/DEPI project/anomx/venv/lib/python3.12/site-packages/airflow/example_dags/example_branch_labels.py
[2026-06-21T22:15:12.917+0300] {logging_mixin.py:188} INFO - [2026-06-21T22:15:12.917+0300] {dag.py:3096} INFO - Sync 1 DAGs
[2026-06-21T22:15:12.938+0300] {logging_mixin.py:188} INFO - [2026-06-21T22:15:12.938+0300] {dag.py:3954} INFO - Setting next_dagrun for example_branch_labels to 2026-06-20 00:00:00+00:00, run_after=2026-06-21 00:00:00+00:00
[2026-06-21T22:15:12.973+0300] {processor.py:183} INFO - Processing /media/data/omar/programming course/DEPI/DEPI project/anomx/venv/lib/python3.12/site-packages/airflow/example_dags/example_branch_labels.py took 0.146 seconds
[2026-06-21T22:16:09.173+0300] {processor.py:161} INFO - Started process (PID=19633) to work on /media/data/omar/programming course/DEPI/DEPI project/anomx/venv/lib/python3.12/site-packages/airflow/example_dags/example_branch_labels.py
[2026-06-21T22:16:09.177+0300] {processor.py:830} INFO - Processing file /media/data/omar/programming course/DEPI/DEPI project/anomx/venv/lib/python3.12/site-packages/airflow/example_dags/example_branch_labels.py for tasks to queue
[2026-06-21T22:16:09.181+0300] {logging_mixin.py:188} INFO - [2026-06-21T22:16:09.180+0300] {dagbag.py:540} INFO - Filling up the DagBag from /media/data/omar/programming course/DEPI/DEPI project/anomx/venv/lib/python3.12/site-packages/airflow/example_dags/example_branch_labels.py
[2026-06-21T22:16:09.195+0300] {processor.py:840} INFO - DAG(s) 'example_branch_labels' retrieved from /media/data/omar/programming course/DEPI/DEPI project/anomx/venv/lib/python3.12/site-packages/airflow/example_dags/example_branch_labels.py
[2026-06-21T22:16:09.213+0300] {logging_mixin.py:188} INFO - [2026-06-21T22:16:09.213+0300] {dag.py:3096} INFO - Sync 1 DAGs
[2026-06-21T22:16:09.231+0300] {logging_mixin.py:188} INFO - [2026-06-21T22:16:09.231+0300] {dag.py:3954} INFO - Setting next_dagrun for example_branch_labels to 2026-06-20 00:00:00+00:00, run_after=2026-06-21 00:00:00+00:00
[2026-06-21T22:16:09.287+0300] {processor.py:183} INFO - Processing /media/data/omar/programming course/DEPI/DEPI project/anomx/venv/lib/python3.12/site-packages/airflow/example_dags/example_branch_labels.py took 0.135 seconds
[2026-06-21T22:17:32.455+0300] {processor.py:161} INFO - Started process (PID=19821) to work on /media/data/omar/programming course/DEPI/DEPI project/anomx/venv/lib/python3.12/site-packages/airflow/example_dags/example_branch_labels.py
[2026-06-21T22:17:32.457+0300] {processor.py:830} INFO - Processing file /media/data/omar/programming course/DEPI/DEPI project/anomx/venv/lib/python3.12/site-packages/airflow/example_dags/example_branch_labels.py for tasks to queue
[2026-06-21T22:17:32.461+0300] {logging_mixin.py:188} INFO - [2026-06-21T22:17:32.460+0300] {dagbag.py:540} INFO - Filling up the DagBag from /media/data/omar/programming course/DEPI/DEPI project/anomx/venv/lib/python3.12/site-packages/airflow/example_dags/example_branch_labels.py
[2026-06-21T22:17:32.474+0300] {processor.py:840} INFO - DAG(s) 'example_branch_labels' retrieved from /media/data/omar/programming course/DEPI/DEPI project/anomx/venv/lib/python3.12/site-packages/airflow/example_dags/example_branch_labels.py
[2026-06-21T22:17:32.492+0300] {logging_mixin.py:188} INFO - [2026-06-21T22:17:32.492+0300] {dag.py:3096} INFO - Sync 1 DAGs
[2026-06-21T22:17:32.513+0300] {logging_mixin.py:188} INFO - [2026-06-21T22:17:32.513+0300] {dag.py:3954} INFO - Setting next_dagrun for example_branch_labels to 2026-06-20 00:00:00+00:00, run_after=2026-06-21 00:00:00+00:00
[2026-06-21T22:17:32.543+0300] {processor.py:183} INFO - Processing /media/data/omar/programming course/DEPI/DEPI project/anomx/venv/lib/python3.12/site-packages/airflow/example_dags/example_branch_labels.py took 0.099 seconds
[2026-06-21T22:18:31.440+0300] {processor.py:161} INFO - Started process (PID=19974) to work on /media/data/omar/programming course/DEPI/DEPI project/anomx/venv/lib/python3.12/site-packages/airflow/example_dags/example_branch_labels.py
[2026-06-21T22:18:31.441+0300] {processor.py:830} INFO - Processing file /media/data/omar/programming course/DEPI/DEPI project/anomx/venv/lib/python3.12/site-packages/airflow/example_dags/example_branch_labels.py for tasks to queue
[2026-06-21T22:18:31.442+0300] {logging_mixin.py:188} INFO - [2026-06-21T22:18:31.442+0300] {dagbag.py:540} INFO - Filling up the DagBag from /media/data/omar/programming course/DEPI/DEPI project/anomx/venv/lib/python3.12/site-packages/airflow/example_dags/example_branch_labels.py
[2026-06-21T22:18:31.452+0300] {processor.py:840} INFO - DAG(s) 'example_branch_labels' retrieved from /media/data/omar/programming course/DEPI/DEPI project/anomx/venv/lib/python3.12/site-packages/airflow/example_dags/example_branch_labels.py
[2026-06-21T22:18:31.469+0300] {logging_mixin.py:188} INFO - [2026-06-21T22:18:31.469+0300] {dag.py:3096} INFO - Sync 1 DAGs
[2026-06-21T22:18:31.487+0300] {logging_mixin.py:188} INFO - [2026-06-21T22:18:31.487+0300] {dag.py:3954} INFO - Setting next_dagrun for example_branch_labels to 2026-06-20 00:00:00+00:00, run_after=2026-06-21 00:00:00+00:00
[2026-06-21T22:18:31.516+0300] {processor.py:183} INFO - Processing /media/data/omar/programming course/DEPI/DEPI project/anomx/venv/lib/python3.12/site-packages/airflow/example_dags/example_branch_labels.py took 0.085 seconds
[2026-06-21T22:19:30.136+0300] {processor.py:161} INFO - Started process (PID=20087) to work on /media/data/omar/programming course/DEPI/DEPI project/anomx/venv/lib/python3.12/site-packages/airflow/example_dags/example_branch_labels.py
[2026-06-21T22:19:30.137+0300] {processor.py:830} INFO - Processing file /media/data/omar/programming course/DEPI/DEPI project/anomx/venv/lib/python3.12/site-packages/airflow/example_dags/example_branch_labels.py for tasks to queue
[2026-06-21T22:19:30.139+0300] {logging_mixin.py:188} INFO - [2026-06-21T22:19:30.138+0300] {dagbag.py:540} INFO - Filling up the DagBag from /media/data/omar/programming course/DEPI/DEPI project/anomx/venv/lib/python3.12/site-packages/airflow/example_dags/example_branch_labels.py
[2026-06-21T22:19:30.153+0300] {processor.py:840} INFO - DAG(s) 'example_branch_labels' retrieved from /media/data/omar/programming course/DEPI/DEPI project/anomx/venv/lib/python3.12/site-packages/airflow/example_dags/example_branch_labels.py
[2026-06-21T22:19:30.178+0300] {logging_mixin.py:188} INFO - [2026-06-21T22:19:30.177+0300] {dag.py:3096} INFO - Sync 1 DAGs
[2026-06-21T22:19:30.205+0300] {logging_mixin.py:188} INFO - [2026-06-21T22:19:30.205+0300] {dag.py:3954} INFO - Setting next_dagrun for example_branch_labels to 2026-06-20 00:00:00+00:00, run_after=2026-06-21 00:00:00+00:00
[2026-06-21T22:19:30.246+0300] {processor.py:183} INFO - Processing /media/data/omar/programming course/DEPI/DEPI project/anomx/venv/lib/python3.12/site-packages/airflow/example_dags/example_branch_labels.py took 0.120 seconds
[2026-06-21T22:21:34.374+0300] {processor.py:161} INFO - Started process (PID=20287) to work on /media/data/omar/programming course/DEPI/DEPI project/anomx/venv/lib/python3.12/site-packages/airflow/example_dags/example_branch_labels.py
[2026-06-21T22:21:34.376+0300] {processor.py:830} INFO - Processing file /media/data/omar/programming course/DEPI/DEPI project/anomx/venv/lib/python3.12/site-packages/airflow/example_dags/example_branch_labels.py for tasks to queue
[2026-06-21T22:21:34.378+0300] {logging_mixin.py:188} INFO - [2026-06-21T22:21:34.378+0300] {dagbag.py:540} INFO - Filling up the DagBag from /media/data/omar/programming course/DEPI/DEPI project/anomx/venv/lib/python3.12/site-packages/airflow/example_dags/example_branch_labels.py
[2026-06-21T22:21:34.389+0300] {processor.py:840} INFO - DAG(s) 'example_branch_labels' retrieved from /media/data/omar/programming course/DEPI/DEPI project/anomx/venv/lib/python3.12/site-packages/airflow/example_dags/example_branch_labels.py
[2026-06-21T22:21:34.405+0300] {logging_mixin.py:188} INFO - [2026-06-21T22:21:34.405+0300] {dag.py:3096} INFO - Sync 1 DAGs
[2026-06-21T22:21:34.424+0300] {logging_mixin.py:188} INFO - [2026-06-21T22:21:34.424+0300] {dag.py:3954} INFO - Setting next_dagrun for example_branch_labels to 2026-06-20 00:00:00+00:00, run_after=2026-06-21 00:00:00+00:00
[2026-06-21T22:21:34.455+0300] {processor.py:183} INFO - Processing /media/data/omar/programming course/DEPI/DEPI project/anomx/venv/lib/python3.12/site-packages/airflow/example_dags/example_branch_labels.py took 0.093 seconds
[2026-06-21T22:23:46.679+0300] {processor.py:161} INFO - Started process (PID=20517) to work on /media/data/omar/programming course/DEPI/DEPI project/anomx/venv/lib/python3.12/site-packages/airflow/example_dags/example_branch_labels.py
[2026-06-21T22:23:46.681+0300] {processor.py:830} INFO - Processing file /media/data/omar/programming course/DEPI/DEPI project/anomx/venv/lib/python3.12/site-packages/airflow/example_dags/example_branch_labels.py for tasks to queue
[2026-06-21T22:23:46.684+0300] {logging_mixin.py:188} INFO - [2026-06-21T22:23:46.683+0300] {dagbag.py:540} INFO - Filling up the DagBag from /media/data/omar/programming course/DEPI/DEPI project/anomx/venv/lib/python3.12/site-packages/airflow/example_dags/example_branch_labels.py
[2026-06-21T22:23:46.697+0300] {processor.py:840} INFO - DAG(s) 'example_branch_labels' retrieved from /media/data/omar/programming course/DEPI/DEPI project/anomx/venv/lib/python3.12/site-packages/airflow/example_dags/example_branch_labels.py
[2026-06-21T22:23:46.712+0300] {logging_mixin.py:188} INFO - [2026-06-21T22:23:46.711+0300] {dag.py:3096} INFO - Sync 1 DAGs
[2026-06-21T22:23:46.728+0300] {logging_mixin.py:188} INFO - [2026-06-21T22:23:46.728+0300] {dag.py:3954} INFO - Setting next_dagrun for example_branch_labels to 2026-06-20 00:00:00+00:00, run_after=2026-06-21 00:00:00+00:00
[2026-06-21T22:23:46.753+0300] {processor.py:183} INFO - Processing /media/data/omar/programming course/DEPI/DEPI project/anomx/venv/lib/python3.12/site-packages/airflow/example_dags/example_branch_labels.py took 0.091 seconds
[2026-06-21T22:24:41.654+0300] {processor.py:161} INFO - Started process (PID=20703) to work on /media/data/omar/programming course/DEPI/DEPI project/anomx/venv/lib/python3.12/site-packages/airflow/example_dags/example_branch_labels.py
[2026-06-21T22:24:41.655+0300] {processor.py:830} INFO - Processing file /media/data/omar/programming course/DEPI/DEPI project/anomx/venv/lib/python3.12/site-packages/airflow/example_dags/example_branch_labels.py for tasks to queue
[2026-06-21T22:24:41.657+0300] {logging_mixin.py:188} INFO - [2026-06-21T22:24:41.657+0300] {dagbag.py:540} INFO - Filling up the DagBag from /media/data/omar/programming course/DEPI/DEPI project/anomx/venv/lib/python3.12/site-packages/airflow/example_dags/example_branch_labels.py
[2026-06-21T22:24:41.670+0300] {processor.py:840} INFO - DAG(s) 'example_branch_labels' retrieved from /media/data/omar/programming course/DEPI/DEPI project/anomx/venv/lib/python3.12/site-packages/airflow/example_dags/example_branch_labels.py
[2026-06-21T22:24:41.692+0300] {logging_mixin.py:188} INFO - [2026-06-21T22:24:41.691+0300] {dag.py:3096} INFO - Sync 1 DAGs
[2026-06-21T22:24:41.713+0300] {logging_mixin.py:188} INFO - [2026-06-21T22:24:41.713+0300] {dag.py:3954} INFO - Setting next_dagrun for example_branch_labels to 2026-06-20 00:00:00+00:00, run_after=2026-06-21 00:00:00+00:00
[2026-06-21T22:24:41.745+0300] {processor.py:183} INFO - Processing /media/data/omar/programming course/DEPI/DEPI project/anomx/venv/lib/python3.12/site-packages/airflow/example_dags/example_branch_labels.py took 0.098 seconds
[2026-06-21T22:48:33.703+0300] {processor.py:161} INFO - Started process (PID=22177) to work on /media/data/omar/programming course/DEPI/DEPI project/anomx/venv/lib/python3.12/site-packages/airflow/example_dags/example_branch_labels.py
[2026-06-21T22:48:33.705+0300] {processor.py:830} INFO - Processing file /media/data/omar/programming course/DEPI/DEPI project/anomx/venv/lib/python3.12/site-packages/airflow/example_dags/example_branch_labels.py for tasks to queue
[2026-06-21T22:48:33.710+0300] {logging_mixin.py:188} INFO - [2026-06-21T22:48:33.709+0300] {dagbag.py:540} INFO - Filling up the DagBag from /media/data/omar/programming course/DEPI/DEPI project/anomx/venv/lib/python3.12/site-packages/airflow/example_dags/example_branch_labels.py
[2026-06-21T22:48:33.726+0300] {processor.py:840} INFO - DAG(s) 'example_branch_labels' retrieved from /media/data/omar/programming course/DEPI/DEPI project/anomx/venv/lib/python3.12/site-packages/airflow/example_dags/example_branch_labels.py
[2026-06-21T22:48:33.744+0300] {logging_mixin.py:188} INFO - [2026-06-21T22:48:33.744+0300] {dag.py:3096} INFO - Sync 1 DAGs
[2026-06-21T22:48:33.753+0300] {logging_mixin.py:188} INFO - [2026-06-21T22:48:33.752+0300] {dag.py:3118} INFO - Creating ORM DAG for example_branch_labels
[2026-06-21T22:48:33.761+0300] {logging_mixin.py:188} INFO - [2026-06-21T22:48:33.760+0300] {dag.py:3954} INFO - Setting next_dagrun for example_branch_labels to 2026-06-20 00:00:00+00:00, run_after=2026-06-21 00:00:00+00:00
[2026-06-21T22:48:33.788+0300] {processor.py:183} INFO - Processing /media/data/omar/programming course/DEPI/DEPI project/anomx/venv/lib/python3.12/site-packages/airflow/example_dags/example_branch_labels.py took 0.098 seconds
[2026-06-21T22:49:31.449+0300] {processor.py:161} INFO - Started process (PID=22269) to work on /media/data/omar/programming course/DEPI/DEPI project/anomx/venv/lib/python3.12/site-packages/airflow/example_dags/example_branch_labels.py
[2026-06-21T22:49:31.450+0300] {processor.py:830} INFO - Processing file /media/data/omar/programming course/DEPI/DEPI project/anomx/venv/lib/python3.12/site-packages/airflow/example_dags/example_branch_labels.py for tasks to queue
[2026-06-21T22:49:31.451+0300] {logging_mixin.py:188} INFO - [2026-06-21T22:49:31.451+0300] {dagbag.py:540} INFO - Filling up the DagBag from /media/data/omar/programming course/DEPI/DEPI project/anomx/venv/lib/python3.12/site-packages/airflow/example_dags/example_branch_labels.py
[2026-06-21T22:49:31.460+0300] {processor.py:840} INFO - DAG(s) 'example_branch_labels' retrieved from /media/data/omar/programming course/DEPI/DEPI project/anomx/venv/lib/python3.12/site-packages/airflow/example_dags/example_branch_labels.py
[2026-06-21T22:49:31.478+0300] {logging_mixin.py:188} INFO - [2026-06-21T22:49:31.477+0300] {dag.py:3096} INFO - Sync 1 DAGs
[2026-06-21T22:49:31.497+0300] {logging_mixin.py:188} INFO - [2026-06-21T22:49:31.496+0300] {dag.py:3954} INFO - Setting next_dagrun for example_branch_labels to 2026-06-20 00:00:00+00:00, run_after=2026-06-21 00:00:00+00:00
[2026-06-21T22:49:31.527+0300] {processor.py:183} INFO - Processing /media/data/omar/programming course/DEPI/DEPI project/anomx/venv/lib/python3.12/site-packages/airflow/example_dags/example_branch_labels.py took 0.084 seconds
[2026-06-21T22:50:30.381+0300] {processor.py:161} INFO - Started process (PID=22411) to work on /media/data/omar/programming course/DEPI/DEPI project/anomx/venv/lib/python3.12/site-packages/airflow/example_dags/example_branch_labels.py
[2026-06-21T22:50:30.382+0300] {processor.py:830} INFO - Processing file /media/data/omar/programming course/DEPI/DEPI project/anomx/venv/lib/python3.12/site-packages/airflow/example_dags/example_branch_labels.py for tasks to queue
[2026-06-21T22:50:30.384+0300] {logging_mixin.py:188} INFO - [2026-06-21T22:50:30.384+0300] {dagbag.py:540} INFO - Filling up the DagBag from /media/data/omar/programming course/DEPI/DEPI project/anomx/venv/lib/python3.12/site-packages/airflow/example_dags/example_branch_labels.py
[2026-06-21T22:50:30.393+0300] {processor.py:840} INFO - DAG(s) 'example_branch_labels' retrieved from /media/data/omar/programming course/DEPI/DEPI project/anomx/venv/lib/python3.12/site-packages/airflow/example_dags/example_branch_labels.py
[2026-06-21T22:50:30.409+0300] {logging_mixin.py:188} INFO - [2026-06-21T22:50:30.409+0300] {dag.py:3096} INFO - Sync 1 DAGs
[2026-06-21T22:50:30.427+0300] {logging_mixin.py:188} INFO - [2026-06-21T22:50:30.427+0300] {dag.py:3954} INFO - Setting next_dagrun for example_branch_labels to 2026-06-20 00:00:00+00:00, run_after=2026-06-21 00:00:00+00:00
[2026-06-21T22:50:30.456+0300] {processor.py:183} INFO - Processing /media/data/omar/programming course/DEPI/DEPI project/anomx/venv/lib/python3.12/site-packages/airflow/example_dags/example_branch_labels.py took 0.082 seconds
