[2026-06-21T21:39:01.280+0300] {processor.py:161} INFO - Started process (PID=15105) to work on /media/data/omar/programming course/DEPI/DEPI project/anomx/venv/lib/python3.12/site-packages/airflow/example_dags/example_short_circuit_operator.py
[2026-06-21T21:39:01.282+0300] {processor.py:830} INFO - Processing file /media/data/omar/programming course/DEPI/DEPI project/anomx/venv/lib/python3.12/site-packages/airflow/example_dags/example_short_circuit_operator.py for tasks to queue
[2026-06-21T21:39:01.285+0300] {logging_mixin.py:188} INFO - [2026-06-21T21:39:01.284+0300] {dagbag.py:540} INFO - Filling up the DagBag from /media/data/omar/programming course/DEPI/DEPI project/anomx/venv/lib/python3.12/site-packages/airflow/example_dags/example_short_circuit_operator.py
[2026-06-21T21:39:01.296+0300] {processor.py:840} INFO - DAG(s) 'example_short_circuit_operator' retrieved from /media/data/omar/programming course/DEPI/DEPI project/anomx/venv/lib/python3.12/site-packages/airflow/example_dags/example_short_circuit_operator.py
[2026-06-21T21:39:01.482+0300] {logging_mixin.py:188} INFO - [2026-06-21T21:39:01.481+0300] {override.py:1829} INFO - Created Permission View: can edit on DAG:example_short_circuit_operator
[2026-06-21T21:39:01.499+0300] {logging_mixin.py:188} INFO - [2026-06-21T21:39:01.499+0300] {override.py:1829} INFO - Created Permission View: can read on DAG:example_short_circuit_operator
[2026-06-21T21:39:01.514+0300] {logging_mixin.py:188} INFO - [2026-06-21T21:39:01.513+0300] {override.py:1829} INFO - Created Permission View: can delete on DAG:example_short_circuit_operator
[2026-06-21T21:39:01.515+0300] {logging_mixin.py:188} INFO - [2026-06-21T21:39:01.514+0300] {dag.py:3096} INFO - Sync 1 DAGs
[2026-06-21T21:39:01.524+0300] {logging_mixin.py:188} INFO - [2026-06-21T21:39:01.524+0300] {dag.py:3118} INFO - Creating ORM DAG for example_short_circuit_operator
[2026-06-21T21:39:01.532+0300] {logging_mixin.py:188} INFO - [2026-06-21T21:39:01.532+0300] {dag.py:3954} INFO - Setting next_dagrun for example_short_circuit_operator to 2026-06-20 00:00:00+00:00, run_after=2026-06-21 00:00:00+00:00
[2026-06-21T21:39:01.559+0300] {processor.py:183} INFO - Processing /media/data/omar/programming course/DEPI/DEPI project/anomx/venv/lib/python3.12/site-packages/airflow/example_dags/example_short_circuit_operator.py took 0.289 seconds
[2026-06-21T21:40:06.634+0300] {processor.py:161} INFO - Started process (PID=15197) to work on /media/data/omar/programming course/DEPI/DEPI project/anomx/venv/lib/python3.12/site-packages/airflow/example_dags/example_short_circuit_operator.py
[2026-06-21T21:40:06.635+0300] {processor.py:830} INFO - Processing file /media/data/omar/programming course/DEPI/DEPI project/anomx/venv/lib/python3.12/site-packages/airflow/example_dags/example_short_circuit_operator.py for tasks to queue
[2026-06-21T21:40:06.637+0300] {logging_mixin.py:188} INFO - [2026-06-21T21:40:06.636+0300] {dagbag.py:540} INFO - Filling up the DagBag from /media/data/omar/programming course/DEPI/DEPI project/anomx/venv/lib/python3.12/site-packages/airflow/example_dags/example_short_circuit_operator.py
[2026-06-21T21:40:06.644+0300] {processor.py:840} INFO - DAG(s) 'example_short_circuit_operator' retrieved from /media/data/omar/programming course/DEPI/DEPI project/anomx/venv/lib/python3.12/site-packages/airflow/example_dags/example_short_circuit_operator.py
[2026-06-21T21:40:06.663+0300] {logging_mixin.py:188} INFO - [2026-06-21T21:40:06.663+0300] {dag.py:3096} INFO - Sync 1 DAGs
[2026-06-21T21:40:06.681+0300] {logging_mixin.py:188} INFO - [2026-06-21T21:40:06.681+0300] {dag.py:3954} INFO - Setting next_dagrun for example_short_circuit_operator to 2026-06-20 00:00:00+00:00, run_after=2026-06-21 00:00:00+00:00
[2026-06-21T21:40:06.714+0300] {processor.py:183} INFO - Processing /media/data/omar/programming course/DEPI/DEPI project/anomx/venv/lib/python3.12/site-packages/airflow/example_dags/example_short_circuit_operator.py took 0.088 seconds
[2026-06-21T21:41:06.614+0300] {processor.py:161} INFO - Started process (PID=15313) to work on /media/data/omar/programming course/DEPI/DEPI project/anomx/venv/lib/python3.12/site-packages/airflow/example_dags/example_short_circuit_operator.py
[2026-06-21T21:41:06.615+0300] {processor.py:830} INFO - Processing file /media/data/omar/programming course/DEPI/DEPI project/anomx/venv/lib/python3.12/site-packages/airflow/example_dags/example_short_circuit_operator.py for tasks to queue
[2026-06-21T21:41:06.617+0300] {logging_mixin.py:188} INFO - [2026-06-21T21:41:06.617+0300] {dagbag.py:540} INFO - Filling up the DagBag from /media/data/omar/programming course/DEPI/DEPI project/anomx/venv/lib/python3.12/site-packages/airflow/example_dags/example_short_circuit_operator.py
[2026-06-21T21:41:06.624+0300] {processor.py:840} INFO - DAG(s) 'example_short_circuit_operator' retrieved from /media/data/omar/programming course/DEPI/DEPI project/anomx/venv/lib/python3.12/site-packages/airflow/example_dags/example_short_circuit_operator.py
[2026-06-21T21:41:06.642+0300] {logging_mixin.py:188} INFO - [2026-06-21T21:41:06.642+0300] {dag.py:3096} INFO - Sync 1 DAGs
[2026-06-21T21:41:06.659+0300] {logging_mixin.py:188} INFO - [2026-06-21T21:41:06.659+0300] {dag.py:3954} INFO - Setting next_dagrun for example_short_circuit_operator to 2026-06-20 00:00:00+00:00, run_after=2026-06-21 00:00:00+00:00
[2026-06-21T21:41:06.690+0300] {processor.py:183} INFO - Processing /media/data/omar/programming course/DEPI/DEPI project/anomx/venv/lib/python3.12/site-packages/airflow/example_dags/example_short_circuit_operator.py took 0.082 seconds
[2026-06-21T21:42:09.324+0300] {processor.py:161} INFO - Started process (PID=15435) to work on /media/data/omar/programming course/DEPI/DEPI project/anomx/venv/lib/python3.12/site-packages/airflow/example_dags/example_short_circuit_operator.py
[2026-06-21T21:42:09.325+0300] {processor.py:830} INFO - Processing file /media/data/omar/programming course/DEPI/DEPI project/anomx/venv/lib/python3.12/site-packages/airflow/example_dags/example_short_circuit_operator.py for tasks to queue
[2026-06-21T21:42:09.328+0300] {logging_mixin.py:188} INFO - [2026-06-21T21:42:09.328+0300] {dagbag.py:540} INFO - Filling up the DagBag from /media/data/omar/programming course/DEPI/DEPI project/anomx/venv/lib/python3.12/site-packages/airflow/example_dags/example_short_circuit_operator.py
[2026-06-21T21:42:09.337+0300] {processor.py:840} INFO - DAG(s) 'example_short_circuit_operator' retrieved from /media/data/omar/programming course/DEPI/DEPI project/anomx/venv/lib/python3.12/site-packages/airflow/example_dags/example_short_circuit_operator.py
[2026-06-21T21:42:09.356+0300] {logging_mixin.py:188} INFO - [2026-06-21T21:42:09.355+0300] {dag.py:3096} INFO - Sync 1 DAGs
[2026-06-21T21:42:09.373+0300] {logging_mixin.py:188} INFO - [2026-06-21T21:42:09.372+0300] {dag.py:3954} INFO - Setting next_dagrun for example_short_circuit_operator to 2026-06-20 00:00:00+00:00, run_after=2026-06-21 00:00:00+00:00
[2026-06-21T21:42:09.399+0300] {processor.py:183} INFO - Processing /media/data/omar/programming course/DEPI/DEPI project/anomx/venv/lib/python3.12/site-packages/airflow/example_dags/example_short_circuit_operator.py took 0.082 seconds
[2026-06-21T21:43:14.868+0300] {processor.py:161} INFO - Started process (PID=15653) to work on /media/data/omar/programming course/DEPI/DEPI project/anomx/venv/lib/python3.12/site-packages/airflow/example_dags/example_short_circuit_operator.py
[2026-06-21T21:43:14.872+0300] {processor.py:830} INFO - Processing file /media/data/omar/programming course/DEPI/DEPI project/anomx/venv/lib/python3.12/site-packages/airflow/example_dags/example_short_circuit_operator.py for tasks to queue
[2026-06-21T21:43:14.874+0300] {logging_mixin.py:188} INFO - [2026-06-21T21:43:14.874+0300] {dagbag.py:540} INFO - Filling up the DagBag from /media/data/omar/programming course/DEPI/DEPI project/anomx/venv/lib/python3.12/site-packages/airflow/example_dags/example_short_circuit_operator.py
[2026-06-21T21:43:14.887+0300] {processor.py:840} INFO - DAG(s) 'example_short_circuit_operator' retrieved from /media/data/omar/programming course/DEPI/DEPI project/anomx/venv/lib/python3.12/site-packages/airflow/example_dags/example_short_circuit_operator.py
[2026-06-21T21:43:14.922+0300] {logging_mixin.py:188} INFO - [2026-06-21T21:43:14.922+0300] {dag.py:3096} INFO - Sync 1 DAGs
[2026-06-21T21:43:14.978+0300] {logging_mixin.py:188} INFO - [2026-06-21T21:43:14.973+0300] {dag.py:3954} INFO - Setting next_dagrun for example_short_circuit_operator to 2026-06-20 00:00:00+00:00, run_after=2026-06-21 00:00:00+00:00
[2026-06-21T21:43:15.055+0300] {processor.py:183} INFO - Processing /media/data/omar/programming course/DEPI/DEPI project/anomx/venv/lib/python3.12/site-packages/airflow/example_dags/example_short_circuit_operator.py took 0.194 seconds
[2026-06-21T21:44:14.009+0300] {processor.py:161} INFO - Started process (PID=15770) to work on /media/data/omar/programming course/DEPI/DEPI project/anomx/venv/lib/python3.12/site-packages/airflow/example_dags/example_short_circuit_operator.py
[2026-06-21T21:44:14.012+0300] {processor.py:830} INFO - Processing file /media/data/omar/programming course/DEPI/DEPI project/anomx/venv/lib/python3.12/site-packages/airflow/example_dags/example_short_circuit_operator.py for tasks to queue
[2026-06-21T21:44:14.016+0300] {logging_mixin.py:188} INFO - [2026-06-21T21:44:14.014+0300] {dagbag.py:540} INFO - Filling up the DagBag from /media/data/omar/programming course/DEPI/DEPI project/anomx/venv/lib/python3.12/site-packages/airflow/example_dags/example_short_circuit_operator.py
[2026-06-21T21:44:14.030+0300] {processor.py:840} INFO - DAG(s) 'example_short_circuit_operator' retrieved from /media/data/omar/programming course/DEPI/DEPI project/anomx/venv/lib/python3.12/site-packages/airflow/example_dags/example_short_circuit_operator.py
[2026-06-21T21:44:14.051+0300] {logging_mixin.py:188} INFO - [2026-06-21T21:44:14.051+0300] {dag.py:3096} INFO - Sync 1 DAGs
[2026-06-21T21:44:14.079+0300] {logging_mixin.py:188} INFO - [2026-06-21T21:44:14.078+0300] {dag.py:3954} INFO - Setting next_dagrun for example_short_circuit_operator to 2026-06-20 00:00:00+00:00, run_after=2026-06-21 00:00:00+00:00
[2026-06-21T21:44:14.166+0300] {processor.py:183} INFO - Processing /media/data/omar/programming course/DEPI/DEPI project/anomx/venv/lib/python3.12/site-packages/airflow/example_dags/example_short_circuit_operator.py took 0.169 seconds
[2026-06-21T21:46:53.185+0300] {processor.py:161} INFO - Started process (PID=16077) to work on /media/data/omar/programming course/DEPI/DEPI project/anomx/venv/lib/python3.12/site-packages/airflow/example_dags/example_short_circuit_operator.py
[2026-06-21T21:46:53.186+0300] {processor.py:830} INFO - Processing file /media/data/omar/programming course/DEPI/DEPI project/anomx/venv/lib/python3.12/site-packages/airflow/example_dags/example_short_circuit_operator.py for tasks to queue
[2026-06-21T21:46:53.188+0300] {logging_mixin.py:188} INFO - [2026-06-21T21:46:53.187+0300] {dagbag.py:540} INFO - Filling up the DagBag from /media/data/omar/programming course/DEPI/DEPI project/anomx/venv/lib/python3.12/site-packages/airflow/example_dags/example_short_circuit_operator.py
[2026-06-21T21:46:53.197+0300] {processor.py:840} INFO - DAG(s) 'example_short_circuit_operator' retrieved from /media/data/omar/programming course/DEPI/DEPI project/anomx/venv/lib/python3.12/site-packages/airflow/example_dags/example_short_circuit_operator.py
[2026-06-21T21:46:53.217+0300] {logging_mixin.py:188} INFO - [2026-06-21T21:46:53.217+0300] {dag.py:3096} INFO - Sync 1 DAGs
[2026-06-21T21:46:53.240+0300] {logging_mixin.py:188} INFO - [2026-06-21T21:46:53.240+0300] {dag.py:3954} INFO - Setting next_dagrun for example_short_circuit_operator to 2026-06-20 00:00:00+00:00, run_after=2026-06-21 00:00:00+00:00
[2026-06-21T21:46:53.273+0300] {processor.py:183} INFO - Processing /media/data/omar/programming course/DEPI/DEPI project/anomx/venv/lib/python3.12/site-packages/airflow/example_dags/example_short_circuit_operator.py took 0.094 seconds
[2026-06-21T21:47:52.200+0300] {processor.py:161} INFO - Started process (PID=16178) to work on /media/data/omar/programming course/DEPI/DEPI project/anomx/venv/lib/python3.12/site-packages/airflow/example_dags/example_short_circuit_operator.py
[2026-06-21T21:47:52.201+0300] {processor.py:830} INFO - Processing file /media/data/omar/programming course/DEPI/DEPI project/anomx/venv/lib/python3.12/site-packages/airflow/example_dags/example_short_circuit_operator.py for tasks to queue
[2026-06-21T21:47:52.203+0300] {logging_mixin.py:188} INFO - [2026-06-21T21:47:52.202+0300] {dagbag.py:540} INFO - Filling up the DagBag from /media/data/omar/programming course/DEPI/DEPI project/anomx/venv/lib/python3.12/site-packages/airflow/example_dags/example_short_circuit_operator.py
[2026-06-21T21:47:52.211+0300] {processor.py:840} INFO - DAG(s) 'example_short_circuit_operator' retrieved from /media/data/omar/programming course/DEPI/DEPI project/anomx/venv/lib/python3.12/site-packages/airflow/example_dags/example_short_circuit_operator.py
[2026-06-21T21:47:52.230+0300] {logging_mixin.py:188} INFO - [2026-06-21T21:47:52.230+0300] {dag.py:3096} INFO - Sync 1 DAGs
[2026-06-21T21:47:52.249+0300] {logging_mixin.py:188} INFO - [2026-06-21T21:47:52.249+0300] {dag.py:3954} INFO - Setting next_dagrun for example_short_circuit_operator to 2026-06-20 00:00:00+00:00, run_after=2026-06-21 00:00:00+00:00
[2026-06-21T21:47:52.280+0300] {processor.py:183} INFO - Processing /media/data/omar/programming course/DEPI/DEPI project/anomx/venv/lib/python3.12/site-packages/airflow/example_dags/example_short_circuit_operator.py took 0.085 seconds
[2026-06-21T21:48:46.660+0300] {processor.py:161} INFO - Started process (PID=16255) to work on /media/data/omar/programming course/DEPI/DEPI project/anomx/venv/lib/python3.12/site-packages/airflow/example_dags/example_short_circuit_operator.py
[2026-06-21T21:48:46.661+0300] {processor.py:830} INFO - Processing file /media/data/omar/programming course/DEPI/DEPI project/anomx/venv/lib/python3.12/site-packages/airflow/example_dags/example_short_circuit_operator.py for tasks to queue
[2026-06-21T21:48:46.664+0300] {logging_mixin.py:188} INFO - [2026-06-21T21:48:46.663+0300] {dagbag.py:540} INFO - Filling up the DagBag from /media/data/omar/programming course/DEPI/DEPI project/anomx/venv/lib/python3.12/site-packages/airflow/example_dags/example_short_circuit_operator.py
[2026-06-21T21:48:46.674+0300] {processor.py:840} INFO - DAG(s) 'example_short_circuit_operator' retrieved from /media/data/omar/programming course/DEPI/DEPI project/anomx/venv/lib/python3.12/site-packages/airflow/example_dags/example_short_circuit_operator.py
[2026-06-21T21:48:46.692+0300] {logging_mixin.py:188} INFO - [2026-06-21T21:48:46.691+0300] {dag.py:3096} INFO - Sync 1 DAGs
[2026-06-21T21:48:46.709+0300] {logging_mixin.py:188} INFO - [2026-06-21T21:48:46.708+0300] {dag.py:3954} INFO - Setting next_dagrun for example_short_circuit_operator to 2026-06-20 00:00:00+00:00, run_after=2026-06-21 00:00:00+00:00
[2026-06-21T21:48:46.737+0300] {processor.py:183} INFO - Processing /media/data/omar/programming course/DEPI/DEPI project/anomx/venv/lib/python3.12/site-packages/airflow/example_dags/example_short_circuit_operator.py took 0.091 seconds
[2026-06-21T21:49:48.763+0300] {processor.py:161} INFO - Started process (PID=16350) to work on /media/data/omar/programming course/DEPI/DEPI project/anomx/venv/lib/python3.12/site-packages/airflow/example_dags/example_short_circuit_operator.py
[2026-06-21T21:49:48.765+0300] {processor.py:830} INFO - Processing file /media/data/omar/programming course/DEPI/DEPI project/anomx/venv/lib/python3.12/site-packages/airflow/example_dags/example_short_circuit_operator.py for tasks to queue
[2026-06-21T21:49:48.768+0300] {logging_mixin.py:188} INFO - [2026-06-21T21:49:48.767+0300] {dagbag.py:540} INFO - Filling up the DagBag from /media/data/omar/programming course/DEPI/DEPI project/anomx/venv/lib/python3.12/site-packages/airflow/example_dags/example_short_circuit_operator.py
[2026-06-21T21:49:48.781+0300] {processor.py:840} INFO - DAG(s) 'example_short_circuit_operator' retrieved from /media/data/omar/programming course/DEPI/DEPI project/anomx/venv/lib/python3.12/site-packages/airflow/example_dags/example_short_circuit_operator.py
[2026-06-21T21:49:48.803+0300] {logging_mixin.py:188} INFO - [2026-06-21T21:49:48.802+0300] {dag.py:3096} INFO - Sync 1 DAGs
[2026-06-21T21:49:48.821+0300] {logging_mixin.py:188} INFO - [2026-06-21T21:49:48.821+0300] {dag.py:3954} INFO - Setting next_dagrun for example_short_circuit_operator to 2026-06-20 00:00:00+00:00, run_after=2026-06-21 00:00:00+00:00
[2026-06-21T21:49:48.849+0300] {processor.py:183} INFO - Processing /media/data/omar/programming course/DEPI/DEPI project/anomx/venv/lib/python3.12/site-packages/airflow/example_dags/example_short_circuit_operator.py took 0.096 seconds
[2026-06-21T21:52:14.536+0300] {processor.py:161} INFO - Started process (PID=16633) to work on /media/data/omar/programming course/DEPI/DEPI project/anomx/venv/lib/python3.12/site-packages/airflow/example_dags/example_short_circuit_operator.py
[2026-06-21T21:52:14.538+0300] {processor.py:830} INFO - Processing file /media/data/omar/programming course/DEPI/DEPI project/anomx/venv/lib/python3.12/site-packages/airflow/example_dags/example_short_circuit_operator.py for tasks to queue
[2026-06-21T21:52:14.541+0300] {logging_mixin.py:188} INFO - [2026-06-21T21:52:14.540+0300] {dagbag.py:540} INFO - Filling up the DagBag from /media/data/omar/programming course/DEPI/DEPI project/anomx/venv/lib/python3.12/site-packages/airflow/example_dags/example_short_circuit_operator.py
[2026-06-21T21:52:14.551+0300] {processor.py:840} INFO - DAG(s) 'example_short_circuit_operator' retrieved from /media/data/omar/programming course/DEPI/DEPI project/anomx/venv/lib/python3.12/site-packages/airflow/example_dags/example_short_circuit_operator.py
[2026-06-21T21:52:14.568+0300] {logging_mixin.py:188} INFO - [2026-06-21T21:52:14.568+0300] {dag.py:3096} INFO - Sync 1 DAGs
[2026-06-21T21:52:14.584+0300] {logging_mixin.py:188} INFO - [2026-06-21T21:52:14.584+0300] {dag.py:3954} INFO - Setting next_dagrun for example_short_circuit_operator to 2026-06-20 00:00:00+00:00, run_after=2026-06-21 00:00:00+00:00
[2026-06-21T21:52:14.645+0300] {processor.py:183} INFO - Processing /media/data/omar/programming course/DEPI/DEPI project/anomx/venv/lib/python3.12/site-packages/airflow/example_dags/example_short_circuit_operator.py took 0.122 seconds
[2026-06-21T21:53:11.936+0300] {processor.py:161} INFO - Started process (PID=16725) to work on /media/data/omar/programming course/DEPI/DEPI project/anomx/venv/lib/python3.12/site-packages/airflow/example_dags/example_short_circuit_operator.py
[2026-06-21T21:53:11.937+0300] {processor.py:830} INFO - Processing file /media/data/omar/programming course/DEPI/DEPI project/anomx/venv/lib/python3.12/site-packages/airflow/example_dags/example_short_circuit_operator.py for tasks to queue
[2026-06-21T21:53:11.939+0300] {logging_mixin.py:188} INFO - [2026-06-21T21:53:11.938+0300] {dagbag.py:540} INFO - Filling up the DagBag from /media/data/omar/programming course/DEPI/DEPI project/anomx/venv/lib/python3.12/site-packages/airflow/example_dags/example_short_circuit_operator.py
[2026-06-21T21:53:11.946+0300] {processor.py:840} INFO - DAG(s) 'example_short_circuit_operator' retrieved from /media/data/omar/programming course/DEPI/DEPI project/anomx/venv/lib/python3.12/site-packages/airflow/example_dags/example_short_circuit_operator.py
[2026-06-21T21:53:11.963+0300] {logging_mixin.py:188} INFO - [2026-06-21T21:53:11.962+0300] {dag.py:3096} INFO - Sync 1 DAGs
[2026-06-21T21:53:11.979+0300] {logging_mixin.py:188} INFO - [2026-06-21T21:53:11.979+0300] {dag.py:3954} INFO - Setting next_dagrun for example_short_circuit_operator to 2026-06-20 00:00:00+00:00, run_after=2026-06-21 00:00:00+00:00
[2026-06-21T21:53:12.007+0300] {processor.py:183} INFO - Processing /media/data/omar/programming course/DEPI/DEPI project/anomx/venv/lib/python3.12/site-packages/airflow/example_dags/example_short_circuit_operator.py took 0.077 seconds
[2026-06-21T21:54:09.217+0300] {processor.py:161} INFO - Started process (PID=16816) to work on /media/data/omar/programming course/DEPI/DEPI project/anomx/venv/lib/python3.12/site-packages/airflow/example_dags/example_short_circuit_operator.py
[2026-06-21T21:54:09.220+0300] {processor.py:830} INFO - Processing file /media/data/omar/programming course/DEPI/DEPI project/anomx/venv/lib/python3.12/site-packages/airflow/example_dags/example_short_circuit_operator.py for tasks to queue
[2026-06-21T21:54:09.227+0300] {logging_mixin.py:188} INFO - [2026-06-21T21:54:09.225+0300] {dagbag.py:540} INFO - Filling up the DagBag from /media/data/omar/programming course/DEPI/DEPI project/anomx/venv/lib/python3.12/site-packages/airflow/example_dags/example_short_circuit_operator.py
[2026-06-21T21:54:09.254+0300] {processor.py:840} INFO - DAG(s) 'example_short_circuit_operator' retrieved from /media/data/omar/programming course/DEPI/DEPI project/anomx/venv/lib/python3.12/site-packages/airflow/example_dags/example_short_circuit_operator.py
[2026-06-21T21:54:09.282+0300] {logging_mixin.py:188} INFO - [2026-06-21T21:54:09.281+0300] {dag.py:3096} INFO - Sync 1 DAGs
[2026-06-21T21:54:09.300+0300] {logging_mixin.py:188} INFO - [2026-06-21T21:54:09.300+0300] {dag.py:3954} INFO - Setting next_dagrun for example_short_circuit_operator to 2026-06-20 00:00:00+00:00, run_after=2026-06-21 00:00:00+00:00
[2026-06-21T21:54:09.328+0300] {processor.py:183} INFO - Processing /media/data/omar/programming course/DEPI/DEPI project/anomx/venv/lib/python3.12/site-packages/airflow/example_dags/example_short_circuit_operator.py took 0.131 seconds
[2026-06-21T21:55:06.417+0300] {processor.py:161} INFO - Started process (PID=16919) to work on /media/data/omar/programming course/DEPI/DEPI project/anomx/venv/lib/python3.12/site-packages/airflow/example_dags/example_short_circuit_operator.py
[2026-06-21T21:55:06.419+0300] {processor.py:830} INFO - Processing file /media/data/omar/programming course/DEPI/DEPI project/anomx/venv/lib/python3.12/site-packages/airflow/example_dags/example_short_circuit_operator.py for tasks to queue
[2026-06-21T21:55:06.424+0300] {logging_mixin.py:188} INFO - [2026-06-21T21:55:06.422+0300] {dagbag.py:540} INFO - Filling up the DagBag from /media/data/omar/programming course/DEPI/DEPI project/anomx/venv/lib/python3.12/site-packages/airflow/example_dags/example_short_circuit_operator.py
[2026-06-21T21:55:06.435+0300] {processor.py:840} INFO - DAG(s) 'example_short_circuit_operator' retrieved from /media/data/omar/programming course/DEPI/DEPI project/anomx/venv/lib/python3.12/site-packages/airflow/example_dags/example_short_circuit_operator.py
[2026-06-21T21:55:06.454+0300] {logging_mixin.py:188} INFO - [2026-06-21T21:55:06.454+0300] {dag.py:3096} INFO - Sync 1 DAGs
[2026-06-21T21:55:06.471+0300] {logging_mixin.py:188} INFO - [2026-06-21T21:55:06.470+0300] {dag.py:3954} INFO - Setting next_dagrun for example_short_circuit_operator to 2026-06-20 00:00:00+00:00, run_after=2026-06-21 00:00:00+00:00
[2026-06-21T21:55:06.497+0300] {processor.py:183} INFO - Processing /media/data/omar/programming course/DEPI/DEPI project/anomx/venv/lib/python3.12/site-packages/airflow/example_dags/example_short_circuit_operator.py took 0.100 seconds
[2026-06-21T21:56:01.091+0300] {processor.py:161} INFO - Started process (PID=17003) to work on /media/data/omar/programming course/DEPI/DEPI project/anomx/venv/lib/python3.12/site-packages/airflow/example_dags/example_short_circuit_operator.py
[2026-06-21T21:56:01.092+0300] {processor.py:830} INFO - Processing file /media/data/omar/programming course/DEPI/DEPI project/anomx/venv/lib/python3.12/site-packages/airflow/example_dags/example_short_circuit_operator.py for tasks to queue
[2026-06-21T21:56:01.094+0300] {logging_mixin.py:188} INFO - [2026-06-21T21:56:01.093+0300] {dagbag.py:540} INFO - Filling up the DagBag from /media/data/omar/programming course/DEPI/DEPI project/anomx/venv/lib/python3.12/site-packages/airflow/example_dags/example_short_circuit_operator.py
[2026-06-21T21:56:01.102+0300] {processor.py:840} INFO - DAG(s) 'example_short_circuit_operator' retrieved from /media/data/omar/programming course/DEPI/DEPI project/anomx/venv/lib/python3.12/site-packages/airflow/example_dags/example_short_circuit_operator.py
[2026-06-21T21:56:01.122+0300] {logging_mixin.py:188} INFO - [2026-06-21T21:56:01.122+0300] {dag.py:3096} INFO - Sync 1 DAGs
[2026-06-21T21:56:01.141+0300] {logging_mixin.py:188} INFO - [2026-06-21T21:56:01.140+0300] {dag.py:3954} INFO - Setting next_dagrun for example_short_circuit_operator to 2026-06-20 00:00:00+00:00, run_after=2026-06-21 00:00:00+00:00
[2026-06-21T21:56:01.169+0300] {processor.py:183} INFO - Processing /media/data/omar/programming course/DEPI/DEPI project/anomx/venv/lib/python3.12/site-packages/airflow/example_dags/example_short_circuit_operator.py took 0.087 seconds
[2026-06-21T21:56:51.857+0300] {processor.py:161} INFO - Started process (PID=17089) to work on /media/data/omar/programming course/DEPI/DEPI project/anomx/venv/lib/python3.12/site-packages/airflow/example_dags/example_short_circuit_operator.py
[2026-06-21T21:56:51.859+0300] {processor.py:830} INFO - Processing file /media/data/omar/programming course/DEPI/DEPI project/anomx/venv/lib/python3.12/site-packages/airflow/example_dags/example_short_circuit_operator.py for tasks to queue
[2026-06-21T21:56:51.862+0300] {logging_mixin.py:188} INFO - [2026-06-21T21:56:51.861+0300] {dagbag.py:540} INFO - Filling up the DagBag from /media/data/omar/programming course/DEPI/DEPI project/anomx/venv/lib/python3.12/site-packages/airflow/example_dags/example_short_circuit_operator.py
[2026-06-21T21:56:51.873+0300] {processor.py:840} INFO - DAG(s) 'example_short_circuit_operator' retrieved from /media/data/omar/programming course/DEPI/DEPI project/anomx/venv/lib/python3.12/site-packages/airflow/example_dags/example_short_circuit_operator.py
[2026-06-21T21:56:51.897+0300] {logging_mixin.py:188} INFO - [2026-06-21T21:56:51.896+0300] {dag.py:3096} INFO - Sync 1 DAGs
[2026-06-21T21:56:51.914+0300] {logging_mixin.py:188} INFO - [2026-06-21T21:56:51.914+0300] {dag.py:3954} INFO - Setting next_dagrun for example_short_circuit_operator to 2026-06-20 00:00:00+00:00, run_after=2026-06-21 00:00:00+00:00
[2026-06-21T21:56:51.942+0300] {processor.py:183} INFO - Processing /media/data/omar/programming course/DEPI/DEPI project/anomx/venv/lib/python3.12/site-packages/airflow/example_dags/example_short_circuit_operator.py took 0.104 seconds
[2026-06-21T21:57:45.491+0300] {processor.py:161} INFO - Started process (PID=17186) to work on /media/data/omar/programming course/DEPI/DEPI project/anomx/venv/lib/python3.12/site-packages/airflow/example_dags/example_short_circuit_operator.py
[2026-06-21T21:57:45.493+0300] {processor.py:830} INFO - Processing file /media/data/omar/programming course/DEPI/DEPI project/anomx/venv/lib/python3.12/site-packages/airflow/example_dags/example_short_circuit_operator.py for tasks to queue
[2026-06-21T21:57:45.498+0300] {logging_mixin.py:188} INFO - [2026-06-21T21:57:45.497+0300] {dagbag.py:540} INFO - Filling up the DagBag from /media/data/omar/programming course/DEPI/DEPI project/anomx/venv/lib/python3.12/site-packages/airflow/example_dags/example_short_circuit_operator.py
[2026-06-21T21:57:45.516+0300] {processor.py:840} INFO - DAG(s) 'example_short_circuit_operator' retrieved from /media/data/omar/programming course/DEPI/DEPI project/anomx/venv/lib/python3.12/site-packages/airflow/example_dags/example_short_circuit_operator.py
[2026-06-21T21:57:45.545+0300] {logging_mixin.py:188} INFO - [2026-06-21T21:57:45.544+0300] {dag.py:3096} INFO - Sync 1 DAGs
[2026-06-21T21:57:45.562+0300] {logging_mixin.py:188} INFO - [2026-06-21T21:57:45.562+0300] {dag.py:3954} INFO - Setting next_dagrun for example_short_circuit_operator to 2026-06-20 00:00:00+00:00, run_after=2026-06-21 00:00:00+00:00
[2026-06-21T21:57:45.612+0300] {processor.py:183} INFO - Processing /media/data/omar/programming course/DEPI/DEPI project/anomx/venv/lib/python3.12/site-packages/airflow/example_dags/example_short_circuit_operator.py took 0.134 seconds
[2026-06-21T21:58:41.569+0300] {processor.py:161} INFO - Started process (PID=17278) to work on /media/data/omar/programming course/DEPI/DEPI project/anomx/venv/lib/python3.12/site-packages/airflow/example_dags/example_short_circuit_operator.py
[2026-06-21T21:58:41.571+0300] {processor.py:830} INFO - Processing file /media/data/omar/programming course/DEPI/DEPI project/anomx/venv/lib/python3.12/site-packages/airflow/example_dags/example_short_circuit_operator.py for tasks to queue
[2026-06-21T21:58:41.574+0300] {logging_mixin.py:188} INFO - [2026-06-21T21:58:41.573+0300] {dagbag.py:540} INFO - Filling up the DagBag from /media/data/omar/programming course/DEPI/DEPI project/anomx/venv/lib/python3.12/site-packages/airflow/example_dags/example_short_circuit_operator.py
[2026-06-21T21:58:41.585+0300] {processor.py:840} INFO - DAG(s) 'example_short_circuit_operator' retrieved from /media/data/omar/programming course/DEPI/DEPI project/anomx/venv/lib/python3.12/site-packages/airflow/example_dags/example_short_circuit_operator.py
[2026-06-21T21:58:41.605+0300] {logging_mixin.py:188} INFO - [2026-06-21T21:58:41.604+0300] {dag.py:3096} INFO - Sync 1 DAGs
[2026-06-21T21:58:41.623+0300] {logging_mixin.py:188} INFO - [2026-06-21T21:58:41.622+0300] {dag.py:3954} INFO - Setting next_dagrun for example_short_circuit_operator to 2026-06-20 00:00:00+00:00, run_after=2026-06-21 00:00:00+00:00
[2026-06-21T21:58:41.651+0300] {processor.py:183} INFO - Processing /media/data/omar/programming course/DEPI/DEPI project/anomx/venv/lib/python3.12/site-packages/airflow/example_dags/example_short_circuit_operator.py took 0.089 seconds
[2026-06-21T21:59:37.943+0300] {processor.py:161} INFO - Started process (PID=17359) to work on /media/data/omar/programming course/DEPI/DEPI project/anomx/venv/lib/python3.12/site-packages/airflow/example_dags/example_short_circuit_operator.py
[2026-06-21T21:59:37.944+0300] {processor.py:830} INFO - Processing file /media/data/omar/programming course/DEPI/DEPI project/anomx/venv/lib/python3.12/site-packages/airflow/example_dags/example_short_circuit_operator.py for tasks to queue
[2026-06-21T21:59:37.946+0300] {logging_mixin.py:188} INFO - [2026-06-21T21:59:37.946+0300] {dagbag.py:540} INFO - Filling up the DagBag from /media/data/omar/programming course/DEPI/DEPI project/anomx/venv/lib/python3.12/site-packages/airflow/example_dags/example_short_circuit_operator.py
[2026-06-21T21:59:37.954+0300] {processor.py:840} INFO - DAG(s) 'example_short_circuit_operator' retrieved from /media/data/omar/programming course/DEPI/DEPI project/anomx/venv/lib/python3.12/site-packages/airflow/example_dags/example_short_circuit_operator.py
[2026-06-21T21:59:37.972+0300] {logging_mixin.py:188} INFO - [2026-06-21T21:59:37.972+0300] {dag.py:3096} INFO - Sync 1 DAGs
[2026-06-21T21:59:37.991+0300] {logging_mixin.py:188} INFO - [2026-06-21T21:59:37.990+0300] {dag.py:3954} INFO - Setting next_dagrun for example_short_circuit_operator to 2026-06-20 00:00:00+00:00, run_after=2026-06-21 00:00:00+00:00
[2026-06-21T21:59:38.021+0300] {processor.py:183} INFO - Processing /media/data/omar/programming course/DEPI/DEPI project/anomx/venv/lib/python3.12/site-packages/airflow/example_dags/example_short_circuit_operator.py took 0.084 seconds
[2026-06-21T22:00:34.436+0300] {processor.py:161} INFO - Started process (PID=17456) to work on /media/data/omar/programming course/DEPI/DEPI project/anomx/venv/lib/python3.12/site-packages/airflow/example_dags/example_short_circuit_operator.py
[2026-06-21T22:00:34.438+0300] {processor.py:830} INFO - Processing file /media/data/omar/programming course/DEPI/DEPI project/anomx/venv/lib/python3.12/site-packages/airflow/example_dags/example_short_circuit_operator.py for tasks to queue
[2026-06-21T22:00:34.442+0300] {logging_mixin.py:188} INFO - [2026-06-21T22:00:34.441+0300] {dagbag.py:540} INFO - Filling up the DagBag from /media/data/omar/programming course/DEPI/DEPI project/anomx/venv/lib/python3.12/site-packages/airflow/example_dags/example_short_circuit_operator.py
[2026-06-21T22:00:34.455+0300] {processor.py:840} INFO - DAG(s) 'example_short_circuit_operator' retrieved from /media/data/omar/programming course/DEPI/DEPI project/anomx/venv/lib/python3.12/site-packages/airflow/example_dags/example_short_circuit_operator.py
[2026-06-21T22:00:34.479+0300] {logging_mixin.py:188} INFO - [2026-06-21T22:00:34.479+0300] {dag.py:3096} INFO - Sync 1 DAGs
[2026-06-21T22:00:34.503+0300] {logging_mixin.py:188} INFO - [2026-06-21T22:00:34.502+0300] {dag.py:3954} INFO - Setting next_dagrun for example_short_circuit_operator to 2026-06-20 00:00:00+00:00, run_after=2026-06-21 00:00:00+00:00
[2026-06-21T22:00:34.529+0300] {processor.py:183} INFO - Processing /media/data/omar/programming course/DEPI/DEPI project/anomx/venv/lib/python3.12/site-packages/airflow/example_dags/example_short_circuit_operator.py took 0.112 seconds
[2026-06-21T22:01:32.916+0300] {processor.py:161} INFO - Started process (PID=17548) to work on /media/data/omar/programming course/DEPI/DEPI project/anomx/venv/lib/python3.12/site-packages/airflow/example_dags/example_short_circuit_operator.py
[2026-06-21T22:01:32.917+0300] {processor.py:830} INFO - Processing file /media/data/omar/programming course/DEPI/DEPI project/anomx/venv/lib/python3.12/site-packages/airflow/example_dags/example_short_circuit_operator.py for tasks to queue
[2026-06-21T22:01:32.920+0300] {logging_mixin.py:188} INFO - [2026-06-21T22:01:32.919+0300] {dagbag.py:540} INFO - Filling up the DagBag from /media/data/omar/programming course/DEPI/DEPI project/anomx/venv/lib/python3.12/site-packages/airflow/example_dags/example_short_circuit_operator.py
[2026-06-21T22:01:32.929+0300] {processor.py:840} INFO - DAG(s) 'example_short_circuit_operator' retrieved from /media/data/omar/programming course/DEPI/DEPI project/anomx/venv/lib/python3.12/site-packages/airflow/example_dags/example_short_circuit_operator.py
[2026-06-21T22:01:32.948+0300] {logging_mixin.py:188} INFO - [2026-06-21T22:01:32.948+0300] {dag.py:3096} INFO - Sync 1 DAGs
[2026-06-21T22:01:32.966+0300] {logging_mixin.py:188} INFO - [2026-06-21T22:01:32.965+0300] {dag.py:3954} INFO - Setting next_dagrun for example_short_circuit_operator to 2026-06-20 00:00:00+00:00, run_after=2026-06-21 00:00:00+00:00
[2026-06-21T22:01:32.995+0300] {processor.py:183} INFO - Processing /media/data/omar/programming course/DEPI/DEPI project/anomx/venv/lib/python3.12/site-packages/airflow/example_dags/example_short_circuit_operator.py took 0.088 seconds
[2026-06-21T22:02:30.677+0300] {processor.py:161} INFO - Started process (PID=17639) to work on /media/data/omar/programming course/DEPI/DEPI project/anomx/venv/lib/python3.12/site-packages/airflow/example_dags/example_short_circuit_operator.py
[2026-06-21T22:02:30.678+0300] {processor.py:830} INFO - Processing file /media/data/omar/programming course/DEPI/DEPI project/anomx/venv/lib/python3.12/site-packages/airflow/example_dags/example_short_circuit_operator.py for tasks to queue
[2026-06-21T22:02:30.679+0300] {logging_mixin.py:188} INFO - [2026-06-21T22:02:30.679+0300] {dagbag.py:540} INFO - Filling up the DagBag from /media/data/omar/programming course/DEPI/DEPI project/anomx/venv/lib/python3.12/site-packages/airflow/example_dags/example_short_circuit_operator.py
[2026-06-21T22:02:30.686+0300] {processor.py:840} INFO - DAG(s) 'example_short_circuit_operator' retrieved from /media/data/omar/programming course/DEPI/DEPI project/anomx/venv/lib/python3.12/site-packages/airflow/example_dags/example_short_circuit_operator.py
[2026-06-21T22:02:30.704+0300] {logging_mixin.py:188} INFO - [2026-06-21T22:02:30.703+0300] {dag.py:3096} INFO - Sync 1 DAGs
[2026-06-21T22:02:30.720+0300] {logging_mixin.py:188} INFO - [2026-06-21T22:02:30.720+0300] {dag.py:3954} INFO - Setting next_dagrun for example_short_circuit_operator to 2026-06-20 00:00:00+00:00, run_after=2026-06-21 00:00:00+00:00
[2026-06-21T22:02:30.748+0300] {processor.py:183} INFO - Processing /media/data/omar/programming course/DEPI/DEPI project/anomx/venv/lib/python3.12/site-packages/airflow/example_dags/example_short_circuit_operator.py took 0.076 seconds
[2026-06-21T22:03:29.413+0300] {processor.py:161} INFO - Started process (PID=17795) to work on /media/data/omar/programming course/DEPI/DEPI project/anomx/venv/lib/python3.12/site-packages/airflow/example_dags/example_short_circuit_operator.py
[2026-06-21T22:03:29.416+0300] {processor.py:830} INFO - Processing file /media/data/omar/programming course/DEPI/DEPI project/anomx/venv/lib/python3.12/site-packages/airflow/example_dags/example_short_circuit_operator.py for tasks to queue
[2026-06-21T22:03:29.422+0300] {logging_mixin.py:188} INFO - [2026-06-21T22:03:29.420+0300] {dagbag.py:540} INFO - Filling up the DagBag from /media/data/omar/programming course/DEPI/DEPI project/anomx/venv/lib/python3.12/site-packages/airflow/example_dags/example_short_circuit_operator.py
[2026-06-21T22:03:29.437+0300] {processor.py:840} INFO - DAG(s) 'example_short_circuit_operator' retrieved from /media/data/omar/programming course/DEPI/DEPI project/anomx/venv/lib/python3.12/site-packages/airflow/example_dags/example_short_circuit_operator.py
[2026-06-21T22:03:29.457+0300] {logging_mixin.py:188} INFO - [2026-06-21T22:03:29.456+0300] {dag.py:3096} INFO - Sync 1 DAGs
[2026-06-21T22:03:29.473+0300] {logging_mixin.py:188} INFO - [2026-06-21T22:03:29.473+0300] {dag.py:3954} INFO - Setting next_dagrun for example_short_circuit_operator to 2026-06-20 00:00:00+00:00, run_after=2026-06-21 00:00:00+00:00
[2026-06-21T22:03:29.501+0300] {processor.py:183} INFO - Processing /media/data/omar/programming course/DEPI/DEPI project/anomx/venv/lib/python3.12/site-packages/airflow/example_dags/example_short_circuit_operator.py took 0.108 seconds
[2026-06-21T22:04:20.526+0300] {processor.py:161} INFO - Started process (PID=17885) to work on /media/data/omar/programming course/DEPI/DEPI project/anomx/venv/lib/python3.12/site-packages/airflow/example_dags/example_short_circuit_operator.py
[2026-06-21T22:04:20.527+0300] {processor.py:830} INFO - Processing file /media/data/omar/programming course/DEPI/DEPI project/anomx/venv/lib/python3.12/site-packages/airflow/example_dags/example_short_circuit_operator.py for tasks to queue
[2026-06-21T22:04:20.529+0300] {logging_mixin.py:188} INFO - [2026-06-21T22:04:20.528+0300] {dagbag.py:540} INFO - Filling up the DagBag from /media/data/omar/programming course/DEPI/DEPI project/anomx/venv/lib/python3.12/site-packages/airflow/example_dags/example_short_circuit_operator.py
[2026-06-21T22:04:20.537+0300] {processor.py:840} INFO - DAG(s) 'example_short_circuit_operator' retrieved from /media/data/omar/programming course/DEPI/DEPI project/anomx/venv/lib/python3.12/site-packages/airflow/example_dags/example_short_circuit_operator.py
[2026-06-21T22:04:20.554+0300] {logging_mixin.py:188} INFO - [2026-06-21T22:04:20.553+0300] {dag.py:3096} INFO - Sync 1 DAGs
[2026-06-21T22:04:20.569+0300] {logging_mixin.py:188} INFO - [2026-06-21T22:04:20.569+0300] {dag.py:3954} INFO - Setting next_dagrun for example_short_circuit_operator to 2026-06-20 00:00:00+00:00, run_after=2026-06-21 00:00:00+00:00
[2026-06-21T22:04:20.680+0300] {processor.py:183} INFO - Processing /media/data/omar/programming course/DEPI/DEPI project/anomx/venv/lib/python3.12/site-packages/airflow/example_dags/example_short_circuit_operator.py took 0.159 seconds
[2026-06-21T22:05:16.673+0300] {processor.py:161} INFO - Started process (PID=17967) to work on /media/data/omar/programming course/DEPI/DEPI project/anomx/venv/lib/python3.12/site-packages/airflow/example_dags/example_short_circuit_operator.py
[2026-06-21T22:05:16.675+0300] {processor.py:830} INFO - Processing file /media/data/omar/programming course/DEPI/DEPI project/anomx/venv/lib/python3.12/site-packages/airflow/example_dags/example_short_circuit_operator.py for tasks to queue
[2026-06-21T22:05:16.679+0300] {logging_mixin.py:188} INFO - [2026-06-21T22:05:16.677+0300] {dagbag.py:540} INFO - Filling up the DagBag from /media/data/omar/programming course/DEPI/DEPI project/anomx/venv/lib/python3.12/site-packages/airflow/example_dags/example_short_circuit_operator.py
[2026-06-21T22:05:16.695+0300] {processor.py:840} INFO - DAG(s) 'example_short_circuit_operator' retrieved from /media/data/omar/programming course/DEPI/DEPI project/anomx/venv/lib/python3.12/site-packages/airflow/example_dags/example_short_circuit_operator.py
[2026-06-21T22:05:16.715+0300] {logging_mixin.py:188} INFO - [2026-06-21T22:05:16.715+0300] {dag.py:3096} INFO - Sync 1 DAGs
[2026-06-21T22:05:16.732+0300] {logging_mixin.py:188} INFO - [2026-06-21T22:05:16.732+0300] {dag.py:3954} INFO - Setting next_dagrun for example_short_circuit_operator to 2026-06-20 00:00:00+00:00, run_after=2026-06-21 00:00:00+00:00
[2026-06-21T22:05:16.758+0300] {processor.py:183} INFO - Processing /media/data/omar/programming course/DEPI/DEPI project/anomx/venv/lib/python3.12/site-packages/airflow/example_dags/example_short_circuit_operator.py took 0.099 seconds
[2026-06-21T22:06:13.690+0300] {processor.py:161} INFO - Started process (PID=18059) to work on /media/data/omar/programming course/DEPI/DEPI project/anomx/venv/lib/python3.12/site-packages/airflow/example_dags/example_short_circuit_operator.py
[2026-06-21T22:06:13.691+0300] {processor.py:830} INFO - Processing file /media/data/omar/programming course/DEPI/DEPI project/anomx/venv/lib/python3.12/site-packages/airflow/example_dags/example_short_circuit_operator.py for tasks to queue
[2026-06-21T22:06:13.693+0300] {logging_mixin.py:188} INFO - [2026-06-21T22:06:13.693+0300] {dagbag.py:540} INFO - Filling up the DagBag from /media/data/omar/programming course/DEPI/DEPI project/anomx/venv/lib/python3.12/site-packages/airflow/example_dags/example_short_circuit_operator.py
[2026-06-21T22:06:13.704+0300] {processor.py:840} INFO - DAG(s) 'example_short_circuit_operator' retrieved from /media/data/omar/programming course/DEPI/DEPI project/anomx/venv/lib/python3.12/site-packages/airflow/example_dags/example_short_circuit_operator.py
[2026-06-21T22:06:13.725+0300] {logging_mixin.py:188} INFO - [2026-06-21T22:06:13.724+0300] {dag.py:3096} INFO - Sync 1 DAGs
[2026-06-21T22:06:13.741+0300] {logging_mixin.py:188} INFO - [2026-06-21T22:06:13.741+0300] {dag.py:3954} INFO - Setting next_dagrun for example_short_circuit_operator to 2026-06-20 00:00:00+00:00, run_after=2026-06-21 00:00:00+00:00
[2026-06-21T22:06:13.767+0300] {processor.py:183} INFO - Processing /media/data/omar/programming course/DEPI/DEPI project/anomx/venv/lib/python3.12/site-packages/airflow/example_dags/example_short_circuit_operator.py took 0.085 seconds
[2026-06-21T22:07:11.872+0300] {processor.py:161} INFO - Started process (PID=18150) to work on /media/data/omar/programming course/DEPI/DEPI project/anomx/venv/lib/python3.12/site-packages/airflow/example_dags/example_short_circuit_operator.py
[2026-06-21T22:07:11.873+0300] {processor.py:830} INFO - Processing file /media/data/omar/programming course/DEPI/DEPI project/anomx/venv/lib/python3.12/site-packages/airflow/example_dags/example_short_circuit_operator.py for tasks to queue
[2026-06-21T22:07:11.875+0300] {logging_mixin.py:188} INFO - [2026-06-21T22:07:11.874+0300] {dagbag.py:540} INFO - Filling up the DagBag from /media/data/omar/programming course/DEPI/DEPI project/anomx/venv/lib/python3.12/site-packages/airflow/example_dags/example_short_circuit_operator.py
[2026-06-21T22:07:11.882+0300] {processor.py:840} INFO - DAG(s) 'example_short_circuit_operator' retrieved from /media/data/omar/programming course/DEPI/DEPI project/anomx/venv/lib/python3.12/site-packages/airflow/example_dags/example_short_circuit_operator.py
[2026-06-21T22:07:11.899+0300] {logging_mixin.py:188} INFO - [2026-06-21T22:07:11.899+0300] {dag.py:3096} INFO - Sync 1 DAGs
[2026-06-21T22:07:11.917+0300] {logging_mixin.py:188} INFO - [2026-06-21T22:07:11.917+0300] {dag.py:3954} INFO - Setting next_dagrun for example_short_circuit_operator to 2026-06-20 00:00:00+00:00, run_after=2026-06-21 00:00:00+00:00
[2026-06-21T22:07:12.026+0300] {processor.py:183} INFO - Processing /media/data/omar/programming course/DEPI/DEPI project/anomx/venv/lib/python3.12/site-packages/airflow/example_dags/example_short_circuit_operator.py took 0.159 seconds
[2026-06-21T22:08:10.613+0300] {processor.py:161} INFO - Started process (PID=18242) to work on /media/data/omar/programming course/DEPI/DEPI project/anomx/venv/lib/python3.12/site-packages/airflow/example_dags/example_short_circuit_operator.py
[2026-06-21T22:08:10.615+0300] {processor.py:830} INFO - Processing file /media/data/omar/programming course/DEPI/DEPI project/anomx/venv/lib/python3.12/site-packages/airflow/example_dags/example_short_circuit_operator.py for tasks to queue
[2026-06-21T22:08:10.618+0300] {logging_mixin.py:188} INFO - [2026-06-21T22:08:10.618+0300] {dagbag.py:540} INFO - Filling up the DagBag from /media/data/omar/programming course/DEPI/DEPI project/anomx/venv/lib/python3.12/site-packages/airflow/example_dags/example_short_circuit_operator.py
[2026-06-21T22:08:10.629+0300] {processor.py:840} INFO - DAG(s) 'example_short_circuit_operator' retrieved from /media/data/omar/programming course/DEPI/DEPI project/anomx/venv/lib/python3.12/site-packages/airflow/example_dags/example_short_circuit_operator.py
[2026-06-21T22:08:10.647+0300] {logging_mixin.py:188} INFO - [2026-06-21T22:08:10.647+0300] {dag.py:3096} INFO - Sync 1 DAGs
[2026-06-21T22:08:10.665+0300] {logging_mixin.py:188} INFO - [2026-06-21T22:08:10.664+0300] {dag.py:3954} INFO - Setting next_dagrun for example_short_circuit_operator to 2026-06-20 00:00:00+00:00, run_after=2026-06-21 00:00:00+00:00
[2026-06-21T22:08:10.693+0300] {processor.py:183} INFO - Processing /media/data/omar/programming course/DEPI/DEPI project/anomx/venv/lib/python3.12/site-packages/airflow/example_dags/example_short_circuit_operator.py took 0.095 seconds
[2026-06-21T22:09:06.890+0300] {processor.py:161} INFO - Started process (PID=18323) to work on /media/data/omar/programming course/DEPI/DEPI project/anomx/venv/lib/python3.12/site-packages/airflow/example_dags/example_short_circuit_operator.py
[2026-06-21T22:09:06.892+0300] {processor.py:830} INFO - Processing file /media/data/omar/programming course/DEPI/DEPI project/anomx/venv/lib/python3.12/site-packages/airflow/example_dags/example_short_circuit_operator.py for tasks to queue
[2026-06-21T22:09:06.895+0300] {logging_mixin.py:188} INFO - [2026-06-21T22:09:06.894+0300] {dagbag.py:540} INFO - Filling up the DagBag from /media/data/omar/programming course/DEPI/DEPI project/anomx/venv/lib/python3.12/site-packages/airflow/example_dags/example_short_circuit_operator.py
[2026-06-21T22:09:06.908+0300] {processor.py:840} INFO - DAG(s) 'example_short_circuit_operator' retrieved from /media/data/omar/programming course/DEPI/DEPI project/anomx/venv/lib/python3.12/site-packages/airflow/example_dags/example_short_circuit_operator.py
[2026-06-21T22:09:06.933+0300] {logging_mixin.py:188} INFO - [2026-06-21T22:09:06.932+0300] {dag.py:3096} INFO - Sync 1 DAGs
[2026-06-21T22:09:06.953+0300] {logging_mixin.py:188} INFO - [2026-06-21T22:09:06.953+0300] {dag.py:3954} INFO - Setting next_dagrun for example_short_circuit_operator to 2026-06-20 00:00:00+00:00, run_after=2026-06-21 00:00:00+00:00
[2026-06-21T22:09:06.980+0300] {processor.py:183} INFO - Processing /media/data/omar/programming course/DEPI/DEPI project/anomx/venv/lib/python3.12/site-packages/airflow/example_dags/example_short_circuit_operator.py took 0.101 seconds
[2026-06-21T22:10:08.826+0300] {processor.py:161} INFO - Started process (PID=18580) to work on /media/data/omar/programming course/DEPI/DEPI project/anomx/venv/lib/python3.12/site-packages/airflow/example_dags/example_short_circuit_operator.py
[2026-06-21T22:10:08.827+0300] {processor.py:830} INFO - Processing file /media/data/omar/programming course/DEPI/DEPI project/anomx/venv/lib/python3.12/site-packages/airflow/example_dags/example_short_circuit_operator.py for tasks to queue
[2026-06-21T22:10:08.830+0300] {logging_mixin.py:188} INFO - [2026-06-21T22:10:08.829+0300] {dagbag.py:540} INFO - Filling up the DagBag from /media/data/omar/programming course/DEPI/DEPI project/anomx/venv/lib/python3.12/site-packages/airflow/example_dags/example_short_circuit_operator.py
[2026-06-21T22:10:08.841+0300] {processor.py:840} INFO - DAG(s) 'example_short_circuit_operator' retrieved from /media/data/omar/programming course/DEPI/DEPI project/anomx/venv/lib/python3.12/site-packages/airflow/example_dags/example_short_circuit_operator.py
[2026-06-21T22:10:08.862+0300] {logging_mixin.py:188} INFO - [2026-06-21T22:10:08.862+0300] {dag.py:3096} INFO - Sync 1 DAGs
[2026-06-21T22:10:09.010+0300] {logging_mixin.py:188} INFO - [2026-06-21T22:10:09.010+0300] {dag.py:3954} INFO - Setting next_dagrun for example_short_circuit_operator to 2026-06-20 00:00:00+00:00, run_after=2026-06-21 00:00:00+00:00
[2026-06-21T22:10:09.035+0300] {processor.py:183} INFO - Processing /media/data/omar/programming course/DEPI/DEPI project/anomx/venv/lib/python3.12/site-packages/airflow/example_dags/example_short_circuit_operator.py took 0.217 seconds
[2026-06-21T22:11:04.348+0300] {processor.py:161} INFO - Started process (PID=18749) to work on /media/data/omar/programming course/DEPI/DEPI project/anomx/venv/lib/python3.12/site-packages/airflow/example_dags/example_short_circuit_operator.py
[2026-06-21T22:11:04.350+0300] {processor.py:830} INFO - Processing file /media/data/omar/programming course/DEPI/DEPI project/anomx/venv/lib/python3.12/site-packages/airflow/example_dags/example_short_circuit_operator.py for tasks to queue
[2026-06-21T22:11:04.352+0300] {logging_mixin.py:188} INFO - [2026-06-21T22:11:04.351+0300] {dagbag.py:540} INFO - Filling up the DagBag from /media/data/omar/programming course/DEPI/DEPI project/anomx/venv/lib/python3.12/site-packages/airflow/example_dags/example_short_circuit_operator.py
[2026-06-21T22:11:04.360+0300] {processor.py:840} INFO - DAG(s) 'example_short_circuit_operator' retrieved from /media/data/omar/programming course/DEPI/DEPI project/anomx/venv/lib/python3.12/site-packages/airflow/example_dags/example_short_circuit_operator.py
[2026-06-21T22:11:04.379+0300] {logging_mixin.py:188} INFO - [2026-06-21T22:11:04.379+0300] {dag.py:3096} INFO - Sync 1 DAGs
[2026-06-21T22:11:04.398+0300] {logging_mixin.py:188} INFO - [2026-06-21T22:11:04.397+0300] {dag.py:3954} INFO - Setting next_dagrun for example_short_circuit_operator to 2026-06-20 00:00:00+00:00, run_after=2026-06-21 00:00:00+00:00
[2026-06-21T22:11:04.427+0300] {processor.py:183} INFO - Processing /media/data/omar/programming course/DEPI/DEPI project/anomx/venv/lib/python3.12/site-packages/airflow/example_dags/example_short_circuit_operator.py took 0.086 seconds
[2026-06-21T22:12:01.832+0300] {processor.py:161} INFO - Started process (PID=18885) to work on /media/data/omar/programming course/DEPI/DEPI project/anomx/venv/lib/python3.12/site-packages/airflow/example_dags/example_short_circuit_operator.py
[2026-06-21T22:12:01.833+0300] {processor.py:830} INFO - Processing file /media/data/omar/programming course/DEPI/DEPI project/anomx/venv/lib/python3.12/site-packages/airflow/example_dags/example_short_circuit_operator.py for tasks to queue
[2026-06-21T22:12:01.835+0300] {logging_mixin.py:188} INFO - [2026-06-21T22:12:01.834+0300] {dagbag.py:540} INFO - Filling up the DagBag from /media/data/omar/programming course/DEPI/DEPI project/anomx/venv/lib/python3.12/site-packages/airflow/example_dags/example_short_circuit_operator.py
[2026-06-21T22:12:01.841+0300] {processor.py:840} INFO - DAG(s) 'example_short_circuit_operator' retrieved from /media/data/omar/programming course/DEPI/DEPI project/anomx/venv/lib/python3.12/site-packages/airflow/example_dags/example_short_circuit_operator.py
[2026-06-21T22:12:01.858+0300] {logging_mixin.py:188} INFO - [2026-06-21T22:12:01.858+0300] {dag.py:3096} INFO - Sync 1 DAGs
[2026-06-21T22:12:01.873+0300] {logging_mixin.py:188} INFO - [2026-06-21T22:12:01.873+0300] {dag.py:3954} INFO - Setting next_dagrun for example_short_circuit_operator to 2026-06-20 00:00:00+00:00, run_after=2026-06-21 00:00:00+00:00
[2026-06-21T22:12:01.902+0300] {processor.py:183} INFO - Processing /media/data/omar/programming course/DEPI/DEPI project/anomx/venv/lib/python3.12/site-packages/airflow/example_dags/example_short_circuit_operator.py took 0.076 seconds
[2026-06-21T22:12:54.726+0300] {processor.py:161} INFO - Started process (PID=18977) to work on /media/data/omar/programming course/DEPI/DEPI project/anomx/venv/lib/python3.12/site-packages/airflow/example_dags/example_short_circuit_operator.py
[2026-06-21T22:12:54.728+0300] {processor.py:830} INFO - Processing file /media/data/omar/programming course/DEPI/DEPI project/anomx/venv/lib/python3.12/site-packages/airflow/example_dags/example_short_circuit_operator.py for tasks to queue
[2026-06-21T22:12:54.730+0300] {logging_mixin.py:188} INFO - [2026-06-21T22:12:54.730+0300] {dagbag.py:540} INFO - Filling up the DagBag from /media/data/omar/programming course/DEPI/DEPI project/anomx/venv/lib/python3.12/site-packages/airflow/example_dags/example_short_circuit_operator.py
[2026-06-21T22:12:54.741+0300] {processor.py:840} INFO - DAG(s) 'example_short_circuit_operator' retrieved from /media/data/omar/programming course/DEPI/DEPI project/anomx/venv/lib/python3.12/site-packages/airflow/example_dags/example_short_circuit_operator.py
[2026-06-21T22:12:54.760+0300] {logging_mixin.py:188} INFO - [2026-06-21T22:12:54.759+0300] {dag.py:3096} INFO - Sync 1 DAGs
[2026-06-21T22:12:54.775+0300] {logging_mixin.py:188} INFO - [2026-06-21T22:12:54.775+0300] {dag.py:3954} INFO - Setting next_dagrun for example_short_circuit_operator to 2026-06-20 00:00:00+00:00, run_after=2026-06-21 00:00:00+00:00
[2026-06-21T22:12:54.802+0300] {processor.py:183} INFO - Processing /media/data/omar/programming course/DEPI/DEPI project/anomx/venv/lib/python3.12/site-packages/airflow/example_dags/example_short_circuit_operator.py took 0.097 seconds
[2026-06-21T22:13:46.367+0300] {processor.py:161} INFO - Started process (PID=19120) to work on /media/data/omar/programming course/DEPI/DEPI project/anomx/venv/lib/python3.12/site-packages/airflow/example_dags/example_short_circuit_operator.py
[2026-06-21T22:13:46.368+0300] {processor.py:830} INFO - Processing file /media/data/omar/programming course/DEPI/DEPI project/anomx/venv/lib/python3.12/site-packages/airflow/example_dags/example_short_circuit_operator.py for tasks to queue
[2026-06-21T22:13:46.370+0300] {logging_mixin.py:188} INFO - [2026-06-21T22:13:46.369+0300] {dagbag.py:540} INFO - Filling up the DagBag from /media/data/omar/programming course/DEPI/DEPI project/anomx/venv/lib/python3.12/site-packages/airflow/example_dags/example_short_circuit_operator.py
[2026-06-21T22:13:46.380+0300] {processor.py:840} INFO - DAG(s) 'example_short_circuit_operator' retrieved from /media/data/omar/programming course/DEPI/DEPI project/anomx/venv/lib/python3.12/site-packages/airflow/example_dags/example_short_circuit_operator.py
[2026-06-21T22:13:46.400+0300] {logging_mixin.py:188} INFO - [2026-06-21T22:13:46.400+0300] {dag.py:3096} INFO - Sync 1 DAGs
[2026-06-21T22:13:46.419+0300] {logging_mixin.py:188} INFO - [2026-06-21T22:13:46.418+0300] {dag.py:3954} INFO - Setting next_dagrun for example_short_circuit_operator to 2026-06-20 00:00:00+00:00, run_after=2026-06-21 00:00:00+00:00
[2026-06-21T22:13:46.449+0300] {processor.py:183} INFO - Processing /media/data/omar/programming course/DEPI/DEPI project/anomx/venv/lib/python3.12/site-packages/airflow/example_dags/example_short_circuit_operator.py took 0.090 seconds
[2026-06-21T22:14:44.162+0300] {processor.py:161} INFO - Started process (PID=19217) to work on /media/data/omar/programming course/DEPI/DEPI project/anomx/venv/lib/python3.12/site-packages/airflow/example_dags/example_short_circuit_operator.py
[2026-06-21T22:14:44.163+0300] {processor.py:830} INFO - Processing file /media/data/omar/programming course/DEPI/DEPI project/anomx/venv/lib/python3.12/site-packages/airflow/example_dags/example_short_circuit_operator.py for tasks to queue
[2026-06-21T22:14:44.165+0300] {logging_mixin.py:188} INFO - [2026-06-21T22:14:44.165+0300] {dagbag.py:540} INFO - Filling up the DagBag from /media/data/omar/programming course/DEPI/DEPI project/anomx/venv/lib/python3.12/site-packages/airflow/example_dags/example_short_circuit_operator.py
[2026-06-21T22:14:44.174+0300] {processor.py:840} INFO - DAG(s) 'example_short_circuit_operator' retrieved from /media/data/omar/programming course/DEPI/DEPI project/anomx/venv/lib/python3.12/site-packages/airflow/example_dags/example_short_circuit_operator.py
[2026-06-21T22:14:44.195+0300] {logging_mixin.py:188} INFO - [2026-06-21T22:14:44.194+0300] {dag.py:3096} INFO - Sync 1 DAGs
[2026-06-21T22:14:44.214+0300] {logging_mixin.py:188} INFO - [2026-06-21T22:14:44.213+0300] {dag.py:3954} INFO - Setting next_dagrun for example_short_circuit_operator to 2026-06-20 00:00:00+00:00, run_after=2026-06-21 00:00:00+00:00
[2026-06-21T22:14:44.253+0300] {processor.py:183} INFO - Processing /media/data/omar/programming course/DEPI/DEPI project/anomx/venv/lib/python3.12/site-packages/airflow/example_dags/example_short_circuit_operator.py took 0.099 seconds
[2026-06-21T22:15:40.720+0300] {processor.py:161} INFO - Started process (PID=19321) to work on /media/data/omar/programming course/DEPI/DEPI project/anomx/venv/lib/python3.12/site-packages/airflow/example_dags/example_short_circuit_operator.py
[2026-06-21T22:15:40.721+0300] {processor.py:830} INFO - Processing file /media/data/omar/programming course/DEPI/DEPI project/anomx/venv/lib/python3.12/site-packages/airflow/example_dags/example_short_circuit_operator.py for tasks to queue
[2026-06-21T22:15:40.724+0300] {logging_mixin.py:188} INFO - [2026-06-21T22:15:40.723+0300] {dagbag.py:540} INFO - Filling up the DagBag from /media/data/omar/programming course/DEPI/DEPI project/anomx/venv/lib/python3.12/site-packages/airflow/example_dags/example_short_circuit_operator.py
[2026-06-21T22:15:40.731+0300] {processor.py:840} INFO - DAG(s) 'example_short_circuit_operator' retrieved from /media/data/omar/programming course/DEPI/DEPI project/anomx/venv/lib/python3.12/site-packages/airflow/example_dags/example_short_circuit_operator.py
[2026-06-21T22:15:40.749+0300] {logging_mixin.py:188} INFO - [2026-06-21T22:15:40.749+0300] {dag.py:3096} INFO - Sync 1 DAGs
[2026-06-21T22:15:40.769+0300] {logging_mixin.py:188} INFO - [2026-06-21T22:15:40.768+0300] {dag.py:3954} INFO - Setting next_dagrun for example_short_circuit_operator to 2026-06-20 00:00:00+00:00, run_after=2026-06-21 00:00:00+00:00
[2026-06-21T22:15:40.799+0300] {processor.py:183} INFO - Processing /media/data/omar/programming course/DEPI/DEPI project/anomx/venv/lib/python3.12/site-packages/airflow/example_dags/example_short_circuit_operator.py took 0.086 seconds
[2026-06-21T22:16:37.133+0300] {processor.py:161} INFO - Started process (PID=19707) to work on /media/data/omar/programming course/DEPI/DEPI project/anomx/venv/lib/python3.12/site-packages/airflow/example_dags/example_short_circuit_operator.py
[2026-06-21T22:16:37.134+0300] {processor.py:830} INFO - Processing file /media/data/omar/programming course/DEPI/DEPI project/anomx/venv/lib/python3.12/site-packages/airflow/example_dags/example_short_circuit_operator.py for tasks to queue
[2026-06-21T22:16:37.135+0300] {logging_mixin.py:188} INFO - [2026-06-21T22:16:37.135+0300] {dagbag.py:540} INFO - Filling up the DagBag from /media/data/omar/programming course/DEPI/DEPI project/anomx/venv/lib/python3.12/site-packages/airflow/example_dags/example_short_circuit_operator.py
[2026-06-21T22:16:37.144+0300] {processor.py:840} INFO - DAG(s) 'example_short_circuit_operator' retrieved from /media/data/omar/programming course/DEPI/DEPI project/anomx/venv/lib/python3.12/site-packages/airflow/example_dags/example_short_circuit_operator.py
[2026-06-21T22:16:37.165+0300] {logging_mixin.py:188} INFO - [2026-06-21T22:16:37.165+0300] {dag.py:3096} INFO - Sync 1 DAGs
[2026-06-21T22:16:37.187+0300] {logging_mixin.py:188} INFO - [2026-06-21T22:16:37.186+0300] {dag.py:3954} INFO - Setting next_dagrun for example_short_circuit_operator to 2026-06-20 00:00:00+00:00, run_after=2026-06-21 00:00:00+00:00
[2026-06-21T22:16:37.220+0300] {processor.py:183} INFO - Processing /media/data/omar/programming course/DEPI/DEPI project/anomx/venv/lib/python3.12/site-packages/airflow/example_dags/example_short_circuit_operator.py took 0.093 seconds
[2026-06-21T22:17:37.606+0300] {processor.py:161} INFO - Started process (PID=19878) to work on /media/data/omar/programming course/DEPI/DEPI project/anomx/venv/lib/python3.12/site-packages/airflow/example_dags/example_short_circuit_operator.py
[2026-06-21T22:17:37.607+0300] {processor.py:830} INFO - Processing file /media/data/omar/programming course/DEPI/DEPI project/anomx/venv/lib/python3.12/site-packages/airflow/example_dags/example_short_circuit_operator.py for tasks to queue
[2026-06-21T22:17:37.609+0300] {logging_mixin.py:188} INFO - [2026-06-21T22:17:37.608+0300] {dagbag.py:540} INFO - Filling up the DagBag from /media/data/omar/programming course/DEPI/DEPI project/anomx/venv/lib/python3.12/site-packages/airflow/example_dags/example_short_circuit_operator.py
[2026-06-21T22:17:37.621+0300] {processor.py:840} INFO - DAG(s) 'example_short_circuit_operator' retrieved from /media/data/omar/programming course/DEPI/DEPI project/anomx/venv/lib/python3.12/site-packages/airflow/example_dags/example_short_circuit_operator.py
[2026-06-21T22:17:37.641+0300] {logging_mixin.py:188} INFO - [2026-06-21T22:17:37.641+0300] {dag.py:3096} INFO - Sync 1 DAGs
[2026-06-21T22:17:37.660+0300] {logging_mixin.py:188} INFO - [2026-06-21T22:17:37.659+0300] {dag.py:3954} INFO - Setting next_dagrun for example_short_circuit_operator to 2026-06-20 00:00:00+00:00, run_after=2026-06-21 00:00:00+00:00
[2026-06-21T22:17:37.692+0300] {processor.py:183} INFO - Processing /media/data/omar/programming course/DEPI/DEPI project/anomx/venv/lib/python3.12/site-packages/airflow/example_dags/example_short_circuit_operator.py took 0.095 seconds
[2026-06-21T22:18:36.164+0300] {processor.py:161} INFO - Started process (PID=19980) to work on /media/data/omar/programming course/DEPI/DEPI project/anomx/venv/lib/python3.12/site-packages/airflow/example_dags/example_short_circuit_operator.py
[2026-06-21T22:18:36.165+0300] {processor.py:830} INFO - Processing file /media/data/omar/programming course/DEPI/DEPI project/anomx/venv/lib/python3.12/site-packages/airflow/example_dags/example_short_circuit_operator.py for tasks to queue
[2026-06-21T22:18:36.168+0300] {logging_mixin.py:188} INFO - [2026-06-21T22:18:36.167+0300] {dagbag.py:540} INFO - Filling up the DagBag from /media/data/omar/programming course/DEPI/DEPI project/anomx/venv/lib/python3.12/site-packages/airflow/example_dags/example_short_circuit_operator.py
[2026-06-21T22:18:36.179+0300] {processor.py:840} INFO - DAG(s) 'example_short_circuit_operator' retrieved from /media/data/omar/programming course/DEPI/DEPI project/anomx/venv/lib/python3.12/site-packages/airflow/example_dags/example_short_circuit_operator.py
[2026-06-21T22:18:36.198+0300] {logging_mixin.py:188} INFO - [2026-06-21T22:18:36.198+0300] {dag.py:3096} INFO - Sync 1 DAGs
[2026-06-21T22:18:36.215+0300] {logging_mixin.py:188} INFO - [2026-06-21T22:18:36.215+0300] {dag.py:3954} INFO - Setting next_dagrun for example_short_circuit_operator to 2026-06-20 00:00:00+00:00, run_after=2026-06-21 00:00:00+00:00
[2026-06-21T22:18:36.242+0300] {processor.py:183} INFO - Processing /media/data/omar/programming course/DEPI/DEPI project/anomx/venv/lib/python3.12/site-packages/airflow/example_dags/example_short_circuit_operator.py took 0.086 seconds
[2026-06-21T22:19:31.476+0300] {processor.py:161} INFO - Started process (PID=20088) to work on /media/data/omar/programming course/DEPI/DEPI project/anomx/venv/lib/python3.12/site-packages/airflow/example_dags/example_short_circuit_operator.py
[2026-06-21T22:19:31.480+0300] {processor.py:830} INFO - Processing file /media/data/omar/programming course/DEPI/DEPI project/anomx/venv/lib/python3.12/site-packages/airflow/example_dags/example_short_circuit_operator.py for tasks to queue
[2026-06-21T22:19:31.491+0300] {logging_mixin.py:188} INFO - [2026-06-21T22:19:31.490+0300] {dagbag.py:540} INFO - Filling up the DagBag from /media/data/omar/programming course/DEPI/DEPI project/anomx/venv/lib/python3.12/site-packages/airflow/example_dags/example_short_circuit_operator.py
[2026-06-21T22:19:31.526+0300] {processor.py:840} INFO - DAG(s) 'example_short_circuit_operator' retrieved from /media/data/omar/programming course/DEPI/DEPI project/anomx/venv/lib/python3.12/site-packages/airflow/example_dags/example_short_circuit_operator.py
[2026-06-21T22:19:31.599+0300] {logging_mixin.py:188} INFO - [2026-06-21T22:19:31.598+0300] {dag.py:3096} INFO - Sync 1 DAGs
[2026-06-21T22:19:31.634+0300] {logging_mixin.py:188} INFO - [2026-06-21T22:19:31.634+0300] {dag.py:3954} INFO - Setting next_dagrun for example_short_circuit_operator to 2026-06-20 00:00:00+00:00, run_after=2026-06-21 00:00:00+00:00
[2026-06-21T22:19:31.667+0300] {processor.py:183} INFO - Processing /media/data/omar/programming course/DEPI/DEPI project/anomx/venv/lib/python3.12/site-packages/airflow/example_dags/example_short_circuit_operator.py took 0.205 seconds
[2026-06-21T22:20:26.955+0300] {processor.py:161} INFO - Started process (PID=20173) to work on /media/data/omar/programming course/DEPI/DEPI project/anomx/venv/lib/python3.12/site-packages/airflow/example_dags/example_short_circuit_operator.py
[2026-06-21T22:20:26.957+0300] {processor.py:830} INFO - Processing file /media/data/omar/programming course/DEPI/DEPI project/anomx/venv/lib/python3.12/site-packages/airflow/example_dags/example_short_circuit_operator.py for tasks to queue
[2026-06-21T22:20:26.961+0300] {logging_mixin.py:188} INFO - [2026-06-21T22:20:26.959+0300] {dagbag.py:540} INFO - Filling up the DagBag from /media/data/omar/programming course/DEPI/DEPI project/anomx/venv/lib/python3.12/site-packages/airflow/example_dags/example_short_circuit_operator.py
[2026-06-21T22:20:26.977+0300] {processor.py:840} INFO - DAG(s) 'example_short_circuit_operator' retrieved from /media/data/omar/programming course/DEPI/DEPI project/anomx/venv/lib/python3.12/site-packages/airflow/example_dags/example_short_circuit_operator.py
[2026-06-21T22:20:26.999+0300] {logging_mixin.py:188} INFO - [2026-06-21T22:20:26.999+0300] {dag.py:3096} INFO - Sync 1 DAGs
[2026-06-21T22:20:27.015+0300] {logging_mixin.py:188} INFO - [2026-06-21T22:20:27.015+0300] {dag.py:3954} INFO - Setting next_dagrun for example_short_circuit_operator to 2026-06-20 00:00:00+00:00, run_after=2026-06-21 00:00:00+00:00
[2026-06-21T22:20:27.042+0300] {processor.py:183} INFO - Processing /media/data/omar/programming course/DEPI/DEPI project/anomx/venv/lib/python3.12/site-packages/airflow/example_dags/example_short_circuit_operator.py took 0.100 seconds
[2026-06-21T22:21:04.947+0300] {processor.py:161} INFO - Started process (PID=20244) to work on /media/data/omar/programming course/DEPI/DEPI project/anomx/venv/lib/python3.12/site-packages/airflow/example_dags/example_short_circuit_operator.py
[2026-06-21T22:21:04.949+0300] {processor.py:830} INFO - Processing file /media/data/omar/programming course/DEPI/DEPI project/anomx/venv/lib/python3.12/site-packages/airflow/example_dags/example_short_circuit_operator.py for tasks to queue
[2026-06-21T22:21:04.954+0300] {logging_mixin.py:188} INFO - [2026-06-21T22:21:04.953+0300] {dagbag.py:540} INFO - Filling up the DagBag from /media/data/omar/programming course/DEPI/DEPI project/anomx/venv/lib/python3.12/site-packages/airflow/example_dags/example_short_circuit_operator.py
[2026-06-21T22:21:04.971+0300] {processor.py:840} INFO - DAG(s) 'example_short_circuit_operator' retrieved from /media/data/omar/programming course/DEPI/DEPI project/anomx/venv/lib/python3.12/site-packages/airflow/example_dags/example_short_circuit_operator.py
[2026-06-21T22:21:05.007+0300] {logging_mixin.py:188} INFO - [2026-06-21T22:21:05.007+0300] {dag.py:3096} INFO - Sync 1 DAGs
[2026-06-21T22:21:05.034+0300] {logging_mixin.py:188} INFO - [2026-06-21T22:21:05.033+0300] {dag.py:3954} INFO - Setting next_dagrun for example_short_circuit_operator to 2026-06-20 00:00:00+00:00, run_after=2026-06-21 00:00:00+00:00
[2026-06-21T22:21:05.076+0300] {processor.py:183} INFO - Processing /media/data/omar/programming course/DEPI/DEPI project/anomx/venv/lib/python3.12/site-packages/airflow/example_dags/example_short_circuit_operator.py took 0.139 seconds
[2026-06-21T22:22:04.486+0300] {processor.py:161} INFO - Started process (PID=20345) to work on /media/data/omar/programming course/DEPI/DEPI project/anomx/venv/lib/python3.12/site-packages/airflow/example_dags/example_short_circuit_operator.py
[2026-06-21T22:22:04.489+0300] {processor.py:830} INFO - Processing file /media/data/omar/programming course/DEPI/DEPI project/anomx/venv/lib/python3.12/site-packages/airflow/example_dags/example_short_circuit_operator.py for tasks to queue
[2026-06-21T22:22:04.498+0300] {logging_mixin.py:188} INFO - [2026-06-21T22:22:04.495+0300] {dagbag.py:540} INFO - Filling up the DagBag from /media/data/omar/programming course/DEPI/DEPI project/anomx/venv/lib/python3.12/site-packages/airflow/example_dags/example_short_circuit_operator.py
[2026-06-21T22:22:04.519+0300] {processor.py:840} INFO - DAG(s) 'example_short_circuit_operator' retrieved from /media/data/omar/programming course/DEPI/DEPI project/anomx/venv/lib/python3.12/site-packages/airflow/example_dags/example_short_circuit_operator.py
[2026-06-21T22:22:04.545+0300] {logging_mixin.py:188} INFO - [2026-06-21T22:22:04.545+0300] {dag.py:3096} INFO - Sync 1 DAGs
[2026-06-21T22:22:04.568+0300] {logging_mixin.py:188} INFO - [2026-06-21T22:22:04.567+0300] {dag.py:3954} INFO - Setting next_dagrun for example_short_circuit_operator to 2026-06-20 00:00:00+00:00, run_after=2026-06-21 00:00:00+00:00
[2026-06-21T22:22:04.634+0300] {processor.py:183} INFO - Processing /media/data/omar/programming course/DEPI/DEPI project/anomx/venv/lib/python3.12/site-packages/airflow/example_dags/example_short_circuit_operator.py took 0.171 seconds
[2026-06-21T22:23:16.322+0300] {processor.py:161} INFO - Started process (PID=20476) to work on /media/data/omar/programming course/DEPI/DEPI project/anomx/venv/lib/python3.12/site-packages/airflow/example_dags/example_short_circuit_operator.py
[2026-06-21T22:23:16.323+0300] {processor.py:830} INFO - Processing file /media/data/omar/programming course/DEPI/DEPI project/anomx/venv/lib/python3.12/site-packages/airflow/example_dags/example_short_circuit_operator.py for tasks to queue
[2026-06-21T22:23:16.324+0300] {logging_mixin.py:188} INFO - [2026-06-21T22:23:16.324+0300] {dagbag.py:540} INFO - Filling up the DagBag from /media/data/omar/programming course/DEPI/DEPI project/anomx/venv/lib/python3.12/site-packages/airflow/example_dags/example_short_circuit_operator.py
[2026-06-21T22:23:16.333+0300] {processor.py:840} INFO - DAG(s) 'example_short_circuit_operator' retrieved from /media/data/omar/programming course/DEPI/DEPI project/anomx/venv/lib/python3.12/site-packages/airflow/example_dags/example_short_circuit_operator.py
[2026-06-21T22:23:16.351+0300] {logging_mixin.py:188} INFO - [2026-06-21T22:23:16.351+0300] {dag.py:3096} INFO - Sync 1 DAGs
[2026-06-21T22:23:16.367+0300] {logging_mixin.py:188} INFO - [2026-06-21T22:23:16.366+0300] {dag.py:3954} INFO - Setting next_dagrun for example_short_circuit_operator to 2026-06-20 00:00:00+00:00, run_after=2026-06-21 00:00:00+00:00
[2026-06-21T22:23:16.404+0300] {processor.py:183} INFO - Processing /media/data/omar/programming course/DEPI/DEPI project/anomx/venv/lib/python3.12/site-packages/airflow/example_dags/example_short_circuit_operator.py took 0.086 seconds
[2026-06-21T22:24:14.754+0300] {processor.py:161} INFO - Started process (PID=20571) to work on /media/data/omar/programming course/DEPI/DEPI project/anomx/venv/lib/python3.12/site-packages/airflow/example_dags/example_short_circuit_operator.py
[2026-06-21T22:24:14.755+0300] {processor.py:830} INFO - Processing file /media/data/omar/programming course/DEPI/DEPI project/anomx/venv/lib/python3.12/site-packages/airflow/example_dags/example_short_circuit_operator.py for tasks to queue
[2026-06-21T22:24:14.757+0300] {logging_mixin.py:188} INFO - [2026-06-21T22:24:14.756+0300] {dagbag.py:540} INFO - Filling up the DagBag from /media/data/omar/programming course/DEPI/DEPI project/anomx/venv/lib/python3.12/site-packages/airflow/example_dags/example_short_circuit_operator.py
[2026-06-21T22:24:14.765+0300] {processor.py:840} INFO - DAG(s) 'example_short_circuit_operator' retrieved from /media/data/omar/programming course/DEPI/DEPI project/anomx/venv/lib/python3.12/site-packages/airflow/example_dags/example_short_circuit_operator.py
[2026-06-21T22:24:14.792+0300] {logging_mixin.py:188} INFO - [2026-06-21T22:24:14.791+0300] {dag.py:3096} INFO - Sync 1 DAGs
[2026-06-21T22:24:14.808+0300] {logging_mixin.py:188} INFO - [2026-06-21T22:24:14.807+0300] {dag.py:3954} INFO - Setting next_dagrun for example_short_circuit_operator to 2026-06-20 00:00:00+00:00, run_after=2026-06-21 00:00:00+00:00
[2026-06-21T22:24:14.845+0300] {processor.py:183} INFO - Processing /media/data/omar/programming course/DEPI/DEPI project/anomx/venv/lib/python3.12/site-packages/airflow/example_dags/example_short_circuit_operator.py took 0.096 seconds
[2026-06-21T22:48:05.560+0300] {processor.py:161} INFO - Started process (PID=22138) to work on /media/data/omar/programming course/DEPI/DEPI project/anomx/venv/lib/python3.12/site-packages/airflow/example_dags/example_short_circuit_operator.py
[2026-06-21T22:48:05.562+0300] {processor.py:830} INFO - Processing file /media/data/omar/programming course/DEPI/DEPI project/anomx/venv/lib/python3.12/site-packages/airflow/example_dags/example_short_circuit_operator.py for tasks to queue
[2026-06-21T22:48:05.564+0300] {logging_mixin.py:188} INFO - [2026-06-21T22:48:05.564+0300] {dagbag.py:540} INFO - Filling up the DagBag from /media/data/omar/programming course/DEPI/DEPI project/anomx/venv/lib/python3.12/site-packages/airflow/example_dags/example_short_circuit_operator.py
[2026-06-21T22:48:05.575+0300] {processor.py:840} INFO - DAG(s) 'example_short_circuit_operator' retrieved from /media/data/omar/programming course/DEPI/DEPI project/anomx/venv/lib/python3.12/site-packages/airflow/example_dags/example_short_circuit_operator.py
[2026-06-21T22:48:05.597+0300] {logging_mixin.py:188} INFO - [2026-06-21T22:48:05.597+0300] {dag.py:3096} INFO - Sync 1 DAGs
[2026-06-21T22:48:05.607+0300] {logging_mixin.py:188} INFO - [2026-06-21T22:48:05.606+0300] {dag.py:3118} INFO - Creating ORM DAG for example_short_circuit_operator
[2026-06-21T22:48:05.616+0300] {logging_mixin.py:188} INFO - [2026-06-21T22:48:05.616+0300] {dag.py:3954} INFO - Setting next_dagrun for example_short_circuit_operator to 2026-06-20 00:00:00+00:00, run_after=2026-06-21 00:00:00+00:00
[2026-06-21T22:48:05.644+0300] {processor.py:183} INFO - Processing /media/data/omar/programming course/DEPI/DEPI project/anomx/venv/lib/python3.12/site-packages/airflow/example_dags/example_short_circuit_operator.py took 0.091 seconds
[2026-06-21T22:49:03.029+0300] {processor.py:161} INFO - Started process (PID=22229) to work on /media/data/omar/programming course/DEPI/DEPI project/anomx/venv/lib/python3.12/site-packages/airflow/example_dags/example_short_circuit_operator.py
[2026-06-21T22:49:03.030+0300] {processor.py:830} INFO - Processing file /media/data/omar/programming course/DEPI/DEPI project/anomx/venv/lib/python3.12/site-packages/airflow/example_dags/example_short_circuit_operator.py for tasks to queue
[2026-06-21T22:49:03.032+0300] {logging_mixin.py:188} INFO - [2026-06-21T22:49:03.032+0300] {dagbag.py:540} INFO - Filling up the DagBag from /media/data/omar/programming course/DEPI/DEPI project/anomx/venv/lib/python3.12/site-packages/airflow/example_dags/example_short_circuit_operator.py
[2026-06-21T22:49:03.040+0300] {processor.py:840} INFO - DAG(s) 'example_short_circuit_operator' retrieved from /media/data/omar/programming course/DEPI/DEPI project/anomx/venv/lib/python3.12/site-packages/airflow/example_dags/example_short_circuit_operator.py
[2026-06-21T22:49:03.059+0300] {logging_mixin.py:188} INFO - [2026-06-21T22:49:03.059+0300] {dag.py:3096} INFO - Sync 1 DAGs
[2026-06-21T22:49:03.078+0300] {logging_mixin.py:188} INFO - [2026-06-21T22:49:03.077+0300] {dag.py:3954} INFO - Setting next_dagrun for example_short_circuit_operator to 2026-06-20 00:00:00+00:00, run_after=2026-06-21 00:00:00+00:00
[2026-06-21T22:49:03.110+0300] {processor.py:183} INFO - Processing /media/data/omar/programming course/DEPI/DEPI project/anomx/venv/lib/python3.12/site-packages/airflow/example_dags/example_short_circuit_operator.py took 0.087 seconds
[2026-06-21T22:49:59.718+0300] {processor.py:161} INFO - Started process (PID=22311) to work on /media/data/omar/programming course/DEPI/DEPI project/anomx/venv/lib/python3.12/site-packages/airflow/example_dags/example_short_circuit_operator.py
[2026-06-21T22:49:59.720+0300] {processor.py:830} INFO - Processing file /media/data/omar/programming course/DEPI/DEPI project/anomx/venv/lib/python3.12/site-packages/airflow/example_dags/example_short_circuit_operator.py for tasks to queue
[2026-06-21T22:49:59.723+0300] {logging_mixin.py:188} INFO - [2026-06-21T22:49:59.722+0300] {dagbag.py:540} INFO - Filling up the DagBag from /media/data/omar/programming course/DEPI/DEPI project/anomx/venv/lib/python3.12/site-packages/airflow/example_dags/example_short_circuit_operator.py
[2026-06-21T22:49:59.736+0300] {processor.py:840} INFO - DAG(s) 'example_short_circuit_operator' retrieved from /media/data/omar/programming course/DEPI/DEPI project/anomx/venv/lib/python3.12/site-packages/airflow/example_dags/example_short_circuit_operator.py
[2026-06-21T22:49:59.756+0300] {logging_mixin.py:188} INFO - [2026-06-21T22:49:59.756+0300] {dag.py:3096} INFO - Sync 1 DAGs
[2026-06-21T22:49:59.772+0300] {logging_mixin.py:188} INFO - [2026-06-21T22:49:59.772+0300] {dag.py:3954} INFO - Setting next_dagrun for example_short_circuit_operator to 2026-06-20 00:00:00+00:00, run_after=2026-06-21 00:00:00+00:00
[2026-06-21T22:49:59.804+0300] {processor.py:183} INFO - Processing /media/data/omar/programming course/DEPI/DEPI project/anomx/venv/lib/python3.12/site-packages/airflow/example_dags/example_short_circuit_operator.py took 0.095 seconds
[2026-06-21T22:50:56.039+0300] {processor.py:161} INFO - Started process (PID=22511) to work on /media/data/omar/programming course/DEPI/DEPI project/anomx/venv/lib/python3.12/site-packages/airflow/example_dags/example_short_circuit_operator.py
[2026-06-21T22:50:56.040+0300] {processor.py:830} INFO - Processing file /media/data/omar/programming course/DEPI/DEPI project/anomx/venv/lib/python3.12/site-packages/airflow/example_dags/example_short_circuit_operator.py for tasks to queue
[2026-06-21T22:50:56.042+0300] {logging_mixin.py:188} INFO - [2026-06-21T22:50:56.041+0300] {dagbag.py:540} INFO - Filling up the DagBag from /media/data/omar/programming course/DEPI/DEPI project/anomx/venv/lib/python3.12/site-packages/airflow/example_dags/example_short_circuit_operator.py
[2026-06-21T22:50:56.056+0300] {processor.py:840} INFO - DAG(s) 'example_short_circuit_operator' retrieved from /media/data/omar/programming course/DEPI/DEPI project/anomx/venv/lib/python3.12/site-packages/airflow/example_dags/example_short_circuit_operator.py
[2026-06-21T22:50:56.087+0300] {logging_mixin.py:188} INFO - [2026-06-21T22:50:56.087+0300] {dag.py:3096} INFO - Sync 1 DAGs
[2026-06-21T22:50:56.116+0300] {logging_mixin.py:188} INFO - [2026-06-21T22:50:56.115+0300] {dag.py:3954} INFO - Setting next_dagrun for example_short_circuit_operator to 2026-06-20 00:00:00+00:00, run_after=2026-06-21 00:00:00+00:00
[2026-06-21T22:50:56.170+0300] {processor.py:183} INFO - Processing /media/data/omar/programming course/DEPI/DEPI project/anomx/venv/lib/python3.12/site-packages/airflow/example_dags/example_short_circuit_operator.py took 0.139 seconds
