[2026-06-21T21:39:21.522+0300] {processor.py:161} INFO - Started process (PID=15125) to work on /media/data/omar/programming course/DEPI/DEPI project/anomx/venv/lib/python3.12/site-packages/airflow/example_dags/example_external_task_marker_dag.py
[2026-06-21T21:39:21.524+0300] {processor.py:830} INFO - Processing file /media/data/omar/programming course/DEPI/DEPI project/anomx/venv/lib/python3.12/site-packages/airflow/example_dags/example_external_task_marker_dag.py for tasks to queue
[2026-06-21T21:39:21.527+0300] {logging_mixin.py:188} INFO - [2026-06-21T21:39:21.527+0300] {dagbag.py:540} INFO - Filling up the DagBag from /media/data/omar/programming course/DEPI/DEPI project/anomx/venv/lib/python3.12/site-packages/airflow/example_dags/example_external_task_marker_dag.py
[2026-06-21T21:39:21.538+0300] {processor.py:840} INFO - DAG(s) 'example_external_task_marker_child', 'example_external_task_marker_parent' retrieved from /media/data/omar/programming course/DEPI/DEPI project/anomx/venv/lib/python3.12/site-packages/airflow/example_dags/example_external_task_marker_dag.py
[2026-06-21T21:39:21.745+0300] {logging_mixin.py:188} INFO - [2026-06-21T21:39:21.744+0300] {override.py:1829} INFO - Created Permission View: can edit on DAG:example_external_task_marker_child
[2026-06-21T21:39:21.764+0300] {logging_mixin.py:188} INFO - [2026-06-21T21:39:21.763+0300] {override.py:1829} INFO - Created Permission View: can read on DAG:example_external_task_marker_child
[2026-06-21T21:39:21.780+0300] {logging_mixin.py:188} INFO - [2026-06-21T21:39:21.779+0300] {override.py:1829} INFO - Created Permission View: can delete on DAG:example_external_task_marker_child
[2026-06-21T21:39:21.809+0300] {logging_mixin.py:188} INFO - [2026-06-21T21:39:21.809+0300] {override.py:1829} INFO - Created Permission View: can edit on DAG:example_external_task_marker_parent
[2026-06-21T21:39:21.825+0300] {logging_mixin.py:188} INFO - [2026-06-21T21:39:21.824+0300] {override.py:1829} INFO - Created Permission View: can read on DAG:example_external_task_marker_parent
[2026-06-21T21:39:21.839+0300] {logging_mixin.py:188} INFO - [2026-06-21T21:39:21.839+0300] {override.py:1829} INFO - Created Permission View: can delete on DAG:example_external_task_marker_parent
[2026-06-21T21:39:21.840+0300] {logging_mixin.py:188} INFO - [2026-06-21T21:39:21.840+0300] {dag.py:3096} INFO - Sync 2 DAGs
[2026-06-21T21:39:21.850+0300] {logging_mixin.py:188} INFO - [2026-06-21T21:39:21.849+0300] {dag.py:3118} INFO - Creating ORM DAG for example_external_task_marker_parent
[2026-06-21T21:39:21.851+0300] {logging_mixin.py:188} INFO - [2026-06-21T21:39:21.850+0300] {dag.py:3118} INFO - Creating ORM DAG for example_external_task_marker_child
[2026-06-21T21:39:21.851+0300] {logging_mixin.py:188} INFO - [2026-06-21T21:39:21.851+0300] {dag.py:3954} INFO - Setting next_dagrun for example_external_task_marker_child to None, run_after=None
[2026-06-21T21:39:21.852+0300] {logging_mixin.py:188} INFO - [2026-06-21T21:39:21.852+0300] {dag.py:3954} INFO - Setting next_dagrun for example_external_task_marker_parent to None, run_after=None
[2026-06-21T21:39:21.880+0300] {processor.py:183} INFO - Processing /media/data/omar/programming course/DEPI/DEPI project/anomx/venv/lib/python3.12/site-packages/airflow/example_dags/example_external_task_marker_dag.py took 0.372 seconds
[2026-06-21T21:40:25.756+0300] {processor.py:161} INFO - Started process (PID=15228) to work on /media/data/omar/programming course/DEPI/DEPI project/anomx/venv/lib/python3.12/site-packages/airflow/example_dags/example_external_task_marker_dag.py
[2026-06-21T21:40:25.757+0300] {processor.py:830} INFO - Processing file /media/data/omar/programming course/DEPI/DEPI project/anomx/venv/lib/python3.12/site-packages/airflow/example_dags/example_external_task_marker_dag.py for tasks to queue
[2026-06-21T21:40:25.759+0300] {logging_mixin.py:188} INFO - [2026-06-21T21:40:25.758+0300] {dagbag.py:540} INFO - Filling up the DagBag from /media/data/omar/programming course/DEPI/DEPI project/anomx/venv/lib/python3.12/site-packages/airflow/example_dags/example_external_task_marker_dag.py
[2026-06-21T21:40:25.766+0300] {processor.py:840} INFO - DAG(s) 'example_external_task_marker_parent', 'example_external_task_marker_child' retrieved from /media/data/omar/programming course/DEPI/DEPI project/anomx/venv/lib/python3.12/site-packages/airflow/example_dags/example_external_task_marker_dag.py
[2026-06-21T21:40:25.784+0300] {logging_mixin.py:188} INFO - [2026-06-21T21:40:25.784+0300] {dag.py:3096} INFO - Sync 2 DAGs
[2026-06-21T21:40:25.797+0300] {logging_mixin.py:188} INFO - [2026-06-21T21:40:25.797+0300] {dag.py:3954} INFO - Setting next_dagrun for example_external_task_marker_child to None, run_after=None
[2026-06-21T21:40:25.801+0300] {logging_mixin.py:188} INFO - [2026-06-21T21:40:25.801+0300] {dag.py:3954} INFO - Setting next_dagrun for example_external_task_marker_parent to None, run_after=None
[2026-06-21T21:40:25.829+0300] {processor.py:183} INFO - Processing /media/data/omar/programming course/DEPI/DEPI project/anomx/venv/lib/python3.12/site-packages/airflow/example_dags/example_external_task_marker_dag.py took 0.078 seconds
[2026-06-21T21:41:28.928+0300] {processor.py:161} INFO - Started process (PID=15350) to work on /media/data/omar/programming course/DEPI/DEPI project/anomx/venv/lib/python3.12/site-packages/airflow/example_dags/example_external_task_marker_dag.py
[2026-06-21T21:41:28.928+0300] {processor.py:830} INFO - Processing file /media/data/omar/programming course/DEPI/DEPI project/anomx/venv/lib/python3.12/site-packages/airflow/example_dags/example_external_task_marker_dag.py for tasks to queue
[2026-06-21T21:41:28.930+0300] {logging_mixin.py:188} INFO - [2026-06-21T21:41:28.929+0300] {dagbag.py:540} INFO - Filling up the DagBag from /media/data/omar/programming course/DEPI/DEPI project/anomx/venv/lib/python3.12/site-packages/airflow/example_dags/example_external_task_marker_dag.py
[2026-06-21T21:41:28.937+0300] {processor.py:840} INFO - DAG(s) 'example_external_task_marker_parent', 'example_external_task_marker_child' retrieved from /media/data/omar/programming course/DEPI/DEPI project/anomx/venv/lib/python3.12/site-packages/airflow/example_dags/example_external_task_marker_dag.py
[2026-06-21T21:41:28.957+0300] {logging_mixin.py:188} INFO - [2026-06-21T21:41:28.956+0300] {dag.py:3096} INFO - Sync 2 DAGs
[2026-06-21T21:41:28.968+0300] {logging_mixin.py:188} INFO - [2026-06-21T21:41:28.967+0300] {dag.py:3954} INFO - Setting next_dagrun for example_external_task_marker_child to None, run_after=None
[2026-06-21T21:41:28.972+0300] {logging_mixin.py:188} INFO - [2026-06-21T21:41:28.971+0300] {dag.py:3954} INFO - Setting next_dagrun for example_external_task_marker_parent to None, run_after=None
[2026-06-21T21:41:29.001+0300] {processor.py:183} INFO - Processing /media/data/omar/programming course/DEPI/DEPI project/anomx/venv/lib/python3.12/site-packages/airflow/example_dags/example_external_task_marker_dag.py took 0.079 seconds
[2026-06-21T21:42:35.509+0300] {processor.py:161} INFO - Started process (PID=15476) to work on /media/data/omar/programming course/DEPI/DEPI project/anomx/venv/lib/python3.12/site-packages/airflow/example_dags/example_external_task_marker_dag.py
[2026-06-21T21:42:35.510+0300] {processor.py:830} INFO - Processing file /media/data/omar/programming course/DEPI/DEPI project/anomx/venv/lib/python3.12/site-packages/airflow/example_dags/example_external_task_marker_dag.py for tasks to queue
[2026-06-21T21:42:35.512+0300] {logging_mixin.py:188} INFO - [2026-06-21T21:42:35.512+0300] {dagbag.py:540} INFO - Filling up the DagBag from /media/data/omar/programming course/DEPI/DEPI project/anomx/venv/lib/python3.12/site-packages/airflow/example_dags/example_external_task_marker_dag.py
[2026-06-21T21:42:35.522+0300] {processor.py:840} INFO - DAG(s) 'example_external_task_marker_child', 'example_external_task_marker_parent' retrieved from /media/data/omar/programming course/DEPI/DEPI project/anomx/venv/lib/python3.12/site-packages/airflow/example_dags/example_external_task_marker_dag.py
[2026-06-21T21:42:35.546+0300] {logging_mixin.py:188} INFO - [2026-06-21T21:42:35.545+0300] {dag.py:3096} INFO - Sync 2 DAGs
[2026-06-21T21:42:35.558+0300] {logging_mixin.py:188} INFO - [2026-06-21T21:42:35.558+0300] {dag.py:3954} INFO - Setting next_dagrun for example_external_task_marker_child to None, run_after=None
[2026-06-21T21:42:35.561+0300] {logging_mixin.py:188} INFO - [2026-06-21T21:42:35.561+0300] {dag.py:3954} INFO - Setting next_dagrun for example_external_task_marker_parent to None, run_after=None
[2026-06-21T21:42:35.587+0300] {processor.py:183} INFO - Processing /media/data/omar/programming course/DEPI/DEPI project/anomx/venv/lib/python3.12/site-packages/airflow/example_dags/example_external_task_marker_dag.py took 0.086 seconds
[2026-06-21T21:43:35.917+0300] {processor.py:161} INFO - Started process (PID=15678) to work on /media/data/omar/programming course/DEPI/DEPI project/anomx/venv/lib/python3.12/site-packages/airflow/example_dags/example_external_task_marker_dag.py
[2026-06-21T21:43:35.919+0300] {processor.py:830} INFO - Processing file /media/data/omar/programming course/DEPI/DEPI project/anomx/venv/lib/python3.12/site-packages/airflow/example_dags/example_external_task_marker_dag.py for tasks to queue
[2026-06-21T21:43:35.923+0300] {logging_mixin.py:188} INFO - [2026-06-21T21:43:35.922+0300] {dagbag.py:540} INFO - Filling up the DagBag from /media/data/omar/programming course/DEPI/DEPI project/anomx/venv/lib/python3.12/site-packages/airflow/example_dags/example_external_task_marker_dag.py
[2026-06-21T21:43:35.933+0300] {processor.py:840} INFO - DAG(s) 'example_external_task_marker_parent', 'example_external_task_marker_child' retrieved from /media/data/omar/programming course/DEPI/DEPI project/anomx/venv/lib/python3.12/site-packages/airflow/example_dags/example_external_task_marker_dag.py
[2026-06-21T21:43:35.951+0300] {logging_mixin.py:188} INFO - [2026-06-21T21:43:35.950+0300] {dag.py:3096} INFO - Sync 2 DAGs
[2026-06-21T21:43:35.960+0300] {logging_mixin.py:188} INFO - [2026-06-21T21:43:35.959+0300] {dag.py:3954} INFO - Setting next_dagrun for example_external_task_marker_child to None, run_after=None
[2026-06-21T21:43:35.963+0300] {logging_mixin.py:188} INFO - [2026-06-21T21:43:35.962+0300] {dag.py:3954} INFO - Setting next_dagrun for example_external_task_marker_parent to None, run_after=None
[2026-06-21T21:43:35.986+0300] {processor.py:183} INFO - Processing /media/data/omar/programming course/DEPI/DEPI project/anomx/venv/lib/python3.12/site-packages/airflow/example_dags/example_external_task_marker_dag.py took 0.087 seconds
[2026-06-21T21:44:33.635+0300] {processor.py:161} INFO - Started process (PID=15797) to work on /media/data/omar/programming course/DEPI/DEPI project/anomx/venv/lib/python3.12/site-packages/airflow/example_dags/example_external_task_marker_dag.py
[2026-06-21T21:44:33.637+0300] {processor.py:830} INFO - Processing file /media/data/omar/programming course/DEPI/DEPI project/anomx/venv/lib/python3.12/site-packages/airflow/example_dags/example_external_task_marker_dag.py for tasks to queue
[2026-06-21T21:44:33.644+0300] {logging_mixin.py:188} INFO - [2026-06-21T21:44:33.642+0300] {dagbag.py:540} INFO - Filling up the DagBag from /media/data/omar/programming course/DEPI/DEPI project/anomx/venv/lib/python3.12/site-packages/airflow/example_dags/example_external_task_marker_dag.py
[2026-06-21T21:44:33.664+0300] {processor.py:840} INFO - DAG(s) 'example_external_task_marker_child', 'example_external_task_marker_parent' retrieved from /media/data/omar/programming course/DEPI/DEPI project/anomx/venv/lib/python3.12/site-packages/airflow/example_dags/example_external_task_marker_dag.py
[2026-06-21T21:44:33.697+0300] {logging_mixin.py:188} INFO - [2026-06-21T21:44:33.696+0300] {dag.py:3096} INFO - Sync 2 DAGs
[2026-06-21T21:44:33.711+0300] {logging_mixin.py:188} INFO - [2026-06-21T21:44:33.710+0300] {dag.py:3954} INFO - Setting next_dagrun for example_external_task_marker_child to None, run_after=None
[2026-06-21T21:44:33.716+0300] {logging_mixin.py:188} INFO - [2026-06-21T21:44:33.715+0300] {dag.py:3954} INFO - Setting next_dagrun for example_external_task_marker_parent to None, run_after=None
[2026-06-21T21:44:33.753+0300] {processor.py:183} INFO - Processing /media/data/omar/programming course/DEPI/DEPI project/anomx/venv/lib/python3.12/site-packages/airflow/example_dags/example_external_task_marker_dag.py took 0.132 seconds
[2026-06-21T21:47:10.274+0300] {processor.py:161} INFO - Started process (PID=16104) to work on /media/data/omar/programming course/DEPI/DEPI project/anomx/venv/lib/python3.12/site-packages/airflow/example_dags/example_external_task_marker_dag.py
[2026-06-21T21:47:10.276+0300] {processor.py:830} INFO - Processing file /media/data/omar/programming course/DEPI/DEPI project/anomx/venv/lib/python3.12/site-packages/airflow/example_dags/example_external_task_marker_dag.py for tasks to queue
[2026-06-21T21:47:10.279+0300] {logging_mixin.py:188} INFO - [2026-06-21T21:47:10.278+0300] {dagbag.py:540} INFO - Filling up the DagBag from /media/data/omar/programming course/DEPI/DEPI project/anomx/venv/lib/python3.12/site-packages/airflow/example_dags/example_external_task_marker_dag.py
[2026-06-21T21:47:10.288+0300] {processor.py:840} INFO - DAG(s) 'example_external_task_marker_child', 'example_external_task_marker_parent' retrieved from /media/data/omar/programming course/DEPI/DEPI project/anomx/venv/lib/python3.12/site-packages/airflow/example_dags/example_external_task_marker_dag.py
[2026-06-21T21:47:10.309+0300] {logging_mixin.py:188} INFO - [2026-06-21T21:47:10.309+0300] {dag.py:3096} INFO - Sync 2 DAGs
[2026-06-21T21:47:10.321+0300] {logging_mixin.py:188} INFO - [2026-06-21T21:47:10.321+0300] {dag.py:3954} INFO - Setting next_dagrun for example_external_task_marker_child to None, run_after=None
[2026-06-21T21:47:10.325+0300] {logging_mixin.py:188} INFO - [2026-06-21T21:47:10.325+0300] {dag.py:3954} INFO - Setting next_dagrun for example_external_task_marker_parent to None, run_after=None
[2026-06-21T21:47:10.354+0300] {processor.py:183} INFO - Processing /media/data/omar/programming course/DEPI/DEPI project/anomx/venv/lib/python3.12/site-packages/airflow/example_dags/example_external_task_marker_dag.py took 0.094 seconds
[2026-06-21T21:48:10.317+0300] {processor.py:161} INFO - Started process (PID=16196) to work on /media/data/omar/programming course/DEPI/DEPI project/anomx/venv/lib/python3.12/site-packages/airflow/example_dags/example_external_task_marker_dag.py
[2026-06-21T21:48:10.319+0300] {processor.py:830} INFO - Processing file /media/data/omar/programming course/DEPI/DEPI project/anomx/venv/lib/python3.12/site-packages/airflow/example_dags/example_external_task_marker_dag.py for tasks to queue
[2026-06-21T21:48:10.321+0300] {logging_mixin.py:188} INFO - [2026-06-21T21:48:10.321+0300] {dagbag.py:540} INFO - Filling up the DagBag from /media/data/omar/programming course/DEPI/DEPI project/anomx/venv/lib/python3.12/site-packages/airflow/example_dags/example_external_task_marker_dag.py
[2026-06-21T21:48:10.330+0300] {processor.py:840} INFO - DAG(s) 'example_external_task_marker_child', 'example_external_task_marker_parent' retrieved from /media/data/omar/programming course/DEPI/DEPI project/anomx/venv/lib/python3.12/site-packages/airflow/example_dags/example_external_task_marker_dag.py
[2026-06-21T21:48:10.350+0300] {logging_mixin.py:188} INFO - [2026-06-21T21:48:10.349+0300] {dag.py:3096} INFO - Sync 2 DAGs
[2026-06-21T21:48:10.361+0300] {logging_mixin.py:188} INFO - [2026-06-21T21:48:10.361+0300] {dag.py:3954} INFO - Setting next_dagrun for example_external_task_marker_child to None, run_after=None
[2026-06-21T21:48:10.364+0300] {logging_mixin.py:188} INFO - [2026-06-21T21:48:10.364+0300] {dag.py:3954} INFO - Setting next_dagrun for example_external_task_marker_parent to None, run_after=None
[2026-06-21T21:48:10.418+0300] {processor.py:183} INFO - Processing /media/data/omar/programming course/DEPI/DEPI project/anomx/venv/lib/python3.12/site-packages/airflow/example_dags/example_external_task_marker_dag.py took 0.113 seconds
[2026-06-21T21:49:08.797+0300] {processor.py:161} INFO - Started process (PID=16286) to work on /media/data/omar/programming course/DEPI/DEPI project/anomx/venv/lib/python3.12/site-packages/airflow/example_dags/example_external_task_marker_dag.py
[2026-06-21T21:49:08.801+0300] {processor.py:830} INFO - Processing file /media/data/omar/programming course/DEPI/DEPI project/anomx/venv/lib/python3.12/site-packages/airflow/example_dags/example_external_task_marker_dag.py for tasks to queue
[2026-06-21T21:49:08.806+0300] {logging_mixin.py:188} INFO - [2026-06-21T21:49:08.805+0300] {dagbag.py:540} INFO - Filling up the DagBag from /media/data/omar/programming course/DEPI/DEPI project/anomx/venv/lib/python3.12/site-packages/airflow/example_dags/example_external_task_marker_dag.py
[2026-06-21T21:49:08.817+0300] {processor.py:840} INFO - DAG(s) 'example_external_task_marker_parent', 'example_external_task_marker_child' retrieved from /media/data/omar/programming course/DEPI/DEPI project/anomx/venv/lib/python3.12/site-packages/airflow/example_dags/example_external_task_marker_dag.py
[2026-06-21T21:49:08.838+0300] {logging_mixin.py:188} INFO - [2026-06-21T21:49:08.838+0300] {dag.py:3096} INFO - Sync 2 DAGs
[2026-06-21T21:49:08.849+0300] {logging_mixin.py:188} INFO - [2026-06-21T21:49:08.849+0300] {dag.py:3954} INFO - Setting next_dagrun for example_external_task_marker_child to None, run_after=None
[2026-06-21T21:49:08.853+0300] {logging_mixin.py:188} INFO - [2026-06-21T21:49:08.853+0300] {dag.py:3954} INFO - Setting next_dagrun for example_external_task_marker_parent to None, run_after=None
[2026-06-21T21:49:08.881+0300] {processor.py:183} INFO - Processing /media/data/omar/programming course/DEPI/DEPI project/anomx/venv/lib/python3.12/site-packages/airflow/example_dags/example_external_task_marker_dag.py took 0.102 seconds
[2026-06-21T21:51:15.835+0300] {processor.py:161} INFO - Started process (PID=16511) to work on /media/data/omar/programming course/DEPI/DEPI project/anomx/venv/lib/python3.12/site-packages/airflow/example_dags/example_external_task_marker_dag.py
[2026-06-21T21:51:15.836+0300] {processor.py:830} INFO - Processing file /media/data/omar/programming course/DEPI/DEPI project/anomx/venv/lib/python3.12/site-packages/airflow/example_dags/example_external_task_marker_dag.py for tasks to queue
[2026-06-21T21:51:15.838+0300] {logging_mixin.py:188} INFO - [2026-06-21T21:51:15.838+0300] {dagbag.py:540} INFO - Filling up the DagBag from /media/data/omar/programming course/DEPI/DEPI project/anomx/venv/lib/python3.12/site-packages/airflow/example_dags/example_external_task_marker_dag.py
[2026-06-21T21:51:15.847+0300] {processor.py:840} INFO - DAG(s) 'example_external_task_marker_child', 'example_external_task_marker_parent' retrieved from /media/data/omar/programming course/DEPI/DEPI project/anomx/venv/lib/python3.12/site-packages/airflow/example_dags/example_external_task_marker_dag.py
[2026-06-21T21:51:15.866+0300] {logging_mixin.py:188} INFO - [2026-06-21T21:51:15.866+0300] {dag.py:3096} INFO - Sync 2 DAGs
[2026-06-21T21:51:15.878+0300] {logging_mixin.py:188} INFO - [2026-06-21T21:51:15.877+0300] {dag.py:3954} INFO - Setting next_dagrun for example_external_task_marker_child to None, run_after=None
[2026-06-21T21:51:15.881+0300] {logging_mixin.py:188} INFO - [2026-06-21T21:51:15.881+0300] {dag.py:3954} INFO - Setting next_dagrun for example_external_task_marker_parent to None, run_after=None
[2026-06-21T21:51:15.908+0300] {processor.py:183} INFO - Processing /media/data/omar/programming course/DEPI/DEPI project/anomx/venv/lib/python3.12/site-packages/airflow/example_dags/example_external_task_marker_dag.py took 0.080 seconds
[2026-06-21T21:52:31.249+0300] {processor.py:161} INFO - Started process (PID=16661) to work on /media/data/omar/programming course/DEPI/DEPI project/anomx/venv/lib/python3.12/site-packages/airflow/example_dags/example_external_task_marker_dag.py
[2026-06-21T21:52:31.250+0300] {processor.py:830} INFO - Processing file /media/data/omar/programming course/DEPI/DEPI project/anomx/venv/lib/python3.12/site-packages/airflow/example_dags/example_external_task_marker_dag.py for tasks to queue
[2026-06-21T21:52:31.252+0300] {logging_mixin.py:188} INFO - [2026-06-21T21:52:31.252+0300] {dagbag.py:540} INFO - Filling up the DagBag from /media/data/omar/programming course/DEPI/DEPI project/anomx/venv/lib/python3.12/site-packages/airflow/example_dags/example_external_task_marker_dag.py
[2026-06-21T21:52:31.260+0300] {processor.py:840} INFO - DAG(s) 'example_external_task_marker_child', 'example_external_task_marker_parent' retrieved from /media/data/omar/programming course/DEPI/DEPI project/anomx/venv/lib/python3.12/site-packages/airflow/example_dags/example_external_task_marker_dag.py
[2026-06-21T21:52:31.278+0300] {logging_mixin.py:188} INFO - [2026-06-21T21:52:31.277+0300] {dag.py:3096} INFO - Sync 2 DAGs
[2026-06-21T21:52:31.287+0300] {logging_mixin.py:188} INFO - [2026-06-21T21:52:31.287+0300] {dag.py:3954} INFO - Setting next_dagrun for example_external_task_marker_child to None, run_after=None
[2026-06-21T21:52:31.292+0300] {logging_mixin.py:188} INFO - [2026-06-21T21:52:31.291+0300] {dag.py:3954} INFO - Setting next_dagrun for example_external_task_marker_parent to None, run_after=None
[2026-06-21T21:52:31.316+0300] {processor.py:183} INFO - Processing /media/data/omar/programming course/DEPI/DEPI project/anomx/venv/lib/python3.12/site-packages/airflow/example_dags/example_external_task_marker_dag.py took 0.075 seconds
[2026-06-21T21:53:28.702+0300] {processor.py:161} INFO - Started process (PID=16753) to work on /media/data/omar/programming course/DEPI/DEPI project/anomx/venv/lib/python3.12/site-packages/airflow/example_dags/example_external_task_marker_dag.py
[2026-06-21T21:53:28.704+0300] {processor.py:830} INFO - Processing file /media/data/omar/programming course/DEPI/DEPI project/anomx/venv/lib/python3.12/site-packages/airflow/example_dags/example_external_task_marker_dag.py for tasks to queue
[2026-06-21T21:53:28.707+0300] {logging_mixin.py:188} INFO - [2026-06-21T21:53:28.706+0300] {dagbag.py:540} INFO - Filling up the DagBag from /media/data/omar/programming course/DEPI/DEPI project/anomx/venv/lib/python3.12/site-packages/airflow/example_dags/example_external_task_marker_dag.py
[2026-06-21T21:53:28.716+0300] {processor.py:840} INFO - DAG(s) 'example_external_task_marker_parent', 'example_external_task_marker_child' retrieved from /media/data/omar/programming course/DEPI/DEPI project/anomx/venv/lib/python3.12/site-packages/airflow/example_dags/example_external_task_marker_dag.py
[2026-06-21T21:53:28.735+0300] {logging_mixin.py:188} INFO - [2026-06-21T21:53:28.734+0300] {dag.py:3096} INFO - Sync 2 DAGs
[2026-06-21T21:53:28.744+0300] {logging_mixin.py:188} INFO - [2026-06-21T21:53:28.744+0300] {dag.py:3954} INFO - Setting next_dagrun for example_external_task_marker_child to None, run_after=None
[2026-06-21T21:53:28.748+0300] {logging_mixin.py:188} INFO - [2026-06-21T21:53:28.747+0300] {dag.py:3954} INFO - Setting next_dagrun for example_external_task_marker_parent to None, run_after=None
[2026-06-21T21:53:28.774+0300] {processor.py:183} INFO - Processing /media/data/omar/programming course/DEPI/DEPI project/anomx/venv/lib/python3.12/site-packages/airflow/example_dags/example_external_task_marker_dag.py took 0.088 seconds
[2026-06-21T21:54:25.706+0300] {processor.py:161} INFO - Started process (PID=16846) to work on /media/data/omar/programming course/DEPI/DEPI project/anomx/venv/lib/python3.12/site-packages/airflow/example_dags/example_external_task_marker_dag.py
[2026-06-21T21:54:25.708+0300] {processor.py:830} INFO - Processing file /media/data/omar/programming course/DEPI/DEPI project/anomx/venv/lib/python3.12/site-packages/airflow/example_dags/example_external_task_marker_dag.py for tasks to queue
[2026-06-21T21:54:25.712+0300] {logging_mixin.py:188} INFO - [2026-06-21T21:54:25.711+0300] {dagbag.py:540} INFO - Filling up the DagBag from /media/data/omar/programming course/DEPI/DEPI project/anomx/venv/lib/python3.12/site-packages/airflow/example_dags/example_external_task_marker_dag.py
[2026-06-21T21:54:25.723+0300] {processor.py:840} INFO - DAG(s) 'example_external_task_marker_child', 'example_external_task_marker_parent' retrieved from /media/data/omar/programming course/DEPI/DEPI project/anomx/venv/lib/python3.12/site-packages/airflow/example_dags/example_external_task_marker_dag.py
[2026-06-21T21:54:25.742+0300] {logging_mixin.py:188} INFO - [2026-06-21T21:54:25.742+0300] {dag.py:3096} INFO - Sync 2 DAGs
[2026-06-21T21:54:25.752+0300] {logging_mixin.py:188} INFO - [2026-06-21T21:54:25.751+0300] {dag.py:3954} INFO - Setting next_dagrun for example_external_task_marker_child to None, run_after=None
[2026-06-21T21:54:25.755+0300] {logging_mixin.py:188} INFO - [2026-06-21T21:54:25.755+0300] {dag.py:3954} INFO - Setting next_dagrun for example_external_task_marker_parent to None, run_after=None
[2026-06-21T21:54:25.780+0300] {processor.py:183} INFO - Processing /media/data/omar/programming course/DEPI/DEPI project/anomx/venv/lib/python3.12/site-packages/airflow/example_dags/example_external_task_marker_dag.py took 0.093 seconds
[2026-06-21T21:55:23.687+0300] {processor.py:161} INFO - Started process (PID=16940) to work on /media/data/omar/programming course/DEPI/DEPI project/anomx/venv/lib/python3.12/site-packages/airflow/example_dags/example_external_task_marker_dag.py
[2026-06-21T21:55:23.689+0300] {processor.py:830} INFO - Processing file /media/data/omar/programming course/DEPI/DEPI project/anomx/venv/lib/python3.12/site-packages/airflow/example_dags/example_external_task_marker_dag.py for tasks to queue
[2026-06-21T21:55:23.693+0300] {logging_mixin.py:188} INFO - [2026-06-21T21:55:23.692+0300] {dagbag.py:540} INFO - Filling up the DagBag from /media/data/omar/programming course/DEPI/DEPI project/anomx/venv/lib/python3.12/site-packages/airflow/example_dags/example_external_task_marker_dag.py
[2026-06-21T21:55:23.707+0300] {processor.py:840} INFO - DAG(s) 'example_external_task_marker_parent', 'example_external_task_marker_child' retrieved from /media/data/omar/programming course/DEPI/DEPI project/anomx/venv/lib/python3.12/site-packages/airflow/example_dags/example_external_task_marker_dag.py
[2026-06-21T21:55:23.727+0300] {logging_mixin.py:188} INFO - [2026-06-21T21:55:23.727+0300] {dag.py:3096} INFO - Sync 2 DAGs
[2026-06-21T21:55:23.737+0300] {logging_mixin.py:188} INFO - [2026-06-21T21:55:23.737+0300] {dag.py:3954} INFO - Setting next_dagrun for example_external_task_marker_child to None, run_after=None
[2026-06-21T21:55:23.741+0300] {logging_mixin.py:188} INFO - [2026-06-21T21:55:23.740+0300] {dag.py:3954} INFO - Setting next_dagrun for example_external_task_marker_parent to None, run_after=None
[2026-06-21T21:55:23.765+0300] {processor.py:183} INFO - Processing /media/data/omar/programming course/DEPI/DEPI project/anomx/venv/lib/python3.12/site-packages/airflow/example_dags/example_external_task_marker_dag.py took 0.090 seconds
[2026-06-21T21:56:17.613+0300] {processor.py:161} INFO - Started process (PID=17032) to work on /media/data/omar/programming course/DEPI/DEPI project/anomx/venv/lib/python3.12/site-packages/airflow/example_dags/example_external_task_marker_dag.py
[2026-06-21T21:56:17.615+0300] {processor.py:830} INFO - Processing file /media/data/omar/programming course/DEPI/DEPI project/anomx/venv/lib/python3.12/site-packages/airflow/example_dags/example_external_task_marker_dag.py for tasks to queue
[2026-06-21T21:56:17.621+0300] {logging_mixin.py:188} INFO - [2026-06-21T21:56:17.619+0300] {dagbag.py:540} INFO - Filling up the DagBag from /media/data/omar/programming course/DEPI/DEPI project/anomx/venv/lib/python3.12/site-packages/airflow/example_dags/example_external_task_marker_dag.py
[2026-06-21T21:56:17.637+0300] {processor.py:840} INFO - DAG(s) 'example_external_task_marker_parent', 'example_external_task_marker_child' retrieved from /media/data/omar/programming course/DEPI/DEPI project/anomx/venv/lib/python3.12/site-packages/airflow/example_dags/example_external_task_marker_dag.py
[2026-06-21T21:56:17.667+0300] {logging_mixin.py:188} INFO - [2026-06-21T21:56:17.666+0300] {dag.py:3096} INFO - Sync 2 DAGs
[2026-06-21T21:56:17.677+0300] {logging_mixin.py:188} INFO - [2026-06-21T21:56:17.676+0300] {dag.py:3954} INFO - Setting next_dagrun for example_external_task_marker_child to None, run_after=None
[2026-06-21T21:56:17.680+0300] {logging_mixin.py:188} INFO - [2026-06-21T21:56:17.679+0300] {dag.py:3954} INFO - Setting next_dagrun for example_external_task_marker_parent to None, run_after=None
[2026-06-21T21:56:17.706+0300] {processor.py:183} INFO - Processing /media/data/omar/programming course/DEPI/DEPI project/anomx/venv/lib/python3.12/site-packages/airflow/example_dags/example_external_task_marker_dag.py took 0.106 seconds
[2026-06-21T21:57:07.627+0300] {processor.py:161} INFO - Started process (PID=17116) to work on /media/data/omar/programming course/DEPI/DEPI project/anomx/venv/lib/python3.12/site-packages/airflow/example_dags/example_external_task_marker_dag.py
[2026-06-21T21:57:07.629+0300] {processor.py:830} INFO - Processing file /media/data/omar/programming course/DEPI/DEPI project/anomx/venv/lib/python3.12/site-packages/airflow/example_dags/example_external_task_marker_dag.py for tasks to queue
[2026-06-21T21:57:07.633+0300] {logging_mixin.py:188} INFO - [2026-06-21T21:57:07.632+0300] {dagbag.py:540} INFO - Filling up the DagBag from /media/data/omar/programming course/DEPI/DEPI project/anomx/venv/lib/python3.12/site-packages/airflow/example_dags/example_external_task_marker_dag.py
[2026-06-21T21:57:07.642+0300] {processor.py:840} INFO - DAG(s) 'example_external_task_marker_parent', 'example_external_task_marker_child' retrieved from /media/data/omar/programming course/DEPI/DEPI project/anomx/venv/lib/python3.12/site-packages/airflow/example_dags/example_external_task_marker_dag.py
[2026-06-21T21:57:07.660+0300] {logging_mixin.py:188} INFO - [2026-06-21T21:57:07.660+0300] {dag.py:3096} INFO - Sync 2 DAGs
[2026-06-21T21:57:07.669+0300] {logging_mixin.py:188} INFO - [2026-06-21T21:57:07.669+0300] {dag.py:3954} INFO - Setting next_dagrun for example_external_task_marker_child to None, run_after=None
[2026-06-21T21:57:07.672+0300] {logging_mixin.py:188} INFO - [2026-06-21T21:57:07.672+0300] {dag.py:3954} INFO - Setting next_dagrun for example_external_task_marker_parent to None, run_after=None
[2026-06-21T21:57:07.696+0300] {processor.py:183} INFO - Processing /media/data/omar/programming course/DEPI/DEPI project/anomx/venv/lib/python3.12/site-packages/airflow/example_dags/example_external_task_marker_dag.py took 0.090 seconds
[2026-06-21T21:58:00.845+0300] {processor.py:161} INFO - Started process (PID=17205) to work on /media/data/omar/programming course/DEPI/DEPI project/anomx/venv/lib/python3.12/site-packages/airflow/example_dags/example_external_task_marker_dag.py
[2026-06-21T21:58:00.847+0300] {processor.py:830} INFO - Processing file /media/data/omar/programming course/DEPI/DEPI project/anomx/venv/lib/python3.12/site-packages/airflow/example_dags/example_external_task_marker_dag.py for tasks to queue
[2026-06-21T21:58:00.851+0300] {logging_mixin.py:188} INFO - [2026-06-21T21:58:00.850+0300] {dagbag.py:540} INFO - Filling up the DagBag from /media/data/omar/programming course/DEPI/DEPI project/anomx/venv/lib/python3.12/site-packages/airflow/example_dags/example_external_task_marker_dag.py
[2026-06-21T21:58:00.862+0300] {processor.py:840} INFO - DAG(s) 'example_external_task_marker_child', 'example_external_task_marker_parent' retrieved from /media/data/omar/programming course/DEPI/DEPI project/anomx/venv/lib/python3.12/site-packages/airflow/example_dags/example_external_task_marker_dag.py
[2026-06-21T21:58:00.881+0300] {logging_mixin.py:188} INFO - [2026-06-21T21:58:00.880+0300] {dag.py:3096} INFO - Sync 2 DAGs
[2026-06-21T21:58:00.891+0300] {logging_mixin.py:188} INFO - [2026-06-21T21:58:00.891+0300] {dag.py:3954} INFO - Setting next_dagrun for example_external_task_marker_child to None, run_after=None
[2026-06-21T21:58:00.894+0300] {logging_mixin.py:188} INFO - [2026-06-21T21:58:00.894+0300] {dag.py:3954} INFO - Setting next_dagrun for example_external_task_marker_parent to None, run_after=None
[2026-06-21T21:58:00.920+0300] {processor.py:183} INFO - Processing /media/data/omar/programming course/DEPI/DEPI project/anomx/venv/lib/python3.12/site-packages/airflow/example_dags/example_external_task_marker_dag.py took 0.088 seconds
[2026-06-21T21:58:58.357+0300] {processor.py:161} INFO - Started process (PID=17295) to work on /media/data/omar/programming course/DEPI/DEPI project/anomx/venv/lib/python3.12/site-packages/airflow/example_dags/example_external_task_marker_dag.py
[2026-06-21T21:58:58.358+0300] {processor.py:830} INFO - Processing file /media/data/omar/programming course/DEPI/DEPI project/anomx/venv/lib/python3.12/site-packages/airflow/example_dags/example_external_task_marker_dag.py for tasks to queue
[2026-06-21T21:58:58.361+0300] {logging_mixin.py:188} INFO - [2026-06-21T21:58:58.360+0300] {dagbag.py:540} INFO - Filling up the DagBag from /media/data/omar/programming course/DEPI/DEPI project/anomx/venv/lib/python3.12/site-packages/airflow/example_dags/example_external_task_marker_dag.py
[2026-06-21T21:58:58.369+0300] {processor.py:840} INFO - DAG(s) 'example_external_task_marker_child', 'example_external_task_marker_parent' retrieved from /media/data/omar/programming course/DEPI/DEPI project/anomx/venv/lib/python3.12/site-packages/airflow/example_dags/example_external_task_marker_dag.py
[2026-06-21T21:58:58.386+0300] {logging_mixin.py:188} INFO - [2026-06-21T21:58:58.386+0300] {dag.py:3096} INFO - Sync 2 DAGs
[2026-06-21T21:58:58.396+0300] {logging_mixin.py:188} INFO - [2026-06-21T21:58:58.396+0300] {dag.py:3954} INFO - Setting next_dagrun for example_external_task_marker_child to None, run_after=None
[2026-06-21T21:58:58.399+0300] {logging_mixin.py:188} INFO - [2026-06-21T21:58:58.399+0300] {dag.py:3954} INFO - Setting next_dagrun for example_external_task_marker_parent to None, run_after=None
[2026-06-21T21:58:58.474+0300] {processor.py:183} INFO - Processing /media/data/omar/programming course/DEPI/DEPI project/anomx/venv/lib/python3.12/site-packages/airflow/example_dags/example_external_task_marker_dag.py took 0.133 seconds
[2026-06-21T21:59:55.024+0300] {processor.py:161} INFO - Started process (PID=17387) to work on /media/data/omar/programming course/DEPI/DEPI project/anomx/venv/lib/python3.12/site-packages/airflow/example_dags/example_external_task_marker_dag.py
[2026-06-21T21:59:55.025+0300] {processor.py:830} INFO - Processing file /media/data/omar/programming course/DEPI/DEPI project/anomx/venv/lib/python3.12/site-packages/airflow/example_dags/example_external_task_marker_dag.py for tasks to queue
[2026-06-21T21:59:55.028+0300] {logging_mixin.py:188} INFO - [2026-06-21T21:59:55.027+0300] {dagbag.py:540} INFO - Filling up the DagBag from /media/data/omar/programming course/DEPI/DEPI project/anomx/venv/lib/python3.12/site-packages/airflow/example_dags/example_external_task_marker_dag.py
[2026-06-21T21:59:55.037+0300] {processor.py:840} INFO - DAG(s) 'example_external_task_marker_parent', 'example_external_task_marker_child' retrieved from /media/data/omar/programming course/DEPI/DEPI project/anomx/venv/lib/python3.12/site-packages/airflow/example_dags/example_external_task_marker_dag.py
[2026-06-21T21:59:55.055+0300] {logging_mixin.py:188} INFO - [2026-06-21T21:59:55.055+0300] {dag.py:3096} INFO - Sync 2 DAGs
[2026-06-21T21:59:55.065+0300] {logging_mixin.py:188} INFO - [2026-06-21T21:59:55.065+0300] {dag.py:3954} INFO - Setting next_dagrun for example_external_task_marker_child to None, run_after=None
[2026-06-21T21:59:55.068+0300] {logging_mixin.py:188} INFO - [2026-06-21T21:59:55.068+0300] {dag.py:3954} INFO - Setting next_dagrun for example_external_task_marker_parent to None, run_after=None
[2026-06-21T21:59:55.094+0300] {processor.py:183} INFO - Processing /media/data/omar/programming course/DEPI/DEPI project/anomx/venv/lib/python3.12/site-packages/airflow/example_dags/example_external_task_marker_dag.py took 0.086 seconds
[2026-06-21T22:00:52.750+0300] {processor.py:161} INFO - Started process (PID=17483) to work on /media/data/omar/programming course/DEPI/DEPI project/anomx/venv/lib/python3.12/site-packages/airflow/example_dags/example_external_task_marker_dag.py
[2026-06-21T22:00:52.750+0300] {processor.py:830} INFO - Processing file /media/data/omar/programming course/DEPI/DEPI project/anomx/venv/lib/python3.12/site-packages/airflow/example_dags/example_external_task_marker_dag.py for tasks to queue
[2026-06-21T22:00:52.752+0300] {logging_mixin.py:188} INFO - [2026-06-21T22:00:52.751+0300] {dagbag.py:540} INFO - Filling up the DagBag from /media/data/omar/programming course/DEPI/DEPI project/anomx/venv/lib/python3.12/site-packages/airflow/example_dags/example_external_task_marker_dag.py
[2026-06-21T22:00:52.758+0300] {processor.py:840} INFO - DAG(s) 'example_external_task_marker_parent', 'example_external_task_marker_child' retrieved from /media/data/omar/programming course/DEPI/DEPI project/anomx/venv/lib/python3.12/site-packages/airflow/example_dags/example_external_task_marker_dag.py
[2026-06-21T22:00:52.774+0300] {logging_mixin.py:188} INFO - [2026-06-21T22:00:52.774+0300] {dag.py:3096} INFO - Sync 2 DAGs
[2026-06-21T22:00:52.783+0300] {logging_mixin.py:188} INFO - [2026-06-21T22:00:52.783+0300] {dag.py:3954} INFO - Setting next_dagrun for example_external_task_marker_child to None, run_after=None
[2026-06-21T22:00:52.787+0300] {logging_mixin.py:188} INFO - [2026-06-21T22:00:52.786+0300] {dag.py:3954} INFO - Setting next_dagrun for example_external_task_marker_parent to None, run_after=None
[2026-06-21T22:00:52.811+0300] {processor.py:183} INFO - Processing /media/data/omar/programming course/DEPI/DEPI project/anomx/venv/lib/python3.12/site-packages/airflow/example_dags/example_external_task_marker_dag.py took 0.067 seconds
[2026-06-21T22:01:51.174+0300] {processor.py:161} INFO - Started process (PID=17575) to work on /media/data/omar/programming course/DEPI/DEPI project/anomx/venv/lib/python3.12/site-packages/airflow/example_dags/example_external_task_marker_dag.py
[2026-06-21T22:01:51.176+0300] {processor.py:830} INFO - Processing file /media/data/omar/programming course/DEPI/DEPI project/anomx/venv/lib/python3.12/site-packages/airflow/example_dags/example_external_task_marker_dag.py for tasks to queue
[2026-06-21T22:01:51.178+0300] {logging_mixin.py:188} INFO - [2026-06-21T22:01:51.177+0300] {dagbag.py:540} INFO - Filling up the DagBag from /media/data/omar/programming course/DEPI/DEPI project/anomx/venv/lib/python3.12/site-packages/airflow/example_dags/example_external_task_marker_dag.py
[2026-06-21T22:01:51.185+0300] {processor.py:840} INFO - DAG(s) 'example_external_task_marker_child', 'example_external_task_marker_parent' retrieved from /media/data/omar/programming course/DEPI/DEPI project/anomx/venv/lib/python3.12/site-packages/airflow/example_dags/example_external_task_marker_dag.py
[2026-06-21T22:01:51.202+0300] {logging_mixin.py:188} INFO - [2026-06-21T22:01:51.201+0300] {dag.py:3096} INFO - Sync 2 DAGs
[2026-06-21T22:01:51.211+0300] {logging_mixin.py:188} INFO - [2026-06-21T22:01:51.211+0300] {dag.py:3954} INFO - Setting next_dagrun for example_external_task_marker_child to None, run_after=None
[2026-06-21T22:01:51.215+0300] {logging_mixin.py:188} INFO - [2026-06-21T22:01:51.214+0300] {dag.py:3954} INFO - Setting next_dagrun for example_external_task_marker_parent to None, run_after=None
[2026-06-21T22:01:51.241+0300] {processor.py:183} INFO - Processing /media/data/omar/programming course/DEPI/DEPI project/anomx/venv/lib/python3.12/site-packages/airflow/example_dags/example_external_task_marker_dag.py took 0.075 seconds
[2026-06-21T22:02:48.829+0300] {processor.py:161} INFO - Started process (PID=17723) to work on /media/data/omar/programming course/DEPI/DEPI project/anomx/venv/lib/python3.12/site-packages/airflow/example_dags/example_external_task_marker_dag.py
[2026-06-21T22:02:48.830+0300] {processor.py:830} INFO - Processing file /media/data/omar/programming course/DEPI/DEPI project/anomx/venv/lib/python3.12/site-packages/airflow/example_dags/example_external_task_marker_dag.py for tasks to queue
[2026-06-21T22:02:48.833+0300] {logging_mixin.py:188} INFO - [2026-06-21T22:02:48.833+0300] {dagbag.py:540} INFO - Filling up the DagBag from /media/data/omar/programming course/DEPI/DEPI project/anomx/venv/lib/python3.12/site-packages/airflow/example_dags/example_external_task_marker_dag.py
[2026-06-21T22:02:48.843+0300] {processor.py:840} INFO - DAG(s) 'example_external_task_marker_parent', 'example_external_task_marker_child' retrieved from /media/data/omar/programming course/DEPI/DEPI project/anomx/venv/lib/python3.12/site-packages/airflow/example_dags/example_external_task_marker_dag.py
[2026-06-21T22:02:48.865+0300] {logging_mixin.py:188} INFO - [2026-06-21T22:02:48.865+0300] {dag.py:3096} INFO - Sync 2 DAGs
[2026-06-21T22:02:48.876+0300] {logging_mixin.py:188} INFO - [2026-06-21T22:02:48.875+0300] {dag.py:3954} INFO - Setting next_dagrun for example_external_task_marker_child to None, run_after=None
[2026-06-21T22:02:48.879+0300] {logging_mixin.py:188} INFO - [2026-06-21T22:02:48.878+0300] {dag.py:3954} INFO - Setting next_dagrun for example_external_task_marker_parent to None, run_after=None
[2026-06-21T22:02:48.906+0300] {processor.py:183} INFO - Processing /media/data/omar/programming course/DEPI/DEPI project/anomx/venv/lib/python3.12/site-packages/airflow/example_dags/example_external_task_marker_dag.py took 0.095 seconds
[2026-06-21T22:03:45.269+0300] {processor.py:161} INFO - Started process (PID=17814) to work on /media/data/omar/programming course/DEPI/DEPI project/anomx/venv/lib/python3.12/site-packages/airflow/example_dags/example_external_task_marker_dag.py
[2026-06-21T22:03:45.270+0300] {processor.py:830} INFO - Processing file /media/data/omar/programming course/DEPI/DEPI project/anomx/venv/lib/python3.12/site-packages/airflow/example_dags/example_external_task_marker_dag.py for tasks to queue
[2026-06-21T22:03:45.271+0300] {logging_mixin.py:188} INFO - [2026-06-21T22:03:45.271+0300] {dagbag.py:540} INFO - Filling up the DagBag from /media/data/omar/programming course/DEPI/DEPI project/anomx/venv/lib/python3.12/site-packages/airflow/example_dags/example_external_task_marker_dag.py
[2026-06-21T22:03:45.279+0300] {processor.py:840} INFO - DAG(s) 'example_external_task_marker_parent', 'example_external_task_marker_child' retrieved from /media/data/omar/programming course/DEPI/DEPI project/anomx/venv/lib/python3.12/site-packages/airflow/example_dags/example_external_task_marker_dag.py
[2026-06-21T22:03:45.299+0300] {logging_mixin.py:188} INFO - [2026-06-21T22:03:45.298+0300] {dag.py:3096} INFO - Sync 2 DAGs
[2026-06-21T22:03:45.309+0300] {logging_mixin.py:188} INFO - [2026-06-21T22:03:45.308+0300] {dag.py:3954} INFO - Setting next_dagrun for example_external_task_marker_child to None, run_after=None
[2026-06-21T22:03:45.312+0300] {logging_mixin.py:188} INFO - [2026-06-21T22:03:45.312+0300] {dag.py:3954} INFO - Setting next_dagrun for example_external_task_marker_parent to None, run_after=None
[2026-06-21T22:03:45.338+0300] {processor.py:183} INFO - Processing /media/data/omar/programming course/DEPI/DEPI project/anomx/venv/lib/python3.12/site-packages/airflow/example_dags/example_external_task_marker_dag.py took 0.075 seconds
[2026-06-21T22:04:37.951+0300] {processor.py:161} INFO - Started process (PID=17903) to work on /media/data/omar/programming course/DEPI/DEPI project/anomx/venv/lib/python3.12/site-packages/airflow/example_dags/example_external_task_marker_dag.py
[2026-06-21T22:04:37.953+0300] {processor.py:830} INFO - Processing file /media/data/omar/programming course/DEPI/DEPI project/anomx/venv/lib/python3.12/site-packages/airflow/example_dags/example_external_task_marker_dag.py for tasks to queue
[2026-06-21T22:04:37.955+0300] {logging_mixin.py:188} INFO - [2026-06-21T22:04:37.954+0300] {dagbag.py:540} INFO - Filling up the DagBag from /media/data/omar/programming course/DEPI/DEPI project/anomx/venv/lib/python3.12/site-packages/airflow/example_dags/example_external_task_marker_dag.py
[2026-06-21T22:04:37.965+0300] {processor.py:840} INFO - DAG(s) 'example_external_task_marker_parent', 'example_external_task_marker_child' retrieved from /media/data/omar/programming course/DEPI/DEPI project/anomx/venv/lib/python3.12/site-packages/airflow/example_dags/example_external_task_marker_dag.py
[2026-06-21T22:04:37.992+0300] {logging_mixin.py:188} INFO - [2026-06-21T22:04:37.992+0300] {dag.py:3096} INFO - Sync 2 DAGs
[2026-06-21T22:04:38.006+0300] {logging_mixin.py:188} INFO - [2026-06-21T22:04:38.005+0300] {dag.py:3954} INFO - Setting next_dagrun for example_external_task_marker_child to None, run_after=None
[2026-06-21T22:04:38.009+0300] {logging_mixin.py:188} INFO - [2026-06-21T22:04:38.009+0300] {dag.py:3954} INFO - Setting next_dagrun for example_external_task_marker_parent to None, run_after=None
[2026-06-21T22:04:38.042+0300] {processor.py:183} INFO - Processing /media/data/omar/programming course/DEPI/DEPI project/anomx/venv/lib/python3.12/site-packages/airflow/example_dags/example_external_task_marker_dag.py took 0.105 seconds
[2026-06-21T22:05:34.253+0300] {processor.py:161} INFO - Started process (PID=17997) to work on /media/data/omar/programming course/DEPI/DEPI project/anomx/venv/lib/python3.12/site-packages/airflow/example_dags/example_external_task_marker_dag.py
[2026-06-21T22:05:34.254+0300] {processor.py:830} INFO - Processing file /media/data/omar/programming course/DEPI/DEPI project/anomx/venv/lib/python3.12/site-packages/airflow/example_dags/example_external_task_marker_dag.py for tasks to queue
[2026-06-21T22:05:34.257+0300] {logging_mixin.py:188} INFO - [2026-06-21T22:05:34.256+0300] {dagbag.py:540} INFO - Filling up the DagBag from /media/data/omar/programming course/DEPI/DEPI project/anomx/venv/lib/python3.12/site-packages/airflow/example_dags/example_external_task_marker_dag.py
[2026-06-21T22:05:34.264+0300] {processor.py:840} INFO - DAG(s) 'example_external_task_marker_parent', 'example_external_task_marker_child' retrieved from /media/data/omar/programming course/DEPI/DEPI project/anomx/venv/lib/python3.12/site-packages/airflow/example_dags/example_external_task_marker_dag.py
[2026-06-21T22:05:34.283+0300] {logging_mixin.py:188} INFO - [2026-06-21T22:05:34.282+0300] {dag.py:3096} INFO - Sync 2 DAGs
[2026-06-21T22:05:34.292+0300] {logging_mixin.py:188} INFO - [2026-06-21T22:05:34.292+0300] {dag.py:3954} INFO - Setting next_dagrun for example_external_task_marker_child to None, run_after=None
[2026-06-21T22:05:34.296+0300] {logging_mixin.py:188} INFO - [2026-06-21T22:05:34.296+0300] {dag.py:3954} INFO - Setting next_dagrun for example_external_task_marker_parent to None, run_after=None
[2026-06-21T22:05:34.323+0300] {processor.py:183} INFO - Processing /media/data/omar/programming course/DEPI/DEPI project/anomx/venv/lib/python3.12/site-packages/airflow/example_dags/example_external_task_marker_dag.py took 0.078 seconds
[2026-06-21T22:06:31.426+0300] {processor.py:161} INFO - Started process (PID=18087) to work on /media/data/omar/programming course/DEPI/DEPI project/anomx/venv/lib/python3.12/site-packages/airflow/example_dags/example_external_task_marker_dag.py
[2026-06-21T22:06:31.428+0300] {processor.py:830} INFO - Processing file /media/data/omar/programming course/DEPI/DEPI project/anomx/venv/lib/python3.12/site-packages/airflow/example_dags/example_external_task_marker_dag.py for tasks to queue
[2026-06-21T22:06:31.432+0300] {logging_mixin.py:188} INFO - [2026-06-21T22:06:31.431+0300] {dagbag.py:540} INFO - Filling up the DagBag from /media/data/omar/programming course/DEPI/DEPI project/anomx/venv/lib/python3.12/site-packages/airflow/example_dags/example_external_task_marker_dag.py
[2026-06-21T22:06:31.442+0300] {processor.py:840} INFO - DAG(s) 'example_external_task_marker_child', 'example_external_task_marker_parent' retrieved from /media/data/omar/programming course/DEPI/DEPI project/anomx/venv/lib/python3.12/site-packages/airflow/example_dags/example_external_task_marker_dag.py
[2026-06-21T22:06:31.460+0300] {logging_mixin.py:188} INFO - [2026-06-21T22:06:31.459+0300] {dag.py:3096} INFO - Sync 2 DAGs
[2026-06-21T22:06:31.469+0300] {logging_mixin.py:188} INFO - [2026-06-21T22:06:31.468+0300] {dag.py:3954} INFO - Setting next_dagrun for example_external_task_marker_child to None, run_after=None
[2026-06-21T22:06:31.472+0300] {logging_mixin.py:188} INFO - [2026-06-21T22:06:31.471+0300] {dag.py:3954} INFO - Setting next_dagrun for example_external_task_marker_parent to None, run_after=None
[2026-06-21T22:06:31.500+0300] {processor.py:183} INFO - Processing /media/data/omar/programming course/DEPI/DEPI project/anomx/venv/lib/python3.12/site-packages/airflow/example_dags/example_external_task_marker_dag.py took 0.089 seconds
[2026-06-21T22:07:29.892+0300] {processor.py:161} INFO - Started process (PID=18179) to work on /media/data/omar/programming course/DEPI/DEPI project/anomx/venv/lib/python3.12/site-packages/airflow/example_dags/example_external_task_marker_dag.py
[2026-06-21T22:07:29.893+0300] {processor.py:830} INFO - Processing file /media/data/omar/programming course/DEPI/DEPI project/anomx/venv/lib/python3.12/site-packages/airflow/example_dags/example_external_task_marker_dag.py for tasks to queue
[2026-06-21T22:07:29.896+0300] {logging_mixin.py:188} INFO - [2026-06-21T22:07:29.895+0300] {dagbag.py:540} INFO - Filling up the DagBag from /media/data/omar/programming course/DEPI/DEPI project/anomx/venv/lib/python3.12/site-packages/airflow/example_dags/example_external_task_marker_dag.py
[2026-06-21T22:07:29.908+0300] {processor.py:840} INFO - DAG(s) 'example_external_task_marker_parent', 'example_external_task_marker_child' retrieved from /media/data/omar/programming course/DEPI/DEPI project/anomx/venv/lib/python3.12/site-packages/airflow/example_dags/example_external_task_marker_dag.py
[2026-06-21T22:07:29.934+0300] {logging_mixin.py:188} INFO - [2026-06-21T22:07:29.933+0300] {dag.py:3096} INFO - Sync 2 DAGs
[2026-06-21T22:07:29.947+0300] {logging_mixin.py:188} INFO - [2026-06-21T22:07:29.947+0300] {dag.py:3954} INFO - Setting next_dagrun for example_external_task_marker_child to None, run_after=None
[2026-06-21T22:07:29.951+0300] {logging_mixin.py:188} INFO - [2026-06-21T22:07:29.951+0300] {dag.py:3954} INFO - Setting next_dagrun for example_external_task_marker_parent to None, run_after=None
[2026-06-21T22:07:29.989+0300] {processor.py:183} INFO - Processing /media/data/omar/programming course/DEPI/DEPI project/anomx/venv/lib/python3.12/site-packages/airflow/example_dags/example_external_task_marker_dag.py took 0.107 seconds
[2026-06-21T22:08:26.561+0300] {processor.py:161} INFO - Started process (PID=18261) to work on /media/data/omar/programming course/DEPI/DEPI project/anomx/venv/lib/python3.12/site-packages/airflow/example_dags/example_external_task_marker_dag.py
[2026-06-21T22:08:26.562+0300] {processor.py:830} INFO - Processing file /media/data/omar/programming course/DEPI/DEPI project/anomx/venv/lib/python3.12/site-packages/airflow/example_dags/example_external_task_marker_dag.py for tasks to queue
[2026-06-21T22:08:26.565+0300] {logging_mixin.py:188} INFO - [2026-06-21T22:08:26.565+0300] {dagbag.py:540} INFO - Filling up the DagBag from /media/data/omar/programming course/DEPI/DEPI project/anomx/venv/lib/python3.12/site-packages/airflow/example_dags/example_external_task_marker_dag.py
[2026-06-21T22:08:26.575+0300] {processor.py:840} INFO - DAG(s) 'example_external_task_marker_child', 'example_external_task_marker_parent' retrieved from /media/data/omar/programming course/DEPI/DEPI project/anomx/venv/lib/python3.12/site-packages/airflow/example_dags/example_external_task_marker_dag.py
[2026-06-21T22:08:26.593+0300] {logging_mixin.py:188} INFO - [2026-06-21T22:08:26.593+0300] {dag.py:3096} INFO - Sync 2 DAGs
[2026-06-21T22:08:26.603+0300] {logging_mixin.py:188} INFO - [2026-06-21T22:08:26.602+0300] {dag.py:3954} INFO - Setting next_dagrun for example_external_task_marker_child to None, run_after=None
[2026-06-21T22:08:26.606+0300] {logging_mixin.py:188} INFO - [2026-06-21T22:08:26.606+0300] {dag.py:3954} INFO - Setting next_dagrun for example_external_task_marker_parent to None, run_after=None
[2026-06-21T22:08:26.633+0300] {processor.py:183} INFO - Processing /media/data/omar/programming course/DEPI/DEPI project/anomx/venv/lib/python3.12/site-packages/airflow/example_dags/example_external_task_marker_dag.py took 0.089 seconds
[2026-06-21T22:09:23.865+0300] {processor.py:161} INFO - Started process (PID=18455) to work on /media/data/omar/programming course/DEPI/DEPI project/anomx/venv/lib/python3.12/site-packages/airflow/example_dags/example_external_task_marker_dag.py
[2026-06-21T22:09:23.867+0300] {processor.py:830} INFO - Processing file /media/data/omar/programming course/DEPI/DEPI project/anomx/venv/lib/python3.12/site-packages/airflow/example_dags/example_external_task_marker_dag.py for tasks to queue
[2026-06-21T22:09:23.872+0300] {logging_mixin.py:188} INFO - [2026-06-21T22:09:23.871+0300] {dagbag.py:540} INFO - Filling up the DagBag from /media/data/omar/programming course/DEPI/DEPI project/anomx/venv/lib/python3.12/site-packages/airflow/example_dags/example_external_task_marker_dag.py
[2026-06-21T22:09:23.901+0300] {processor.py:840} INFO - DAG(s) 'example_external_task_marker_parent', 'example_external_task_marker_child' retrieved from /media/data/omar/programming course/DEPI/DEPI project/anomx/venv/lib/python3.12/site-packages/airflow/example_dags/example_external_task_marker_dag.py
[2026-06-21T22:09:23.964+0300] {logging_mixin.py:188} INFO - [2026-06-21T22:09:23.962+0300] {dag.py:3096} INFO - Sync 2 DAGs
[2026-06-21T22:09:23.993+0300] {logging_mixin.py:188} INFO - [2026-06-21T22:09:23.991+0300] {dag.py:3954} INFO - Setting next_dagrun for example_external_task_marker_child to None, run_after=None
[2026-06-21T22:09:24.004+0300] {logging_mixin.py:188} INFO - [2026-06-21T22:09:24.003+0300] {dag.py:3954} INFO - Setting next_dagrun for example_external_task_marker_parent to None, run_after=None
[2026-06-21T22:09:24.079+0300] {processor.py:183} INFO - Processing /media/data/omar/programming course/DEPI/DEPI project/anomx/venv/lib/python3.12/site-packages/airflow/example_dags/example_external_task_marker_dag.py took 0.231 seconds
[2026-06-21T22:10:29.901+0300] {processor.py:161} INFO - Started process (PID=18679) to work on /media/data/omar/programming course/DEPI/DEPI project/anomx/venv/lib/python3.12/site-packages/airflow/example_dags/example_external_task_marker_dag.py
[2026-06-21T22:10:29.903+0300] {processor.py:830} INFO - Processing file /media/data/omar/programming course/DEPI/DEPI project/anomx/venv/lib/python3.12/site-packages/airflow/example_dags/example_external_task_marker_dag.py for tasks to queue
[2026-06-21T22:10:29.905+0300] {logging_mixin.py:188} INFO - [2026-06-21T22:10:29.904+0300] {dagbag.py:540} INFO - Filling up the DagBag from /media/data/omar/programming course/DEPI/DEPI project/anomx/venv/lib/python3.12/site-packages/airflow/example_dags/example_external_task_marker_dag.py
[2026-06-21T22:10:29.914+0300] {processor.py:840} INFO - DAG(s) 'example_external_task_marker_child', 'example_external_task_marker_parent' retrieved from /media/data/omar/programming course/DEPI/DEPI project/anomx/venv/lib/python3.12/site-packages/airflow/example_dags/example_external_task_marker_dag.py
[2026-06-21T22:10:30.030+0300] {logging_mixin.py:188} INFO - [2026-06-21T22:10:30.029+0300] {dag.py:3096} INFO - Sync 2 DAGs
[2026-06-21T22:10:30.039+0300] {logging_mixin.py:188} INFO - [2026-06-21T22:10:30.038+0300] {dag.py:3954} INFO - Setting next_dagrun for example_external_task_marker_child to None, run_after=None
[2026-06-21T22:10:30.044+0300] {logging_mixin.py:188} INFO - [2026-06-21T22:10:30.044+0300] {dag.py:3954} INFO - Setting next_dagrun for example_external_task_marker_parent to None, run_after=None
[2026-06-21T22:10:30.075+0300] {processor.py:183} INFO - Processing /media/data/omar/programming course/DEPI/DEPI project/anomx/venv/lib/python3.12/site-packages/airflow/example_dags/example_external_task_marker_dag.py took 0.181 seconds
[2026-06-21T22:11:29.350+0300] {processor.py:161} INFO - Started process (PID=18831) to work on /media/data/omar/programming course/DEPI/DEPI project/anomx/venv/lib/python3.12/site-packages/airflow/example_dags/example_external_task_marker_dag.py
[2026-06-21T22:11:29.353+0300] {processor.py:830} INFO - Processing file /media/data/omar/programming course/DEPI/DEPI project/anomx/venv/lib/python3.12/site-packages/airflow/example_dags/example_external_task_marker_dag.py for tasks to queue
[2026-06-21T22:11:29.356+0300] {logging_mixin.py:188} INFO - [2026-06-21T22:11:29.355+0300] {dagbag.py:540} INFO - Filling up the DagBag from /media/data/omar/programming course/DEPI/DEPI project/anomx/venv/lib/python3.12/site-packages/airflow/example_dags/example_external_task_marker_dag.py
[2026-06-21T22:11:29.368+0300] {processor.py:840} INFO - DAG(s) 'example_external_task_marker_child', 'example_external_task_marker_parent' retrieved from /media/data/omar/programming course/DEPI/DEPI project/anomx/venv/lib/python3.12/site-packages/airflow/example_dags/example_external_task_marker_dag.py
[2026-06-21T22:11:29.394+0300] {logging_mixin.py:188} INFO - [2026-06-21T22:11:29.393+0300] {dag.py:3096} INFO - Sync 2 DAGs
[2026-06-21T22:11:29.405+0300] {logging_mixin.py:188} INFO - [2026-06-21T22:11:29.405+0300] {dag.py:3954} INFO - Setting next_dagrun for example_external_task_marker_child to None, run_after=None
[2026-06-21T22:11:29.409+0300] {logging_mixin.py:188} INFO - [2026-06-21T22:11:29.408+0300] {dag.py:3954} INFO - Setting next_dagrun for example_external_task_marker_parent to None, run_after=None
[2026-06-21T22:11:29.442+0300] {processor.py:183} INFO - Processing /media/data/omar/programming course/DEPI/DEPI project/anomx/venv/lib/python3.12/site-packages/airflow/example_dags/example_external_task_marker_dag.py took 0.103 seconds
[2026-06-21T22:12:19.838+0300] {processor.py:161} INFO - Started process (PID=18925) to work on /media/data/omar/programming course/DEPI/DEPI project/anomx/venv/lib/python3.12/site-packages/airflow/example_dags/example_external_task_marker_dag.py
[2026-06-21T22:12:19.839+0300] {processor.py:830} INFO - Processing file /media/data/omar/programming course/DEPI/DEPI project/anomx/venv/lib/python3.12/site-packages/airflow/example_dags/example_external_task_marker_dag.py for tasks to queue
[2026-06-21T22:12:19.840+0300] {logging_mixin.py:188} INFO - [2026-06-21T22:12:19.840+0300] {dagbag.py:540} INFO - Filling up the DagBag from /media/data/omar/programming course/DEPI/DEPI project/anomx/venv/lib/python3.12/site-packages/airflow/example_dags/example_external_task_marker_dag.py
[2026-06-21T22:12:19.846+0300] {processor.py:840} INFO - DAG(s) 'example_external_task_marker_parent', 'example_external_task_marker_child' retrieved from /media/data/omar/programming course/DEPI/DEPI project/anomx/venv/lib/python3.12/site-packages/airflow/example_dags/example_external_task_marker_dag.py
[2026-06-21T22:12:19.863+0300] {logging_mixin.py:188} INFO - [2026-06-21T22:12:19.862+0300] {dag.py:3096} INFO - Sync 2 DAGs
[2026-06-21T22:12:19.872+0300] {logging_mixin.py:188} INFO - [2026-06-21T22:12:19.871+0300] {dag.py:3954} INFO - Setting next_dagrun for example_external_task_marker_child to None, run_after=None
[2026-06-21T22:12:19.875+0300] {logging_mixin.py:188} INFO - [2026-06-21T22:12:19.874+0300] {dag.py:3954} INFO - Setting next_dagrun for example_external_task_marker_parent to None, run_after=None
[2026-06-21T22:12:19.898+0300] {processor.py:183} INFO - Processing /media/data/omar/programming course/DEPI/DEPI project/anomx/venv/lib/python3.12/site-packages/airflow/example_dags/example_external_task_marker_dag.py took 0.065 seconds
[2026-06-21T22:14:03.397+0300] {processor.py:161} INFO - Started process (PID=19139) to work on /media/data/omar/programming course/DEPI/DEPI project/anomx/venv/lib/python3.12/site-packages/airflow/example_dags/example_external_task_marker_dag.py
[2026-06-21T22:14:03.401+0300] {processor.py:830} INFO - Processing file /media/data/omar/programming course/DEPI/DEPI project/anomx/venv/lib/python3.12/site-packages/airflow/example_dags/example_external_task_marker_dag.py for tasks to queue
[2026-06-21T22:14:03.406+0300] {logging_mixin.py:188} INFO - [2026-06-21T22:14:03.404+0300] {dagbag.py:540} INFO - Filling up the DagBag from /media/data/omar/programming course/DEPI/DEPI project/anomx/venv/lib/python3.12/site-packages/airflow/example_dags/example_external_task_marker_dag.py
[2026-06-21T22:14:03.421+0300] {processor.py:840} INFO - DAG(s) 'example_external_task_marker_parent', 'example_external_task_marker_child' retrieved from /media/data/omar/programming course/DEPI/DEPI project/anomx/venv/lib/python3.12/site-packages/airflow/example_dags/example_external_task_marker_dag.py
[2026-06-21T22:14:03.460+0300] {logging_mixin.py:188} INFO - [2026-06-21T22:14:03.457+0300] {dag.py:3096} INFO - Sync 2 DAGs
[2026-06-21T22:14:03.483+0300] {logging_mixin.py:188} INFO - [2026-06-21T22:14:03.482+0300] {dag.py:3954} INFO - Setting next_dagrun for example_external_task_marker_child to None, run_after=None
[2026-06-21T22:14:03.486+0300] {logging_mixin.py:188} INFO - [2026-06-21T22:14:03.486+0300] {dag.py:3954} INFO - Setting next_dagrun for example_external_task_marker_parent to None, run_after=None
[2026-06-21T22:14:03.520+0300] {processor.py:183} INFO - Processing /media/data/omar/programming course/DEPI/DEPI project/anomx/venv/lib/python3.12/site-packages/airflow/example_dags/example_external_task_marker_dag.py took 0.146 seconds
[2026-06-21T22:15:01.228+0300] {processor.py:161} INFO - Started process (PID=19248) to work on /media/data/omar/programming course/DEPI/DEPI project/anomx/venv/lib/python3.12/site-packages/airflow/example_dags/example_external_task_marker_dag.py
[2026-06-21T22:15:01.229+0300] {processor.py:830} INFO - Processing file /media/data/omar/programming course/DEPI/DEPI project/anomx/venv/lib/python3.12/site-packages/airflow/example_dags/example_external_task_marker_dag.py for tasks to queue
[2026-06-21T22:15:01.232+0300] {logging_mixin.py:188} INFO - [2026-06-21T22:15:01.231+0300] {dagbag.py:540} INFO - Filling up the DagBag from /media/data/omar/programming course/DEPI/DEPI project/anomx/venv/lib/python3.12/site-packages/airflow/example_dags/example_external_task_marker_dag.py
[2026-06-21T22:15:01.242+0300] {processor.py:840} INFO - DAG(s) 'example_external_task_marker_child', 'example_external_task_marker_parent' retrieved from /media/data/omar/programming course/DEPI/DEPI project/anomx/venv/lib/python3.12/site-packages/airflow/example_dags/example_external_task_marker_dag.py
[2026-06-21T22:15:01.263+0300] {logging_mixin.py:188} INFO - [2026-06-21T22:15:01.262+0300] {dag.py:3096} INFO - Sync 2 DAGs
[2026-06-21T22:15:01.273+0300] {logging_mixin.py:188} INFO - [2026-06-21T22:15:01.273+0300] {dag.py:3954} INFO - Setting next_dagrun for example_external_task_marker_child to None, run_after=None
[2026-06-21T22:15:01.277+0300] {logging_mixin.py:188} INFO - [2026-06-21T22:15:01.277+0300] {dag.py:3954} INFO - Setting next_dagrun for example_external_task_marker_parent to None, run_after=None
[2026-06-21T22:15:01.304+0300] {processor.py:183} INFO - Processing /media/data/omar/programming course/DEPI/DEPI project/anomx/venv/lib/python3.12/site-packages/airflow/example_dags/example_external_task_marker_dag.py took 0.084 seconds
[2026-06-21T22:15:57.503+0300] {processor.py:161} INFO - Started process (PID=19609) to work on /media/data/omar/programming course/DEPI/DEPI project/anomx/venv/lib/python3.12/site-packages/airflow/example_dags/example_external_task_marker_dag.py
[2026-06-21T22:15:57.504+0300] {processor.py:830} INFO - Processing file /media/data/omar/programming course/DEPI/DEPI project/anomx/venv/lib/python3.12/site-packages/airflow/example_dags/example_external_task_marker_dag.py for tasks to queue
[2026-06-21T22:15:57.506+0300] {logging_mixin.py:188} INFO - [2026-06-21T22:15:57.505+0300] {dagbag.py:540} INFO - Filling up the DagBag from /media/data/omar/programming course/DEPI/DEPI project/anomx/venv/lib/python3.12/site-packages/airflow/example_dags/example_external_task_marker_dag.py
[2026-06-21T22:15:57.513+0300] {processor.py:840} INFO - DAG(s) 'example_external_task_marker_child', 'example_external_task_marker_parent' retrieved from /media/data/omar/programming course/DEPI/DEPI project/anomx/venv/lib/python3.12/site-packages/airflow/example_dags/example_external_task_marker_dag.py
[2026-06-21T22:15:57.531+0300] {logging_mixin.py:188} INFO - [2026-06-21T22:15:57.531+0300] {dag.py:3096} INFO - Sync 2 DAGs
[2026-06-21T22:15:57.542+0300] {logging_mixin.py:188} INFO - [2026-06-21T22:15:57.541+0300] {dag.py:3954} INFO - Setting next_dagrun for example_external_task_marker_child to None, run_after=None
[2026-06-21T22:15:57.545+0300] {logging_mixin.py:188} INFO - [2026-06-21T22:15:57.545+0300] {dag.py:3954} INFO - Setting next_dagrun for example_external_task_marker_parent to None, run_after=None
[2026-06-21T22:15:57.633+0300] {processor.py:183} INFO - Processing /media/data/omar/programming course/DEPI/DEPI project/anomx/venv/lib/python3.12/site-packages/airflow/example_dags/example_external_task_marker_dag.py took 0.136 seconds
[2026-06-21T22:16:55.047+0300] {processor.py:161} INFO - Started process (PID=19739) to work on /media/data/omar/programming course/DEPI/DEPI project/anomx/venv/lib/python3.12/site-packages/airflow/example_dags/example_external_task_marker_dag.py
[2026-06-21T22:16:55.049+0300] {processor.py:830} INFO - Processing file /media/data/omar/programming course/DEPI/DEPI project/anomx/venv/lib/python3.12/site-packages/airflow/example_dags/example_external_task_marker_dag.py for tasks to queue
[2026-06-21T22:16:55.055+0300] {logging_mixin.py:188} INFO - [2026-06-21T22:16:55.053+0300] {dagbag.py:540} INFO - Filling up the DagBag from /media/data/omar/programming course/DEPI/DEPI project/anomx/venv/lib/python3.12/site-packages/airflow/example_dags/example_external_task_marker_dag.py
[2026-06-21T22:16:55.075+0300] {processor.py:840} INFO - DAG(s) 'example_external_task_marker_child', 'example_external_task_marker_parent' retrieved from /media/data/omar/programming course/DEPI/DEPI project/anomx/venv/lib/python3.12/site-packages/airflow/example_dags/example_external_task_marker_dag.py
[2026-06-21T22:16:55.142+0300] {logging_mixin.py:188} INFO - [2026-06-21T22:16:55.141+0300] {dag.py:3096} INFO - Sync 2 DAGs
[2026-06-21T22:16:55.176+0300] {logging_mixin.py:188} INFO - [2026-06-21T22:16:55.175+0300] {dag.py:3954} INFO - Setting next_dagrun for example_external_task_marker_child to None, run_after=None
[2026-06-21T22:16:55.189+0300] {logging_mixin.py:188} INFO - [2026-06-21T22:16:55.188+0300] {dag.py:3954} INFO - Setting next_dagrun for example_external_task_marker_parent to None, run_after=None
[2026-06-21T22:16:55.254+0300] {processor.py:183} INFO - Processing /media/data/omar/programming course/DEPI/DEPI project/anomx/venv/lib/python3.12/site-packages/airflow/example_dags/example_external_task_marker_dag.py took 0.223 seconds
[2026-06-21T22:17:55.305+0300] {processor.py:161} INFO - Started process (PID=19904) to work on /media/data/omar/programming course/DEPI/DEPI project/anomx/venv/lib/python3.12/site-packages/airflow/example_dags/example_external_task_marker_dag.py
[2026-06-21T22:17:55.311+0300] {processor.py:830} INFO - Processing file /media/data/omar/programming course/DEPI/DEPI project/anomx/venv/lib/python3.12/site-packages/airflow/example_dags/example_external_task_marker_dag.py for tasks to queue
[2026-06-21T22:17:55.318+0300] {logging_mixin.py:188} INFO - [2026-06-21T22:17:55.316+0300] {dagbag.py:540} INFO - Filling up the DagBag from /media/data/omar/programming course/DEPI/DEPI project/anomx/venv/lib/python3.12/site-packages/airflow/example_dags/example_external_task_marker_dag.py
[2026-06-21T22:17:55.334+0300] {processor.py:840} INFO - DAG(s) 'example_external_task_marker_parent', 'example_external_task_marker_child' retrieved from /media/data/omar/programming course/DEPI/DEPI project/anomx/venv/lib/python3.12/site-packages/airflow/example_dags/example_external_task_marker_dag.py
[2026-06-21T22:17:55.390+0300] {logging_mixin.py:188} INFO - [2026-06-21T22:17:55.389+0300] {dag.py:3096} INFO - Sync 2 DAGs
[2026-06-21T22:17:55.421+0300] {logging_mixin.py:188} INFO - [2026-06-21T22:17:55.419+0300] {dag.py:3954} INFO - Setting next_dagrun for example_external_task_marker_child to None, run_after=None
[2026-06-21T22:17:55.430+0300] {logging_mixin.py:188} INFO - [2026-06-21T22:17:55.429+0300] {dag.py:3954} INFO - Setting next_dagrun for example_external_task_marker_parent to None, run_after=None
[2026-06-21T22:17:55.486+0300] {processor.py:183} INFO - Processing /media/data/omar/programming course/DEPI/DEPI project/anomx/venv/lib/python3.12/site-packages/airflow/example_dags/example_external_task_marker_dag.py took 0.220 seconds
[2026-06-21T22:18:52.489+0300] {processor.py:161} INFO - Started process (PID=19996) to work on /media/data/omar/programming course/DEPI/DEPI project/anomx/venv/lib/python3.12/site-packages/airflow/example_dags/example_external_task_marker_dag.py
[2026-06-21T22:18:52.490+0300] {processor.py:830} INFO - Processing file /media/data/omar/programming course/DEPI/DEPI project/anomx/venv/lib/python3.12/site-packages/airflow/example_dags/example_external_task_marker_dag.py for tasks to queue
[2026-06-21T22:18:52.492+0300] {logging_mixin.py:188} INFO - [2026-06-21T22:18:52.491+0300] {dagbag.py:540} INFO - Filling up the DagBag from /media/data/omar/programming course/DEPI/DEPI project/anomx/venv/lib/python3.12/site-packages/airflow/example_dags/example_external_task_marker_dag.py
[2026-06-21T22:18:52.498+0300] {processor.py:840} INFO - DAG(s) 'example_external_task_marker_child', 'example_external_task_marker_parent' retrieved from /media/data/omar/programming course/DEPI/DEPI project/anomx/venv/lib/python3.12/site-packages/airflow/example_dags/example_external_task_marker_dag.py
[2026-06-21T22:18:52.515+0300] {logging_mixin.py:188} INFO - [2026-06-21T22:18:52.515+0300] {dag.py:3096} INFO - Sync 2 DAGs
[2026-06-21T22:18:52.525+0300] {logging_mixin.py:188} INFO - [2026-06-21T22:18:52.524+0300] {dag.py:3954} INFO - Setting next_dagrun for example_external_task_marker_child to None, run_after=None
[2026-06-21T22:18:52.528+0300] {logging_mixin.py:188} INFO - [2026-06-21T22:18:52.528+0300] {dag.py:3954} INFO - Setting next_dagrun for example_external_task_marker_parent to None, run_after=None
[2026-06-21T22:18:52.557+0300] {processor.py:183} INFO - Processing /media/data/omar/programming course/DEPI/DEPI project/anomx/venv/lib/python3.12/site-packages/airflow/example_dags/example_external_task_marker_dag.py took 0.073 seconds
[2026-06-21T22:19:48.684+0300] {processor.py:161} INFO - Started process (PID=20107) to work on /media/data/omar/programming course/DEPI/DEPI project/anomx/venv/lib/python3.12/site-packages/airflow/example_dags/example_external_task_marker_dag.py
[2026-06-21T22:19:48.685+0300] {processor.py:830} INFO - Processing file /media/data/omar/programming course/DEPI/DEPI project/anomx/venv/lib/python3.12/site-packages/airflow/example_dags/example_external_task_marker_dag.py for tasks to queue
[2026-06-21T22:19:48.687+0300] {logging_mixin.py:188} INFO - [2026-06-21T22:19:48.686+0300] {dagbag.py:540} INFO - Filling up the DagBag from /media/data/omar/programming course/DEPI/DEPI project/anomx/venv/lib/python3.12/site-packages/airflow/example_dags/example_external_task_marker_dag.py
[2026-06-21T22:19:48.698+0300] {processor.py:840} INFO - DAG(s) 'example_external_task_marker_parent', 'example_external_task_marker_child' retrieved from /media/data/omar/programming course/DEPI/DEPI project/anomx/venv/lib/python3.12/site-packages/airflow/example_dags/example_external_task_marker_dag.py
[2026-06-21T22:19:48.726+0300] {logging_mixin.py:188} INFO - [2026-06-21T22:19:48.725+0300] {dag.py:3096} INFO - Sync 2 DAGs
[2026-06-21T22:19:48.752+0300] {logging_mixin.py:188} INFO - [2026-06-21T22:19:48.752+0300] {dag.py:3954} INFO - Setting next_dagrun for example_external_task_marker_child to None, run_after=None
[2026-06-21T22:19:48.756+0300] {logging_mixin.py:188} INFO - [2026-06-21T22:19:48.756+0300] {dag.py:3954} INFO - Setting next_dagrun for example_external_task_marker_parent to None, run_after=None
[2026-06-21T22:19:48.803+0300] {processor.py:183} INFO - Processing /media/data/omar/programming course/DEPI/DEPI project/anomx/venv/lib/python3.12/site-packages/airflow/example_dags/example_external_task_marker_dag.py took 0.129 seconds
[2026-06-21T22:21:22.316+0300] {processor.py:161} INFO - Started process (PID=20266) to work on /media/data/omar/programming course/DEPI/DEPI project/anomx/venv/lib/python3.12/site-packages/airflow/example_dags/example_external_task_marker_dag.py
[2026-06-21T22:21:22.318+0300] {processor.py:830} INFO - Processing file /media/data/omar/programming course/DEPI/DEPI project/anomx/venv/lib/python3.12/site-packages/airflow/example_dags/example_external_task_marker_dag.py for tasks to queue
[2026-06-21T22:21:22.321+0300] {logging_mixin.py:188} INFO - [2026-06-21T22:21:22.320+0300] {dagbag.py:540} INFO - Filling up the DagBag from /media/data/omar/programming course/DEPI/DEPI project/anomx/venv/lib/python3.12/site-packages/airflow/example_dags/example_external_task_marker_dag.py
[2026-06-21T22:21:22.333+0300] {processor.py:840} INFO - DAG(s) 'example_external_task_marker_child', 'example_external_task_marker_parent' retrieved from /media/data/omar/programming course/DEPI/DEPI project/anomx/venv/lib/python3.12/site-packages/airflow/example_dags/example_external_task_marker_dag.py
[2026-06-21T22:21:22.351+0300] {logging_mixin.py:188} INFO - [2026-06-21T22:21:22.351+0300] {dag.py:3096} INFO - Sync 2 DAGs
[2026-06-21T22:21:22.360+0300] {logging_mixin.py:188} INFO - [2026-06-21T22:21:22.360+0300] {dag.py:3954} INFO - Setting next_dagrun for example_external_task_marker_child to None, run_after=None
[2026-06-21T22:21:22.363+0300] {logging_mixin.py:188} INFO - [2026-06-21T22:21:22.362+0300] {dag.py:3954} INFO - Setting next_dagrun for example_external_task_marker_parent to None, run_after=None
[2026-06-21T22:21:22.386+0300] {processor.py:183} INFO - Processing /media/data/omar/programming course/DEPI/DEPI project/anomx/venv/lib/python3.12/site-packages/airflow/example_dags/example_external_task_marker_dag.py took 0.081 seconds
[2026-06-21T22:23:34.457+0300] {processor.py:161} INFO - Started process (PID=20495) to work on /media/data/omar/programming course/DEPI/DEPI project/anomx/venv/lib/python3.12/site-packages/airflow/example_dags/example_external_task_marker_dag.py
[2026-06-21T22:23:34.460+0300] {processor.py:830} INFO - Processing file /media/data/omar/programming course/DEPI/DEPI project/anomx/venv/lib/python3.12/site-packages/airflow/example_dags/example_external_task_marker_dag.py for tasks to queue
[2026-06-21T22:23:34.465+0300] {logging_mixin.py:188} INFO - [2026-06-21T22:23:34.464+0300] {dagbag.py:540} INFO - Filling up the DagBag from /media/data/omar/programming course/DEPI/DEPI project/anomx/venv/lib/python3.12/site-packages/airflow/example_dags/example_external_task_marker_dag.py
[2026-06-21T22:23:34.489+0300] {processor.py:840} INFO - DAG(s) 'example_external_task_marker_child', 'example_external_task_marker_parent' retrieved from /media/data/omar/programming course/DEPI/DEPI project/anomx/venv/lib/python3.12/site-packages/airflow/example_dags/example_external_task_marker_dag.py
[2026-06-21T22:23:34.518+0300] {logging_mixin.py:188} INFO - [2026-06-21T22:23:34.518+0300] {dag.py:3096} INFO - Sync 2 DAGs
[2026-06-21T22:23:34.531+0300] {logging_mixin.py:188} INFO - [2026-06-21T22:23:34.531+0300] {dag.py:3954} INFO - Setting next_dagrun for example_external_task_marker_child to None, run_after=None
[2026-06-21T22:23:34.534+0300] {logging_mixin.py:188} INFO - [2026-06-21T22:23:34.534+0300] {dag.py:3954} INFO - Setting next_dagrun for example_external_task_marker_parent to None, run_after=None
[2026-06-21T22:23:34.560+0300] {processor.py:183} INFO - Processing /media/data/omar/programming course/DEPI/DEPI project/anomx/venv/lib/python3.12/site-packages/airflow/example_dags/example_external_task_marker_dag.py took 0.120 seconds
[2026-06-21T22:24:31.380+0300] {processor.py:161} INFO - Started process (PID=20588) to work on /media/data/omar/programming course/DEPI/DEPI project/anomx/venv/lib/python3.12/site-packages/airflow/example_dags/example_external_task_marker_dag.py
[2026-06-21T22:24:31.382+0300] {processor.py:830} INFO - Processing file /media/data/omar/programming course/DEPI/DEPI project/anomx/venv/lib/python3.12/site-packages/airflow/example_dags/example_external_task_marker_dag.py for tasks to queue
[2026-06-21T22:24:31.387+0300] {logging_mixin.py:188} INFO - [2026-06-21T22:24:31.386+0300] {dagbag.py:540} INFO - Filling up the DagBag from /media/data/omar/programming course/DEPI/DEPI project/anomx/venv/lib/python3.12/site-packages/airflow/example_dags/example_external_task_marker_dag.py
[2026-06-21T22:24:31.404+0300] {processor.py:840} INFO - DAG(s) 'example_external_task_marker_parent', 'example_external_task_marker_child' retrieved from /media/data/omar/programming course/DEPI/DEPI project/anomx/venv/lib/python3.12/site-packages/airflow/example_dags/example_external_task_marker_dag.py
[2026-06-21T22:24:31.425+0300] {logging_mixin.py:188} INFO - [2026-06-21T22:24:31.425+0300] {dag.py:3096} INFO - Sync 2 DAGs
[2026-06-21T22:24:31.435+0300] {logging_mixin.py:188} INFO - [2026-06-21T22:24:31.435+0300] {dag.py:3954} INFO - Setting next_dagrun for example_external_task_marker_child to None, run_after=None
[2026-06-21T22:24:31.438+0300] {logging_mixin.py:188} INFO - [2026-06-21T22:24:31.438+0300] {dag.py:3954} INFO - Setting next_dagrun for example_external_task_marker_parent to None, run_after=None
[2026-06-21T22:24:31.463+0300] {processor.py:183} INFO - Processing /media/data/omar/programming course/DEPI/DEPI project/anomx/venv/lib/python3.12/site-packages/airflow/example_dags/example_external_task_marker_dag.py took 0.097 seconds
[2026-06-21T22:48:21.753+0300] {processor.py:161} INFO - Started process (PID=22157) to work on /media/data/omar/programming course/DEPI/DEPI project/anomx/venv/lib/python3.12/site-packages/airflow/example_dags/example_external_task_marker_dag.py
[2026-06-21T22:48:21.755+0300] {processor.py:830} INFO - Processing file /media/data/omar/programming course/DEPI/DEPI project/anomx/venv/lib/python3.12/site-packages/airflow/example_dags/example_external_task_marker_dag.py for tasks to queue
[2026-06-21T22:48:21.757+0300] {logging_mixin.py:188} INFO - [2026-06-21T22:48:21.756+0300] {dagbag.py:540} INFO - Filling up the DagBag from /media/data/omar/programming course/DEPI/DEPI project/anomx/venv/lib/python3.12/site-packages/airflow/example_dags/example_external_task_marker_dag.py
[2026-06-21T22:48:21.766+0300] {processor.py:840} INFO - DAG(s) 'example_external_task_marker_child', 'example_external_task_marker_parent' retrieved from /media/data/omar/programming course/DEPI/DEPI project/anomx/venv/lib/python3.12/site-packages/airflow/example_dags/example_external_task_marker_dag.py
[2026-06-21T22:48:21.789+0300] {logging_mixin.py:188} INFO - [2026-06-21T22:48:21.788+0300] {dag.py:3096} INFO - Sync 2 DAGs
[2026-06-21T22:48:21.798+0300] {logging_mixin.py:188} INFO - [2026-06-21T22:48:21.798+0300] {dag.py:3118} INFO - Creating ORM DAG for example_external_task_marker_child
[2026-06-21T22:48:21.799+0300] {logging_mixin.py:188} INFO - [2026-06-21T22:48:21.799+0300] {dag.py:3118} INFO - Creating ORM DAG for example_external_task_marker_parent
[2026-06-21T22:48:21.800+0300] {logging_mixin.py:188} INFO - [2026-06-21T22:48:21.800+0300] {dag.py:3954} INFO - Setting next_dagrun for example_external_task_marker_child to None, run_after=None
[2026-06-21T22:48:21.801+0300] {logging_mixin.py:188} INFO - [2026-06-21T22:48:21.801+0300] {dag.py:3954} INFO - Setting next_dagrun for example_external_task_marker_parent to None, run_after=None
[2026-06-21T22:48:21.830+0300] {processor.py:183} INFO - Processing /media/data/omar/programming course/DEPI/DEPI project/anomx/venv/lib/python3.12/site-packages/airflow/example_dags/example_external_task_marker_dag.py took 0.085 seconds
[2026-06-21T22:49:19.764+0300] {processor.py:161} INFO - Started process (PID=22249) to work on /media/data/omar/programming course/DEPI/DEPI project/anomx/venv/lib/python3.12/site-packages/airflow/example_dags/example_external_task_marker_dag.py
[2026-06-21T22:49:19.766+0300] {processor.py:830} INFO - Processing file /media/data/omar/programming course/DEPI/DEPI project/anomx/venv/lib/python3.12/site-packages/airflow/example_dags/example_external_task_marker_dag.py for tasks to queue
[2026-06-21T22:49:19.769+0300] {logging_mixin.py:188} INFO - [2026-06-21T22:49:19.768+0300] {dagbag.py:540} INFO - Filling up the DagBag from /media/data/omar/programming course/DEPI/DEPI project/anomx/venv/lib/python3.12/site-packages/airflow/example_dags/example_external_task_marker_dag.py
[2026-06-21T22:49:19.778+0300] {processor.py:840} INFO - DAG(s) 'example_external_task_marker_parent', 'example_external_task_marker_child' retrieved from /media/data/omar/programming course/DEPI/DEPI project/anomx/venv/lib/python3.12/site-packages/airflow/example_dags/example_external_task_marker_dag.py
[2026-06-21T22:49:19.796+0300] {logging_mixin.py:188} INFO - [2026-06-21T22:49:19.796+0300] {dag.py:3096} INFO - Sync 2 DAGs
[2026-06-21T22:49:19.807+0300] {logging_mixin.py:188} INFO - [2026-06-21T22:49:19.806+0300] {dag.py:3954} INFO - Setting next_dagrun for example_external_task_marker_child to None, run_after=None
[2026-06-21T22:49:19.810+0300] {logging_mixin.py:188} INFO - [2026-06-21T22:49:19.810+0300] {dag.py:3954} INFO - Setting next_dagrun for example_external_task_marker_parent to None, run_after=None
[2026-06-21T22:49:19.836+0300] {processor.py:183} INFO - Processing /media/data/omar/programming course/DEPI/DEPI project/anomx/venv/lib/python3.12/site-packages/airflow/example_dags/example_external_task_marker_dag.py took 0.088 seconds
[2026-06-21T22:50:18.328+0300] {processor.py:161} INFO - Started process (PID=22341) to work on /media/data/omar/programming course/DEPI/DEPI project/anomx/venv/lib/python3.12/site-packages/airflow/example_dags/example_external_task_marker_dag.py
[2026-06-21T22:50:18.329+0300] {processor.py:830} INFO - Processing file /media/data/omar/programming course/DEPI/DEPI project/anomx/venv/lib/python3.12/site-packages/airflow/example_dags/example_external_task_marker_dag.py for tasks to queue
[2026-06-21T22:50:18.332+0300] {logging_mixin.py:188} INFO - [2026-06-21T22:50:18.331+0300] {dagbag.py:540} INFO - Filling up the DagBag from /media/data/omar/programming course/DEPI/DEPI project/anomx/venv/lib/python3.12/site-packages/airflow/example_dags/example_external_task_marker_dag.py
[2026-06-21T22:50:18.339+0300] {processor.py:840} INFO - DAG(s) 'example_external_task_marker_parent', 'example_external_task_marker_child' retrieved from /media/data/omar/programming course/DEPI/DEPI project/anomx/venv/lib/python3.12/site-packages/airflow/example_dags/example_external_task_marker_dag.py
[2026-06-21T22:50:18.363+0300] {logging_mixin.py:188} INFO - [2026-06-21T22:50:18.363+0300] {dag.py:3096} INFO - Sync 2 DAGs
[2026-06-21T22:50:18.377+0300] {logging_mixin.py:188} INFO - [2026-06-21T22:50:18.376+0300] {dag.py:3954} INFO - Setting next_dagrun for example_external_task_marker_child to None, run_after=None
[2026-06-21T22:50:18.382+0300] {logging_mixin.py:188} INFO - [2026-06-21T22:50:18.381+0300] {dag.py:3954} INFO - Setting next_dagrun for example_external_task_marker_parent to None, run_after=None
[2026-06-21T22:50:18.410+0300] {processor.py:183} INFO - Processing /media/data/omar/programming course/DEPI/DEPI project/anomx/venv/lib/python3.12/site-packages/airflow/example_dags/example_external_task_marker_dag.py took 0.088 seconds
[2026-06-21T22:51:24.086+0300] {processor.py:161} INFO - Started process (PID=22615) to work on /media/data/omar/programming course/DEPI/DEPI project/anomx/venv/lib/python3.12/site-packages/airflow/example_dags/example_external_task_marker_dag.py
[2026-06-21T22:51:24.087+0300] {processor.py:830} INFO - Processing file /media/data/omar/programming course/DEPI/DEPI project/anomx/venv/lib/python3.12/site-packages/airflow/example_dags/example_external_task_marker_dag.py for tasks to queue
[2026-06-21T22:51:24.090+0300] {logging_mixin.py:188} INFO - [2026-06-21T22:51:24.089+0300] {dagbag.py:540} INFO - Filling up the DagBag from /media/data/omar/programming course/DEPI/DEPI project/anomx/venv/lib/python3.12/site-packages/airflow/example_dags/example_external_task_marker_dag.py
[2026-06-21T22:51:24.099+0300] {processor.py:840} INFO - DAG(s) 'example_external_task_marker_parent', 'example_external_task_marker_child' retrieved from /media/data/omar/programming course/DEPI/DEPI project/anomx/venv/lib/python3.12/site-packages/airflow/example_dags/example_external_task_marker_dag.py
[2026-06-21T22:51:24.137+0300] {logging_mixin.py:188} INFO - [2026-06-21T22:51:24.136+0300] {dag.py:3096} INFO - Sync 2 DAGs
[2026-06-21T22:51:24.161+0300] {logging_mixin.py:188} INFO - [2026-06-21T22:51:24.160+0300] {dag.py:3954} INFO - Setting next_dagrun for example_external_task_marker_child to None, run_after=None
[2026-06-21T22:51:24.167+0300] {logging_mixin.py:188} INFO - [2026-06-21T22:51:24.166+0300] {dag.py:3954} INFO - Setting next_dagrun for example_external_task_marker_parent to None, run_after=None
[2026-06-21T22:51:24.215+0300] {processor.py:183} INFO - Processing /media/data/omar/programming course/DEPI/DEPI project/anomx/venv/lib/python3.12/site-packages/airflow/example_dags/example_external_task_marker_dag.py took 0.137 seconds
