[2026-06-21T21:39:30.645+0300] {processor.py:161} INFO - Started process (PID=15141) to work on /media/data/omar/programming course/DEPI/DEPI project/anomx/venv/lib/python3.12/site-packages/airflow/example_dags/example_complex.py
[2026-06-21T21:39:30.647+0300] {processor.py:830} INFO - Processing file /media/data/omar/programming course/DEPI/DEPI project/anomx/venv/lib/python3.12/site-packages/airflow/example_dags/example_complex.py for tasks to queue
[2026-06-21T21:39:30.650+0300] {logging_mixin.py:188} INFO - [2026-06-21T21:39:30.649+0300] {dagbag.py:540} INFO - Filling up the DagBag from /media/data/omar/programming course/DEPI/DEPI project/anomx/venv/lib/python3.12/site-packages/airflow/example_dags/example_complex.py
[2026-06-21T21:39:30.662+0300] {processor.py:840} INFO - DAG(s) 'example_complex' retrieved from /media/data/omar/programming course/DEPI/DEPI project/anomx/venv/lib/python3.12/site-packages/airflow/example_dags/example_complex.py
[2026-06-21T21:39:30.863+0300] {logging_mixin.py:188} INFO - [2026-06-21T21:39:30.862+0300] {override.py:1829} INFO - Created Permission View: can edit on DAG:example_complex
[2026-06-21T21:39:30.883+0300] {logging_mixin.py:188} INFO - [2026-06-21T21:39:30.882+0300] {override.py:1829} INFO - Created Permission View: can read on DAG:example_complex
[2026-06-21T21:39:30.904+0300] {logging_mixin.py:188} INFO - [2026-06-21T21:39:30.903+0300] {override.py:1829} INFO - Created Permission View: can delete on DAG:example_complex
[2026-06-21T21:39:30.904+0300] {logging_mixin.py:188} INFO - [2026-06-21T21:39:30.904+0300] {dag.py:3096} INFO - Sync 1 DAGs
[2026-06-21T21:39:30.915+0300] {logging_mixin.py:188} INFO - [2026-06-21T21:39:30.915+0300] {dag.py:3118} INFO - Creating ORM DAG for example_complex
[2026-06-21T21:39:30.916+0300] {logging_mixin.py:188} INFO - [2026-06-21T21:39:30.916+0300] {dag.py:3954} INFO - Setting next_dagrun for example_complex to None, run_after=None
[2026-06-21T21:39:30.946+0300] {processor.py:183} INFO - Processing /media/data/omar/programming course/DEPI/DEPI project/anomx/venv/lib/python3.12/site-packages/airflow/example_dags/example_complex.py took 0.318 seconds
[2026-06-21T21:40:33.512+0300] {processor.py:161} INFO - Started process (PID=15244) to work on /media/data/omar/programming course/DEPI/DEPI project/anomx/venv/lib/python3.12/site-packages/airflow/example_dags/example_complex.py
[2026-06-21T21:40:33.513+0300] {processor.py:830} INFO - Processing file /media/data/omar/programming course/DEPI/DEPI project/anomx/venv/lib/python3.12/site-packages/airflow/example_dags/example_complex.py for tasks to queue
[2026-06-21T21:40:33.515+0300] {logging_mixin.py:188} INFO - [2026-06-21T21:40:33.515+0300] {dagbag.py:540} INFO - Filling up the DagBag from /media/data/omar/programming course/DEPI/DEPI project/anomx/venv/lib/python3.12/site-packages/airflow/example_dags/example_complex.py
[2026-06-21T21:40:33.530+0300] {processor.py:840} INFO - DAG(s) 'example_complex' retrieved from /media/data/omar/programming course/DEPI/DEPI project/anomx/venv/lib/python3.12/site-packages/airflow/example_dags/example_complex.py
[2026-06-21T21:40:33.566+0300] {logging_mixin.py:188} INFO - [2026-06-21T21:40:33.566+0300] {dag.py:3096} INFO - Sync 1 DAGs
[2026-06-21T21:40:33.579+0300] {logging_mixin.py:188} INFO - [2026-06-21T21:40:33.578+0300] {dag.py:3954} INFO - Setting next_dagrun for example_complex to None, run_after=None
[2026-06-21T21:40:33.614+0300] {processor.py:183} INFO - Processing /media/data/omar/programming course/DEPI/DEPI project/anomx/venv/lib/python3.12/site-packages/airflow/example_dags/example_complex.py took 0.111 seconds
[2026-06-21T21:41:35.812+0300] {processor.py:161} INFO - Started process (PID=15368) to work on /media/data/omar/programming course/DEPI/DEPI project/anomx/venv/lib/python3.12/site-packages/airflow/example_dags/example_complex.py
[2026-06-21T21:41:35.815+0300] {processor.py:830} INFO - Processing file /media/data/omar/programming course/DEPI/DEPI project/anomx/venv/lib/python3.12/site-packages/airflow/example_dags/example_complex.py for tasks to queue
[2026-06-21T21:41:35.821+0300] {logging_mixin.py:188} INFO - [2026-06-21T21:41:35.819+0300] {dagbag.py:540} INFO - Filling up the DagBag from /media/data/omar/programming course/DEPI/DEPI project/anomx/venv/lib/python3.12/site-packages/airflow/example_dags/example_complex.py
[2026-06-21T21:41:35.882+0300] {processor.py:840} INFO - DAG(s) 'example_complex' retrieved from /media/data/omar/programming course/DEPI/DEPI project/anomx/venv/lib/python3.12/site-packages/airflow/example_dags/example_complex.py
[2026-06-21T21:41:35.973+0300] {logging_mixin.py:188} INFO - [2026-06-21T21:41:35.971+0300] {dag.py:3096} INFO - Sync 1 DAGs
[2026-06-21T21:41:36.016+0300] {logging_mixin.py:188} INFO - [2026-06-21T21:41:36.015+0300] {dag.py:3954} INFO - Setting next_dagrun for example_complex to None, run_after=None
[2026-06-21T21:41:36.107+0300] {processor.py:183} INFO - Processing /media/data/omar/programming course/DEPI/DEPI project/anomx/venv/lib/python3.12/site-packages/airflow/example_dags/example_complex.py took 0.320 seconds
[2026-06-21T21:42:41.958+0300] {processor.py:161} INFO - Started process (PID=15498) to work on /media/data/omar/programming course/DEPI/DEPI project/anomx/venv/lib/python3.12/site-packages/airflow/example_dags/example_complex.py
[2026-06-21T21:42:41.959+0300] {processor.py:830} INFO - Processing file /media/data/omar/programming course/DEPI/DEPI project/anomx/venv/lib/python3.12/site-packages/airflow/example_dags/example_complex.py for tasks to queue
[2026-06-21T21:42:41.962+0300] {logging_mixin.py:188} INFO - [2026-06-21T21:42:41.961+0300] {dagbag.py:540} INFO - Filling up the DagBag from /media/data/omar/programming course/DEPI/DEPI project/anomx/venv/lib/python3.12/site-packages/airflow/example_dags/example_complex.py
[2026-06-21T21:42:41.976+0300] {processor.py:840} INFO - DAG(s) 'example_complex' retrieved from /media/data/omar/programming course/DEPI/DEPI project/anomx/venv/lib/python3.12/site-packages/airflow/example_dags/example_complex.py
[2026-06-21T21:42:42.010+0300] {logging_mixin.py:188} INFO - [2026-06-21T21:42:42.009+0300] {dag.py:3096} INFO - Sync 1 DAGs
[2026-06-21T21:42:42.020+0300] {logging_mixin.py:188} INFO - [2026-06-21T21:42:42.020+0300] {dag.py:3954} INFO - Setting next_dagrun for example_complex to None, run_after=None
[2026-06-21T21:42:42.051+0300] {processor.py:183} INFO - Processing /media/data/omar/programming course/DEPI/DEPI project/anomx/venv/lib/python3.12/site-packages/airflow/example_dags/example_complex.py took 0.109 seconds
[2026-06-21T21:43:42.345+0300] {processor.py:161} INFO - Started process (PID=15694) to work on /media/data/omar/programming course/DEPI/DEPI project/anomx/venv/lib/python3.12/site-packages/airflow/example_dags/example_complex.py
[2026-06-21T21:43:42.346+0300] {processor.py:830} INFO - Processing file /media/data/omar/programming course/DEPI/DEPI project/anomx/venv/lib/python3.12/site-packages/airflow/example_dags/example_complex.py for tasks to queue
[2026-06-21T21:43:42.348+0300] {logging_mixin.py:188} INFO - [2026-06-21T21:43:42.347+0300] {dagbag.py:540} INFO - Filling up the DagBag from /media/data/omar/programming course/DEPI/DEPI project/anomx/venv/lib/python3.12/site-packages/airflow/example_dags/example_complex.py
[2026-06-21T21:43:42.359+0300] {processor.py:840} INFO - DAG(s) 'example_complex' retrieved from /media/data/omar/programming course/DEPI/DEPI project/anomx/venv/lib/python3.12/site-packages/airflow/example_dags/example_complex.py
[2026-06-21T21:43:42.386+0300] {logging_mixin.py:188} INFO - [2026-06-21T21:43:42.385+0300] {dag.py:3096} INFO - Sync 1 DAGs
[2026-06-21T21:43:42.396+0300] {logging_mixin.py:188} INFO - [2026-06-21T21:43:42.396+0300] {dag.py:3954} INFO - Setting next_dagrun for example_complex to None, run_after=None
[2026-06-21T21:43:42.424+0300] {processor.py:183} INFO - Processing /media/data/omar/programming course/DEPI/DEPI project/anomx/venv/lib/python3.12/site-packages/airflow/example_dags/example_complex.py took 0.085 seconds
[2026-06-21T21:44:40.731+0300] {processor.py:161} INFO - Started process (PID=15804) to work on /media/data/omar/programming course/DEPI/DEPI project/anomx/venv/lib/python3.12/site-packages/airflow/example_dags/example_complex.py
[2026-06-21T21:44:40.732+0300] {processor.py:830} INFO - Processing file /media/data/omar/programming course/DEPI/DEPI project/anomx/venv/lib/python3.12/site-packages/airflow/example_dags/example_complex.py for tasks to queue
[2026-06-21T21:44:40.735+0300] {logging_mixin.py:188} INFO - [2026-06-21T21:44:40.734+0300] {dagbag.py:540} INFO - Filling up the DagBag from /media/data/omar/programming course/DEPI/DEPI project/anomx/venv/lib/python3.12/site-packages/airflow/example_dags/example_complex.py
[2026-06-21T21:44:40.753+0300] {processor.py:840} INFO - DAG(s) 'example_complex' retrieved from /media/data/omar/programming course/DEPI/DEPI project/anomx/venv/lib/python3.12/site-packages/airflow/example_dags/example_complex.py
[2026-06-21T21:44:40.787+0300] {logging_mixin.py:188} INFO - [2026-06-21T21:44:40.787+0300] {dag.py:3096} INFO - Sync 1 DAGs
[2026-06-21T21:44:40.804+0300] {logging_mixin.py:188} INFO - [2026-06-21T21:44:40.803+0300] {dag.py:3954} INFO - Setting next_dagrun for example_complex to None, run_after=None
[2026-06-21T21:44:40.851+0300] {processor.py:183} INFO - Processing /media/data/omar/programming course/DEPI/DEPI project/anomx/venv/lib/python3.12/site-packages/airflow/example_dags/example_complex.py took 0.134 seconds
[2026-06-21T21:47:15.935+0300] {processor.py:161} INFO - Started process (PID=16111) to work on /media/data/omar/programming course/DEPI/DEPI project/anomx/venv/lib/python3.12/site-packages/airflow/example_dags/example_complex.py
[2026-06-21T21:47:15.936+0300] {processor.py:830} INFO - Processing file /media/data/omar/programming course/DEPI/DEPI project/anomx/venv/lib/python3.12/site-packages/airflow/example_dags/example_complex.py for tasks to queue
[2026-06-21T21:47:15.938+0300] {logging_mixin.py:188} INFO - [2026-06-21T21:47:15.937+0300] {dagbag.py:540} INFO - Filling up the DagBag from /media/data/omar/programming course/DEPI/DEPI project/anomx/venv/lib/python3.12/site-packages/airflow/example_dags/example_complex.py
[2026-06-21T21:47:15.948+0300] {processor.py:840} INFO - DAG(s) 'example_complex' retrieved from /media/data/omar/programming course/DEPI/DEPI project/anomx/venv/lib/python3.12/site-packages/airflow/example_dags/example_complex.py
[2026-06-21T21:47:15.974+0300] {logging_mixin.py:188} INFO - [2026-06-21T21:47:15.974+0300] {dag.py:3096} INFO - Sync 1 DAGs
[2026-06-21T21:47:15.985+0300] {logging_mixin.py:188} INFO - [2026-06-21T21:47:15.985+0300] {dag.py:3954} INFO - Setting next_dagrun for example_complex to None, run_after=None
[2026-06-21T21:47:16.016+0300] {processor.py:183} INFO - Processing /media/data/omar/programming course/DEPI/DEPI project/anomx/venv/lib/python3.12/site-packages/airflow/example_dags/example_complex.py took 0.089 seconds
[2026-06-21T21:48:17.684+0300] {processor.py:161} INFO - Started process (PID=16210) to work on /media/data/omar/programming course/DEPI/DEPI project/anomx/venv/lib/python3.12/site-packages/airflow/example_dags/example_complex.py
[2026-06-21T21:48:17.685+0300] {processor.py:830} INFO - Processing file /media/data/omar/programming course/DEPI/DEPI project/anomx/venv/lib/python3.12/site-packages/airflow/example_dags/example_complex.py for tasks to queue
[2026-06-21T21:48:17.688+0300] {logging_mixin.py:188} INFO - [2026-06-21T21:48:17.687+0300] {dagbag.py:540} INFO - Filling up the DagBag from /media/data/omar/programming course/DEPI/DEPI project/anomx/venv/lib/python3.12/site-packages/airflow/example_dags/example_complex.py
[2026-06-21T21:48:17.699+0300] {processor.py:840} INFO - DAG(s) 'example_complex' retrieved from /media/data/omar/programming course/DEPI/DEPI project/anomx/venv/lib/python3.12/site-packages/airflow/example_dags/example_complex.py
[2026-06-21T21:48:17.723+0300] {logging_mixin.py:188} INFO - [2026-06-21T21:48:17.723+0300] {dag.py:3096} INFO - Sync 1 DAGs
[2026-06-21T21:48:17.733+0300] {logging_mixin.py:188} INFO - [2026-06-21T21:48:17.732+0300] {dag.py:3954} INFO - Setting next_dagrun for example_complex to None, run_after=None
[2026-06-21T21:48:17.760+0300] {processor.py:183} INFO - Processing /media/data/omar/programming course/DEPI/DEPI project/anomx/venv/lib/python3.12/site-packages/airflow/example_dags/example_complex.py took 0.084 seconds
[2026-06-21T21:49:16.648+0300] {processor.py:161} INFO - Started process (PID=16295) to work on /media/data/omar/programming course/DEPI/DEPI project/anomx/venv/lib/python3.12/site-packages/airflow/example_dags/example_complex.py
[2026-06-21T21:49:16.649+0300] {processor.py:830} INFO - Processing file /media/data/omar/programming course/DEPI/DEPI project/anomx/venv/lib/python3.12/site-packages/airflow/example_dags/example_complex.py for tasks to queue
[2026-06-21T21:49:16.651+0300] {logging_mixin.py:188} INFO - [2026-06-21T21:49:16.650+0300] {dagbag.py:540} INFO - Filling up the DagBag from /media/data/omar/programming course/DEPI/DEPI project/anomx/venv/lib/python3.12/site-packages/airflow/example_dags/example_complex.py
[2026-06-21T21:49:16.661+0300] {processor.py:840} INFO - DAG(s) 'example_complex' retrieved from /media/data/omar/programming course/DEPI/DEPI project/anomx/venv/lib/python3.12/site-packages/airflow/example_dags/example_complex.py
[2026-06-21T21:49:16.684+0300] {logging_mixin.py:188} INFO - [2026-06-21T21:49:16.684+0300] {dag.py:3096} INFO - Sync 1 DAGs
[2026-06-21T21:49:16.694+0300] {logging_mixin.py:188} INFO - [2026-06-21T21:49:16.694+0300] {dag.py:3954} INFO - Setting next_dagrun for example_complex to None, run_after=None
[2026-06-21T21:49:16.722+0300] {processor.py:183} INFO - Processing /media/data/omar/programming course/DEPI/DEPI project/anomx/venv/lib/python3.12/site-packages/airflow/example_dags/example_complex.py took 0.080 seconds
[2026-06-21T21:51:34.529+0300] {processor.py:161} INFO - Started process (PID=16548) to work on /media/data/omar/programming course/DEPI/DEPI project/anomx/venv/lib/python3.12/site-packages/airflow/example_dags/example_complex.py
[2026-06-21T21:51:34.530+0300] {processor.py:830} INFO - Processing file /media/data/omar/programming course/DEPI/DEPI project/anomx/venv/lib/python3.12/site-packages/airflow/example_dags/example_complex.py for tasks to queue
[2026-06-21T21:51:34.532+0300] {logging_mixin.py:188} INFO - [2026-06-21T21:51:34.531+0300] {dagbag.py:540} INFO - Filling up the DagBag from /media/data/omar/programming course/DEPI/DEPI project/anomx/venv/lib/python3.12/site-packages/airflow/example_dags/example_complex.py
[2026-06-21T21:51:34.542+0300] {processor.py:840} INFO - DAG(s) 'example_complex' retrieved from /media/data/omar/programming course/DEPI/DEPI project/anomx/venv/lib/python3.12/site-packages/airflow/example_dags/example_complex.py
[2026-06-21T21:51:34.567+0300] {logging_mixin.py:188} INFO - [2026-06-21T21:51:34.566+0300] {dag.py:3096} INFO - Sync 1 DAGs
[2026-06-21T21:51:34.577+0300] {logging_mixin.py:188} INFO - [2026-06-21T21:51:34.576+0300] {dag.py:3954} INFO - Setting next_dagrun for example_complex to None, run_after=None
[2026-06-21T21:51:34.604+0300] {processor.py:183} INFO - Processing /media/data/omar/programming course/DEPI/DEPI project/anomx/venv/lib/python3.12/site-packages/airflow/example_dags/example_complex.py took 0.081 seconds
[2026-06-21T21:53:04.235+0300] {processor.py:161} INFO - Started process (PID=16716) to work on /media/data/omar/programming course/DEPI/DEPI project/anomx/venv/lib/python3.12/site-packages/airflow/example_dags/example_complex.py
[2026-06-21T21:53:04.236+0300] {processor.py:830} INFO - Processing file /media/data/omar/programming course/DEPI/DEPI project/anomx/venv/lib/python3.12/site-packages/airflow/example_dags/example_complex.py for tasks to queue
[2026-06-21T21:53:04.238+0300] {logging_mixin.py:188} INFO - [2026-06-21T21:53:04.237+0300] {dagbag.py:540} INFO - Filling up the DagBag from /media/data/omar/programming course/DEPI/DEPI project/anomx/venv/lib/python3.12/site-packages/airflow/example_dags/example_complex.py
[2026-06-21T21:53:04.249+0300] {processor.py:840} INFO - DAG(s) 'example_complex' retrieved from /media/data/omar/programming course/DEPI/DEPI project/anomx/venv/lib/python3.12/site-packages/airflow/example_dags/example_complex.py
[2026-06-21T21:53:04.273+0300] {logging_mixin.py:188} INFO - [2026-06-21T21:53:04.273+0300] {dag.py:3096} INFO - Sync 1 DAGs
[2026-06-21T21:53:04.283+0300] {logging_mixin.py:188} INFO - [2026-06-21T21:53:04.283+0300] {dag.py:3954} INFO - Setting next_dagrun for example_complex to None, run_after=None
[2026-06-21T21:53:04.312+0300] {processor.py:183} INFO - Processing /media/data/omar/programming course/DEPI/DEPI project/anomx/venv/lib/python3.12/site-packages/airflow/example_dags/example_complex.py took 0.084 seconds
[2026-06-21T21:53:59.478+0300] {processor.py:161} INFO - Started process (PID=16807) to work on /media/data/omar/programming course/DEPI/DEPI project/anomx/venv/lib/python3.12/site-packages/airflow/example_dags/example_complex.py
[2026-06-21T21:53:59.479+0300] {processor.py:830} INFO - Processing file /media/data/omar/programming course/DEPI/DEPI project/anomx/venv/lib/python3.12/site-packages/airflow/example_dags/example_complex.py for tasks to queue
[2026-06-21T21:53:59.482+0300] {logging_mixin.py:188} INFO - [2026-06-21T21:53:59.481+0300] {dagbag.py:540} INFO - Filling up the DagBag from /media/data/omar/programming course/DEPI/DEPI project/anomx/venv/lib/python3.12/site-packages/airflow/example_dags/example_complex.py
[2026-06-21T21:53:59.497+0300] {processor.py:840} INFO - DAG(s) 'example_complex' retrieved from /media/data/omar/programming course/DEPI/DEPI project/anomx/venv/lib/python3.12/site-packages/airflow/example_dags/example_complex.py
[2026-06-21T21:53:59.523+0300] {logging_mixin.py:188} INFO - [2026-06-21T21:53:59.523+0300] {dag.py:3096} INFO - Sync 1 DAGs
[2026-06-21T21:53:59.533+0300] {logging_mixin.py:188} INFO - [2026-06-21T21:53:59.532+0300] {dag.py:3954} INFO - Setting next_dagrun for example_complex to None, run_after=None
[2026-06-21T21:53:59.560+0300] {processor.py:183} INFO - Processing /media/data/omar/programming course/DEPI/DEPI project/anomx/venv/lib/python3.12/site-packages/airflow/example_dags/example_complex.py took 0.090 seconds
[2026-06-21T21:54:57.385+0300] {processor.py:161} INFO - Started process (PID=16898) to work on /media/data/omar/programming course/DEPI/DEPI project/anomx/venv/lib/python3.12/site-packages/airflow/example_dags/example_complex.py
[2026-06-21T21:54:57.386+0300] {processor.py:830} INFO - Processing file /media/data/omar/programming course/DEPI/DEPI project/anomx/venv/lib/python3.12/site-packages/airflow/example_dags/example_complex.py for tasks to queue
[2026-06-21T21:54:57.388+0300] {logging_mixin.py:188} INFO - [2026-06-21T21:54:57.387+0300] {dagbag.py:540} INFO - Filling up the DagBag from /media/data/omar/programming course/DEPI/DEPI project/anomx/venv/lib/python3.12/site-packages/airflow/example_dags/example_complex.py
[2026-06-21T21:54:57.399+0300] {processor.py:840} INFO - DAG(s) 'example_complex' retrieved from /media/data/omar/programming course/DEPI/DEPI project/anomx/venv/lib/python3.12/site-packages/airflow/example_dags/example_complex.py
[2026-06-21T21:54:57.427+0300] {logging_mixin.py:188} INFO - [2026-06-21T21:54:57.427+0300] {dag.py:3096} INFO - Sync 1 DAGs
[2026-06-21T21:54:57.437+0300] {logging_mixin.py:188} INFO - [2026-06-21T21:54:57.436+0300] {dag.py:3954} INFO - Setting next_dagrun for example_complex to None, run_after=None
[2026-06-21T21:54:57.464+0300] {processor.py:183} INFO - Processing /media/data/omar/programming course/DEPI/DEPI project/anomx/venv/lib/python3.12/site-packages/airflow/example_dags/example_complex.py took 0.085 seconds
[2026-06-21T21:55:52.874+0300] {processor.py:161} INFO - Started process (PID=16993) to work on /media/data/omar/programming course/DEPI/DEPI project/anomx/venv/lib/python3.12/site-packages/airflow/example_dags/example_complex.py
[2026-06-21T21:55:52.876+0300] {processor.py:830} INFO - Processing file /media/data/omar/programming course/DEPI/DEPI project/anomx/venv/lib/python3.12/site-packages/airflow/example_dags/example_complex.py for tasks to queue
[2026-06-21T21:55:52.880+0300] {logging_mixin.py:188} INFO - [2026-06-21T21:55:52.879+0300] {dagbag.py:540} INFO - Filling up the DagBag from /media/data/omar/programming course/DEPI/DEPI project/anomx/venv/lib/python3.12/site-packages/airflow/example_dags/example_complex.py
[2026-06-21T21:55:52.895+0300] {processor.py:840} INFO - DAG(s) 'example_complex' retrieved from /media/data/omar/programming course/DEPI/DEPI project/anomx/venv/lib/python3.12/site-packages/airflow/example_dags/example_complex.py
[2026-06-21T21:55:52.920+0300] {logging_mixin.py:188} INFO - [2026-06-21T21:55:52.920+0300] {dag.py:3096} INFO - Sync 1 DAGs
[2026-06-21T21:55:52.930+0300] {logging_mixin.py:188} INFO - [2026-06-21T21:55:52.929+0300] {dag.py:3954} INFO - Setting next_dagrun for example_complex to None, run_after=None
[2026-06-21T21:55:52.957+0300] {processor.py:183} INFO - Processing /media/data/omar/programming course/DEPI/DEPI project/anomx/venv/lib/python3.12/site-packages/airflow/example_dags/example_complex.py took 0.097 seconds
[2026-06-21T21:56:45.023+0300] {processor.py:161} INFO - Started process (PID=17082) to work on /media/data/omar/programming course/DEPI/DEPI project/anomx/venv/lib/python3.12/site-packages/airflow/example_dags/example_complex.py
[2026-06-21T21:56:45.026+0300] {processor.py:830} INFO - Processing file /media/data/omar/programming course/DEPI/DEPI project/anomx/venv/lib/python3.12/site-packages/airflow/example_dags/example_complex.py for tasks to queue
[2026-06-21T21:56:45.030+0300] {logging_mixin.py:188} INFO - [2026-06-21T21:56:45.029+0300] {dagbag.py:540} INFO - Filling up the DagBag from /media/data/omar/programming course/DEPI/DEPI project/anomx/venv/lib/python3.12/site-packages/airflow/example_dags/example_complex.py
[2026-06-21T21:56:45.055+0300] {processor.py:840} INFO - DAG(s) 'example_complex' retrieved from /media/data/omar/programming course/DEPI/DEPI project/anomx/venv/lib/python3.12/site-packages/airflow/example_dags/example_complex.py
[2026-06-21T21:56:45.088+0300] {logging_mixin.py:188} INFO - [2026-06-21T21:56:45.087+0300] {dag.py:3096} INFO - Sync 1 DAGs
[2026-06-21T21:56:45.097+0300] {logging_mixin.py:188} INFO - [2026-06-21T21:56:45.097+0300] {dag.py:3954} INFO - Setting next_dagrun for example_complex to None, run_after=None
[2026-06-21T21:56:45.127+0300] {processor.py:183} INFO - Processing /media/data/omar/programming course/DEPI/DEPI project/anomx/venv/lib/python3.12/site-packages/airflow/example_dags/example_complex.py took 0.117 seconds
[2026-06-21T21:58:03.860+0300] {processor.py:161} INFO - Started process (PID=17208) to work on /media/data/omar/programming course/DEPI/DEPI project/anomx/venv/lib/python3.12/site-packages/airflow/example_dags/example_complex.py
[2026-06-21T21:58:03.862+0300] {processor.py:830} INFO - Processing file /media/data/omar/programming course/DEPI/DEPI project/anomx/venv/lib/python3.12/site-packages/airflow/example_dags/example_complex.py for tasks to queue
[2026-06-21T21:58:03.865+0300] {logging_mixin.py:188} INFO - [2026-06-21T21:58:03.864+0300] {dagbag.py:540} INFO - Filling up the DagBag from /media/data/omar/programming course/DEPI/DEPI project/anomx/venv/lib/python3.12/site-packages/airflow/example_dags/example_complex.py
[2026-06-21T21:58:03.880+0300] {processor.py:840} INFO - DAG(s) 'example_complex' retrieved from /media/data/omar/programming course/DEPI/DEPI project/anomx/venv/lib/python3.12/site-packages/airflow/example_dags/example_complex.py
[2026-06-21T21:58:03.904+0300] {logging_mixin.py:188} INFO - [2026-06-21T21:58:03.903+0300] {dag.py:3096} INFO - Sync 1 DAGs
[2026-06-21T21:58:03.913+0300] {logging_mixin.py:188} INFO - [2026-06-21T21:58:03.913+0300] {dag.py:3954} INFO - Setting next_dagrun for example_complex to None, run_after=None
[2026-06-21T21:58:03.940+0300] {processor.py:183} INFO - Processing /media/data/omar/programming course/DEPI/DEPI project/anomx/venv/lib/python3.12/site-packages/airflow/example_dags/example_complex.py took 0.089 seconds
[2026-06-21T21:59:01.172+0300] {processor.py:161} INFO - Started process (PID=17298) to work on /media/data/omar/programming course/DEPI/DEPI project/anomx/venv/lib/python3.12/site-packages/airflow/example_dags/example_complex.py
[2026-06-21T21:59:01.174+0300] {processor.py:830} INFO - Processing file /media/data/omar/programming course/DEPI/DEPI project/anomx/venv/lib/python3.12/site-packages/airflow/example_dags/example_complex.py for tasks to queue
[2026-06-21T21:59:01.178+0300] {logging_mixin.py:188} INFO - [2026-06-21T21:59:01.177+0300] {dagbag.py:540} INFO - Filling up the DagBag from /media/data/omar/programming course/DEPI/DEPI project/anomx/venv/lib/python3.12/site-packages/airflow/example_dags/example_complex.py
[2026-06-21T21:59:01.193+0300] {processor.py:840} INFO - DAG(s) 'example_complex' retrieved from /media/data/omar/programming course/DEPI/DEPI project/anomx/venv/lib/python3.12/site-packages/airflow/example_dags/example_complex.py
[2026-06-21T21:59:01.223+0300] {logging_mixin.py:188} INFO - [2026-06-21T21:59:01.223+0300] {dag.py:3096} INFO - Sync 1 DAGs
[2026-06-21T21:59:01.233+0300] {logging_mixin.py:188} INFO - [2026-06-21T21:59:01.233+0300] {dag.py:3954} INFO - Setting next_dagrun for example_complex to None, run_after=None
[2026-06-21T21:59:01.262+0300] {processor.py:183} INFO - Processing /media/data/omar/programming course/DEPI/DEPI project/anomx/venv/lib/python3.12/site-packages/airflow/example_dags/example_complex.py took 0.107 seconds
[2026-06-21T21:59:58.778+0300] {processor.py:161} INFO - Started process (PID=17390) to work on /media/data/omar/programming course/DEPI/DEPI project/anomx/venv/lib/python3.12/site-packages/airflow/example_dags/example_complex.py
[2026-06-21T21:59:58.780+0300] {processor.py:830} INFO - Processing file /media/data/omar/programming course/DEPI/DEPI project/anomx/venv/lib/python3.12/site-packages/airflow/example_dags/example_complex.py for tasks to queue
[2026-06-21T21:59:58.784+0300] {logging_mixin.py:188} INFO - [2026-06-21T21:59:58.783+0300] {dagbag.py:540} INFO - Filling up the DagBag from /media/data/omar/programming course/DEPI/DEPI project/anomx/venv/lib/python3.12/site-packages/airflow/example_dags/example_complex.py
[2026-06-21T21:59:58.805+0300] {processor.py:840} INFO - DAG(s) 'example_complex' retrieved from /media/data/omar/programming course/DEPI/DEPI project/anomx/venv/lib/python3.12/site-packages/airflow/example_dags/example_complex.py
[2026-06-21T21:59:58.835+0300] {logging_mixin.py:188} INFO - [2026-06-21T21:59:58.835+0300] {dag.py:3096} INFO - Sync 1 DAGs
[2026-06-21T21:59:58.845+0300] {logging_mixin.py:188} INFO - [2026-06-21T21:59:58.845+0300] {dag.py:3954} INFO - Setting next_dagrun for example_complex to None, run_after=None
[2026-06-21T21:59:58.871+0300] {processor.py:183} INFO - Processing /media/data/omar/programming course/DEPI/DEPI project/anomx/venv/lib/python3.12/site-packages/airflow/example_dags/example_complex.py took 0.112 seconds
[2026-06-21T22:00:56.228+0300] {processor.py:161} INFO - Started process (PID=17487) to work on /media/data/omar/programming course/DEPI/DEPI project/anomx/venv/lib/python3.12/site-packages/airflow/example_dags/example_complex.py
[2026-06-21T22:00:56.230+0300] {processor.py:830} INFO - Processing file /media/data/omar/programming course/DEPI/DEPI project/anomx/venv/lib/python3.12/site-packages/airflow/example_dags/example_complex.py for tasks to queue
[2026-06-21T22:00:56.233+0300] {logging_mixin.py:188} INFO - [2026-06-21T22:00:56.232+0300] {dagbag.py:540} INFO - Filling up the DagBag from /media/data/omar/programming course/DEPI/DEPI project/anomx/venv/lib/python3.12/site-packages/airflow/example_dags/example_complex.py
[2026-06-21T22:00:56.250+0300] {processor.py:840} INFO - DAG(s) 'example_complex' retrieved from /media/data/omar/programming course/DEPI/DEPI project/anomx/venv/lib/python3.12/site-packages/airflow/example_dags/example_complex.py
[2026-06-21T22:00:56.276+0300] {logging_mixin.py:188} INFO - [2026-06-21T22:00:56.276+0300] {dag.py:3096} INFO - Sync 1 DAGs
[2026-06-21T22:00:56.286+0300] {logging_mixin.py:188} INFO - [2026-06-21T22:00:56.285+0300] {dag.py:3954} INFO - Setting next_dagrun for example_complex to None, run_after=None
[2026-06-21T22:00:56.314+0300] {processor.py:183} INFO - Processing /media/data/omar/programming course/DEPI/DEPI project/anomx/venv/lib/python3.12/site-packages/airflow/example_dags/example_complex.py took 0.097 seconds
[2026-06-21T22:01:54.811+0300] {processor.py:161} INFO - Started process (PID=17579) to work on /media/data/omar/programming course/DEPI/DEPI project/anomx/venv/lib/python3.12/site-packages/airflow/example_dags/example_complex.py
[2026-06-21T22:01:54.813+0300] {processor.py:830} INFO - Processing file /media/data/omar/programming course/DEPI/DEPI project/anomx/venv/lib/python3.12/site-packages/airflow/example_dags/example_complex.py for tasks to queue
[2026-06-21T22:01:54.817+0300] {logging_mixin.py:188} INFO - [2026-06-21T22:01:54.816+0300] {dagbag.py:540} INFO - Filling up the DagBag from /media/data/omar/programming course/DEPI/DEPI project/anomx/venv/lib/python3.12/site-packages/airflow/example_dags/example_complex.py
[2026-06-21T22:01:54.843+0300] {processor.py:840} INFO - DAG(s) 'example_complex' retrieved from /media/data/omar/programming course/DEPI/DEPI project/anomx/venv/lib/python3.12/site-packages/airflow/example_dags/example_complex.py
[2026-06-21T22:01:54.874+0300] {logging_mixin.py:188} INFO - [2026-06-21T22:01:54.873+0300] {dag.py:3096} INFO - Sync 1 DAGs
[2026-06-21T22:01:54.884+0300] {logging_mixin.py:188} INFO - [2026-06-21T22:01:54.883+0300] {dag.py:3954} INFO - Setting next_dagrun for example_complex to None, run_after=None
[2026-06-21T22:01:54.913+0300] {processor.py:183} INFO - Processing /media/data/omar/programming course/DEPI/DEPI project/anomx/venv/lib/python3.12/site-packages/airflow/example_dags/example_complex.py took 0.117 seconds
[2026-06-21T22:02:52.433+0300] {processor.py:161} INFO - Started process (PID=17726) to work on /media/data/omar/programming course/DEPI/DEPI project/anomx/venv/lib/python3.12/site-packages/airflow/example_dags/example_complex.py
[2026-06-21T22:02:52.435+0300] {processor.py:830} INFO - Processing file /media/data/omar/programming course/DEPI/DEPI project/anomx/venv/lib/python3.12/site-packages/airflow/example_dags/example_complex.py for tasks to queue
[2026-06-21T22:02:52.438+0300] {logging_mixin.py:188} INFO - [2026-06-21T22:02:52.437+0300] {dagbag.py:540} INFO - Filling up the DagBag from /media/data/omar/programming course/DEPI/DEPI project/anomx/venv/lib/python3.12/site-packages/airflow/example_dags/example_complex.py
[2026-06-21T22:02:52.452+0300] {processor.py:840} INFO - DAG(s) 'example_complex' retrieved from /media/data/omar/programming course/DEPI/DEPI project/anomx/venv/lib/python3.12/site-packages/airflow/example_dags/example_complex.py
[2026-06-21T22:02:52.476+0300] {logging_mixin.py:188} INFO - [2026-06-21T22:02:52.475+0300] {dag.py:3096} INFO - Sync 1 DAGs
[2026-06-21T22:02:52.486+0300] {logging_mixin.py:188} INFO - [2026-06-21T22:02:52.485+0300] {dag.py:3954} INFO - Setting next_dagrun for example_complex to None, run_after=None
[2026-06-21T22:02:52.514+0300] {processor.py:183} INFO - Processing /media/data/omar/programming course/DEPI/DEPI project/anomx/venv/lib/python3.12/site-packages/airflow/example_dags/example_complex.py took 0.097 seconds
[2026-06-21T22:03:48.028+0300] {processor.py:161} INFO - Started process (PID=17818) to work on /media/data/omar/programming course/DEPI/DEPI project/anomx/venv/lib/python3.12/site-packages/airflow/example_dags/example_complex.py
[2026-06-21T22:03:48.031+0300] {processor.py:830} INFO - Processing file /media/data/omar/programming course/DEPI/DEPI project/anomx/venv/lib/python3.12/site-packages/airflow/example_dags/example_complex.py for tasks to queue
[2026-06-21T22:03:48.038+0300] {logging_mixin.py:188} INFO - [2026-06-21T22:03:48.036+0300] {dagbag.py:540} INFO - Filling up the DagBag from /media/data/omar/programming course/DEPI/DEPI project/anomx/venv/lib/python3.12/site-packages/airflow/example_dags/example_complex.py
[2026-06-21T22:03:48.067+0300] {processor.py:840} INFO - DAG(s) 'example_complex' retrieved from /media/data/omar/programming course/DEPI/DEPI project/anomx/venv/lib/python3.12/site-packages/airflow/example_dags/example_complex.py
[2026-06-21T22:03:48.094+0300] {logging_mixin.py:188} INFO - [2026-06-21T22:03:48.093+0300] {dag.py:3096} INFO - Sync 1 DAGs
[2026-06-21T22:03:48.104+0300] {logging_mixin.py:188} INFO - [2026-06-21T22:03:48.104+0300] {dag.py:3954} INFO - Setting next_dagrun for example_complex to None, run_after=None
[2026-06-21T22:03:48.139+0300] {processor.py:183} INFO - Processing /media/data/omar/programming course/DEPI/DEPI project/anomx/venv/lib/python3.12/site-packages/airflow/example_dags/example_complex.py took 0.132 seconds
[2026-06-21T22:05:07.583+0300] {processor.py:161} INFO - Started process (PID=17958) to work on /media/data/omar/programming course/DEPI/DEPI project/anomx/venv/lib/python3.12/site-packages/airflow/example_dags/example_complex.py
[2026-06-21T22:05:07.584+0300] {processor.py:830} INFO - Processing file /media/data/omar/programming course/DEPI/DEPI project/anomx/venv/lib/python3.12/site-packages/airflow/example_dags/example_complex.py for tasks to queue
[2026-06-21T22:05:07.586+0300] {logging_mixin.py:188} INFO - [2026-06-21T22:05:07.585+0300] {dagbag.py:540} INFO - Filling up the DagBag from /media/data/omar/programming course/DEPI/DEPI project/anomx/venv/lib/python3.12/site-packages/airflow/example_dags/example_complex.py
[2026-06-21T22:05:07.598+0300] {processor.py:840} INFO - DAG(s) 'example_complex' retrieved from /media/data/omar/programming course/DEPI/DEPI project/anomx/venv/lib/python3.12/site-packages/airflow/example_dags/example_complex.py
[2026-06-21T22:05:07.623+0300] {logging_mixin.py:188} INFO - [2026-06-21T22:05:07.623+0300] {dag.py:3096} INFO - Sync 1 DAGs
[2026-06-21T22:05:07.633+0300] {logging_mixin.py:188} INFO - [2026-06-21T22:05:07.632+0300] {dag.py:3954} INFO - Setting next_dagrun for example_complex to None, run_after=None
[2026-06-21T22:05:07.658+0300] {processor.py:183} INFO - Processing /media/data/omar/programming course/DEPI/DEPI project/anomx/venv/lib/python3.12/site-packages/airflow/example_dags/example_complex.py took 0.082 seconds
[2026-06-21T22:06:04.724+0300] {processor.py:161} INFO - Started process (PID=18050) to work on /media/data/omar/programming course/DEPI/DEPI project/anomx/venv/lib/python3.12/site-packages/airflow/example_dags/example_complex.py
[2026-06-21T22:06:04.726+0300] {processor.py:830} INFO - Processing file /media/data/omar/programming course/DEPI/DEPI project/anomx/venv/lib/python3.12/site-packages/airflow/example_dags/example_complex.py for tasks to queue
[2026-06-21T22:06:04.730+0300] {logging_mixin.py:188} INFO - [2026-06-21T22:06:04.729+0300] {dagbag.py:540} INFO - Filling up the DagBag from /media/data/omar/programming course/DEPI/DEPI project/anomx/venv/lib/python3.12/site-packages/airflow/example_dags/example_complex.py
[2026-06-21T22:06:04.745+0300] {processor.py:840} INFO - DAG(s) 'example_complex' retrieved from /media/data/omar/programming course/DEPI/DEPI project/anomx/venv/lib/python3.12/site-packages/airflow/example_dags/example_complex.py
[2026-06-21T22:06:04.769+0300] {logging_mixin.py:188} INFO - [2026-06-21T22:06:04.769+0300] {dag.py:3096} INFO - Sync 1 DAGs
[2026-06-21T22:06:04.780+0300] {logging_mixin.py:188} INFO - [2026-06-21T22:06:04.779+0300] {dag.py:3954} INFO - Setting next_dagrun for example_complex to None, run_after=None
[2026-06-21T22:06:04.807+0300] {processor.py:183} INFO - Processing /media/data/omar/programming course/DEPI/DEPI project/anomx/venv/lib/python3.12/site-packages/airflow/example_dags/example_complex.py took 0.101 seconds
[2026-06-21T22:07:01.459+0300] {processor.py:161} INFO - Started process (PID=18141) to work on /media/data/omar/programming course/DEPI/DEPI project/anomx/venv/lib/python3.12/site-packages/airflow/example_dags/example_complex.py
[2026-06-21T22:07:01.460+0300] {processor.py:830} INFO - Processing file /media/data/omar/programming course/DEPI/DEPI project/anomx/venv/lib/python3.12/site-packages/airflow/example_dags/example_complex.py for tasks to queue
[2026-06-21T22:07:01.463+0300] {logging_mixin.py:188} INFO - [2026-06-21T22:07:01.462+0300] {dagbag.py:540} INFO - Filling up the DagBag from /media/data/omar/programming course/DEPI/DEPI project/anomx/venv/lib/python3.12/site-packages/airflow/example_dags/example_complex.py
[2026-06-21T22:07:01.475+0300] {processor.py:840} INFO - DAG(s) 'example_complex' retrieved from /media/data/omar/programming course/DEPI/DEPI project/anomx/venv/lib/python3.12/site-packages/airflow/example_dags/example_complex.py
[2026-06-21T22:07:01.502+0300] {logging_mixin.py:188} INFO - [2026-06-21T22:07:01.502+0300] {dag.py:3096} INFO - Sync 1 DAGs
[2026-06-21T22:07:01.512+0300] {logging_mixin.py:188} INFO - [2026-06-21T22:07:01.512+0300] {dag.py:3954} INFO - Setting next_dagrun for example_complex to None, run_after=None
[2026-06-21T22:07:01.538+0300] {processor.py:183} INFO - Processing /media/data/omar/programming course/DEPI/DEPI project/anomx/venv/lib/python3.12/site-packages/airflow/example_dags/example_complex.py took 0.088 seconds
[2026-06-21T22:07:59.818+0300] {processor.py:161} INFO - Started process (PID=18232) to work on /media/data/omar/programming course/DEPI/DEPI project/anomx/venv/lib/python3.12/site-packages/airflow/example_dags/example_complex.py
[2026-06-21T22:07:59.821+0300] {processor.py:830} INFO - Processing file /media/data/omar/programming course/DEPI/DEPI project/anomx/venv/lib/python3.12/site-packages/airflow/example_dags/example_complex.py for tasks to queue
[2026-06-21T22:07:59.825+0300] {logging_mixin.py:188} INFO - [2026-06-21T22:07:59.824+0300] {dagbag.py:540} INFO - Filling up the DagBag from /media/data/omar/programming course/DEPI/DEPI project/anomx/venv/lib/python3.12/site-packages/airflow/example_dags/example_complex.py
[2026-06-21T22:07:59.844+0300] {processor.py:840} INFO - DAG(s) 'example_complex' retrieved from /media/data/omar/programming course/DEPI/DEPI project/anomx/venv/lib/python3.12/site-packages/airflow/example_dags/example_complex.py
[2026-06-21T22:07:59.877+0300] {logging_mixin.py:188} INFO - [2026-06-21T22:07:59.877+0300] {dag.py:3096} INFO - Sync 1 DAGs
[2026-06-21T22:07:59.887+0300] {logging_mixin.py:188} INFO - [2026-06-21T22:07:59.886+0300] {dag.py:3954} INFO - Setting next_dagrun for example_complex to None, run_after=None
[2026-06-21T22:07:59.916+0300] {processor.py:183} INFO - Processing /media/data/omar/programming course/DEPI/DEPI project/anomx/venv/lib/python3.12/site-packages/airflow/example_dags/example_complex.py took 0.116 seconds
[2026-06-21T22:08:57.897+0300] {processor.py:161} INFO - Started process (PID=18314) to work on /media/data/omar/programming course/DEPI/DEPI project/anomx/venv/lib/python3.12/site-packages/airflow/example_dags/example_complex.py
[2026-06-21T22:08:57.899+0300] {processor.py:830} INFO - Processing file /media/data/omar/programming course/DEPI/DEPI project/anomx/venv/lib/python3.12/site-packages/airflow/example_dags/example_complex.py for tasks to queue
[2026-06-21T22:08:57.902+0300] {logging_mixin.py:188} INFO - [2026-06-21T22:08:57.901+0300] {dagbag.py:540} INFO - Filling up the DagBag from /media/data/omar/programming course/DEPI/DEPI project/anomx/venv/lib/python3.12/site-packages/airflow/example_dags/example_complex.py
[2026-06-21T22:08:57.916+0300] {processor.py:840} INFO - DAG(s) 'example_complex' retrieved from /media/data/omar/programming course/DEPI/DEPI project/anomx/venv/lib/python3.12/site-packages/airflow/example_dags/example_complex.py
[2026-06-21T22:08:57.940+0300] {logging_mixin.py:188} INFO - [2026-06-21T22:08:57.939+0300] {dag.py:3096} INFO - Sync 1 DAGs
[2026-06-21T22:08:57.949+0300] {logging_mixin.py:188} INFO - [2026-06-21T22:08:57.949+0300] {dag.py:3954} INFO - Setting next_dagrun for example_complex to None, run_after=None
[2026-06-21T22:08:57.983+0300] {processor.py:183} INFO - Processing /media/data/omar/programming course/DEPI/DEPI project/anomx/venv/lib/python3.12/site-packages/airflow/example_dags/example_complex.py took 0.100 seconds
[2026-06-21T22:09:56.750+0300] {processor.py:161} INFO - Started process (PID=18563) to work on /media/data/omar/programming course/DEPI/DEPI project/anomx/venv/lib/python3.12/site-packages/airflow/example_dags/example_complex.py
[2026-06-21T22:09:56.753+0300] {processor.py:830} INFO - Processing file /media/data/omar/programming course/DEPI/DEPI project/anomx/venv/lib/python3.12/site-packages/airflow/example_dags/example_complex.py for tasks to queue
[2026-06-21T22:09:56.761+0300] {logging_mixin.py:188} INFO - [2026-06-21T22:09:56.759+0300] {dagbag.py:540} INFO - Filling up the DagBag from /media/data/omar/programming course/DEPI/DEPI project/anomx/venv/lib/python3.12/site-packages/airflow/example_dags/example_complex.py
[2026-06-21T22:09:56.789+0300] {processor.py:840} INFO - DAG(s) 'example_complex' retrieved from /media/data/omar/programming course/DEPI/DEPI project/anomx/venv/lib/python3.12/site-packages/airflow/example_dags/example_complex.py
[2026-06-21T22:09:56.843+0300] {logging_mixin.py:188} INFO - [2026-06-21T22:09:56.842+0300] {dag.py:3096} INFO - Sync 1 DAGs
[2026-06-21T22:09:56.869+0300] {logging_mixin.py:188} INFO - [2026-06-21T22:09:56.868+0300] {dag.py:3954} INFO - Setting next_dagrun for example_complex to None, run_after=None
[2026-06-21T22:09:57.035+0300] {processor.py:183} INFO - Processing /media/data/omar/programming course/DEPI/DEPI project/anomx/venv/lib/python3.12/site-packages/airflow/example_dags/example_complex.py took 0.304 seconds
[2026-06-21T22:11:10.656+0300] {processor.py:161} INFO - Started process (PID=18789) to work on /media/data/omar/programming course/DEPI/DEPI project/anomx/venv/lib/python3.12/site-packages/airflow/example_dags/example_complex.py
[2026-06-21T22:11:10.657+0300] {processor.py:830} INFO - Processing file /media/data/omar/programming course/DEPI/DEPI project/anomx/venv/lib/python3.12/site-packages/airflow/example_dags/example_complex.py for tasks to queue
[2026-06-21T22:11:10.658+0300] {logging_mixin.py:188} INFO - [2026-06-21T22:11:10.658+0300] {dagbag.py:540} INFO - Filling up the DagBag from /media/data/omar/programming course/DEPI/DEPI project/anomx/venv/lib/python3.12/site-packages/airflow/example_dags/example_complex.py
[2026-06-21T22:11:10.669+0300] {processor.py:840} INFO - DAG(s) 'example_complex' retrieved from /media/data/omar/programming course/DEPI/DEPI project/anomx/venv/lib/python3.12/site-packages/airflow/example_dags/example_complex.py
[2026-06-21T22:11:10.695+0300] {logging_mixin.py:188} INFO - [2026-06-21T22:11:10.694+0300] {dag.py:3096} INFO - Sync 1 DAGs
[2026-06-21T22:11:10.704+0300] {logging_mixin.py:188} INFO - [2026-06-21T22:11:10.704+0300] {dag.py:3954} INFO - Setting next_dagrun for example_complex to None, run_after=None
[2026-06-21T22:11:10.732+0300] {processor.py:183} INFO - Processing /media/data/omar/programming course/DEPI/DEPI project/anomx/venv/lib/python3.12/site-packages/airflow/example_dags/example_complex.py took 0.082 seconds
[2026-06-21T22:12:25.707+0300] {processor.py:161} INFO - Started process (PID=18930) to work on /media/data/omar/programming course/DEPI/DEPI project/anomx/venv/lib/python3.12/site-packages/airflow/example_dags/example_complex.py
[2026-06-21T22:12:25.708+0300] {processor.py:830} INFO - Processing file /media/data/omar/programming course/DEPI/DEPI project/anomx/venv/lib/python3.12/site-packages/airflow/example_dags/example_complex.py for tasks to queue
[2026-06-21T22:12:25.710+0300] {logging_mixin.py:188} INFO - [2026-06-21T22:12:25.710+0300] {dagbag.py:540} INFO - Filling up the DagBag from /media/data/omar/programming course/DEPI/DEPI project/anomx/venv/lib/python3.12/site-packages/airflow/example_dags/example_complex.py
[2026-06-21T22:12:25.723+0300] {processor.py:840} INFO - DAG(s) 'example_complex' retrieved from /media/data/omar/programming course/DEPI/DEPI project/anomx/venv/lib/python3.12/site-packages/airflow/example_dags/example_complex.py
[2026-06-21T22:12:25.749+0300] {logging_mixin.py:188} INFO - [2026-06-21T22:12:25.748+0300] {dag.py:3096} INFO - Sync 1 DAGs
[2026-06-21T22:12:25.759+0300] {logging_mixin.py:188} INFO - [2026-06-21T22:12:25.759+0300] {dag.py:3954} INFO - Setting next_dagrun for example_complex to None, run_after=None
[2026-06-21T22:12:25.788+0300] {processor.py:183} INFO - Processing /media/data/omar/programming course/DEPI/DEPI project/anomx/venv/lib/python3.12/site-packages/airflow/example_dags/example_complex.py took 0.092 seconds
[2026-06-21T22:14:09.361+0300] {processor.py:161} INFO - Started process (PID=19147) to work on /media/data/omar/programming course/DEPI/DEPI project/anomx/venv/lib/python3.12/site-packages/airflow/example_dags/example_complex.py
[2026-06-21T22:14:09.362+0300] {processor.py:830} INFO - Processing file /media/data/omar/programming course/DEPI/DEPI project/anomx/venv/lib/python3.12/site-packages/airflow/example_dags/example_complex.py for tasks to queue
[2026-06-21T22:14:09.364+0300] {logging_mixin.py:188} INFO - [2026-06-21T22:14:09.363+0300] {dagbag.py:540} INFO - Filling up the DagBag from /media/data/omar/programming course/DEPI/DEPI project/anomx/venv/lib/python3.12/site-packages/airflow/example_dags/example_complex.py
[2026-06-21T22:14:09.374+0300] {processor.py:840} INFO - DAG(s) 'example_complex' retrieved from /media/data/omar/programming course/DEPI/DEPI project/anomx/venv/lib/python3.12/site-packages/airflow/example_dags/example_complex.py
[2026-06-21T22:14:09.400+0300] {logging_mixin.py:188} INFO - [2026-06-21T22:14:09.400+0300] {dag.py:3096} INFO - Sync 1 DAGs
[2026-06-21T22:14:09.411+0300] {logging_mixin.py:188} INFO - [2026-06-21T22:14:09.410+0300] {dag.py:3954} INFO - Setting next_dagrun for example_complex to None, run_after=None
[2026-06-21T22:14:09.442+0300] {processor.py:183} INFO - Processing /media/data/omar/programming course/DEPI/DEPI project/anomx/venv/lib/python3.12/site-packages/airflow/example_dags/example_complex.py took 0.088 seconds
[2026-06-21T22:15:07.796+0300] {processor.py:161} INFO - Started process (PID=19257) to work on /media/data/omar/programming course/DEPI/DEPI project/anomx/venv/lib/python3.12/site-packages/airflow/example_dags/example_complex.py
[2026-06-21T22:15:07.798+0300] {processor.py:830} INFO - Processing file /media/data/omar/programming course/DEPI/DEPI project/anomx/venv/lib/python3.12/site-packages/airflow/example_dags/example_complex.py for tasks to queue
[2026-06-21T22:15:07.801+0300] {logging_mixin.py:188} INFO - [2026-06-21T22:15:07.801+0300] {dagbag.py:540} INFO - Filling up the DagBag from /media/data/omar/programming course/DEPI/DEPI project/anomx/venv/lib/python3.12/site-packages/airflow/example_dags/example_complex.py
[2026-06-21T22:15:07.819+0300] {processor.py:840} INFO - DAG(s) 'example_complex' retrieved from /media/data/omar/programming course/DEPI/DEPI project/anomx/venv/lib/python3.12/site-packages/airflow/example_dags/example_complex.py
[2026-06-21T22:15:07.847+0300] {logging_mixin.py:188} INFO - [2026-06-21T22:15:07.846+0300] {dag.py:3096} INFO - Sync 1 DAGs
[2026-06-21T22:15:07.858+0300] {logging_mixin.py:188} INFO - [2026-06-21T22:15:07.858+0300] {dag.py:3954} INFO - Setting next_dagrun for example_complex to None, run_after=None
[2026-06-21T22:15:07.886+0300] {processor.py:183} INFO - Processing /media/data/omar/programming course/DEPI/DEPI project/anomx/venv/lib/python3.12/site-packages/airflow/example_dags/example_complex.py took 0.100 seconds
[2026-06-21T22:16:04.501+0300] {processor.py:161} INFO - Started process (PID=19620) to work on /media/data/omar/programming course/DEPI/DEPI project/anomx/venv/lib/python3.12/site-packages/airflow/example_dags/example_complex.py
[2026-06-21T22:16:04.502+0300] {processor.py:830} INFO - Processing file /media/data/omar/programming course/DEPI/DEPI project/anomx/venv/lib/python3.12/site-packages/airflow/example_dags/example_complex.py for tasks to queue
[2026-06-21T22:16:04.504+0300] {logging_mixin.py:188} INFO - [2026-06-21T22:16:04.504+0300] {dagbag.py:540} INFO - Filling up the DagBag from /media/data/omar/programming course/DEPI/DEPI project/anomx/venv/lib/python3.12/site-packages/airflow/example_dags/example_complex.py
[2026-06-21T22:16:04.515+0300] {processor.py:840} INFO - DAG(s) 'example_complex' retrieved from /media/data/omar/programming course/DEPI/DEPI project/anomx/venv/lib/python3.12/site-packages/airflow/example_dags/example_complex.py
[2026-06-21T22:16:04.540+0300] {logging_mixin.py:188} INFO - [2026-06-21T22:16:04.539+0300] {dag.py:3096} INFO - Sync 1 DAGs
[2026-06-21T22:16:04.550+0300] {logging_mixin.py:188} INFO - [2026-06-21T22:16:04.550+0300] {dag.py:3954} INFO - Setting next_dagrun for example_complex to None, run_after=None
[2026-06-21T22:16:04.577+0300] {processor.py:183} INFO - Processing /media/data/omar/programming course/DEPI/DEPI project/anomx/venv/lib/python3.12/site-packages/airflow/example_dags/example_complex.py took 0.085 seconds
[2026-06-21T22:17:02.781+0300] {processor.py:161} INFO - Started process (PID=19757) to work on /media/data/omar/programming course/DEPI/DEPI project/anomx/venv/lib/python3.12/site-packages/airflow/example_dags/example_complex.py
[2026-06-21T22:17:02.785+0300] {processor.py:830} INFO - Processing file /media/data/omar/programming course/DEPI/DEPI project/anomx/venv/lib/python3.12/site-packages/airflow/example_dags/example_complex.py for tasks to queue
[2026-06-21T22:17:02.792+0300] {logging_mixin.py:188} INFO - [2026-06-21T22:17:02.791+0300] {dagbag.py:540} INFO - Filling up the DagBag from /media/data/omar/programming course/DEPI/DEPI project/anomx/venv/lib/python3.12/site-packages/airflow/example_dags/example_complex.py
[2026-06-21T22:17:02.820+0300] {processor.py:840} INFO - DAG(s) 'example_complex' retrieved from /media/data/omar/programming course/DEPI/DEPI project/anomx/venv/lib/python3.12/site-packages/airflow/example_dags/example_complex.py
[2026-06-21T22:17:02.889+0300] {logging_mixin.py:188} INFO - [2026-06-21T22:17:02.885+0300] {dag.py:3096} INFO - Sync 1 DAGs
[2026-06-21T22:17:02.918+0300] {logging_mixin.py:188} INFO - [2026-06-21T22:17:02.916+0300] {dag.py:3954} INFO - Setting next_dagrun for example_complex to None, run_after=None
[2026-06-21T22:17:03.033+0300] {processor.py:183} INFO - Processing /media/data/omar/programming course/DEPI/DEPI project/anomx/venv/lib/python3.12/site-packages/airflow/example_dags/example_complex.py took 0.266 seconds
[2026-06-21T22:18:02.854+0300] {processor.py:161} INFO - Started process (PID=19923) to work on /media/data/omar/programming course/DEPI/DEPI project/anomx/venv/lib/python3.12/site-packages/airflow/example_dags/example_complex.py
[2026-06-21T22:18:02.856+0300] {processor.py:830} INFO - Processing file /media/data/omar/programming course/DEPI/DEPI project/anomx/venv/lib/python3.12/site-packages/airflow/example_dags/example_complex.py for tasks to queue
[2026-06-21T22:18:02.860+0300] {logging_mixin.py:188} INFO - [2026-06-21T22:18:02.859+0300] {dagbag.py:540} INFO - Filling up the DagBag from /media/data/omar/programming course/DEPI/DEPI project/anomx/venv/lib/python3.12/site-packages/airflow/example_dags/example_complex.py
[2026-06-21T22:18:02.874+0300] {processor.py:840} INFO - DAG(s) 'example_complex' retrieved from /media/data/omar/programming course/DEPI/DEPI project/anomx/venv/lib/python3.12/site-packages/airflow/example_dags/example_complex.py
[2026-06-21T22:18:02.899+0300] {logging_mixin.py:188} INFO - [2026-06-21T22:18:02.899+0300] {dag.py:3096} INFO - Sync 1 DAGs
[2026-06-21T22:18:02.910+0300] {logging_mixin.py:188} INFO - [2026-06-21T22:18:02.910+0300] {dag.py:3954} INFO - Setting next_dagrun for example_complex to None, run_after=None
[2026-06-21T22:18:02.938+0300] {processor.py:183} INFO - Processing /media/data/omar/programming course/DEPI/DEPI project/anomx/venv/lib/python3.12/site-packages/airflow/example_dags/example_complex.py took 0.097 seconds
[2026-06-21T22:18:58.303+0300] {processor.py:161} INFO - Started process (PID=20013) to work on /media/data/omar/programming course/DEPI/DEPI project/anomx/venv/lib/python3.12/site-packages/airflow/example_dags/example_complex.py
[2026-06-21T22:18:58.305+0300] {processor.py:830} INFO - Processing file /media/data/omar/programming course/DEPI/DEPI project/anomx/venv/lib/python3.12/site-packages/airflow/example_dags/example_complex.py for tasks to queue
[2026-06-21T22:18:58.309+0300] {logging_mixin.py:188} INFO - [2026-06-21T22:18:58.309+0300] {dagbag.py:540} INFO - Filling up the DagBag from /media/data/omar/programming course/DEPI/DEPI project/anomx/venv/lib/python3.12/site-packages/airflow/example_dags/example_complex.py
[2026-06-21T22:18:58.321+0300] {processor.py:840} INFO - DAG(s) 'example_complex' retrieved from /media/data/omar/programming course/DEPI/DEPI project/anomx/venv/lib/python3.12/site-packages/airflow/example_dags/example_complex.py
[2026-06-21T22:18:58.352+0300] {logging_mixin.py:188} INFO - [2026-06-21T22:18:58.351+0300] {dag.py:3096} INFO - Sync 1 DAGs
[2026-06-21T22:18:58.365+0300] {logging_mixin.py:188} INFO - [2026-06-21T22:18:58.364+0300] {dag.py:3954} INFO - Setting next_dagrun for example_complex to None, run_after=None
[2026-06-21T22:18:58.462+0300] {processor.py:183} INFO - Processing /media/data/omar/programming course/DEPI/DEPI project/anomx/venv/lib/python3.12/site-packages/airflow/example_dags/example_complex.py took 0.166 seconds
[2026-06-21T22:19:55.352+0300] {processor.py:161} INFO - Started process (PID=20114) to work on /media/data/omar/programming course/DEPI/DEPI project/anomx/venv/lib/python3.12/site-packages/airflow/example_dags/example_complex.py
[2026-06-21T22:19:55.353+0300] {processor.py:830} INFO - Processing file /media/data/omar/programming course/DEPI/DEPI project/anomx/venv/lib/python3.12/site-packages/airflow/example_dags/example_complex.py for tasks to queue
[2026-06-21T22:19:55.355+0300] {logging_mixin.py:188} INFO - [2026-06-21T22:19:55.355+0300] {dagbag.py:540} INFO - Filling up the DagBag from /media/data/omar/programming course/DEPI/DEPI project/anomx/venv/lib/python3.12/site-packages/airflow/example_dags/example_complex.py
[2026-06-21T22:19:55.368+0300] {processor.py:840} INFO - DAG(s) 'example_complex' retrieved from /media/data/omar/programming course/DEPI/DEPI project/anomx/venv/lib/python3.12/site-packages/airflow/example_dags/example_complex.py
[2026-06-21T22:19:55.402+0300] {logging_mixin.py:188} INFO - [2026-06-21T22:19:55.401+0300] {dag.py:3096} INFO - Sync 1 DAGs
[2026-06-21T22:19:55.416+0300] {logging_mixin.py:188} INFO - [2026-06-21T22:19:55.416+0300] {dag.py:3954} INFO - Setting next_dagrun for example_complex to None, run_after=None
[2026-06-21T22:19:55.460+0300] {processor.py:183} INFO - Processing /media/data/omar/programming course/DEPI/DEPI project/anomx/venv/lib/python3.12/site-packages/airflow/example_dags/example_complex.py took 0.116 seconds
[2026-06-21T22:21:29.091+0300] {processor.py:161} INFO - Started process (PID=20273) to work on /media/data/omar/programming course/DEPI/DEPI project/anomx/venv/lib/python3.12/site-packages/airflow/example_dags/example_complex.py
[2026-06-21T22:21:29.093+0300] {processor.py:830} INFO - Processing file /media/data/omar/programming course/DEPI/DEPI project/anomx/venv/lib/python3.12/site-packages/airflow/example_dags/example_complex.py for tasks to queue
[2026-06-21T22:21:29.095+0300] {logging_mixin.py:188} INFO - [2026-06-21T22:21:29.094+0300] {dagbag.py:540} INFO - Filling up the DagBag from /media/data/omar/programming course/DEPI/DEPI project/anomx/venv/lib/python3.12/site-packages/airflow/example_dags/example_complex.py
[2026-06-21T22:21:29.105+0300] {processor.py:840} INFO - DAG(s) 'example_complex' retrieved from /media/data/omar/programming course/DEPI/DEPI project/anomx/venv/lib/python3.12/site-packages/airflow/example_dags/example_complex.py
[2026-06-21T22:21:29.128+0300] {logging_mixin.py:188} INFO - [2026-06-21T22:21:29.128+0300] {dag.py:3096} INFO - Sync 1 DAGs
[2026-06-21T22:21:29.137+0300] {logging_mixin.py:188} INFO - [2026-06-21T22:21:29.137+0300] {dag.py:3954} INFO - Setting next_dagrun for example_complex to None, run_after=None
[2026-06-21T22:21:29.166+0300] {processor.py:183} INFO - Processing /media/data/omar/programming course/DEPI/DEPI project/anomx/venv/lib/python3.12/site-packages/airflow/example_dags/example_complex.py took 0.082 seconds
[2026-06-21T22:23:41.395+0300] {processor.py:161} INFO - Started process (PID=20513) to work on /media/data/omar/programming course/DEPI/DEPI project/anomx/venv/lib/python3.12/site-packages/airflow/example_dags/example_complex.py
[2026-06-21T22:23:41.398+0300] {processor.py:830} INFO - Processing file /media/data/omar/programming course/DEPI/DEPI project/anomx/venv/lib/python3.12/site-packages/airflow/example_dags/example_complex.py for tasks to queue
[2026-06-21T22:23:41.405+0300] {logging_mixin.py:188} INFO - [2026-06-21T22:23:41.403+0300] {dagbag.py:540} INFO - Filling up the DagBag from /media/data/omar/programming course/DEPI/DEPI project/anomx/venv/lib/python3.12/site-packages/airflow/example_dags/example_complex.py
[2026-06-21T22:23:41.438+0300] {processor.py:840} INFO - DAG(s) 'example_complex' retrieved from /media/data/omar/programming course/DEPI/DEPI project/anomx/venv/lib/python3.12/site-packages/airflow/example_dags/example_complex.py
[2026-06-21T22:23:41.466+0300] {logging_mixin.py:188} INFO - [2026-06-21T22:23:41.466+0300] {dag.py:3096} INFO - Sync 1 DAGs
[2026-06-21T22:23:41.475+0300] {logging_mixin.py:188} INFO - [2026-06-21T22:23:41.475+0300] {dag.py:3954} INFO - Setting next_dagrun for example_complex to None, run_after=None
[2026-06-21T22:23:41.503+0300] {processor.py:183} INFO - Processing /media/data/omar/programming course/DEPI/DEPI project/anomx/venv/lib/python3.12/site-packages/airflow/example_dags/example_complex.py took 0.125 seconds
[2026-06-21T22:24:37.956+0300] {processor.py:161} INFO - Started process (PID=20689) to work on /media/data/omar/programming course/DEPI/DEPI project/anomx/venv/lib/python3.12/site-packages/airflow/example_dags/example_complex.py
[2026-06-21T22:24:37.957+0300] {processor.py:830} INFO - Processing file /media/data/omar/programming course/DEPI/DEPI project/anomx/venv/lib/python3.12/site-packages/airflow/example_dags/example_complex.py for tasks to queue
[2026-06-21T22:24:37.962+0300] {logging_mixin.py:188} INFO - [2026-06-21T22:24:37.961+0300] {dagbag.py:540} INFO - Filling up the DagBag from /media/data/omar/programming course/DEPI/DEPI project/anomx/venv/lib/python3.12/site-packages/airflow/example_dags/example_complex.py
[2026-06-21T22:24:37.980+0300] {processor.py:840} INFO - DAG(s) 'example_complex' retrieved from /media/data/omar/programming course/DEPI/DEPI project/anomx/venv/lib/python3.12/site-packages/airflow/example_dags/example_complex.py
[2026-06-21T22:24:38.025+0300] {logging_mixin.py:188} INFO - [2026-06-21T22:24:38.025+0300] {dag.py:3096} INFO - Sync 1 DAGs
[2026-06-21T22:24:38.042+0300] {logging_mixin.py:188} INFO - [2026-06-21T22:24:38.042+0300] {dag.py:3954} INFO - Setting next_dagrun for example_complex to None, run_after=None
[2026-06-21T22:24:38.096+0300] {processor.py:183} INFO - Processing /media/data/omar/programming course/DEPI/DEPI project/anomx/venv/lib/python3.12/site-packages/airflow/example_dags/example_complex.py took 0.151 seconds
[2026-06-21T22:48:28.417+0300] {processor.py:161} INFO - Started process (PID=22173) to work on /media/data/omar/programming course/DEPI/DEPI project/anomx/venv/lib/python3.12/site-packages/airflow/example_dags/example_complex.py
[2026-06-21T22:48:28.418+0300] {processor.py:830} INFO - Processing file /media/data/omar/programming course/DEPI/DEPI project/anomx/venv/lib/python3.12/site-packages/airflow/example_dags/example_complex.py for tasks to queue
[2026-06-21T22:48:28.420+0300] {logging_mixin.py:188} INFO - [2026-06-21T22:48:28.420+0300] {dagbag.py:540} INFO - Filling up the DagBag from /media/data/omar/programming course/DEPI/DEPI project/anomx/venv/lib/python3.12/site-packages/airflow/example_dags/example_complex.py
[2026-06-21T22:48:28.432+0300] {processor.py:840} INFO - DAG(s) 'example_complex' retrieved from /media/data/omar/programming course/DEPI/DEPI project/anomx/venv/lib/python3.12/site-packages/airflow/example_dags/example_complex.py
[2026-06-21T22:48:28.459+0300] {logging_mixin.py:188} INFO - [2026-06-21T22:48:28.458+0300] {dag.py:3096} INFO - Sync 1 DAGs
[2026-06-21T22:48:28.470+0300] {logging_mixin.py:188} INFO - [2026-06-21T22:48:28.469+0300] {dag.py:3118} INFO - Creating ORM DAG for example_complex
[2026-06-21T22:48:28.471+0300] {logging_mixin.py:188} INFO - [2026-06-21T22:48:28.470+0300] {dag.py:3954} INFO - Setting next_dagrun for example_complex to None, run_after=None
[2026-06-21T22:48:28.500+0300] {processor.py:183} INFO - Processing /media/data/omar/programming course/DEPI/DEPI project/anomx/venv/lib/python3.12/site-packages/airflow/example_dags/example_complex.py took 0.094 seconds
[2026-06-21T22:49:26.667+0300] {processor.py:161} INFO - Started process (PID=22255) to work on /media/data/omar/programming course/DEPI/DEPI project/anomx/venv/lib/python3.12/site-packages/airflow/example_dags/example_complex.py
[2026-06-21T22:49:26.669+0300] {processor.py:830} INFO - Processing file /media/data/omar/programming course/DEPI/DEPI project/anomx/venv/lib/python3.12/site-packages/airflow/example_dags/example_complex.py for tasks to queue
[2026-06-21T22:49:26.672+0300] {logging_mixin.py:188} INFO - [2026-06-21T22:49:26.671+0300] {dagbag.py:540} INFO - Filling up the DagBag from /media/data/omar/programming course/DEPI/DEPI project/anomx/venv/lib/python3.12/site-packages/airflow/example_dags/example_complex.py
[2026-06-21T22:49:26.690+0300] {processor.py:840} INFO - DAG(s) 'example_complex' retrieved from /media/data/omar/programming course/DEPI/DEPI project/anomx/venv/lib/python3.12/site-packages/airflow/example_dags/example_complex.py
[2026-06-21T22:49:26.717+0300] {logging_mixin.py:188} INFO - [2026-06-21T22:49:26.716+0300] {dag.py:3096} INFO - Sync 1 DAGs
[2026-06-21T22:49:26.726+0300] {logging_mixin.py:188} INFO - [2026-06-21T22:49:26.725+0300] {dag.py:3954} INFO - Setting next_dagrun for example_complex to None, run_after=None
[2026-06-21T22:49:26.752+0300] {processor.py:183} INFO - Processing /media/data/omar/programming course/DEPI/DEPI project/anomx/venv/lib/python3.12/site-packages/airflow/example_dags/example_complex.py took 0.094 seconds
[2026-06-21T22:50:25.533+0300] {processor.py:161} INFO - Started process (PID=22391) to work on /media/data/omar/programming course/DEPI/DEPI project/anomx/venv/lib/python3.12/site-packages/airflow/example_dags/example_complex.py
[2026-06-21T22:50:25.534+0300] {processor.py:830} INFO - Processing file /media/data/omar/programming course/DEPI/DEPI project/anomx/venv/lib/python3.12/site-packages/airflow/example_dags/example_complex.py for tasks to queue
[2026-06-21T22:50:25.537+0300] {logging_mixin.py:188} INFO - [2026-06-21T22:50:25.537+0300] {dagbag.py:540} INFO - Filling up the DagBag from /media/data/omar/programming course/DEPI/DEPI project/anomx/venv/lib/python3.12/site-packages/airflow/example_dags/example_complex.py
[2026-06-21T22:50:25.550+0300] {processor.py:840} INFO - DAG(s) 'example_complex' retrieved from /media/data/omar/programming course/DEPI/DEPI project/anomx/venv/lib/python3.12/site-packages/airflow/example_dags/example_complex.py
[2026-06-21T22:50:25.573+0300] {logging_mixin.py:188} INFO - [2026-06-21T22:50:25.573+0300] {dag.py:3096} INFO - Sync 1 DAGs
[2026-06-21T22:50:25.582+0300] {logging_mixin.py:188} INFO - [2026-06-21T22:50:25.582+0300] {dag.py:3954} INFO - Setting next_dagrun for example_complex to None, run_after=None
[2026-06-21T22:50:25.623+0300] {processor.py:183} INFO - Processing /media/data/omar/programming course/DEPI/DEPI project/anomx/venv/lib/python3.12/site-packages/airflow/example_dags/example_complex.py took 0.102 seconds
