[2026-06-21T21:39:18.725+0300] {processor.py:161} INFO - Started process (PID=15123) to work on /media/data/omar/programming course/DEPI/DEPI project/anomx/venv/lib/python3.12/site-packages/airflow/example_dags/example_latest_only.py
[2026-06-21T21:39:18.727+0300] {processor.py:830} INFO - Processing file /media/data/omar/programming course/DEPI/DEPI project/anomx/venv/lib/python3.12/site-packages/airflow/example_dags/example_latest_only.py for tasks to queue
[2026-06-21T21:39:18.729+0300] {logging_mixin.py:188} INFO - [2026-06-21T21:39:18.728+0300] {dagbag.py:540} INFO - Filling up the DagBag from /media/data/omar/programming course/DEPI/DEPI project/anomx/venv/lib/python3.12/site-packages/airflow/example_dags/example_latest_only.py
[2026-06-21T21:39:18.735+0300] {processor.py:840} INFO - DAG(s) 'latest_only' retrieved from /media/data/omar/programming course/DEPI/DEPI project/anomx/venv/lib/python3.12/site-packages/airflow/example_dags/example_latest_only.py
[2026-06-21T21:39:19.016+0300] {logging_mixin.py:188} INFO - [2026-06-21T21:39:19.012+0300] {override.py:1829} INFO - Created Permission View: can edit on DAG:latest_only
[2026-06-21T21:39:19.043+0300] {logging_mixin.py:188} INFO - [2026-06-21T21:39:19.042+0300] {override.py:1829} INFO - Created Permission View: can read on DAG:latest_only
[2026-06-21T21:39:19.060+0300] {logging_mixin.py:188} INFO - [2026-06-21T21:39:19.059+0300] {override.py:1829} INFO - Created Permission View: can delete on DAG:latest_only
[2026-06-21T21:39:19.061+0300] {logging_mixin.py:188} INFO - [2026-06-21T21:39:19.061+0300] {dag.py:3096} INFO - Sync 1 DAGs
[2026-06-21T21:39:19.078+0300] {logging_mixin.py:188} INFO - [2026-06-21T21:39:19.077+0300] {dag.py:3118} INFO - Creating ORM DAG for latest_only
[2026-06-21T21:39:19.093+0300] {logging_mixin.py:188} INFO - [2026-06-21T21:39:19.093+0300] {dag.py:3954} INFO - Setting next_dagrun for latest_only to 2026-06-21 12:00:00+00:00, run_after=2026-06-21 16:00:00+00:00
[2026-06-21T21:39:19.129+0300] {processor.py:183} INFO - Processing /media/data/omar/programming course/DEPI/DEPI project/anomx/venv/lib/python3.12/site-packages/airflow/example_dags/example_latest_only.py took 0.413 seconds
[2026-06-21T21:40:24.142+0300] {processor.py:161} INFO - Started process (PID=15226) to work on /media/data/omar/programming course/DEPI/DEPI project/anomx/venv/lib/python3.12/site-packages/airflow/example_dags/example_latest_only.py
[2026-06-21T21:40:24.144+0300] {processor.py:830} INFO - Processing file /media/data/omar/programming course/DEPI/DEPI project/anomx/venv/lib/python3.12/site-packages/airflow/example_dags/example_latest_only.py for tasks to queue
[2026-06-21T21:40:24.147+0300] {logging_mixin.py:188} INFO - [2026-06-21T21:40:24.146+0300] {dagbag.py:540} INFO - Filling up the DagBag from /media/data/omar/programming course/DEPI/DEPI project/anomx/venv/lib/python3.12/site-packages/airflow/example_dags/example_latest_only.py
[2026-06-21T21:40:24.154+0300] {processor.py:840} INFO - DAG(s) 'latest_only' retrieved from /media/data/omar/programming course/DEPI/DEPI project/anomx/venv/lib/python3.12/site-packages/airflow/example_dags/example_latest_only.py
[2026-06-21T21:40:24.172+0300] {logging_mixin.py:188} INFO - [2026-06-21T21:40:24.171+0300] {dag.py:3096} INFO - Sync 1 DAGs
[2026-06-21T21:40:24.191+0300] {logging_mixin.py:188} INFO - [2026-06-21T21:40:24.190+0300] {dag.py:3954} INFO - Setting next_dagrun for latest_only to 2026-06-21 12:00:00+00:00, run_after=2026-06-21 16:00:00+00:00
[2026-06-21T21:40:24.220+0300] {processor.py:183} INFO - Processing /media/data/omar/programming course/DEPI/DEPI project/anomx/venv/lib/python3.12/site-packages/airflow/example_dags/example_latest_only.py took 0.090 seconds
[2026-06-21T21:41:26.479+0300] {processor.py:161} INFO - Started process (PID=15348) to work on /media/data/omar/programming course/DEPI/DEPI project/anomx/venv/lib/python3.12/site-packages/airflow/example_dags/example_latest_only.py
[2026-06-21T21:41:26.481+0300] {processor.py:830} INFO - Processing file /media/data/omar/programming course/DEPI/DEPI project/anomx/venv/lib/python3.12/site-packages/airflow/example_dags/example_latest_only.py for tasks to queue
[2026-06-21T21:41:26.485+0300] {logging_mixin.py:188} INFO - [2026-06-21T21:41:26.484+0300] {dagbag.py:540} INFO - Filling up the DagBag from /media/data/omar/programming course/DEPI/DEPI project/anomx/venv/lib/python3.12/site-packages/airflow/example_dags/example_latest_only.py
[2026-06-21T21:41:26.492+0300] {processor.py:840} INFO - DAG(s) 'latest_only' retrieved from /media/data/omar/programming course/DEPI/DEPI project/anomx/venv/lib/python3.12/site-packages/airflow/example_dags/example_latest_only.py
[2026-06-21T21:41:26.508+0300] {logging_mixin.py:188} INFO - [2026-06-21T21:41:26.508+0300] {dag.py:3096} INFO - Sync 1 DAGs
[2026-06-21T21:41:26.525+0300] {logging_mixin.py:188} INFO - [2026-06-21T21:41:26.524+0300] {dag.py:3954} INFO - Setting next_dagrun for latest_only to 2026-06-21 12:00:00+00:00, run_after=2026-06-21 16:00:00+00:00
[2026-06-21T21:41:26.551+0300] {processor.py:183} INFO - Processing /media/data/omar/programming course/DEPI/DEPI project/anomx/venv/lib/python3.12/site-packages/airflow/example_dags/example_latest_only.py took 0.091 seconds
[2026-06-21T21:42:33.058+0300] {processor.py:161} INFO - Started process (PID=15473) to work on /media/data/omar/programming course/DEPI/DEPI project/anomx/venv/lib/python3.12/site-packages/airflow/example_dags/example_latest_only.py
[2026-06-21T21:42:33.060+0300] {processor.py:830} INFO - Processing file /media/data/omar/programming course/DEPI/DEPI project/anomx/venv/lib/python3.12/site-packages/airflow/example_dags/example_latest_only.py for tasks to queue
[2026-06-21T21:42:33.064+0300] {logging_mixin.py:188} INFO - [2026-06-21T21:42:33.063+0300] {dagbag.py:540} INFO - Filling up the DagBag from /media/data/omar/programming course/DEPI/DEPI project/anomx/venv/lib/python3.12/site-packages/airflow/example_dags/example_latest_only.py
[2026-06-21T21:42:33.076+0300] {processor.py:840} INFO - DAG(s) 'latest_only' retrieved from /media/data/omar/programming course/DEPI/DEPI project/anomx/venv/lib/python3.12/site-packages/airflow/example_dags/example_latest_only.py
[2026-06-21T21:42:33.109+0300] {logging_mixin.py:188} INFO - [2026-06-21T21:42:33.108+0300] {dag.py:3096} INFO - Sync 1 DAGs
[2026-06-21T21:42:33.152+0300] {logging_mixin.py:188} INFO - [2026-06-21T21:42:33.151+0300] {dag.py:3954} INFO - Setting next_dagrun for latest_only to 2026-06-21 12:00:00+00:00, run_after=2026-06-21 16:00:00+00:00
[2026-06-21T21:42:33.209+0300] {processor.py:183} INFO - Processing /media/data/omar/programming course/DEPI/DEPI project/anomx/venv/lib/python3.12/site-packages/airflow/example_dags/example_latest_only.py took 0.160 seconds
[2026-06-21T21:43:33.368+0300] {processor.py:161} INFO - Started process (PID=15675) to work on /media/data/omar/programming course/DEPI/DEPI project/anomx/venv/lib/python3.12/site-packages/airflow/example_dags/example_latest_only.py
[2026-06-21T21:43:33.370+0300] {processor.py:830} INFO - Processing file /media/data/omar/programming course/DEPI/DEPI project/anomx/venv/lib/python3.12/site-packages/airflow/example_dags/example_latest_only.py for tasks to queue
[2026-06-21T21:43:33.377+0300] {logging_mixin.py:188} INFO - [2026-06-21T21:43:33.375+0300] {dagbag.py:540} INFO - Filling up the DagBag from /media/data/omar/programming course/DEPI/DEPI project/anomx/venv/lib/python3.12/site-packages/airflow/example_dags/example_latest_only.py
[2026-06-21T21:43:33.394+0300] {processor.py:840} INFO - DAG(s) 'latest_only' retrieved from /media/data/omar/programming course/DEPI/DEPI project/anomx/venv/lib/python3.12/site-packages/airflow/example_dags/example_latest_only.py
[2026-06-21T21:43:33.427+0300] {logging_mixin.py:188} INFO - [2026-06-21T21:43:33.426+0300] {dag.py:3096} INFO - Sync 1 DAGs
[2026-06-21T21:43:33.445+0300] {logging_mixin.py:188} INFO - [2026-06-21T21:43:33.444+0300] {dag.py:3954} INFO - Setting next_dagrun for latest_only to 2026-06-21 12:00:00+00:00, run_after=2026-06-21 16:00:00+00:00
[2026-06-21T21:43:33.480+0300] {processor.py:183} INFO - Processing /media/data/omar/programming course/DEPI/DEPI project/anomx/venv/lib/python3.12/site-packages/airflow/example_dags/example_latest_only.py took 0.130 seconds
[2026-06-21T21:44:32.580+0300] {processor.py:161} INFO - Started process (PID=15795) to work on /media/data/omar/programming course/DEPI/DEPI project/anomx/venv/lib/python3.12/site-packages/airflow/example_dags/example_latest_only.py
[2026-06-21T21:44:32.582+0300] {processor.py:830} INFO - Processing file /media/data/omar/programming course/DEPI/DEPI project/anomx/venv/lib/python3.12/site-packages/airflow/example_dags/example_latest_only.py for tasks to queue
[2026-06-21T21:44:32.585+0300] {logging_mixin.py:188} INFO - [2026-06-21T21:44:32.584+0300] {dagbag.py:540} INFO - Filling up the DagBag from /media/data/omar/programming course/DEPI/DEPI project/anomx/venv/lib/python3.12/site-packages/airflow/example_dags/example_latest_only.py
[2026-06-21T21:44:32.594+0300] {processor.py:840} INFO - DAG(s) 'latest_only' retrieved from /media/data/omar/programming course/DEPI/DEPI project/anomx/venv/lib/python3.12/site-packages/airflow/example_dags/example_latest_only.py
[2026-06-21T21:44:32.611+0300] {logging_mixin.py:188} INFO - [2026-06-21T21:44:32.611+0300] {dag.py:3096} INFO - Sync 1 DAGs
[2026-06-21T21:44:32.629+0300] {logging_mixin.py:188} INFO - [2026-06-21T21:44:32.629+0300] {dag.py:3954} INFO - Setting next_dagrun for latest_only to 2026-06-21 12:00:00+00:00, run_after=2026-06-21 16:00:00+00:00
[2026-06-21T21:44:32.656+0300] {processor.py:183} INFO - Processing /media/data/omar/programming course/DEPI/DEPI project/anomx/venv/lib/python3.12/site-packages/airflow/example_dags/example_latest_only.py took 0.094 seconds
[2026-06-21T21:47:07.865+0300] {processor.py:161} INFO - Started process (PID=16100) to work on /media/data/omar/programming course/DEPI/DEPI project/anomx/venv/lib/python3.12/site-packages/airflow/example_dags/example_latest_only.py
[2026-06-21T21:47:07.866+0300] {processor.py:830} INFO - Processing file /media/data/omar/programming course/DEPI/DEPI project/anomx/venv/lib/python3.12/site-packages/airflow/example_dags/example_latest_only.py for tasks to queue
[2026-06-21T21:47:07.869+0300] {logging_mixin.py:188} INFO - [2026-06-21T21:47:07.868+0300] {dagbag.py:540} INFO - Filling up the DagBag from /media/data/omar/programming course/DEPI/DEPI project/anomx/venv/lib/python3.12/site-packages/airflow/example_dags/example_latest_only.py
[2026-06-21T21:47:07.875+0300] {processor.py:840} INFO - DAG(s) 'latest_only' retrieved from /media/data/omar/programming course/DEPI/DEPI project/anomx/venv/lib/python3.12/site-packages/airflow/example_dags/example_latest_only.py
[2026-06-21T21:47:07.894+0300] {logging_mixin.py:188} INFO - [2026-06-21T21:47:07.894+0300] {dag.py:3096} INFO - Sync 1 DAGs
[2026-06-21T21:47:07.914+0300] {logging_mixin.py:188} INFO - [2026-06-21T21:47:07.914+0300] {dag.py:3954} INFO - Setting next_dagrun for latest_only to 2026-06-21 12:00:00+00:00, run_after=2026-06-21 16:00:00+00:00
[2026-06-21T21:47:07.947+0300] {processor.py:183} INFO - Processing /media/data/omar/programming course/DEPI/DEPI project/anomx/venv/lib/python3.12/site-packages/airflow/example_dags/example_latest_only.py took 0.088 seconds
[2026-06-21T21:48:07.794+0300] {processor.py:161} INFO - Started process (PID=16194) to work on /media/data/omar/programming course/DEPI/DEPI project/anomx/venv/lib/python3.12/site-packages/airflow/example_dags/example_latest_only.py
[2026-06-21T21:48:07.797+0300] {processor.py:830} INFO - Processing file /media/data/omar/programming course/DEPI/DEPI project/anomx/venv/lib/python3.12/site-packages/airflow/example_dags/example_latest_only.py for tasks to queue
[2026-06-21T21:48:07.802+0300] {logging_mixin.py:188} INFO - [2026-06-21T21:48:07.801+0300] {dagbag.py:540} INFO - Filling up the DagBag from /media/data/omar/programming course/DEPI/DEPI project/anomx/venv/lib/python3.12/site-packages/airflow/example_dags/example_latest_only.py
[2026-06-21T21:48:07.813+0300] {processor.py:840} INFO - DAG(s) 'latest_only' retrieved from /media/data/omar/programming course/DEPI/DEPI project/anomx/venv/lib/python3.12/site-packages/airflow/example_dags/example_latest_only.py
[2026-06-21T21:48:07.831+0300] {logging_mixin.py:188} INFO - [2026-06-21T21:48:07.831+0300] {dag.py:3096} INFO - Sync 1 DAGs
[2026-06-21T21:48:07.849+0300] {logging_mixin.py:188} INFO - [2026-06-21T21:48:07.849+0300] {dag.py:3954} INFO - Setting next_dagrun for latest_only to 2026-06-21 12:00:00+00:00, run_after=2026-06-21 16:00:00+00:00
[2026-06-21T21:48:07.880+0300] {processor.py:183} INFO - Processing /media/data/omar/programming course/DEPI/DEPI project/anomx/venv/lib/python3.12/site-packages/airflow/example_dags/example_latest_only.py took 0.106 seconds
[2026-06-21T21:49:06.182+0300] {processor.py:161} INFO - Started process (PID=16284) to work on /media/data/omar/programming course/DEPI/DEPI project/anomx/venv/lib/python3.12/site-packages/airflow/example_dags/example_latest_only.py
[2026-06-21T21:49:06.184+0300] {processor.py:830} INFO - Processing file /media/data/omar/programming course/DEPI/DEPI project/anomx/venv/lib/python3.12/site-packages/airflow/example_dags/example_latest_only.py for tasks to queue
[2026-06-21T21:49:06.186+0300] {logging_mixin.py:188} INFO - [2026-06-21T21:49:06.186+0300] {dagbag.py:540} INFO - Filling up the DagBag from /media/data/omar/programming course/DEPI/DEPI project/anomx/venv/lib/python3.12/site-packages/airflow/example_dags/example_latest_only.py
[2026-06-21T21:49:06.195+0300] {processor.py:840} INFO - DAG(s) 'latest_only' retrieved from /media/data/omar/programming course/DEPI/DEPI project/anomx/venv/lib/python3.12/site-packages/airflow/example_dags/example_latest_only.py
[2026-06-21T21:49:06.213+0300] {logging_mixin.py:188} INFO - [2026-06-21T21:49:06.213+0300] {dag.py:3096} INFO - Sync 1 DAGs
[2026-06-21T21:49:06.240+0300] {logging_mixin.py:188} INFO - [2026-06-21T21:49:06.239+0300] {dag.py:3954} INFO - Setting next_dagrun for latest_only to 2026-06-21 12:00:00+00:00, run_after=2026-06-21 16:00:00+00:00
[2026-06-21T21:49:06.271+0300] {processor.py:183} INFO - Processing /media/data/omar/programming course/DEPI/DEPI project/anomx/venv/lib/python3.12/site-packages/airflow/example_dags/example_latest_only.py took 0.099 seconds
[2026-06-21T21:51:13.329+0300] {processor.py:161} INFO - Started process (PID=16508) to work on /media/data/omar/programming course/DEPI/DEPI project/anomx/venv/lib/python3.12/site-packages/airflow/example_dags/example_latest_only.py
[2026-06-21T21:51:13.331+0300] {processor.py:830} INFO - Processing file /media/data/omar/programming course/DEPI/DEPI project/anomx/venv/lib/python3.12/site-packages/airflow/example_dags/example_latest_only.py for tasks to queue
[2026-06-21T21:51:13.336+0300] {logging_mixin.py:188} INFO - [2026-06-21T21:51:13.334+0300] {dagbag.py:540} INFO - Filling up the DagBag from /media/data/omar/programming course/DEPI/DEPI project/anomx/venv/lib/python3.12/site-packages/airflow/example_dags/example_latest_only.py
[2026-06-21T21:51:13.349+0300] {processor.py:840} INFO - DAG(s) 'latest_only' retrieved from /media/data/omar/programming course/DEPI/DEPI project/anomx/venv/lib/python3.12/site-packages/airflow/example_dags/example_latest_only.py
[2026-06-21T21:51:13.374+0300] {logging_mixin.py:188} INFO - [2026-06-21T21:51:13.373+0300] {dag.py:3096} INFO - Sync 1 DAGs
[2026-06-21T21:51:13.392+0300] {logging_mixin.py:188} INFO - [2026-06-21T21:51:13.392+0300] {dag.py:3954} INFO - Setting next_dagrun for latest_only to 2026-06-21 12:00:00+00:00, run_after=2026-06-21 16:00:00+00:00
[2026-06-21T21:51:13.422+0300] {processor.py:183} INFO - Processing /media/data/omar/programming course/DEPI/DEPI project/anomx/venv/lib/python3.12/site-packages/airflow/example_dags/example_latest_only.py took 0.112 seconds
[2026-06-21T21:52:28.912+0300] {processor.py:161} INFO - Started process (PID=16659) to work on /media/data/omar/programming course/DEPI/DEPI project/anomx/venv/lib/python3.12/site-packages/airflow/example_dags/example_latest_only.py
[2026-06-21T21:52:28.913+0300] {processor.py:830} INFO - Processing file /media/data/omar/programming course/DEPI/DEPI project/anomx/venv/lib/python3.12/site-packages/airflow/example_dags/example_latest_only.py for tasks to queue
[2026-06-21T21:52:28.915+0300] {logging_mixin.py:188} INFO - [2026-06-21T21:52:28.914+0300] {dagbag.py:540} INFO - Filling up the DagBag from /media/data/omar/programming course/DEPI/DEPI project/anomx/venv/lib/python3.12/site-packages/airflow/example_dags/example_latest_only.py
[2026-06-21T21:52:28.920+0300] {processor.py:840} INFO - DAG(s) 'latest_only' retrieved from /media/data/omar/programming course/DEPI/DEPI project/anomx/venv/lib/python3.12/site-packages/airflow/example_dags/example_latest_only.py
[2026-06-21T21:52:28.934+0300] {logging_mixin.py:188} INFO - [2026-06-21T21:52:28.934+0300] {dag.py:3096} INFO - Sync 1 DAGs
[2026-06-21T21:52:28.951+0300] {logging_mixin.py:188} INFO - [2026-06-21T21:52:28.951+0300] {dag.py:3954} INFO - Setting next_dagrun for latest_only to 2026-06-21 12:00:00+00:00, run_after=2026-06-21 16:00:00+00:00
[2026-06-21T21:52:28.979+0300] {processor.py:183} INFO - Processing /media/data/omar/programming course/DEPI/DEPI project/anomx/venv/lib/python3.12/site-packages/airflow/example_dags/example_latest_only.py took 0.073 seconds
[2026-06-21T21:53:26.251+0300] {processor.py:161} INFO - Started process (PID=16741) to work on /media/data/omar/programming course/DEPI/DEPI project/anomx/venv/lib/python3.12/site-packages/airflow/example_dags/example_latest_only.py
[2026-06-21T21:53:26.253+0300] {processor.py:830} INFO - Processing file /media/data/omar/programming course/DEPI/DEPI project/anomx/venv/lib/python3.12/site-packages/airflow/example_dags/example_latest_only.py for tasks to queue
[2026-06-21T21:53:26.257+0300] {logging_mixin.py:188} INFO - [2026-06-21T21:53:26.256+0300] {dagbag.py:540} INFO - Filling up the DagBag from /media/data/omar/programming course/DEPI/DEPI project/anomx/venv/lib/python3.12/site-packages/airflow/example_dags/example_latest_only.py
[2026-06-21T21:53:26.268+0300] {processor.py:840} INFO - DAG(s) 'latest_only' retrieved from /media/data/omar/programming course/DEPI/DEPI project/anomx/venv/lib/python3.12/site-packages/airflow/example_dags/example_latest_only.py
[2026-06-21T21:53:26.285+0300] {logging_mixin.py:188} INFO - [2026-06-21T21:53:26.285+0300] {dag.py:3096} INFO - Sync 1 DAGs
[2026-06-21T21:53:26.302+0300] {logging_mixin.py:188} INFO - [2026-06-21T21:53:26.301+0300] {dag.py:3954} INFO - Setting next_dagrun for latest_only to 2026-06-21 12:00:00+00:00, run_after=2026-06-21 16:00:00+00:00
[2026-06-21T21:53:26.329+0300] {processor.py:183} INFO - Processing /media/data/omar/programming course/DEPI/DEPI project/anomx/venv/lib/python3.12/site-packages/airflow/example_dags/example_latest_only.py took 0.091 seconds
[2026-06-21T21:54:24.115+0300] {processor.py:161} INFO - Started process (PID=16844) to work on /media/data/omar/programming course/DEPI/DEPI project/anomx/venv/lib/python3.12/site-packages/airflow/example_dags/example_latest_only.py
[2026-06-21T21:54:24.116+0300] {processor.py:830} INFO - Processing file /media/data/omar/programming course/DEPI/DEPI project/anomx/venv/lib/python3.12/site-packages/airflow/example_dags/example_latest_only.py for tasks to queue
[2026-06-21T21:54:24.118+0300] {logging_mixin.py:188} INFO - [2026-06-21T21:54:24.118+0300] {dagbag.py:540} INFO - Filling up the DagBag from /media/data/omar/programming course/DEPI/DEPI project/anomx/venv/lib/python3.12/site-packages/airflow/example_dags/example_latest_only.py
[2026-06-21T21:54:24.123+0300] {processor.py:840} INFO - DAG(s) 'latest_only' retrieved from /media/data/omar/programming course/DEPI/DEPI project/anomx/venv/lib/python3.12/site-packages/airflow/example_dags/example_latest_only.py
[2026-06-21T21:54:24.138+0300] {logging_mixin.py:188} INFO - [2026-06-21T21:54:24.137+0300] {dag.py:3096} INFO - Sync 1 DAGs
[2026-06-21T21:54:24.154+0300] {logging_mixin.py:188} INFO - [2026-06-21T21:54:24.153+0300] {dag.py:3954} INFO - Setting next_dagrun for latest_only to 2026-06-21 12:00:00+00:00, run_after=2026-06-21 16:00:00+00:00
[2026-06-21T21:54:24.181+0300] {processor.py:183} INFO - Processing /media/data/omar/programming course/DEPI/DEPI project/anomx/venv/lib/python3.12/site-packages/airflow/example_dags/example_latest_only.py took 0.072 seconds
[2026-06-21T21:55:21.333+0300] {processor.py:161} INFO - Started process (PID=16938) to work on /media/data/omar/programming course/DEPI/DEPI project/anomx/venv/lib/python3.12/site-packages/airflow/example_dags/example_latest_only.py
[2026-06-21T21:55:21.334+0300] {processor.py:830} INFO - Processing file /media/data/omar/programming course/DEPI/DEPI project/anomx/venv/lib/python3.12/site-packages/airflow/example_dags/example_latest_only.py for tasks to queue
[2026-06-21T21:55:21.337+0300] {logging_mixin.py:188} INFO - [2026-06-21T21:55:21.336+0300] {dagbag.py:540} INFO - Filling up the DagBag from /media/data/omar/programming course/DEPI/DEPI project/anomx/venv/lib/python3.12/site-packages/airflow/example_dags/example_latest_only.py
[2026-06-21T21:55:21.344+0300] {processor.py:840} INFO - DAG(s) 'latest_only' retrieved from /media/data/omar/programming course/DEPI/DEPI project/anomx/venv/lib/python3.12/site-packages/airflow/example_dags/example_latest_only.py
[2026-06-21T21:55:21.366+0300] {logging_mixin.py:188} INFO - [2026-06-21T21:55:21.365+0300] {dag.py:3096} INFO - Sync 1 DAGs
[2026-06-21T21:55:21.387+0300] {logging_mixin.py:188} INFO - [2026-06-21T21:55:21.387+0300] {dag.py:3954} INFO - Setting next_dagrun for latest_only to 2026-06-21 12:00:00+00:00, run_after=2026-06-21 16:00:00+00:00
[2026-06-21T21:55:21.416+0300] {processor.py:183} INFO - Processing /media/data/omar/programming course/DEPI/DEPI project/anomx/venv/lib/python3.12/site-packages/airflow/example_dags/example_latest_only.py took 0.090 seconds
[2026-06-21T21:56:15.141+0300] {processor.py:161} INFO - Started process (PID=17029) to work on /media/data/omar/programming course/DEPI/DEPI project/anomx/venv/lib/python3.12/site-packages/airflow/example_dags/example_latest_only.py
[2026-06-21T21:56:15.143+0300] {processor.py:830} INFO - Processing file /media/data/omar/programming course/DEPI/DEPI project/anomx/venv/lib/python3.12/site-packages/airflow/example_dags/example_latest_only.py for tasks to queue
[2026-06-21T21:56:15.146+0300] {logging_mixin.py:188} INFO - [2026-06-21T21:56:15.145+0300] {dagbag.py:540} INFO - Filling up the DagBag from /media/data/omar/programming course/DEPI/DEPI project/anomx/venv/lib/python3.12/site-packages/airflow/example_dags/example_latest_only.py
[2026-06-21T21:56:15.154+0300] {processor.py:840} INFO - DAG(s) 'latest_only' retrieved from /media/data/omar/programming course/DEPI/DEPI project/anomx/venv/lib/python3.12/site-packages/airflow/example_dags/example_latest_only.py
[2026-06-21T21:56:15.170+0300] {logging_mixin.py:188} INFO - [2026-06-21T21:56:15.169+0300] {dag.py:3096} INFO - Sync 1 DAGs
[2026-06-21T21:56:15.187+0300] {logging_mixin.py:188} INFO - [2026-06-21T21:56:15.187+0300] {dag.py:3954} INFO - Setting next_dagrun for latest_only to 2026-06-21 12:00:00+00:00, run_after=2026-06-21 16:00:00+00:00
[2026-06-21T21:56:15.214+0300] {processor.py:183} INFO - Processing /media/data/omar/programming course/DEPI/DEPI project/anomx/venv/lib/python3.12/site-packages/airflow/example_dags/example_latest_only.py took 0.090 seconds
[2026-06-21T21:57:05.944+0300] {processor.py:161} INFO - Started process (PID=17114) to work on /media/data/omar/programming course/DEPI/DEPI project/anomx/venv/lib/python3.12/site-packages/airflow/example_dags/example_latest_only.py
[2026-06-21T21:57:05.946+0300] {processor.py:830} INFO - Processing file /media/data/omar/programming course/DEPI/DEPI project/anomx/venv/lib/python3.12/site-packages/airflow/example_dags/example_latest_only.py for tasks to queue
[2026-06-21T21:57:05.949+0300] {logging_mixin.py:188} INFO - [2026-06-21T21:57:05.948+0300] {dagbag.py:540} INFO - Filling up the DagBag from /media/data/omar/programming course/DEPI/DEPI project/anomx/venv/lib/python3.12/site-packages/airflow/example_dags/example_latest_only.py
[2026-06-21T21:57:05.956+0300] {processor.py:840} INFO - DAG(s) 'latest_only' retrieved from /media/data/omar/programming course/DEPI/DEPI project/anomx/venv/lib/python3.12/site-packages/airflow/example_dags/example_latest_only.py
[2026-06-21T21:57:05.975+0300] {logging_mixin.py:188} INFO - [2026-06-21T21:57:05.974+0300] {dag.py:3096} INFO - Sync 1 DAGs
[2026-06-21T21:57:05.997+0300] {logging_mixin.py:188} INFO - [2026-06-21T21:57:05.997+0300] {dag.py:3954} INFO - Setting next_dagrun for latest_only to 2026-06-21 12:00:00+00:00, run_after=2026-06-21 16:00:00+00:00
[2026-06-21T21:57:06.025+0300] {processor.py:183} INFO - Processing /media/data/omar/programming course/DEPI/DEPI project/anomx/venv/lib/python3.12/site-packages/airflow/example_dags/example_latest_only.py took 0.096 seconds
[2026-06-21T21:57:59.210+0300] {processor.py:161} INFO - Started process (PID=17203) to work on /media/data/omar/programming course/DEPI/DEPI project/anomx/venv/lib/python3.12/site-packages/airflow/example_dags/example_latest_only.py
[2026-06-21T21:57:59.211+0300] {processor.py:830} INFO - Processing file /media/data/omar/programming course/DEPI/DEPI project/anomx/venv/lib/python3.12/site-packages/airflow/example_dags/example_latest_only.py for tasks to queue
[2026-06-21T21:57:59.213+0300] {logging_mixin.py:188} INFO - [2026-06-21T21:57:59.212+0300] {dagbag.py:540} INFO - Filling up the DagBag from /media/data/omar/programming course/DEPI/DEPI project/anomx/venv/lib/python3.12/site-packages/airflow/example_dags/example_latest_only.py
[2026-06-21T21:57:59.220+0300] {processor.py:840} INFO - DAG(s) 'latest_only' retrieved from /media/data/omar/programming course/DEPI/DEPI project/anomx/venv/lib/python3.12/site-packages/airflow/example_dags/example_latest_only.py
[2026-06-21T21:57:59.235+0300] {logging_mixin.py:188} INFO - [2026-06-21T21:57:59.235+0300] {dag.py:3096} INFO - Sync 1 DAGs
[2026-06-21T21:57:59.252+0300] {logging_mixin.py:188} INFO - [2026-06-21T21:57:59.252+0300] {dag.py:3954} INFO - Setting next_dagrun for latest_only to 2026-06-21 12:00:00+00:00, run_after=2026-06-21 16:00:00+00:00
[2026-06-21T21:57:59.282+0300] {processor.py:183} INFO - Processing /media/data/omar/programming course/DEPI/DEPI project/anomx/venv/lib/python3.12/site-packages/airflow/example_dags/example_latest_only.py took 0.079 seconds
[2026-06-21T21:58:55.971+0300] {processor.py:161} INFO - Started process (PID=17293) to work on /media/data/omar/programming course/DEPI/DEPI project/anomx/venv/lib/python3.12/site-packages/airflow/example_dags/example_latest_only.py
[2026-06-21T21:58:55.972+0300] {processor.py:830} INFO - Processing file /media/data/omar/programming course/DEPI/DEPI project/anomx/venv/lib/python3.12/site-packages/airflow/example_dags/example_latest_only.py for tasks to queue
[2026-06-21T21:58:55.974+0300] {logging_mixin.py:188} INFO - [2026-06-21T21:58:55.974+0300] {dagbag.py:540} INFO - Filling up the DagBag from /media/data/omar/programming course/DEPI/DEPI project/anomx/venv/lib/python3.12/site-packages/airflow/example_dags/example_latest_only.py
[2026-06-21T21:58:55.981+0300] {processor.py:840} INFO - DAG(s) 'latest_only' retrieved from /media/data/omar/programming course/DEPI/DEPI project/anomx/venv/lib/python3.12/site-packages/airflow/example_dags/example_latest_only.py
[2026-06-21T21:58:55.996+0300] {logging_mixin.py:188} INFO - [2026-06-21T21:58:55.996+0300] {dag.py:3096} INFO - Sync 1 DAGs
[2026-06-21T21:58:56.015+0300] {logging_mixin.py:188} INFO - [2026-06-21T21:58:56.015+0300] {dag.py:3954} INFO - Setting next_dagrun for latest_only to 2026-06-21 12:00:00+00:00, run_after=2026-06-21 16:00:00+00:00
[2026-06-21T21:58:56.042+0300] {processor.py:183} INFO - Processing /media/data/omar/programming course/DEPI/DEPI project/anomx/venv/lib/python3.12/site-packages/airflow/example_dags/example_latest_only.py took 0.079 seconds
[2026-06-21T21:59:53.451+0300] {processor.py:161} INFO - Started process (PID=17384) to work on /media/data/omar/programming course/DEPI/DEPI project/anomx/venv/lib/python3.12/site-packages/airflow/example_dags/example_latest_only.py
[2026-06-21T21:59:53.452+0300] {processor.py:830} INFO - Processing file /media/data/omar/programming course/DEPI/DEPI project/anomx/venv/lib/python3.12/site-packages/airflow/example_dags/example_latest_only.py for tasks to queue
[2026-06-21T21:59:53.454+0300] {logging_mixin.py:188} INFO - [2026-06-21T21:59:53.453+0300] {dagbag.py:540} INFO - Filling up the DagBag from /media/data/omar/programming course/DEPI/DEPI project/anomx/venv/lib/python3.12/site-packages/airflow/example_dags/example_latest_only.py
[2026-06-21T21:59:53.460+0300] {processor.py:840} INFO - DAG(s) 'latest_only' retrieved from /media/data/omar/programming course/DEPI/DEPI project/anomx/venv/lib/python3.12/site-packages/airflow/example_dags/example_latest_only.py
[2026-06-21T21:59:53.476+0300] {logging_mixin.py:188} INFO - [2026-06-21T21:59:53.475+0300] {dag.py:3096} INFO - Sync 1 DAGs
[2026-06-21T21:59:53.492+0300] {logging_mixin.py:188} INFO - [2026-06-21T21:59:53.492+0300] {dag.py:3954} INFO - Setting next_dagrun for latest_only to 2026-06-21 12:00:00+00:00, run_after=2026-06-21 16:00:00+00:00
[2026-06-21T21:59:53.519+0300] {processor.py:183} INFO - Processing /media/data/omar/programming course/DEPI/DEPI project/anomx/venv/lib/python3.12/site-packages/airflow/example_dags/example_latest_only.py took 0.074 seconds
[2026-06-21T22:00:50.978+0300] {processor.py:161} INFO - Started process (PID=17481) to work on /media/data/omar/programming course/DEPI/DEPI project/anomx/venv/lib/python3.12/site-packages/airflow/example_dags/example_latest_only.py
[2026-06-21T22:00:50.979+0300] {processor.py:830} INFO - Processing file /media/data/omar/programming course/DEPI/DEPI project/anomx/venv/lib/python3.12/site-packages/airflow/example_dags/example_latest_only.py for tasks to queue
[2026-06-21T22:00:50.983+0300] {logging_mixin.py:188} INFO - [2026-06-21T22:00:50.982+0300] {dagbag.py:540} INFO - Filling up the DagBag from /media/data/omar/programming course/DEPI/DEPI project/anomx/venv/lib/python3.12/site-packages/airflow/example_dags/example_latest_only.py
[2026-06-21T22:00:50.990+0300] {processor.py:840} INFO - DAG(s) 'latest_only' retrieved from /media/data/omar/programming course/DEPI/DEPI project/anomx/venv/lib/python3.12/site-packages/airflow/example_dags/example_latest_only.py
[2026-06-21T22:00:51.006+0300] {logging_mixin.py:188} INFO - [2026-06-21T22:00:51.006+0300] {dag.py:3096} INFO - Sync 1 DAGs
[2026-06-21T22:00:51.023+0300] {logging_mixin.py:188} INFO - [2026-06-21T22:00:51.023+0300] {dag.py:3954} INFO - Setting next_dagrun for latest_only to 2026-06-21 12:00:00+00:00, run_after=2026-06-21 16:00:00+00:00
[2026-06-21T22:00:51.050+0300] {processor.py:183} INFO - Processing /media/data/omar/programming course/DEPI/DEPI project/anomx/venv/lib/python3.12/site-packages/airflow/example_dags/example_latest_only.py took 0.089 seconds
[2026-06-21T22:01:49.292+0300] {processor.py:161} INFO - Started process (PID=17573) to work on /media/data/omar/programming course/DEPI/DEPI project/anomx/venv/lib/python3.12/site-packages/airflow/example_dags/example_latest_only.py
[2026-06-21T22:01:49.294+0300] {processor.py:830} INFO - Processing file /media/data/omar/programming course/DEPI/DEPI project/anomx/venv/lib/python3.12/site-packages/airflow/example_dags/example_latest_only.py for tasks to queue
[2026-06-21T22:01:49.298+0300] {logging_mixin.py:188} INFO - [2026-06-21T22:01:49.297+0300] {dagbag.py:540} INFO - Filling up the DagBag from /media/data/omar/programming course/DEPI/DEPI project/anomx/venv/lib/python3.12/site-packages/airflow/example_dags/example_latest_only.py
[2026-06-21T22:01:49.312+0300] {processor.py:840} INFO - DAG(s) 'latest_only' retrieved from /media/data/omar/programming course/DEPI/DEPI project/anomx/venv/lib/python3.12/site-packages/airflow/example_dags/example_latest_only.py
[2026-06-21T22:01:49.352+0300] {logging_mixin.py:188} INFO - [2026-06-21T22:01:49.351+0300] {dag.py:3096} INFO - Sync 1 DAGs
[2026-06-21T22:01:49.373+0300] {logging_mixin.py:188} INFO - [2026-06-21T22:01:49.373+0300] {dag.py:3954} INFO - Setting next_dagrun for latest_only to 2026-06-21 12:00:00+00:00, run_after=2026-06-21 16:00:00+00:00
[2026-06-21T22:01:49.399+0300] {processor.py:183} INFO - Processing /media/data/omar/programming course/DEPI/DEPI project/anomx/venv/lib/python3.12/site-packages/airflow/example_dags/example_latest_only.py took 0.125 seconds
[2026-06-21T22:02:47.247+0300] {processor.py:161} INFO - Started process (PID=17721) to work on /media/data/omar/programming course/DEPI/DEPI project/anomx/venv/lib/python3.12/site-packages/airflow/example_dags/example_latest_only.py
[2026-06-21T22:02:47.249+0300] {processor.py:830} INFO - Processing file /media/data/omar/programming course/DEPI/DEPI project/anomx/venv/lib/python3.12/site-packages/airflow/example_dags/example_latest_only.py for tasks to queue
[2026-06-21T22:02:47.252+0300] {logging_mixin.py:188} INFO - [2026-06-21T22:02:47.251+0300] {dagbag.py:540} INFO - Filling up the DagBag from /media/data/omar/programming course/DEPI/DEPI project/anomx/venv/lib/python3.12/site-packages/airflow/example_dags/example_latest_only.py
[2026-06-21T22:02:47.260+0300] {processor.py:840} INFO - DAG(s) 'latest_only' retrieved from /media/data/omar/programming course/DEPI/DEPI project/anomx/venv/lib/python3.12/site-packages/airflow/example_dags/example_latest_only.py
[2026-06-21T22:02:47.276+0300] {logging_mixin.py:188} INFO - [2026-06-21T22:02:47.275+0300] {dag.py:3096} INFO - Sync 1 DAGs
[2026-06-21T22:02:47.293+0300] {logging_mixin.py:188} INFO - [2026-06-21T22:02:47.293+0300] {dag.py:3954} INFO - Setting next_dagrun for latest_only to 2026-06-21 12:00:00+00:00, run_after=2026-06-21 16:00:00+00:00
[2026-06-21T22:02:47.324+0300] {processor.py:183} INFO - Processing /media/data/omar/programming course/DEPI/DEPI project/anomx/venv/lib/python3.12/site-packages/airflow/example_dags/example_latest_only.py took 0.092 seconds
[2026-06-21T22:03:42.837+0300] {processor.py:161} INFO - Started process (PID=17812) to work on /media/data/omar/programming course/DEPI/DEPI project/anomx/venv/lib/python3.12/site-packages/airflow/example_dags/example_latest_only.py
[2026-06-21T22:03:42.839+0300] {processor.py:830} INFO - Processing file /media/data/omar/programming course/DEPI/DEPI project/anomx/venv/lib/python3.12/site-packages/airflow/example_dags/example_latest_only.py for tasks to queue
[2026-06-21T22:03:42.842+0300] {logging_mixin.py:188} INFO - [2026-06-21T22:03:42.841+0300] {dagbag.py:540} INFO - Filling up the DagBag from /media/data/omar/programming course/DEPI/DEPI project/anomx/venv/lib/python3.12/site-packages/airflow/example_dags/example_latest_only.py
[2026-06-21T22:03:42.852+0300] {processor.py:840} INFO - DAG(s) 'latest_only' retrieved from /media/data/omar/programming course/DEPI/DEPI project/anomx/venv/lib/python3.12/site-packages/airflow/example_dags/example_latest_only.py
[2026-06-21T22:03:42.875+0300] {logging_mixin.py:188} INFO - [2026-06-21T22:03:42.875+0300] {dag.py:3096} INFO - Sync 1 DAGs
[2026-06-21T22:03:42.894+0300] {logging_mixin.py:188} INFO - [2026-06-21T22:03:42.894+0300] {dag.py:3954} INFO - Setting next_dagrun for latest_only to 2026-06-21 12:00:00+00:00, run_after=2026-06-21 16:00:00+00:00
[2026-06-21T22:03:42.924+0300] {processor.py:183} INFO - Processing /media/data/omar/programming course/DEPI/DEPI project/anomx/venv/lib/python3.12/site-packages/airflow/example_dags/example_latest_only.py took 0.103 seconds
[2026-06-21T22:04:35.978+0300] {processor.py:161} INFO - Started process (PID=17901) to work on /media/data/omar/programming course/DEPI/DEPI project/anomx/venv/lib/python3.12/site-packages/airflow/example_dags/example_latest_only.py
[2026-06-21T22:04:35.979+0300] {processor.py:830} INFO - Processing file /media/data/omar/programming course/DEPI/DEPI project/anomx/venv/lib/python3.12/site-packages/airflow/example_dags/example_latest_only.py for tasks to queue
[2026-06-21T22:04:35.981+0300] {logging_mixin.py:188} INFO - [2026-06-21T22:04:35.981+0300] {dagbag.py:540} INFO - Filling up the DagBag from /media/data/omar/programming course/DEPI/DEPI project/anomx/venv/lib/python3.12/site-packages/airflow/example_dags/example_latest_only.py
[2026-06-21T22:04:35.987+0300] {processor.py:840} INFO - DAG(s) 'latest_only' retrieved from /media/data/omar/programming course/DEPI/DEPI project/anomx/venv/lib/python3.12/site-packages/airflow/example_dags/example_latest_only.py
[2026-06-21T22:04:36.002+0300] {logging_mixin.py:188} INFO - [2026-06-21T22:04:36.001+0300] {dag.py:3096} INFO - Sync 1 DAGs
[2026-06-21T22:04:36.019+0300] {logging_mixin.py:188} INFO - [2026-06-21T22:04:36.019+0300] {dag.py:3954} INFO - Setting next_dagrun for latest_only to 2026-06-21 12:00:00+00:00, run_after=2026-06-21 16:00:00+00:00
[2026-06-21T22:04:36.046+0300] {processor.py:183} INFO - Processing /media/data/omar/programming course/DEPI/DEPI project/anomx/venv/lib/python3.12/site-packages/airflow/example_dags/example_latest_only.py took 0.076 seconds
[2026-06-21T22:05:31.913+0300] {processor.py:161} INFO - Started process (PID=17993) to work on /media/data/omar/programming course/DEPI/DEPI project/anomx/venv/lib/python3.12/site-packages/airflow/example_dags/example_latest_only.py
[2026-06-21T22:05:31.914+0300] {processor.py:830} INFO - Processing file /media/data/omar/programming course/DEPI/DEPI project/anomx/venv/lib/python3.12/site-packages/airflow/example_dags/example_latest_only.py for tasks to queue
[2026-06-21T22:05:31.917+0300] {logging_mixin.py:188} INFO - [2026-06-21T22:05:31.916+0300] {dagbag.py:540} INFO - Filling up the DagBag from /media/data/omar/programming course/DEPI/DEPI project/anomx/venv/lib/python3.12/site-packages/airflow/example_dags/example_latest_only.py
[2026-06-21T22:05:31.925+0300] {processor.py:840} INFO - DAG(s) 'latest_only' retrieved from /media/data/omar/programming course/DEPI/DEPI project/anomx/venv/lib/python3.12/site-packages/airflow/example_dags/example_latest_only.py
[2026-06-21T22:05:31.943+0300] {logging_mixin.py:188} INFO - [2026-06-21T22:05:31.942+0300] {dag.py:3096} INFO - Sync 1 DAGs
[2026-06-21T22:05:31.959+0300] {logging_mixin.py:188} INFO - [2026-06-21T22:05:31.959+0300] {dag.py:3954} INFO - Setting next_dagrun for latest_only to 2026-06-21 12:00:00+00:00, run_after=2026-06-21 16:00:00+00:00
[2026-06-21T22:05:31.987+0300] {processor.py:183} INFO - Processing /media/data/omar/programming course/DEPI/DEPI project/anomx/venv/lib/python3.12/site-packages/airflow/example_dags/example_latest_only.py took 0.083 seconds
[2026-06-21T22:06:28.937+0300] {processor.py:161} INFO - Started process (PID=18085) to work on /media/data/omar/programming course/DEPI/DEPI project/anomx/venv/lib/python3.12/site-packages/airflow/example_dags/example_latest_only.py
[2026-06-21T22:06:28.939+0300] {processor.py:830} INFO - Processing file /media/data/omar/programming course/DEPI/DEPI project/anomx/venv/lib/python3.12/site-packages/airflow/example_dags/example_latest_only.py for tasks to queue
[2026-06-21T22:06:28.944+0300] {logging_mixin.py:188} INFO - [2026-06-21T22:06:28.943+0300] {dagbag.py:540} INFO - Filling up the DagBag from /media/data/omar/programming course/DEPI/DEPI project/anomx/venv/lib/python3.12/site-packages/airflow/example_dags/example_latest_only.py
[2026-06-21T22:06:28.953+0300] {processor.py:840} INFO - DAG(s) 'latest_only' retrieved from /media/data/omar/programming course/DEPI/DEPI project/anomx/venv/lib/python3.12/site-packages/airflow/example_dags/example_latest_only.py
[2026-06-21T22:06:28.970+0300] {logging_mixin.py:188} INFO - [2026-06-21T22:06:28.969+0300] {dag.py:3096} INFO - Sync 1 DAGs
[2026-06-21T22:06:28.988+0300] {logging_mixin.py:188} INFO - [2026-06-21T22:06:28.987+0300] {dag.py:3954} INFO - Setting next_dagrun for latest_only to 2026-06-21 12:00:00+00:00, run_after=2026-06-21 16:00:00+00:00
[2026-06-21T22:06:29.016+0300] {processor.py:183} INFO - Processing /media/data/omar/programming course/DEPI/DEPI project/anomx/venv/lib/python3.12/site-packages/airflow/example_dags/example_latest_only.py took 0.093 seconds
[2026-06-21T22:07:27.469+0300] {processor.py:161} INFO - Started process (PID=18177) to work on /media/data/omar/programming course/DEPI/DEPI project/anomx/venv/lib/python3.12/site-packages/airflow/example_dags/example_latest_only.py
[2026-06-21T22:07:27.470+0300] {processor.py:830} INFO - Processing file /media/data/omar/programming course/DEPI/DEPI project/anomx/venv/lib/python3.12/site-packages/airflow/example_dags/example_latest_only.py for tasks to queue
[2026-06-21T22:07:27.474+0300] {logging_mixin.py:188} INFO - [2026-06-21T22:07:27.473+0300] {dagbag.py:540} INFO - Filling up the DagBag from /media/data/omar/programming course/DEPI/DEPI project/anomx/venv/lib/python3.12/site-packages/airflow/example_dags/example_latest_only.py
[2026-06-21T22:07:27.481+0300] {processor.py:840} INFO - DAG(s) 'latest_only' retrieved from /media/data/omar/programming course/DEPI/DEPI project/anomx/venv/lib/python3.12/site-packages/airflow/example_dags/example_latest_only.py
[2026-06-21T22:07:27.497+0300] {logging_mixin.py:188} INFO - [2026-06-21T22:07:27.496+0300] {dag.py:3096} INFO - Sync 1 DAGs
[2026-06-21T22:07:27.593+0300] {logging_mixin.py:188} INFO - [2026-06-21T22:07:27.593+0300] {dag.py:3954} INFO - Setting next_dagrun for latest_only to 2026-06-21 12:00:00+00:00, run_after=2026-06-21 16:00:00+00:00
[2026-06-21T22:07:27.630+0300] {processor.py:183} INFO - Processing /media/data/omar/programming course/DEPI/DEPI project/anomx/venv/lib/python3.12/site-packages/airflow/example_dags/example_latest_only.py took 0.176 seconds
[2026-06-21T22:08:24.746+0300] {processor.py:161} INFO - Started process (PID=18259) to work on /media/data/omar/programming course/DEPI/DEPI project/anomx/venv/lib/python3.12/site-packages/airflow/example_dags/example_latest_only.py
[2026-06-21T22:08:24.748+0300] {processor.py:830} INFO - Processing file /media/data/omar/programming course/DEPI/DEPI project/anomx/venv/lib/python3.12/site-packages/airflow/example_dags/example_latest_only.py for tasks to queue
[2026-06-21T22:08:24.751+0300] {logging_mixin.py:188} INFO - [2026-06-21T22:08:24.750+0300] {dagbag.py:540} INFO - Filling up the DagBag from /media/data/omar/programming course/DEPI/DEPI project/anomx/venv/lib/python3.12/site-packages/airflow/example_dags/example_latest_only.py
[2026-06-21T22:08:24.758+0300] {processor.py:840} INFO - DAG(s) 'latest_only' retrieved from /media/data/omar/programming course/DEPI/DEPI project/anomx/venv/lib/python3.12/site-packages/airflow/example_dags/example_latest_only.py
[2026-06-21T22:08:24.774+0300] {logging_mixin.py:188} INFO - [2026-06-21T22:08:24.773+0300] {dag.py:3096} INFO - Sync 1 DAGs
[2026-06-21T22:08:24.790+0300] {logging_mixin.py:188} INFO - [2026-06-21T22:08:24.790+0300] {dag.py:3954} INFO - Setting next_dagrun for latest_only to 2026-06-21 12:00:00+00:00, run_after=2026-06-21 16:00:00+00:00
[2026-06-21T22:08:24.819+0300] {processor.py:183} INFO - Processing /media/data/omar/programming course/DEPI/DEPI project/anomx/venv/lib/python3.12/site-packages/airflow/example_dags/example_latest_only.py took 0.087 seconds
[2026-06-21T22:09:21.495+0300] {processor.py:161} INFO - Started process (PID=18451) to work on /media/data/omar/programming course/DEPI/DEPI project/anomx/venv/lib/python3.12/site-packages/airflow/example_dags/example_latest_only.py
[2026-06-21T22:09:21.496+0300] {processor.py:830} INFO - Processing file /media/data/omar/programming course/DEPI/DEPI project/anomx/venv/lib/python3.12/site-packages/airflow/example_dags/example_latest_only.py for tasks to queue
[2026-06-21T22:09:21.498+0300] {logging_mixin.py:188} INFO - [2026-06-21T22:09:21.497+0300] {dagbag.py:540} INFO - Filling up the DagBag from /media/data/omar/programming course/DEPI/DEPI project/anomx/venv/lib/python3.12/site-packages/airflow/example_dags/example_latest_only.py
[2026-06-21T22:09:21.504+0300] {processor.py:840} INFO - DAG(s) 'latest_only' retrieved from /media/data/omar/programming course/DEPI/DEPI project/anomx/venv/lib/python3.12/site-packages/airflow/example_dags/example_latest_only.py
[2026-06-21T22:09:21.520+0300] {logging_mixin.py:188} INFO - [2026-06-21T22:09:21.519+0300] {dag.py:3096} INFO - Sync 1 DAGs
[2026-06-21T22:09:21.538+0300] {logging_mixin.py:188} INFO - [2026-06-21T22:09:21.538+0300] {dag.py:3954} INFO - Setting next_dagrun for latest_only to 2026-06-21 12:00:00+00:00, run_after=2026-06-21 16:00:00+00:00
[2026-06-21T22:09:21.566+0300] {processor.py:183} INFO - Processing /media/data/omar/programming course/DEPI/DEPI project/anomx/venv/lib/python3.12/site-packages/airflow/example_dags/example_latest_only.py took 0.078 seconds
[2026-06-21T22:10:27.303+0300] {processor.py:161} INFO - Started process (PID=18676) to work on /media/data/omar/programming course/DEPI/DEPI project/anomx/venv/lib/python3.12/site-packages/airflow/example_dags/example_latest_only.py
[2026-06-21T22:10:27.304+0300] {processor.py:830} INFO - Processing file /media/data/omar/programming course/DEPI/DEPI project/anomx/venv/lib/python3.12/site-packages/airflow/example_dags/example_latest_only.py for tasks to queue
[2026-06-21T22:10:27.306+0300] {logging_mixin.py:188} INFO - [2026-06-21T22:10:27.306+0300] {dagbag.py:540} INFO - Filling up the DagBag from /media/data/omar/programming course/DEPI/DEPI project/anomx/venv/lib/python3.12/site-packages/airflow/example_dags/example_latest_only.py
[2026-06-21T22:10:27.313+0300] {processor.py:840} INFO - DAG(s) 'latest_only' retrieved from /media/data/omar/programming course/DEPI/DEPI project/anomx/venv/lib/python3.12/site-packages/airflow/example_dags/example_latest_only.py
[2026-06-21T22:10:27.348+0300] {logging_mixin.py:188} INFO - [2026-06-21T22:10:27.348+0300] {dag.py:3096} INFO - Sync 1 DAGs
[2026-06-21T22:10:27.463+0300] {logging_mixin.py:188} INFO - [2026-06-21T22:10:27.463+0300] {dag.py:3954} INFO - Setting next_dagrun for latest_only to 2026-06-21 12:00:00+00:00, run_after=2026-06-21 16:00:00+00:00
[2026-06-21T22:10:27.491+0300] {processor.py:183} INFO - Processing /media/data/omar/programming course/DEPI/DEPI project/anomx/venv/lib/python3.12/site-packages/airflow/example_dags/example_latest_only.py took 0.209 seconds
[2026-06-21T22:11:27.303+0300] {processor.py:161} INFO - Started process (PID=18829) to work on /media/data/omar/programming course/DEPI/DEPI project/anomx/venv/lib/python3.12/site-packages/airflow/example_dags/example_latest_only.py
[2026-06-21T22:11:27.304+0300] {processor.py:830} INFO - Processing file /media/data/omar/programming course/DEPI/DEPI project/anomx/venv/lib/python3.12/site-packages/airflow/example_dags/example_latest_only.py for tasks to queue
[2026-06-21T22:11:27.306+0300] {logging_mixin.py:188} INFO - [2026-06-21T22:11:27.305+0300] {dagbag.py:540} INFO - Filling up the DagBag from /media/data/omar/programming course/DEPI/DEPI project/anomx/venv/lib/python3.12/site-packages/airflow/example_dags/example_latest_only.py
[2026-06-21T22:11:27.312+0300] {processor.py:840} INFO - DAG(s) 'latest_only' retrieved from /media/data/omar/programming course/DEPI/DEPI project/anomx/venv/lib/python3.12/site-packages/airflow/example_dags/example_latest_only.py
[2026-06-21T22:11:27.331+0300] {logging_mixin.py:188} INFO - [2026-06-21T22:11:27.330+0300] {dag.py:3096} INFO - Sync 1 DAGs
[2026-06-21T22:11:27.355+0300] {logging_mixin.py:188} INFO - [2026-06-21T22:11:27.354+0300] {dag.py:3954} INFO - Setting next_dagrun for latest_only to 2026-06-21 12:00:00+00:00, run_after=2026-06-21 16:00:00+00:00
[2026-06-21T22:11:27.390+0300] {processor.py:183} INFO - Processing /media/data/omar/programming course/DEPI/DEPI project/anomx/venv/lib/python3.12/site-packages/airflow/example_dags/example_latest_only.py took 0.096 seconds
[2026-06-21T22:12:17.457+0300] {processor.py:161} INFO - Started process (PID=18923) to work on /media/data/omar/programming course/DEPI/DEPI project/anomx/venv/lib/python3.12/site-packages/airflow/example_dags/example_latest_only.py
[2026-06-21T22:12:17.458+0300] {processor.py:830} INFO - Processing file /media/data/omar/programming course/DEPI/DEPI project/anomx/venv/lib/python3.12/site-packages/airflow/example_dags/example_latest_only.py for tasks to queue
[2026-06-21T22:12:17.459+0300] {logging_mixin.py:188} INFO - [2026-06-21T22:12:17.459+0300] {dagbag.py:540} INFO - Filling up the DagBag from /media/data/omar/programming course/DEPI/DEPI project/anomx/venv/lib/python3.12/site-packages/airflow/example_dags/example_latest_only.py
[2026-06-21T22:12:17.464+0300] {processor.py:840} INFO - DAG(s) 'latest_only' retrieved from /media/data/omar/programming course/DEPI/DEPI project/anomx/venv/lib/python3.12/site-packages/airflow/example_dags/example_latest_only.py
[2026-06-21T22:12:17.477+0300] {logging_mixin.py:188} INFO - [2026-06-21T22:12:17.477+0300] {dag.py:3096} INFO - Sync 1 DAGs
[2026-06-21T22:12:17.493+0300] {logging_mixin.py:188} INFO - [2026-06-21T22:12:17.492+0300] {dag.py:3954} INFO - Setting next_dagrun for latest_only to 2026-06-21 12:00:00+00:00, run_after=2026-06-21 16:00:00+00:00
[2026-06-21T22:12:17.518+0300] {processor.py:183} INFO - Processing /media/data/omar/programming course/DEPI/DEPI project/anomx/venv/lib/python3.12/site-packages/airflow/example_dags/example_latest_only.py took 0.066 seconds
[2026-06-21T22:14:00.890+0300] {processor.py:161} INFO - Started process (PID=19137) to work on /media/data/omar/programming course/DEPI/DEPI project/anomx/venv/lib/python3.12/site-packages/airflow/example_dags/example_latest_only.py
[2026-06-21T22:14:00.895+0300] {processor.py:830} INFO - Processing file /media/data/omar/programming course/DEPI/DEPI project/anomx/venv/lib/python3.12/site-packages/airflow/example_dags/example_latest_only.py for tasks to queue
[2026-06-21T22:14:00.903+0300] {logging_mixin.py:188} INFO - [2026-06-21T22:14:00.901+0300] {dagbag.py:540} INFO - Filling up the DagBag from /media/data/omar/programming course/DEPI/DEPI project/anomx/venv/lib/python3.12/site-packages/airflow/example_dags/example_latest_only.py
[2026-06-21T22:14:00.931+0300] {processor.py:840} INFO - DAG(s) 'latest_only' retrieved from /media/data/omar/programming course/DEPI/DEPI project/anomx/venv/lib/python3.12/site-packages/airflow/example_dags/example_latest_only.py
[2026-06-21T22:14:00.985+0300] {logging_mixin.py:188} INFO - [2026-06-21T22:14:00.984+0300] {dag.py:3096} INFO - Sync 1 DAGs
[2026-06-21T22:14:01.003+0300] {logging_mixin.py:188} INFO - [2026-06-21T22:14:01.002+0300] {dag.py:3954} INFO - Setting next_dagrun for latest_only to 2026-06-21 12:00:00+00:00, run_after=2026-06-21 16:00:00+00:00
[2026-06-21T22:14:01.035+0300] {processor.py:183} INFO - Processing /media/data/omar/programming course/DEPI/DEPI project/anomx/venv/lib/python3.12/site-packages/airflow/example_dags/example_latest_only.py took 0.160 seconds
[2026-06-21T22:14:59.847+0300] {processor.py:161} INFO - Started process (PID=19246) to work on /media/data/omar/programming course/DEPI/DEPI project/anomx/venv/lib/python3.12/site-packages/airflow/example_dags/example_latest_only.py
[2026-06-21T22:14:59.848+0300] {processor.py:830} INFO - Processing file /media/data/omar/programming course/DEPI/DEPI project/anomx/venv/lib/python3.12/site-packages/airflow/example_dags/example_latest_only.py for tasks to queue
[2026-06-21T22:14:59.850+0300] {logging_mixin.py:188} INFO - [2026-06-21T22:14:59.849+0300] {dagbag.py:540} INFO - Filling up the DagBag from /media/data/omar/programming course/DEPI/DEPI project/anomx/venv/lib/python3.12/site-packages/airflow/example_dags/example_latest_only.py
[2026-06-21T22:14:59.857+0300] {processor.py:840} INFO - DAG(s) 'latest_only' retrieved from /media/data/omar/programming course/DEPI/DEPI project/anomx/venv/lib/python3.12/site-packages/airflow/example_dags/example_latest_only.py
[2026-06-21T22:14:59.875+0300] {logging_mixin.py:188} INFO - [2026-06-21T22:14:59.874+0300] {dag.py:3096} INFO - Sync 1 DAGs
[2026-06-21T22:14:59.895+0300] {logging_mixin.py:188} INFO - [2026-06-21T22:14:59.894+0300] {dag.py:3954} INFO - Setting next_dagrun for latest_only to 2026-06-21 12:00:00+00:00, run_after=2026-06-21 16:00:00+00:00
[2026-06-21T22:14:59.924+0300] {processor.py:183} INFO - Processing /media/data/omar/programming course/DEPI/DEPI project/anomx/venv/lib/python3.12/site-packages/airflow/example_dags/example_latest_only.py took 0.088 seconds
[2026-06-21T22:15:55.195+0300] {processor.py:161} INFO - Started process (PID=19605) to work on /media/data/omar/programming course/DEPI/DEPI project/anomx/venv/lib/python3.12/site-packages/airflow/example_dags/example_latest_only.py
[2026-06-21T22:15:55.197+0300] {processor.py:830} INFO - Processing file /media/data/omar/programming course/DEPI/DEPI project/anomx/venv/lib/python3.12/site-packages/airflow/example_dags/example_latest_only.py for tasks to queue
[2026-06-21T22:15:55.201+0300] {logging_mixin.py:188} INFO - [2026-06-21T22:15:55.199+0300] {dagbag.py:540} INFO - Filling up the DagBag from /media/data/omar/programming course/DEPI/DEPI project/anomx/venv/lib/python3.12/site-packages/airflow/example_dags/example_latest_only.py
[2026-06-21T22:15:55.211+0300] {processor.py:840} INFO - DAG(s) 'latest_only' retrieved from /media/data/omar/programming course/DEPI/DEPI project/anomx/venv/lib/python3.12/site-packages/airflow/example_dags/example_latest_only.py
[2026-06-21T22:15:55.229+0300] {logging_mixin.py:188} INFO - [2026-06-21T22:15:55.229+0300] {dag.py:3096} INFO - Sync 1 DAGs
[2026-06-21T22:15:55.244+0300] {logging_mixin.py:188} INFO - [2026-06-21T22:15:55.244+0300] {dag.py:3954} INFO - Setting next_dagrun for latest_only to 2026-06-21 12:00:00+00:00, run_after=2026-06-21 16:00:00+00:00
[2026-06-21T22:15:55.269+0300] {processor.py:183} INFO - Processing /media/data/omar/programming course/DEPI/DEPI project/anomx/venv/lib/python3.12/site-packages/airflow/example_dags/example_latest_only.py took 0.087 seconds
[2026-06-21T22:16:52.604+0300] {processor.py:161} INFO - Started process (PID=19726) to work on /media/data/omar/programming course/DEPI/DEPI project/anomx/venv/lib/python3.12/site-packages/airflow/example_dags/example_latest_only.py
[2026-06-21T22:16:52.605+0300] {processor.py:830} INFO - Processing file /media/data/omar/programming course/DEPI/DEPI project/anomx/venv/lib/python3.12/site-packages/airflow/example_dags/example_latest_only.py for tasks to queue
[2026-06-21T22:16:52.607+0300] {logging_mixin.py:188} INFO - [2026-06-21T22:16:52.606+0300] {dagbag.py:540} INFO - Filling up the DagBag from /media/data/omar/programming course/DEPI/DEPI project/anomx/venv/lib/python3.12/site-packages/airflow/example_dags/example_latest_only.py
[2026-06-21T22:16:52.613+0300] {processor.py:840} INFO - DAG(s) 'latest_only' retrieved from /media/data/omar/programming course/DEPI/DEPI project/anomx/venv/lib/python3.12/site-packages/airflow/example_dags/example_latest_only.py
[2026-06-21T22:16:52.632+0300] {logging_mixin.py:188} INFO - [2026-06-21T22:16:52.632+0300] {dag.py:3096} INFO - Sync 1 DAGs
[2026-06-21T22:16:52.651+0300] {logging_mixin.py:188} INFO - [2026-06-21T22:16:52.650+0300] {dag.py:3954} INFO - Setting next_dagrun for latest_only to 2026-06-21 12:00:00+00:00, run_after=2026-06-21 16:00:00+00:00
[2026-06-21T22:16:52.683+0300] {processor.py:183} INFO - Processing /media/data/omar/programming course/DEPI/DEPI project/anomx/venv/lib/python3.12/site-packages/airflow/example_dags/example_latest_only.py took 0.085 seconds
[2026-06-21T22:17:53.363+0300] {processor.py:161} INFO - Started process (PID=19901) to work on /media/data/omar/programming course/DEPI/DEPI project/anomx/venv/lib/python3.12/site-packages/airflow/example_dags/example_latest_only.py
[2026-06-21T22:17:53.366+0300] {processor.py:830} INFO - Processing file /media/data/omar/programming course/DEPI/DEPI project/anomx/venv/lib/python3.12/site-packages/airflow/example_dags/example_latest_only.py for tasks to queue
[2026-06-21T22:17:53.369+0300] {logging_mixin.py:188} INFO - [2026-06-21T22:17:53.368+0300] {dagbag.py:540} INFO - Filling up the DagBag from /media/data/omar/programming course/DEPI/DEPI project/anomx/venv/lib/python3.12/site-packages/airflow/example_dags/example_latest_only.py
[2026-06-21T22:17:53.374+0300] {processor.py:840} INFO - DAG(s) 'latest_only' retrieved from /media/data/omar/programming course/DEPI/DEPI project/anomx/venv/lib/python3.12/site-packages/airflow/example_dags/example_latest_only.py
[2026-06-21T22:17:53.392+0300] {logging_mixin.py:188} INFO - [2026-06-21T22:17:53.392+0300] {dag.py:3096} INFO - Sync 1 DAGs
[2026-06-21T22:17:53.435+0300] {logging_mixin.py:188} INFO - [2026-06-21T22:17:53.435+0300] {dag.py:3954} INFO - Setting next_dagrun for latest_only to 2026-06-21 12:00:00+00:00, run_after=2026-06-21 16:00:00+00:00
[2026-06-21T22:17:53.496+0300] {processor.py:183} INFO - Processing /media/data/omar/programming course/DEPI/DEPI project/anomx/venv/lib/python3.12/site-packages/airflow/example_dags/example_latest_only.py took 0.139 seconds
[2026-06-21T22:18:49.999+0300] {processor.py:161} INFO - Started process (PID=19994) to work on /media/data/omar/programming course/DEPI/DEPI project/anomx/venv/lib/python3.12/site-packages/airflow/example_dags/example_latest_only.py
[2026-06-21T22:18:50.001+0300] {processor.py:830} INFO - Processing file /media/data/omar/programming course/DEPI/DEPI project/anomx/venv/lib/python3.12/site-packages/airflow/example_dags/example_latest_only.py for tasks to queue
[2026-06-21T22:18:50.003+0300] {logging_mixin.py:188} INFO - [2026-06-21T22:18:50.002+0300] {dagbag.py:540} INFO - Filling up the DagBag from /media/data/omar/programming course/DEPI/DEPI project/anomx/venv/lib/python3.12/site-packages/airflow/example_dags/example_latest_only.py
[2026-06-21T22:18:50.012+0300] {processor.py:840} INFO - DAG(s) 'latest_only' retrieved from /media/data/omar/programming course/DEPI/DEPI project/anomx/venv/lib/python3.12/site-packages/airflow/example_dags/example_latest_only.py
[2026-06-21T22:18:50.044+0300] {logging_mixin.py:188} INFO - [2026-06-21T22:18:50.043+0300] {dag.py:3096} INFO - Sync 1 DAGs
[2026-06-21T22:18:50.082+0300] {logging_mixin.py:188} INFO - [2026-06-21T22:18:50.081+0300] {dag.py:3954} INFO - Setting next_dagrun for latest_only to 2026-06-21 12:00:00+00:00, run_after=2026-06-21 16:00:00+00:00
[2026-06-21T22:18:50.152+0300] {processor.py:183} INFO - Processing /media/data/omar/programming course/DEPI/DEPI project/anomx/venv/lib/python3.12/site-packages/airflow/example_dags/example_latest_only.py took 0.166 seconds
[2026-06-21T22:19:46.636+0300] {processor.py:161} INFO - Started process (PID=20105) to work on /media/data/omar/programming course/DEPI/DEPI project/anomx/venv/lib/python3.12/site-packages/airflow/example_dags/example_latest_only.py
[2026-06-21T22:19:46.637+0300] {processor.py:830} INFO - Processing file /media/data/omar/programming course/DEPI/DEPI project/anomx/venv/lib/python3.12/site-packages/airflow/example_dags/example_latest_only.py for tasks to queue
[2026-06-21T22:19:46.639+0300] {logging_mixin.py:188} INFO - [2026-06-21T22:19:46.638+0300] {dagbag.py:540} INFO - Filling up the DagBag from /media/data/omar/programming course/DEPI/DEPI project/anomx/venv/lib/python3.12/site-packages/airflow/example_dags/example_latest_only.py
[2026-06-21T22:19:46.657+0300] {processor.py:840} INFO - DAG(s) 'latest_only' retrieved from /media/data/omar/programming course/DEPI/DEPI project/anomx/venv/lib/python3.12/site-packages/airflow/example_dags/example_latest_only.py
[2026-06-21T22:19:46.694+0300] {logging_mixin.py:188} INFO - [2026-06-21T22:19:46.693+0300] {dag.py:3096} INFO - Sync 1 DAGs
[2026-06-21T22:19:46.768+0300] {logging_mixin.py:188} INFO - [2026-06-21T22:19:46.767+0300] {dag.py:3954} INFO - Setting next_dagrun for latest_only to 2026-06-21 12:00:00+00:00, run_after=2026-06-21 16:00:00+00:00
[2026-06-21T22:19:46.831+0300] {processor.py:183} INFO - Processing /media/data/omar/programming course/DEPI/DEPI project/anomx/venv/lib/python3.12/site-packages/airflow/example_dags/example_latest_only.py took 0.212 seconds
[2026-06-21T22:21:19.829+0300] {processor.py:161} INFO - Started process (PID=20264) to work on /media/data/omar/programming course/DEPI/DEPI project/anomx/venv/lib/python3.12/site-packages/airflow/example_dags/example_latest_only.py
[2026-06-21T22:21:19.832+0300] {processor.py:830} INFO - Processing file /media/data/omar/programming course/DEPI/DEPI project/anomx/venv/lib/python3.12/site-packages/airflow/example_dags/example_latest_only.py for tasks to queue
[2026-06-21T22:21:19.837+0300] {logging_mixin.py:188} INFO - [2026-06-21T22:21:19.835+0300] {dagbag.py:540} INFO - Filling up the DagBag from /media/data/omar/programming course/DEPI/DEPI project/anomx/venv/lib/python3.12/site-packages/airflow/example_dags/example_latest_only.py
[2026-06-21T22:21:19.847+0300] {processor.py:840} INFO - DAG(s) 'latest_only' retrieved from /media/data/omar/programming course/DEPI/DEPI project/anomx/venv/lib/python3.12/site-packages/airflow/example_dags/example_latest_only.py
[2026-06-21T22:21:19.878+0300] {logging_mixin.py:188} INFO - [2026-06-21T22:21:19.877+0300] {dag.py:3096} INFO - Sync 1 DAGs
[2026-06-21T22:21:19.897+0300] {logging_mixin.py:188} INFO - [2026-06-21T22:21:19.897+0300] {dag.py:3954} INFO - Setting next_dagrun for latest_only to 2026-06-21 12:00:00+00:00, run_after=2026-06-21 16:00:00+00:00
[2026-06-21T22:21:19.924+0300] {processor.py:183} INFO - Processing /media/data/omar/programming course/DEPI/DEPI project/anomx/venv/lib/python3.12/site-packages/airflow/example_dags/example_latest_only.py took 0.112 seconds
[2026-06-21T22:23:32.088+0300] {processor.py:161} INFO - Started process (PID=20493) to work on /media/data/omar/programming course/DEPI/DEPI project/anomx/venv/lib/python3.12/site-packages/airflow/example_dags/example_latest_only.py
[2026-06-21T22:23:32.088+0300] {processor.py:830} INFO - Processing file /media/data/omar/programming course/DEPI/DEPI project/anomx/venv/lib/python3.12/site-packages/airflow/example_dags/example_latest_only.py for tasks to queue
[2026-06-21T22:23:32.090+0300] {logging_mixin.py:188} INFO - [2026-06-21T22:23:32.089+0300] {dagbag.py:540} INFO - Filling up the DagBag from /media/data/omar/programming course/DEPI/DEPI project/anomx/venv/lib/python3.12/site-packages/airflow/example_dags/example_latest_only.py
[2026-06-21T22:23:32.094+0300] {processor.py:840} INFO - DAG(s) 'latest_only' retrieved from /media/data/omar/programming course/DEPI/DEPI project/anomx/venv/lib/python3.12/site-packages/airflow/example_dags/example_latest_only.py
[2026-06-21T22:23:32.110+0300] {logging_mixin.py:188} INFO - [2026-06-21T22:23:32.110+0300] {dag.py:3096} INFO - Sync 1 DAGs
[2026-06-21T22:23:32.126+0300] {logging_mixin.py:188} INFO - [2026-06-21T22:23:32.126+0300] {dag.py:3954} INFO - Setting next_dagrun for latest_only to 2026-06-21 12:00:00+00:00, run_after=2026-06-21 16:00:00+00:00
[2026-06-21T22:23:32.152+0300] {processor.py:183} INFO - Processing /media/data/omar/programming course/DEPI/DEPI project/anomx/venv/lib/python3.12/site-packages/airflow/example_dags/example_latest_only.py took 0.069 seconds
[2026-06-21T22:24:29.003+0300] {processor.py:161} INFO - Started process (PID=20586) to work on /media/data/omar/programming course/DEPI/DEPI project/anomx/venv/lib/python3.12/site-packages/airflow/example_dags/example_latest_only.py
[2026-06-21T22:24:29.010+0300] {processor.py:830} INFO - Processing file /media/data/omar/programming course/DEPI/DEPI project/anomx/venv/lib/python3.12/site-packages/airflow/example_dags/example_latest_only.py for tasks to queue
[2026-06-21T22:24:29.019+0300] {logging_mixin.py:188} INFO - [2026-06-21T22:24:29.017+0300] {dagbag.py:540} INFO - Filling up the DagBag from /media/data/omar/programming course/DEPI/DEPI project/anomx/venv/lib/python3.12/site-packages/airflow/example_dags/example_latest_only.py
[2026-06-21T22:24:29.036+0300] {processor.py:840} INFO - DAG(s) 'latest_only' retrieved from /media/data/omar/programming course/DEPI/DEPI project/anomx/venv/lib/python3.12/site-packages/airflow/example_dags/example_latest_only.py
[2026-06-21T22:24:29.063+0300] {logging_mixin.py:188} INFO - [2026-06-21T22:24:29.062+0300] {dag.py:3096} INFO - Sync 1 DAGs
[2026-06-21T22:24:29.083+0300] {logging_mixin.py:188} INFO - [2026-06-21T22:24:29.083+0300] {dag.py:3954} INFO - Setting next_dagrun for latest_only to 2026-06-21 12:00:00+00:00, run_after=2026-06-21 16:00:00+00:00
[2026-06-21T22:24:29.127+0300] {processor.py:183} INFO - Processing /media/data/omar/programming course/DEPI/DEPI project/anomx/venv/lib/python3.12/site-packages/airflow/example_dags/example_latest_only.py took 0.139 seconds
[2026-06-21T22:48:20.105+0300] {processor.py:161} INFO - Started process (PID=22155) to work on /media/data/omar/programming course/DEPI/DEPI project/anomx/venv/lib/python3.12/site-packages/airflow/example_dags/example_latest_only.py
[2026-06-21T22:48:20.107+0300] {processor.py:830} INFO - Processing file /media/data/omar/programming course/DEPI/DEPI project/anomx/venv/lib/python3.12/site-packages/airflow/example_dags/example_latest_only.py for tasks to queue
[2026-06-21T22:48:20.110+0300] {logging_mixin.py:188} INFO - [2026-06-21T22:48:20.109+0300] {dagbag.py:540} INFO - Filling up the DagBag from /media/data/omar/programming course/DEPI/DEPI project/anomx/venv/lib/python3.12/site-packages/airflow/example_dags/example_latest_only.py
[2026-06-21T22:48:20.120+0300] {processor.py:840} INFO - DAG(s) 'latest_only' retrieved from /media/data/omar/programming course/DEPI/DEPI project/anomx/venv/lib/python3.12/site-packages/airflow/example_dags/example_latest_only.py
[2026-06-21T22:48:20.140+0300] {logging_mixin.py:188} INFO - [2026-06-21T22:48:20.139+0300] {dag.py:3096} INFO - Sync 1 DAGs
[2026-06-21T22:48:20.152+0300] {logging_mixin.py:188} INFO - [2026-06-21T22:48:20.151+0300] {dag.py:3118} INFO - Creating ORM DAG for latest_only
[2026-06-21T22:48:20.162+0300] {logging_mixin.py:188} INFO - [2026-06-21T22:48:20.161+0300] {dag.py:3954} INFO - Setting next_dagrun for latest_only to 2026-06-21 12:00:00+00:00, run_after=2026-06-21 16:00:00+00:00
[2026-06-21T22:48:20.193+0300] {processor.py:183} INFO - Processing /media/data/omar/programming course/DEPI/DEPI project/anomx/venv/lib/python3.12/site-packages/airflow/example_dags/example_latest_only.py took 0.098 seconds
[2026-06-21T22:49:18.234+0300] {processor.py:161} INFO - Started process (PID=22247) to work on /media/data/omar/programming course/DEPI/DEPI project/anomx/venv/lib/python3.12/site-packages/airflow/example_dags/example_latest_only.py
[2026-06-21T22:49:18.236+0300] {processor.py:830} INFO - Processing file /media/data/omar/programming course/DEPI/DEPI project/anomx/venv/lib/python3.12/site-packages/airflow/example_dags/example_latest_only.py for tasks to queue
[2026-06-21T22:49:18.238+0300] {logging_mixin.py:188} INFO - [2026-06-21T22:49:18.238+0300] {dagbag.py:540} INFO - Filling up the DagBag from /media/data/omar/programming course/DEPI/DEPI project/anomx/venv/lib/python3.12/site-packages/airflow/example_dags/example_latest_only.py
[2026-06-21T22:49:18.245+0300] {processor.py:840} INFO - DAG(s) 'latest_only' retrieved from /media/data/omar/programming course/DEPI/DEPI project/anomx/venv/lib/python3.12/site-packages/airflow/example_dags/example_latest_only.py
[2026-06-21T22:49:18.262+0300] {logging_mixin.py:188} INFO - [2026-06-21T22:49:18.262+0300] {dag.py:3096} INFO - Sync 1 DAGs
[2026-06-21T22:49:18.280+0300] {logging_mixin.py:188} INFO - [2026-06-21T22:49:18.280+0300] {dag.py:3954} INFO - Setting next_dagrun for latest_only to 2026-06-21 12:00:00+00:00, run_after=2026-06-21 16:00:00+00:00
[2026-06-21T22:49:18.310+0300] {processor.py:183} INFO - Processing /media/data/omar/programming course/DEPI/DEPI project/anomx/venv/lib/python3.12/site-packages/airflow/example_dags/example_latest_only.py took 0.086 seconds
[2026-06-21T22:50:15.996+0300] {processor.py:161} INFO - Started process (PID=22337) to work on /media/data/omar/programming course/DEPI/DEPI project/anomx/venv/lib/python3.12/site-packages/airflow/example_dags/example_latest_only.py
[2026-06-21T22:50:15.997+0300] {processor.py:830} INFO - Processing file /media/data/omar/programming course/DEPI/DEPI project/anomx/venv/lib/python3.12/site-packages/airflow/example_dags/example_latest_only.py for tasks to queue
[2026-06-21T22:50:15.999+0300] {logging_mixin.py:188} INFO - [2026-06-21T22:50:15.999+0300] {dagbag.py:540} INFO - Filling up the DagBag from /media/data/omar/programming course/DEPI/DEPI project/anomx/venv/lib/python3.12/site-packages/airflow/example_dags/example_latest_only.py
[2026-06-21T22:50:16.007+0300] {processor.py:840} INFO - DAG(s) 'latest_only' retrieved from /media/data/omar/programming course/DEPI/DEPI project/anomx/venv/lib/python3.12/site-packages/airflow/example_dags/example_latest_only.py
[2026-06-21T22:50:16.025+0300] {logging_mixin.py:188} INFO - [2026-06-21T22:50:16.025+0300] {dag.py:3096} INFO - Sync 1 DAGs
[2026-06-21T22:50:16.044+0300] {logging_mixin.py:188} INFO - [2026-06-21T22:50:16.044+0300] {dag.py:3954} INFO - Setting next_dagrun for latest_only to 2026-06-21 12:00:00+00:00, run_after=2026-06-21 16:00:00+00:00
[2026-06-21T22:50:16.076+0300] {processor.py:183} INFO - Processing /media/data/omar/programming course/DEPI/DEPI project/anomx/venv/lib/python3.12/site-packages/airflow/example_dags/example_latest_only.py took 0.087 seconds
[2026-06-21T22:51:15.379+0300] {processor.py:161} INFO - Started process (PID=22599) to work on /media/data/omar/programming course/DEPI/DEPI project/anomx/venv/lib/python3.12/site-packages/airflow/example_dags/example_latest_only.py
[2026-06-21T22:51:15.381+0300] {processor.py:830} INFO - Processing file /media/data/omar/programming course/DEPI/DEPI project/anomx/venv/lib/python3.12/site-packages/airflow/example_dags/example_latest_only.py for tasks to queue
[2026-06-21T22:51:15.386+0300] {logging_mixin.py:188} INFO - [2026-06-21T22:51:15.385+0300] {dagbag.py:540} INFO - Filling up the DagBag from /media/data/omar/programming course/DEPI/DEPI project/anomx/venv/lib/python3.12/site-packages/airflow/example_dags/example_latest_only.py
[2026-06-21T22:51:15.404+0300] {processor.py:840} INFO - DAG(s) 'latest_only' retrieved from /media/data/omar/programming course/DEPI/DEPI project/anomx/venv/lib/python3.12/site-packages/airflow/example_dags/example_latest_only.py
[2026-06-21T22:51:15.511+0300] {logging_mixin.py:188} INFO - [2026-06-21T22:51:15.504+0300] {dag.py:3096} INFO - Sync 1 DAGs
[2026-06-21T22:51:15.578+0300] {logging_mixin.py:188} INFO - [2026-06-21T22:51:15.575+0300] {dag.py:3954} INFO - Setting next_dagrun for latest_only to 2026-06-21 12:00:00+00:00, run_after=2026-06-21 16:00:00+00:00
[2026-06-21T22:51:15.789+0300] {processor.py:183} INFO - Processing /media/data/omar/programming course/DEPI/DEPI project/anomx/venv/lib/python3.12/site-packages/airflow/example_dags/example_latest_only.py took 0.439 seconds
