[2026-06-21T21:38:52.841+0300] {processor.py:161} INFO - Started process (PID=15086) to work on /media/data/omar/programming course/DEPI/DEPI project/anomx/venv/lib/python3.12/site-packages/airflow/example_dags/example_time_delta_sensor_async.py
[2026-06-21T21:38:52.842+0300] {processor.py:830} INFO - Processing file /media/data/omar/programming course/DEPI/DEPI project/anomx/venv/lib/python3.12/site-packages/airflow/example_dags/example_time_delta_sensor_async.py for tasks to queue
[2026-06-21T21:38:52.844+0300] {logging_mixin.py:188} INFO - [2026-06-21T21:38:52.844+0300] {dagbag.py:540} INFO - Filling up the DagBag from /media/data/omar/programming course/DEPI/DEPI project/anomx/venv/lib/python3.12/site-packages/airflow/example_dags/example_time_delta_sensor_async.py
[2026-06-21T21:38:52.855+0300] {processor.py:840} INFO - DAG(s) 'example_time_delta_sensor_async' retrieved from /media/data/omar/programming course/DEPI/DEPI project/anomx/venv/lib/python3.12/site-packages/airflow/example_dags/example_time_delta_sensor_async.py
[2026-06-21T21:38:53.039+0300] {logging_mixin.py:188} INFO - [2026-06-21T21:38:53.038+0300] {override.py:1829} INFO - Created Permission View: can edit on DAG:example_time_delta_sensor_async
[2026-06-21T21:38:53.056+0300] {logging_mixin.py:188} INFO - [2026-06-21T21:38:53.056+0300] {override.py:1829} INFO - Created Permission View: can read on DAG:example_time_delta_sensor_async
[2026-06-21T21:38:53.071+0300] {logging_mixin.py:188} INFO - [2026-06-21T21:38:53.070+0300] {override.py:1829} INFO - Created Permission View: can delete on DAG:example_time_delta_sensor_async
[2026-06-21T21:38:53.071+0300] {logging_mixin.py:188} INFO - [2026-06-21T21:38:53.071+0300] {dag.py:3096} INFO - Sync 1 DAGs
[2026-06-21T21:38:53.080+0300] {logging_mixin.py:188} INFO - [2026-06-21T21:38:53.080+0300] {dag.py:3118} INFO - Creating ORM DAG for example_time_delta_sensor_async
[2026-06-21T21:38:53.081+0300] {logging_mixin.py:188} INFO - [2026-06-21T21:38:53.081+0300] {dag.py:3954} INFO - Setting next_dagrun for example_time_delta_sensor_async to None, run_after=None
[2026-06-21T21:38:53.110+0300] {processor.py:183} INFO - Processing /media/data/omar/programming course/DEPI/DEPI project/anomx/venv/lib/python3.12/site-packages/airflow/example_dags/example_time_delta_sensor_async.py took 0.274 seconds
[2026-06-21T21:39:59.447+0300] {processor.py:161} INFO - Started process (PID=15191) to work on /media/data/omar/programming course/DEPI/DEPI project/anomx/venv/lib/python3.12/site-packages/airflow/example_dags/example_time_delta_sensor_async.py
[2026-06-21T21:39:59.449+0300] {processor.py:830} INFO - Processing file /media/data/omar/programming course/DEPI/DEPI project/anomx/venv/lib/python3.12/site-packages/airflow/example_dags/example_time_delta_sensor_async.py for tasks to queue
[2026-06-21T21:39:59.452+0300] {logging_mixin.py:188} INFO - [2026-06-21T21:39:59.451+0300] {dagbag.py:540} INFO - Filling up the DagBag from /media/data/omar/programming course/DEPI/DEPI project/anomx/venv/lib/python3.12/site-packages/airflow/example_dags/example_time_delta_sensor_async.py
[2026-06-21T21:39:59.461+0300] {processor.py:840} INFO - DAG(s) 'example_time_delta_sensor_async' retrieved from /media/data/omar/programming course/DEPI/DEPI project/anomx/venv/lib/python3.12/site-packages/airflow/example_dags/example_time_delta_sensor_async.py
[2026-06-21T21:39:59.480+0300] {logging_mixin.py:188} INFO - [2026-06-21T21:39:59.479+0300] {dag.py:3096} INFO - Sync 1 DAGs
[2026-06-21T21:39:59.491+0300] {logging_mixin.py:188} INFO - [2026-06-21T21:39:59.491+0300] {dag.py:3954} INFO - Setting next_dagrun for example_time_delta_sensor_async to None, run_after=None
[2026-06-21T21:39:59.521+0300] {processor.py:183} INFO - Processing /media/data/omar/programming course/DEPI/DEPI project/anomx/venv/lib/python3.12/site-packages/airflow/example_dags/example_time_delta_sensor_async.py took 0.087 seconds
[2026-06-21T21:40:59.180+0300] {processor.py:161} INFO - Started process (PID=15281) to work on /media/data/omar/programming course/DEPI/DEPI project/anomx/venv/lib/python3.12/site-packages/airflow/example_dags/example_time_delta_sensor_async.py
[2026-06-21T21:40:59.181+0300] {processor.py:830} INFO - Processing file /media/data/omar/programming course/DEPI/DEPI project/anomx/venv/lib/python3.12/site-packages/airflow/example_dags/example_time_delta_sensor_async.py for tasks to queue
[2026-06-21T21:40:59.183+0300] {logging_mixin.py:188} INFO - [2026-06-21T21:40:59.183+0300] {dagbag.py:540} INFO - Filling up the DagBag from /media/data/omar/programming course/DEPI/DEPI project/anomx/venv/lib/python3.12/site-packages/airflow/example_dags/example_time_delta_sensor_async.py
[2026-06-21T21:40:59.190+0300] {processor.py:840} INFO - DAG(s) 'example_time_delta_sensor_async' retrieved from /media/data/omar/programming course/DEPI/DEPI project/anomx/venv/lib/python3.12/site-packages/airflow/example_dags/example_time_delta_sensor_async.py
[2026-06-21T21:40:59.207+0300] {logging_mixin.py:188} INFO - [2026-06-21T21:40:59.207+0300] {dag.py:3096} INFO - Sync 1 DAGs
[2026-06-21T21:40:59.218+0300] {logging_mixin.py:188} INFO - [2026-06-21T21:40:59.217+0300] {dag.py:3954} INFO - Setting next_dagrun for example_time_delta_sensor_async to None, run_after=None
[2026-06-21T21:40:59.245+0300] {processor.py:183} INFO - Processing /media/data/omar/programming course/DEPI/DEPI project/anomx/venv/lib/python3.12/site-packages/airflow/example_dags/example_time_delta_sensor_async.py took 0.076 seconds
[2026-06-21T21:42:01.669+0300] {processor.py:161} INFO - Started process (PID=15418) to work on /media/data/omar/programming course/DEPI/DEPI project/anomx/venv/lib/python3.12/site-packages/airflow/example_dags/example_time_delta_sensor_async.py
[2026-06-21T21:42:01.671+0300] {processor.py:830} INFO - Processing file /media/data/omar/programming course/DEPI/DEPI project/anomx/venv/lib/python3.12/site-packages/airflow/example_dags/example_time_delta_sensor_async.py for tasks to queue
[2026-06-21T21:42:01.677+0300] {logging_mixin.py:188} INFO - [2026-06-21T21:42:01.676+0300] {dagbag.py:540} INFO - Filling up the DagBag from /media/data/omar/programming course/DEPI/DEPI project/anomx/venv/lib/python3.12/site-packages/airflow/example_dags/example_time_delta_sensor_async.py
[2026-06-21T21:42:01.695+0300] {processor.py:840} INFO - DAG(s) 'example_time_delta_sensor_async' retrieved from /media/data/omar/programming course/DEPI/DEPI project/anomx/venv/lib/python3.12/site-packages/airflow/example_dags/example_time_delta_sensor_async.py
[2026-06-21T21:42:01.720+0300] {logging_mixin.py:188} INFO - [2026-06-21T21:42:01.719+0300] {dag.py:3096} INFO - Sync 1 DAGs
[2026-06-21T21:42:01.729+0300] {logging_mixin.py:188} INFO - [2026-06-21T21:42:01.729+0300] {dag.py:3954} INFO - Setting next_dagrun for example_time_delta_sensor_async to None, run_after=None
[2026-06-21T21:42:01.755+0300] {processor.py:183} INFO - Processing /media/data/omar/programming course/DEPI/DEPI project/anomx/venv/lib/python3.12/site-packages/airflow/example_dags/example_time_delta_sensor_async.py took 0.105 seconds
[2026-06-21T21:43:09.158+0300] {processor.py:161} INFO - Started process (PID=15646) to work on /media/data/omar/programming course/DEPI/DEPI project/anomx/venv/lib/python3.12/site-packages/airflow/example_dags/example_time_delta_sensor_async.py
[2026-06-21T21:43:09.160+0300] {processor.py:830} INFO - Processing file /media/data/omar/programming course/DEPI/DEPI project/anomx/venv/lib/python3.12/site-packages/airflow/example_dags/example_time_delta_sensor_async.py for tasks to queue
[2026-06-21T21:43:09.163+0300] {logging_mixin.py:188} INFO - [2026-06-21T21:43:09.162+0300] {dagbag.py:540} INFO - Filling up the DagBag from /media/data/omar/programming course/DEPI/DEPI project/anomx/venv/lib/python3.12/site-packages/airflow/example_dags/example_time_delta_sensor_async.py
[2026-06-21T21:43:09.170+0300] {processor.py:840} INFO - DAG(s) 'example_time_delta_sensor_async' retrieved from /media/data/omar/programming course/DEPI/DEPI project/anomx/venv/lib/python3.12/site-packages/airflow/example_dags/example_time_delta_sensor_async.py
[2026-06-21T21:43:09.187+0300] {logging_mixin.py:188} INFO - [2026-06-21T21:43:09.187+0300] {dag.py:3096} INFO - Sync 1 DAGs
[2026-06-21T21:43:09.199+0300] {logging_mixin.py:188} INFO - [2026-06-21T21:43:09.198+0300] {dag.py:3954} INFO - Setting next_dagrun for example_time_delta_sensor_async to None, run_after=None
[2026-06-21T21:43:09.228+0300] {processor.py:183} INFO - Processing /media/data/omar/programming course/DEPI/DEPI project/anomx/venv/lib/python3.12/site-packages/airflow/example_dags/example_time_delta_sensor_async.py took 0.087 seconds
[2026-06-21T21:44:07.553+0300] {processor.py:161} INFO - Started process (PID=15749) to work on /media/data/omar/programming course/DEPI/DEPI project/anomx/venv/lib/python3.12/site-packages/airflow/example_dags/example_time_delta_sensor_async.py
[2026-06-21T21:44:07.554+0300] {processor.py:830} INFO - Processing file /media/data/omar/programming course/DEPI/DEPI project/anomx/venv/lib/python3.12/site-packages/airflow/example_dags/example_time_delta_sensor_async.py for tasks to queue
[2026-06-21T21:44:07.556+0300] {logging_mixin.py:188} INFO - [2026-06-21T21:44:07.555+0300] {dagbag.py:540} INFO - Filling up the DagBag from /media/data/omar/programming course/DEPI/DEPI project/anomx/venv/lib/python3.12/site-packages/airflow/example_dags/example_time_delta_sensor_async.py
[2026-06-21T21:44:07.568+0300] {processor.py:840} INFO - DAG(s) 'example_time_delta_sensor_async' retrieved from /media/data/omar/programming course/DEPI/DEPI project/anomx/venv/lib/python3.12/site-packages/airflow/example_dags/example_time_delta_sensor_async.py
[2026-06-21T21:44:07.596+0300] {logging_mixin.py:188} INFO - [2026-06-21T21:44:07.595+0300] {dag.py:3096} INFO - Sync 1 DAGs
[2026-06-21T21:44:07.612+0300] {logging_mixin.py:188} INFO - [2026-06-21T21:44:07.612+0300] {dag.py:3954} INFO - Setting next_dagrun for example_time_delta_sensor_async to None, run_after=None
[2026-06-21T21:44:07.670+0300] {processor.py:183} INFO - Processing /media/data/omar/programming course/DEPI/DEPI project/anomx/venv/lib/python3.12/site-packages/airflow/example_dags/example_time_delta_sensor_async.py took 0.125 seconds
[2026-06-21T21:46:45.778+0300] {processor.py:161} INFO - Started process (PID=16060) to work on /media/data/omar/programming course/DEPI/DEPI project/anomx/venv/lib/python3.12/site-packages/airflow/example_dags/example_time_delta_sensor_async.py
[2026-06-21T21:46:45.779+0300] {processor.py:830} INFO - Processing file /media/data/omar/programming course/DEPI/DEPI project/anomx/venv/lib/python3.12/site-packages/airflow/example_dags/example_time_delta_sensor_async.py for tasks to queue
[2026-06-21T21:46:45.782+0300] {logging_mixin.py:188} INFO - [2026-06-21T21:46:45.781+0300] {dagbag.py:540} INFO - Filling up the DagBag from /media/data/omar/programming course/DEPI/DEPI project/anomx/venv/lib/python3.12/site-packages/airflow/example_dags/example_time_delta_sensor_async.py
[2026-06-21T21:46:45.791+0300] {processor.py:840} INFO - DAG(s) 'example_time_delta_sensor_async' retrieved from /media/data/omar/programming course/DEPI/DEPI project/anomx/venv/lib/python3.12/site-packages/airflow/example_dags/example_time_delta_sensor_async.py
[2026-06-21T21:46:45.809+0300] {logging_mixin.py:188} INFO - [2026-06-21T21:46:45.808+0300] {dag.py:3096} INFO - Sync 1 DAGs
[2026-06-21T21:46:45.821+0300] {logging_mixin.py:188} INFO - [2026-06-21T21:46:45.820+0300] {dag.py:3954} INFO - Setting next_dagrun for example_time_delta_sensor_async to None, run_after=None
[2026-06-21T21:46:45.851+0300] {processor.py:183} INFO - Processing /media/data/omar/programming course/DEPI/DEPI project/anomx/venv/lib/python3.12/site-packages/airflow/example_dags/example_time_delta_sensor_async.py took 0.083 seconds
[2026-06-21T21:47:40.467+0300] {processor.py:161} INFO - Started process (PID=16158) to work on /media/data/omar/programming course/DEPI/DEPI project/anomx/venv/lib/python3.12/site-packages/airflow/example_dags/example_time_delta_sensor_async.py
[2026-06-21T21:47:40.470+0300] {processor.py:830} INFO - Processing file /media/data/omar/programming course/DEPI/DEPI project/anomx/venv/lib/python3.12/site-packages/airflow/example_dags/example_time_delta_sensor_async.py for tasks to queue
[2026-06-21T21:47:40.476+0300] {logging_mixin.py:188} INFO - [2026-06-21T21:47:40.474+0300] {dagbag.py:540} INFO - Filling up the DagBag from /media/data/omar/programming course/DEPI/DEPI project/anomx/venv/lib/python3.12/site-packages/airflow/example_dags/example_time_delta_sensor_async.py
[2026-06-21T21:47:40.495+0300] {processor.py:840} INFO - DAG(s) 'example_time_delta_sensor_async' retrieved from /media/data/omar/programming course/DEPI/DEPI project/anomx/venv/lib/python3.12/site-packages/airflow/example_dags/example_time_delta_sensor_async.py
[2026-06-21T21:47:40.518+0300] {logging_mixin.py:188} INFO - [2026-06-21T21:47:40.517+0300] {dag.py:3096} INFO - Sync 1 DAGs
[2026-06-21T21:47:40.528+0300] {logging_mixin.py:188} INFO - [2026-06-21T21:47:40.528+0300] {dag.py:3954} INFO - Setting next_dagrun for example_time_delta_sensor_async to None, run_after=None
[2026-06-21T21:47:40.559+0300] {processor.py:183} INFO - Processing /media/data/omar/programming course/DEPI/DEPI project/anomx/venv/lib/python3.12/site-packages/airflow/example_dags/example_time_delta_sensor_async.py took 0.112 seconds
[2026-06-21T21:48:40.221+0300] {processor.py:161} INFO - Started process (PID=16249) to work on /media/data/omar/programming course/DEPI/DEPI project/anomx/venv/lib/python3.12/site-packages/airflow/example_dags/example_time_delta_sensor_async.py
[2026-06-21T21:48:40.221+0300] {processor.py:830} INFO - Processing file /media/data/omar/programming course/DEPI/DEPI project/anomx/venv/lib/python3.12/site-packages/airflow/example_dags/example_time_delta_sensor_async.py for tasks to queue
[2026-06-21T21:48:40.223+0300] {logging_mixin.py:188} INFO - [2026-06-21T21:48:40.223+0300] {dagbag.py:540} INFO - Filling up the DagBag from /media/data/omar/programming course/DEPI/DEPI project/anomx/venv/lib/python3.12/site-packages/airflow/example_dags/example_time_delta_sensor_async.py
[2026-06-21T21:48:40.229+0300] {processor.py:840} INFO - DAG(s) 'example_time_delta_sensor_async' retrieved from /media/data/omar/programming course/DEPI/DEPI project/anomx/venv/lib/python3.12/site-packages/airflow/example_dags/example_time_delta_sensor_async.py
[2026-06-21T21:48:40.245+0300] {logging_mixin.py:188} INFO - [2026-06-21T21:48:40.245+0300] {dag.py:3096} INFO - Sync 1 DAGs
[2026-06-21T21:48:40.256+0300] {logging_mixin.py:188} INFO - [2026-06-21T21:48:40.255+0300] {dag.py:3954} INFO - Setting next_dagrun for example_time_delta_sensor_async to None, run_after=None
[2026-06-21T21:48:40.287+0300] {processor.py:183} INFO - Processing /media/data/omar/programming course/DEPI/DEPI project/anomx/venv/lib/python3.12/site-packages/airflow/example_dags/example_time_delta_sensor_async.py took 0.072 seconds
[2026-06-21T21:49:42.083+0300] {processor.py:161} INFO - Started process (PID=16344) to work on /media/data/omar/programming course/DEPI/DEPI project/anomx/venv/lib/python3.12/site-packages/airflow/example_dags/example_time_delta_sensor_async.py
[2026-06-21T21:49:42.085+0300] {processor.py:830} INFO - Processing file /media/data/omar/programming course/DEPI/DEPI project/anomx/venv/lib/python3.12/site-packages/airflow/example_dags/example_time_delta_sensor_async.py for tasks to queue
[2026-06-21T21:49:42.089+0300] {logging_mixin.py:188} INFO - [2026-06-21T21:49:42.088+0300] {dagbag.py:540} INFO - Filling up the DagBag from /media/data/omar/programming course/DEPI/DEPI project/anomx/venv/lib/python3.12/site-packages/airflow/example_dags/example_time_delta_sensor_async.py
[2026-06-21T21:49:42.101+0300] {processor.py:840} INFO - DAG(s) 'example_time_delta_sensor_async' retrieved from /media/data/omar/programming course/DEPI/DEPI project/anomx/venv/lib/python3.12/site-packages/airflow/example_dags/example_time_delta_sensor_async.py
[2026-06-21T21:49:42.129+0300] {logging_mixin.py:188} INFO - [2026-06-21T21:49:42.128+0300] {dag.py:3096} INFO - Sync 1 DAGs
[2026-06-21T21:49:42.140+0300] {logging_mixin.py:188} INFO - [2026-06-21T21:49:42.140+0300] {dag.py:3954} INFO - Setting next_dagrun for example_time_delta_sensor_async to None, run_after=None
[2026-06-21T21:49:42.174+0300] {processor.py:183} INFO - Processing /media/data/omar/programming course/DEPI/DEPI project/anomx/venv/lib/python3.12/site-packages/airflow/example_dags/example_time_delta_sensor_async.py took 0.101 seconds
[2026-06-21T21:52:08.209+0300] {processor.py:161} INFO - Started process (PID=16626) to work on /media/data/omar/programming course/DEPI/DEPI project/anomx/venv/lib/python3.12/site-packages/airflow/example_dags/example_time_delta_sensor_async.py
[2026-06-21T21:52:08.210+0300] {processor.py:830} INFO - Processing file /media/data/omar/programming course/DEPI/DEPI project/anomx/venv/lib/python3.12/site-packages/airflow/example_dags/example_time_delta_sensor_async.py for tasks to queue
[2026-06-21T21:52:08.212+0300] {logging_mixin.py:188} INFO - [2026-06-21T21:52:08.212+0300] {dagbag.py:540} INFO - Filling up the DagBag from /media/data/omar/programming course/DEPI/DEPI project/anomx/venv/lib/python3.12/site-packages/airflow/example_dags/example_time_delta_sensor_async.py
[2026-06-21T21:52:08.219+0300] {processor.py:840} INFO - DAG(s) 'example_time_delta_sensor_async' retrieved from /media/data/omar/programming course/DEPI/DEPI project/anomx/venv/lib/python3.12/site-packages/airflow/example_dags/example_time_delta_sensor_async.py
[2026-06-21T21:52:08.237+0300] {logging_mixin.py:188} INFO - [2026-06-21T21:52:08.236+0300] {dag.py:3096} INFO - Sync 1 DAGs
[2026-06-21T21:52:08.247+0300] {logging_mixin.py:188} INFO - [2026-06-21T21:52:08.247+0300] {dag.py:3954} INFO - Setting next_dagrun for example_time_delta_sensor_async to None, run_after=None
[2026-06-21T21:52:08.275+0300] {processor.py:183} INFO - Processing /media/data/omar/programming course/DEPI/DEPI project/anomx/venv/lib/python3.12/site-packages/airflow/example_dags/example_time_delta_sensor_async.py took 0.075 seconds
[2026-06-21T21:52:59.069+0300] {processor.py:161} INFO - Started process (PID=16712) to work on /media/data/omar/programming course/DEPI/DEPI project/anomx/venv/lib/python3.12/site-packages/airflow/example_dags/example_time_delta_sensor_async.py
[2026-06-21T21:52:59.070+0300] {processor.py:830} INFO - Processing file /media/data/omar/programming course/DEPI/DEPI project/anomx/venv/lib/python3.12/site-packages/airflow/example_dags/example_time_delta_sensor_async.py for tasks to queue
[2026-06-21T21:52:59.072+0300] {logging_mixin.py:188} INFO - [2026-06-21T21:52:59.072+0300] {dagbag.py:540} INFO - Filling up the DagBag from /media/data/omar/programming course/DEPI/DEPI project/anomx/venv/lib/python3.12/site-packages/airflow/example_dags/example_time_delta_sensor_async.py
[2026-06-21T21:52:59.080+0300] {processor.py:840} INFO - DAG(s) 'example_time_delta_sensor_async' retrieved from /media/data/omar/programming course/DEPI/DEPI project/anomx/venv/lib/python3.12/site-packages/airflow/example_dags/example_time_delta_sensor_async.py
[2026-06-21T21:52:59.099+0300] {logging_mixin.py:188} INFO - [2026-06-21T21:52:59.099+0300] {dag.py:3096} INFO - Sync 1 DAGs
[2026-06-21T21:52:59.110+0300] {logging_mixin.py:188} INFO - [2026-06-21T21:52:59.109+0300] {dag.py:3954} INFO - Setting next_dagrun for example_time_delta_sensor_async to None, run_after=None
[2026-06-21T21:52:59.137+0300] {processor.py:183} INFO - Processing /media/data/omar/programming course/DEPI/DEPI project/anomx/venv/lib/python3.12/site-packages/airflow/example_dags/example_time_delta_sensor_async.py took 0.075 seconds
[2026-06-21T21:53:55.207+0300] {processor.py:161} INFO - Started process (PID=16792) to work on /media/data/omar/programming course/DEPI/DEPI project/anomx/venv/lib/python3.12/site-packages/airflow/example_dags/example_time_delta_sensor_async.py
[2026-06-21T21:53:55.209+0300] {processor.py:830} INFO - Processing file /media/data/omar/programming course/DEPI/DEPI project/anomx/venv/lib/python3.12/site-packages/airflow/example_dags/example_time_delta_sensor_async.py for tasks to queue
[2026-06-21T21:53:55.213+0300] {logging_mixin.py:188} INFO - [2026-06-21T21:53:55.212+0300] {dagbag.py:540} INFO - Filling up the DagBag from /media/data/omar/programming course/DEPI/DEPI project/anomx/venv/lib/python3.12/site-packages/airflow/example_dags/example_time_delta_sensor_async.py
[2026-06-21T21:53:55.223+0300] {processor.py:840} INFO - DAG(s) 'example_time_delta_sensor_async' retrieved from /media/data/omar/programming course/DEPI/DEPI project/anomx/venv/lib/python3.12/site-packages/airflow/example_dags/example_time_delta_sensor_async.py
[2026-06-21T21:53:55.240+0300] {logging_mixin.py:188} INFO - [2026-06-21T21:53:55.240+0300] {dag.py:3096} INFO - Sync 1 DAGs
[2026-06-21T21:53:55.250+0300] {logging_mixin.py:188} INFO - [2026-06-21T21:53:55.249+0300] {dag.py:3954} INFO - Setting next_dagrun for example_time_delta_sensor_async to None, run_after=None
[2026-06-21T21:53:55.279+0300] {processor.py:183} INFO - Processing /media/data/omar/programming course/DEPI/DEPI project/anomx/venv/lib/python3.12/site-packages/airflow/example_dags/example_time_delta_sensor_async.py took 0.085 seconds
[2026-06-21T21:54:52.674+0300] {processor.py:161} INFO - Started process (PID=16893) to work on /media/data/omar/programming course/DEPI/DEPI project/anomx/venv/lib/python3.12/site-packages/airflow/example_dags/example_time_delta_sensor_async.py
[2026-06-21T21:54:52.676+0300] {processor.py:830} INFO - Processing file /media/data/omar/programming course/DEPI/DEPI project/anomx/venv/lib/python3.12/site-packages/airflow/example_dags/example_time_delta_sensor_async.py for tasks to queue
[2026-06-21T21:54:52.682+0300] {logging_mixin.py:188} INFO - [2026-06-21T21:54:52.680+0300] {dagbag.py:540} INFO - Filling up the DagBag from /media/data/omar/programming course/DEPI/DEPI project/anomx/venv/lib/python3.12/site-packages/airflow/example_dags/example_time_delta_sensor_async.py
[2026-06-21T21:54:52.694+0300] {processor.py:840} INFO - DAG(s) 'example_time_delta_sensor_async' retrieved from /media/data/omar/programming course/DEPI/DEPI project/anomx/venv/lib/python3.12/site-packages/airflow/example_dags/example_time_delta_sensor_async.py
[2026-06-21T21:54:52.721+0300] {logging_mixin.py:188} INFO - [2026-06-21T21:54:52.721+0300] {dag.py:3096} INFO - Sync 1 DAGs
[2026-06-21T21:54:52.734+0300] {logging_mixin.py:188} INFO - [2026-06-21T21:54:52.733+0300] {dag.py:3954} INFO - Setting next_dagrun for example_time_delta_sensor_async to None, run_after=None
[2026-06-21T21:54:52.761+0300] {processor.py:183} INFO - Processing /media/data/omar/programming course/DEPI/DEPI project/anomx/venv/lib/python3.12/site-packages/airflow/example_dags/example_time_delta_sensor_async.py took 0.105 seconds
[2026-06-21T21:55:47.496+0300] {processor.py:161} INFO - Started process (PID=16989) to work on /media/data/omar/programming course/DEPI/DEPI project/anomx/venv/lib/python3.12/site-packages/airflow/example_dags/example_time_delta_sensor_async.py
[2026-06-21T21:55:47.499+0300] {processor.py:830} INFO - Processing file /media/data/omar/programming course/DEPI/DEPI project/anomx/venv/lib/python3.12/site-packages/airflow/example_dags/example_time_delta_sensor_async.py for tasks to queue
[2026-06-21T21:55:47.502+0300] {logging_mixin.py:188} INFO - [2026-06-21T21:55:47.502+0300] {dagbag.py:540} INFO - Filling up the DagBag from /media/data/omar/programming course/DEPI/DEPI project/anomx/venv/lib/python3.12/site-packages/airflow/example_dags/example_time_delta_sensor_async.py
[2026-06-21T21:55:47.513+0300] {processor.py:840} INFO - DAG(s) 'example_time_delta_sensor_async' retrieved from /media/data/omar/programming course/DEPI/DEPI project/anomx/venv/lib/python3.12/site-packages/airflow/example_dags/example_time_delta_sensor_async.py
[2026-06-21T21:55:47.532+0300] {logging_mixin.py:188} INFO - [2026-06-21T21:55:47.531+0300] {dag.py:3096} INFO - Sync 1 DAGs
[2026-06-21T21:55:47.542+0300] {logging_mixin.py:188} INFO - [2026-06-21T21:55:47.541+0300] {dag.py:3954} INFO - Setting next_dagrun for example_time_delta_sensor_async to None, run_after=None
[2026-06-21T21:55:47.569+0300] {processor.py:183} INFO - Processing /media/data/omar/programming course/DEPI/DEPI project/anomx/venv/lib/python3.12/site-packages/airflow/example_dags/example_time_delta_sensor_async.py took 0.091 seconds
[2026-06-21T21:56:40.040+0300] {processor.py:161} INFO - Started process (PID=17078) to work on /media/data/omar/programming course/DEPI/DEPI project/anomx/venv/lib/python3.12/site-packages/airflow/example_dags/example_time_delta_sensor_async.py
[2026-06-21T21:56:40.042+0300] {processor.py:830} INFO - Processing file /media/data/omar/programming course/DEPI/DEPI project/anomx/venv/lib/python3.12/site-packages/airflow/example_dags/example_time_delta_sensor_async.py for tasks to queue
[2026-06-21T21:56:40.045+0300] {logging_mixin.py:188} INFO - [2026-06-21T21:56:40.044+0300] {dagbag.py:540} INFO - Filling up the DagBag from /media/data/omar/programming course/DEPI/DEPI project/anomx/venv/lib/python3.12/site-packages/airflow/example_dags/example_time_delta_sensor_async.py
[2026-06-21T21:56:40.053+0300] {processor.py:840} INFO - DAG(s) 'example_time_delta_sensor_async' retrieved from /media/data/omar/programming course/DEPI/DEPI project/anomx/venv/lib/python3.12/site-packages/airflow/example_dags/example_time_delta_sensor_async.py
[2026-06-21T21:56:40.069+0300] {logging_mixin.py:188} INFO - [2026-06-21T21:56:40.069+0300] {dag.py:3096} INFO - Sync 1 DAGs
[2026-06-21T21:56:40.079+0300] {logging_mixin.py:188} INFO - [2026-06-21T21:56:40.079+0300] {dag.py:3954} INFO - Setting next_dagrun for example_time_delta_sensor_async to None, run_after=None
[2026-06-21T21:56:40.118+0300] {processor.py:183} INFO - Processing /media/data/omar/programming course/DEPI/DEPI project/anomx/venv/lib/python3.12/site-packages/airflow/example_dags/example_time_delta_sensor_async.py took 0.095 seconds
[2026-06-21T21:57:32.582+0300] {processor.py:161} INFO - Started process (PID=17165) to work on /media/data/omar/programming course/DEPI/DEPI project/anomx/venv/lib/python3.12/site-packages/airflow/example_dags/example_time_delta_sensor_async.py
[2026-06-21T21:57:32.585+0300] {processor.py:830} INFO - Processing file /media/data/omar/programming course/DEPI/DEPI project/anomx/venv/lib/python3.12/site-packages/airflow/example_dags/example_time_delta_sensor_async.py for tasks to queue
[2026-06-21T21:57:32.591+0300] {logging_mixin.py:188} INFO - [2026-06-21T21:57:32.590+0300] {dagbag.py:540} INFO - Filling up the DagBag from /media/data/omar/programming course/DEPI/DEPI project/anomx/venv/lib/python3.12/site-packages/airflow/example_dags/example_time_delta_sensor_async.py
[2026-06-21T21:57:32.605+0300] {processor.py:840} INFO - DAG(s) 'example_time_delta_sensor_async' retrieved from /media/data/omar/programming course/DEPI/DEPI project/anomx/venv/lib/python3.12/site-packages/airflow/example_dags/example_time_delta_sensor_async.py
[2026-06-21T21:57:32.625+0300] {logging_mixin.py:188} INFO - [2026-06-21T21:57:32.625+0300] {dag.py:3096} INFO - Sync 1 DAGs
[2026-06-21T21:57:32.635+0300] {logging_mixin.py:188} INFO - [2026-06-21T21:57:32.635+0300] {dag.py:3954} INFO - Setting next_dagrun for example_time_delta_sensor_async to None, run_after=None
[2026-06-21T21:57:32.663+0300] {processor.py:183} INFO - Processing /media/data/omar/programming course/DEPI/DEPI project/anomx/venv/lib/python3.12/site-packages/airflow/example_dags/example_time_delta_sensor_async.py took 0.100 seconds
[2026-06-21T21:58:28.288+0300] {processor.py:161} INFO - Started process (PID=17255) to work on /media/data/omar/programming course/DEPI/DEPI project/anomx/venv/lib/python3.12/site-packages/airflow/example_dags/example_time_delta_sensor_async.py
[2026-06-21T21:58:28.289+0300] {processor.py:830} INFO - Processing file /media/data/omar/programming course/DEPI/DEPI project/anomx/venv/lib/python3.12/site-packages/airflow/example_dags/example_time_delta_sensor_async.py for tasks to queue
[2026-06-21T21:58:28.291+0300] {logging_mixin.py:188} INFO - [2026-06-21T21:58:28.290+0300] {dagbag.py:540} INFO - Filling up the DagBag from /media/data/omar/programming course/DEPI/DEPI project/anomx/venv/lib/python3.12/site-packages/airflow/example_dags/example_time_delta_sensor_async.py
[2026-06-21T21:58:28.297+0300] {processor.py:840} INFO - DAG(s) 'example_time_delta_sensor_async' retrieved from /media/data/omar/programming course/DEPI/DEPI project/anomx/venv/lib/python3.12/site-packages/airflow/example_dags/example_time_delta_sensor_async.py
[2026-06-21T21:58:28.311+0300] {logging_mixin.py:188} INFO - [2026-06-21T21:58:28.311+0300] {dag.py:3096} INFO - Sync 1 DAGs
[2026-06-21T21:58:28.321+0300] {logging_mixin.py:188} INFO - [2026-06-21T21:58:28.321+0300] {dag.py:3954} INFO - Setting next_dagrun for example_time_delta_sensor_async to None, run_after=None
[2026-06-21T21:58:28.350+0300] {processor.py:183} INFO - Processing /media/data/omar/programming course/DEPI/DEPI project/anomx/venv/lib/python3.12/site-packages/airflow/example_dags/example_time_delta_sensor_async.py took 0.068 seconds
[2026-06-21T21:59:22.728+0300] {processor.py:161} INFO - Started process (PID=17345) to work on /media/data/omar/programming course/DEPI/DEPI project/anomx/venv/lib/python3.12/site-packages/airflow/example_dags/example_time_delta_sensor_async.py
[2026-06-21T21:59:22.731+0300] {processor.py:830} INFO - Processing file /media/data/omar/programming course/DEPI/DEPI project/anomx/venv/lib/python3.12/site-packages/airflow/example_dags/example_time_delta_sensor_async.py for tasks to queue
[2026-06-21T21:59:22.735+0300] {logging_mixin.py:188} INFO - [2026-06-21T21:59:22.734+0300] {dagbag.py:540} INFO - Filling up the DagBag from /media/data/omar/programming course/DEPI/DEPI project/anomx/venv/lib/python3.12/site-packages/airflow/example_dags/example_time_delta_sensor_async.py
[2026-06-21T21:59:22.745+0300] {processor.py:840} INFO - DAG(s) 'example_time_delta_sensor_async' retrieved from /media/data/omar/programming course/DEPI/DEPI project/anomx/venv/lib/python3.12/site-packages/airflow/example_dags/example_time_delta_sensor_async.py
[2026-06-21T21:59:22.761+0300] {logging_mixin.py:188} INFO - [2026-06-21T21:59:22.761+0300] {dag.py:3096} INFO - Sync 1 DAGs
[2026-06-21T21:59:22.770+0300] {logging_mixin.py:188} INFO - [2026-06-21T21:59:22.770+0300] {dag.py:3954} INFO - Setting next_dagrun for example_time_delta_sensor_async to None, run_after=None
[2026-06-21T21:59:22.797+0300] {processor.py:183} INFO - Processing /media/data/omar/programming course/DEPI/DEPI project/anomx/venv/lib/python3.12/site-packages/airflow/example_dags/example_time_delta_sensor_async.py took 0.086 seconds
[2026-06-21T22:00:19.792+0300] {processor.py:161} INFO - Started process (PID=17440) to work on /media/data/omar/programming course/DEPI/DEPI project/anomx/venv/lib/python3.12/site-packages/airflow/example_dags/example_time_delta_sensor_async.py
[2026-06-21T22:00:19.793+0300] {processor.py:830} INFO - Processing file /media/data/omar/programming course/DEPI/DEPI project/anomx/venv/lib/python3.12/site-packages/airflow/example_dags/example_time_delta_sensor_async.py for tasks to queue
[2026-06-21T22:00:19.796+0300] {logging_mixin.py:188} INFO - [2026-06-21T22:00:19.795+0300] {dagbag.py:540} INFO - Filling up the DagBag from /media/data/omar/programming course/DEPI/DEPI project/anomx/venv/lib/python3.12/site-packages/airflow/example_dags/example_time_delta_sensor_async.py
[2026-06-21T22:00:19.803+0300] {processor.py:840} INFO - DAG(s) 'example_time_delta_sensor_async' retrieved from /media/data/omar/programming course/DEPI/DEPI project/anomx/venv/lib/python3.12/site-packages/airflow/example_dags/example_time_delta_sensor_async.py
[2026-06-21T22:00:19.818+0300] {logging_mixin.py:188} INFO - [2026-06-21T22:00:19.818+0300] {dag.py:3096} INFO - Sync 1 DAGs
[2026-06-21T22:00:19.828+0300] {logging_mixin.py:188} INFO - [2026-06-21T22:00:19.828+0300] {dag.py:3954} INFO - Setting next_dagrun for example_time_delta_sensor_async to None, run_after=None
[2026-06-21T22:00:19.856+0300] {processor.py:183} INFO - Processing /media/data/omar/programming course/DEPI/DEPI project/anomx/venv/lib/python3.12/site-packages/airflow/example_dags/example_time_delta_sensor_async.py took 0.076 seconds
[2026-06-21T22:01:17.637+0300] {processor.py:161} INFO - Started process (PID=17533) to work on /media/data/omar/programming course/DEPI/DEPI project/anomx/venv/lib/python3.12/site-packages/airflow/example_dags/example_time_delta_sensor_async.py
[2026-06-21T22:01:17.639+0300] {processor.py:830} INFO - Processing file /media/data/omar/programming course/DEPI/DEPI project/anomx/venv/lib/python3.12/site-packages/airflow/example_dags/example_time_delta_sensor_async.py for tasks to queue
[2026-06-21T22:01:17.643+0300] {logging_mixin.py:188} INFO - [2026-06-21T22:01:17.642+0300] {dagbag.py:540} INFO - Filling up the DagBag from /media/data/omar/programming course/DEPI/DEPI project/anomx/venv/lib/python3.12/site-packages/airflow/example_dags/example_time_delta_sensor_async.py
[2026-06-21T22:01:17.653+0300] {processor.py:840} INFO - DAG(s) 'example_time_delta_sensor_async' retrieved from /media/data/omar/programming course/DEPI/DEPI project/anomx/venv/lib/python3.12/site-packages/airflow/example_dags/example_time_delta_sensor_async.py
[2026-06-21T22:01:17.668+0300] {logging_mixin.py:188} INFO - [2026-06-21T22:01:17.668+0300] {dag.py:3096} INFO - Sync 1 DAGs
[2026-06-21T22:01:17.677+0300] {logging_mixin.py:188} INFO - [2026-06-21T22:01:17.677+0300] {dag.py:3954} INFO - Setting next_dagrun for example_time_delta_sensor_async to None, run_after=None
[2026-06-21T22:01:17.705+0300] {processor.py:183} INFO - Processing /media/data/omar/programming course/DEPI/DEPI project/anomx/venv/lib/python3.12/site-packages/airflow/example_dags/example_time_delta_sensor_async.py took 0.086 seconds
[2026-06-21T22:02:15.515+0300] {processor.py:161} INFO - Started process (PID=17624) to work on /media/data/omar/programming course/DEPI/DEPI project/anomx/venv/lib/python3.12/site-packages/airflow/example_dags/example_time_delta_sensor_async.py
[2026-06-21T22:02:15.516+0300] {processor.py:830} INFO - Processing file /media/data/omar/programming course/DEPI/DEPI project/anomx/venv/lib/python3.12/site-packages/airflow/example_dags/example_time_delta_sensor_async.py for tasks to queue
[2026-06-21T22:02:15.519+0300] {logging_mixin.py:188} INFO - [2026-06-21T22:02:15.518+0300] {dagbag.py:540} INFO - Filling up the DagBag from /media/data/omar/programming course/DEPI/DEPI project/anomx/venv/lib/python3.12/site-packages/airflow/example_dags/example_time_delta_sensor_async.py
[2026-06-21T22:02:15.527+0300] {processor.py:840} INFO - DAG(s) 'example_time_delta_sensor_async' retrieved from /media/data/omar/programming course/DEPI/DEPI project/anomx/venv/lib/python3.12/site-packages/airflow/example_dags/example_time_delta_sensor_async.py
[2026-06-21T22:02:15.542+0300] {logging_mixin.py:188} INFO - [2026-06-21T22:02:15.542+0300] {dag.py:3096} INFO - Sync 1 DAGs
[2026-06-21T22:02:15.551+0300] {logging_mixin.py:188} INFO - [2026-06-21T22:02:15.551+0300] {dag.py:3954} INFO - Setting next_dagrun for example_time_delta_sensor_async to None, run_after=None
[2026-06-21T22:02:15.577+0300] {processor.py:183} INFO - Processing /media/data/omar/programming course/DEPI/DEPI project/anomx/venv/lib/python3.12/site-packages/airflow/example_dags/example_time_delta_sensor_async.py took 0.071 seconds
[2026-06-21T22:03:12.983+0300] {processor.py:161} INFO - Started process (PID=17762) to work on /media/data/omar/programming course/DEPI/DEPI project/anomx/venv/lib/python3.12/site-packages/airflow/example_dags/example_time_delta_sensor_async.py
[2026-06-21T22:03:12.986+0300] {processor.py:830} INFO - Processing file /media/data/omar/programming course/DEPI/DEPI project/anomx/venv/lib/python3.12/site-packages/airflow/example_dags/example_time_delta_sensor_async.py for tasks to queue
[2026-06-21T22:03:12.992+0300] {logging_mixin.py:188} INFO - [2026-06-21T22:03:12.990+0300] {dagbag.py:540} INFO - Filling up the DagBag from /media/data/omar/programming course/DEPI/DEPI project/anomx/venv/lib/python3.12/site-packages/airflow/example_dags/example_time_delta_sensor_async.py
[2026-06-21T22:03:13.005+0300] {processor.py:840} INFO - DAG(s) 'example_time_delta_sensor_async' retrieved from /media/data/omar/programming course/DEPI/DEPI project/anomx/venv/lib/python3.12/site-packages/airflow/example_dags/example_time_delta_sensor_async.py
[2026-06-21T22:03:13.024+0300] {logging_mixin.py:188} INFO - [2026-06-21T22:03:13.023+0300] {dag.py:3096} INFO - Sync 1 DAGs
[2026-06-21T22:03:13.034+0300] {logging_mixin.py:188} INFO - [2026-06-21T22:03:13.034+0300] {dag.py:3954} INFO - Setting next_dagrun for example_time_delta_sensor_async to None, run_after=None
[2026-06-21T22:03:13.064+0300] {processor.py:183} INFO - Processing /media/data/omar/programming course/DEPI/DEPI project/anomx/venv/lib/python3.12/site-packages/airflow/example_dags/example_time_delta_sensor_async.py took 0.100 seconds
[2026-06-21T22:04:09.009+0300] {processor.py:161} INFO - Started process (PID=17863) to work on /media/data/omar/programming course/DEPI/DEPI project/anomx/venv/lib/python3.12/site-packages/airflow/example_dags/example_time_delta_sensor_async.py
[2026-06-21T22:04:09.012+0300] {processor.py:830} INFO - Processing file /media/data/omar/programming course/DEPI/DEPI project/anomx/venv/lib/python3.12/site-packages/airflow/example_dags/example_time_delta_sensor_async.py for tasks to queue
[2026-06-21T22:04:09.017+0300] {logging_mixin.py:188} INFO - [2026-06-21T22:04:09.016+0300] {dagbag.py:540} INFO - Filling up the DagBag from /media/data/omar/programming course/DEPI/DEPI project/anomx/venv/lib/python3.12/site-packages/airflow/example_dags/example_time_delta_sensor_async.py
[2026-06-21T22:04:09.027+0300] {processor.py:840} INFO - DAG(s) 'example_time_delta_sensor_async' retrieved from /media/data/omar/programming course/DEPI/DEPI project/anomx/venv/lib/python3.12/site-packages/airflow/example_dags/example_time_delta_sensor_async.py
[2026-06-21T22:04:09.043+0300] {logging_mixin.py:188} INFO - [2026-06-21T22:04:09.043+0300] {dag.py:3096} INFO - Sync 1 DAGs
[2026-06-21T22:04:09.053+0300] {logging_mixin.py:188} INFO - [2026-06-21T22:04:09.053+0300] {dag.py:3954} INFO - Setting next_dagrun for example_time_delta_sensor_async to None, run_after=None
[2026-06-21T22:04:09.080+0300] {processor.py:183} INFO - Processing /media/data/omar/programming course/DEPI/DEPI project/anomx/venv/lib/python3.12/site-packages/airflow/example_dags/example_time_delta_sensor_async.py took 0.089 seconds
[2026-06-21T22:05:02.050+0300] {processor.py:161} INFO - Started process (PID=17953) to work on /media/data/omar/programming course/DEPI/DEPI project/anomx/venv/lib/python3.12/site-packages/airflow/example_dags/example_time_delta_sensor_async.py
[2026-06-21T22:05:02.052+0300] {processor.py:830} INFO - Processing file /media/data/omar/programming course/DEPI/DEPI project/anomx/venv/lib/python3.12/site-packages/airflow/example_dags/example_time_delta_sensor_async.py for tasks to queue
[2026-06-21T22:05:02.056+0300] {logging_mixin.py:188} INFO - [2026-06-21T22:05:02.055+0300] {dagbag.py:540} INFO - Filling up the DagBag from /media/data/omar/programming course/DEPI/DEPI project/anomx/venv/lib/python3.12/site-packages/airflow/example_dags/example_time_delta_sensor_async.py
[2026-06-21T22:05:02.069+0300] {processor.py:840} INFO - DAG(s) 'example_time_delta_sensor_async' retrieved from /media/data/omar/programming course/DEPI/DEPI project/anomx/venv/lib/python3.12/site-packages/airflow/example_dags/example_time_delta_sensor_async.py
[2026-06-21T22:05:02.099+0300] {logging_mixin.py:188} INFO - [2026-06-21T22:05:02.098+0300] {dag.py:3096} INFO - Sync 1 DAGs
[2026-06-21T22:05:02.110+0300] {logging_mixin.py:188} INFO - [2026-06-21T22:05:02.110+0300] {dag.py:3954} INFO - Setting next_dagrun for example_time_delta_sensor_async to None, run_after=None
[2026-06-21T22:05:02.139+0300] {processor.py:183} INFO - Processing /media/data/omar/programming course/DEPI/DEPI project/anomx/venv/lib/python3.12/site-packages/airflow/example_dags/example_time_delta_sensor_async.py took 0.102 seconds
[2026-06-21T22:05:58.961+0300] {processor.py:161} INFO - Started process (PID=18045) to work on /media/data/omar/programming course/DEPI/DEPI project/anomx/venv/lib/python3.12/site-packages/airflow/example_dags/example_time_delta_sensor_async.py
[2026-06-21T22:05:58.962+0300] {processor.py:830} INFO - Processing file /media/data/omar/programming course/DEPI/DEPI project/anomx/venv/lib/python3.12/site-packages/airflow/example_dags/example_time_delta_sensor_async.py for tasks to queue
[2026-06-21T22:05:58.964+0300] {logging_mixin.py:188} INFO - [2026-06-21T22:05:58.963+0300] {dagbag.py:540} INFO - Filling up the DagBag from /media/data/omar/programming course/DEPI/DEPI project/anomx/venv/lib/python3.12/site-packages/airflow/example_dags/example_time_delta_sensor_async.py
[2026-06-21T22:05:58.970+0300] {processor.py:840} INFO - DAG(s) 'example_time_delta_sensor_async' retrieved from /media/data/omar/programming course/DEPI/DEPI project/anomx/venv/lib/python3.12/site-packages/airflow/example_dags/example_time_delta_sensor_async.py
[2026-06-21T22:05:58.985+0300] {logging_mixin.py:188} INFO - [2026-06-21T22:05:58.985+0300] {dag.py:3096} INFO - Sync 1 DAGs
[2026-06-21T22:05:58.996+0300] {logging_mixin.py:188} INFO - [2026-06-21T22:05:58.996+0300] {dag.py:3954} INFO - Setting next_dagrun for example_time_delta_sensor_async to None, run_after=None
[2026-06-21T22:05:59.107+0300] {processor.py:183} INFO - Processing /media/data/omar/programming course/DEPI/DEPI project/anomx/venv/lib/python3.12/site-packages/airflow/example_dags/example_time_delta_sensor_async.py took 0.153 seconds
[2026-06-21T22:06:56.056+0300] {processor.py:161} INFO - Started process (PID=18136) to work on /media/data/omar/programming course/DEPI/DEPI project/anomx/venv/lib/python3.12/site-packages/airflow/example_dags/example_time_delta_sensor_async.py
[2026-06-21T22:06:56.058+0300] {processor.py:830} INFO - Processing file /media/data/omar/programming course/DEPI/DEPI project/anomx/venv/lib/python3.12/site-packages/airflow/example_dags/example_time_delta_sensor_async.py for tasks to queue
[2026-06-21T22:06:56.063+0300] {logging_mixin.py:188} INFO - [2026-06-21T22:06:56.061+0300] {dagbag.py:540} INFO - Filling up the DagBag from /media/data/omar/programming course/DEPI/DEPI project/anomx/venv/lib/python3.12/site-packages/airflow/example_dags/example_time_delta_sensor_async.py
[2026-06-21T22:06:56.073+0300] {processor.py:840} INFO - DAG(s) 'example_time_delta_sensor_async' retrieved from /media/data/omar/programming course/DEPI/DEPI project/anomx/venv/lib/python3.12/site-packages/airflow/example_dags/example_time_delta_sensor_async.py
[2026-06-21T22:06:56.091+0300] {logging_mixin.py:188} INFO - [2026-06-21T22:06:56.091+0300] {dag.py:3096} INFO - Sync 1 DAGs
[2026-06-21T22:06:56.103+0300] {logging_mixin.py:188} INFO - [2026-06-21T22:06:56.102+0300] {dag.py:3954} INFO - Setting next_dagrun for example_time_delta_sensor_async to None, run_after=None
[2026-06-21T22:06:56.131+0300] {processor.py:183} INFO - Processing /media/data/omar/programming course/DEPI/DEPI project/anomx/venv/lib/python3.12/site-packages/airflow/example_dags/example_time_delta_sensor_async.py took 0.088 seconds
[2026-06-21T22:07:54.110+0300] {processor.py:161} INFO - Started process (PID=18216) to work on /media/data/omar/programming course/DEPI/DEPI project/anomx/venv/lib/python3.12/site-packages/airflow/example_dags/example_time_delta_sensor_async.py
[2026-06-21T22:07:54.113+0300] {processor.py:830} INFO - Processing file /media/data/omar/programming course/DEPI/DEPI project/anomx/venv/lib/python3.12/site-packages/airflow/example_dags/example_time_delta_sensor_async.py for tasks to queue
[2026-06-21T22:07:54.119+0300] {logging_mixin.py:188} INFO - [2026-06-21T22:07:54.117+0300] {dagbag.py:540} INFO - Filling up the DagBag from /media/data/omar/programming course/DEPI/DEPI project/anomx/venv/lib/python3.12/site-packages/airflow/example_dags/example_time_delta_sensor_async.py
[2026-06-21T22:07:54.132+0300] {processor.py:840} INFO - DAG(s) 'example_time_delta_sensor_async' retrieved from /media/data/omar/programming course/DEPI/DEPI project/anomx/venv/lib/python3.12/site-packages/airflow/example_dags/example_time_delta_sensor_async.py
[2026-06-21T22:07:54.159+0300] {logging_mixin.py:188} INFO - [2026-06-21T22:07:54.159+0300] {dag.py:3096} INFO - Sync 1 DAGs
[2026-06-21T22:07:54.169+0300] {logging_mixin.py:188} INFO - [2026-06-21T22:07:54.169+0300] {dag.py:3954} INFO - Setting next_dagrun for example_time_delta_sensor_async to None, run_after=None
[2026-06-21T22:07:54.198+0300] {processor.py:183} INFO - Processing /media/data/omar/programming course/DEPI/DEPI project/anomx/venv/lib/python3.12/site-packages/airflow/example_dags/example_time_delta_sensor_async.py took 0.106 seconds
[2026-06-21T22:08:51.854+0300] {processor.py:161} INFO - Started process (PID=18308) to work on /media/data/omar/programming course/DEPI/DEPI project/anomx/venv/lib/python3.12/site-packages/airflow/example_dags/example_time_delta_sensor_async.py
[2026-06-21T22:08:51.855+0300] {processor.py:830} INFO - Processing file /media/data/omar/programming course/DEPI/DEPI project/anomx/venv/lib/python3.12/site-packages/airflow/example_dags/example_time_delta_sensor_async.py for tasks to queue
[2026-06-21T22:08:51.858+0300] {logging_mixin.py:188} INFO - [2026-06-21T22:08:51.857+0300] {dagbag.py:540} INFO - Filling up the DagBag from /media/data/omar/programming course/DEPI/DEPI project/anomx/venv/lib/python3.12/site-packages/airflow/example_dags/example_time_delta_sensor_async.py
[2026-06-21T22:08:51.866+0300] {processor.py:840} INFO - DAG(s) 'example_time_delta_sensor_async' retrieved from /media/data/omar/programming course/DEPI/DEPI project/anomx/venv/lib/python3.12/site-packages/airflow/example_dags/example_time_delta_sensor_async.py
[2026-06-21T22:08:51.882+0300] {logging_mixin.py:188} INFO - [2026-06-21T22:08:51.882+0300] {dag.py:3096} INFO - Sync 1 DAGs
[2026-06-21T22:08:51.976+0300] {logging_mixin.py:188} INFO - [2026-06-21T22:08:51.976+0300] {dag.py:3954} INFO - Setting next_dagrun for example_time_delta_sensor_async to None, run_after=None
[2026-06-21T22:08:52.001+0300] {processor.py:183} INFO - Processing /media/data/omar/programming course/DEPI/DEPI project/anomx/venv/lib/python3.12/site-packages/airflow/example_dags/example_time_delta_sensor_async.py took 0.155 seconds
[2026-06-21T22:09:49.509+0300] {processor.py:161} INFO - Started process (PID=18548) to work on /media/data/omar/programming course/DEPI/DEPI project/anomx/venv/lib/python3.12/site-packages/airflow/example_dags/example_time_delta_sensor_async.py
[2026-06-21T22:09:49.511+0300] {processor.py:830} INFO - Processing file /media/data/omar/programming course/DEPI/DEPI project/anomx/venv/lib/python3.12/site-packages/airflow/example_dags/example_time_delta_sensor_async.py for tasks to queue
[2026-06-21T22:09:49.518+0300] {logging_mixin.py:188} INFO - [2026-06-21T22:09:49.515+0300] {dagbag.py:540} INFO - Filling up the DagBag from /media/data/omar/programming course/DEPI/DEPI project/anomx/venv/lib/python3.12/site-packages/airflow/example_dags/example_time_delta_sensor_async.py
[2026-06-21T22:09:49.535+0300] {processor.py:840} INFO - DAG(s) 'example_time_delta_sensor_async' retrieved from /media/data/omar/programming course/DEPI/DEPI project/anomx/venv/lib/python3.12/site-packages/airflow/example_dags/example_time_delta_sensor_async.py
[2026-06-21T22:09:49.590+0300] {logging_mixin.py:188} INFO - [2026-06-21T22:09:49.589+0300] {dag.py:3096} INFO - Sync 1 DAGs
[2026-06-21T22:09:49.628+0300] {logging_mixin.py:188} INFO - [2026-06-21T22:09:49.626+0300] {dag.py:3954} INFO - Setting next_dagrun for example_time_delta_sensor_async to None, run_after=None
[2026-06-21T22:09:49.714+0300] {processor.py:183} INFO - Processing /media/data/omar/programming course/DEPI/DEPI project/anomx/venv/lib/python3.12/site-packages/airflow/example_dags/example_time_delta_sensor_async.py took 0.223 seconds
[2026-06-21T22:10:57.996+0300] {processor.py:161} INFO - Started process (PID=18741) to work on /media/data/omar/programming course/DEPI/DEPI project/anomx/venv/lib/python3.12/site-packages/airflow/example_dags/example_time_delta_sensor_async.py
[2026-06-21T22:10:57.997+0300] {processor.py:830} INFO - Processing file /media/data/omar/programming course/DEPI/DEPI project/anomx/venv/lib/python3.12/site-packages/airflow/example_dags/example_time_delta_sensor_async.py for tasks to queue
[2026-06-21T22:10:57.999+0300] {logging_mixin.py:188} INFO - [2026-06-21T22:10:57.999+0300] {dagbag.py:540} INFO - Filling up the DagBag from /media/data/omar/programming course/DEPI/DEPI project/anomx/venv/lib/python3.12/site-packages/airflow/example_dags/example_time_delta_sensor_async.py
[2026-06-21T22:10:58.005+0300] {processor.py:840} INFO - DAG(s) 'example_time_delta_sensor_async' retrieved from /media/data/omar/programming course/DEPI/DEPI project/anomx/venv/lib/python3.12/site-packages/airflow/example_dags/example_time_delta_sensor_async.py
[2026-06-21T22:10:58.024+0300] {logging_mixin.py:188} INFO - [2026-06-21T22:10:58.023+0300] {dag.py:3096} INFO - Sync 1 DAGs
[2026-06-21T22:10:58.036+0300] {logging_mixin.py:188} INFO - [2026-06-21T22:10:58.036+0300] {dag.py:3954} INFO - Setting next_dagrun for example_time_delta_sensor_async to None, run_after=None
[2026-06-21T22:10:58.069+0300] {processor.py:183} INFO - Processing /media/data/omar/programming course/DEPI/DEPI project/anomx/venv/lib/python3.12/site-packages/airflow/example_dags/example_time_delta_sensor_async.py took 0.081 seconds
[2026-06-21T22:11:55.996+0300] {processor.py:161} INFO - Started process (PID=18877) to work on /media/data/omar/programming course/DEPI/DEPI project/anomx/venv/lib/python3.12/site-packages/airflow/example_dags/example_time_delta_sensor_async.py
[2026-06-21T22:11:55.997+0300] {processor.py:830} INFO - Processing file /media/data/omar/programming course/DEPI/DEPI project/anomx/venv/lib/python3.12/site-packages/airflow/example_dags/example_time_delta_sensor_async.py for tasks to queue
[2026-06-21T22:11:56.001+0300] {logging_mixin.py:188} INFO - [2026-06-21T22:11:56.000+0300] {dagbag.py:540} INFO - Filling up the DagBag from /media/data/omar/programming course/DEPI/DEPI project/anomx/venv/lib/python3.12/site-packages/airflow/example_dags/example_time_delta_sensor_async.py
[2026-06-21T22:11:56.007+0300] {processor.py:840} INFO - DAG(s) 'example_time_delta_sensor_async' retrieved from /media/data/omar/programming course/DEPI/DEPI project/anomx/venv/lib/python3.12/site-packages/airflow/example_dags/example_time_delta_sensor_async.py
[2026-06-21T22:11:56.027+0300] {logging_mixin.py:188} INFO - [2026-06-21T22:11:56.026+0300] {dag.py:3096} INFO - Sync 1 DAGs
[2026-06-21T22:11:56.039+0300] {logging_mixin.py:188} INFO - [2026-06-21T22:11:56.039+0300] {dag.py:3954} INFO - Setting next_dagrun for example_time_delta_sensor_async to None, run_after=None
[2026-06-21T22:11:56.071+0300] {processor.py:183} INFO - Processing /media/data/omar/programming course/DEPI/DEPI project/anomx/venv/lib/python3.12/site-packages/airflow/example_dags/example_time_delta_sensor_async.py took 0.082 seconds
[2026-06-21T22:12:48.125+0300] {processor.py:161} INFO - Started process (PID=18969) to work on /media/data/omar/programming course/DEPI/DEPI project/anomx/venv/lib/python3.12/site-packages/airflow/example_dags/example_time_delta_sensor_async.py
[2026-06-21T22:12:48.125+0300] {processor.py:830} INFO - Processing file /media/data/omar/programming course/DEPI/DEPI project/anomx/venv/lib/python3.12/site-packages/airflow/example_dags/example_time_delta_sensor_async.py for tasks to queue
[2026-06-21T22:12:48.128+0300] {logging_mixin.py:188} INFO - [2026-06-21T22:12:48.128+0300] {dagbag.py:540} INFO - Filling up the DagBag from /media/data/omar/programming course/DEPI/DEPI project/anomx/venv/lib/python3.12/site-packages/airflow/example_dags/example_time_delta_sensor_async.py
[2026-06-21T22:12:48.135+0300] {processor.py:840} INFO - DAG(s) 'example_time_delta_sensor_async' retrieved from /media/data/omar/programming course/DEPI/DEPI project/anomx/venv/lib/python3.12/site-packages/airflow/example_dags/example_time_delta_sensor_async.py
[2026-06-21T22:12:48.157+0300] {logging_mixin.py:188} INFO - [2026-06-21T22:12:48.156+0300] {dag.py:3096} INFO - Sync 1 DAGs
[2026-06-21T22:12:48.172+0300] {logging_mixin.py:188} INFO - [2026-06-21T22:12:48.171+0300] {dag.py:3954} INFO - Setting next_dagrun for example_time_delta_sensor_async to None, run_after=None
[2026-06-21T22:12:48.208+0300] {processor.py:183} INFO - Processing /media/data/omar/programming course/DEPI/DEPI project/anomx/venv/lib/python3.12/site-packages/airflow/example_dags/example_time_delta_sensor_async.py took 0.092 seconds
[2026-06-21T22:13:38.750+0300] {processor.py:161} INFO - Started process (PID=19102) to work on /media/data/omar/programming course/DEPI/DEPI project/anomx/venv/lib/python3.12/site-packages/airflow/example_dags/example_time_delta_sensor_async.py
[2026-06-21T22:13:38.751+0300] {processor.py:830} INFO - Processing file /media/data/omar/programming course/DEPI/DEPI project/anomx/venv/lib/python3.12/site-packages/airflow/example_dags/example_time_delta_sensor_async.py for tasks to queue
[2026-06-21T22:13:38.753+0300] {logging_mixin.py:188} INFO - [2026-06-21T22:13:38.753+0300] {dagbag.py:540} INFO - Filling up the DagBag from /media/data/omar/programming course/DEPI/DEPI project/anomx/venv/lib/python3.12/site-packages/airflow/example_dags/example_time_delta_sensor_async.py
[2026-06-21T22:13:38.768+0300] {processor.py:840} INFO - DAG(s) 'example_time_delta_sensor_async' retrieved from /media/data/omar/programming course/DEPI/DEPI project/anomx/venv/lib/python3.12/site-packages/airflow/example_dags/example_time_delta_sensor_async.py
[2026-06-21T22:13:38.798+0300] {logging_mixin.py:188} INFO - [2026-06-21T22:13:38.798+0300] {dag.py:3096} INFO - Sync 1 DAGs
[2026-06-21T22:13:38.812+0300] {logging_mixin.py:188} INFO - [2026-06-21T22:13:38.812+0300] {dag.py:3954} INFO - Setting next_dagrun for example_time_delta_sensor_async to None, run_after=None
[2026-06-21T22:13:38.851+0300] {processor.py:183} INFO - Processing /media/data/omar/programming course/DEPI/DEPI project/anomx/venv/lib/python3.12/site-packages/airflow/example_dags/example_time_delta_sensor_async.py took 0.111 seconds
[2026-06-21T22:14:37.681+0300] {processor.py:161} INFO - Started process (PID=19211) to work on /media/data/omar/programming course/DEPI/DEPI project/anomx/venv/lib/python3.12/site-packages/airflow/example_dags/example_time_delta_sensor_async.py
[2026-06-21T22:14:37.682+0300] {processor.py:830} INFO - Processing file /media/data/omar/programming course/DEPI/DEPI project/anomx/venv/lib/python3.12/site-packages/airflow/example_dags/example_time_delta_sensor_async.py for tasks to queue
[2026-06-21T22:14:37.684+0300] {logging_mixin.py:188} INFO - [2026-06-21T22:14:37.683+0300] {dagbag.py:540} INFO - Filling up the DagBag from /media/data/omar/programming course/DEPI/DEPI project/anomx/venv/lib/python3.12/site-packages/airflow/example_dags/example_time_delta_sensor_async.py
[2026-06-21T22:14:37.690+0300] {processor.py:840} INFO - DAG(s) 'example_time_delta_sensor_async' retrieved from /media/data/omar/programming course/DEPI/DEPI project/anomx/venv/lib/python3.12/site-packages/airflow/example_dags/example_time_delta_sensor_async.py
[2026-06-21T22:14:37.711+0300] {logging_mixin.py:188} INFO - [2026-06-21T22:14:37.711+0300] {dag.py:3096} INFO - Sync 1 DAGs
[2026-06-21T22:14:37.725+0300] {logging_mixin.py:188} INFO - [2026-06-21T22:14:37.724+0300] {dag.py:3954} INFO - Setting next_dagrun for example_time_delta_sensor_async to None, run_after=None
[2026-06-21T22:14:37.755+0300] {processor.py:183} INFO - Processing /media/data/omar/programming course/DEPI/DEPI project/anomx/venv/lib/python3.12/site-packages/airflow/example_dags/example_time_delta_sensor_async.py took 0.080 seconds
[2026-06-21T22:15:34.859+0300] {processor.py:161} INFO - Started process (PID=19314) to work on /media/data/omar/programming course/DEPI/DEPI project/anomx/venv/lib/python3.12/site-packages/airflow/example_dags/example_time_delta_sensor_async.py
[2026-06-21T22:15:34.861+0300] {processor.py:830} INFO - Processing file /media/data/omar/programming course/DEPI/DEPI project/anomx/venv/lib/python3.12/site-packages/airflow/example_dags/example_time_delta_sensor_async.py for tasks to queue
[2026-06-21T22:15:34.863+0300] {logging_mixin.py:188} INFO - [2026-06-21T22:15:34.862+0300] {dagbag.py:540} INFO - Filling up the DagBag from /media/data/omar/programming course/DEPI/DEPI project/anomx/venv/lib/python3.12/site-packages/airflow/example_dags/example_time_delta_sensor_async.py
[2026-06-21T22:15:34.876+0300] {processor.py:840} INFO - DAG(s) 'example_time_delta_sensor_async' retrieved from /media/data/omar/programming course/DEPI/DEPI project/anomx/venv/lib/python3.12/site-packages/airflow/example_dags/example_time_delta_sensor_async.py
[2026-06-21T22:15:34.920+0300] {logging_mixin.py:188} INFO - [2026-06-21T22:15:34.919+0300] {dag.py:3096} INFO - Sync 1 DAGs
[2026-06-21T22:15:34.950+0300] {logging_mixin.py:188} INFO - [2026-06-21T22:15:34.949+0300] {dag.py:3954} INFO - Setting next_dagrun for example_time_delta_sensor_async to None, run_after=None
[2026-06-21T22:15:35.001+0300] {processor.py:183} INFO - Processing /media/data/omar/programming course/DEPI/DEPI project/anomx/venv/lib/python3.12/site-packages/airflow/example_dags/example_time_delta_sensor_async.py took 0.149 seconds
[2026-06-21T22:16:27.202+0300] {processor.py:161} INFO - Started process (PID=19689) to work on /media/data/omar/programming course/DEPI/DEPI project/anomx/venv/lib/python3.12/site-packages/airflow/example_dags/example_time_delta_sensor_async.py
[2026-06-21T22:16:27.204+0300] {processor.py:830} INFO - Processing file /media/data/omar/programming course/DEPI/DEPI project/anomx/venv/lib/python3.12/site-packages/airflow/example_dags/example_time_delta_sensor_async.py for tasks to queue
[2026-06-21T22:16:27.206+0300] {logging_mixin.py:188} INFO - [2026-06-21T22:16:27.205+0300] {dagbag.py:540} INFO - Filling up the DagBag from /media/data/omar/programming course/DEPI/DEPI project/anomx/venv/lib/python3.12/site-packages/airflow/example_dags/example_time_delta_sensor_async.py
[2026-06-21T22:16:27.214+0300] {processor.py:840} INFO - DAG(s) 'example_time_delta_sensor_async' retrieved from /media/data/omar/programming course/DEPI/DEPI project/anomx/venv/lib/python3.12/site-packages/airflow/example_dags/example_time_delta_sensor_async.py
[2026-06-21T22:16:27.232+0300] {logging_mixin.py:188} INFO - [2026-06-21T22:16:27.231+0300] {dag.py:3096} INFO - Sync 1 DAGs
[2026-06-21T22:16:27.241+0300] {logging_mixin.py:188} INFO - [2026-06-21T22:16:27.241+0300] {dag.py:3954} INFO - Setting next_dagrun for example_time_delta_sensor_async to None, run_after=None
[2026-06-21T22:16:27.269+0300] {processor.py:183} INFO - Processing /media/data/omar/programming course/DEPI/DEPI project/anomx/venv/lib/python3.12/site-packages/airflow/example_dags/example_time_delta_sensor_async.py took 0.075 seconds
[2026-06-21T22:17:23.302+0300] {processor.py:161} INFO - Started process (PID=19801) to work on /media/data/omar/programming course/DEPI/DEPI project/anomx/venv/lib/python3.12/site-packages/airflow/example_dags/example_time_delta_sensor_async.py
[2026-06-21T22:17:23.303+0300] {processor.py:830} INFO - Processing file /media/data/omar/programming course/DEPI/DEPI project/anomx/venv/lib/python3.12/site-packages/airflow/example_dags/example_time_delta_sensor_async.py for tasks to queue
[2026-06-21T22:17:23.305+0300] {logging_mixin.py:188} INFO - [2026-06-21T22:17:23.304+0300] {dagbag.py:540} INFO - Filling up the DagBag from /media/data/omar/programming course/DEPI/DEPI project/anomx/venv/lib/python3.12/site-packages/airflow/example_dags/example_time_delta_sensor_async.py
[2026-06-21T22:17:23.311+0300] {processor.py:840} INFO - DAG(s) 'example_time_delta_sensor_async' retrieved from /media/data/omar/programming course/DEPI/DEPI project/anomx/venv/lib/python3.12/site-packages/airflow/example_dags/example_time_delta_sensor_async.py
[2026-06-21T22:17:23.328+0300] {logging_mixin.py:188} INFO - [2026-06-21T22:17:23.327+0300] {dag.py:3096} INFO - Sync 1 DAGs
[2026-06-21T22:17:23.339+0300] {logging_mixin.py:188} INFO - [2026-06-21T22:17:23.339+0300] {dag.py:3954} INFO - Setting next_dagrun for example_time_delta_sensor_async to None, run_after=None
[2026-06-21T22:17:23.369+0300] {processor.py:183} INFO - Processing /media/data/omar/programming course/DEPI/DEPI project/anomx/venv/lib/python3.12/site-packages/airflow/example_dags/example_time_delta_sensor_async.py took 0.073 seconds
[2026-06-21T22:18:23.842+0300] {processor.py:161} INFO - Started process (PID=19957) to work on /media/data/omar/programming course/DEPI/DEPI project/anomx/venv/lib/python3.12/site-packages/airflow/example_dags/example_time_delta_sensor_async.py
[2026-06-21T22:18:23.846+0300] {processor.py:830} INFO - Processing file /media/data/omar/programming course/DEPI/DEPI project/anomx/venv/lib/python3.12/site-packages/airflow/example_dags/example_time_delta_sensor_async.py for tasks to queue
[2026-06-21T22:18:23.851+0300] {logging_mixin.py:188} INFO - [2026-06-21T22:18:23.850+0300] {dagbag.py:540} INFO - Filling up the DagBag from /media/data/omar/programming course/DEPI/DEPI project/anomx/venv/lib/python3.12/site-packages/airflow/example_dags/example_time_delta_sensor_async.py
[2026-06-21T22:18:23.866+0300] {processor.py:840} INFO - DAG(s) 'example_time_delta_sensor_async' retrieved from /media/data/omar/programming course/DEPI/DEPI project/anomx/venv/lib/python3.12/site-packages/airflow/example_dags/example_time_delta_sensor_async.py
[2026-06-21T22:18:23.910+0300] {logging_mixin.py:188} INFO - [2026-06-21T22:18:23.909+0300] {dag.py:3096} INFO - Sync 1 DAGs
[2026-06-21T22:18:23.937+0300] {logging_mixin.py:188} INFO - [2026-06-21T22:18:23.935+0300] {dag.py:3954} INFO - Setting next_dagrun for example_time_delta_sensor_async to None, run_after=None
[2026-06-21T22:18:24.018+0300] {processor.py:183} INFO - Processing /media/data/omar/programming course/DEPI/DEPI project/anomx/venv/lib/python3.12/site-packages/airflow/example_dags/example_time_delta_sensor_async.py took 0.194 seconds
[2026-06-21T22:19:21.122+0300] {processor.py:161} INFO - Started process (PID=20064) to work on /media/data/omar/programming course/DEPI/DEPI project/anomx/venv/lib/python3.12/site-packages/airflow/example_dags/example_time_delta_sensor_async.py
[2026-06-21T22:19:21.123+0300] {processor.py:830} INFO - Processing file /media/data/omar/programming course/DEPI/DEPI project/anomx/venv/lib/python3.12/site-packages/airflow/example_dags/example_time_delta_sensor_async.py for tasks to queue
[2026-06-21T22:19:21.125+0300] {logging_mixin.py:188} INFO - [2026-06-21T22:19:21.125+0300] {dagbag.py:540} INFO - Filling up the DagBag from /media/data/omar/programming course/DEPI/DEPI project/anomx/venv/lib/python3.12/site-packages/airflow/example_dags/example_time_delta_sensor_async.py
[2026-06-21T22:19:21.131+0300] {processor.py:840} INFO - DAG(s) 'example_time_delta_sensor_async' retrieved from /media/data/omar/programming course/DEPI/DEPI project/anomx/venv/lib/python3.12/site-packages/airflow/example_dags/example_time_delta_sensor_async.py
[2026-06-21T22:19:21.147+0300] {logging_mixin.py:188} INFO - [2026-06-21T22:19:21.147+0300] {dag.py:3096} INFO - Sync 1 DAGs
[2026-06-21T22:19:21.158+0300] {logging_mixin.py:188} INFO - [2026-06-21T22:19:21.157+0300] {dag.py:3954} INFO - Setting next_dagrun for example_time_delta_sensor_async to None, run_after=None
[2026-06-21T22:19:21.188+0300] {processor.py:183} INFO - Processing /media/data/omar/programming course/DEPI/DEPI project/anomx/venv/lib/python3.12/site-packages/airflow/example_dags/example_time_delta_sensor_async.py took 0.072 seconds
[2026-06-21T22:20:20.121+0300] {processor.py:161} INFO - Started process (PID=20167) to work on /media/data/omar/programming course/DEPI/DEPI project/anomx/venv/lib/python3.12/site-packages/airflow/example_dags/example_time_delta_sensor_async.py
[2026-06-21T22:20:20.122+0300] {processor.py:830} INFO - Processing file /media/data/omar/programming course/DEPI/DEPI project/anomx/venv/lib/python3.12/site-packages/airflow/example_dags/example_time_delta_sensor_async.py for tasks to queue
[2026-06-21T22:20:20.125+0300] {logging_mixin.py:188} INFO - [2026-06-21T22:20:20.124+0300] {dagbag.py:540} INFO - Filling up the DagBag from /media/data/omar/programming course/DEPI/DEPI project/anomx/venv/lib/python3.12/site-packages/airflow/example_dags/example_time_delta_sensor_async.py
[2026-06-21T22:20:20.133+0300] {processor.py:840} INFO - DAG(s) 'example_time_delta_sensor_async' retrieved from /media/data/omar/programming course/DEPI/DEPI project/anomx/venv/lib/python3.12/site-packages/airflow/example_dags/example_time_delta_sensor_async.py
[2026-06-21T22:20:20.154+0300] {logging_mixin.py:188} INFO - [2026-06-21T22:20:20.154+0300] {dag.py:3096} INFO - Sync 1 DAGs
[2026-06-21T22:20:20.170+0300] {logging_mixin.py:188} INFO - [2026-06-21T22:20:20.170+0300] {dag.py:3954} INFO - Setting next_dagrun for example_time_delta_sensor_async to None, run_after=None
[2026-06-21T22:20:20.211+0300] {processor.py:183} INFO - Processing /media/data/omar/programming course/DEPI/DEPI project/anomx/venv/lib/python3.12/site-packages/airflow/example_dags/example_time_delta_sensor_async.py took 0.099 seconds
[2026-06-21T22:20:58.305+0300] {processor.py:161} INFO - Started process (PID=20228) to work on /media/data/omar/programming course/DEPI/DEPI project/anomx/venv/lib/python3.12/site-packages/airflow/example_dags/example_time_delta_sensor_async.py
[2026-06-21T22:20:58.309+0300] {processor.py:830} INFO - Processing file /media/data/omar/programming course/DEPI/DEPI project/anomx/venv/lib/python3.12/site-packages/airflow/example_dags/example_time_delta_sensor_async.py for tasks to queue
[2026-06-21T22:20:58.314+0300] {logging_mixin.py:188} INFO - [2026-06-21T22:20:58.313+0300] {dagbag.py:540} INFO - Filling up the DagBag from /media/data/omar/programming course/DEPI/DEPI project/anomx/venv/lib/python3.12/site-packages/airflow/example_dags/example_time_delta_sensor_async.py
[2026-06-21T22:20:58.338+0300] {processor.py:840} INFO - DAG(s) 'example_time_delta_sensor_async' retrieved from /media/data/omar/programming course/DEPI/DEPI project/anomx/venv/lib/python3.12/site-packages/airflow/example_dags/example_time_delta_sensor_async.py
[2026-06-21T22:20:58.389+0300] {logging_mixin.py:188} INFO - [2026-06-21T22:20:58.388+0300] {dag.py:3096} INFO - Sync 1 DAGs
[2026-06-21T22:20:58.399+0300] {logging_mixin.py:188} INFO - [2026-06-21T22:20:58.399+0300] {dag.py:3954} INFO - Setting next_dagrun for example_time_delta_sensor_async to None, run_after=None
[2026-06-21T22:20:58.430+0300] {processor.py:183} INFO - Processing /media/data/omar/programming course/DEPI/DEPI project/anomx/venv/lib/python3.12/site-packages/airflow/example_dags/example_time_delta_sensor_async.py took 0.138 seconds
[2026-06-21T22:21:58.008+0300] {processor.py:161} INFO - Started process (PID=20324) to work on /media/data/omar/programming course/DEPI/DEPI project/anomx/venv/lib/python3.12/site-packages/airflow/example_dags/example_time_delta_sensor_async.py
[2026-06-21T22:21:58.010+0300] {processor.py:830} INFO - Processing file /media/data/omar/programming course/DEPI/DEPI project/anomx/venv/lib/python3.12/site-packages/airflow/example_dags/example_time_delta_sensor_async.py for tasks to queue
[2026-06-21T22:21:58.015+0300] {logging_mixin.py:188} INFO - [2026-06-21T22:21:58.014+0300] {dagbag.py:540} INFO - Filling up the DagBag from /media/data/omar/programming course/DEPI/DEPI project/anomx/venv/lib/python3.12/site-packages/airflow/example_dags/example_time_delta_sensor_async.py
[2026-06-21T22:21:58.024+0300] {processor.py:840} INFO - DAG(s) 'example_time_delta_sensor_async' retrieved from /media/data/omar/programming course/DEPI/DEPI project/anomx/venv/lib/python3.12/site-packages/airflow/example_dags/example_time_delta_sensor_async.py
[2026-06-21T22:21:58.041+0300] {logging_mixin.py:188} INFO - [2026-06-21T22:21:58.041+0300] {dag.py:3096} INFO - Sync 1 DAGs
[2026-06-21T22:21:58.051+0300] {logging_mixin.py:188} INFO - [2026-06-21T22:21:58.051+0300] {dag.py:3954} INFO - Setting next_dagrun for example_time_delta_sensor_async to None, run_after=None
[2026-06-21T22:21:58.081+0300] {processor.py:183} INFO - Processing /media/data/omar/programming course/DEPI/DEPI project/anomx/venv/lib/python3.12/site-packages/airflow/example_dags/example_time_delta_sensor_async.py took 0.091 seconds
[2026-06-21T22:23:09.828+0300] {processor.py:161} INFO - Started process (PID=20468) to work on /media/data/omar/programming course/DEPI/DEPI project/anomx/venv/lib/python3.12/site-packages/airflow/example_dags/example_time_delta_sensor_async.py
[2026-06-21T22:23:09.829+0300] {processor.py:830} INFO - Processing file /media/data/omar/programming course/DEPI/DEPI project/anomx/venv/lib/python3.12/site-packages/airflow/example_dags/example_time_delta_sensor_async.py for tasks to queue
[2026-06-21T22:23:09.832+0300] {logging_mixin.py:188} INFO - [2026-06-21T22:23:09.831+0300] {dagbag.py:540} INFO - Filling up the DagBag from /media/data/omar/programming course/DEPI/DEPI project/anomx/venv/lib/python3.12/site-packages/airflow/example_dags/example_time_delta_sensor_async.py
[2026-06-21T22:23:09.844+0300] {processor.py:840} INFO - DAG(s) 'example_time_delta_sensor_async' retrieved from /media/data/omar/programming course/DEPI/DEPI project/anomx/venv/lib/python3.12/site-packages/airflow/example_dags/example_time_delta_sensor_async.py
[2026-06-21T22:23:09.860+0300] {logging_mixin.py:188} INFO - [2026-06-21T22:23:09.860+0300] {dag.py:3096} INFO - Sync 1 DAGs
[2026-06-21T22:23:09.868+0300] {logging_mixin.py:188} INFO - [2026-06-21T22:23:09.868+0300] {dag.py:3954} INFO - Setting next_dagrun for example_time_delta_sensor_async to None, run_after=None
[2026-06-21T22:23:09.894+0300] {processor.py:183} INFO - Processing /media/data/omar/programming course/DEPI/DEPI project/anomx/venv/lib/python3.12/site-packages/airflow/example_dags/example_time_delta_sensor_async.py took 0.078 seconds
[2026-06-21T22:24:09.572+0300] {processor.py:161} INFO - Started process (PID=20564) to work on /media/data/omar/programming course/DEPI/DEPI project/anomx/venv/lib/python3.12/site-packages/airflow/example_dags/example_time_delta_sensor_async.py
[2026-06-21T22:24:09.573+0300] {processor.py:830} INFO - Processing file /media/data/omar/programming course/DEPI/DEPI project/anomx/venv/lib/python3.12/site-packages/airflow/example_dags/example_time_delta_sensor_async.py for tasks to queue
[2026-06-21T22:24:09.575+0300] {logging_mixin.py:188} INFO - [2026-06-21T22:24:09.574+0300] {dagbag.py:540} INFO - Filling up the DagBag from /media/data/omar/programming course/DEPI/DEPI project/anomx/venv/lib/python3.12/site-packages/airflow/example_dags/example_time_delta_sensor_async.py
[2026-06-21T22:24:09.580+0300] {processor.py:840} INFO - DAG(s) 'example_time_delta_sensor_async' retrieved from /media/data/omar/programming course/DEPI/DEPI project/anomx/venv/lib/python3.12/site-packages/airflow/example_dags/example_time_delta_sensor_async.py
[2026-06-21T22:24:09.595+0300] {logging_mixin.py:188} INFO - [2026-06-21T22:24:09.594+0300] {dag.py:3096} INFO - Sync 1 DAGs
[2026-06-21T22:24:09.604+0300] {logging_mixin.py:188} INFO - [2026-06-21T22:24:09.604+0300] {dag.py:3954} INFO - Setting next_dagrun for example_time_delta_sensor_async to None, run_after=None
[2026-06-21T22:24:09.631+0300] {processor.py:183} INFO - Processing /media/data/omar/programming course/DEPI/DEPI project/anomx/venv/lib/python3.12/site-packages/airflow/example_dags/example_time_delta_sensor_async.py took 0.064 seconds
[2026-06-21T22:47:58.941+0300] {processor.py:161} INFO - Started process (PID=22132) to work on /media/data/omar/programming course/DEPI/DEPI project/anomx/venv/lib/python3.12/site-packages/airflow/example_dags/example_time_delta_sensor_async.py
[2026-06-21T22:47:58.942+0300] {processor.py:830} INFO - Processing file /media/data/omar/programming course/DEPI/DEPI project/anomx/venv/lib/python3.12/site-packages/airflow/example_dags/example_time_delta_sensor_async.py for tasks to queue
[2026-06-21T22:47:58.944+0300] {logging_mixin.py:188} INFO - [2026-06-21T22:47:58.943+0300] {dagbag.py:540} INFO - Filling up the DagBag from /media/data/omar/programming course/DEPI/DEPI project/anomx/venv/lib/python3.12/site-packages/airflow/example_dags/example_time_delta_sensor_async.py
[2026-06-21T22:47:58.955+0300] {processor.py:840} INFO - DAG(s) 'example_time_delta_sensor_async' retrieved from /media/data/omar/programming course/DEPI/DEPI project/anomx/venv/lib/python3.12/site-packages/airflow/example_dags/example_time_delta_sensor_async.py
[2026-06-21T22:47:58.975+0300] {logging_mixin.py:188} INFO - [2026-06-21T22:47:58.974+0300] {dag.py:3096} INFO - Sync 1 DAGs
[2026-06-21T22:47:58.985+0300] {logging_mixin.py:188} INFO - [2026-06-21T22:47:58.985+0300] {dag.py:3118} INFO - Creating ORM DAG for example_time_delta_sensor_async
[2026-06-21T22:47:58.986+0300] {logging_mixin.py:188} INFO - [2026-06-21T22:47:58.986+0300] {dag.py:3954} INFO - Setting next_dagrun for example_time_delta_sensor_async to None, run_after=None
[2026-06-21T22:47:59.016+0300] {processor.py:183} INFO - Processing /media/data/omar/programming course/DEPI/DEPI project/anomx/venv/lib/python3.12/site-packages/airflow/example_dags/example_time_delta_sensor_async.py took 0.081 seconds
[2026-06-21T22:48:57.347+0300] {processor.py:161} INFO - Started process (PID=22213) to work on /media/data/omar/programming course/DEPI/DEPI project/anomx/venv/lib/python3.12/site-packages/airflow/example_dags/example_time_delta_sensor_async.py
[2026-06-21T22:48:57.348+0300] {processor.py:830} INFO - Processing file /media/data/omar/programming course/DEPI/DEPI project/anomx/venv/lib/python3.12/site-packages/airflow/example_dags/example_time_delta_sensor_async.py for tasks to queue
[2026-06-21T22:48:57.351+0300] {logging_mixin.py:188} INFO - [2026-06-21T22:48:57.351+0300] {dagbag.py:540} INFO - Filling up the DagBag from /media/data/omar/programming course/DEPI/DEPI project/anomx/venv/lib/python3.12/site-packages/airflow/example_dags/example_time_delta_sensor_async.py
[2026-06-21T22:48:57.358+0300] {processor.py:840} INFO - DAG(s) 'example_time_delta_sensor_async' retrieved from /media/data/omar/programming course/DEPI/DEPI project/anomx/venv/lib/python3.12/site-packages/airflow/example_dags/example_time_delta_sensor_async.py
[2026-06-21T22:48:57.374+0300] {logging_mixin.py:188} INFO - [2026-06-21T22:48:57.374+0300] {dag.py:3096} INFO - Sync 1 DAGs
[2026-06-21T22:48:57.385+0300] {logging_mixin.py:188} INFO - [2026-06-21T22:48:57.385+0300] {dag.py:3954} INFO - Setting next_dagrun for example_time_delta_sensor_async to None, run_after=None
[2026-06-21T22:48:57.414+0300] {processor.py:183} INFO - Processing /media/data/omar/programming course/DEPI/DEPI project/anomx/venv/lib/python3.12/site-packages/airflow/example_dags/example_time_delta_sensor_async.py took 0.080 seconds
[2026-06-21T22:49:53.136+0300] {processor.py:161} INFO - Started process (PID=22304) to work on /media/data/omar/programming course/DEPI/DEPI project/anomx/venv/lib/python3.12/site-packages/airflow/example_dags/example_time_delta_sensor_async.py
[2026-06-21T22:49:53.138+0300] {processor.py:830} INFO - Processing file /media/data/omar/programming course/DEPI/DEPI project/anomx/venv/lib/python3.12/site-packages/airflow/example_dags/example_time_delta_sensor_async.py for tasks to queue
[2026-06-21T22:49:53.140+0300] {logging_mixin.py:188} INFO - [2026-06-21T22:49:53.140+0300] {dagbag.py:540} INFO - Filling up the DagBag from /media/data/omar/programming course/DEPI/DEPI project/anomx/venv/lib/python3.12/site-packages/airflow/example_dags/example_time_delta_sensor_async.py
[2026-06-21T22:49:53.148+0300] {processor.py:840} INFO - DAG(s) 'example_time_delta_sensor_async' retrieved from /media/data/omar/programming course/DEPI/DEPI project/anomx/venv/lib/python3.12/site-packages/airflow/example_dags/example_time_delta_sensor_async.py
[2026-06-21T22:49:53.164+0300] {logging_mixin.py:188} INFO - [2026-06-21T22:49:53.163+0300] {dag.py:3096} INFO - Sync 1 DAGs
[2026-06-21T22:49:53.174+0300] {logging_mixin.py:188} INFO - [2026-06-21T22:49:53.173+0300] {dag.py:3954} INFO - Setting next_dagrun for example_time_delta_sensor_async to None, run_after=None
[2026-06-21T22:49:53.214+0300] {processor.py:183} INFO - Processing /media/data/omar/programming course/DEPI/DEPI project/anomx/venv/lib/python3.12/site-packages/airflow/example_dags/example_time_delta_sensor_async.py took 0.086 seconds
[2026-06-21T22:50:49.595+0300] {processor.py:161} INFO - Started process (PID=22468) to work on /media/data/omar/programming course/DEPI/DEPI project/anomx/venv/lib/python3.12/site-packages/airflow/example_dags/example_time_delta_sensor_async.py
[2026-06-21T22:50:49.597+0300] {processor.py:830} INFO - Processing file /media/data/omar/programming course/DEPI/DEPI project/anomx/venv/lib/python3.12/site-packages/airflow/example_dags/example_time_delta_sensor_async.py for tasks to queue
[2026-06-21T22:50:49.598+0300] {logging_mixin.py:188} INFO - [2026-06-21T22:50:49.598+0300] {dagbag.py:540} INFO - Filling up the DagBag from /media/data/omar/programming course/DEPI/DEPI project/anomx/venv/lib/python3.12/site-packages/airflow/example_dags/example_time_delta_sensor_async.py
[2026-06-21T22:50:49.604+0300] {processor.py:840} INFO - DAG(s) 'example_time_delta_sensor_async' retrieved from /media/data/omar/programming course/DEPI/DEPI project/anomx/venv/lib/python3.12/site-packages/airflow/example_dags/example_time_delta_sensor_async.py
[2026-06-21T22:50:49.621+0300] {logging_mixin.py:188} INFO - [2026-06-21T22:50:49.620+0300] {dag.py:3096} INFO - Sync 1 DAGs
[2026-06-21T22:50:49.630+0300] {logging_mixin.py:188} INFO - [2026-06-21T22:50:49.630+0300] {dag.py:3954} INFO - Setting next_dagrun for example_time_delta_sensor_async to None, run_after=None
[2026-06-21T22:50:49.657+0300] {processor.py:183} INFO - Processing /media/data/omar/programming course/DEPI/DEPI project/anomx/venv/lib/python3.12/site-packages/airflow/example_dags/example_time_delta_sensor_async.py took 0.069 seconds
