[2026-06-21T21:39:17.209+0300] {processor.py:161} INFO - Started process (PID=15122) to work on /media/data/omar/programming course/DEPI/DEPI project/anomx/venv/lib/python3.12/site-packages/airflow/example_dags/example_latest_only_with_trigger.py
[2026-06-21T21:39:17.211+0300] {processor.py:830} INFO - Processing file /media/data/omar/programming course/DEPI/DEPI project/anomx/venv/lib/python3.12/site-packages/airflow/example_dags/example_latest_only_with_trigger.py for tasks to queue
[2026-06-21T21:39:17.214+0300] {logging_mixin.py:188} INFO - [2026-06-21T21:39:17.213+0300] {dagbag.py:540} INFO - Filling up the DagBag from /media/data/omar/programming course/DEPI/DEPI project/anomx/venv/lib/python3.12/site-packages/airflow/example_dags/example_latest_only_with_trigger.py
[2026-06-21T21:39:17.224+0300] {processor.py:840} INFO - DAG(s) 'latest_only_with_trigger' retrieved from /media/data/omar/programming course/DEPI/DEPI project/anomx/venv/lib/python3.12/site-packages/airflow/example_dags/example_latest_only_with_trigger.py
[2026-06-21T21:39:17.418+0300] {logging_mixin.py:188} INFO - [2026-06-21T21:39:17.417+0300] {override.py:1829} INFO - Created Permission View: can edit on DAG:latest_only_with_trigger
[2026-06-21T21:39:17.435+0300] {logging_mixin.py:188} INFO - [2026-06-21T21:39:17.434+0300] {override.py:1829} INFO - Created Permission View: can read on DAG:latest_only_with_trigger
[2026-06-21T21:39:17.449+0300] {logging_mixin.py:188} INFO - [2026-06-21T21:39:17.448+0300] {override.py:1829} INFO - Created Permission View: can delete on DAG:latest_only_with_trigger
[2026-06-21T21:39:17.449+0300] {logging_mixin.py:188} INFO - [2026-06-21T21:39:17.449+0300] {dag.py:3096} INFO - Sync 1 DAGs
[2026-06-21T21:39:17.458+0300] {logging_mixin.py:188} INFO - [2026-06-21T21:39:17.458+0300] {dag.py:3118} INFO - Creating ORM DAG for latest_only_with_trigger
[2026-06-21T21:39:17.466+0300] {logging_mixin.py:188} INFO - [2026-06-21T21:39:17.466+0300] {dag.py:3954} INFO - Setting next_dagrun for latest_only_with_trigger to 2026-06-21 12:00:00+00:00, run_after=2026-06-21 16:00:00+00:00
[2026-06-21T21:39:17.492+0300] {processor.py:183} INFO - Processing /media/data/omar/programming course/DEPI/DEPI project/anomx/venv/lib/python3.12/site-packages/airflow/example_dags/example_latest_only_with_trigger.py took 0.295 seconds
[2026-06-21T21:40:22.834+0300] {processor.py:161} INFO - Started process (PID=15225) to work on /media/data/omar/programming course/DEPI/DEPI project/anomx/venv/lib/python3.12/site-packages/airflow/example_dags/example_latest_only_with_trigger.py
[2026-06-21T21:40:22.836+0300] {processor.py:830} INFO - Processing file /media/data/omar/programming course/DEPI/DEPI project/anomx/venv/lib/python3.12/site-packages/airflow/example_dags/example_latest_only_with_trigger.py for tasks to queue
[2026-06-21T21:40:22.839+0300] {logging_mixin.py:188} INFO - [2026-06-21T21:40:22.838+0300] {dagbag.py:540} INFO - Filling up the DagBag from /media/data/omar/programming course/DEPI/DEPI project/anomx/venv/lib/python3.12/site-packages/airflow/example_dags/example_latest_only_with_trigger.py
[2026-06-21T21:40:22.848+0300] {processor.py:840} INFO - DAG(s) 'latest_only_with_trigger' retrieved from /media/data/omar/programming course/DEPI/DEPI project/anomx/venv/lib/python3.12/site-packages/airflow/example_dags/example_latest_only_with_trigger.py
[2026-06-21T21:40:22.865+0300] {logging_mixin.py:188} INFO - [2026-06-21T21:40:22.865+0300] {dag.py:3096} INFO - Sync 1 DAGs
[2026-06-21T21:40:22.882+0300] {logging_mixin.py:188} INFO - [2026-06-21T21:40:22.882+0300] {dag.py:3954} INFO - Setting next_dagrun for latest_only_with_trigger to 2026-06-21 12:00:00+00:00, run_after=2026-06-21 16:00:00+00:00
[2026-06-21T21:40:22.914+0300] {processor.py:183} INFO - Processing /media/data/omar/programming course/DEPI/DEPI project/anomx/venv/lib/python3.12/site-packages/airflow/example_dags/example_latest_only_with_trigger.py took 0.097 seconds
[2026-06-21T21:41:26.241+0300] {processor.py:161} INFO - Started process (PID=15347) to work on /media/data/omar/programming course/DEPI/DEPI project/anomx/venv/lib/python3.12/site-packages/airflow/example_dags/example_latest_only_with_trigger.py
[2026-06-21T21:41:26.243+0300] {processor.py:830} INFO - Processing file /media/data/omar/programming course/DEPI/DEPI project/anomx/venv/lib/python3.12/site-packages/airflow/example_dags/example_latest_only_with_trigger.py for tasks to queue
[2026-06-21T21:41:26.246+0300] {logging_mixin.py:188} INFO - [2026-06-21T21:41:26.245+0300] {dagbag.py:540} INFO - Filling up the DagBag from /media/data/omar/programming course/DEPI/DEPI project/anomx/venv/lib/python3.12/site-packages/airflow/example_dags/example_latest_only_with_trigger.py
[2026-06-21T21:41:26.255+0300] {processor.py:840} INFO - DAG(s) 'latest_only_with_trigger' retrieved from /media/data/omar/programming course/DEPI/DEPI project/anomx/venv/lib/python3.12/site-packages/airflow/example_dags/example_latest_only_with_trigger.py
[2026-06-21T21:41:26.280+0300] {logging_mixin.py:188} INFO - [2026-06-21T21:41:26.280+0300] {dag.py:3096} INFO - Sync 1 DAGs
[2026-06-21T21:41:26.300+0300] {logging_mixin.py:188} INFO - [2026-06-21T21:41:26.300+0300] {dag.py:3954} INFO - Setting next_dagrun for latest_only_with_trigger to 2026-06-21 12:00:00+00:00, run_after=2026-06-21 16:00:00+00:00
[2026-06-21T21:41:26.325+0300] {processor.py:183} INFO - Processing /media/data/omar/programming course/DEPI/DEPI project/anomx/venv/lib/python3.12/site-packages/airflow/example_dags/example_latest_only_with_trigger.py took 0.093 seconds
[2026-06-21T21:42:32.519+0300] {processor.py:161} INFO - Started process (PID=15472) to work on /media/data/omar/programming course/DEPI/DEPI project/anomx/venv/lib/python3.12/site-packages/airflow/example_dags/example_latest_only_with_trigger.py
[2026-06-21T21:42:32.520+0300] {processor.py:830} INFO - Processing file /media/data/omar/programming course/DEPI/DEPI project/anomx/venv/lib/python3.12/site-packages/airflow/example_dags/example_latest_only_with_trigger.py for tasks to queue
[2026-06-21T21:42:32.522+0300] {logging_mixin.py:188} INFO - [2026-06-21T21:42:32.522+0300] {dagbag.py:540} INFO - Filling up the DagBag from /media/data/omar/programming course/DEPI/DEPI project/anomx/venv/lib/python3.12/site-packages/airflow/example_dags/example_latest_only_with_trigger.py
[2026-06-21T21:42:32.548+0300] {processor.py:840} INFO - DAG(s) 'latest_only_with_trigger' retrieved from /media/data/omar/programming course/DEPI/DEPI project/anomx/venv/lib/python3.12/site-packages/airflow/example_dags/example_latest_only_with_trigger.py
[2026-06-21T21:42:32.610+0300] {logging_mixin.py:188} INFO - [2026-06-21T21:42:32.608+0300] {dag.py:3096} INFO - Sync 1 DAGs
[2026-06-21T21:42:32.686+0300] {logging_mixin.py:188} INFO - [2026-06-21T21:42:32.684+0300] {dag.py:3954} INFO - Setting next_dagrun for latest_only_with_trigger to 2026-06-21 12:00:00+00:00, run_after=2026-06-21 16:00:00+00:00
[2026-06-21T21:42:32.763+0300] {processor.py:183} INFO - Processing /media/data/omar/programming course/DEPI/DEPI project/anomx/venv/lib/python3.12/site-packages/airflow/example_dags/example_latest_only_with_trigger.py took 0.259 seconds
[2026-06-21T21:43:32.877+0300] {processor.py:161} INFO - Started process (PID=15674) to work on /media/data/omar/programming course/DEPI/DEPI project/anomx/venv/lib/python3.12/site-packages/airflow/example_dags/example_latest_only_with_trigger.py
[2026-06-21T21:43:32.878+0300] {processor.py:830} INFO - Processing file /media/data/omar/programming course/DEPI/DEPI project/anomx/venv/lib/python3.12/site-packages/airflow/example_dags/example_latest_only_with_trigger.py for tasks to queue
[2026-06-21T21:43:32.880+0300] {logging_mixin.py:188} INFO - [2026-06-21T21:43:32.879+0300] {dagbag.py:540} INFO - Filling up the DagBag from /media/data/omar/programming course/DEPI/DEPI project/anomx/venv/lib/python3.12/site-packages/airflow/example_dags/example_latest_only_with_trigger.py
[2026-06-21T21:43:32.886+0300] {processor.py:840} INFO - DAG(s) 'latest_only_with_trigger' retrieved from /media/data/omar/programming course/DEPI/DEPI project/anomx/venv/lib/python3.12/site-packages/airflow/example_dags/example_latest_only_with_trigger.py
[2026-06-21T21:43:32.901+0300] {logging_mixin.py:188} INFO - [2026-06-21T21:43:32.901+0300] {dag.py:3096} INFO - Sync 1 DAGs
[2026-06-21T21:43:32.918+0300] {logging_mixin.py:188} INFO - [2026-06-21T21:43:32.918+0300] {dag.py:3954} INFO - Setting next_dagrun for latest_only_with_trigger to 2026-06-21 12:00:00+00:00, run_after=2026-06-21 16:00:00+00:00
[2026-06-21T21:43:32.944+0300] {processor.py:183} INFO - Processing /media/data/omar/programming course/DEPI/DEPI project/anomx/venv/lib/python3.12/site-packages/airflow/example_dags/example_latest_only_with_trigger.py took 0.072 seconds
[2026-06-21T21:44:31.308+0300] {processor.py:161} INFO - Started process (PID=15794) to work on /media/data/omar/programming course/DEPI/DEPI project/anomx/venv/lib/python3.12/site-packages/airflow/example_dags/example_latest_only_with_trigger.py
[2026-06-21T21:44:31.311+0300] {processor.py:830} INFO - Processing file /media/data/omar/programming course/DEPI/DEPI project/anomx/venv/lib/python3.12/site-packages/airflow/example_dags/example_latest_only_with_trigger.py for tasks to queue
[2026-06-21T21:44:31.315+0300] {logging_mixin.py:188} INFO - [2026-06-21T21:44:31.313+0300] {dagbag.py:540} INFO - Filling up the DagBag from /media/data/omar/programming course/DEPI/DEPI project/anomx/venv/lib/python3.12/site-packages/airflow/example_dags/example_latest_only_with_trigger.py
[2026-06-21T21:44:31.324+0300] {processor.py:840} INFO - DAG(s) 'latest_only_with_trigger' retrieved from /media/data/omar/programming course/DEPI/DEPI project/anomx/venv/lib/python3.12/site-packages/airflow/example_dags/example_latest_only_with_trigger.py
[2026-06-21T21:44:31.341+0300] {logging_mixin.py:188} INFO - [2026-06-21T21:44:31.341+0300] {dag.py:3096} INFO - Sync 1 DAGs
[2026-06-21T21:44:31.360+0300] {logging_mixin.py:188} INFO - [2026-06-21T21:44:31.359+0300] {dag.py:3954} INFO - Setting next_dagrun for latest_only_with_trigger to 2026-06-21 12:00:00+00:00, run_after=2026-06-21 16:00:00+00:00
[2026-06-21T21:44:31.388+0300] {processor.py:183} INFO - Processing /media/data/omar/programming course/DEPI/DEPI project/anomx/venv/lib/python3.12/site-packages/airflow/example_dags/example_latest_only_with_trigger.py took 0.098 seconds
[2026-06-21T21:47:06.685+0300] {processor.py:161} INFO - Started process (PID=16099) to work on /media/data/omar/programming course/DEPI/DEPI project/anomx/venv/lib/python3.12/site-packages/airflow/example_dags/example_latest_only_with_trigger.py
[2026-06-21T21:47:06.686+0300] {processor.py:830} INFO - Processing file /media/data/omar/programming course/DEPI/DEPI project/anomx/venv/lib/python3.12/site-packages/airflow/example_dags/example_latest_only_with_trigger.py for tasks to queue
[2026-06-21T21:47:06.688+0300] {logging_mixin.py:188} INFO - [2026-06-21T21:47:06.688+0300] {dagbag.py:540} INFO - Filling up the DagBag from /media/data/omar/programming course/DEPI/DEPI project/anomx/venv/lib/python3.12/site-packages/airflow/example_dags/example_latest_only_with_trigger.py
[2026-06-21T21:47:06.696+0300] {processor.py:840} INFO - DAG(s) 'latest_only_with_trigger' retrieved from /media/data/omar/programming course/DEPI/DEPI project/anomx/venv/lib/python3.12/site-packages/airflow/example_dags/example_latest_only_with_trigger.py
[2026-06-21T21:47:06.717+0300] {logging_mixin.py:188} INFO - [2026-06-21T21:47:06.716+0300] {dag.py:3096} INFO - Sync 1 DAGs
[2026-06-21T21:47:06.738+0300] {logging_mixin.py:188} INFO - [2026-06-21T21:47:06.738+0300] {dag.py:3954} INFO - Setting next_dagrun for latest_only_with_trigger to 2026-06-21 12:00:00+00:00, run_after=2026-06-21 16:00:00+00:00
[2026-06-21T21:47:06.770+0300] {processor.py:183} INFO - Processing /media/data/omar/programming course/DEPI/DEPI project/anomx/venv/lib/python3.12/site-packages/airflow/example_dags/example_latest_only_with_trigger.py took 0.092 seconds
[2026-06-21T21:48:07.376+0300] {processor.py:161} INFO - Started process (PID=16193) to work on /media/data/omar/programming course/DEPI/DEPI project/anomx/venv/lib/python3.12/site-packages/airflow/example_dags/example_latest_only_with_trigger.py
[2026-06-21T21:48:07.377+0300] {processor.py:830} INFO - Processing file /media/data/omar/programming course/DEPI/DEPI project/anomx/venv/lib/python3.12/site-packages/airflow/example_dags/example_latest_only_with_trigger.py for tasks to queue
[2026-06-21T21:48:07.380+0300] {logging_mixin.py:188} INFO - [2026-06-21T21:48:07.380+0300] {dagbag.py:540} INFO - Filling up the DagBag from /media/data/omar/programming course/DEPI/DEPI project/anomx/venv/lib/python3.12/site-packages/airflow/example_dags/example_latest_only_with_trigger.py
[2026-06-21T21:48:07.391+0300] {processor.py:840} INFO - DAG(s) 'latest_only_with_trigger' retrieved from /media/data/omar/programming course/DEPI/DEPI project/anomx/venv/lib/python3.12/site-packages/airflow/example_dags/example_latest_only_with_trigger.py
[2026-06-21T21:48:07.414+0300] {logging_mixin.py:188} INFO - [2026-06-21T21:48:07.414+0300] {dag.py:3096} INFO - Sync 1 DAGs
[2026-06-21T21:48:07.434+0300] {logging_mixin.py:188} INFO - [2026-06-21T21:48:07.434+0300] {dag.py:3954} INFO - Setting next_dagrun for latest_only_with_trigger to 2026-06-21 12:00:00+00:00, run_after=2026-06-21 16:00:00+00:00
[2026-06-21T21:48:07.465+0300] {processor.py:183} INFO - Processing /media/data/omar/programming course/DEPI/DEPI project/anomx/venv/lib/python3.12/site-packages/airflow/example_dags/example_latest_only_with_trigger.py took 0.105 seconds
[2026-06-21T21:49:04.862+0300] {processor.py:161} INFO - Started process (PID=16283) to work on /media/data/omar/programming course/DEPI/DEPI project/anomx/venv/lib/python3.12/site-packages/airflow/example_dags/example_latest_only_with_trigger.py
[2026-06-21T21:49:04.864+0300] {processor.py:830} INFO - Processing file /media/data/omar/programming course/DEPI/DEPI project/anomx/venv/lib/python3.12/site-packages/airflow/example_dags/example_latest_only_with_trigger.py for tasks to queue
[2026-06-21T21:49:04.867+0300] {logging_mixin.py:188} INFO - [2026-06-21T21:49:04.866+0300] {dagbag.py:540} INFO - Filling up the DagBag from /media/data/omar/programming course/DEPI/DEPI project/anomx/venv/lib/python3.12/site-packages/airflow/example_dags/example_latest_only_with_trigger.py
[2026-06-21T21:49:04.875+0300] {processor.py:840} INFO - DAG(s) 'latest_only_with_trigger' retrieved from /media/data/omar/programming course/DEPI/DEPI project/anomx/venv/lib/python3.12/site-packages/airflow/example_dags/example_latest_only_with_trigger.py
[2026-06-21T21:49:04.894+0300] {logging_mixin.py:188} INFO - [2026-06-21T21:49:04.893+0300] {dag.py:3096} INFO - Sync 1 DAGs
[2026-06-21T21:49:04.913+0300] {logging_mixin.py:188} INFO - [2026-06-21T21:49:04.913+0300] {dag.py:3954} INFO - Setting next_dagrun for latest_only_with_trigger to 2026-06-21 12:00:00+00:00, run_after=2026-06-21 16:00:00+00:00
[2026-06-21T21:49:04.944+0300] {processor.py:183} INFO - Processing /media/data/omar/programming course/DEPI/DEPI project/anomx/venv/lib/python3.12/site-packages/airflow/example_dags/example_latest_only_with_trigger.py took 0.099 seconds
[2026-06-21T21:51:12.587+0300] {processor.py:161} INFO - Started process (PID=16507) to work on /media/data/omar/programming course/DEPI/DEPI project/anomx/venv/lib/python3.12/site-packages/airflow/example_dags/example_latest_only_with_trigger.py
[2026-06-21T21:51:12.589+0300] {processor.py:830} INFO - Processing file /media/data/omar/programming course/DEPI/DEPI project/anomx/venv/lib/python3.12/site-packages/airflow/example_dags/example_latest_only_with_trigger.py for tasks to queue
[2026-06-21T21:51:12.591+0300] {logging_mixin.py:188} INFO - [2026-06-21T21:51:12.590+0300] {dagbag.py:540} INFO - Filling up the DagBag from /media/data/omar/programming course/DEPI/DEPI project/anomx/venv/lib/python3.12/site-packages/airflow/example_dags/example_latest_only_with_trigger.py
[2026-06-21T21:51:12.599+0300] {processor.py:840} INFO - DAG(s) 'latest_only_with_trigger' retrieved from /media/data/omar/programming course/DEPI/DEPI project/anomx/venv/lib/python3.12/site-packages/airflow/example_dags/example_latest_only_with_trigger.py
[2026-06-21T21:51:12.619+0300] {logging_mixin.py:188} INFO - [2026-06-21T21:51:12.618+0300] {dag.py:3096} INFO - Sync 1 DAGs
[2026-06-21T21:51:12.637+0300] {logging_mixin.py:188} INFO - [2026-06-21T21:51:12.636+0300] {dag.py:3954} INFO - Setting next_dagrun for latest_only_with_trigger to 2026-06-21 12:00:00+00:00, run_after=2026-06-21 16:00:00+00:00
[2026-06-21T21:51:12.663+0300] {processor.py:183} INFO - Processing /media/data/omar/programming course/DEPI/DEPI project/anomx/venv/lib/python3.12/site-packages/airflow/example_dags/example_latest_only_with_trigger.py took 0.087 seconds
[2026-06-21T21:52:27.652+0300] {processor.py:161} INFO - Started process (PID=16658) to work on /media/data/omar/programming course/DEPI/DEPI project/anomx/venv/lib/python3.12/site-packages/airflow/example_dags/example_latest_only_with_trigger.py
[2026-06-21T21:52:27.654+0300] {processor.py:830} INFO - Processing file /media/data/omar/programming course/DEPI/DEPI project/anomx/venv/lib/python3.12/site-packages/airflow/example_dags/example_latest_only_with_trigger.py for tasks to queue
[2026-06-21T21:52:27.658+0300] {logging_mixin.py:188} INFO - [2026-06-21T21:52:27.657+0300] {dagbag.py:540} INFO - Filling up the DagBag from /media/data/omar/programming course/DEPI/DEPI project/anomx/venv/lib/python3.12/site-packages/airflow/example_dags/example_latest_only_with_trigger.py
[2026-06-21T21:52:27.668+0300] {processor.py:840} INFO - DAG(s) 'latest_only_with_trigger' retrieved from /media/data/omar/programming course/DEPI/DEPI project/anomx/venv/lib/python3.12/site-packages/airflow/example_dags/example_latest_only_with_trigger.py
[2026-06-21T21:52:27.685+0300] {logging_mixin.py:188} INFO - [2026-06-21T21:52:27.685+0300] {dag.py:3096} INFO - Sync 1 DAGs
[2026-06-21T21:52:27.702+0300] {logging_mixin.py:188} INFO - [2026-06-21T21:52:27.702+0300] {dag.py:3954} INFO - Setting next_dagrun for latest_only_with_trigger to 2026-06-21 12:00:00+00:00, run_after=2026-06-21 16:00:00+00:00
[2026-06-21T21:52:27.731+0300] {processor.py:183} INFO - Processing /media/data/omar/programming course/DEPI/DEPI project/anomx/venv/lib/python3.12/site-packages/airflow/example_dags/example_latest_only_with_trigger.py took 0.094 seconds
[2026-06-21T21:53:24.937+0300] {processor.py:161} INFO - Started process (PID=16740) to work on /media/data/omar/programming course/DEPI/DEPI project/anomx/venv/lib/python3.12/site-packages/airflow/example_dags/example_latest_only_with_trigger.py
[2026-06-21T21:53:24.939+0300] {processor.py:830} INFO - Processing file /media/data/omar/programming course/DEPI/DEPI project/anomx/venv/lib/python3.12/site-packages/airflow/example_dags/example_latest_only_with_trigger.py for tasks to queue
[2026-06-21T21:53:24.943+0300] {logging_mixin.py:188} INFO - [2026-06-21T21:53:24.942+0300] {dagbag.py:540} INFO - Filling up the DagBag from /media/data/omar/programming course/DEPI/DEPI project/anomx/venv/lib/python3.12/site-packages/airflow/example_dags/example_latest_only_with_trigger.py
[2026-06-21T21:53:24.952+0300] {processor.py:840} INFO - DAG(s) 'latest_only_with_trigger' retrieved from /media/data/omar/programming course/DEPI/DEPI project/anomx/venv/lib/python3.12/site-packages/airflow/example_dags/example_latest_only_with_trigger.py
[2026-06-21T21:53:24.969+0300] {logging_mixin.py:188} INFO - [2026-06-21T21:53:24.969+0300] {dag.py:3096} INFO - Sync 1 DAGs
[2026-06-21T21:53:24.987+0300] {logging_mixin.py:188} INFO - [2026-06-21T21:53:24.987+0300] {dag.py:3954} INFO - Setting next_dagrun for latest_only_with_trigger to 2026-06-21 12:00:00+00:00, run_after=2026-06-21 16:00:00+00:00
[2026-06-21T21:53:25.016+0300] {processor.py:183} INFO - Processing /media/data/omar/programming course/DEPI/DEPI project/anomx/venv/lib/python3.12/site-packages/airflow/example_dags/example_latest_only_with_trigger.py took 0.092 seconds
[2026-06-21T21:54:22.947+0300] {processor.py:161} INFO - Started process (PID=16843) to work on /media/data/omar/programming course/DEPI/DEPI project/anomx/venv/lib/python3.12/site-packages/airflow/example_dags/example_latest_only_with_trigger.py
[2026-06-21T21:54:22.948+0300] {processor.py:830} INFO - Processing file /media/data/omar/programming course/DEPI/DEPI project/anomx/venv/lib/python3.12/site-packages/airflow/example_dags/example_latest_only_with_trigger.py for tasks to queue
[2026-06-21T21:54:22.950+0300] {logging_mixin.py:188} INFO - [2026-06-21T21:54:22.950+0300] {dagbag.py:540} INFO - Filling up the DagBag from /media/data/omar/programming course/DEPI/DEPI project/anomx/venv/lib/python3.12/site-packages/airflow/example_dags/example_latest_only_with_trigger.py
[2026-06-21T21:54:22.958+0300] {processor.py:840} INFO - DAG(s) 'latest_only_with_trigger' retrieved from /media/data/omar/programming course/DEPI/DEPI project/anomx/venv/lib/python3.12/site-packages/airflow/example_dags/example_latest_only_with_trigger.py
[2026-06-21T21:54:22.974+0300] {logging_mixin.py:188} INFO - [2026-06-21T21:54:22.974+0300] {dag.py:3096} INFO - Sync 1 DAGs
[2026-06-21T21:54:22.992+0300] {logging_mixin.py:188} INFO - [2026-06-21T21:54:22.992+0300] {dag.py:3954} INFO - Setting next_dagrun for latest_only_with_trigger to 2026-06-21 12:00:00+00:00, run_after=2026-06-21 16:00:00+00:00
[2026-06-21T21:54:23.022+0300] {processor.py:183} INFO - Processing /media/data/omar/programming course/DEPI/DEPI project/anomx/venv/lib/python3.12/site-packages/airflow/example_dags/example_latest_only_with_trigger.py took 0.085 seconds
[2026-06-21T21:55:20.183+0300] {processor.py:161} INFO - Started process (PID=16937) to work on /media/data/omar/programming course/DEPI/DEPI project/anomx/venv/lib/python3.12/site-packages/airflow/example_dags/example_latest_only_with_trigger.py
[2026-06-21T21:55:20.185+0300] {processor.py:830} INFO - Processing file /media/data/omar/programming course/DEPI/DEPI project/anomx/venv/lib/python3.12/site-packages/airflow/example_dags/example_latest_only_with_trigger.py for tasks to queue
[2026-06-21T21:55:20.188+0300] {logging_mixin.py:188} INFO - [2026-06-21T21:55:20.187+0300] {dagbag.py:540} INFO - Filling up the DagBag from /media/data/omar/programming course/DEPI/DEPI project/anomx/venv/lib/python3.12/site-packages/airflow/example_dags/example_latest_only_with_trigger.py
[2026-06-21T21:55:20.198+0300] {processor.py:840} INFO - DAG(s) 'latest_only_with_trigger' retrieved from /media/data/omar/programming course/DEPI/DEPI project/anomx/venv/lib/python3.12/site-packages/airflow/example_dags/example_latest_only_with_trigger.py
[2026-06-21T21:55:20.214+0300] {logging_mixin.py:188} INFO - [2026-06-21T21:55:20.214+0300] {dag.py:3096} INFO - Sync 1 DAGs
[2026-06-21T21:55:20.231+0300] {logging_mixin.py:188} INFO - [2026-06-21T21:55:20.231+0300] {dag.py:3954} INFO - Setting next_dagrun for latest_only_with_trigger to 2026-06-21 12:00:00+00:00, run_after=2026-06-21 16:00:00+00:00
[2026-06-21T21:55:20.259+0300] {processor.py:183} INFO - Processing /media/data/omar/programming course/DEPI/DEPI project/anomx/venv/lib/python3.12/site-packages/airflow/example_dags/example_latest_only_with_trigger.py took 0.087 seconds
[2026-06-21T21:56:13.953+0300] {processor.py:161} INFO - Started process (PID=17027) to work on /media/data/omar/programming course/DEPI/DEPI project/anomx/venv/lib/python3.12/site-packages/airflow/example_dags/example_latest_only_with_trigger.py
[2026-06-21T21:56:13.954+0300] {processor.py:830} INFO - Processing file /media/data/omar/programming course/DEPI/DEPI project/anomx/venv/lib/python3.12/site-packages/airflow/example_dags/example_latest_only_with_trigger.py for tasks to queue
[2026-06-21T21:56:13.956+0300] {logging_mixin.py:188} INFO - [2026-06-21T21:56:13.955+0300] {dagbag.py:540} INFO - Filling up the DagBag from /media/data/omar/programming course/DEPI/DEPI project/anomx/venv/lib/python3.12/site-packages/airflow/example_dags/example_latest_only_with_trigger.py
[2026-06-21T21:56:13.961+0300] {processor.py:840} INFO - DAG(s) 'latest_only_with_trigger' retrieved from /media/data/omar/programming course/DEPI/DEPI project/anomx/venv/lib/python3.12/site-packages/airflow/example_dags/example_latest_only_with_trigger.py
[2026-06-21T21:56:13.976+0300] {logging_mixin.py:188} INFO - [2026-06-21T21:56:13.976+0300] {dag.py:3096} INFO - Sync 1 DAGs
[2026-06-21T21:56:13.993+0300] {logging_mixin.py:188} INFO - [2026-06-21T21:56:13.992+0300] {dag.py:3954} INFO - Setting next_dagrun for latest_only_with_trigger to 2026-06-21 12:00:00+00:00, run_after=2026-06-21 16:00:00+00:00
[2026-06-21T21:56:14.020+0300] {processor.py:183} INFO - Processing /media/data/omar/programming course/DEPI/DEPI project/anomx/venv/lib/python3.12/site-packages/airflow/example_dags/example_latest_only_with_trigger.py took 0.074 seconds
[2026-06-21T21:57:04.761+0300] {processor.py:161} INFO - Started process (PID=17103) to work on /media/data/omar/programming course/DEPI/DEPI project/anomx/venv/lib/python3.12/site-packages/airflow/example_dags/example_latest_only_with_trigger.py
[2026-06-21T21:57:04.762+0300] {processor.py:830} INFO - Processing file /media/data/omar/programming course/DEPI/DEPI project/anomx/venv/lib/python3.12/site-packages/airflow/example_dags/example_latest_only_with_trigger.py for tasks to queue
[2026-06-21T21:57:04.765+0300] {logging_mixin.py:188} INFO - [2026-06-21T21:57:04.764+0300] {dagbag.py:540} INFO - Filling up the DagBag from /media/data/omar/programming course/DEPI/DEPI project/anomx/venv/lib/python3.12/site-packages/airflow/example_dags/example_latest_only_with_trigger.py
[2026-06-21T21:57:04.773+0300] {processor.py:840} INFO - DAG(s) 'latest_only_with_trigger' retrieved from /media/data/omar/programming course/DEPI/DEPI project/anomx/venv/lib/python3.12/site-packages/airflow/example_dags/example_latest_only_with_trigger.py
[2026-06-21T21:57:04.794+0300] {logging_mixin.py:188} INFO - [2026-06-21T21:57:04.794+0300] {dag.py:3096} INFO - Sync 1 DAGs
[2026-06-21T21:57:04.814+0300] {logging_mixin.py:188} INFO - [2026-06-21T21:57:04.813+0300] {dag.py:3954} INFO - Setting next_dagrun for latest_only_with_trigger to 2026-06-21 12:00:00+00:00, run_after=2026-06-21 16:00:00+00:00
[2026-06-21T21:57:04.842+0300] {processor.py:183} INFO - Processing /media/data/omar/programming course/DEPI/DEPI project/anomx/venv/lib/python3.12/site-packages/airflow/example_dags/example_latest_only_with_trigger.py took 0.089 seconds
[2026-06-21T21:57:58.672+0300] {processor.py:161} INFO - Started process (PID=17202) to work on /media/data/omar/programming course/DEPI/DEPI project/anomx/venv/lib/python3.12/site-packages/airflow/example_dags/example_latest_only_with_trigger.py
[2026-06-21T21:57:58.673+0300] {processor.py:830} INFO - Processing file /media/data/omar/programming course/DEPI/DEPI project/anomx/venv/lib/python3.12/site-packages/airflow/example_dags/example_latest_only_with_trigger.py for tasks to queue
[2026-06-21T21:57:58.676+0300] {logging_mixin.py:188} INFO - [2026-06-21T21:57:58.675+0300] {dagbag.py:540} INFO - Filling up the DagBag from /media/data/omar/programming course/DEPI/DEPI project/anomx/venv/lib/python3.12/site-packages/airflow/example_dags/example_latest_only_with_trigger.py
[2026-06-21T21:57:58.685+0300] {processor.py:840} INFO - DAG(s) 'latest_only_with_trigger' retrieved from /media/data/omar/programming course/DEPI/DEPI project/anomx/venv/lib/python3.12/site-packages/airflow/example_dags/example_latest_only_with_trigger.py
[2026-06-21T21:57:58.705+0300] {logging_mixin.py:188} INFO - [2026-06-21T21:57:58.704+0300] {dag.py:3096} INFO - Sync 1 DAGs
[2026-06-21T21:57:58.721+0300] {logging_mixin.py:188} INFO - [2026-06-21T21:57:58.721+0300] {dag.py:3954} INFO - Setting next_dagrun for latest_only_with_trigger to 2026-06-21 12:00:00+00:00, run_after=2026-06-21 16:00:00+00:00
[2026-06-21T21:57:58.750+0300] {processor.py:183} INFO - Processing /media/data/omar/programming course/DEPI/DEPI project/anomx/venv/lib/python3.12/site-packages/airflow/example_dags/example_latest_only_with_trigger.py took 0.087 seconds
[2026-06-21T21:58:55.573+0300] {processor.py:161} INFO - Started process (PID=17292) to work on /media/data/omar/programming course/DEPI/DEPI project/anomx/venv/lib/python3.12/site-packages/airflow/example_dags/example_latest_only_with_trigger.py
[2026-06-21T21:58:55.575+0300] {processor.py:830} INFO - Processing file /media/data/omar/programming course/DEPI/DEPI project/anomx/venv/lib/python3.12/site-packages/airflow/example_dags/example_latest_only_with_trigger.py for tasks to queue
[2026-06-21T21:58:55.578+0300] {logging_mixin.py:188} INFO - [2026-06-21T21:58:55.577+0300] {dagbag.py:540} INFO - Filling up the DagBag from /media/data/omar/programming course/DEPI/DEPI project/anomx/venv/lib/python3.12/site-packages/airflow/example_dags/example_latest_only_with_trigger.py
[2026-06-21T21:58:55.588+0300] {processor.py:840} INFO - DAG(s) 'latest_only_with_trigger' retrieved from /media/data/omar/programming course/DEPI/DEPI project/anomx/venv/lib/python3.12/site-packages/airflow/example_dags/example_latest_only_with_trigger.py
[2026-06-21T21:58:55.609+0300] {logging_mixin.py:188} INFO - [2026-06-21T21:58:55.609+0300] {dag.py:3096} INFO - Sync 1 DAGs
[2026-06-21T21:58:55.627+0300] {logging_mixin.py:188} INFO - [2026-06-21T21:58:55.627+0300] {dag.py:3954} INFO - Setting next_dagrun for latest_only_with_trigger to 2026-06-21 12:00:00+00:00, run_after=2026-06-21 16:00:00+00:00
[2026-06-21T21:58:55.655+0300] {processor.py:183} INFO - Processing /media/data/omar/programming course/DEPI/DEPI project/anomx/venv/lib/python3.12/site-packages/airflow/example_dags/example_latest_only_with_trigger.py took 0.098 seconds
[2026-06-21T21:59:52.285+0300] {processor.py:161} INFO - Started process (PID=17383) to work on /media/data/omar/programming course/DEPI/DEPI project/anomx/venv/lib/python3.12/site-packages/airflow/example_dags/example_latest_only_with_trigger.py
[2026-06-21T21:59:52.287+0300] {processor.py:830} INFO - Processing file /media/data/omar/programming course/DEPI/DEPI project/anomx/venv/lib/python3.12/site-packages/airflow/example_dags/example_latest_only_with_trigger.py for tasks to queue
[2026-06-21T21:59:52.290+0300] {logging_mixin.py:188} INFO - [2026-06-21T21:59:52.289+0300] {dagbag.py:540} INFO - Filling up the DagBag from /media/data/omar/programming course/DEPI/DEPI project/anomx/venv/lib/python3.12/site-packages/airflow/example_dags/example_latest_only_with_trigger.py
[2026-06-21T21:59:52.299+0300] {processor.py:840} INFO - DAG(s) 'latest_only_with_trigger' retrieved from /media/data/omar/programming course/DEPI/DEPI project/anomx/venv/lib/python3.12/site-packages/airflow/example_dags/example_latest_only_with_trigger.py
[2026-06-21T21:59:52.315+0300] {logging_mixin.py:188} INFO - [2026-06-21T21:59:52.315+0300] {dag.py:3096} INFO - Sync 1 DAGs
[2026-06-21T21:59:52.333+0300] {logging_mixin.py:188} INFO - [2026-06-21T21:59:52.332+0300] {dag.py:3954} INFO - Setting next_dagrun for latest_only_with_trigger to 2026-06-21 12:00:00+00:00, run_after=2026-06-21 16:00:00+00:00
[2026-06-21T21:59:52.361+0300] {processor.py:183} INFO - Processing /media/data/omar/programming course/DEPI/DEPI project/anomx/venv/lib/python3.12/site-packages/airflow/example_dags/example_latest_only_with_trigger.py took 0.092 seconds
[2026-06-21T22:00:50.033+0300] {processor.py:161} INFO - Started process (PID=17480) to work on /media/data/omar/programming course/DEPI/DEPI project/anomx/venv/lib/python3.12/site-packages/airflow/example_dags/example_latest_only_with_trigger.py
[2026-06-21T22:00:50.035+0300] {processor.py:830} INFO - Processing file /media/data/omar/programming course/DEPI/DEPI project/anomx/venv/lib/python3.12/site-packages/airflow/example_dags/example_latest_only_with_trigger.py for tasks to queue
[2026-06-21T22:00:50.039+0300] {logging_mixin.py:188} INFO - [2026-06-21T22:00:50.038+0300] {dagbag.py:540} INFO - Filling up the DagBag from /media/data/omar/programming course/DEPI/DEPI project/anomx/venv/lib/python3.12/site-packages/airflow/example_dags/example_latest_only_with_trigger.py
[2026-06-21T22:00:50.051+0300] {processor.py:840} INFO - DAG(s) 'latest_only_with_trigger' retrieved from /media/data/omar/programming course/DEPI/DEPI project/anomx/venv/lib/python3.12/site-packages/airflow/example_dags/example_latest_only_with_trigger.py
[2026-06-21T22:00:50.069+0300] {logging_mixin.py:188} INFO - [2026-06-21T22:00:50.069+0300] {dag.py:3096} INFO - Sync 1 DAGs
[2026-06-21T22:00:50.086+0300] {logging_mixin.py:188} INFO - [2026-06-21T22:00:50.085+0300] {dag.py:3954} INFO - Setting next_dagrun for latest_only_with_trigger to 2026-06-21 12:00:00+00:00, run_after=2026-06-21 16:00:00+00:00
[2026-06-21T22:00:50.162+0300] {processor.py:183} INFO - Processing /media/data/omar/programming course/DEPI/DEPI project/anomx/venv/lib/python3.12/site-packages/airflow/example_dags/example_latest_only_with_trigger.py took 0.141 seconds
[2026-06-21T22:01:48.110+0300] {processor.py:161} INFO - Started process (PID=17572) to work on /media/data/omar/programming course/DEPI/DEPI project/anomx/venv/lib/python3.12/site-packages/airflow/example_dags/example_latest_only_with_trigger.py
[2026-06-21T22:01:48.111+0300] {processor.py:830} INFO - Processing file /media/data/omar/programming course/DEPI/DEPI project/anomx/venv/lib/python3.12/site-packages/airflow/example_dags/example_latest_only_with_trigger.py for tasks to queue
[2026-06-21T22:01:48.115+0300] {logging_mixin.py:188} INFO - [2026-06-21T22:01:48.114+0300] {dagbag.py:540} INFO - Filling up the DagBag from /media/data/omar/programming course/DEPI/DEPI project/anomx/venv/lib/python3.12/site-packages/airflow/example_dags/example_latest_only_with_trigger.py
[2026-06-21T22:01:48.126+0300] {processor.py:840} INFO - DAG(s) 'latest_only_with_trigger' retrieved from /media/data/omar/programming course/DEPI/DEPI project/anomx/venv/lib/python3.12/site-packages/airflow/example_dags/example_latest_only_with_trigger.py
[2026-06-21T22:01:48.145+0300] {logging_mixin.py:188} INFO - [2026-06-21T22:01:48.145+0300] {dag.py:3096} INFO - Sync 1 DAGs
[2026-06-21T22:01:48.162+0300] {logging_mixin.py:188} INFO - [2026-06-21T22:01:48.161+0300] {dag.py:3954} INFO - Setting next_dagrun for latest_only_with_trigger to 2026-06-21 12:00:00+00:00, run_after=2026-06-21 16:00:00+00:00
[2026-06-21T22:01:48.190+0300] {processor.py:183} INFO - Processing /media/data/omar/programming course/DEPI/DEPI project/anomx/venv/lib/python3.12/site-packages/airflow/example_dags/example_latest_only_with_trigger.py took 0.092 seconds
[2026-06-21T22:02:46.061+0300] {processor.py:161} INFO - Started process (PID=17710) to work on /media/data/omar/programming course/DEPI/DEPI project/anomx/venv/lib/python3.12/site-packages/airflow/example_dags/example_latest_only_with_trigger.py
[2026-06-21T22:02:46.062+0300] {processor.py:830} INFO - Processing file /media/data/omar/programming course/DEPI/DEPI project/anomx/venv/lib/python3.12/site-packages/airflow/example_dags/example_latest_only_with_trigger.py for tasks to queue
[2026-06-21T22:02:46.064+0300] {logging_mixin.py:188} INFO - [2026-06-21T22:02:46.063+0300] {dagbag.py:540} INFO - Filling up the DagBag from /media/data/omar/programming course/DEPI/DEPI project/anomx/venv/lib/python3.12/site-packages/airflow/example_dags/example_latest_only_with_trigger.py
[2026-06-21T22:02:46.070+0300] {processor.py:840} INFO - DAG(s) 'latest_only_with_trigger' retrieved from /media/data/omar/programming course/DEPI/DEPI project/anomx/venv/lib/python3.12/site-packages/airflow/example_dags/example_latest_only_with_trigger.py
[2026-06-21T22:02:46.087+0300] {logging_mixin.py:188} INFO - [2026-06-21T22:02:46.086+0300] {dag.py:3096} INFO - Sync 1 DAGs
[2026-06-21T22:02:46.104+0300] {logging_mixin.py:188} INFO - [2026-06-21T22:02:46.104+0300] {dag.py:3954} INFO - Setting next_dagrun for latest_only_with_trigger to 2026-06-21 12:00:00+00:00, run_after=2026-06-21 16:00:00+00:00
[2026-06-21T22:02:46.131+0300] {processor.py:183} INFO - Processing /media/data/omar/programming course/DEPI/DEPI project/anomx/venv/lib/python3.12/site-packages/airflow/example_dags/example_latest_only_with_trigger.py took 0.076 seconds
[2026-06-21T22:03:41.661+0300] {processor.py:161} INFO - Started process (PID=17811) to work on /media/data/omar/programming course/DEPI/DEPI project/anomx/venv/lib/python3.12/site-packages/airflow/example_dags/example_latest_only_with_trigger.py
[2026-06-21T22:03:41.663+0300] {processor.py:830} INFO - Processing file /media/data/omar/programming course/DEPI/DEPI project/anomx/venv/lib/python3.12/site-packages/airflow/example_dags/example_latest_only_with_trigger.py for tasks to queue
[2026-06-21T22:03:41.667+0300] {logging_mixin.py:188} INFO - [2026-06-21T22:03:41.666+0300] {dagbag.py:540} INFO - Filling up the DagBag from /media/data/omar/programming course/DEPI/DEPI project/anomx/venv/lib/python3.12/site-packages/airflow/example_dags/example_latest_only_with_trigger.py
[2026-06-21T22:03:41.676+0300] {processor.py:840} INFO - DAG(s) 'latest_only_with_trigger' retrieved from /media/data/omar/programming course/DEPI/DEPI project/anomx/venv/lib/python3.12/site-packages/airflow/example_dags/example_latest_only_with_trigger.py
[2026-06-21T22:03:41.693+0300] {logging_mixin.py:188} INFO - [2026-06-21T22:03:41.693+0300] {dag.py:3096} INFO - Sync 1 DAGs
[2026-06-21T22:03:41.709+0300] {logging_mixin.py:188} INFO - [2026-06-21T22:03:41.709+0300] {dag.py:3954} INFO - Setting next_dagrun for latest_only_with_trigger to 2026-06-21 12:00:00+00:00, run_after=2026-06-21 16:00:00+00:00
[2026-06-21T22:03:41.736+0300] {processor.py:183} INFO - Processing /media/data/omar/programming course/DEPI/DEPI project/anomx/venv/lib/python3.12/site-packages/airflow/example_dags/example_latest_only_with_trigger.py took 0.087 seconds
[2026-06-21T22:04:34.289+0300] {processor.py:161} INFO - Started process (PID=17899) to work on /media/data/omar/programming course/DEPI/DEPI project/anomx/venv/lib/python3.12/site-packages/airflow/example_dags/example_latest_only_with_trigger.py
[2026-06-21T22:04:34.291+0300] {processor.py:830} INFO - Processing file /media/data/omar/programming course/DEPI/DEPI project/anomx/venv/lib/python3.12/site-packages/airflow/example_dags/example_latest_only_with_trigger.py for tasks to queue
[2026-06-21T22:04:34.293+0300] {logging_mixin.py:188} INFO - [2026-06-21T22:04:34.293+0300] {dagbag.py:540} INFO - Filling up the DagBag from /media/data/omar/programming course/DEPI/DEPI project/anomx/venv/lib/python3.12/site-packages/airflow/example_dags/example_latest_only_with_trigger.py
[2026-06-21T22:04:34.302+0300] {processor.py:840} INFO - DAG(s) 'latest_only_with_trigger' retrieved from /media/data/omar/programming course/DEPI/DEPI project/anomx/venv/lib/python3.12/site-packages/airflow/example_dags/example_latest_only_with_trigger.py
[2026-06-21T22:04:34.318+0300] {logging_mixin.py:188} INFO - [2026-06-21T22:04:34.318+0300] {dag.py:3096} INFO - Sync 1 DAGs
[2026-06-21T22:04:34.336+0300] {logging_mixin.py:188} INFO - [2026-06-21T22:04:34.335+0300] {dag.py:3954} INFO - Setting next_dagrun for latest_only_with_trigger to 2026-06-21 12:00:00+00:00, run_after=2026-06-21 16:00:00+00:00
[2026-06-21T22:04:34.852+0300] {processor.py:183} INFO - Processing /media/data/omar/programming course/DEPI/DEPI project/anomx/venv/lib/python3.12/site-packages/airflow/example_dags/example_latest_only_with_trigger.py took 0.579 seconds
[2026-06-21T22:05:30.627+0300] {processor.py:161} INFO - Started process (PID=17992) to work on /media/data/omar/programming course/DEPI/DEPI project/anomx/venv/lib/python3.12/site-packages/airflow/example_dags/example_latest_only_with_trigger.py
[2026-06-21T22:05:30.630+0300] {processor.py:830} INFO - Processing file /media/data/omar/programming course/DEPI/DEPI project/anomx/venv/lib/python3.12/site-packages/airflow/example_dags/example_latest_only_with_trigger.py for tasks to queue
[2026-06-21T22:05:30.637+0300] {logging_mixin.py:188} INFO - [2026-06-21T22:05:30.635+0300] {dagbag.py:540} INFO - Filling up the DagBag from /media/data/omar/programming course/DEPI/DEPI project/anomx/venv/lib/python3.12/site-packages/airflow/example_dags/example_latest_only_with_trigger.py
[2026-06-21T22:05:30.657+0300] {processor.py:840} INFO - DAG(s) 'latest_only_with_trigger' retrieved from /media/data/omar/programming course/DEPI/DEPI project/anomx/venv/lib/python3.12/site-packages/airflow/example_dags/example_latest_only_with_trigger.py
[2026-06-21T22:05:30.680+0300] {logging_mixin.py:188} INFO - [2026-06-21T22:05:30.680+0300] {dag.py:3096} INFO - Sync 1 DAGs
[2026-06-21T22:05:30.698+0300] {logging_mixin.py:188} INFO - [2026-06-21T22:05:30.698+0300] {dag.py:3954} INFO - Setting next_dagrun for latest_only_with_trigger to 2026-06-21 12:00:00+00:00, run_after=2026-06-21 16:00:00+00:00
[2026-06-21T22:05:30.727+0300] {processor.py:183} INFO - Processing /media/data/omar/programming course/DEPI/DEPI project/anomx/venv/lib/python3.12/site-packages/airflow/example_dags/example_latest_only_with_trigger.py took 0.120 seconds
[2026-06-21T22:06:27.628+0300] {processor.py:161} INFO - Started process (PID=18084) to work on /media/data/omar/programming course/DEPI/DEPI project/anomx/venv/lib/python3.12/site-packages/airflow/example_dags/example_latest_only_with_trigger.py
[2026-06-21T22:06:27.630+0300] {processor.py:830} INFO - Processing file /media/data/omar/programming course/DEPI/DEPI project/anomx/venv/lib/python3.12/site-packages/airflow/example_dags/example_latest_only_with_trigger.py for tasks to queue
[2026-06-21T22:06:27.634+0300] {logging_mixin.py:188} INFO - [2026-06-21T22:06:27.633+0300] {dagbag.py:540} INFO - Filling up the DagBag from /media/data/omar/programming course/DEPI/DEPI project/anomx/venv/lib/python3.12/site-packages/airflow/example_dags/example_latest_only_with_trigger.py
[2026-06-21T22:06:27.643+0300] {processor.py:840} INFO - DAG(s) 'latest_only_with_trigger' retrieved from /media/data/omar/programming course/DEPI/DEPI project/anomx/venv/lib/python3.12/site-packages/airflow/example_dags/example_latest_only_with_trigger.py
[2026-06-21T22:06:27.659+0300] {logging_mixin.py:188} INFO - [2026-06-21T22:06:27.658+0300] {dag.py:3096} INFO - Sync 1 DAGs
[2026-06-21T22:06:27.675+0300] {logging_mixin.py:188} INFO - [2026-06-21T22:06:27.674+0300] {dag.py:3954} INFO - Setting next_dagrun for latest_only_with_trigger to 2026-06-21 12:00:00+00:00, run_after=2026-06-21 16:00:00+00:00
[2026-06-21T22:06:27.744+0300] {processor.py:183} INFO - Processing /media/data/omar/programming course/DEPI/DEPI project/anomx/venv/lib/python3.12/site-packages/airflow/example_dags/example_latest_only_with_trigger.py took 0.136 seconds
[2026-06-21T22:07:26.195+0300] {processor.py:161} INFO - Started process (PID=18166) to work on /media/data/omar/programming course/DEPI/DEPI project/anomx/venv/lib/python3.12/site-packages/airflow/example_dags/example_latest_only_with_trigger.py
[2026-06-21T22:07:26.196+0300] {processor.py:830} INFO - Processing file /media/data/omar/programming course/DEPI/DEPI project/anomx/venv/lib/python3.12/site-packages/airflow/example_dags/example_latest_only_with_trigger.py for tasks to queue
[2026-06-21T22:07:26.199+0300] {logging_mixin.py:188} INFO - [2026-06-21T22:07:26.198+0300] {dagbag.py:540} INFO - Filling up the DagBag from /media/data/omar/programming course/DEPI/DEPI project/anomx/venv/lib/python3.12/site-packages/airflow/example_dags/example_latest_only_with_trigger.py
[2026-06-21T22:07:26.206+0300] {processor.py:840} INFO - DAG(s) 'latest_only_with_trigger' retrieved from /media/data/omar/programming course/DEPI/DEPI project/anomx/venv/lib/python3.12/site-packages/airflow/example_dags/example_latest_only_with_trigger.py
[2026-06-21T22:07:26.220+0300] {logging_mixin.py:188} INFO - [2026-06-21T22:07:26.220+0300] {dag.py:3096} INFO - Sync 1 DAGs
[2026-06-21T22:07:26.319+0300] {logging_mixin.py:188} INFO - [2026-06-21T22:07:26.319+0300] {dag.py:3954} INFO - Setting next_dagrun for latest_only_with_trigger to 2026-06-21 12:00:00+00:00, run_after=2026-06-21 16:00:00+00:00
[2026-06-21T22:07:26.345+0300] {processor.py:183} INFO - Processing /media/data/omar/programming course/DEPI/DEPI project/anomx/venv/lib/python3.12/site-packages/airflow/example_dags/example_latest_only_with_trigger.py took 0.160 seconds
[2026-06-21T22:08:23.442+0300] {processor.py:161} INFO - Started process (PID=18258) to work on /media/data/omar/programming course/DEPI/DEPI project/anomx/venv/lib/python3.12/site-packages/airflow/example_dags/example_latest_only_with_trigger.py
[2026-06-21T22:08:23.445+0300] {processor.py:830} INFO - Processing file /media/data/omar/programming course/DEPI/DEPI project/anomx/venv/lib/python3.12/site-packages/airflow/example_dags/example_latest_only_with_trigger.py for tasks to queue
[2026-06-21T22:08:23.449+0300] {logging_mixin.py:188} INFO - [2026-06-21T22:08:23.448+0300] {dagbag.py:540} INFO - Filling up the DagBag from /media/data/omar/programming course/DEPI/DEPI project/anomx/venv/lib/python3.12/site-packages/airflow/example_dags/example_latest_only_with_trigger.py
[2026-06-21T22:08:23.460+0300] {processor.py:840} INFO - DAG(s) 'latest_only_with_trigger' retrieved from /media/data/omar/programming course/DEPI/DEPI project/anomx/venv/lib/python3.12/site-packages/airflow/example_dags/example_latest_only_with_trigger.py
[2026-06-21T22:08:23.482+0300] {logging_mixin.py:188} INFO - [2026-06-21T22:08:23.481+0300] {dag.py:3096} INFO - Sync 1 DAGs
[2026-06-21T22:08:23.498+0300] {logging_mixin.py:188} INFO - [2026-06-21T22:08:23.498+0300] {dag.py:3954} INFO - Setting next_dagrun for latest_only_with_trigger to 2026-06-21 12:00:00+00:00, run_after=2026-06-21 16:00:00+00:00
[2026-06-21T22:08:23.528+0300] {processor.py:183} INFO - Processing /media/data/omar/programming course/DEPI/DEPI project/anomx/venv/lib/python3.12/site-packages/airflow/example_dags/example_latest_only_with_trigger.py took 0.101 seconds
[2026-06-21T22:09:20.324+0300] {processor.py:161} INFO - Started process (PID=18431) to work on /media/data/omar/programming course/DEPI/DEPI project/anomx/venv/lib/python3.12/site-packages/airflow/example_dags/example_latest_only_with_trigger.py
[2026-06-21T22:09:20.325+0300] {processor.py:830} INFO - Processing file /media/data/omar/programming course/DEPI/DEPI project/anomx/venv/lib/python3.12/site-packages/airflow/example_dags/example_latest_only_with_trigger.py for tasks to queue
[2026-06-21T22:09:20.326+0300] {logging_mixin.py:188} INFO - [2026-06-21T22:09:20.326+0300] {dagbag.py:540} INFO - Filling up the DagBag from /media/data/omar/programming course/DEPI/DEPI project/anomx/venv/lib/python3.12/site-packages/airflow/example_dags/example_latest_only_with_trigger.py
[2026-06-21T22:09:20.332+0300] {processor.py:840} INFO - DAG(s) 'latest_only_with_trigger' retrieved from /media/data/omar/programming course/DEPI/DEPI project/anomx/venv/lib/python3.12/site-packages/airflow/example_dags/example_latest_only_with_trigger.py
[2026-06-21T22:09:20.349+0300] {logging_mixin.py:188} INFO - [2026-06-21T22:09:20.349+0300] {dag.py:3096} INFO - Sync 1 DAGs
[2026-06-21T22:09:20.370+0300] {logging_mixin.py:188} INFO - [2026-06-21T22:09:20.370+0300] {dag.py:3954} INFO - Setting next_dagrun for latest_only_with_trigger to 2026-06-21 12:00:00+00:00, run_after=2026-06-21 16:00:00+00:00
[2026-06-21T22:09:20.406+0300] {processor.py:183} INFO - Processing /media/data/omar/programming course/DEPI/DEPI project/anomx/venv/lib/python3.12/site-packages/airflow/example_dags/example_latest_only_with_trigger.py took 0.088 seconds
[2026-06-21T22:10:25.921+0300] {processor.py:161} INFO - Started process (PID=18673) to work on /media/data/omar/programming course/DEPI/DEPI project/anomx/venv/lib/python3.12/site-packages/airflow/example_dags/example_latest_only_with_trigger.py
[2026-06-21T22:10:25.923+0300] {processor.py:830} INFO - Processing file /media/data/omar/programming course/DEPI/DEPI project/anomx/venv/lib/python3.12/site-packages/airflow/example_dags/example_latest_only_with_trigger.py for tasks to queue
[2026-06-21T22:10:25.930+0300] {logging_mixin.py:188} INFO - [2026-06-21T22:10:25.928+0300] {dagbag.py:540} INFO - Filling up the DagBag from /media/data/omar/programming course/DEPI/DEPI project/anomx/venv/lib/python3.12/site-packages/airflow/example_dags/example_latest_only_with_trigger.py
[2026-06-21T22:10:25.948+0300] {processor.py:840} INFO - DAG(s) 'latest_only_with_trigger' retrieved from /media/data/omar/programming course/DEPI/DEPI project/anomx/venv/lib/python3.12/site-packages/airflow/example_dags/example_latest_only_with_trigger.py
[2026-06-21T22:10:25.970+0300] {logging_mixin.py:188} INFO - [2026-06-21T22:10:25.970+0300] {dag.py:3096} INFO - Sync 1 DAGs
[2026-06-21T22:10:26.089+0300] {logging_mixin.py:188} INFO - [2026-06-21T22:10:26.089+0300] {dag.py:3954} INFO - Setting next_dagrun for latest_only_with_trigger to 2026-06-21 12:00:00+00:00, run_after=2026-06-21 16:00:00+00:00
[2026-06-21T22:10:26.128+0300] {processor.py:183} INFO - Processing /media/data/omar/programming course/DEPI/DEPI project/anomx/venv/lib/python3.12/site-packages/airflow/example_dags/example_latest_only_with_trigger.py took 0.226 seconds
[2026-06-21T22:11:26.019+0300] {processor.py:161} INFO - Started process (PID=18828) to work on /media/data/omar/programming course/DEPI/DEPI project/anomx/venv/lib/python3.12/site-packages/airflow/example_dags/example_latest_only_with_trigger.py
[2026-06-21T22:11:26.020+0300] {processor.py:830} INFO - Processing file /media/data/omar/programming course/DEPI/DEPI project/anomx/venv/lib/python3.12/site-packages/airflow/example_dags/example_latest_only_with_trigger.py for tasks to queue
[2026-06-21T22:11:26.023+0300] {logging_mixin.py:188} INFO - [2026-06-21T22:11:26.022+0300] {dagbag.py:540} INFO - Filling up the DagBag from /media/data/omar/programming course/DEPI/DEPI project/anomx/venv/lib/python3.12/site-packages/airflow/example_dags/example_latest_only_with_trigger.py
[2026-06-21T22:11:26.031+0300] {processor.py:840} INFO - DAG(s) 'latest_only_with_trigger' retrieved from /media/data/omar/programming course/DEPI/DEPI project/anomx/venv/lib/python3.12/site-packages/airflow/example_dags/example_latest_only_with_trigger.py
[2026-06-21T22:11:26.049+0300] {logging_mixin.py:188} INFO - [2026-06-21T22:11:26.048+0300] {dag.py:3096} INFO - Sync 1 DAGs
[2026-06-21T22:11:26.069+0300] {logging_mixin.py:188} INFO - [2026-06-21T22:11:26.069+0300] {dag.py:3954} INFO - Setting next_dagrun for latest_only_with_trigger to 2026-06-21 12:00:00+00:00, run_after=2026-06-21 16:00:00+00:00
[2026-06-21T22:11:26.098+0300] {processor.py:183} INFO - Processing /media/data/omar/programming course/DEPI/DEPI project/anomx/venv/lib/python3.12/site-packages/airflow/example_dags/example_latest_only_with_trigger.py took 0.092 seconds
[2026-06-21T22:12:17.169+0300] {processor.py:161} INFO - Started process (PID=18922) to work on /media/data/omar/programming course/DEPI/DEPI project/anomx/venv/lib/python3.12/site-packages/airflow/example_dags/example_latest_only_with_trigger.py
[2026-06-21T22:12:17.170+0300] {processor.py:830} INFO - Processing file /media/data/omar/programming course/DEPI/DEPI project/anomx/venv/lib/python3.12/site-packages/airflow/example_dags/example_latest_only_with_trigger.py for tasks to queue
[2026-06-21T22:12:17.173+0300] {logging_mixin.py:188} INFO - [2026-06-21T22:12:17.172+0300] {dagbag.py:540} INFO - Filling up the DagBag from /media/data/omar/programming course/DEPI/DEPI project/anomx/venv/lib/python3.12/site-packages/airflow/example_dags/example_latest_only_with_trigger.py
[2026-06-21T22:12:17.182+0300] {processor.py:840} INFO - DAG(s) 'latest_only_with_trigger' retrieved from /media/data/omar/programming course/DEPI/DEPI project/anomx/venv/lib/python3.12/site-packages/airflow/example_dags/example_latest_only_with_trigger.py
[2026-06-21T22:12:17.202+0300] {logging_mixin.py:188} INFO - [2026-06-21T22:12:17.201+0300] {dag.py:3096} INFO - Sync 1 DAGs
[2026-06-21T22:12:17.218+0300] {logging_mixin.py:188} INFO - [2026-06-21T22:12:17.217+0300] {dag.py:3954} INFO - Setting next_dagrun for latest_only_with_trigger to 2026-06-21 12:00:00+00:00, run_after=2026-06-21 16:00:00+00:00
[2026-06-21T22:12:17.246+0300] {processor.py:183} INFO - Processing /media/data/omar/programming course/DEPI/DEPI project/anomx/venv/lib/python3.12/site-packages/airflow/example_dags/example_latest_only_with_trigger.py took 0.087 seconds
[2026-06-21T22:13:13.861+0300] {processor.py:161} INFO - Started process (PID=19006) to work on /media/data/omar/programming course/DEPI/DEPI project/anomx/venv/lib/python3.12/site-packages/airflow/example_dags/example_latest_only_with_trigger.py
[2026-06-21T22:13:13.862+0300] {processor.py:830} INFO - Processing file /media/data/omar/programming course/DEPI/DEPI project/anomx/venv/lib/python3.12/site-packages/airflow/example_dags/example_latest_only_with_trigger.py for tasks to queue
[2026-06-21T22:13:13.864+0300] {logging_mixin.py:188} INFO - [2026-06-21T22:13:13.864+0300] {dagbag.py:540} INFO - Filling up the DagBag from /media/data/omar/programming course/DEPI/DEPI project/anomx/venv/lib/python3.12/site-packages/airflow/example_dags/example_latest_only_with_trigger.py
[2026-06-21T22:13:13.872+0300] {processor.py:840} INFO - DAG(s) 'latest_only_with_trigger' retrieved from /media/data/omar/programming course/DEPI/DEPI project/anomx/venv/lib/python3.12/site-packages/airflow/example_dags/example_latest_only_with_trigger.py
[2026-06-21T22:13:13.889+0300] {logging_mixin.py:188} INFO - [2026-06-21T22:13:13.889+0300] {dag.py:3096} INFO - Sync 1 DAGs
[2026-06-21T22:13:13.907+0300] {logging_mixin.py:188} INFO - [2026-06-21T22:13:13.907+0300] {dag.py:3954} INFO - Setting next_dagrun for latest_only_with_trigger to 2026-06-21 12:00:00+00:00, run_after=2026-06-21 16:00:00+00:00
[2026-06-21T22:13:13.937+0300] {processor.py:183} INFO - Processing /media/data/omar/programming course/DEPI/DEPI project/anomx/venv/lib/python3.12/site-packages/airflow/example_dags/example_latest_only_with_trigger.py took 0.085 seconds
[2026-06-21T22:14:00.395+0300] {processor.py:161} INFO - Started process (PID=19136) to work on /media/data/omar/programming course/DEPI/DEPI project/anomx/venv/lib/python3.12/site-packages/airflow/example_dags/example_latest_only_with_trigger.py
[2026-06-21T22:14:00.396+0300] {processor.py:830} INFO - Processing file /media/data/omar/programming course/DEPI/DEPI project/anomx/venv/lib/python3.12/site-packages/airflow/example_dags/example_latest_only_with_trigger.py for tasks to queue
[2026-06-21T22:14:00.398+0300] {logging_mixin.py:188} INFO - [2026-06-21T22:14:00.398+0300] {dagbag.py:540} INFO - Filling up the DagBag from /media/data/omar/programming course/DEPI/DEPI project/anomx/venv/lib/python3.12/site-packages/airflow/example_dags/example_latest_only_with_trigger.py
[2026-06-21T22:14:00.405+0300] {processor.py:840} INFO - DAG(s) 'latest_only_with_trigger' retrieved from /media/data/omar/programming course/DEPI/DEPI project/anomx/venv/lib/python3.12/site-packages/airflow/example_dags/example_latest_only_with_trigger.py
[2026-06-21T22:14:00.427+0300] {logging_mixin.py:188} INFO - [2026-06-21T22:14:00.426+0300] {dag.py:3096} INFO - Sync 1 DAGs
[2026-06-21T22:14:00.446+0300] {logging_mixin.py:188} INFO - [2026-06-21T22:14:00.446+0300] {dag.py:3954} INFO - Setting next_dagrun for latest_only_with_trigger to 2026-06-21 12:00:00+00:00, run_after=2026-06-21 16:00:00+00:00
[2026-06-21T22:14:00.474+0300] {processor.py:183} INFO - Processing /media/data/omar/programming course/DEPI/DEPI project/anomx/venv/lib/python3.12/site-packages/airflow/example_dags/example_latest_only_with_trigger.py took 0.089 seconds
[2026-06-21T22:14:58.664+0300] {processor.py:161} INFO - Started process (PID=19242) to work on /media/data/omar/programming course/DEPI/DEPI project/anomx/venv/lib/python3.12/site-packages/airflow/example_dags/example_latest_only_with_trigger.py
[2026-06-21T22:14:58.665+0300] {processor.py:830} INFO - Processing file /media/data/omar/programming course/DEPI/DEPI project/anomx/venv/lib/python3.12/site-packages/airflow/example_dags/example_latest_only_with_trigger.py for tasks to queue
[2026-06-21T22:14:58.667+0300] {logging_mixin.py:188} INFO - [2026-06-21T22:14:58.667+0300] {dagbag.py:540} INFO - Filling up the DagBag from /media/data/omar/programming course/DEPI/DEPI project/anomx/venv/lib/python3.12/site-packages/airflow/example_dags/example_latest_only_with_trigger.py
[2026-06-21T22:14:58.674+0300] {processor.py:840} INFO - DAG(s) 'latest_only_with_trigger' retrieved from /media/data/omar/programming course/DEPI/DEPI project/anomx/venv/lib/python3.12/site-packages/airflow/example_dags/example_latest_only_with_trigger.py
[2026-06-21T22:14:58.691+0300] {logging_mixin.py:188} INFO - [2026-06-21T22:14:58.691+0300] {dag.py:3096} INFO - Sync 1 DAGs
[2026-06-21T22:14:58.708+0300] {logging_mixin.py:188} INFO - [2026-06-21T22:14:58.708+0300] {dag.py:3954} INFO - Setting next_dagrun for latest_only_with_trigger to 2026-06-21 12:00:00+00:00, run_after=2026-06-21 16:00:00+00:00
[2026-06-21T22:14:58.736+0300] {processor.py:183} INFO - Processing /media/data/omar/programming course/DEPI/DEPI project/anomx/venv/lib/python3.12/site-packages/airflow/example_dags/example_latest_only_with_trigger.py took 0.079 seconds
[2026-06-21T22:15:53.792+0300] {processor.py:161} INFO - Started process (PID=19603) to work on /media/data/omar/programming course/DEPI/DEPI project/anomx/venv/lib/python3.12/site-packages/airflow/example_dags/example_latest_only_with_trigger.py
[2026-06-21T22:15:53.793+0300] {processor.py:830} INFO - Processing file /media/data/omar/programming course/DEPI/DEPI project/anomx/venv/lib/python3.12/site-packages/airflow/example_dags/example_latest_only_with_trigger.py for tasks to queue
[2026-06-21T22:15:53.796+0300] {logging_mixin.py:188} INFO - [2026-06-21T22:15:53.796+0300] {dagbag.py:540} INFO - Filling up the DagBag from /media/data/omar/programming course/DEPI/DEPI project/anomx/venv/lib/python3.12/site-packages/airflow/example_dags/example_latest_only_with_trigger.py
[2026-06-21T22:15:53.803+0300] {processor.py:840} INFO - DAG(s) 'latest_only_with_trigger' retrieved from /media/data/omar/programming course/DEPI/DEPI project/anomx/venv/lib/python3.12/site-packages/airflow/example_dags/example_latest_only_with_trigger.py
[2026-06-21T22:15:53.853+0300] {logging_mixin.py:188} INFO - [2026-06-21T22:15:53.852+0300] {dag.py:3096} INFO - Sync 1 DAGs
[2026-06-21T22:15:53.928+0300] {logging_mixin.py:188} INFO - [2026-06-21T22:15:53.926+0300] {dag.py:3954} INFO - Setting next_dagrun for latest_only_with_trigger to 2026-06-21 12:00:00+00:00, run_after=2026-06-21 16:00:00+00:00
[2026-06-21T22:15:54.010+0300] {processor.py:183} INFO - Processing /media/data/omar/programming course/DEPI/DEPI project/anomx/venv/lib/python3.12/site-packages/airflow/example_dags/example_latest_only_with_trigger.py took 0.225 seconds
[2026-06-21T22:16:52.335+0300] {processor.py:161} INFO - Started process (PID=19725) to work on /media/data/omar/programming course/DEPI/DEPI project/anomx/venv/lib/python3.12/site-packages/airflow/example_dags/example_latest_only_with_trigger.py
[2026-06-21T22:16:52.338+0300] {processor.py:830} INFO - Processing file /media/data/omar/programming course/DEPI/DEPI project/anomx/venv/lib/python3.12/site-packages/airflow/example_dags/example_latest_only_with_trigger.py for tasks to queue
[2026-06-21T22:16:52.344+0300] {logging_mixin.py:188} INFO - [2026-06-21T22:16:52.342+0300] {dagbag.py:540} INFO - Filling up the DagBag from /media/data/omar/programming course/DEPI/DEPI project/anomx/venv/lib/python3.12/site-packages/airflow/example_dags/example_latest_only_with_trigger.py
[2026-06-21T22:16:52.364+0300] {processor.py:840} INFO - DAG(s) 'latest_only_with_trigger' retrieved from /media/data/omar/programming course/DEPI/DEPI project/anomx/venv/lib/python3.12/site-packages/airflow/example_dags/example_latest_only_with_trigger.py
[2026-06-21T22:16:52.395+0300] {logging_mixin.py:188} INFO - [2026-06-21T22:16:52.394+0300] {dag.py:3096} INFO - Sync 1 DAGs
[2026-06-21T22:16:52.412+0300] {logging_mixin.py:188} INFO - [2026-06-21T22:16:52.412+0300] {dag.py:3954} INFO - Setting next_dagrun for latest_only_with_trigger to 2026-06-21 12:00:00+00:00, run_after=2026-06-21 16:00:00+00:00
[2026-06-21T22:16:52.438+0300] {processor.py:183} INFO - Processing /media/data/omar/programming course/DEPI/DEPI project/anomx/venv/lib/python3.12/site-packages/airflow/example_dags/example_latest_only_with_trigger.py took 0.123 seconds
[2026-06-21T22:17:52.070+0300] {processor.py:161} INFO - Started process (PID=19898) to work on /media/data/omar/programming course/DEPI/DEPI project/anomx/venv/lib/python3.12/site-packages/airflow/example_dags/example_latest_only_with_trigger.py
[2026-06-21T22:17:52.071+0300] {processor.py:830} INFO - Processing file /media/data/omar/programming course/DEPI/DEPI project/anomx/venv/lib/python3.12/site-packages/airflow/example_dags/example_latest_only_with_trigger.py for tasks to queue
[2026-06-21T22:17:52.073+0300] {logging_mixin.py:188} INFO - [2026-06-21T22:17:52.072+0300] {dagbag.py:540} INFO - Filling up the DagBag from /media/data/omar/programming course/DEPI/DEPI project/anomx/venv/lib/python3.12/site-packages/airflow/example_dags/example_latest_only_with_trigger.py
[2026-06-21T22:17:52.078+0300] {processor.py:840} INFO - DAG(s) 'latest_only_with_trigger' retrieved from /media/data/omar/programming course/DEPI/DEPI project/anomx/venv/lib/python3.12/site-packages/airflow/example_dags/example_latest_only_with_trigger.py
[2026-06-21T22:17:52.100+0300] {logging_mixin.py:188} INFO - [2026-06-21T22:17:52.100+0300] {dag.py:3096} INFO - Sync 1 DAGs
[2026-06-21T22:17:52.131+0300] {logging_mixin.py:188} INFO - [2026-06-21T22:17:52.130+0300] {dag.py:3954} INFO - Setting next_dagrun for latest_only_with_trigger to 2026-06-21 12:00:00+00:00, run_after=2026-06-21 16:00:00+00:00
[2026-06-21T22:17:52.162+0300] {processor.py:183} INFO - Processing /media/data/omar/programming course/DEPI/DEPI project/anomx/venv/lib/python3.12/site-packages/airflow/example_dags/example_latest_only_with_trigger.py took 0.098 seconds
[2026-06-21T22:18:48.826+0300] {processor.py:161} INFO - Started process (PID=19993) to work on /media/data/omar/programming course/DEPI/DEPI project/anomx/venv/lib/python3.12/site-packages/airflow/example_dags/example_latest_only_with_trigger.py
[2026-06-21T22:18:48.827+0300] {processor.py:830} INFO - Processing file /media/data/omar/programming course/DEPI/DEPI project/anomx/venv/lib/python3.12/site-packages/airflow/example_dags/example_latest_only_with_trigger.py for tasks to queue
[2026-06-21T22:18:48.830+0300] {logging_mixin.py:188} INFO - [2026-06-21T22:18:48.829+0300] {dagbag.py:540} INFO - Filling up the DagBag from /media/data/omar/programming course/DEPI/DEPI project/anomx/venv/lib/python3.12/site-packages/airflow/example_dags/example_latest_only_with_trigger.py
[2026-06-21T22:18:48.840+0300] {processor.py:840} INFO - DAG(s) 'latest_only_with_trigger' retrieved from /media/data/omar/programming course/DEPI/DEPI project/anomx/venv/lib/python3.12/site-packages/airflow/example_dags/example_latest_only_with_trigger.py
[2026-06-21T22:18:48.858+0300] {logging_mixin.py:188} INFO - [2026-06-21T22:18:48.858+0300] {dag.py:3096} INFO - Sync 1 DAGs
[2026-06-21T22:18:48.873+0300] {logging_mixin.py:188} INFO - [2026-06-21T22:18:48.872+0300] {dag.py:3954} INFO - Setting next_dagrun for latest_only_with_trigger to 2026-06-21 12:00:00+00:00, run_after=2026-06-21 16:00:00+00:00
[2026-06-21T22:18:48.899+0300] {processor.py:183} INFO - Processing /media/data/omar/programming course/DEPI/DEPI project/anomx/venv/lib/python3.12/site-packages/airflow/example_dags/example_latest_only_with_trigger.py took 0.083 seconds
[2026-06-21T22:19:45.870+0300] {processor.py:161} INFO - Started process (PID=20104) to work on /media/data/omar/programming course/DEPI/DEPI project/anomx/venv/lib/python3.12/site-packages/airflow/example_dags/example_latest_only_with_trigger.py
[2026-06-21T22:19:45.871+0300] {processor.py:830} INFO - Processing file /media/data/omar/programming course/DEPI/DEPI project/anomx/venv/lib/python3.12/site-packages/airflow/example_dags/example_latest_only_with_trigger.py for tasks to queue
[2026-06-21T22:19:45.873+0300] {logging_mixin.py:188} INFO - [2026-06-21T22:19:45.873+0300] {dagbag.py:540} INFO - Filling up the DagBag from /media/data/omar/programming course/DEPI/DEPI project/anomx/venv/lib/python3.12/site-packages/airflow/example_dags/example_latest_only_with_trigger.py
[2026-06-21T22:19:45.888+0300] {processor.py:840} INFO - DAG(s) 'latest_only_with_trigger' retrieved from /media/data/omar/programming course/DEPI/DEPI project/anomx/venv/lib/python3.12/site-packages/airflow/example_dags/example_latest_only_with_trigger.py
[2026-06-21T22:19:45.932+0300] {logging_mixin.py:188} INFO - [2026-06-21T22:19:45.930+0300] {dag.py:3096} INFO - Sync 1 DAGs
[2026-06-21T22:19:45.988+0300] {logging_mixin.py:188} INFO - [2026-06-21T22:19:45.987+0300] {dag.py:3954} INFO - Setting next_dagrun for latest_only_with_trigger to 2026-06-21 12:00:00+00:00, run_after=2026-06-21 16:00:00+00:00
[2026-06-21T22:19:46.090+0300] {processor.py:183} INFO - Processing /media/data/omar/programming course/DEPI/DEPI project/anomx/venv/lib/python3.12/site-packages/airflow/example_dags/example_latest_only_with_trigger.py took 0.234 seconds
[2026-06-21T22:21:19.597+0300] {processor.py:161} INFO - Started process (PID=20263) to work on /media/data/omar/programming course/DEPI/DEPI project/anomx/venv/lib/python3.12/site-packages/airflow/example_dags/example_latest_only_with_trigger.py
[2026-06-21T22:21:19.598+0300] {processor.py:830} INFO - Processing file /media/data/omar/programming course/DEPI/DEPI project/anomx/venv/lib/python3.12/site-packages/airflow/example_dags/example_latest_only_with_trigger.py for tasks to queue
[2026-06-21T22:21:19.599+0300] {logging_mixin.py:188} INFO - [2026-06-21T22:21:19.599+0300] {dagbag.py:540} INFO - Filling up the DagBag from /media/data/omar/programming course/DEPI/DEPI project/anomx/venv/lib/python3.12/site-packages/airflow/example_dags/example_latest_only_with_trigger.py
[2026-06-21T22:21:19.605+0300] {processor.py:840} INFO - DAG(s) 'latest_only_with_trigger' retrieved from /media/data/omar/programming course/DEPI/DEPI project/anomx/venv/lib/python3.12/site-packages/airflow/example_dags/example_latest_only_with_trigger.py
[2026-06-21T22:21:19.624+0300] {logging_mixin.py:188} INFO - [2026-06-21T22:21:19.623+0300] {dag.py:3096} INFO - Sync 1 DAGs
[2026-06-21T22:21:19.639+0300] {logging_mixin.py:188} INFO - [2026-06-21T22:21:19.639+0300] {dag.py:3954} INFO - Setting next_dagrun for latest_only_with_trigger to 2026-06-21 12:00:00+00:00, run_after=2026-06-21 16:00:00+00:00
[2026-06-21T22:21:19.667+0300] {processor.py:183} INFO - Processing /media/data/omar/programming course/DEPI/DEPI project/anomx/venv/lib/python3.12/site-packages/airflow/example_dags/example_latest_only_with_trigger.py took 0.075 seconds
[2026-06-21T22:23:30.905+0300] {processor.py:161} INFO - Started process (PID=20492) to work on /media/data/omar/programming course/DEPI/DEPI project/anomx/venv/lib/python3.12/site-packages/airflow/example_dags/example_latest_only_with_trigger.py
[2026-06-21T22:23:30.906+0300] {processor.py:830} INFO - Processing file /media/data/omar/programming course/DEPI/DEPI project/anomx/venv/lib/python3.12/site-packages/airflow/example_dags/example_latest_only_with_trigger.py for tasks to queue
[2026-06-21T22:23:30.907+0300] {logging_mixin.py:188} INFO - [2026-06-21T22:23:30.907+0300] {dagbag.py:540} INFO - Filling up the DagBag from /media/data/omar/programming course/DEPI/DEPI project/anomx/venv/lib/python3.12/site-packages/airflow/example_dags/example_latest_only_with_trigger.py
[2026-06-21T22:23:30.912+0300] {processor.py:840} INFO - DAG(s) 'latest_only_with_trigger' retrieved from /media/data/omar/programming course/DEPI/DEPI project/anomx/venv/lib/python3.12/site-packages/airflow/example_dags/example_latest_only_with_trigger.py
[2026-06-21T22:23:30.928+0300] {logging_mixin.py:188} INFO - [2026-06-21T22:23:30.928+0300] {dag.py:3096} INFO - Sync 1 DAGs
[2026-06-21T22:23:30.943+0300] {logging_mixin.py:188} INFO - [2026-06-21T22:23:30.943+0300] {dag.py:3954} INFO - Setting next_dagrun for latest_only_with_trigger to 2026-06-21 12:00:00+00:00, run_after=2026-06-21 16:00:00+00:00
[2026-06-21T22:23:30.970+0300] {processor.py:183} INFO - Processing /media/data/omar/programming course/DEPI/DEPI project/anomx/venv/lib/python3.12/site-packages/airflow/example_dags/example_latest_only_with_trigger.py took 0.070 seconds
[2026-06-21T22:24:28.568+0300] {processor.py:161} INFO - Started process (PID=20585) to work on /media/data/omar/programming course/DEPI/DEPI project/anomx/venv/lib/python3.12/site-packages/airflow/example_dags/example_latest_only_with_trigger.py
[2026-06-21T22:24:28.572+0300] {processor.py:830} INFO - Processing file /media/data/omar/programming course/DEPI/DEPI project/anomx/venv/lib/python3.12/site-packages/airflow/example_dags/example_latest_only_with_trigger.py for tasks to queue
[2026-06-21T22:24:28.577+0300] {logging_mixin.py:188} INFO - [2026-06-21T22:24:28.576+0300] {dagbag.py:540} INFO - Filling up the DagBag from /media/data/omar/programming course/DEPI/DEPI project/anomx/venv/lib/python3.12/site-packages/airflow/example_dags/example_latest_only_with_trigger.py
[2026-06-21T22:24:28.589+0300] {processor.py:840} INFO - DAG(s) 'latest_only_with_trigger' retrieved from /media/data/omar/programming course/DEPI/DEPI project/anomx/venv/lib/python3.12/site-packages/airflow/example_dags/example_latest_only_with_trigger.py
[2026-06-21T22:24:28.614+0300] {logging_mixin.py:188} INFO - [2026-06-21T22:24:28.614+0300] {dag.py:3096} INFO - Sync 1 DAGs
[2026-06-21T22:24:28.639+0300] {logging_mixin.py:188} INFO - [2026-06-21T22:24:28.639+0300] {dag.py:3954} INFO - Setting next_dagrun for latest_only_with_trigger to 2026-06-21 12:00:00+00:00, run_after=2026-06-21 16:00:00+00:00
[2026-06-21T22:24:28.674+0300] {processor.py:183} INFO - Processing /media/data/omar/programming course/DEPI/DEPI project/anomx/venv/lib/python3.12/site-packages/airflow/example_dags/example_latest_only_with_trigger.py took 0.116 seconds
[2026-06-21T22:48:18.931+0300] {processor.py:161} INFO - Started process (PID=22154) to work on /media/data/omar/programming course/DEPI/DEPI project/anomx/venv/lib/python3.12/site-packages/airflow/example_dags/example_latest_only_with_trigger.py
[2026-06-21T22:48:18.932+0300] {processor.py:830} INFO - Processing file /media/data/omar/programming course/DEPI/DEPI project/anomx/venv/lib/python3.12/site-packages/airflow/example_dags/example_latest_only_with_trigger.py for tasks to queue
[2026-06-21T22:48:18.934+0300] {logging_mixin.py:188} INFO - [2026-06-21T22:48:18.933+0300] {dagbag.py:540} INFO - Filling up the DagBag from /media/data/omar/programming course/DEPI/DEPI project/anomx/venv/lib/python3.12/site-packages/airflow/example_dags/example_latest_only_with_trigger.py
[2026-06-21T22:48:18.940+0300] {processor.py:840} INFO - DAG(s) 'latest_only_with_trigger' retrieved from /media/data/omar/programming course/DEPI/DEPI project/anomx/venv/lib/python3.12/site-packages/airflow/example_dags/example_latest_only_with_trigger.py
[2026-06-21T22:48:18.959+0300] {logging_mixin.py:188} INFO - [2026-06-21T22:48:18.959+0300] {dag.py:3096} INFO - Sync 1 DAGs
[2026-06-21T22:48:18.970+0300] {logging_mixin.py:188} INFO - [2026-06-21T22:48:18.969+0300] {dag.py:3118} INFO - Creating ORM DAG for latest_only_with_trigger
[2026-06-21T22:48:18.979+0300] {logging_mixin.py:188} INFO - [2026-06-21T22:48:18.979+0300] {dag.py:3954} INFO - Setting next_dagrun for latest_only_with_trigger to 2026-06-21 12:00:00+00:00, run_after=2026-06-21 16:00:00+00:00
[2026-06-21T22:48:19.007+0300] {processor.py:183} INFO - Processing /media/data/omar/programming course/DEPI/DEPI project/anomx/venv/lib/python3.12/site-packages/airflow/example_dags/example_latest_only_with_trigger.py took 0.084 seconds
[2026-06-21T22:49:16.937+0300] {processor.py:161} INFO - Started process (PID=22245) to work on /media/data/omar/programming course/DEPI/DEPI project/anomx/venv/lib/python3.12/site-packages/airflow/example_dags/example_latest_only_with_trigger.py
[2026-06-21T22:49:16.939+0300] {processor.py:830} INFO - Processing file /media/data/omar/programming course/DEPI/DEPI project/anomx/venv/lib/python3.12/site-packages/airflow/example_dags/example_latest_only_with_trigger.py for tasks to queue
[2026-06-21T22:49:16.941+0300] {logging_mixin.py:188} INFO - [2026-06-21T22:49:16.941+0300] {dagbag.py:540} INFO - Filling up the DagBag from /media/data/omar/programming course/DEPI/DEPI project/anomx/venv/lib/python3.12/site-packages/airflow/example_dags/example_latest_only_with_trigger.py
[2026-06-21T22:49:16.952+0300] {processor.py:840} INFO - DAG(s) 'latest_only_with_trigger' retrieved from /media/data/omar/programming course/DEPI/DEPI project/anomx/venv/lib/python3.12/site-packages/airflow/example_dags/example_latest_only_with_trigger.py
[2026-06-21T22:49:16.977+0300] {logging_mixin.py:188} INFO - [2026-06-21T22:49:16.977+0300] {dag.py:3096} INFO - Sync 1 DAGs
[2026-06-21T22:49:16.995+0300] {logging_mixin.py:188} INFO - [2026-06-21T22:49:16.995+0300] {dag.py:3954} INFO - Setting next_dagrun for latest_only_with_trigger to 2026-06-21 12:00:00+00:00, run_after=2026-06-21 16:00:00+00:00
[2026-06-21T22:49:17.028+0300] {processor.py:183} INFO - Processing /media/data/omar/programming course/DEPI/DEPI project/anomx/venv/lib/python3.12/site-packages/airflow/example_dags/example_latest_only_with_trigger.py took 0.103 seconds
[2026-06-21T22:50:14.827+0300] {processor.py:161} INFO - Started process (PID=22335) to work on /media/data/omar/programming course/DEPI/DEPI project/anomx/venv/lib/python3.12/site-packages/airflow/example_dags/example_latest_only_with_trigger.py
[2026-06-21T22:50:14.828+0300] {processor.py:830} INFO - Processing file /media/data/omar/programming course/DEPI/DEPI project/anomx/venv/lib/python3.12/site-packages/airflow/example_dags/example_latest_only_with_trigger.py for tasks to queue
[2026-06-21T22:50:14.830+0300] {logging_mixin.py:188} INFO - [2026-06-21T22:50:14.829+0300] {dagbag.py:540} INFO - Filling up the DagBag from /media/data/omar/programming course/DEPI/DEPI project/anomx/venv/lib/python3.12/site-packages/airflow/example_dags/example_latest_only_with_trigger.py
[2026-06-21T22:50:14.836+0300] {processor.py:840} INFO - DAG(s) 'latest_only_with_trigger' retrieved from /media/data/omar/programming course/DEPI/DEPI project/anomx/venv/lib/python3.12/site-packages/airflow/example_dags/example_latest_only_with_trigger.py
[2026-06-21T22:50:14.853+0300] {logging_mixin.py:188} INFO - [2026-06-21T22:50:14.852+0300] {dag.py:3096} INFO - Sync 1 DAGs
[2026-06-21T22:50:14.872+0300] {logging_mixin.py:188} INFO - [2026-06-21T22:50:14.872+0300] {dag.py:3954} INFO - Setting next_dagrun for latest_only_with_trigger to 2026-06-21 12:00:00+00:00, run_after=2026-06-21 16:00:00+00:00
[2026-06-21T22:50:14.905+0300] {processor.py:183} INFO - Processing /media/data/omar/programming course/DEPI/DEPI project/anomx/venv/lib/python3.12/site-packages/airflow/example_dags/example_latest_only_with_trigger.py took 0.085 seconds
[2026-06-21T22:51:14.698+0300] {processor.py:161} INFO - Started process (PID=22597) to work on /media/data/omar/programming course/DEPI/DEPI project/anomx/venv/lib/python3.12/site-packages/airflow/example_dags/example_latest_only_with_trigger.py
[2026-06-21T22:51:14.698+0300] {processor.py:830} INFO - Processing file /media/data/omar/programming course/DEPI/DEPI project/anomx/venv/lib/python3.12/site-packages/airflow/example_dags/example_latest_only_with_trigger.py for tasks to queue
[2026-06-21T22:51:14.701+0300] {logging_mixin.py:188} INFO - [2026-06-21T22:51:14.700+0300] {dagbag.py:540} INFO - Filling up the DagBag from /media/data/omar/programming course/DEPI/DEPI project/anomx/venv/lib/python3.12/site-packages/airflow/example_dags/example_latest_only_with_trigger.py
[2026-06-21T22:51:14.708+0300] {processor.py:840} INFO - DAG(s) 'latest_only_with_trigger' retrieved from /media/data/omar/programming course/DEPI/DEPI project/anomx/venv/lib/python3.12/site-packages/airflow/example_dags/example_latest_only_with_trigger.py
[2026-06-21T22:51:14.737+0300] {logging_mixin.py:188} INFO - [2026-06-21T22:51:14.736+0300] {dag.py:3096} INFO - Sync 1 DAGs
[2026-06-21T22:51:14.775+0300] {logging_mixin.py:188} INFO - [2026-06-21T22:51:14.774+0300] {dag.py:3954} INFO - Setting next_dagrun for latest_only_with_trigger to 2026-06-21 12:00:00+00:00, run_after=2026-06-21 16:00:00+00:00
[2026-06-21T22:51:14.838+0300] {processor.py:183} INFO - Processing /media/data/omar/programming course/DEPI/DEPI project/anomx/venv/lib/python3.12/site-packages/airflow/example_dags/example_latest_only_with_trigger.py took 0.147 seconds
