[2026-06-21T21:39:02.252+0300] {processor.py:161} INFO - Started process (PID=15107) to work on /media/data/omar/programming course/DEPI/DEPI project/anomx/venv/lib/python3.12/site-packages/airflow/example_dags/example_setup_teardown_taskflow.py
[2026-06-21T21:39:02.254+0300] {processor.py:830} INFO - Processing file /media/data/omar/programming course/DEPI/DEPI project/anomx/venv/lib/python3.12/site-packages/airflow/example_dags/example_setup_teardown_taskflow.py for tasks to queue
[2026-06-21T21:39:02.258+0300] {logging_mixin.py:188} INFO - [2026-06-21T21:39:02.257+0300] {dagbag.py:540} INFO - Filling up the DagBag from /media/data/omar/programming course/DEPI/DEPI project/anomx/venv/lib/python3.12/site-packages/airflow/example_dags/example_setup_teardown_taskflow.py
[2026-06-21T21:39:02.275+0300] {processor.py:840} INFO - DAG(s) 'example_setup_teardown_taskflow' retrieved from /media/data/omar/programming course/DEPI/DEPI project/anomx/venv/lib/python3.12/site-packages/airflow/example_dags/example_setup_teardown_taskflow.py
[2026-06-21T21:39:02.497+0300] {logging_mixin.py:188} INFO - [2026-06-21T21:39:02.496+0300] {override.py:1829} INFO - Created Permission View: can edit on DAG:example_setup_teardown_taskflow
[2026-06-21T21:39:02.533+0300] {logging_mixin.py:188} INFO - [2026-06-21T21:39:02.530+0300] {override.py:1829} INFO - Created Permission View: can read on DAG:example_setup_teardown_taskflow
[2026-06-21T21:39:02.561+0300] {logging_mixin.py:188} INFO - [2026-06-21T21:39:02.561+0300] {override.py:1829} INFO - Created Permission View: can delete on DAG:example_setup_teardown_taskflow
[2026-06-21T21:39:02.562+0300] {logging_mixin.py:188} INFO - [2026-06-21T21:39:02.562+0300] {dag.py:3096} INFO - Sync 1 DAGs
[2026-06-21T21:39:02.578+0300] {logging_mixin.py:188} INFO - [2026-06-21T21:39:02.577+0300] {dag.py:3118} INFO - Creating ORM DAG for example_setup_teardown_taskflow
[2026-06-21T21:39:02.587+0300] {logging_mixin.py:188} INFO - [2026-06-21T21:39:02.586+0300] {dag.py:3954} INFO - Setting next_dagrun for example_setup_teardown_taskflow to 2026-06-20 00:00:00+00:00, run_after=2026-06-21 00:00:00+00:00
[2026-06-21T21:39:02.623+0300] {processor.py:183} INFO - Processing /media/data/omar/programming course/DEPI/DEPI project/anomx/venv/lib/python3.12/site-packages/airflow/example_dags/example_setup_teardown_taskflow.py took 0.381 seconds
[2026-06-21T21:40:08.512+0300] {processor.py:161} INFO - Started process (PID=15199) to work on /media/data/omar/programming course/DEPI/DEPI project/anomx/venv/lib/python3.12/site-packages/airflow/example_dags/example_setup_teardown_taskflow.py
[2026-06-21T21:40:08.514+0300] {processor.py:830} INFO - Processing file /media/data/omar/programming course/DEPI/DEPI project/anomx/venv/lib/python3.12/site-packages/airflow/example_dags/example_setup_teardown_taskflow.py for tasks to queue
[2026-06-21T21:40:08.517+0300] {logging_mixin.py:188} INFO - [2026-06-21T21:40:08.516+0300] {dagbag.py:540} INFO - Filling up the DagBag from /media/data/omar/programming course/DEPI/DEPI project/anomx/venv/lib/python3.12/site-packages/airflow/example_dags/example_setup_teardown_taskflow.py
[2026-06-21T21:40:08.529+0300] {processor.py:840} INFO - DAG(s) 'example_setup_teardown_taskflow' retrieved from /media/data/omar/programming course/DEPI/DEPI project/anomx/venv/lib/python3.12/site-packages/airflow/example_dags/example_setup_teardown_taskflow.py
[2026-06-21T21:40:08.546+0300] {logging_mixin.py:188} INFO - [2026-06-21T21:40:08.546+0300] {dag.py:3096} INFO - Sync 1 DAGs
[2026-06-21T21:40:08.565+0300] {logging_mixin.py:188} INFO - [2026-06-21T21:40:08.564+0300] {dag.py:3954} INFO - Setting next_dagrun for example_setup_teardown_taskflow to 2026-06-20 00:00:00+00:00, run_after=2026-06-21 00:00:00+00:00
[2026-06-21T21:40:08.595+0300] {processor.py:183} INFO - Processing /media/data/omar/programming course/DEPI/DEPI project/anomx/venv/lib/python3.12/site-packages/airflow/example_dags/example_setup_teardown_taskflow.py took 0.099 seconds
[2026-06-21T21:41:09.079+0300] {processor.py:161} INFO - Started process (PID=15315) to work on /media/data/omar/programming course/DEPI/DEPI project/anomx/venv/lib/python3.12/site-packages/airflow/example_dags/example_setup_teardown_taskflow.py
[2026-06-21T21:41:09.081+0300] {processor.py:830} INFO - Processing file /media/data/omar/programming course/DEPI/DEPI project/anomx/venv/lib/python3.12/site-packages/airflow/example_dags/example_setup_teardown_taskflow.py for tasks to queue
[2026-06-21T21:41:09.083+0300] {logging_mixin.py:188} INFO - [2026-06-21T21:41:09.082+0300] {dagbag.py:540} INFO - Filling up the DagBag from /media/data/omar/programming course/DEPI/DEPI project/anomx/venv/lib/python3.12/site-packages/airflow/example_dags/example_setup_teardown_taskflow.py
[2026-06-21T21:41:09.096+0300] {processor.py:840} INFO - DAG(s) 'example_setup_teardown_taskflow' retrieved from /media/data/omar/programming course/DEPI/DEPI project/anomx/venv/lib/python3.12/site-packages/airflow/example_dags/example_setup_teardown_taskflow.py
[2026-06-21T21:41:09.127+0300] {logging_mixin.py:188} INFO - [2026-06-21T21:41:09.126+0300] {dag.py:3096} INFO - Sync 1 DAGs
[2026-06-21T21:41:09.160+0300] {logging_mixin.py:188} INFO - [2026-06-21T21:41:09.160+0300] {dag.py:3954} INFO - Setting next_dagrun for example_setup_teardown_taskflow to 2026-06-20 00:00:00+00:00, run_after=2026-06-21 00:00:00+00:00
[2026-06-21T21:41:09.238+0300] {processor.py:183} INFO - Processing /media/data/omar/programming course/DEPI/DEPI project/anomx/venv/lib/python3.12/site-packages/airflow/example_dags/example_setup_teardown_taskflow.py took 0.168 seconds
[2026-06-21T21:42:10.949+0300] {processor.py:161} INFO - Started process (PID=15438) to work on /media/data/omar/programming course/DEPI/DEPI project/anomx/venv/lib/python3.12/site-packages/airflow/example_dags/example_setup_teardown_taskflow.py
[2026-06-21T21:42:10.950+0300] {processor.py:830} INFO - Processing file /media/data/omar/programming course/DEPI/DEPI project/anomx/venv/lib/python3.12/site-packages/airflow/example_dags/example_setup_teardown_taskflow.py for tasks to queue
[2026-06-21T21:42:10.952+0300] {logging_mixin.py:188} INFO - [2026-06-21T21:42:10.952+0300] {dagbag.py:540} INFO - Filling up the DagBag from /media/data/omar/programming course/DEPI/DEPI project/anomx/venv/lib/python3.12/site-packages/airflow/example_dags/example_setup_teardown_taskflow.py
[2026-06-21T21:42:10.972+0300] {processor.py:840} INFO - DAG(s) 'example_setup_teardown_taskflow' retrieved from /media/data/omar/programming course/DEPI/DEPI project/anomx/venv/lib/python3.12/site-packages/airflow/example_dags/example_setup_teardown_taskflow.py
[2026-06-21T21:42:10.991+0300] {logging_mixin.py:188} INFO - [2026-06-21T21:42:10.991+0300] {dag.py:3096} INFO - Sync 1 DAGs
[2026-06-21T21:42:11.007+0300] {logging_mixin.py:188} INFO - [2026-06-21T21:42:11.007+0300] {dag.py:3954} INFO - Setting next_dagrun for example_setup_teardown_taskflow to 2026-06-20 00:00:00+00:00, run_after=2026-06-21 00:00:00+00:00
[2026-06-21T21:42:11.035+0300] {processor.py:183} INFO - Processing /media/data/omar/programming course/DEPI/DEPI project/anomx/venv/lib/python3.12/site-packages/airflow/example_dags/example_setup_teardown_taskflow.py took 0.102 seconds
[2026-06-21T21:43:17.597+0300] {processor.py:161} INFO - Started process (PID=15658) to work on /media/data/omar/programming course/DEPI/DEPI project/anomx/venv/lib/python3.12/site-packages/airflow/example_dags/example_setup_teardown_taskflow.py
[2026-06-21T21:43:17.598+0300] {processor.py:830} INFO - Processing file /media/data/omar/programming course/DEPI/DEPI project/anomx/venv/lib/python3.12/site-packages/airflow/example_dags/example_setup_teardown_taskflow.py for tasks to queue
[2026-06-21T21:43:17.601+0300] {logging_mixin.py:188} INFO - [2026-06-21T21:43:17.600+0300] {dagbag.py:540} INFO - Filling up the DagBag from /media/data/omar/programming course/DEPI/DEPI project/anomx/venv/lib/python3.12/site-packages/airflow/example_dags/example_setup_teardown_taskflow.py
[2026-06-21T21:43:17.618+0300] {processor.py:840} INFO - DAG(s) 'example_setup_teardown_taskflow' retrieved from /media/data/omar/programming course/DEPI/DEPI project/anomx/venv/lib/python3.12/site-packages/airflow/example_dags/example_setup_teardown_taskflow.py
[2026-06-21T21:43:17.646+0300] {logging_mixin.py:188} INFO - [2026-06-21T21:43:17.645+0300] {dag.py:3096} INFO - Sync 1 DAGs
[2026-06-21T21:43:17.669+0300] {logging_mixin.py:188} INFO - [2026-06-21T21:43:17.668+0300] {dag.py:3954} INFO - Setting next_dagrun for example_setup_teardown_taskflow to 2026-06-20 00:00:00+00:00, run_after=2026-06-21 00:00:00+00:00
[2026-06-21T21:43:17.701+0300] {processor.py:183} INFO - Processing /media/data/omar/programming course/DEPI/DEPI project/anomx/venv/lib/python3.12/site-packages/airflow/example_dags/example_setup_teardown_taskflow.py took 0.112 seconds
[2026-06-21T21:44:16.566+0300] {processor.py:161} INFO - Started process (PID=15775) to work on /media/data/omar/programming course/DEPI/DEPI project/anomx/venv/lib/python3.12/site-packages/airflow/example_dags/example_setup_teardown_taskflow.py
[2026-06-21T21:44:16.571+0300] {processor.py:830} INFO - Processing file /media/data/omar/programming course/DEPI/DEPI project/anomx/venv/lib/python3.12/site-packages/airflow/example_dags/example_setup_teardown_taskflow.py for tasks to queue
[2026-06-21T21:44:16.577+0300] {logging_mixin.py:188} INFO - [2026-06-21T21:44:16.576+0300] {dagbag.py:540} INFO - Filling up the DagBag from /media/data/omar/programming course/DEPI/DEPI project/anomx/venv/lib/python3.12/site-packages/airflow/example_dags/example_setup_teardown_taskflow.py
[2026-06-21T21:44:16.591+0300] {processor.py:840} INFO - DAG(s) 'example_setup_teardown_taskflow' retrieved from /media/data/omar/programming course/DEPI/DEPI project/anomx/venv/lib/python3.12/site-packages/airflow/example_dags/example_setup_teardown_taskflow.py
[2026-06-21T21:44:16.616+0300] {logging_mixin.py:188} INFO - [2026-06-21T21:44:16.615+0300] {dag.py:3096} INFO - Sync 1 DAGs
[2026-06-21T21:44:16.639+0300] {logging_mixin.py:188} INFO - [2026-06-21T21:44:16.639+0300] {dag.py:3954} INFO - Setting next_dagrun for example_setup_teardown_taskflow to 2026-06-20 00:00:00+00:00, run_after=2026-06-21 00:00:00+00:00
[2026-06-21T21:44:16.680+0300] {processor.py:183} INFO - Processing /media/data/omar/programming course/DEPI/DEPI project/anomx/venv/lib/python3.12/site-packages/airflow/example_dags/example_setup_teardown_taskflow.py took 0.131 seconds
[2026-06-21T21:46:54.935+0300] {processor.py:161} INFO - Started process (PID=16088) to work on /media/data/omar/programming course/DEPI/DEPI project/anomx/venv/lib/python3.12/site-packages/airflow/example_dags/example_setup_teardown_taskflow.py
[2026-06-21T21:46:54.937+0300] {processor.py:830} INFO - Processing file /media/data/omar/programming course/DEPI/DEPI project/anomx/venv/lib/python3.12/site-packages/airflow/example_dags/example_setup_teardown_taskflow.py for tasks to queue
[2026-06-21T21:46:54.940+0300] {logging_mixin.py:188} INFO - [2026-06-21T21:46:54.939+0300] {dagbag.py:540} INFO - Filling up the DagBag from /media/data/omar/programming course/DEPI/DEPI project/anomx/venv/lib/python3.12/site-packages/airflow/example_dags/example_setup_teardown_taskflow.py
[2026-06-21T21:46:54.952+0300] {processor.py:840} INFO - DAG(s) 'example_setup_teardown_taskflow' retrieved from /media/data/omar/programming course/DEPI/DEPI project/anomx/venv/lib/python3.12/site-packages/airflow/example_dags/example_setup_teardown_taskflow.py
[2026-06-21T21:46:54.970+0300] {logging_mixin.py:188} INFO - [2026-06-21T21:46:54.969+0300] {dag.py:3096} INFO - Sync 1 DAGs
[2026-06-21T21:46:54.990+0300] {logging_mixin.py:188} INFO - [2026-06-21T21:46:54.990+0300] {dag.py:3954} INFO - Setting next_dagrun for example_setup_teardown_taskflow to 2026-06-20 00:00:00+00:00, run_after=2026-06-21 00:00:00+00:00
[2026-06-21T21:46:55.020+0300] {processor.py:183} INFO - Processing /media/data/omar/programming course/DEPI/DEPI project/anomx/venv/lib/python3.12/site-packages/airflow/example_dags/example_setup_teardown_taskflow.py took 0.095 seconds
[2026-06-21T21:47:54.788+0300] {processor.py:161} INFO - Started process (PID=16181) to work on /media/data/omar/programming course/DEPI/DEPI project/anomx/venv/lib/python3.12/site-packages/airflow/example_dags/example_setup_teardown_taskflow.py
[2026-06-21T21:47:54.790+0300] {processor.py:830} INFO - Processing file /media/data/omar/programming course/DEPI/DEPI project/anomx/venv/lib/python3.12/site-packages/airflow/example_dags/example_setup_teardown_taskflow.py for tasks to queue
[2026-06-21T21:47:54.793+0300] {logging_mixin.py:188} INFO - [2026-06-21T21:47:54.792+0300] {dagbag.py:540} INFO - Filling up the DagBag from /media/data/omar/programming course/DEPI/DEPI project/anomx/venv/lib/python3.12/site-packages/airflow/example_dags/example_setup_teardown_taskflow.py
[2026-06-21T21:47:54.807+0300] {processor.py:840} INFO - DAG(s) 'example_setup_teardown_taskflow' retrieved from /media/data/omar/programming course/DEPI/DEPI project/anomx/venv/lib/python3.12/site-packages/airflow/example_dags/example_setup_teardown_taskflow.py
[2026-06-21T21:47:54.824+0300] {logging_mixin.py:188} INFO - [2026-06-21T21:47:54.824+0300] {dag.py:3096} INFO - Sync 1 DAGs
[2026-06-21T21:47:54.842+0300] {logging_mixin.py:188} INFO - [2026-06-21T21:47:54.842+0300] {dag.py:3954} INFO - Setting next_dagrun for example_setup_teardown_taskflow to 2026-06-20 00:00:00+00:00, run_after=2026-06-21 00:00:00+00:00
[2026-06-21T21:47:54.872+0300] {processor.py:183} INFO - Processing /media/data/omar/programming course/DEPI/DEPI project/anomx/venv/lib/python3.12/site-packages/airflow/example_dags/example_setup_teardown_taskflow.py took 0.101 seconds
[2026-06-21T21:48:52.415+0300] {processor.py:161} INFO - Started process (PID=16271) to work on /media/data/omar/programming course/DEPI/DEPI project/anomx/venv/lib/python3.12/site-packages/airflow/example_dags/example_setup_teardown_taskflow.py
[2026-06-21T21:48:52.416+0300] {processor.py:830} INFO - Processing file /media/data/omar/programming course/DEPI/DEPI project/anomx/venv/lib/python3.12/site-packages/airflow/example_dags/example_setup_teardown_taskflow.py for tasks to queue
[2026-06-21T21:48:52.418+0300] {logging_mixin.py:188} INFO - [2026-06-21T21:48:52.417+0300] {dagbag.py:540} INFO - Filling up the DagBag from /media/data/omar/programming course/DEPI/DEPI project/anomx/venv/lib/python3.12/site-packages/airflow/example_dags/example_setup_teardown_taskflow.py
[2026-06-21T21:48:52.427+0300] {processor.py:840} INFO - DAG(s) 'example_setup_teardown_taskflow' retrieved from /media/data/omar/programming course/DEPI/DEPI project/anomx/venv/lib/python3.12/site-packages/airflow/example_dags/example_setup_teardown_taskflow.py
[2026-06-21T21:48:52.446+0300] {logging_mixin.py:188} INFO - [2026-06-21T21:48:52.445+0300] {dag.py:3096} INFO - Sync 1 DAGs
[2026-06-21T21:48:52.464+0300] {logging_mixin.py:188} INFO - [2026-06-21T21:48:52.464+0300] {dag.py:3954} INFO - Setting next_dagrun for example_setup_teardown_taskflow to 2026-06-20 00:00:00+00:00, run_after=2026-06-21 00:00:00+00:00
[2026-06-21T21:48:52.493+0300] {processor.py:183} INFO - Processing /media/data/omar/programming course/DEPI/DEPI project/anomx/venv/lib/python3.12/site-packages/airflow/example_dags/example_setup_teardown_taskflow.py took 0.084 seconds
[2026-06-21T21:51:00.079+0300] {processor.py:161} INFO - Started process (PID=16496) to work on /media/data/omar/programming course/DEPI/DEPI project/anomx/venv/lib/python3.12/site-packages/airflow/example_dags/example_setup_teardown_taskflow.py
[2026-06-21T21:51:00.080+0300] {processor.py:830} INFO - Processing file /media/data/omar/programming course/DEPI/DEPI project/anomx/venv/lib/python3.12/site-packages/airflow/example_dags/example_setup_teardown_taskflow.py for tasks to queue
[2026-06-21T21:51:00.082+0300] {logging_mixin.py:188} INFO - [2026-06-21T21:51:00.081+0300] {dagbag.py:540} INFO - Filling up the DagBag from /media/data/omar/programming course/DEPI/DEPI project/anomx/venv/lib/python3.12/site-packages/airflow/example_dags/example_setup_teardown_taskflow.py
[2026-06-21T21:51:00.091+0300] {processor.py:840} INFO - DAG(s) 'example_setup_teardown_taskflow' retrieved from /media/data/omar/programming course/DEPI/DEPI project/anomx/venv/lib/python3.12/site-packages/airflow/example_dags/example_setup_teardown_taskflow.py
[2026-06-21T21:51:00.111+0300] {logging_mixin.py:188} INFO - [2026-06-21T21:51:00.111+0300] {dag.py:3096} INFO - Sync 1 DAGs
[2026-06-21T21:51:00.131+0300] {logging_mixin.py:188} INFO - [2026-06-21T21:51:00.131+0300] {dag.py:3954} INFO - Setting next_dagrun for example_setup_teardown_taskflow to 2026-06-20 00:00:00+00:00, run_after=2026-06-21 00:00:00+00:00
[2026-06-21T21:51:00.160+0300] {processor.py:183} INFO - Processing /media/data/omar/programming course/DEPI/DEPI project/anomx/venv/lib/python3.12/site-packages/airflow/example_dags/example_setup_teardown_taskflow.py took 0.090 seconds
[2026-06-21T21:52:17.105+0300] {processor.py:161} INFO - Started process (PID=16637) to work on /media/data/omar/programming course/DEPI/DEPI project/anomx/venv/lib/python3.12/site-packages/airflow/example_dags/example_setup_teardown_taskflow.py
[2026-06-21T21:52:17.106+0300] {processor.py:830} INFO - Processing file /media/data/omar/programming course/DEPI/DEPI project/anomx/venv/lib/python3.12/site-packages/airflow/example_dags/example_setup_teardown_taskflow.py for tasks to queue
[2026-06-21T21:52:17.109+0300] {logging_mixin.py:188} INFO - [2026-06-21T21:52:17.108+0300] {dagbag.py:540} INFO - Filling up the DagBag from /media/data/omar/programming course/DEPI/DEPI project/anomx/venv/lib/python3.12/site-packages/airflow/example_dags/example_setup_teardown_taskflow.py
[2026-06-21T21:52:17.122+0300] {processor.py:840} INFO - DAG(s) 'example_setup_teardown_taskflow' retrieved from /media/data/omar/programming course/DEPI/DEPI project/anomx/venv/lib/python3.12/site-packages/airflow/example_dags/example_setup_teardown_taskflow.py
[2026-06-21T21:52:17.141+0300] {logging_mixin.py:188} INFO - [2026-06-21T21:52:17.141+0300] {dag.py:3096} INFO - Sync 1 DAGs
[2026-06-21T21:52:17.159+0300] {logging_mixin.py:188} INFO - [2026-06-21T21:52:17.159+0300] {dag.py:3954} INFO - Setting next_dagrun for example_setup_teardown_taskflow to 2026-06-20 00:00:00+00:00, run_after=2026-06-21 00:00:00+00:00
[2026-06-21T21:52:17.201+0300] {processor.py:183} INFO - Processing /media/data/omar/programming course/DEPI/DEPI project/anomx/venv/lib/python3.12/site-packages/airflow/example_dags/example_setup_teardown_taskflow.py took 0.103 seconds
[2026-06-21T21:53:14.451+0300] {processor.py:161} INFO - Started process (PID=16728) to work on /media/data/omar/programming course/DEPI/DEPI project/anomx/venv/lib/python3.12/site-packages/airflow/example_dags/example_setup_teardown_taskflow.py
[2026-06-21T21:53:14.454+0300] {processor.py:830} INFO - Processing file /media/data/omar/programming course/DEPI/DEPI project/anomx/venv/lib/python3.12/site-packages/airflow/example_dags/example_setup_teardown_taskflow.py for tasks to queue
[2026-06-21T21:53:14.461+0300] {logging_mixin.py:188} INFO - [2026-06-21T21:53:14.459+0300] {dagbag.py:540} INFO - Filling up the DagBag from /media/data/omar/programming course/DEPI/DEPI project/anomx/venv/lib/python3.12/site-packages/airflow/example_dags/example_setup_teardown_taskflow.py
[2026-06-21T21:53:14.478+0300] {processor.py:840} INFO - DAG(s) 'example_setup_teardown_taskflow' retrieved from /media/data/omar/programming course/DEPI/DEPI project/anomx/venv/lib/python3.12/site-packages/airflow/example_dags/example_setup_teardown_taskflow.py
[2026-06-21T21:53:14.496+0300] {logging_mixin.py:188} INFO - [2026-06-21T21:53:14.496+0300] {dag.py:3096} INFO - Sync 1 DAGs
[2026-06-21T21:53:14.514+0300] {logging_mixin.py:188} INFO - [2026-06-21T21:53:14.514+0300] {dag.py:3954} INFO - Setting next_dagrun for example_setup_teardown_taskflow to 2026-06-20 00:00:00+00:00, run_after=2026-06-21 00:00:00+00:00
[2026-06-21T21:53:14.541+0300] {processor.py:183} INFO - Processing /media/data/omar/programming course/DEPI/DEPI project/anomx/venv/lib/python3.12/site-packages/airflow/example_dags/example_setup_teardown_taskflow.py took 0.110 seconds
[2026-06-21T21:54:11.792+0300] {processor.py:161} INFO - Started process (PID=16818) to work on /media/data/omar/programming course/DEPI/DEPI project/anomx/venv/lib/python3.12/site-packages/airflow/example_dags/example_setup_teardown_taskflow.py
[2026-06-21T21:54:11.793+0300] {processor.py:830} INFO - Processing file /media/data/omar/programming course/DEPI/DEPI project/anomx/venv/lib/python3.12/site-packages/airflow/example_dags/example_setup_teardown_taskflow.py for tasks to queue
[2026-06-21T21:54:11.795+0300] {logging_mixin.py:188} INFO - [2026-06-21T21:54:11.795+0300] {dagbag.py:540} INFO - Filling up the DagBag from /media/data/omar/programming course/DEPI/DEPI project/anomx/venv/lib/python3.12/site-packages/airflow/example_dags/example_setup_teardown_taskflow.py
[2026-06-21T21:54:11.806+0300] {processor.py:840} INFO - DAG(s) 'example_setup_teardown_taskflow' retrieved from /media/data/omar/programming course/DEPI/DEPI project/anomx/venv/lib/python3.12/site-packages/airflow/example_dags/example_setup_teardown_taskflow.py
[2026-06-21T21:54:11.823+0300] {logging_mixin.py:188} INFO - [2026-06-21T21:54:11.822+0300] {dag.py:3096} INFO - Sync 1 DAGs
[2026-06-21T21:54:11.840+0300] {logging_mixin.py:188} INFO - [2026-06-21T21:54:11.840+0300] {dag.py:3954} INFO - Setting next_dagrun for example_setup_teardown_taskflow to 2026-06-20 00:00:00+00:00, run_after=2026-06-21 00:00:00+00:00
[2026-06-21T21:54:11.867+0300] {processor.py:183} INFO - Processing /media/data/omar/programming course/DEPI/DEPI project/anomx/venv/lib/python3.12/site-packages/airflow/example_dags/example_setup_teardown_taskflow.py took 0.084 seconds
[2026-06-21T21:55:08.886+0300] {processor.py:161} INFO - Started process (PID=16921) to work on /media/data/omar/programming course/DEPI/DEPI project/anomx/venv/lib/python3.12/site-packages/airflow/example_dags/example_setup_teardown_taskflow.py
[2026-06-21T21:55:08.888+0300] {processor.py:830} INFO - Processing file /media/data/omar/programming course/DEPI/DEPI project/anomx/venv/lib/python3.12/site-packages/airflow/example_dags/example_setup_teardown_taskflow.py for tasks to queue
[2026-06-21T21:55:08.891+0300] {logging_mixin.py:188} INFO - [2026-06-21T21:55:08.890+0300] {dagbag.py:540} INFO - Filling up the DagBag from /media/data/omar/programming course/DEPI/DEPI project/anomx/venv/lib/python3.12/site-packages/airflow/example_dags/example_setup_teardown_taskflow.py
[2026-06-21T21:55:08.908+0300] {processor.py:840} INFO - DAG(s) 'example_setup_teardown_taskflow' retrieved from /media/data/omar/programming course/DEPI/DEPI project/anomx/venv/lib/python3.12/site-packages/airflow/example_dags/example_setup_teardown_taskflow.py
[2026-06-21T21:55:08.926+0300] {logging_mixin.py:188} INFO - [2026-06-21T21:55:08.925+0300] {dag.py:3096} INFO - Sync 1 DAGs
[2026-06-21T21:55:08.944+0300] {logging_mixin.py:188} INFO - [2026-06-21T21:55:08.944+0300] {dag.py:3954} INFO - Setting next_dagrun for example_setup_teardown_taskflow to 2026-06-20 00:00:00+00:00, run_after=2026-06-21 00:00:00+00:00
[2026-06-21T21:55:08.972+0300] {processor.py:183} INFO - Processing /media/data/omar/programming course/DEPI/DEPI project/anomx/venv/lib/python3.12/site-packages/airflow/example_dags/example_setup_teardown_taskflow.py took 0.098 seconds
[2026-06-21T21:56:03.377+0300] {processor.py:161} INFO - Started process (PID=17005) to work on /media/data/omar/programming course/DEPI/DEPI project/anomx/venv/lib/python3.12/site-packages/airflow/example_dags/example_setup_teardown_taskflow.py
[2026-06-21T21:56:03.378+0300] {processor.py:830} INFO - Processing file /media/data/omar/programming course/DEPI/DEPI project/anomx/venv/lib/python3.12/site-packages/airflow/example_dags/example_setup_teardown_taskflow.py for tasks to queue
[2026-06-21T21:56:03.380+0300] {logging_mixin.py:188} INFO - [2026-06-21T21:56:03.379+0300] {dagbag.py:540} INFO - Filling up the DagBag from /media/data/omar/programming course/DEPI/DEPI project/anomx/venv/lib/python3.12/site-packages/airflow/example_dags/example_setup_teardown_taskflow.py
[2026-06-21T21:56:03.393+0300] {processor.py:840} INFO - DAG(s) 'example_setup_teardown_taskflow' retrieved from /media/data/omar/programming course/DEPI/DEPI project/anomx/venv/lib/python3.12/site-packages/airflow/example_dags/example_setup_teardown_taskflow.py
[2026-06-21T21:56:03.411+0300] {logging_mixin.py:188} INFO - [2026-06-21T21:56:03.410+0300] {dag.py:3096} INFO - Sync 1 DAGs
[2026-06-21T21:56:03.428+0300] {logging_mixin.py:188} INFO - [2026-06-21T21:56:03.428+0300] {dag.py:3954} INFO - Setting next_dagrun for example_setup_teardown_taskflow to 2026-06-20 00:00:00+00:00, run_after=2026-06-21 00:00:00+00:00
[2026-06-21T21:56:03.456+0300] {processor.py:183} INFO - Processing /media/data/omar/programming course/DEPI/DEPI project/anomx/venv/lib/python3.12/site-packages/airflow/example_dags/example_setup_teardown_taskflow.py took 0.086 seconds
[2026-06-21T21:56:54.448+0300] {processor.py:161} INFO - Started process (PID=17092) to work on /media/data/omar/programming course/DEPI/DEPI project/anomx/venv/lib/python3.12/site-packages/airflow/example_dags/example_setup_teardown_taskflow.py
[2026-06-21T21:56:54.450+0300] {processor.py:830} INFO - Processing file /media/data/omar/programming course/DEPI/DEPI project/anomx/venv/lib/python3.12/site-packages/airflow/example_dags/example_setup_teardown_taskflow.py for tasks to queue
[2026-06-21T21:56:54.455+0300] {logging_mixin.py:188} INFO - [2026-06-21T21:56:54.454+0300] {dagbag.py:540} INFO - Filling up the DagBag from /media/data/omar/programming course/DEPI/DEPI project/anomx/venv/lib/python3.12/site-packages/airflow/example_dags/example_setup_teardown_taskflow.py
[2026-06-21T21:56:54.477+0300] {processor.py:840} INFO - DAG(s) 'example_setup_teardown_taskflow' retrieved from /media/data/omar/programming course/DEPI/DEPI project/anomx/venv/lib/python3.12/site-packages/airflow/example_dags/example_setup_teardown_taskflow.py
[2026-06-21T21:56:54.499+0300] {logging_mixin.py:188} INFO - [2026-06-21T21:56:54.498+0300] {dag.py:3096} INFO - Sync 1 DAGs
[2026-06-21T21:56:54.517+0300] {logging_mixin.py:188} INFO - [2026-06-21T21:56:54.517+0300] {dag.py:3954} INFO - Setting next_dagrun for example_setup_teardown_taskflow to 2026-06-20 00:00:00+00:00, run_after=2026-06-21 00:00:00+00:00
[2026-06-21T21:56:54.543+0300] {processor.py:183} INFO - Processing /media/data/omar/programming course/DEPI/DEPI project/anomx/venv/lib/python3.12/site-packages/airflow/example_dags/example_setup_teardown_taskflow.py took 0.109 seconds
[2026-06-21T21:57:47.911+0300] {processor.py:161} INFO - Started process (PID=17188) to work on /media/data/omar/programming course/DEPI/DEPI project/anomx/venv/lib/python3.12/site-packages/airflow/example_dags/example_setup_teardown_taskflow.py
[2026-06-21T21:57:47.912+0300] {processor.py:830} INFO - Processing file /media/data/omar/programming course/DEPI/DEPI project/anomx/venv/lib/python3.12/site-packages/airflow/example_dags/example_setup_teardown_taskflow.py for tasks to queue
[2026-06-21T21:57:47.914+0300] {logging_mixin.py:188} INFO - [2026-06-21T21:57:47.914+0300] {dagbag.py:540} INFO - Filling up the DagBag from /media/data/omar/programming course/DEPI/DEPI project/anomx/venv/lib/python3.12/site-packages/airflow/example_dags/example_setup_teardown_taskflow.py
[2026-06-21T21:57:47.924+0300] {processor.py:840} INFO - DAG(s) 'example_setup_teardown_taskflow' retrieved from /media/data/omar/programming course/DEPI/DEPI project/anomx/venv/lib/python3.12/site-packages/airflow/example_dags/example_setup_teardown_taskflow.py
[2026-06-21T21:57:47.940+0300] {logging_mixin.py:188} INFO - [2026-06-21T21:57:47.940+0300] {dag.py:3096} INFO - Sync 1 DAGs
[2026-06-21T21:57:47.958+0300] {logging_mixin.py:188} INFO - [2026-06-21T21:57:47.957+0300] {dag.py:3954} INFO - Setting next_dagrun for example_setup_teardown_taskflow to 2026-06-20 00:00:00+00:00, run_after=2026-06-21 00:00:00+00:00
[2026-06-21T21:57:47.986+0300] {processor.py:183} INFO - Processing /media/data/omar/programming course/DEPI/DEPI project/anomx/venv/lib/python3.12/site-packages/airflow/example_dags/example_setup_teardown_taskflow.py took 0.085 seconds
[2026-06-21T21:58:43.121+0300] {processor.py:161} INFO - Started process (PID=17280) to work on /media/data/omar/programming course/DEPI/DEPI project/anomx/venv/lib/python3.12/site-packages/airflow/example_dags/example_setup_teardown_taskflow.py
[2026-06-21T21:58:43.122+0300] {processor.py:830} INFO - Processing file /media/data/omar/programming course/DEPI/DEPI project/anomx/venv/lib/python3.12/site-packages/airflow/example_dags/example_setup_teardown_taskflow.py for tasks to queue
[2026-06-21T21:58:43.124+0300] {logging_mixin.py:188} INFO - [2026-06-21T21:58:43.124+0300] {dagbag.py:540} INFO - Filling up the DagBag from /media/data/omar/programming course/DEPI/DEPI project/anomx/venv/lib/python3.12/site-packages/airflow/example_dags/example_setup_teardown_taskflow.py
[2026-06-21T21:58:43.135+0300] {processor.py:840} INFO - DAG(s) 'example_setup_teardown_taskflow' retrieved from /media/data/omar/programming course/DEPI/DEPI project/anomx/venv/lib/python3.12/site-packages/airflow/example_dags/example_setup_teardown_taskflow.py
[2026-06-21T21:58:43.152+0300] {logging_mixin.py:188} INFO - [2026-06-21T21:58:43.152+0300] {dag.py:3096} INFO - Sync 1 DAGs
[2026-06-21T21:58:43.169+0300] {logging_mixin.py:188} INFO - [2026-06-21T21:58:43.169+0300] {dag.py:3954} INFO - Setting next_dagrun for example_setup_teardown_taskflow to 2026-06-20 00:00:00+00:00, run_after=2026-06-21 00:00:00+00:00
[2026-06-21T21:58:43.198+0300] {processor.py:183} INFO - Processing /media/data/omar/programming course/DEPI/DEPI project/anomx/venv/lib/python3.12/site-packages/airflow/example_dags/example_setup_teardown_taskflow.py took 0.084 seconds
[2026-06-21T21:59:39.384+0300] {processor.py:161} INFO - Started process (PID=17362) to work on /media/data/omar/programming course/DEPI/DEPI project/anomx/venv/lib/python3.12/site-packages/airflow/example_dags/example_setup_teardown_taskflow.py
[2026-06-21T21:59:39.386+0300] {processor.py:830} INFO - Processing file /media/data/omar/programming course/DEPI/DEPI project/anomx/venv/lib/python3.12/site-packages/airflow/example_dags/example_setup_teardown_taskflow.py for tasks to queue
[2026-06-21T21:59:39.389+0300] {logging_mixin.py:188} INFO - [2026-06-21T21:59:39.388+0300] {dagbag.py:540} INFO - Filling up the DagBag from /media/data/omar/programming course/DEPI/DEPI project/anomx/venv/lib/python3.12/site-packages/airflow/example_dags/example_setup_teardown_taskflow.py
[2026-06-21T21:59:39.406+0300] {processor.py:840} INFO - DAG(s) 'example_setup_teardown_taskflow' retrieved from /media/data/omar/programming course/DEPI/DEPI project/anomx/venv/lib/python3.12/site-packages/airflow/example_dags/example_setup_teardown_taskflow.py
[2026-06-21T21:59:39.433+0300] {logging_mixin.py:188} INFO - [2026-06-21T21:59:39.433+0300] {dag.py:3096} INFO - Sync 1 DAGs
[2026-06-21T21:59:39.450+0300] {logging_mixin.py:188} INFO - [2026-06-21T21:59:39.450+0300] {dag.py:3954} INFO - Setting next_dagrun for example_setup_teardown_taskflow to 2026-06-20 00:00:00+00:00, run_after=2026-06-21 00:00:00+00:00
[2026-06-21T21:59:39.480+0300] {processor.py:183} INFO - Processing /media/data/omar/programming course/DEPI/DEPI project/anomx/venv/lib/python3.12/site-packages/airflow/example_dags/example_setup_teardown_taskflow.py took 0.105 seconds
[2026-06-21T22:00:37.095+0300] {processor.py:161} INFO - Started process (PID=17458) to work on /media/data/omar/programming course/DEPI/DEPI project/anomx/venv/lib/python3.12/site-packages/airflow/example_dags/example_setup_teardown_taskflow.py
[2026-06-21T22:00:37.098+0300] {processor.py:830} INFO - Processing file /media/data/omar/programming course/DEPI/DEPI project/anomx/venv/lib/python3.12/site-packages/airflow/example_dags/example_setup_teardown_taskflow.py for tasks to queue
[2026-06-21T22:00:37.104+0300] {logging_mixin.py:188} INFO - [2026-06-21T22:00:37.102+0300] {dagbag.py:540} INFO - Filling up the DagBag from /media/data/omar/programming course/DEPI/DEPI project/anomx/venv/lib/python3.12/site-packages/airflow/example_dags/example_setup_teardown_taskflow.py
[2026-06-21T22:00:37.122+0300] {processor.py:840} INFO - DAG(s) 'example_setup_teardown_taskflow' retrieved from /media/data/omar/programming course/DEPI/DEPI project/anomx/venv/lib/python3.12/site-packages/airflow/example_dags/example_setup_teardown_taskflow.py
[2026-06-21T22:00:37.139+0300] {logging_mixin.py:188} INFO - [2026-06-21T22:00:37.139+0300] {dag.py:3096} INFO - Sync 1 DAGs
[2026-06-21T22:00:37.156+0300] {logging_mixin.py:188} INFO - [2026-06-21T22:00:37.156+0300] {dag.py:3954} INFO - Setting next_dagrun for example_setup_teardown_taskflow to 2026-06-20 00:00:00+00:00, run_after=2026-06-21 00:00:00+00:00
[2026-06-21T22:00:37.184+0300] {processor.py:183} INFO - Processing /media/data/omar/programming course/DEPI/DEPI project/anomx/venv/lib/python3.12/site-packages/airflow/example_dags/example_setup_teardown_taskflow.py took 0.108 seconds
[2026-06-21T22:01:35.357+0300] {processor.py:161} INFO - Started process (PID=17551) to work on /media/data/omar/programming course/DEPI/DEPI project/anomx/venv/lib/python3.12/site-packages/airflow/example_dags/example_setup_teardown_taskflow.py
[2026-06-21T22:01:35.358+0300] {processor.py:830} INFO - Processing file /media/data/omar/programming course/DEPI/DEPI project/anomx/venv/lib/python3.12/site-packages/airflow/example_dags/example_setup_teardown_taskflow.py for tasks to queue
[2026-06-21T22:01:35.360+0300] {logging_mixin.py:188} INFO - [2026-06-21T22:01:35.359+0300] {dagbag.py:540} INFO - Filling up the DagBag from /media/data/omar/programming course/DEPI/DEPI project/anomx/venv/lib/python3.12/site-packages/airflow/example_dags/example_setup_teardown_taskflow.py
[2026-06-21T22:01:35.370+0300] {processor.py:840} INFO - DAG(s) 'example_setup_teardown_taskflow' retrieved from /media/data/omar/programming course/DEPI/DEPI project/anomx/venv/lib/python3.12/site-packages/airflow/example_dags/example_setup_teardown_taskflow.py
[2026-06-21T22:01:35.387+0300] {logging_mixin.py:188} INFO - [2026-06-21T22:01:35.387+0300] {dag.py:3096} INFO - Sync 1 DAGs
[2026-06-21T22:01:35.404+0300] {logging_mixin.py:188} INFO - [2026-06-21T22:01:35.404+0300] {dag.py:3954} INFO - Setting next_dagrun for example_setup_teardown_taskflow to 2026-06-20 00:00:00+00:00, run_after=2026-06-21 00:00:00+00:00
[2026-06-21T22:01:35.431+0300] {processor.py:183} INFO - Processing /media/data/omar/programming course/DEPI/DEPI project/anomx/venv/lib/python3.12/site-packages/airflow/example_dags/example_setup_teardown_taskflow.py took 0.080 seconds
[2026-06-21T22:02:32.434+0300] {processor.py:161} INFO - Started process (PID=17641) to work on /media/data/omar/programming course/DEPI/DEPI project/anomx/venv/lib/python3.12/site-packages/airflow/example_dags/example_setup_teardown_taskflow.py
[2026-06-21T22:02:32.436+0300] {processor.py:830} INFO - Processing file /media/data/omar/programming course/DEPI/DEPI project/anomx/venv/lib/python3.12/site-packages/airflow/example_dags/example_setup_teardown_taskflow.py for tasks to queue
[2026-06-21T22:02:32.439+0300] {logging_mixin.py:188} INFO - [2026-06-21T22:02:32.438+0300] {dagbag.py:540} INFO - Filling up the DagBag from /media/data/omar/programming course/DEPI/DEPI project/anomx/venv/lib/python3.12/site-packages/airflow/example_dags/example_setup_teardown_taskflow.py
[2026-06-21T22:02:32.455+0300] {processor.py:840} INFO - DAG(s) 'example_setup_teardown_taskflow' retrieved from /media/data/omar/programming course/DEPI/DEPI project/anomx/venv/lib/python3.12/site-packages/airflow/example_dags/example_setup_teardown_taskflow.py
[2026-06-21T22:02:32.474+0300] {logging_mixin.py:188} INFO - [2026-06-21T22:02:32.474+0300] {dag.py:3096} INFO - Sync 1 DAGs
[2026-06-21T22:02:32.501+0300] {logging_mixin.py:188} INFO - [2026-06-21T22:02:32.500+0300] {dag.py:3954} INFO - Setting next_dagrun for example_setup_teardown_taskflow to 2026-06-20 00:00:00+00:00, run_after=2026-06-21 00:00:00+00:00
[2026-06-21T22:02:32.530+0300] {processor.py:183} INFO - Processing /media/data/omar/programming course/DEPI/DEPI project/anomx/venv/lib/python3.12/site-packages/airflow/example_dags/example_setup_teardown_taskflow.py took 0.106 seconds
[2026-06-21T22:03:31.142+0300] {processor.py:161} INFO - Started process (PID=17797) to work on /media/data/omar/programming course/DEPI/DEPI project/anomx/venv/lib/python3.12/site-packages/airflow/example_dags/example_setup_teardown_taskflow.py
[2026-06-21T22:03:31.144+0300] {processor.py:830} INFO - Processing file /media/data/omar/programming course/DEPI/DEPI project/anomx/venv/lib/python3.12/site-packages/airflow/example_dags/example_setup_teardown_taskflow.py for tasks to queue
[2026-06-21T22:03:31.147+0300] {logging_mixin.py:188} INFO - [2026-06-21T22:03:31.146+0300] {dagbag.py:540} INFO - Filling up the DagBag from /media/data/omar/programming course/DEPI/DEPI project/anomx/venv/lib/python3.12/site-packages/airflow/example_dags/example_setup_teardown_taskflow.py
[2026-06-21T22:03:31.160+0300] {processor.py:840} INFO - DAG(s) 'example_setup_teardown_taskflow' retrieved from /media/data/omar/programming course/DEPI/DEPI project/anomx/venv/lib/python3.12/site-packages/airflow/example_dags/example_setup_teardown_taskflow.py
[2026-06-21T22:03:31.176+0300] {logging_mixin.py:188} INFO - [2026-06-21T22:03:31.176+0300] {dag.py:3096} INFO - Sync 1 DAGs
[2026-06-21T22:03:31.193+0300] {logging_mixin.py:188} INFO - [2026-06-21T22:03:31.193+0300] {dag.py:3954} INFO - Setting next_dagrun for example_setup_teardown_taskflow to 2026-06-20 00:00:00+00:00, run_after=2026-06-21 00:00:00+00:00
[2026-06-21T22:03:31.220+0300] {processor.py:183} INFO - Processing /media/data/omar/programming course/DEPI/DEPI project/anomx/venv/lib/python3.12/site-packages/airflow/example_dags/example_setup_teardown_taskflow.py took 0.094 seconds
[2026-06-21T22:04:22.173+0300] {processor.py:161} INFO - Started process (PID=17888) to work on /media/data/omar/programming course/DEPI/DEPI project/anomx/venv/lib/python3.12/site-packages/airflow/example_dags/example_setup_teardown_taskflow.py
[2026-06-21T22:04:22.175+0300] {processor.py:830} INFO - Processing file /media/data/omar/programming course/DEPI/DEPI project/anomx/venv/lib/python3.12/site-packages/airflow/example_dags/example_setup_teardown_taskflow.py for tasks to queue
[2026-06-21T22:04:22.177+0300] {logging_mixin.py:188} INFO - [2026-06-21T22:04:22.176+0300] {dagbag.py:540} INFO - Filling up the DagBag from /media/data/omar/programming course/DEPI/DEPI project/anomx/venv/lib/python3.12/site-packages/airflow/example_dags/example_setup_teardown_taskflow.py
[2026-06-21T22:04:22.188+0300] {processor.py:840} INFO - DAG(s) 'example_setup_teardown_taskflow' retrieved from /media/data/omar/programming course/DEPI/DEPI project/anomx/venv/lib/python3.12/site-packages/airflow/example_dags/example_setup_teardown_taskflow.py
[2026-06-21T22:04:22.205+0300] {logging_mixin.py:188} INFO - [2026-06-21T22:04:22.204+0300] {dag.py:3096} INFO - Sync 1 DAGs
[2026-06-21T22:04:22.223+0300] {logging_mixin.py:188} INFO - [2026-06-21T22:04:22.223+0300] {dag.py:3954} INFO - Setting next_dagrun for example_setup_teardown_taskflow to 2026-06-20 00:00:00+00:00, run_after=2026-06-21 00:00:00+00:00
[2026-06-21T22:04:22.334+0300] {processor.py:183} INFO - Processing /media/data/omar/programming course/DEPI/DEPI project/anomx/venv/lib/python3.12/site-packages/airflow/example_dags/example_setup_teardown_taskflow.py took 0.172 seconds
[2026-06-21T22:05:19.298+0300] {processor.py:161} INFO - Started process (PID=17971) to work on /media/data/omar/programming course/DEPI/DEPI project/anomx/venv/lib/python3.12/site-packages/airflow/example_dags/example_setup_teardown_taskflow.py
[2026-06-21T22:05:19.300+0300] {processor.py:830} INFO - Processing file /media/data/omar/programming course/DEPI/DEPI project/anomx/venv/lib/python3.12/site-packages/airflow/example_dags/example_setup_teardown_taskflow.py for tasks to queue
[2026-06-21T22:05:19.304+0300] {logging_mixin.py:188} INFO - [2026-06-21T22:05:19.303+0300] {dagbag.py:540} INFO - Filling up the DagBag from /media/data/omar/programming course/DEPI/DEPI project/anomx/venv/lib/python3.12/site-packages/airflow/example_dags/example_setup_teardown_taskflow.py
[2026-06-21T22:05:19.321+0300] {processor.py:840} INFO - DAG(s) 'example_setup_teardown_taskflow' retrieved from /media/data/omar/programming course/DEPI/DEPI project/anomx/venv/lib/python3.12/site-packages/airflow/example_dags/example_setup_teardown_taskflow.py
[2026-06-21T22:05:19.338+0300] {logging_mixin.py:188} INFO - [2026-06-21T22:05:19.338+0300] {dag.py:3096} INFO - Sync 1 DAGs
[2026-06-21T22:05:19.355+0300] {logging_mixin.py:188} INFO - [2026-06-21T22:05:19.355+0300] {dag.py:3954} INFO - Setting next_dagrun for example_setup_teardown_taskflow to 2026-06-20 00:00:00+00:00, run_after=2026-06-21 00:00:00+00:00
[2026-06-21T22:05:19.383+0300] {processor.py:183} INFO - Processing /media/data/omar/programming course/DEPI/DEPI project/anomx/venv/lib/python3.12/site-packages/airflow/example_dags/example_setup_teardown_taskflow.py took 0.097 seconds
[2026-06-21T22:06:16.163+0300] {processor.py:161} INFO - Started process (PID=18062) to work on /media/data/omar/programming course/DEPI/DEPI project/anomx/venv/lib/python3.12/site-packages/airflow/example_dags/example_setup_teardown_taskflow.py
[2026-06-21T22:06:16.164+0300] {processor.py:830} INFO - Processing file /media/data/omar/programming course/DEPI/DEPI project/anomx/venv/lib/python3.12/site-packages/airflow/example_dags/example_setup_teardown_taskflow.py for tasks to queue
[2026-06-21T22:06:16.166+0300] {logging_mixin.py:188} INFO - [2026-06-21T22:06:16.165+0300] {dagbag.py:540} INFO - Filling up the DagBag from /media/data/omar/programming course/DEPI/DEPI project/anomx/venv/lib/python3.12/site-packages/airflow/example_dags/example_setup_teardown_taskflow.py
[2026-06-21T22:06:16.175+0300] {processor.py:840} INFO - DAG(s) 'example_setup_teardown_taskflow' retrieved from /media/data/omar/programming course/DEPI/DEPI project/anomx/venv/lib/python3.12/site-packages/airflow/example_dags/example_setup_teardown_taskflow.py
[2026-06-21T22:06:16.189+0300] {logging_mixin.py:188} INFO - [2026-06-21T22:06:16.189+0300] {dag.py:3096} INFO - Sync 1 DAGs
[2026-06-21T22:06:16.206+0300] {logging_mixin.py:188} INFO - [2026-06-21T22:06:16.205+0300] {dag.py:3954} INFO - Setting next_dagrun for example_setup_teardown_taskflow to 2026-06-20 00:00:00+00:00, run_after=2026-06-21 00:00:00+00:00
[2026-06-21T22:06:16.233+0300] {processor.py:183} INFO - Processing /media/data/omar/programming course/DEPI/DEPI project/anomx/venv/lib/python3.12/site-packages/airflow/example_dags/example_setup_teardown_taskflow.py took 0.076 seconds
[2026-06-21T22:07:13.829+0300] {processor.py:161} INFO - Started process (PID=18152) to work on /media/data/omar/programming course/DEPI/DEPI project/anomx/venv/lib/python3.12/site-packages/airflow/example_dags/example_setup_teardown_taskflow.py
[2026-06-21T22:07:13.831+0300] {processor.py:830} INFO - Processing file /media/data/omar/programming course/DEPI/DEPI project/anomx/venv/lib/python3.12/site-packages/airflow/example_dags/example_setup_teardown_taskflow.py for tasks to queue
[2026-06-21T22:07:13.835+0300] {logging_mixin.py:188} INFO - [2026-06-21T22:07:13.834+0300] {dagbag.py:540} INFO - Filling up the DagBag from /media/data/omar/programming course/DEPI/DEPI project/anomx/venv/lib/python3.12/site-packages/airflow/example_dags/example_setup_teardown_taskflow.py
[2026-06-21T22:07:13.852+0300] {processor.py:840} INFO - DAG(s) 'example_setup_teardown_taskflow' retrieved from /media/data/omar/programming course/DEPI/DEPI project/anomx/venv/lib/python3.12/site-packages/airflow/example_dags/example_setup_teardown_taskflow.py
[2026-06-21T22:07:13.870+0300] {logging_mixin.py:188} INFO - [2026-06-21T22:07:13.870+0300] {dag.py:3096} INFO - Sync 1 DAGs
[2026-06-21T22:07:13.890+0300] {logging_mixin.py:188} INFO - [2026-06-21T22:07:13.889+0300] {dag.py:3954} INFO - Setting next_dagrun for example_setup_teardown_taskflow to 2026-06-20 00:00:00+00:00, run_after=2026-06-21 00:00:00+00:00
[2026-06-21T22:07:14.001+0300] {processor.py:183} INFO - Processing /media/data/omar/programming course/DEPI/DEPI project/anomx/venv/lib/python3.12/site-packages/airflow/example_dags/example_setup_teardown_taskflow.py took 0.185 seconds
[2026-06-21T22:08:12.727+0300] {processor.py:161} INFO - Started process (PID=18244) to work on /media/data/omar/programming course/DEPI/DEPI project/anomx/venv/lib/python3.12/site-packages/airflow/example_dags/example_setup_teardown_taskflow.py
[2026-06-21T22:08:12.730+0300] {processor.py:830} INFO - Processing file /media/data/omar/programming course/DEPI/DEPI project/anomx/venv/lib/python3.12/site-packages/airflow/example_dags/example_setup_teardown_taskflow.py for tasks to queue
[2026-06-21T22:08:12.737+0300] {logging_mixin.py:188} INFO - [2026-06-21T22:08:12.735+0300] {dagbag.py:540} INFO - Filling up the DagBag from /media/data/omar/programming course/DEPI/DEPI project/anomx/venv/lib/python3.12/site-packages/airflow/example_dags/example_setup_teardown_taskflow.py
[2026-06-21T22:08:12.765+0300] {processor.py:840} INFO - DAG(s) 'example_setup_teardown_taskflow' retrieved from /media/data/omar/programming course/DEPI/DEPI project/anomx/venv/lib/python3.12/site-packages/airflow/example_dags/example_setup_teardown_taskflow.py
[2026-06-21T22:08:12.784+0300] {logging_mixin.py:188} INFO - [2026-06-21T22:08:12.784+0300] {dag.py:3096} INFO - Sync 1 DAGs
[2026-06-21T22:08:12.801+0300] {logging_mixin.py:188} INFO - [2026-06-21T22:08:12.801+0300] {dag.py:3954} INFO - Setting next_dagrun for example_setup_teardown_taskflow to 2026-06-20 00:00:00+00:00, run_after=2026-06-21 00:00:00+00:00
[2026-06-21T22:08:12.828+0300] {processor.py:183} INFO - Processing /media/data/omar/programming course/DEPI/DEPI project/anomx/venv/lib/python3.12/site-packages/airflow/example_dags/example_setup_teardown_taskflow.py took 0.120 seconds
[2026-06-21T22:09:09.209+0300] {processor.py:161} INFO - Started process (PID=18335) to work on /media/data/omar/programming course/DEPI/DEPI project/anomx/venv/lib/python3.12/site-packages/airflow/example_dags/example_setup_teardown_taskflow.py
[2026-06-21T22:09:09.211+0300] {processor.py:830} INFO - Processing file /media/data/omar/programming course/DEPI/DEPI project/anomx/venv/lib/python3.12/site-packages/airflow/example_dags/example_setup_teardown_taskflow.py for tasks to queue
[2026-06-21T22:09:09.213+0300] {logging_mixin.py:188} INFO - [2026-06-21T22:09:09.212+0300] {dagbag.py:540} INFO - Filling up the DagBag from /media/data/omar/programming course/DEPI/DEPI project/anomx/venv/lib/python3.12/site-packages/airflow/example_dags/example_setup_teardown_taskflow.py
[2026-06-21T22:09:09.227+0300] {processor.py:840} INFO - DAG(s) 'example_setup_teardown_taskflow' retrieved from /media/data/omar/programming course/DEPI/DEPI project/anomx/venv/lib/python3.12/site-packages/airflow/example_dags/example_setup_teardown_taskflow.py
[2026-06-21T22:09:09.247+0300] {logging_mixin.py:188} INFO - [2026-06-21T22:09:09.246+0300] {dag.py:3096} INFO - Sync 1 DAGs
[2026-06-21T22:09:09.264+0300] {logging_mixin.py:188} INFO - [2026-06-21T22:09:09.264+0300] {dag.py:3954} INFO - Setting next_dagrun for example_setup_teardown_taskflow to 2026-06-20 00:00:00+00:00, run_after=2026-06-21 00:00:00+00:00
[2026-06-21T22:09:09.294+0300] {processor.py:183} INFO - Processing /media/data/omar/programming course/DEPI/DEPI project/anomx/venv/lib/python3.12/site-packages/airflow/example_dags/example_setup_teardown_taskflow.py took 0.095 seconds
[2026-06-21T22:10:10.718+0300] {processor.py:161} INFO - Started process (PID=18624) to work on /media/data/omar/programming course/DEPI/DEPI project/anomx/venv/lib/python3.12/site-packages/airflow/example_dags/example_setup_teardown_taskflow.py
[2026-06-21T22:10:10.720+0300] {processor.py:830} INFO - Processing file /media/data/omar/programming course/DEPI/DEPI project/anomx/venv/lib/python3.12/site-packages/airflow/example_dags/example_setup_teardown_taskflow.py for tasks to queue
[2026-06-21T22:10:10.723+0300] {logging_mixin.py:188} INFO - [2026-06-21T22:10:10.722+0300] {dagbag.py:540} INFO - Filling up the DagBag from /media/data/omar/programming course/DEPI/DEPI project/anomx/venv/lib/python3.12/site-packages/airflow/example_dags/example_setup_teardown_taskflow.py
[2026-06-21T22:10:10.736+0300] {processor.py:840} INFO - DAG(s) 'example_setup_teardown_taskflow' retrieved from /media/data/omar/programming course/DEPI/DEPI project/anomx/venv/lib/python3.12/site-packages/airflow/example_dags/example_setup_teardown_taskflow.py
[2026-06-21T22:10:10.767+0300] {logging_mixin.py:188} INFO - [2026-06-21T22:10:10.767+0300] {dag.py:3096} INFO - Sync 1 DAGs
[2026-06-21T22:10:10.894+0300] {logging_mixin.py:188} INFO - [2026-06-21T22:10:10.893+0300] {dag.py:3954} INFO - Setting next_dagrun for example_setup_teardown_taskflow to 2026-06-20 00:00:00+00:00, run_after=2026-06-21 00:00:00+00:00
[2026-06-21T22:10:10.921+0300] {processor.py:183} INFO - Processing /media/data/omar/programming course/DEPI/DEPI project/anomx/venv/lib/python3.12/site-packages/airflow/example_dags/example_setup_teardown_taskflow.py took 0.212 seconds
[2026-06-21T22:11:06.838+0300] {processor.py:161} INFO - Started process (PID=18751) to work on /media/data/omar/programming course/DEPI/DEPI project/anomx/venv/lib/python3.12/site-packages/airflow/example_dags/example_setup_teardown_taskflow.py
[2026-06-21T22:11:06.840+0300] {processor.py:830} INFO - Processing file /media/data/omar/programming course/DEPI/DEPI project/anomx/venv/lib/python3.12/site-packages/airflow/example_dags/example_setup_teardown_taskflow.py for tasks to queue
[2026-06-21T22:11:06.843+0300] {logging_mixin.py:188} INFO - [2026-06-21T22:11:06.842+0300] {dagbag.py:540} INFO - Filling up the DagBag from /media/data/omar/programming course/DEPI/DEPI project/anomx/venv/lib/python3.12/site-packages/airflow/example_dags/example_setup_teardown_taskflow.py
[2026-06-21T22:11:06.856+0300] {processor.py:840} INFO - DAG(s) 'example_setup_teardown_taskflow' retrieved from /media/data/omar/programming course/DEPI/DEPI project/anomx/venv/lib/python3.12/site-packages/airflow/example_dags/example_setup_teardown_taskflow.py
[2026-06-21T22:11:06.874+0300] {logging_mixin.py:188} INFO - [2026-06-21T22:11:06.874+0300] {dag.py:3096} INFO - Sync 1 DAGs
[2026-06-21T22:11:06.895+0300] {logging_mixin.py:188} INFO - [2026-06-21T22:11:06.895+0300] {dag.py:3954} INFO - Setting next_dagrun for example_setup_teardown_taskflow to 2026-06-20 00:00:00+00:00, run_after=2026-06-21 00:00:00+00:00
[2026-06-21T22:11:06.930+0300] {processor.py:183} INFO - Processing /media/data/omar/programming course/DEPI/DEPI project/anomx/venv/lib/python3.12/site-packages/airflow/example_dags/example_setup_teardown_taskflow.py took 0.103 seconds
[2026-06-21T22:12:03.779+0300] {processor.py:161} INFO - Started process (PID=18887) to work on /media/data/omar/programming course/DEPI/DEPI project/anomx/venv/lib/python3.12/site-packages/airflow/example_dags/example_setup_teardown_taskflow.py
[2026-06-21T22:12:03.780+0300] {processor.py:830} INFO - Processing file /media/data/omar/programming course/DEPI/DEPI project/anomx/venv/lib/python3.12/site-packages/airflow/example_dags/example_setup_teardown_taskflow.py for tasks to queue
[2026-06-21T22:12:03.781+0300] {logging_mixin.py:188} INFO - [2026-06-21T22:12:03.781+0300] {dagbag.py:540} INFO - Filling up the DagBag from /media/data/omar/programming course/DEPI/DEPI project/anomx/venv/lib/python3.12/site-packages/airflow/example_dags/example_setup_teardown_taskflow.py
[2026-06-21T22:12:03.790+0300] {processor.py:840} INFO - DAG(s) 'example_setup_teardown_taskflow' retrieved from /media/data/omar/programming course/DEPI/DEPI project/anomx/venv/lib/python3.12/site-packages/airflow/example_dags/example_setup_teardown_taskflow.py
[2026-06-21T22:12:03.804+0300] {logging_mixin.py:188} INFO - [2026-06-21T22:12:03.804+0300] {dag.py:3096} INFO - Sync 1 DAGs
[2026-06-21T22:12:03.819+0300] {logging_mixin.py:188} INFO - [2026-06-21T22:12:03.819+0300] {dag.py:3954} INFO - Setting next_dagrun for example_setup_teardown_taskflow to 2026-06-20 00:00:00+00:00, run_after=2026-06-21 00:00:00+00:00
[2026-06-21T22:12:03.845+0300] {processor.py:183} INFO - Processing /media/data/omar/programming course/DEPI/DEPI project/anomx/venv/lib/python3.12/site-packages/airflow/example_dags/example_setup_teardown_taskflow.py took 0.071 seconds
[2026-06-21T22:13:01.625+0300] {processor.py:161} INFO - Started process (PID=18989) to work on /media/data/omar/programming course/DEPI/DEPI project/anomx/venv/lib/python3.12/site-packages/airflow/example_dags/example_setup_teardown_taskflow.py
[2026-06-21T22:13:01.627+0300] {processor.py:830} INFO - Processing file /media/data/omar/programming course/DEPI/DEPI project/anomx/venv/lib/python3.12/site-packages/airflow/example_dags/example_setup_teardown_taskflow.py for tasks to queue
[2026-06-21T22:13:01.629+0300] {logging_mixin.py:188} INFO - [2026-06-21T22:13:01.628+0300] {dagbag.py:540} INFO - Filling up the DagBag from /media/data/omar/programming course/DEPI/DEPI project/anomx/venv/lib/python3.12/site-packages/airflow/example_dags/example_setup_teardown_taskflow.py
[2026-06-21T22:13:01.641+0300] {processor.py:840} INFO - DAG(s) 'example_setup_teardown_taskflow' retrieved from /media/data/omar/programming course/DEPI/DEPI project/anomx/venv/lib/python3.12/site-packages/airflow/example_dags/example_setup_teardown_taskflow.py
[2026-06-21T22:13:01.657+0300] {logging_mixin.py:188} INFO - [2026-06-21T22:13:01.657+0300] {dag.py:3096} INFO - Sync 1 DAGs
[2026-06-21T22:13:01.673+0300] {logging_mixin.py:188} INFO - [2026-06-21T22:13:01.673+0300] {dag.py:3954} INFO - Setting next_dagrun for example_setup_teardown_taskflow to 2026-06-20 00:00:00+00:00, run_after=2026-06-21 00:00:00+00:00
[2026-06-21T22:13:01.701+0300] {processor.py:183} INFO - Processing /media/data/omar/programming course/DEPI/DEPI project/anomx/venv/lib/python3.12/site-packages/airflow/example_dags/example_setup_teardown_taskflow.py took 0.083 seconds
[2026-06-21T22:13:48.439+0300] {processor.py:161} INFO - Started process (PID=19122) to work on /media/data/omar/programming course/DEPI/DEPI project/anomx/venv/lib/python3.12/site-packages/airflow/example_dags/example_setup_teardown_taskflow.py
[2026-06-21T22:13:48.440+0300] {processor.py:830} INFO - Processing file /media/data/omar/programming course/DEPI/DEPI project/anomx/venv/lib/python3.12/site-packages/airflow/example_dags/example_setup_teardown_taskflow.py for tasks to queue
[2026-06-21T22:13:48.442+0300] {logging_mixin.py:188} INFO - [2026-06-21T22:13:48.442+0300] {dagbag.py:540} INFO - Filling up the DagBag from /media/data/omar/programming course/DEPI/DEPI project/anomx/venv/lib/python3.12/site-packages/airflow/example_dags/example_setup_teardown_taskflow.py
[2026-06-21T22:13:48.458+0300] {processor.py:840} INFO - DAG(s) 'example_setup_teardown_taskflow' retrieved from /media/data/omar/programming course/DEPI/DEPI project/anomx/venv/lib/python3.12/site-packages/airflow/example_dags/example_setup_teardown_taskflow.py
[2026-06-21T22:13:48.483+0300] {logging_mixin.py:188} INFO - [2026-06-21T22:13:48.483+0300] {dag.py:3096} INFO - Sync 1 DAGs
[2026-06-21T22:13:48.509+0300] {logging_mixin.py:188} INFO - [2026-06-21T22:13:48.508+0300] {dag.py:3954} INFO - Setting next_dagrun for example_setup_teardown_taskflow to 2026-06-20 00:00:00+00:00, run_after=2026-06-21 00:00:00+00:00
[2026-06-21T22:13:48.542+0300] {processor.py:183} INFO - Processing /media/data/omar/programming course/DEPI/DEPI project/anomx/venv/lib/python3.12/site-packages/airflow/example_dags/example_setup_teardown_taskflow.py took 0.112 seconds
[2026-06-21T22:14:46.712+0300] {processor.py:161} INFO - Started process (PID=19219) to work on /media/data/omar/programming course/DEPI/DEPI project/anomx/venv/lib/python3.12/site-packages/airflow/example_dags/example_setup_teardown_taskflow.py
[2026-06-21T22:14:46.713+0300] {processor.py:830} INFO - Processing file /media/data/omar/programming course/DEPI/DEPI project/anomx/venv/lib/python3.12/site-packages/airflow/example_dags/example_setup_teardown_taskflow.py for tasks to queue
[2026-06-21T22:14:46.716+0300] {logging_mixin.py:188} INFO - [2026-06-21T22:14:46.715+0300] {dagbag.py:540} INFO - Filling up the DagBag from /media/data/omar/programming course/DEPI/DEPI project/anomx/venv/lib/python3.12/site-packages/airflow/example_dags/example_setup_teardown_taskflow.py
[2026-06-21T22:14:46.735+0300] {processor.py:840} INFO - DAG(s) 'example_setup_teardown_taskflow' retrieved from /media/data/omar/programming course/DEPI/DEPI project/anomx/venv/lib/python3.12/site-packages/airflow/example_dags/example_setup_teardown_taskflow.py
[2026-06-21T22:14:46.761+0300] {logging_mixin.py:188} INFO - [2026-06-21T22:14:46.760+0300] {dag.py:3096} INFO - Sync 1 DAGs
[2026-06-21T22:14:46.782+0300] {logging_mixin.py:188} INFO - [2026-06-21T22:14:46.781+0300] {dag.py:3954} INFO - Setting next_dagrun for example_setup_teardown_taskflow to 2026-06-20 00:00:00+00:00, run_after=2026-06-21 00:00:00+00:00
[2026-06-21T22:14:46.818+0300] {processor.py:183} INFO - Processing /media/data/omar/programming course/DEPI/DEPI project/anomx/venv/lib/python3.12/site-packages/airflow/example_dags/example_setup_teardown_taskflow.py took 0.115 seconds
[2026-06-21T22:15:42.384+0300] {processor.py:161} INFO - Started process (PID=19325) to work on /media/data/omar/programming course/DEPI/DEPI project/anomx/venv/lib/python3.12/site-packages/airflow/example_dags/example_setup_teardown_taskflow.py
[2026-06-21T22:15:42.385+0300] {processor.py:830} INFO - Processing file /media/data/omar/programming course/DEPI/DEPI project/anomx/venv/lib/python3.12/site-packages/airflow/example_dags/example_setup_teardown_taskflow.py for tasks to queue
[2026-06-21T22:15:42.387+0300] {logging_mixin.py:188} INFO - [2026-06-21T22:15:42.386+0300] {dagbag.py:540} INFO - Filling up the DagBag from /media/data/omar/programming course/DEPI/DEPI project/anomx/venv/lib/python3.12/site-packages/airflow/example_dags/example_setup_teardown_taskflow.py
[2026-06-21T22:15:42.398+0300] {processor.py:840} INFO - DAG(s) 'example_setup_teardown_taskflow' retrieved from /media/data/omar/programming course/DEPI/DEPI project/anomx/venv/lib/python3.12/site-packages/airflow/example_dags/example_setup_teardown_taskflow.py
[2026-06-21T22:15:42.417+0300] {logging_mixin.py:188} INFO - [2026-06-21T22:15:42.416+0300] {dag.py:3096} INFO - Sync 1 DAGs
[2026-06-21T22:15:42.438+0300] {logging_mixin.py:188} INFO - [2026-06-21T22:15:42.438+0300] {dag.py:3954} INFO - Setting next_dagrun for example_setup_teardown_taskflow to 2026-06-20 00:00:00+00:00, run_after=2026-06-21 00:00:00+00:00
[2026-06-21T22:15:42.475+0300] {processor.py:183} INFO - Processing /media/data/omar/programming course/DEPI/DEPI project/anomx/venv/lib/python3.12/site-packages/airflow/example_dags/example_setup_teardown_taskflow.py took 0.098 seconds
[2026-06-21T22:16:39.330+0300] {processor.py:161} INFO - Started process (PID=19709) to work on /media/data/omar/programming course/DEPI/DEPI project/anomx/venv/lib/python3.12/site-packages/airflow/example_dags/example_setup_teardown_taskflow.py
[2026-06-21T22:16:39.332+0300] {processor.py:830} INFO - Processing file /media/data/omar/programming course/DEPI/DEPI project/anomx/venv/lib/python3.12/site-packages/airflow/example_dags/example_setup_teardown_taskflow.py for tasks to queue
[2026-06-21T22:16:39.334+0300] {logging_mixin.py:188} INFO - [2026-06-21T22:16:39.334+0300] {dagbag.py:540} INFO - Filling up the DagBag from /media/data/omar/programming course/DEPI/DEPI project/anomx/venv/lib/python3.12/site-packages/airflow/example_dags/example_setup_teardown_taskflow.py
[2026-06-21T22:16:39.349+0300] {processor.py:840} INFO - DAG(s) 'example_setup_teardown_taskflow' retrieved from /media/data/omar/programming course/DEPI/DEPI project/anomx/venv/lib/python3.12/site-packages/airflow/example_dags/example_setup_teardown_taskflow.py
[2026-06-21T22:16:39.376+0300] {logging_mixin.py:188} INFO - [2026-06-21T22:16:39.375+0300] {dag.py:3096} INFO - Sync 1 DAGs
[2026-06-21T22:16:39.405+0300] {logging_mixin.py:188} INFO - [2026-06-21T22:16:39.404+0300] {dag.py:3954} INFO - Setting next_dagrun for example_setup_teardown_taskflow to 2026-06-20 00:00:00+00:00, run_after=2026-06-21 00:00:00+00:00
[2026-06-21T22:16:39.448+0300] {processor.py:183} INFO - Processing /media/data/omar/programming course/DEPI/DEPI project/anomx/venv/lib/python3.12/site-packages/airflow/example_dags/example_setup_teardown_taskflow.py took 0.128 seconds
[2026-06-21T22:17:39.609+0300] {processor.py:161} INFO - Started process (PID=19883) to work on /media/data/omar/programming course/DEPI/DEPI project/anomx/venv/lib/python3.12/site-packages/airflow/example_dags/example_setup_teardown_taskflow.py
[2026-06-21T22:17:39.610+0300] {processor.py:830} INFO - Processing file /media/data/omar/programming course/DEPI/DEPI project/anomx/venv/lib/python3.12/site-packages/airflow/example_dags/example_setup_teardown_taskflow.py for tasks to queue
[2026-06-21T22:17:39.613+0300] {logging_mixin.py:188} INFO - [2026-06-21T22:17:39.612+0300] {dagbag.py:540} INFO - Filling up the DagBag from /media/data/omar/programming course/DEPI/DEPI project/anomx/venv/lib/python3.12/site-packages/airflow/example_dags/example_setup_teardown_taskflow.py
[2026-06-21T22:17:39.628+0300] {processor.py:840} INFO - DAG(s) 'example_setup_teardown_taskflow' retrieved from /media/data/omar/programming course/DEPI/DEPI project/anomx/venv/lib/python3.12/site-packages/airflow/example_dags/example_setup_teardown_taskflow.py
[2026-06-21T22:17:39.647+0300] {logging_mixin.py:188} INFO - [2026-06-21T22:17:39.646+0300] {dag.py:3096} INFO - Sync 1 DAGs
[2026-06-21T22:17:39.663+0300] {logging_mixin.py:188} INFO - [2026-06-21T22:17:39.663+0300] {dag.py:3954} INFO - Setting next_dagrun for example_setup_teardown_taskflow to 2026-06-20 00:00:00+00:00, run_after=2026-06-21 00:00:00+00:00
[2026-06-21T22:17:39.692+0300] {processor.py:183} INFO - Processing /media/data/omar/programming course/DEPI/DEPI project/anomx/venv/lib/python3.12/site-packages/airflow/example_dags/example_setup_teardown_taskflow.py took 0.092 seconds
[2026-06-21T22:18:38.602+0300] {processor.py:161} INFO - Started process (PID=19982) to work on /media/data/omar/programming course/DEPI/DEPI project/anomx/venv/lib/python3.12/site-packages/airflow/example_dags/example_setup_teardown_taskflow.py
[2026-06-21T22:18:38.603+0300] {processor.py:830} INFO - Processing file /media/data/omar/programming course/DEPI/DEPI project/anomx/venv/lib/python3.12/site-packages/airflow/example_dags/example_setup_teardown_taskflow.py for tasks to queue
[2026-06-21T22:18:38.605+0300] {logging_mixin.py:188} INFO - [2026-06-21T22:18:38.604+0300] {dagbag.py:540} INFO - Filling up the DagBag from /media/data/omar/programming course/DEPI/DEPI project/anomx/venv/lib/python3.12/site-packages/airflow/example_dags/example_setup_teardown_taskflow.py
[2026-06-21T22:18:38.616+0300] {processor.py:840} INFO - DAG(s) 'example_setup_teardown_taskflow' retrieved from /media/data/omar/programming course/DEPI/DEPI project/anomx/venv/lib/python3.12/site-packages/airflow/example_dags/example_setup_teardown_taskflow.py
[2026-06-21T22:18:38.635+0300] {logging_mixin.py:188} INFO - [2026-06-21T22:18:38.635+0300] {dag.py:3096} INFO - Sync 1 DAGs
[2026-06-21T22:18:38.655+0300] {logging_mixin.py:188} INFO - [2026-06-21T22:18:38.654+0300] {dag.py:3954} INFO - Setting next_dagrun for example_setup_teardown_taskflow to 2026-06-20 00:00:00+00:00, run_after=2026-06-21 00:00:00+00:00
[2026-06-21T22:18:38.684+0300] {processor.py:183} INFO - Processing /media/data/omar/programming course/DEPI/DEPI project/anomx/venv/lib/python3.12/site-packages/airflow/example_dags/example_setup_teardown_taskflow.py took 0.088 seconds
[2026-06-21T22:19:33.970+0300] {processor.py:161} INFO - Started process (PID=20091) to work on /media/data/omar/programming course/DEPI/DEPI project/anomx/venv/lib/python3.12/site-packages/airflow/example_dags/example_setup_teardown_taskflow.py
[2026-06-21T22:19:33.971+0300] {processor.py:830} INFO - Processing file /media/data/omar/programming course/DEPI/DEPI project/anomx/venv/lib/python3.12/site-packages/airflow/example_dags/example_setup_teardown_taskflow.py for tasks to queue
[2026-06-21T22:19:33.974+0300] {logging_mixin.py:188} INFO - [2026-06-21T22:19:33.973+0300] {dagbag.py:540} INFO - Filling up the DagBag from /media/data/omar/programming course/DEPI/DEPI project/anomx/venv/lib/python3.12/site-packages/airflow/example_dags/example_setup_teardown_taskflow.py
[2026-06-21T22:19:33.985+0300] {processor.py:840} INFO - DAG(s) 'example_setup_teardown_taskflow' retrieved from /media/data/omar/programming course/DEPI/DEPI project/anomx/venv/lib/python3.12/site-packages/airflow/example_dags/example_setup_teardown_taskflow.py
[2026-06-21T22:19:34.002+0300] {logging_mixin.py:188} INFO - [2026-06-21T22:19:34.002+0300] {dag.py:3096} INFO - Sync 1 DAGs
[2026-06-21T22:19:34.021+0300] {logging_mixin.py:188} INFO - [2026-06-21T22:19:34.021+0300] {dag.py:3954} INFO - Setting next_dagrun for example_setup_teardown_taskflow to 2026-06-20 00:00:00+00:00, run_after=2026-06-21 00:00:00+00:00
[2026-06-21T22:19:34.050+0300] {processor.py:183} INFO - Processing /media/data/omar/programming course/DEPI/DEPI project/anomx/venv/lib/python3.12/site-packages/airflow/example_dags/example_setup_teardown_taskflow.py took 0.089 seconds
[2026-06-21T22:21:07.439+0300] {processor.py:161} INFO - Started process (PID=20247) to work on /media/data/omar/programming course/DEPI/DEPI project/anomx/venv/lib/python3.12/site-packages/airflow/example_dags/example_setup_teardown_taskflow.py
[2026-06-21T22:21:07.443+0300] {processor.py:830} INFO - Processing file /media/data/omar/programming course/DEPI/DEPI project/anomx/venv/lib/python3.12/site-packages/airflow/example_dags/example_setup_teardown_taskflow.py for tasks to queue
[2026-06-21T22:21:07.448+0300] {logging_mixin.py:188} INFO - [2026-06-21T22:21:07.447+0300] {dagbag.py:540} INFO - Filling up the DagBag from /media/data/omar/programming course/DEPI/DEPI project/anomx/venv/lib/python3.12/site-packages/airflow/example_dags/example_setup_teardown_taskflow.py
[2026-06-21T22:21:07.491+0300] {processor.py:840} INFO - DAG(s) 'example_setup_teardown_taskflow' retrieved from /media/data/omar/programming course/DEPI/DEPI project/anomx/venv/lib/python3.12/site-packages/airflow/example_dags/example_setup_teardown_taskflow.py
[2026-06-21T22:21:07.548+0300] {logging_mixin.py:188} INFO - [2026-06-21T22:21:07.548+0300] {dag.py:3096} INFO - Sync 1 DAGs
[2026-06-21T22:21:07.581+0300] {logging_mixin.py:188} INFO - [2026-06-21T22:21:07.579+0300] {dag.py:3954} INFO - Setting next_dagrun for example_setup_teardown_taskflow to 2026-06-20 00:00:00+00:00, run_after=2026-06-21 00:00:00+00:00
[2026-06-21T22:21:07.632+0300] {processor.py:183} INFO - Processing /media/data/omar/programming course/DEPI/DEPI project/anomx/venv/lib/python3.12/site-packages/airflow/example_dags/example_setup_teardown_taskflow.py took 0.215 seconds
[2026-06-21T22:22:07.003+0300] {processor.py:161} INFO - Started process (PID=20347) to work on /media/data/omar/programming course/DEPI/DEPI project/anomx/venv/lib/python3.12/site-packages/airflow/example_dags/example_setup_teardown_taskflow.py
[2026-06-21T22:22:07.004+0300] {processor.py:830} INFO - Processing file /media/data/omar/programming course/DEPI/DEPI project/anomx/venv/lib/python3.12/site-packages/airflow/example_dags/example_setup_teardown_taskflow.py for tasks to queue
[2026-06-21T22:22:07.007+0300] {logging_mixin.py:188} INFO - [2026-06-21T22:22:07.006+0300] {dagbag.py:540} INFO - Filling up the DagBag from /media/data/omar/programming course/DEPI/DEPI project/anomx/venv/lib/python3.12/site-packages/airflow/example_dags/example_setup_teardown_taskflow.py
[2026-06-21T22:22:07.017+0300] {processor.py:840} INFO - DAG(s) 'example_setup_teardown_taskflow' retrieved from /media/data/omar/programming course/DEPI/DEPI project/anomx/venv/lib/python3.12/site-packages/airflow/example_dags/example_setup_teardown_taskflow.py
[2026-06-21T22:22:07.036+0300] {logging_mixin.py:188} INFO - [2026-06-21T22:22:07.036+0300] {dag.py:3096} INFO - Sync 1 DAGs
[2026-06-21T22:22:07.054+0300] {logging_mixin.py:188} INFO - [2026-06-21T22:22:07.054+0300] {dag.py:3954} INFO - Setting next_dagrun for example_setup_teardown_taskflow to 2026-06-20 00:00:00+00:00, run_after=2026-06-21 00:00:00+00:00
[2026-06-21T22:22:07.085+0300] {processor.py:183} INFO - Processing /media/data/omar/programming course/DEPI/DEPI project/anomx/venv/lib/python3.12/site-packages/airflow/example_dags/example_setup_teardown_taskflow.py took 0.092 seconds
[2026-06-21T22:23:18.636+0300] {processor.py:161} INFO - Started process (PID=20481) to work on /media/data/omar/programming course/DEPI/DEPI project/anomx/venv/lib/python3.12/site-packages/airflow/example_dags/example_setup_teardown_taskflow.py
[2026-06-21T22:23:18.638+0300] {processor.py:830} INFO - Processing file /media/data/omar/programming course/DEPI/DEPI project/anomx/venv/lib/python3.12/site-packages/airflow/example_dags/example_setup_teardown_taskflow.py for tasks to queue
[2026-06-21T22:23:18.640+0300] {logging_mixin.py:188} INFO - [2026-06-21T22:23:18.639+0300] {dagbag.py:540} INFO - Filling up the DagBag from /media/data/omar/programming course/DEPI/DEPI project/anomx/venv/lib/python3.12/site-packages/airflow/example_dags/example_setup_teardown_taskflow.py
[2026-06-21T22:23:18.653+0300] {processor.py:840} INFO - DAG(s) 'example_setup_teardown_taskflow' retrieved from /media/data/omar/programming course/DEPI/DEPI project/anomx/venv/lib/python3.12/site-packages/airflow/example_dags/example_setup_teardown_taskflow.py
[2026-06-21T22:23:18.672+0300] {logging_mixin.py:188} INFO - [2026-06-21T22:23:18.671+0300] {dag.py:3096} INFO - Sync 1 DAGs
[2026-06-21T22:23:18.689+0300] {logging_mixin.py:188} INFO - [2026-06-21T22:23:18.688+0300] {dag.py:3954} INFO - Setting next_dagrun for example_setup_teardown_taskflow to 2026-06-20 00:00:00+00:00, run_after=2026-06-21 00:00:00+00:00
[2026-06-21T22:23:18.715+0300] {processor.py:183} INFO - Processing /media/data/omar/programming course/DEPI/DEPI project/anomx/venv/lib/python3.12/site-packages/airflow/example_dags/example_setup_teardown_taskflow.py took 0.089 seconds
[2026-06-21T22:24:17.163+0300] {processor.py:161} INFO - Started process (PID=20574) to work on /media/data/omar/programming course/DEPI/DEPI project/anomx/venv/lib/python3.12/site-packages/airflow/example_dags/example_setup_teardown_taskflow.py
[2026-06-21T22:24:17.165+0300] {processor.py:830} INFO - Processing file /media/data/omar/programming course/DEPI/DEPI project/anomx/venv/lib/python3.12/site-packages/airflow/example_dags/example_setup_teardown_taskflow.py for tasks to queue
[2026-06-21T22:24:17.167+0300] {logging_mixin.py:188} INFO - [2026-06-21T22:24:17.166+0300] {dagbag.py:540} INFO - Filling up the DagBag from /media/data/omar/programming course/DEPI/DEPI project/anomx/venv/lib/python3.12/site-packages/airflow/example_dags/example_setup_teardown_taskflow.py
[2026-06-21T22:24:17.177+0300] {processor.py:840} INFO - DAG(s) 'example_setup_teardown_taskflow' retrieved from /media/data/omar/programming course/DEPI/DEPI project/anomx/venv/lib/python3.12/site-packages/airflow/example_dags/example_setup_teardown_taskflow.py
[2026-06-21T22:24:17.195+0300] {logging_mixin.py:188} INFO - [2026-06-21T22:24:17.194+0300] {dag.py:3096} INFO - Sync 1 DAGs
[2026-06-21T22:24:17.210+0300] {logging_mixin.py:188} INFO - [2026-06-21T22:24:17.210+0300] {dag.py:3954} INFO - Setting next_dagrun for example_setup_teardown_taskflow to 2026-06-20 00:00:00+00:00, run_after=2026-06-21 00:00:00+00:00
[2026-06-21T22:24:17.236+0300] {processor.py:183} INFO - Processing /media/data/omar/programming course/DEPI/DEPI project/anomx/venv/lib/python3.12/site-packages/airflow/example_dags/example_setup_teardown_taskflow.py took 0.084 seconds
[2026-06-21T22:48:07.029+0300] {processor.py:161} INFO - Started process (PID=22140) to work on /media/data/omar/programming course/DEPI/DEPI project/anomx/venv/lib/python3.12/site-packages/airflow/example_dags/example_setup_teardown_taskflow.py
[2026-06-21T22:48:07.030+0300] {processor.py:830} INFO - Processing file /media/data/omar/programming course/DEPI/DEPI project/anomx/venv/lib/python3.12/site-packages/airflow/example_dags/example_setup_teardown_taskflow.py for tasks to queue
[2026-06-21T22:48:07.032+0300] {logging_mixin.py:188} INFO - [2026-06-21T22:48:07.032+0300] {dagbag.py:540} INFO - Filling up the DagBag from /media/data/omar/programming course/DEPI/DEPI project/anomx/venv/lib/python3.12/site-packages/airflow/example_dags/example_setup_teardown_taskflow.py
[2026-06-21T22:48:07.042+0300] {processor.py:840} INFO - DAG(s) 'example_setup_teardown_taskflow' retrieved from /media/data/omar/programming course/DEPI/DEPI project/anomx/venv/lib/python3.12/site-packages/airflow/example_dags/example_setup_teardown_taskflow.py
[2026-06-21T22:48:07.065+0300] {logging_mixin.py:188} INFO - [2026-06-21T22:48:07.064+0300] {dag.py:3096} INFO - Sync 1 DAGs
[2026-06-21T22:48:07.075+0300] {logging_mixin.py:188} INFO - [2026-06-21T22:48:07.075+0300] {dag.py:3118} INFO - Creating ORM DAG for example_setup_teardown_taskflow
[2026-06-21T22:48:07.086+0300] {logging_mixin.py:188} INFO - [2026-06-21T22:48:07.085+0300] {dag.py:3954} INFO - Setting next_dagrun for example_setup_teardown_taskflow to 2026-06-20 00:00:00+00:00, run_after=2026-06-21 00:00:00+00:00
[2026-06-21T22:48:07.119+0300] {processor.py:183} INFO - Processing /media/data/omar/programming course/DEPI/DEPI project/anomx/venv/lib/python3.12/site-packages/airflow/example_dags/example_setup_teardown_taskflow.py took 0.098 seconds
[2026-06-21T22:49:05.255+0300] {processor.py:161} INFO - Started process (PID=22233) to work on /media/data/omar/programming course/DEPI/DEPI project/anomx/venv/lib/python3.12/site-packages/airflow/example_dags/example_setup_teardown_taskflow.py
[2026-06-21T22:49:05.256+0300] {processor.py:830} INFO - Processing file /media/data/omar/programming course/DEPI/DEPI project/anomx/venv/lib/python3.12/site-packages/airflow/example_dags/example_setup_teardown_taskflow.py for tasks to queue
[2026-06-21T22:49:05.258+0300] {logging_mixin.py:188} INFO - [2026-06-21T22:49:05.258+0300] {dagbag.py:540} INFO - Filling up the DagBag from /media/data/omar/programming course/DEPI/DEPI project/anomx/venv/lib/python3.12/site-packages/airflow/example_dags/example_setup_teardown_taskflow.py
[2026-06-21T22:49:05.267+0300] {processor.py:840} INFO - DAG(s) 'example_setup_teardown_taskflow' retrieved from /media/data/omar/programming course/DEPI/DEPI project/anomx/venv/lib/python3.12/site-packages/airflow/example_dags/example_setup_teardown_taskflow.py
[2026-06-21T22:49:05.285+0300] {logging_mixin.py:188} INFO - [2026-06-21T22:49:05.285+0300] {dag.py:3096} INFO - Sync 1 DAGs
[2026-06-21T22:49:05.304+0300] {logging_mixin.py:188} INFO - [2026-06-21T22:49:05.304+0300] {dag.py:3954} INFO - Setting next_dagrun for example_setup_teardown_taskflow to 2026-06-20 00:00:00+00:00, run_after=2026-06-21 00:00:00+00:00
[2026-06-21T22:49:05.332+0300] {processor.py:183} INFO - Processing /media/data/omar/programming course/DEPI/DEPI project/anomx/venv/lib/python3.12/site-packages/airflow/example_dags/example_setup_teardown_taskflow.py took 0.085 seconds
[2026-06-21T22:50:01.402+0300] {processor.py:161} INFO - Started process (PID=22323) to work on /media/data/omar/programming course/DEPI/DEPI project/anomx/venv/lib/python3.12/site-packages/airflow/example_dags/example_setup_teardown_taskflow.py
[2026-06-21T22:50:01.403+0300] {processor.py:830} INFO - Processing file /media/data/omar/programming course/DEPI/DEPI project/anomx/venv/lib/python3.12/site-packages/airflow/example_dags/example_setup_teardown_taskflow.py for tasks to queue
[2026-06-21T22:50:01.406+0300] {logging_mixin.py:188} INFO - [2026-06-21T22:50:01.405+0300] {dagbag.py:540} INFO - Filling up the DagBag from /media/data/omar/programming course/DEPI/DEPI project/anomx/venv/lib/python3.12/site-packages/airflow/example_dags/example_setup_teardown_taskflow.py
[2026-06-21T22:50:01.421+0300] {processor.py:840} INFO - DAG(s) 'example_setup_teardown_taskflow' retrieved from /media/data/omar/programming course/DEPI/DEPI project/anomx/venv/lib/python3.12/site-packages/airflow/example_dags/example_setup_teardown_taskflow.py
[2026-06-21T22:50:01.440+0300] {logging_mixin.py:188} INFO - [2026-06-21T22:50:01.439+0300] {dag.py:3096} INFO - Sync 1 DAGs
[2026-06-21T22:50:01.458+0300] {logging_mixin.py:188} INFO - [2026-06-21T22:50:01.458+0300] {dag.py:3954} INFO - Setting next_dagrun for example_setup_teardown_taskflow to 2026-06-20 00:00:00+00:00, run_after=2026-06-21 00:00:00+00:00
[2026-06-21T22:50:01.489+0300] {processor.py:183} INFO - Processing /media/data/omar/programming course/DEPI/DEPI project/anomx/venv/lib/python3.12/site-packages/airflow/example_dags/example_setup_teardown_taskflow.py took 0.098 seconds
[2026-06-21T22:50:58.221+0300] {processor.py:161} INFO - Started process (PID=22566) to work on /media/data/omar/programming course/DEPI/DEPI project/anomx/venv/lib/python3.12/site-packages/airflow/example_dags/example_setup_teardown_taskflow.py
[2026-06-21T22:50:58.223+0300] {processor.py:830} INFO - Processing file /media/data/omar/programming course/DEPI/DEPI project/anomx/venv/lib/python3.12/site-packages/airflow/example_dags/example_setup_teardown_taskflow.py for tasks to queue
[2026-06-21T22:50:58.228+0300] {logging_mixin.py:188} INFO - [2026-06-21T22:50:58.226+0300] {dagbag.py:540} INFO - Filling up the DagBag from /media/data/omar/programming course/DEPI/DEPI project/anomx/venv/lib/python3.12/site-packages/airflow/example_dags/example_setup_teardown_taskflow.py
[2026-06-21T22:50:58.248+0300] {processor.py:840} INFO - DAG(s) 'example_setup_teardown_taskflow' retrieved from /media/data/omar/programming course/DEPI/DEPI project/anomx/venv/lib/python3.12/site-packages/airflow/example_dags/example_setup_teardown_taskflow.py
[2026-06-21T22:50:58.281+0300] {logging_mixin.py:188} INFO - [2026-06-21T22:50:58.281+0300] {dag.py:3096} INFO - Sync 1 DAGs
[2026-06-21T22:50:58.312+0300] {logging_mixin.py:188} INFO - [2026-06-21T22:50:58.311+0300] {dag.py:3954} INFO - Setting next_dagrun for example_setup_teardown_taskflow to 2026-06-20 00:00:00+00:00, run_after=2026-06-21 00:00:00+00:00
[2026-06-21T22:50:58.357+0300] {processor.py:183} INFO - Processing /media/data/omar/programming course/DEPI/DEPI project/anomx/venv/lib/python3.12/site-packages/airflow/example_dags/example_setup_teardown_taskflow.py took 0.146 seconds
