[2026-06-21T21:38:58.236+0300] {processor.py:161} INFO - Started process (PID=15101) to work on /media/data/omar/programming course/DEPI/DEPI project/anomx/venv/lib/python3.12/site-packages/airflow/example_dags/example_sla_dag.py
[2026-06-21T21:38:58.238+0300] {processor.py:830} INFO - Processing file /media/data/omar/programming course/DEPI/DEPI project/anomx/venv/lib/python3.12/site-packages/airflow/example_dags/example_sla_dag.py for tasks to queue
[2026-06-21T21:38:58.241+0300] {logging_mixin.py:188} INFO - [2026-06-21T21:38:58.240+0300] {dagbag.py:540} INFO - Filling up the DagBag from /media/data/omar/programming course/DEPI/DEPI project/anomx/venv/lib/python3.12/site-packages/airflow/example_dags/example_sla_dag.py
[2026-06-21T21:38:58.252+0300] {processor.py:840} INFO - DAG(s) 'example_sla_dag' retrieved from /media/data/omar/programming course/DEPI/DEPI project/anomx/venv/lib/python3.12/site-packages/airflow/example_dags/example_sla_dag.py
[2026-06-21T21:38:58.467+0300] {logging_mixin.py:188} INFO - [2026-06-21T21:38:58.466+0300] {override.py:1829} INFO - Created Permission View: can edit on DAG:example_sla_dag
[2026-06-21T21:38:58.485+0300] {logging_mixin.py:188} INFO - [2026-06-21T21:38:58.484+0300] {override.py:1829} INFO - Created Permission View: can read on DAG:example_sla_dag
[2026-06-21T21:38:58.499+0300] {logging_mixin.py:188} INFO - [2026-06-21T21:38:58.499+0300] {override.py:1829} INFO - Created Permission View: can delete on DAG:example_sla_dag
[2026-06-21T21:38:58.500+0300] {logging_mixin.py:188} INFO - [2026-06-21T21:38:58.500+0300] {dag.py:3096} INFO - Sync 1 DAGs
[2026-06-21T21:38:58.509+0300] {logging_mixin.py:188} INFO - [2026-06-21T21:38:58.509+0300] {dag.py:3118} INFO - Creating ORM DAG for example_sla_dag
[2026-06-21T21:38:58.520+0300] {logging_mixin.py:188} INFO - [2026-06-21T21:38:58.519+0300] {dag.py:3954} INFO - Setting next_dagrun for example_sla_dag to 2026-06-21 18:36:00+00:00, run_after=2026-06-21 18:38:00+00:00
[2026-06-21T21:38:58.545+0300] {processor.py:183} INFO - Processing /media/data/omar/programming course/DEPI/DEPI project/anomx/venv/lib/python3.12/site-packages/airflow/example_dags/example_sla_dag.py took 0.322 seconds
[2026-06-21T21:40:04.287+0300] {processor.py:161} INFO - Started process (PID=15195) to work on /media/data/omar/programming course/DEPI/DEPI project/anomx/venv/lib/python3.12/site-packages/airflow/example_dags/example_sla_dag.py
[2026-06-21T21:40:04.289+0300] {processor.py:830} INFO - Processing file /media/data/omar/programming course/DEPI/DEPI project/anomx/venv/lib/python3.12/site-packages/airflow/example_dags/example_sla_dag.py for tasks to queue
[2026-06-21T21:40:04.291+0300] {logging_mixin.py:188} INFO - [2026-06-21T21:40:04.291+0300] {dagbag.py:540} INFO - Filling up the DagBag from /media/data/omar/programming course/DEPI/DEPI project/anomx/venv/lib/python3.12/site-packages/airflow/example_dags/example_sla_dag.py
[2026-06-21T21:40:04.300+0300] {processor.py:840} INFO - DAG(s) 'example_sla_dag' retrieved from /media/data/omar/programming course/DEPI/DEPI project/anomx/venv/lib/python3.12/site-packages/airflow/example_dags/example_sla_dag.py
[2026-06-21T21:40:04.315+0300] {logging_mixin.py:188} INFO - [2026-06-21T21:40:04.314+0300] {dag.py:3096} INFO - Sync 1 DAGs
[2026-06-21T21:40:04.335+0300] {logging_mixin.py:188} INFO - [2026-06-21T21:40:04.335+0300] {dag.py:3954} INFO - Setting next_dagrun for example_sla_dag to 2026-06-21 18:38:00+00:00, run_after=2026-06-21 18:40:00+00:00
[2026-06-21T21:40:04.361+0300] {processor.py:183} INFO - Processing /media/data/omar/programming course/DEPI/DEPI project/anomx/venv/lib/python3.12/site-packages/airflow/example_dags/example_sla_dag.py took 0.082 seconds
[2026-06-21T21:41:04.074+0300] {processor.py:161} INFO - Started process (PID=15288) to work on /media/data/omar/programming course/DEPI/DEPI project/anomx/venv/lib/python3.12/site-packages/airflow/example_dags/example_sla_dag.py
[2026-06-21T21:41:04.075+0300] {processor.py:830} INFO - Processing file /media/data/omar/programming course/DEPI/DEPI project/anomx/venv/lib/python3.12/site-packages/airflow/example_dags/example_sla_dag.py for tasks to queue
[2026-06-21T21:41:04.079+0300] {logging_mixin.py:188} INFO - [2026-06-21T21:41:04.079+0300] {dagbag.py:540} INFO - Filling up the DagBag from /media/data/omar/programming course/DEPI/DEPI project/anomx/venv/lib/python3.12/site-packages/airflow/example_dags/example_sla_dag.py
[2026-06-21T21:41:04.092+0300] {processor.py:840} INFO - DAG(s) 'example_sla_dag' retrieved from /media/data/omar/programming course/DEPI/DEPI project/anomx/venv/lib/python3.12/site-packages/airflow/example_dags/example_sla_dag.py
[2026-06-21T21:41:04.112+0300] {logging_mixin.py:188} INFO - [2026-06-21T21:41:04.111+0300] {dag.py:3096} INFO - Sync 1 DAGs
[2026-06-21T21:41:04.138+0300] {logging_mixin.py:188} INFO - [2026-06-21T21:41:04.137+0300] {dag.py:3954} INFO - Setting next_dagrun for example_sla_dag to 2026-06-21 18:38:00+00:00, run_after=2026-06-21 18:40:00+00:00
[2026-06-21T21:41:04.179+0300] {processor.py:183} INFO - Processing /media/data/omar/programming course/DEPI/DEPI project/anomx/venv/lib/python3.12/site-packages/airflow/example_dags/example_sla_dag.py took 0.113 seconds
[2026-06-21T21:42:06.867+0300] {processor.py:161} INFO - Started process (PID=15432) to work on /media/data/omar/programming course/DEPI/DEPI project/anomx/venv/lib/python3.12/site-packages/airflow/example_dags/example_sla_dag.py
[2026-06-21T21:42:06.870+0300] {processor.py:830} INFO - Processing file /media/data/omar/programming course/DEPI/DEPI project/anomx/venv/lib/python3.12/site-packages/airflow/example_dags/example_sla_dag.py for tasks to queue
[2026-06-21T21:42:06.873+0300] {logging_mixin.py:188} INFO - [2026-06-21T21:42:06.872+0300] {dagbag.py:540} INFO - Filling up the DagBag from /media/data/omar/programming course/DEPI/DEPI project/anomx/venv/lib/python3.12/site-packages/airflow/example_dags/example_sla_dag.py
[2026-06-21T21:42:06.888+0300] {processor.py:840} INFO - DAG(s) 'example_sla_dag' retrieved from /media/data/omar/programming course/DEPI/DEPI project/anomx/venv/lib/python3.12/site-packages/airflow/example_dags/example_sla_dag.py
[2026-06-21T21:42:06.911+0300] {logging_mixin.py:188} INFO - [2026-06-21T21:42:06.910+0300] {dag.py:3096} INFO - Sync 1 DAGs
[2026-06-21T21:42:06.942+0300] {logging_mixin.py:188} INFO - [2026-06-21T21:42:06.942+0300] {dag.py:3954} INFO - Setting next_dagrun for example_sla_dag to 2026-06-21 18:40:00+00:00, run_after=2026-06-21 18:42:00+00:00
[2026-06-21T21:42:06.982+0300] {processor.py:183} INFO - Processing /media/data/omar/programming course/DEPI/DEPI project/anomx/venv/lib/python3.12/site-packages/airflow/example_dags/example_sla_dag.py took 0.123 seconds
[2026-06-21T21:43:12.522+0300] {processor.py:161} INFO - Started process (PID=15650) to work on /media/data/omar/programming course/DEPI/DEPI project/anomx/venv/lib/python3.12/site-packages/airflow/example_dags/example_sla_dag.py
[2026-06-21T21:43:12.524+0300] {processor.py:830} INFO - Processing file /media/data/omar/programming course/DEPI/DEPI project/anomx/venv/lib/python3.12/site-packages/airflow/example_dags/example_sla_dag.py for tasks to queue
[2026-06-21T21:43:12.526+0300] {logging_mixin.py:188} INFO - [2026-06-21T21:43:12.526+0300] {dagbag.py:540} INFO - Filling up the DagBag from /media/data/omar/programming course/DEPI/DEPI project/anomx/venv/lib/python3.12/site-packages/airflow/example_dags/example_sla_dag.py
[2026-06-21T21:43:12.538+0300] {processor.py:840} INFO - DAG(s) 'example_sla_dag' retrieved from /media/data/omar/programming course/DEPI/DEPI project/anomx/venv/lib/python3.12/site-packages/airflow/example_dags/example_sla_dag.py
[2026-06-21T21:43:12.553+0300] {logging_mixin.py:188} INFO - [2026-06-21T21:43:12.553+0300] {dag.py:3096} INFO - Sync 1 DAGs
[2026-06-21T21:43:12.572+0300] {logging_mixin.py:188} INFO - [2026-06-21T21:43:12.572+0300] {dag.py:3954} INFO - Setting next_dagrun for example_sla_dag to 2026-06-21 18:40:00+00:00, run_after=2026-06-21 18:42:00+00:00
[2026-06-21T21:43:12.598+0300] {processor.py:183} INFO - Processing /media/data/omar/programming course/DEPI/DEPI project/anomx/venv/lib/python3.12/site-packages/airflow/example_dags/example_sla_dag.py took 0.092 seconds
[2026-06-21T21:44:12.118+0300] {processor.py:161} INFO - Started process (PID=15767) to work on /media/data/omar/programming course/DEPI/DEPI project/anomx/venv/lib/python3.12/site-packages/airflow/example_dags/example_sla_dag.py
[2026-06-21T21:44:12.120+0300] {processor.py:830} INFO - Processing file /media/data/omar/programming course/DEPI/DEPI project/anomx/venv/lib/python3.12/site-packages/airflow/example_dags/example_sla_dag.py for tasks to queue
[2026-06-21T21:44:12.122+0300] {logging_mixin.py:188} INFO - [2026-06-21T21:44:12.121+0300] {dagbag.py:540} INFO - Filling up the DagBag from /media/data/omar/programming course/DEPI/DEPI project/anomx/venv/lib/python3.12/site-packages/airflow/example_dags/example_sla_dag.py
[2026-06-21T21:44:12.133+0300] {processor.py:840} INFO - DAG(s) 'example_sla_dag' retrieved from /media/data/omar/programming course/DEPI/DEPI project/anomx/venv/lib/python3.12/site-packages/airflow/example_dags/example_sla_dag.py
[2026-06-21T21:44:12.152+0300] {logging_mixin.py:188} INFO - [2026-06-21T21:44:12.152+0300] {dag.py:3096} INFO - Sync 1 DAGs
[2026-06-21T21:44:12.177+0300] {logging_mixin.py:188} INFO - [2026-06-21T21:44:12.176+0300] {dag.py:3954} INFO - Setting next_dagrun for example_sla_dag to 2026-06-21 18:42:00+00:00, run_after=2026-06-21 18:44:00+00:00
[2026-06-21T21:44:12.206+0300] {processor.py:183} INFO - Processing /media/data/omar/programming course/DEPI/DEPI project/anomx/venv/lib/python3.12/site-packages/airflow/example_dags/example_sla_dag.py took 0.095 seconds
[2026-06-21T21:46:50.636+0300] {processor.py:161} INFO - Started process (PID=16075) to work on /media/data/omar/programming course/DEPI/DEPI project/anomx/venv/lib/python3.12/site-packages/airflow/example_dags/example_sla_dag.py
[2026-06-21T21:46:50.638+0300] {processor.py:830} INFO - Processing file /media/data/omar/programming course/DEPI/DEPI project/anomx/venv/lib/python3.12/site-packages/airflow/example_dags/example_sla_dag.py for tasks to queue
[2026-06-21T21:46:50.642+0300] {logging_mixin.py:188} INFO - [2026-06-21T21:46:50.641+0300] {dagbag.py:540} INFO - Filling up the DagBag from /media/data/omar/programming course/DEPI/DEPI project/anomx/venv/lib/python3.12/site-packages/airflow/example_dags/example_sla_dag.py
[2026-06-21T21:46:50.656+0300] {processor.py:840} INFO - DAG(s) 'example_sla_dag' retrieved from /media/data/omar/programming course/DEPI/DEPI project/anomx/venv/lib/python3.12/site-packages/airflow/example_dags/example_sla_dag.py
[2026-06-21T21:46:50.672+0300] {logging_mixin.py:188} INFO - [2026-06-21T21:46:50.671+0300] {dag.py:3096} INFO - Sync 1 DAGs
[2026-06-21T21:46:50.691+0300] {logging_mixin.py:188} INFO - [2026-06-21T21:46:50.691+0300] {dag.py:3954} INFO - Setting next_dagrun for example_sla_dag to 2026-06-21 18:44:00+00:00, run_after=2026-06-21 18:46:00+00:00
[2026-06-21T21:46:50.719+0300] {processor.py:183} INFO - Processing /media/data/omar/programming course/DEPI/DEPI project/anomx/venv/lib/python3.12/site-packages/airflow/example_dags/example_sla_dag.py took 0.093 seconds
[2026-06-21T21:47:45.731+0300] {processor.py:161} INFO - Started process (PID=16162) to work on /media/data/omar/programming course/DEPI/DEPI project/anomx/venv/lib/python3.12/site-packages/airflow/example_dags/example_sla_dag.py
[2026-06-21T21:47:45.733+0300] {processor.py:830} INFO - Processing file /media/data/omar/programming course/DEPI/DEPI project/anomx/venv/lib/python3.12/site-packages/airflow/example_dags/example_sla_dag.py for tasks to queue
[2026-06-21T21:47:45.737+0300] {logging_mixin.py:188} INFO - [2026-06-21T21:47:45.736+0300] {dagbag.py:540} INFO - Filling up the DagBag from /media/data/omar/programming course/DEPI/DEPI project/anomx/venv/lib/python3.12/site-packages/airflow/example_dags/example_sla_dag.py
[2026-06-21T21:47:45.752+0300] {processor.py:840} INFO - DAG(s) 'example_sla_dag' retrieved from /media/data/omar/programming course/DEPI/DEPI project/anomx/venv/lib/python3.12/site-packages/airflow/example_dags/example_sla_dag.py
[2026-06-21T21:47:45.766+0300] {logging_mixin.py:188} INFO - [2026-06-21T21:47:45.766+0300] {dag.py:3096} INFO - Sync 1 DAGs
[2026-06-21T21:47:45.785+0300] {logging_mixin.py:188} INFO - [2026-06-21T21:47:45.785+0300] {dag.py:3954} INFO - Setting next_dagrun for example_sla_dag to 2026-06-21 18:44:00+00:00, run_after=2026-06-21 18:46:00+00:00
[2026-06-21T21:47:45.816+0300] {processor.py:183} INFO - Processing /media/data/omar/programming course/DEPI/DEPI project/anomx/venv/lib/python3.12/site-packages/airflow/example_dags/example_sla_dag.py took 0.099 seconds
[2026-06-21T21:48:44.634+0300] {processor.py:161} INFO - Started process (PID=16253) to work on /media/data/omar/programming course/DEPI/DEPI project/anomx/venv/lib/python3.12/site-packages/airflow/example_dags/example_sla_dag.py
[2026-06-21T21:48:44.636+0300] {processor.py:830} INFO - Processing file /media/data/omar/programming course/DEPI/DEPI project/anomx/venv/lib/python3.12/site-packages/airflow/example_dags/example_sla_dag.py for tasks to queue
[2026-06-21T21:48:44.639+0300] {logging_mixin.py:188} INFO - [2026-06-21T21:48:44.638+0300] {dagbag.py:540} INFO - Filling up the DagBag from /media/data/omar/programming course/DEPI/DEPI project/anomx/venv/lib/python3.12/site-packages/airflow/example_dags/example_sla_dag.py
[2026-06-21T21:48:44.652+0300] {processor.py:840} INFO - DAG(s) 'example_sla_dag' retrieved from /media/data/omar/programming course/DEPI/DEPI project/anomx/venv/lib/python3.12/site-packages/airflow/example_dags/example_sla_dag.py
[2026-06-21T21:48:44.667+0300] {logging_mixin.py:188} INFO - [2026-06-21T21:48:44.667+0300] {dag.py:3096} INFO - Sync 1 DAGs
[2026-06-21T21:48:44.686+0300] {logging_mixin.py:188} INFO - [2026-06-21T21:48:44.686+0300] {dag.py:3954} INFO - Setting next_dagrun for example_sla_dag to 2026-06-21 18:46:00+00:00, run_after=2026-06-21 18:48:00+00:00
[2026-06-21T21:48:44.714+0300] {processor.py:183} INFO - Processing /media/data/omar/programming course/DEPI/DEPI project/anomx/venv/lib/python3.12/site-packages/airflow/example_dags/example_sla_dag.py took 0.098 seconds
[2026-06-21T21:49:47.296+0300] {processor.py:161} INFO - Started process (PID=16348) to work on /media/data/omar/programming course/DEPI/DEPI project/anomx/venv/lib/python3.12/site-packages/airflow/example_dags/example_sla_dag.py
[2026-06-21T21:49:47.298+0300] {processor.py:830} INFO - Processing file /media/data/omar/programming course/DEPI/DEPI project/anomx/venv/lib/python3.12/site-packages/airflow/example_dags/example_sla_dag.py for tasks to queue
[2026-06-21T21:49:47.301+0300] {logging_mixin.py:188} INFO - [2026-06-21T21:49:47.300+0300] {dagbag.py:540} INFO - Filling up the DagBag from /media/data/omar/programming course/DEPI/DEPI project/anomx/venv/lib/python3.12/site-packages/airflow/example_dags/example_sla_dag.py
[2026-06-21T21:49:47.317+0300] {processor.py:840} INFO - DAG(s) 'example_sla_dag' retrieved from /media/data/omar/programming course/DEPI/DEPI project/anomx/venv/lib/python3.12/site-packages/airflow/example_dags/example_sla_dag.py
[2026-06-21T21:49:47.333+0300] {logging_mixin.py:188} INFO - [2026-06-21T21:49:47.332+0300] {dag.py:3096} INFO - Sync 1 DAGs
[2026-06-21T21:49:47.353+0300] {logging_mixin.py:188} INFO - [2026-06-21T21:49:47.353+0300] {dag.py:3954} INFO - Setting next_dagrun for example_sla_dag to 2026-06-21 18:46:00+00:00, run_after=2026-06-21 18:48:00+00:00
[2026-06-21T21:49:47.385+0300] {processor.py:183} INFO - Processing /media/data/omar/programming course/DEPI/DEPI project/anomx/venv/lib/python3.12/site-packages/airflow/example_dags/example_sla_dag.py took 0.099 seconds
[2026-06-21T21:52:12.205+0300] {processor.py:161} INFO - Started process (PID=16630) to work on /media/data/omar/programming course/DEPI/DEPI project/anomx/venv/lib/python3.12/site-packages/airflow/example_dags/example_sla_dag.py
[2026-06-21T21:52:12.206+0300] {processor.py:830} INFO - Processing file /media/data/omar/programming course/DEPI/DEPI project/anomx/venv/lib/python3.12/site-packages/airflow/example_dags/example_sla_dag.py for tasks to queue
[2026-06-21T21:52:12.208+0300] {logging_mixin.py:188} INFO - [2026-06-21T21:52:12.208+0300] {dagbag.py:540} INFO - Filling up the DagBag from /media/data/omar/programming course/DEPI/DEPI project/anomx/venv/lib/python3.12/site-packages/airflow/example_dags/example_sla_dag.py
[2026-06-21T21:52:12.218+0300] {processor.py:840} INFO - DAG(s) 'example_sla_dag' retrieved from /media/data/omar/programming course/DEPI/DEPI project/anomx/venv/lib/python3.12/site-packages/airflow/example_dags/example_sla_dag.py
[2026-06-21T21:52:12.232+0300] {logging_mixin.py:188} INFO - [2026-06-21T21:52:12.231+0300] {dag.py:3096} INFO - Sync 1 DAGs
[2026-06-21T21:52:12.251+0300] {logging_mixin.py:188} INFO - [2026-06-21T21:52:12.251+0300] {dag.py:3954} INFO - Setting next_dagrun for example_sla_dag to 2026-06-21 18:50:00+00:00, run_after=2026-06-21 18:52:00+00:00
[2026-06-21T21:52:12.279+0300] {processor.py:183} INFO - Processing /media/data/omar/programming course/DEPI/DEPI project/anomx/venv/lib/python3.12/site-packages/airflow/example_dags/example_sla_dag.py took 0.081 seconds
[2026-06-21T21:53:09.444+0300] {processor.py:161} INFO - Started process (PID=16721) to work on /media/data/omar/programming course/DEPI/DEPI project/anomx/venv/lib/python3.12/site-packages/airflow/example_dags/example_sla_dag.py
[2026-06-21T21:53:09.445+0300] {processor.py:830} INFO - Processing file /media/data/omar/programming course/DEPI/DEPI project/anomx/venv/lib/python3.12/site-packages/airflow/example_dags/example_sla_dag.py for tasks to queue
[2026-06-21T21:53:09.446+0300] {logging_mixin.py:188} INFO - [2026-06-21T21:53:09.446+0300] {dagbag.py:540} INFO - Filling up the DagBag from /media/data/omar/programming course/DEPI/DEPI project/anomx/venv/lib/python3.12/site-packages/airflow/example_dags/example_sla_dag.py
[2026-06-21T21:53:09.456+0300] {processor.py:840} INFO - DAG(s) 'example_sla_dag' retrieved from /media/data/omar/programming course/DEPI/DEPI project/anomx/venv/lib/python3.12/site-packages/airflow/example_dags/example_sla_dag.py
[2026-06-21T21:53:09.469+0300] {logging_mixin.py:188} INFO - [2026-06-21T21:53:09.469+0300] {dag.py:3096} INFO - Sync 1 DAGs
[2026-06-21T21:53:09.488+0300] {logging_mixin.py:188} INFO - [2026-06-21T21:53:09.488+0300] {dag.py:3954} INFO - Setting next_dagrun for example_sla_dag to 2026-06-21 18:50:00+00:00, run_after=2026-06-21 18:52:00+00:00
[2026-06-21T21:53:09.517+0300] {processor.py:183} INFO - Processing /media/data/omar/programming course/DEPI/DEPI project/anomx/venv/lib/python3.12/site-packages/airflow/example_dags/example_sla_dag.py took 0.081 seconds
[2026-06-21T21:54:07.264+0300] {processor.py:161} INFO - Started process (PID=16814) to work on /media/data/omar/programming course/DEPI/DEPI project/anomx/venv/lib/python3.12/site-packages/airflow/example_dags/example_sla_dag.py
[2026-06-21T21:54:07.265+0300] {processor.py:830} INFO - Processing file /media/data/omar/programming course/DEPI/DEPI project/anomx/venv/lib/python3.12/site-packages/airflow/example_dags/example_sla_dag.py for tasks to queue
[2026-06-21T21:54:07.268+0300] {logging_mixin.py:188} INFO - [2026-06-21T21:54:07.267+0300] {dagbag.py:540} INFO - Filling up the DagBag from /media/data/omar/programming course/DEPI/DEPI project/anomx/venv/lib/python3.12/site-packages/airflow/example_dags/example_sla_dag.py
[2026-06-21T21:54:07.279+0300] {processor.py:840} INFO - DAG(s) 'example_sla_dag' retrieved from /media/data/omar/programming course/DEPI/DEPI project/anomx/venv/lib/python3.12/site-packages/airflow/example_dags/example_sla_dag.py
[2026-06-21T21:54:07.293+0300] {logging_mixin.py:188} INFO - [2026-06-21T21:54:07.293+0300] {dag.py:3096} INFO - Sync 1 DAGs
[2026-06-21T21:54:07.312+0300] {logging_mixin.py:188} INFO - [2026-06-21T21:54:07.312+0300] {dag.py:3954} INFO - Setting next_dagrun for example_sla_dag to 2026-06-21 18:52:00+00:00, run_after=2026-06-21 18:54:00+00:00
[2026-06-21T21:54:07.339+0300] {processor.py:183} INFO - Processing /media/data/omar/programming course/DEPI/DEPI project/anomx/venv/lib/python3.12/site-packages/airflow/example_dags/example_sla_dag.py took 0.085 seconds
[2026-06-21T21:55:04.543+0300] {processor.py:161} INFO - Started process (PID=16917) to work on /media/data/omar/programming course/DEPI/DEPI project/anomx/venv/lib/python3.12/site-packages/airflow/example_dags/example_sla_dag.py
[2026-06-21T21:55:04.545+0300] {processor.py:830} INFO - Processing file /media/data/omar/programming course/DEPI/DEPI project/anomx/venv/lib/python3.12/site-packages/airflow/example_dags/example_sla_dag.py for tasks to queue
[2026-06-21T21:55:04.548+0300] {logging_mixin.py:188} INFO - [2026-06-21T21:55:04.547+0300] {dagbag.py:540} INFO - Filling up the DagBag from /media/data/omar/programming course/DEPI/DEPI project/anomx/venv/lib/python3.12/site-packages/airflow/example_dags/example_sla_dag.py
[2026-06-21T21:55:04.560+0300] {processor.py:840} INFO - DAG(s) 'example_sla_dag' retrieved from /media/data/omar/programming course/DEPI/DEPI project/anomx/venv/lib/python3.12/site-packages/airflow/example_dags/example_sla_dag.py
[2026-06-21T21:55:04.575+0300] {logging_mixin.py:188} INFO - [2026-06-21T21:55:04.575+0300] {dag.py:3096} INFO - Sync 1 DAGs
[2026-06-21T21:55:04.594+0300] {logging_mixin.py:188} INFO - [2026-06-21T21:55:04.594+0300] {dag.py:3954} INFO - Setting next_dagrun for example_sla_dag to 2026-06-21 18:52:00+00:00, run_after=2026-06-21 18:54:00+00:00
[2026-06-21T21:55:04.623+0300] {processor.py:183} INFO - Processing /media/data/omar/programming course/DEPI/DEPI project/anomx/venv/lib/python3.12/site-packages/airflow/example_dags/example_sla_dag.py took 0.095 seconds
[2026-06-21T21:55:58.622+0300] {processor.py:161} INFO - Started process (PID=17001) to work on /media/data/omar/programming course/DEPI/DEPI project/anomx/venv/lib/python3.12/site-packages/airflow/example_dags/example_sla_dag.py
[2026-06-21T21:55:58.623+0300] {processor.py:830} INFO - Processing file /media/data/omar/programming course/DEPI/DEPI project/anomx/venv/lib/python3.12/site-packages/airflow/example_dags/example_sla_dag.py for tasks to queue
[2026-06-21T21:55:58.626+0300] {logging_mixin.py:188} INFO - [2026-06-21T21:55:58.625+0300] {dagbag.py:540} INFO - Filling up the DagBag from /media/data/omar/programming course/DEPI/DEPI project/anomx/venv/lib/python3.12/site-packages/airflow/example_dags/example_sla_dag.py
[2026-06-21T21:55:58.638+0300] {processor.py:840} INFO - DAG(s) 'example_sla_dag' retrieved from /media/data/omar/programming course/DEPI/DEPI project/anomx/venv/lib/python3.12/site-packages/airflow/example_dags/example_sla_dag.py
[2026-06-21T21:55:58.653+0300] {logging_mixin.py:188} INFO - [2026-06-21T21:55:58.652+0300] {dag.py:3096} INFO - Sync 1 DAGs
[2026-06-21T21:55:58.672+0300] {logging_mixin.py:188} INFO - [2026-06-21T21:55:58.672+0300] {dag.py:3954} INFO - Setting next_dagrun for example_sla_dag to 2026-06-21 18:52:00+00:00, run_after=2026-06-21 18:54:00+00:00
[2026-06-21T21:55:58.700+0300] {processor.py:183} INFO - Processing /media/data/omar/programming course/DEPI/DEPI project/anomx/venv/lib/python3.12/site-packages/airflow/example_dags/example_sla_dag.py took 0.096 seconds
[2026-06-21T21:56:50.340+0300] {processor.py:161} INFO - Started process (PID=17087) to work on /media/data/omar/programming course/DEPI/DEPI project/anomx/venv/lib/python3.12/site-packages/airflow/example_dags/example_sla_dag.py
[2026-06-21T21:56:50.342+0300] {processor.py:830} INFO - Processing file /media/data/omar/programming course/DEPI/DEPI project/anomx/venv/lib/python3.12/site-packages/airflow/example_dags/example_sla_dag.py for tasks to queue
[2026-06-21T21:56:50.346+0300] {logging_mixin.py:188} INFO - [2026-06-21T21:56:50.345+0300] {dagbag.py:540} INFO - Filling up the DagBag from /media/data/omar/programming course/DEPI/DEPI project/anomx/venv/lib/python3.12/site-packages/airflow/example_dags/example_sla_dag.py
[2026-06-21T21:56:50.359+0300] {processor.py:840} INFO - DAG(s) 'example_sla_dag' retrieved from /media/data/omar/programming course/DEPI/DEPI project/anomx/venv/lib/python3.12/site-packages/airflow/example_dags/example_sla_dag.py
[2026-06-21T21:56:50.374+0300] {logging_mixin.py:188} INFO - [2026-06-21T21:56:50.373+0300] {dag.py:3096} INFO - Sync 1 DAGs
[2026-06-21T21:56:50.392+0300] {logging_mixin.py:188} INFO - [2026-06-21T21:56:50.392+0300] {dag.py:3954} INFO - Setting next_dagrun for example_sla_dag to 2026-06-21 18:54:00+00:00, run_after=2026-06-21 18:56:00+00:00
[2026-06-21T21:56:50.419+0300] {processor.py:183} INFO - Processing /media/data/omar/programming course/DEPI/DEPI project/anomx/venv/lib/python3.12/site-packages/airflow/example_dags/example_sla_dag.py took 0.097 seconds
[2026-06-21T21:57:43.005+0300] {processor.py:161} INFO - Started process (PID=17184) to work on /media/data/omar/programming course/DEPI/DEPI project/anomx/venv/lib/python3.12/site-packages/airflow/example_dags/example_sla_dag.py
[2026-06-21T21:57:43.007+0300] {processor.py:830} INFO - Processing file /media/data/omar/programming course/DEPI/DEPI project/anomx/venv/lib/python3.12/site-packages/airflow/example_dags/example_sla_dag.py for tasks to queue
[2026-06-21T21:57:43.011+0300] {logging_mixin.py:188} INFO - [2026-06-21T21:57:43.010+0300] {dagbag.py:540} INFO - Filling up the DagBag from /media/data/omar/programming course/DEPI/DEPI project/anomx/venv/lib/python3.12/site-packages/airflow/example_dags/example_sla_dag.py
[2026-06-21T21:57:43.028+0300] {processor.py:840} INFO - DAG(s) 'example_sla_dag' retrieved from /media/data/omar/programming course/DEPI/DEPI project/anomx/venv/lib/python3.12/site-packages/airflow/example_dags/example_sla_dag.py
[2026-06-21T21:57:43.050+0300] {logging_mixin.py:188} INFO - [2026-06-21T21:57:43.049+0300] {dag.py:3096} INFO - Sync 1 DAGs
[2026-06-21T21:57:43.069+0300] {logging_mixin.py:188} INFO - [2026-06-21T21:57:43.069+0300] {dag.py:3954} INFO - Setting next_dagrun for example_sla_dag to 2026-06-21 18:54:00+00:00, run_after=2026-06-21 18:56:00+00:00
[2026-06-21T21:57:43.096+0300] {processor.py:183} INFO - Processing /media/data/omar/programming course/DEPI/DEPI project/anomx/venv/lib/python3.12/site-packages/airflow/example_dags/example_sla_dag.py took 0.105 seconds
[2026-06-21T21:58:38.958+0300] {processor.py:161} INFO - Started process (PID=17276) to work on /media/data/omar/programming course/DEPI/DEPI project/anomx/venv/lib/python3.12/site-packages/airflow/example_dags/example_sla_dag.py
[2026-06-21T21:58:38.960+0300] {processor.py:830} INFO - Processing file /media/data/omar/programming course/DEPI/DEPI project/anomx/venv/lib/python3.12/site-packages/airflow/example_dags/example_sla_dag.py for tasks to queue
[2026-06-21T21:58:38.963+0300] {logging_mixin.py:188} INFO - [2026-06-21T21:58:38.962+0300] {dagbag.py:540} INFO - Filling up the DagBag from /media/data/omar/programming course/DEPI/DEPI project/anomx/venv/lib/python3.12/site-packages/airflow/example_dags/example_sla_dag.py
[2026-06-21T21:58:38.980+0300] {processor.py:840} INFO - DAG(s) 'example_sla_dag' retrieved from /media/data/omar/programming course/DEPI/DEPI project/anomx/venv/lib/python3.12/site-packages/airflow/example_dags/example_sla_dag.py
[2026-06-21T21:58:38.997+0300] {logging_mixin.py:188} INFO - [2026-06-21T21:58:38.997+0300] {dag.py:3096} INFO - Sync 1 DAGs
[2026-06-21T21:58:39.016+0300] {logging_mixin.py:188} INFO - [2026-06-21T21:58:39.016+0300] {dag.py:3954} INFO - Setting next_dagrun for example_sla_dag to 2026-06-21 18:56:00+00:00, run_after=2026-06-21 18:58:00+00:00
[2026-06-21T21:58:39.045+0300] {processor.py:183} INFO - Processing /media/data/omar/programming course/DEPI/DEPI project/anomx/venv/lib/python3.12/site-packages/airflow/example_dags/example_sla_dag.py took 0.099 seconds
[2026-06-21T21:59:35.571+0300] {processor.py:161} INFO - Started process (PID=17357) to work on /media/data/omar/programming course/DEPI/DEPI project/anomx/venv/lib/python3.12/site-packages/airflow/example_dags/example_sla_dag.py
[2026-06-21T21:59:35.573+0300] {processor.py:830} INFO - Processing file /media/data/omar/programming course/DEPI/DEPI project/anomx/venv/lib/python3.12/site-packages/airflow/example_dags/example_sla_dag.py for tasks to queue
[2026-06-21T21:59:35.576+0300] {logging_mixin.py:188} INFO - [2026-06-21T21:59:35.576+0300] {dagbag.py:540} INFO - Filling up the DagBag from /media/data/omar/programming course/DEPI/DEPI project/anomx/venv/lib/python3.12/site-packages/airflow/example_dags/example_sla_dag.py
[2026-06-21T21:59:35.590+0300] {processor.py:840} INFO - DAG(s) 'example_sla_dag' retrieved from /media/data/omar/programming course/DEPI/DEPI project/anomx/venv/lib/python3.12/site-packages/airflow/example_dags/example_sla_dag.py
[2026-06-21T21:59:35.604+0300] {logging_mixin.py:188} INFO - [2026-06-21T21:59:35.603+0300] {dag.py:3096} INFO - Sync 1 DAGs
[2026-06-21T21:59:35.624+0300] {logging_mixin.py:188} INFO - [2026-06-21T21:59:35.623+0300] {dag.py:3954} INFO - Setting next_dagrun for example_sla_dag to 2026-06-21 18:56:00+00:00, run_after=2026-06-21 18:58:00+00:00
[2026-06-21T21:59:35.652+0300] {processor.py:183} INFO - Processing /media/data/omar/programming course/DEPI/DEPI project/anomx/venv/lib/python3.12/site-packages/airflow/example_dags/example_sla_dag.py took 0.099 seconds
[2026-06-21T22:00:32.254+0300] {processor.py:161} INFO - Started process (PID=17453) to work on /media/data/omar/programming course/DEPI/DEPI project/anomx/venv/lib/python3.12/site-packages/airflow/example_dags/example_sla_dag.py
[2026-06-21T22:00:32.257+0300] {processor.py:830} INFO - Processing file /media/data/omar/programming course/DEPI/DEPI project/anomx/venv/lib/python3.12/site-packages/airflow/example_dags/example_sla_dag.py for tasks to queue
[2026-06-21T22:00:32.261+0300] {logging_mixin.py:188} INFO - [2026-06-21T22:00:32.260+0300] {dagbag.py:540} INFO - Filling up the DagBag from /media/data/omar/programming course/DEPI/DEPI project/anomx/venv/lib/python3.12/site-packages/airflow/example_dags/example_sla_dag.py
[2026-06-21T22:00:32.279+0300] {processor.py:840} INFO - DAG(s) 'example_sla_dag' retrieved from /media/data/omar/programming course/DEPI/DEPI project/anomx/venv/lib/python3.12/site-packages/airflow/example_dags/example_sla_dag.py
[2026-06-21T22:00:32.295+0300] {logging_mixin.py:188} INFO - [2026-06-21T22:00:32.295+0300] {dag.py:3096} INFO - Sync 1 DAGs
[2026-06-21T22:00:32.314+0300] {logging_mixin.py:188} INFO - [2026-06-21T22:00:32.314+0300] {dag.py:3954} INFO - Setting next_dagrun for example_sla_dag to 2026-06-21 18:58:00+00:00, run_after=2026-06-21 19:00:00+00:00
[2026-06-21T22:00:32.344+0300] {processor.py:183} INFO - Processing /media/data/omar/programming course/DEPI/DEPI project/anomx/venv/lib/python3.12/site-packages/airflow/example_dags/example_sla_dag.py took 0.105 seconds
[2026-06-21T22:01:30.380+0300] {processor.py:161} INFO - Started process (PID=17546) to work on /media/data/omar/programming course/DEPI/DEPI project/anomx/venv/lib/python3.12/site-packages/airflow/example_dags/example_sla_dag.py
[2026-06-21T22:01:30.382+0300] {processor.py:830} INFO - Processing file /media/data/omar/programming course/DEPI/DEPI project/anomx/venv/lib/python3.12/site-packages/airflow/example_dags/example_sla_dag.py for tasks to queue
[2026-06-21T22:01:30.386+0300] {logging_mixin.py:188} INFO - [2026-06-21T22:01:30.385+0300] {dagbag.py:540} INFO - Filling up the DagBag from /media/data/omar/programming course/DEPI/DEPI project/anomx/venv/lib/python3.12/site-packages/airflow/example_dags/example_sla_dag.py
[2026-06-21T22:01:30.399+0300] {processor.py:840} INFO - DAG(s) 'example_sla_dag' retrieved from /media/data/omar/programming course/DEPI/DEPI project/anomx/venv/lib/python3.12/site-packages/airflow/example_dags/example_sla_dag.py
[2026-06-21T22:01:30.414+0300] {logging_mixin.py:188} INFO - [2026-06-21T22:01:30.414+0300] {dag.py:3096} INFO - Sync 1 DAGs
[2026-06-21T22:01:30.434+0300] {logging_mixin.py:188} INFO - [2026-06-21T22:01:30.433+0300] {dag.py:3954} INFO - Setting next_dagrun for example_sla_dag to 2026-06-21 18:58:00+00:00, run_after=2026-06-21 19:00:00+00:00
[2026-06-21T22:01:30.463+0300] {processor.py:183} INFO - Processing /media/data/omar/programming course/DEPI/DEPI project/anomx/venv/lib/python3.12/site-packages/airflow/example_dags/example_sla_dag.py took 0.100 seconds
[2026-06-21T22:02:28.246+0300] {processor.py:161} INFO - Started process (PID=17637) to work on /media/data/omar/programming course/DEPI/DEPI project/anomx/venv/lib/python3.12/site-packages/airflow/example_dags/example_sla_dag.py
[2026-06-21T22:02:28.248+0300] {processor.py:830} INFO - Processing file /media/data/omar/programming course/DEPI/DEPI project/anomx/venv/lib/python3.12/site-packages/airflow/example_dags/example_sla_dag.py for tasks to queue
[2026-06-21T22:02:28.252+0300] {logging_mixin.py:188} INFO - [2026-06-21T22:02:28.251+0300] {dagbag.py:540} INFO - Filling up the DagBag from /media/data/omar/programming course/DEPI/DEPI project/anomx/venv/lib/python3.12/site-packages/airflow/example_dags/example_sla_dag.py
[2026-06-21T22:02:28.270+0300] {processor.py:840} INFO - DAG(s) 'example_sla_dag' retrieved from /media/data/omar/programming course/DEPI/DEPI project/anomx/venv/lib/python3.12/site-packages/airflow/example_dags/example_sla_dag.py
[2026-06-21T22:02:28.292+0300] {logging_mixin.py:188} INFO - [2026-06-21T22:02:28.291+0300] {dag.py:3096} INFO - Sync 1 DAGs
[2026-06-21T22:02:28.311+0300] {logging_mixin.py:188} INFO - [2026-06-21T22:02:28.311+0300] {dag.py:3954} INFO - Setting next_dagrun for example_sla_dag to 2026-06-21 19:00:00+00:00, run_after=2026-06-21 19:02:00+00:00
[2026-06-21T22:02:28.348+0300] {processor.py:183} INFO - Processing /media/data/omar/programming course/DEPI/DEPI project/anomx/venv/lib/python3.12/site-packages/airflow/example_dags/example_sla_dag.py took 0.115 seconds
[2026-06-21T22:03:27.261+0300] {processor.py:161} INFO - Started process (PID=17793) to work on /media/data/omar/programming course/DEPI/DEPI project/anomx/venv/lib/python3.12/site-packages/airflow/example_dags/example_sla_dag.py
[2026-06-21T22:03:27.262+0300] {processor.py:830} INFO - Processing file /media/data/omar/programming course/DEPI/DEPI project/anomx/venv/lib/python3.12/site-packages/airflow/example_dags/example_sla_dag.py for tasks to queue
[2026-06-21T22:03:27.265+0300] {logging_mixin.py:188} INFO - [2026-06-21T22:03:27.265+0300] {dagbag.py:540} INFO - Filling up the DagBag from /media/data/omar/programming course/DEPI/DEPI project/anomx/venv/lib/python3.12/site-packages/airflow/example_dags/example_sla_dag.py
[2026-06-21T22:03:27.277+0300] {processor.py:840} INFO - DAG(s) 'example_sla_dag' retrieved from /media/data/omar/programming course/DEPI/DEPI project/anomx/venv/lib/python3.12/site-packages/airflow/example_dags/example_sla_dag.py
[2026-06-21T22:03:27.291+0300] {logging_mixin.py:188} INFO - [2026-06-21T22:03:27.291+0300] {dag.py:3096} INFO - Sync 1 DAGs
[2026-06-21T22:03:27.311+0300] {logging_mixin.py:188} INFO - [2026-06-21T22:03:27.311+0300] {dag.py:3954} INFO - Setting next_dagrun for example_sla_dag to 2026-06-21 19:00:00+00:00, run_after=2026-06-21 19:02:00+00:00
[2026-06-21T22:03:27.338+0300] {processor.py:183} INFO - Processing /media/data/omar/programming course/DEPI/DEPI project/anomx/venv/lib/python3.12/site-packages/airflow/example_dags/example_sla_dag.py took 0.093 seconds
[2026-06-21T22:04:18.889+0300] {processor.py:161} INFO - Started process (PID=17873) to work on /media/data/omar/programming course/DEPI/DEPI project/anomx/venv/lib/python3.12/site-packages/airflow/example_dags/example_sla_dag.py
[2026-06-21T22:04:18.892+0300] {processor.py:830} INFO - Processing file /media/data/omar/programming course/DEPI/DEPI project/anomx/venv/lib/python3.12/site-packages/airflow/example_dags/example_sla_dag.py for tasks to queue
[2026-06-21T22:04:18.896+0300] {logging_mixin.py:188} INFO - [2026-06-21T22:04:18.895+0300] {dagbag.py:540} INFO - Filling up the DagBag from /media/data/omar/programming course/DEPI/DEPI project/anomx/venv/lib/python3.12/site-packages/airflow/example_dags/example_sla_dag.py
[2026-06-21T22:04:18.909+0300] {processor.py:840} INFO - DAG(s) 'example_sla_dag' retrieved from /media/data/omar/programming course/DEPI/DEPI project/anomx/venv/lib/python3.12/site-packages/airflow/example_dags/example_sla_dag.py
[2026-06-21T22:04:18.924+0300] {logging_mixin.py:188} INFO - [2026-06-21T22:04:18.924+0300] {dag.py:3096} INFO - Sync 1 DAGs
[2026-06-21T22:04:18.943+0300] {logging_mixin.py:188} INFO - [2026-06-21T22:04:18.943+0300] {dag.py:3954} INFO - Setting next_dagrun for example_sla_dag to 2026-06-21 19:02:00+00:00, run_after=2026-06-21 19:04:00+00:00
[2026-06-21T22:04:19.055+0300] {processor.py:183} INFO - Processing /media/data/omar/programming course/DEPI/DEPI project/anomx/venv/lib/python3.12/site-packages/airflow/example_dags/example_sla_dag.py took 0.186 seconds
[2026-06-21T22:05:14.204+0300] {processor.py:161} INFO - Started process (PID=17964) to work on /media/data/omar/programming course/DEPI/DEPI project/anomx/venv/lib/python3.12/site-packages/airflow/example_dags/example_sla_dag.py
[2026-06-21T22:05:14.206+0300] {processor.py:830} INFO - Processing file /media/data/omar/programming course/DEPI/DEPI project/anomx/venv/lib/python3.12/site-packages/airflow/example_dags/example_sla_dag.py for tasks to queue
[2026-06-21T22:05:14.210+0300] {logging_mixin.py:188} INFO - [2026-06-21T22:05:14.209+0300] {dagbag.py:540} INFO - Filling up the DagBag from /media/data/omar/programming course/DEPI/DEPI project/anomx/venv/lib/python3.12/site-packages/airflow/example_dags/example_sla_dag.py
[2026-06-21T22:05:14.226+0300] {processor.py:840} INFO - DAG(s) 'example_sla_dag' retrieved from /media/data/omar/programming course/DEPI/DEPI project/anomx/venv/lib/python3.12/site-packages/airflow/example_dags/example_sla_dag.py
[2026-06-21T22:05:14.241+0300] {logging_mixin.py:188} INFO - [2026-06-21T22:05:14.241+0300] {dag.py:3096} INFO - Sync 1 DAGs
[2026-06-21T22:05:14.260+0300] {logging_mixin.py:188} INFO - [2026-06-21T22:05:14.259+0300] {dag.py:3954} INFO - Setting next_dagrun for example_sla_dag to 2026-06-21 19:02:00+00:00, run_after=2026-06-21 19:04:00+00:00
[2026-06-21T22:05:14.287+0300] {processor.py:183} INFO - Processing /media/data/omar/programming course/DEPI/DEPI project/anomx/venv/lib/python3.12/site-packages/airflow/example_dags/example_sla_dag.py took 0.096 seconds
[2026-06-21T22:06:11.818+0300] {processor.py:161} INFO - Started process (PID=18057) to work on /media/data/omar/programming course/DEPI/DEPI project/anomx/venv/lib/python3.12/site-packages/airflow/example_dags/example_sla_dag.py
[2026-06-21T22:06:11.819+0300] {processor.py:830} INFO - Processing file /media/data/omar/programming course/DEPI/DEPI project/anomx/venv/lib/python3.12/site-packages/airflow/example_dags/example_sla_dag.py for tasks to queue
[2026-06-21T22:06:11.822+0300] {logging_mixin.py:188} INFO - [2026-06-21T22:06:11.821+0300] {dagbag.py:540} INFO - Filling up the DagBag from /media/data/omar/programming course/DEPI/DEPI project/anomx/venv/lib/python3.12/site-packages/airflow/example_dags/example_sla_dag.py
[2026-06-21T22:06:11.839+0300] {processor.py:840} INFO - DAG(s) 'example_sla_dag' retrieved from /media/data/omar/programming course/DEPI/DEPI project/anomx/venv/lib/python3.12/site-packages/airflow/example_dags/example_sla_dag.py
[2026-06-21T22:06:11.855+0300] {logging_mixin.py:188} INFO - [2026-06-21T22:06:11.855+0300] {dag.py:3096} INFO - Sync 1 DAGs
[2026-06-21T22:06:11.874+0300] {logging_mixin.py:188} INFO - [2026-06-21T22:06:11.874+0300] {dag.py:3954} INFO - Setting next_dagrun for example_sla_dag to 2026-06-21 19:04:00+00:00, run_after=2026-06-21 19:06:00+00:00
[2026-06-21T22:06:11.901+0300] {processor.py:183} INFO - Processing /media/data/omar/programming course/DEPI/DEPI project/anomx/venv/lib/python3.12/site-packages/airflow/example_dags/example_sla_dag.py took 0.093 seconds
[2026-06-21T22:07:09.364+0300] {processor.py:161} INFO - Started process (PID=18148) to work on /media/data/omar/programming course/DEPI/DEPI project/anomx/venv/lib/python3.12/site-packages/airflow/example_dags/example_sla_dag.py
[2026-06-21T22:07:09.366+0300] {processor.py:830} INFO - Processing file /media/data/omar/programming course/DEPI/DEPI project/anomx/venv/lib/python3.12/site-packages/airflow/example_dags/example_sla_dag.py for tasks to queue
[2026-06-21T22:07:09.369+0300] {logging_mixin.py:188} INFO - [2026-06-21T22:07:09.368+0300] {dagbag.py:540} INFO - Filling up the DagBag from /media/data/omar/programming course/DEPI/DEPI project/anomx/venv/lib/python3.12/site-packages/airflow/example_dags/example_sla_dag.py
[2026-06-21T22:07:09.381+0300] {processor.py:840} INFO - DAG(s) 'example_sla_dag' retrieved from /media/data/omar/programming course/DEPI/DEPI project/anomx/venv/lib/python3.12/site-packages/airflow/example_dags/example_sla_dag.py
[2026-06-21T22:07:09.396+0300] {logging_mixin.py:188} INFO - [2026-06-21T22:07:09.395+0300] {dag.py:3096} INFO - Sync 1 DAGs
[2026-06-21T22:07:09.416+0300] {logging_mixin.py:188} INFO - [2026-06-21T22:07:09.415+0300] {dag.py:3954} INFO - Setting next_dagrun for example_sla_dag to 2026-06-21 19:04:00+00:00, run_after=2026-06-21 19:06:00+00:00
[2026-06-21T22:07:09.524+0300] {processor.py:183} INFO - Processing /media/data/omar/programming course/DEPI/DEPI project/anomx/venv/lib/python3.12/site-packages/airflow/example_dags/example_sla_dag.py took 0.171 seconds
[2026-06-21T22:08:08.122+0300] {processor.py:161} INFO - Started process (PID=18240) to work on /media/data/omar/programming course/DEPI/DEPI project/anomx/venv/lib/python3.12/site-packages/airflow/example_dags/example_sla_dag.py
[2026-06-21T22:08:08.124+0300] {processor.py:830} INFO - Processing file /media/data/omar/programming course/DEPI/DEPI project/anomx/venv/lib/python3.12/site-packages/airflow/example_dags/example_sla_dag.py for tasks to queue
[2026-06-21T22:08:08.127+0300] {logging_mixin.py:188} INFO - [2026-06-21T22:08:08.126+0300] {dagbag.py:540} INFO - Filling up the DagBag from /media/data/omar/programming course/DEPI/DEPI project/anomx/venv/lib/python3.12/site-packages/airflow/example_dags/example_sla_dag.py
[2026-06-21T22:08:08.139+0300] {processor.py:840} INFO - DAG(s) 'example_sla_dag' retrieved from /media/data/omar/programming course/DEPI/DEPI project/anomx/venv/lib/python3.12/site-packages/airflow/example_dags/example_sla_dag.py
[2026-06-21T22:08:08.153+0300] {logging_mixin.py:188} INFO - [2026-06-21T22:08:08.152+0300] {dag.py:3096} INFO - Sync 1 DAGs
[2026-06-21T22:08:08.172+0300] {logging_mixin.py:188} INFO - [2026-06-21T22:08:08.172+0300] {dag.py:3954} INFO - Setting next_dagrun for example_sla_dag to 2026-06-21 19:06:00+00:00, run_after=2026-06-21 19:08:00+00:00
[2026-06-21T22:08:08.199+0300] {processor.py:183} INFO - Processing /media/data/omar/programming course/DEPI/DEPI project/anomx/venv/lib/python3.12/site-packages/airflow/example_dags/example_sla_dag.py took 0.095 seconds
[2026-06-21T22:09:04.500+0300] {processor.py:161} INFO - Started process (PID=18321) to work on /media/data/omar/programming course/DEPI/DEPI project/anomx/venv/lib/python3.12/site-packages/airflow/example_dags/example_sla_dag.py
[2026-06-21T22:09:04.502+0300] {processor.py:830} INFO - Processing file /media/data/omar/programming course/DEPI/DEPI project/anomx/venv/lib/python3.12/site-packages/airflow/example_dags/example_sla_dag.py for tasks to queue
[2026-06-21T22:09:04.504+0300] {logging_mixin.py:188} INFO - [2026-06-21T22:09:04.503+0300] {dagbag.py:540} INFO - Filling up the DagBag from /media/data/omar/programming course/DEPI/DEPI project/anomx/venv/lib/python3.12/site-packages/airflow/example_dags/example_sla_dag.py
[2026-06-21T22:09:04.516+0300] {processor.py:840} INFO - DAG(s) 'example_sla_dag' retrieved from /media/data/omar/programming course/DEPI/DEPI project/anomx/venv/lib/python3.12/site-packages/airflow/example_dags/example_sla_dag.py
[2026-06-21T22:09:04.534+0300] {logging_mixin.py:188} INFO - [2026-06-21T22:09:04.534+0300] {dag.py:3096} INFO - Sync 1 DAGs
[2026-06-21T22:09:04.554+0300] {logging_mixin.py:188} INFO - [2026-06-21T22:09:04.554+0300] {dag.py:3954} INFO - Setting next_dagrun for example_sla_dag to 2026-06-21 19:06:00+00:00, run_after=2026-06-21 19:08:00+00:00
[2026-06-21T22:09:04.581+0300] {processor.py:183} INFO - Processing /media/data/omar/programming course/DEPI/DEPI project/anomx/venv/lib/python3.12/site-packages/airflow/example_dags/example_sla_dag.py took 0.090 seconds
[2026-06-21T22:10:06.749+0300] {processor.py:161} INFO - Started process (PID=18578) to work on /media/data/omar/programming course/DEPI/DEPI project/anomx/venv/lib/python3.12/site-packages/airflow/example_dags/example_sla_dag.py
[2026-06-21T22:10:06.750+0300] {processor.py:830} INFO - Processing file /media/data/omar/programming course/DEPI/DEPI project/anomx/venv/lib/python3.12/site-packages/airflow/example_dags/example_sla_dag.py for tasks to queue
[2026-06-21T22:10:06.752+0300] {logging_mixin.py:188} INFO - [2026-06-21T22:10:06.751+0300] {dagbag.py:540} INFO - Filling up the DagBag from /media/data/omar/programming course/DEPI/DEPI project/anomx/venv/lib/python3.12/site-packages/airflow/example_dags/example_sla_dag.py
[2026-06-21T22:10:06.761+0300] {processor.py:840} INFO - DAG(s) 'example_sla_dag' retrieved from /media/data/omar/programming course/DEPI/DEPI project/anomx/venv/lib/python3.12/site-packages/airflow/example_dags/example_sla_dag.py
[2026-06-21T22:10:06.775+0300] {logging_mixin.py:188} INFO - [2026-06-21T22:10:06.775+0300] {dag.py:3096} INFO - Sync 1 DAGs
[2026-06-21T22:10:06.796+0300] {logging_mixin.py:188} INFO - [2026-06-21T22:10:06.796+0300] {dag.py:3954} INFO - Setting next_dagrun for example_sla_dag to 2026-06-21 19:08:00+00:00, run_after=2026-06-21 19:10:00+00:00
[2026-06-21T22:10:06.996+0300] {processor.py:183} INFO - Processing /media/data/omar/programming course/DEPI/DEPI project/anomx/venv/lib/python3.12/site-packages/airflow/example_dags/example_sla_dag.py took 0.252 seconds
[2026-06-21T22:11:01.905+0300] {processor.py:161} INFO - Started process (PID=18747) to work on /media/data/omar/programming course/DEPI/DEPI project/anomx/venv/lib/python3.12/site-packages/airflow/example_dags/example_sla_dag.py
[2026-06-21T22:11:01.906+0300] {processor.py:830} INFO - Processing file /media/data/omar/programming course/DEPI/DEPI project/anomx/venv/lib/python3.12/site-packages/airflow/example_dags/example_sla_dag.py for tasks to queue
[2026-06-21T22:11:01.909+0300] {logging_mixin.py:188} INFO - [2026-06-21T22:11:01.909+0300] {dagbag.py:540} INFO - Filling up the DagBag from /media/data/omar/programming course/DEPI/DEPI project/anomx/venv/lib/python3.12/site-packages/airflow/example_dags/example_sla_dag.py
[2026-06-21T22:11:01.921+0300] {processor.py:840} INFO - DAG(s) 'example_sla_dag' retrieved from /media/data/omar/programming course/DEPI/DEPI project/anomx/venv/lib/python3.12/site-packages/airflow/example_dags/example_sla_dag.py
[2026-06-21T22:11:01.937+0300] {logging_mixin.py:188} INFO - [2026-06-21T22:11:01.937+0300] {dag.py:3096} INFO - Sync 1 DAGs
[2026-06-21T22:11:01.959+0300] {logging_mixin.py:188} INFO - [2026-06-21T22:11:01.959+0300] {dag.py:3954} INFO - Setting next_dagrun for example_sla_dag to 2026-06-21 19:08:00+00:00, run_after=2026-06-21 19:10:00+00:00
[2026-06-21T22:11:01.987+0300] {processor.py:183} INFO - Processing /media/data/omar/programming course/DEPI/DEPI project/anomx/venv/lib/python3.12/site-packages/airflow/example_dags/example_sla_dag.py took 0.091 seconds
[2026-06-21T22:11:59.570+0300] {processor.py:161} INFO - Started process (PID=18883) to work on /media/data/omar/programming course/DEPI/DEPI project/anomx/venv/lib/python3.12/site-packages/airflow/example_dags/example_sla_dag.py
[2026-06-21T22:11:59.571+0300] {processor.py:830} INFO - Processing file /media/data/omar/programming course/DEPI/DEPI project/anomx/venv/lib/python3.12/site-packages/airflow/example_dags/example_sla_dag.py for tasks to queue
[2026-06-21T22:11:59.574+0300] {logging_mixin.py:188} INFO - [2026-06-21T22:11:59.573+0300] {dagbag.py:540} INFO - Filling up the DagBag from /media/data/omar/programming course/DEPI/DEPI project/anomx/venv/lib/python3.12/site-packages/airflow/example_dags/example_sla_dag.py
[2026-06-21T22:11:59.585+0300] {processor.py:840} INFO - DAG(s) 'example_sla_dag' retrieved from /media/data/omar/programming course/DEPI/DEPI project/anomx/venv/lib/python3.12/site-packages/airflow/example_dags/example_sla_dag.py
[2026-06-21T22:11:59.600+0300] {logging_mixin.py:188} INFO - [2026-06-21T22:11:59.599+0300] {dag.py:3096} INFO - Sync 1 DAGs
[2026-06-21T22:11:59.619+0300] {logging_mixin.py:188} INFO - [2026-06-21T22:11:59.619+0300] {dag.py:3954} INFO - Setting next_dagrun for example_sla_dag to 2026-06-21 19:08:00+00:00, run_after=2026-06-21 19:10:00+00:00
[2026-06-21T22:11:59.646+0300] {processor.py:183} INFO - Processing /media/data/omar/programming course/DEPI/DEPI project/anomx/venv/lib/python3.12/site-packages/airflow/example_dags/example_sla_dag.py took 0.095 seconds
[2026-06-21T22:12:52.262+0300] {processor.py:161} INFO - Started process (PID=18974) to work on /media/data/omar/programming course/DEPI/DEPI project/anomx/venv/lib/python3.12/site-packages/airflow/example_dags/example_sla_dag.py
[2026-06-21T22:12:52.263+0300] {processor.py:830} INFO - Processing file /media/data/omar/programming course/DEPI/DEPI project/anomx/venv/lib/python3.12/site-packages/airflow/example_dags/example_sla_dag.py for tasks to queue
[2026-06-21T22:12:52.264+0300] {logging_mixin.py:188} INFO - [2026-06-21T22:12:52.264+0300] {dagbag.py:540} INFO - Filling up the DagBag from /media/data/omar/programming course/DEPI/DEPI project/anomx/venv/lib/python3.12/site-packages/airflow/example_dags/example_sla_dag.py
[2026-06-21T22:12:52.273+0300] {processor.py:840} INFO - DAG(s) 'example_sla_dag' retrieved from /media/data/omar/programming course/DEPI/DEPI project/anomx/venv/lib/python3.12/site-packages/airflow/example_dags/example_sla_dag.py
[2026-06-21T22:12:52.291+0300] {logging_mixin.py:188} INFO - [2026-06-21T22:12:52.290+0300] {dag.py:3096} INFO - Sync 1 DAGs
[2026-06-21T22:12:52.315+0300] {logging_mixin.py:188} INFO - [2026-06-21T22:12:52.315+0300] {dag.py:3954} INFO - Setting next_dagrun for example_sla_dag to 2026-06-21 19:10:00+00:00, run_after=2026-06-21 19:12:00+00:00
[2026-06-21T22:12:52.347+0300] {processor.py:183} INFO - Processing /media/data/omar/programming course/DEPI/DEPI project/anomx/venv/lib/python3.12/site-packages/airflow/example_dags/example_sla_dag.py took 0.094 seconds
[2026-06-21T22:13:43.838+0300] {processor.py:161} INFO - Started process (PID=19108) to work on /media/data/omar/programming course/DEPI/DEPI project/anomx/venv/lib/python3.12/site-packages/airflow/example_dags/example_sla_dag.py
[2026-06-21T22:13:43.840+0300] {processor.py:830} INFO - Processing file /media/data/omar/programming course/DEPI/DEPI project/anomx/venv/lib/python3.12/site-packages/airflow/example_dags/example_sla_dag.py for tasks to queue
[2026-06-21T22:13:43.842+0300] {logging_mixin.py:188} INFO - [2026-06-21T22:13:43.841+0300] {dagbag.py:540} INFO - Filling up the DagBag from /media/data/omar/programming course/DEPI/DEPI project/anomx/venv/lib/python3.12/site-packages/airflow/example_dags/example_sla_dag.py
[2026-06-21T22:13:43.854+0300] {processor.py:840} INFO - DAG(s) 'example_sla_dag' retrieved from /media/data/omar/programming course/DEPI/DEPI project/anomx/venv/lib/python3.12/site-packages/airflow/example_dags/example_sla_dag.py
[2026-06-21T22:13:43.876+0300] {logging_mixin.py:188} INFO - [2026-06-21T22:13:43.875+0300] {dag.py:3096} INFO - Sync 1 DAGs
[2026-06-21T22:13:43.898+0300] {logging_mixin.py:188} INFO - [2026-06-21T22:13:43.898+0300] {dag.py:3954} INFO - Setting next_dagrun for example_sla_dag to 2026-06-21 19:10:00+00:00, run_after=2026-06-21 19:12:00+00:00
[2026-06-21T22:13:43.927+0300] {processor.py:183} INFO - Processing /media/data/omar/programming course/DEPI/DEPI project/anomx/venv/lib/python3.12/site-packages/airflow/example_dags/example_sla_dag.py took 0.096 seconds
[2026-06-21T22:14:42.262+0300] {processor.py:161} INFO - Started process (PID=19215) to work on /media/data/omar/programming course/DEPI/DEPI project/anomx/venv/lib/python3.12/site-packages/airflow/example_dags/example_sla_dag.py
[2026-06-21T22:14:42.262+0300] {processor.py:830} INFO - Processing file /media/data/omar/programming course/DEPI/DEPI project/anomx/venv/lib/python3.12/site-packages/airflow/example_dags/example_sla_dag.py for tasks to queue
[2026-06-21T22:14:42.265+0300] {logging_mixin.py:188} INFO - [2026-06-21T22:14:42.264+0300] {dagbag.py:540} INFO - Filling up the DagBag from /media/data/omar/programming course/DEPI/DEPI project/anomx/venv/lib/python3.12/site-packages/airflow/example_dags/example_sla_dag.py
[2026-06-21T22:14:42.276+0300] {processor.py:840} INFO - DAG(s) 'example_sla_dag' retrieved from /media/data/omar/programming course/DEPI/DEPI project/anomx/venv/lib/python3.12/site-packages/airflow/example_dags/example_sla_dag.py
[2026-06-21T22:14:42.293+0300] {logging_mixin.py:188} INFO - [2026-06-21T22:14:42.293+0300] {dag.py:3096} INFO - Sync 1 DAGs
[2026-06-21T22:14:42.314+0300] {logging_mixin.py:188} INFO - [2026-06-21T22:14:42.313+0300] {dag.py:3954} INFO - Setting next_dagrun for example_sla_dag to 2026-06-21 19:12:00+00:00, run_after=2026-06-21 19:14:00+00:00
[2026-06-21T22:14:42.345+0300] {processor.py:183} INFO - Processing /media/data/omar/programming course/DEPI/DEPI project/anomx/venv/lib/python3.12/site-packages/airflow/example_dags/example_sla_dag.py took 0.088 seconds
[2026-06-21T22:15:38.633+0300] {processor.py:161} INFO - Started process (PID=19319) to work on /media/data/omar/programming course/DEPI/DEPI project/anomx/venv/lib/python3.12/site-packages/airflow/example_dags/example_sla_dag.py
[2026-06-21T22:15:38.637+0300] {processor.py:830} INFO - Processing file /media/data/omar/programming course/DEPI/DEPI project/anomx/venv/lib/python3.12/site-packages/airflow/example_dags/example_sla_dag.py for tasks to queue
[2026-06-21T22:15:38.645+0300] {logging_mixin.py:188} INFO - [2026-06-21T22:15:38.643+0300] {dagbag.py:540} INFO - Filling up the DagBag from /media/data/omar/programming course/DEPI/DEPI project/anomx/venv/lib/python3.12/site-packages/airflow/example_dags/example_sla_dag.py
[2026-06-21T22:15:38.676+0300] {processor.py:840} INFO - DAG(s) 'example_sla_dag' retrieved from /media/data/omar/programming course/DEPI/DEPI project/anomx/venv/lib/python3.12/site-packages/airflow/example_dags/example_sla_dag.py
[2026-06-21T22:15:38.717+0300] {logging_mixin.py:188} INFO - [2026-06-21T22:15:38.717+0300] {dag.py:3096} INFO - Sync 1 DAGs
[2026-06-21T22:15:38.744+0300] {logging_mixin.py:188} INFO - [2026-06-21T22:15:38.744+0300] {dag.py:3954} INFO - Setting next_dagrun for example_sla_dag to 2026-06-21 19:12:00+00:00, run_after=2026-06-21 19:14:00+00:00
[2026-06-21T22:15:38.773+0300] {processor.py:183} INFO - Processing /media/data/omar/programming course/DEPI/DEPI project/anomx/venv/lib/python3.12/site-packages/airflow/example_dags/example_sla_dag.py took 0.165 seconds
[2026-06-21T22:16:31.352+0300] {processor.py:161} INFO - Started process (PID=19698) to work on /media/data/omar/programming course/DEPI/DEPI project/anomx/venv/lib/python3.12/site-packages/airflow/example_dags/example_sla_dag.py
[2026-06-21T22:16:31.353+0300] {processor.py:830} INFO - Processing file /media/data/omar/programming course/DEPI/DEPI project/anomx/venv/lib/python3.12/site-packages/airflow/example_dags/example_sla_dag.py for tasks to queue
[2026-06-21T22:16:31.356+0300] {logging_mixin.py:188} INFO - [2026-06-21T22:16:31.355+0300] {dagbag.py:540} INFO - Filling up the DagBag from /media/data/omar/programming course/DEPI/DEPI project/anomx/venv/lib/python3.12/site-packages/airflow/example_dags/example_sla_dag.py
[2026-06-21T22:16:31.366+0300] {processor.py:840} INFO - DAG(s) 'example_sla_dag' retrieved from /media/data/omar/programming course/DEPI/DEPI project/anomx/venv/lib/python3.12/site-packages/airflow/example_dags/example_sla_dag.py
[2026-06-21T22:16:31.380+0300] {logging_mixin.py:188} INFO - [2026-06-21T22:16:31.380+0300] {dag.py:3096} INFO - Sync 1 DAGs
[2026-06-21T22:16:31.400+0300] {logging_mixin.py:188} INFO - [2026-06-21T22:16:31.400+0300] {dag.py:3954} INFO - Setting next_dagrun for example_sla_dag to 2026-06-21 19:14:00+00:00, run_after=2026-06-21 19:16:00+00:00
[2026-06-21T22:16:31.427+0300] {processor.py:183} INFO - Processing /media/data/omar/programming course/DEPI/DEPI project/anomx/venv/lib/python3.12/site-packages/airflow/example_dags/example_sla_dag.py took 0.089 seconds
[2026-06-21T22:17:28.466+0300] {processor.py:161} INFO - Started process (PID=19816) to work on /media/data/omar/programming course/DEPI/DEPI project/anomx/venv/lib/python3.12/site-packages/airflow/example_dags/example_sla_dag.py
[2026-06-21T22:17:28.469+0300] {processor.py:830} INFO - Processing file /media/data/omar/programming course/DEPI/DEPI project/anomx/venv/lib/python3.12/site-packages/airflow/example_dags/example_sla_dag.py for tasks to queue
[2026-06-21T22:17:28.475+0300] {logging_mixin.py:188} INFO - [2026-06-21T22:17:28.473+0300] {dagbag.py:540} INFO - Filling up the DagBag from /media/data/omar/programming course/DEPI/DEPI project/anomx/venv/lib/python3.12/site-packages/airflow/example_dags/example_sla_dag.py
[2026-06-21T22:17:28.494+0300] {processor.py:840} INFO - DAG(s) 'example_sla_dag' retrieved from /media/data/omar/programming course/DEPI/DEPI project/anomx/venv/lib/python3.12/site-packages/airflow/example_dags/example_sla_dag.py
[2026-06-21T22:17:28.510+0300] {logging_mixin.py:188} INFO - [2026-06-21T22:17:28.509+0300] {dag.py:3096} INFO - Sync 1 DAGs
[2026-06-21T22:17:28.528+0300] {logging_mixin.py:188} INFO - [2026-06-21T22:17:28.527+0300] {dag.py:3954} INFO - Setting next_dagrun for example_sla_dag to 2026-06-21 19:14:00+00:00, run_after=2026-06-21 19:16:00+00:00
[2026-06-21T22:17:28.553+0300] {processor.py:183} INFO - Processing /media/data/omar/programming course/DEPI/DEPI project/anomx/venv/lib/python3.12/site-packages/airflow/example_dags/example_sla_dag.py took 0.105 seconds
[2026-06-21T22:18:28.447+0300] {processor.py:161} INFO - Started process (PID=19971) to work on /media/data/omar/programming course/DEPI/DEPI project/anomx/venv/lib/python3.12/site-packages/airflow/example_dags/example_sla_dag.py
[2026-06-21T22:18:28.451+0300] {processor.py:830} INFO - Processing file /media/data/omar/programming course/DEPI/DEPI project/anomx/venv/lib/python3.12/site-packages/airflow/example_dags/example_sla_dag.py for tasks to queue
[2026-06-21T22:18:28.454+0300] {logging_mixin.py:188} INFO - [2026-06-21T22:18:28.454+0300] {dagbag.py:540} INFO - Filling up the DagBag from /media/data/omar/programming course/DEPI/DEPI project/anomx/venv/lib/python3.12/site-packages/airflow/example_dags/example_sla_dag.py
[2026-06-21T22:18:28.468+0300] {processor.py:840} INFO - DAG(s) 'example_sla_dag' retrieved from /media/data/omar/programming course/DEPI/DEPI project/anomx/venv/lib/python3.12/site-packages/airflow/example_dags/example_sla_dag.py
[2026-06-21T22:18:28.492+0300] {logging_mixin.py:188} INFO - [2026-06-21T22:18:28.492+0300] {dag.py:3096} INFO - Sync 1 DAGs
[2026-06-21T22:18:28.521+0300] {logging_mixin.py:188} INFO - [2026-06-21T22:18:28.518+0300] {dag.py:3954} INFO - Setting next_dagrun for example_sla_dag to 2026-06-21 19:16:00+00:00, run_after=2026-06-21 19:18:00+00:00
[2026-06-21T22:18:28.568+0300] {processor.py:183} INFO - Processing /media/data/omar/programming course/DEPI/DEPI project/anomx/venv/lib/python3.12/site-packages/airflow/example_dags/example_sla_dag.py took 0.137 seconds
[2026-06-21T22:19:26.143+0300] {processor.py:161} INFO - Started process (PID=20069) to work on /media/data/omar/programming course/DEPI/DEPI project/anomx/venv/lib/python3.12/site-packages/airflow/example_dags/example_sla_dag.py
[2026-06-21T22:19:26.144+0300] {processor.py:830} INFO - Processing file /media/data/omar/programming course/DEPI/DEPI project/anomx/venv/lib/python3.12/site-packages/airflow/example_dags/example_sla_dag.py for tasks to queue
[2026-06-21T22:19:26.145+0300] {logging_mixin.py:188} INFO - [2026-06-21T22:19:26.145+0300] {dagbag.py:540} INFO - Filling up the DagBag from /media/data/omar/programming course/DEPI/DEPI project/anomx/venv/lib/python3.12/site-packages/airflow/example_dags/example_sla_dag.py
[2026-06-21T22:19:26.154+0300] {processor.py:840} INFO - DAG(s) 'example_sla_dag' retrieved from /media/data/omar/programming course/DEPI/DEPI project/anomx/venv/lib/python3.12/site-packages/airflow/example_dags/example_sla_dag.py
[2026-06-21T22:19:26.168+0300] {logging_mixin.py:188} INFO - [2026-06-21T22:19:26.168+0300] {dag.py:3096} INFO - Sync 1 DAGs
[2026-06-21T22:19:26.187+0300] {logging_mixin.py:188} INFO - [2026-06-21T22:19:26.187+0300] {dag.py:3954} INFO - Setting next_dagrun for example_sla_dag to 2026-06-21 19:16:00+00:00, run_after=2026-06-21 19:18:00+00:00
[2026-06-21T22:19:26.213+0300] {processor.py:183} INFO - Processing /media/data/omar/programming course/DEPI/DEPI project/anomx/venv/lib/python3.12/site-packages/airflow/example_dags/example_sla_dag.py took 0.076 seconds
[2026-06-21T22:20:25.278+0300] {processor.py:161} INFO - Started process (PID=20171) to work on /media/data/omar/programming course/DEPI/DEPI project/anomx/venv/lib/python3.12/site-packages/airflow/example_dags/example_sla_dag.py
[2026-06-21T22:20:25.278+0300] {processor.py:830} INFO - Processing file /media/data/omar/programming course/DEPI/DEPI project/anomx/venv/lib/python3.12/site-packages/airflow/example_dags/example_sla_dag.py for tasks to queue
[2026-06-21T22:20:25.280+0300] {logging_mixin.py:188} INFO - [2026-06-21T22:20:25.280+0300] {dagbag.py:540} INFO - Filling up the DagBag from /media/data/omar/programming course/DEPI/DEPI project/anomx/venv/lib/python3.12/site-packages/airflow/example_dags/example_sla_dag.py
[2026-06-21T22:20:25.287+0300] {processor.py:840} INFO - DAG(s) 'example_sla_dag' retrieved from /media/data/omar/programming course/DEPI/DEPI project/anomx/venv/lib/python3.12/site-packages/airflow/example_dags/example_sla_dag.py
[2026-06-21T22:20:25.300+0300] {logging_mixin.py:188} INFO - [2026-06-21T22:20:25.299+0300] {dag.py:3096} INFO - Sync 1 DAGs
[2026-06-21T22:20:25.318+0300] {logging_mixin.py:188} INFO - [2026-06-21T22:20:25.318+0300] {dag.py:3954} INFO - Setting next_dagrun for example_sla_dag to 2026-06-21 19:18:00+00:00, run_after=2026-06-21 19:20:00+00:00
[2026-06-21T22:20:25.344+0300] {processor.py:183} INFO - Processing /media/data/omar/programming course/DEPI/DEPI project/anomx/venv/lib/python3.12/site-packages/airflow/example_dags/example_sla_dag.py took 0.071 seconds
[2026-06-21T22:21:02.326+0300] {processor.py:161} INFO - Started process (PID=20242) to work on /media/data/omar/programming course/DEPI/DEPI project/anomx/venv/lib/python3.12/site-packages/airflow/example_dags/example_sla_dag.py
[2026-06-21T22:21:02.328+0300] {processor.py:830} INFO - Processing file /media/data/omar/programming course/DEPI/DEPI project/anomx/venv/lib/python3.12/site-packages/airflow/example_dags/example_sla_dag.py for tasks to queue
[2026-06-21T22:21:02.332+0300] {logging_mixin.py:188} INFO - [2026-06-21T22:21:02.330+0300] {dagbag.py:540} INFO - Filling up the DagBag from /media/data/omar/programming course/DEPI/DEPI project/anomx/venv/lib/python3.12/site-packages/airflow/example_dags/example_sla_dag.py
[2026-06-21T22:21:02.349+0300] {processor.py:840} INFO - DAG(s) 'example_sla_dag' retrieved from /media/data/omar/programming course/DEPI/DEPI project/anomx/venv/lib/python3.12/site-packages/airflow/example_dags/example_sla_dag.py
[2026-06-21T22:21:02.411+0300] {logging_mixin.py:188} INFO - [2026-06-21T22:21:02.411+0300] {dag.py:3096} INFO - Sync 1 DAGs
[2026-06-21T22:21:02.480+0300] {logging_mixin.py:188} INFO - [2026-06-21T22:21:02.479+0300] {dag.py:3954} INFO - Setting next_dagrun for example_sla_dag to 2026-06-21 19:18:00+00:00, run_after=2026-06-21 19:20:00+00:00
[2026-06-21T22:21:02.555+0300] {processor.py:183} INFO - Processing /media/data/omar/programming course/DEPI/DEPI project/anomx/venv/lib/python3.12/site-packages/airflow/example_dags/example_sla_dag.py took 0.243 seconds
[2026-06-21T22:22:01.862+0300] {processor.py:161} INFO - Started process (PID=20333) to work on /media/data/omar/programming course/DEPI/DEPI project/anomx/venv/lib/python3.12/site-packages/airflow/example_dags/example_sla_dag.py
[2026-06-21T22:22:01.864+0300] {processor.py:830} INFO - Processing file /media/data/omar/programming course/DEPI/DEPI project/anomx/venv/lib/python3.12/site-packages/airflow/example_dags/example_sla_dag.py for tasks to queue
[2026-06-21T22:22:01.869+0300] {logging_mixin.py:188} INFO - [2026-06-21T22:22:01.868+0300] {dagbag.py:540} INFO - Filling up the DagBag from /media/data/omar/programming course/DEPI/DEPI project/anomx/venv/lib/python3.12/site-packages/airflow/example_dags/example_sla_dag.py
[2026-06-21T22:22:01.890+0300] {processor.py:840} INFO - DAG(s) 'example_sla_dag' retrieved from /media/data/omar/programming course/DEPI/DEPI project/anomx/venv/lib/python3.12/site-packages/airflow/example_dags/example_sla_dag.py
[2026-06-21T22:22:01.909+0300] {logging_mixin.py:188} INFO - [2026-06-21T22:22:01.909+0300] {dag.py:3096} INFO - Sync 1 DAGs
[2026-06-21T22:22:01.929+0300] {logging_mixin.py:188} INFO - [2026-06-21T22:22:01.928+0300] {dag.py:3954} INFO - Setting next_dagrun for example_sla_dag to 2026-06-21 19:20:00+00:00, run_after=2026-06-21 19:22:00+00:00
[2026-06-21T22:22:01.956+0300] {processor.py:183} INFO - Processing /media/data/omar/programming course/DEPI/DEPI project/anomx/venv/lib/python3.12/site-packages/airflow/example_dags/example_sla_dag.py took 0.107 seconds
[2026-06-21T22:23:13.791+0300] {processor.py:161} INFO - Started process (PID=20473) to work on /media/data/omar/programming course/DEPI/DEPI project/anomx/venv/lib/python3.12/site-packages/airflow/example_dags/example_sla_dag.py
[2026-06-21T22:23:13.794+0300] {processor.py:830} INFO - Processing file /media/data/omar/programming course/DEPI/DEPI project/anomx/venv/lib/python3.12/site-packages/airflow/example_dags/example_sla_dag.py for tasks to queue
[2026-06-21T22:23:13.800+0300] {logging_mixin.py:188} INFO - [2026-06-21T22:23:13.798+0300] {dagbag.py:540} INFO - Filling up the DagBag from /media/data/omar/programming course/DEPI/DEPI project/anomx/venv/lib/python3.12/site-packages/airflow/example_dags/example_sla_dag.py
[2026-06-21T22:23:13.816+0300] {processor.py:840} INFO - DAG(s) 'example_sla_dag' retrieved from /media/data/omar/programming course/DEPI/DEPI project/anomx/venv/lib/python3.12/site-packages/airflow/example_dags/example_sla_dag.py
[2026-06-21T22:23:13.836+0300] {logging_mixin.py:188} INFO - [2026-06-21T22:23:13.836+0300] {dag.py:3096} INFO - Sync 1 DAGs
[2026-06-21T22:23:13.854+0300] {logging_mixin.py:188} INFO - [2026-06-21T22:23:13.853+0300] {dag.py:3954} INFO - Setting next_dagrun for example_sla_dag to 2026-06-21 19:20:00+00:00, run_after=2026-06-21 19:22:00+00:00
[2026-06-21T22:23:13.879+0300] {processor.py:183} INFO - Processing /media/data/omar/programming course/DEPI/DEPI project/anomx/venv/lib/python3.12/site-packages/airflow/example_dags/example_sla_dag.py took 0.111 seconds
[2026-06-21T22:24:13.381+0300] {processor.py:161} INFO - Started process (PID=20568) to work on /media/data/omar/programming course/DEPI/DEPI project/anomx/venv/lib/python3.12/site-packages/airflow/example_dags/example_sla_dag.py
[2026-06-21T22:24:13.382+0300] {processor.py:830} INFO - Processing file /media/data/omar/programming course/DEPI/DEPI project/anomx/venv/lib/python3.12/site-packages/airflow/example_dags/example_sla_dag.py for tasks to queue
[2026-06-21T22:24:13.387+0300] {logging_mixin.py:188} INFO - [2026-06-21T22:24:13.386+0300] {dagbag.py:540} INFO - Filling up the DagBag from /media/data/omar/programming course/DEPI/DEPI project/anomx/venv/lib/python3.12/site-packages/airflow/example_dags/example_sla_dag.py
[2026-06-21T22:24:13.395+0300] {processor.py:840} INFO - DAG(s) 'example_sla_dag' retrieved from /media/data/omar/programming course/DEPI/DEPI project/anomx/venv/lib/python3.12/site-packages/airflow/example_dags/example_sla_dag.py
[2026-06-21T22:24:13.409+0300] {logging_mixin.py:188} INFO - [2026-06-21T22:24:13.409+0300] {dag.py:3096} INFO - Sync 1 DAGs
[2026-06-21T22:24:13.427+0300] {logging_mixin.py:188} INFO - [2026-06-21T22:24:13.427+0300] {dag.py:3954} INFO - Setting next_dagrun for example_sla_dag to 2026-06-21 19:22:00+00:00, run_after=2026-06-21 19:24:00+00:00
[2026-06-21T22:24:13.453+0300] {processor.py:183} INFO - Processing /media/data/omar/programming course/DEPI/DEPI project/anomx/venv/lib/python3.12/site-packages/airflow/example_dags/example_sla_dag.py took 0.080 seconds
[2026-06-21T22:48:03.110+0300] {processor.py:161} INFO - Started process (PID=22136) to work on /media/data/omar/programming course/DEPI/DEPI project/anomx/venv/lib/python3.12/site-packages/airflow/example_dags/example_sla_dag.py
[2026-06-21T22:48:03.111+0300] {processor.py:830} INFO - Processing file /media/data/omar/programming course/DEPI/DEPI project/anomx/venv/lib/python3.12/site-packages/airflow/example_dags/example_sla_dag.py for tasks to queue
[2026-06-21T22:48:03.115+0300] {logging_mixin.py:188} INFO - [2026-06-21T22:48:03.114+0300] {dagbag.py:540} INFO - Filling up the DagBag from /media/data/omar/programming course/DEPI/DEPI project/anomx/venv/lib/python3.12/site-packages/airflow/example_dags/example_sla_dag.py
[2026-06-21T22:48:03.126+0300] {processor.py:840} INFO - DAG(s) 'example_sla_dag' retrieved from /media/data/omar/programming course/DEPI/DEPI project/anomx/venv/lib/python3.12/site-packages/airflow/example_dags/example_sla_dag.py
[2026-06-21T22:48:03.147+0300] {logging_mixin.py:188} INFO - [2026-06-21T22:48:03.147+0300] {dag.py:3096} INFO - Sync 1 DAGs
[2026-06-21T22:48:03.157+0300] {logging_mixin.py:188} INFO - [2026-06-21T22:48:03.157+0300] {dag.py:3118} INFO - Creating ORM DAG for example_sla_dag
[2026-06-21T22:48:03.169+0300] {logging_mixin.py:188} INFO - [2026-06-21T22:48:03.168+0300] {dag.py:3954} INFO - Setting next_dagrun for example_sla_dag to 2026-06-21 19:46:00+00:00, run_after=2026-06-21 19:48:00+00:00
[2026-06-21T22:48:03.196+0300] {processor.py:183} INFO - Processing /media/data/omar/programming course/DEPI/DEPI project/anomx/venv/lib/python3.12/site-packages/airflow/example_dags/example_sla_dag.py took 0.101 seconds
[2026-06-21T22:49:01.380+0300] {processor.py:161} INFO - Started process (PID=22227) to work on /media/data/omar/programming course/DEPI/DEPI project/anomx/venv/lib/python3.12/site-packages/airflow/example_dags/example_sla_dag.py
[2026-06-21T22:49:01.382+0300] {processor.py:830} INFO - Processing file /media/data/omar/programming course/DEPI/DEPI project/anomx/venv/lib/python3.12/site-packages/airflow/example_dags/example_sla_dag.py for tasks to queue
[2026-06-21T22:49:01.386+0300] {logging_mixin.py:188} INFO - [2026-06-21T22:49:01.385+0300] {dagbag.py:540} INFO - Filling up the DagBag from /media/data/omar/programming course/DEPI/DEPI project/anomx/venv/lib/python3.12/site-packages/airflow/example_dags/example_sla_dag.py
[2026-06-21T22:49:01.399+0300] {processor.py:840} INFO - DAG(s) 'example_sla_dag' retrieved from /media/data/omar/programming course/DEPI/DEPI project/anomx/venv/lib/python3.12/site-packages/airflow/example_dags/example_sla_dag.py
[2026-06-21T22:49:01.415+0300] {logging_mixin.py:188} INFO - [2026-06-21T22:49:01.415+0300] {dag.py:3096} INFO - Sync 1 DAGs
[2026-06-21T22:49:01.436+0300] {logging_mixin.py:188} INFO - [2026-06-21T22:49:01.436+0300] {dag.py:3954} INFO - Setting next_dagrun for example_sla_dag to 2026-06-21 19:46:00+00:00, run_after=2026-06-21 19:48:00+00:00
[2026-06-21T22:49:01.465+0300] {processor.py:183} INFO - Processing /media/data/omar/programming course/DEPI/DEPI project/anomx/venv/lib/python3.12/site-packages/airflow/example_dags/example_sla_dag.py took 0.099 seconds
[2026-06-21T22:49:57.233+0300] {processor.py:161} INFO - Started process (PID=22309) to work on /media/data/omar/programming course/DEPI/DEPI project/anomx/venv/lib/python3.12/site-packages/airflow/example_dags/example_sla_dag.py
[2026-06-21T22:49:57.235+0300] {processor.py:830} INFO - Processing file /media/data/omar/programming course/DEPI/DEPI project/anomx/venv/lib/python3.12/site-packages/airflow/example_dags/example_sla_dag.py for tasks to queue
[2026-06-21T22:49:57.240+0300] {logging_mixin.py:188} INFO - [2026-06-21T22:49:57.239+0300] {dagbag.py:540} INFO - Filling up the DagBag from /media/data/omar/programming course/DEPI/DEPI project/anomx/venv/lib/python3.12/site-packages/airflow/example_dags/example_sla_dag.py
[2026-06-21T22:49:57.252+0300] {processor.py:840} INFO - DAG(s) 'example_sla_dag' retrieved from /media/data/omar/programming course/DEPI/DEPI project/anomx/venv/lib/python3.12/site-packages/airflow/example_dags/example_sla_dag.py
[2026-06-21T22:49:57.268+0300] {logging_mixin.py:188} INFO - [2026-06-21T22:49:57.267+0300] {dag.py:3096} INFO - Sync 1 DAGs
[2026-06-21T22:49:57.287+0300] {logging_mixin.py:188} INFO - [2026-06-21T22:49:57.287+0300] {dag.py:3954} INFO - Setting next_dagrun for example_sla_dag to 2026-06-21 19:46:00+00:00, run_after=2026-06-21 19:48:00+00:00
[2026-06-21T22:49:57.318+0300] {processor.py:183} INFO - Processing /media/data/omar/programming course/DEPI/DEPI project/anomx/venv/lib/python3.12/site-packages/airflow/example_dags/example_sla_dag.py took 0.098 seconds
[2026-06-21T22:50:54.455+0300] {processor.py:161} INFO - Started process (PID=22472) to work on /media/data/omar/programming course/DEPI/DEPI project/anomx/venv/lib/python3.12/site-packages/airflow/example_dags/example_sla_dag.py
[2026-06-21T22:50:54.456+0300] {processor.py:830} INFO - Processing file /media/data/omar/programming course/DEPI/DEPI project/anomx/venv/lib/python3.12/site-packages/airflow/example_dags/example_sla_dag.py for tasks to queue
[2026-06-21T22:50:54.463+0300] {logging_mixin.py:188} INFO - [2026-06-21T22:50:54.462+0300] {dagbag.py:540} INFO - Filling up the DagBag from /media/data/omar/programming course/DEPI/DEPI project/anomx/venv/lib/python3.12/site-packages/airflow/example_dags/example_sla_dag.py
[2026-06-21T22:50:54.476+0300] {processor.py:840} INFO - DAG(s) 'example_sla_dag' retrieved from /media/data/omar/programming course/DEPI/DEPI project/anomx/venv/lib/python3.12/site-packages/airflow/example_dags/example_sla_dag.py
[2026-06-21T22:50:54.500+0300] {logging_mixin.py:188} INFO - [2026-06-21T22:50:54.499+0300] {dag.py:3096} INFO - Sync 1 DAGs
[2026-06-21T22:50:54.528+0300] {logging_mixin.py:188} INFO - [2026-06-21T22:50:54.528+0300] {dag.py:3954} INFO - Setting next_dagrun for example_sla_dag to 2026-06-21 19:48:00+00:00, run_after=2026-06-21 19:50:00+00:00
[2026-06-21T22:50:54.571+0300] {processor.py:183} INFO - Processing /media/data/omar/programming course/DEPI/DEPI project/anomx/venv/lib/python3.12/site-packages/airflow/example_dags/example_sla_dag.py took 0.124 seconds
