[2026-06-21T21:39:37.642+0300] {processor.py:161} INFO - Started process (PID=15148) to work on /media/data/omar/programming course/DEPI/DEPI project/anomx/venv/lib/python3.12/site-packages/airflow/example_dags/example_branch_datetime_operator.py
[2026-06-21T21:39:37.644+0300] {processor.py:830} INFO - Processing file /media/data/omar/programming course/DEPI/DEPI project/anomx/venv/lib/python3.12/site-packages/airflow/example_dags/example_branch_datetime_operator.py for tasks to queue
[2026-06-21T21:39:37.646+0300] {logging_mixin.py:188} INFO - [2026-06-21T21:39:37.645+0300] {dagbag.py:540} INFO - Filling up the DagBag from /media/data/omar/programming course/DEPI/DEPI project/anomx/venv/lib/python3.12/site-packages/airflow/example_dags/example_branch_datetime_operator.py
[2026-06-21T21:39:37.662+0300] {processor.py:840} INFO - DAG(s) 'example_branch_datetime_operator', 'example_branch_datetime_operator_3', 'example_branch_datetime_operator_2' retrieved from /media/data/omar/programming course/DEPI/DEPI project/anomx/venv/lib/python3.12/site-packages/airflow/example_dags/example_branch_datetime_operator.py
[2026-06-21T21:39:37.858+0300] {logging_mixin.py:188} INFO - [2026-06-21T21:39:37.857+0300] {override.py:1829} INFO - Created Permission View: can edit on DAG:example_branch_datetime_operator
[2026-06-21T21:39:37.877+0300] {logging_mixin.py:188} INFO - [2026-06-21T21:39:37.876+0300] {override.py:1829} INFO - Created Permission View: can read on DAG:example_branch_datetime_operator
[2026-06-21T21:39:37.892+0300] {logging_mixin.py:188} INFO - [2026-06-21T21:39:37.891+0300] {override.py:1829} INFO - Created Permission View: can delete on DAG:example_branch_datetime_operator
[2026-06-21T21:39:37.925+0300] {logging_mixin.py:188} INFO - [2026-06-21T21:39:37.924+0300] {override.py:1829} INFO - Created Permission View: can edit on DAG:example_branch_datetime_operator_3
[2026-06-21T21:39:37.940+0300] {logging_mixin.py:188} INFO - [2026-06-21T21:39:37.940+0300] {override.py:1829} INFO - Created Permission View: can read on DAG:example_branch_datetime_operator_3
[2026-06-21T21:39:37.955+0300] {logging_mixin.py:188} INFO - [2026-06-21T21:39:37.954+0300] {override.py:1829} INFO - Created Permission View: can delete on DAG:example_branch_datetime_operator_3
[2026-06-21T21:39:37.986+0300] {logging_mixin.py:188} INFO - [2026-06-21T21:39:37.985+0300] {override.py:1829} INFO - Created Permission View: can edit on DAG:example_branch_datetime_operator_2
[2026-06-21T21:39:38.000+0300] {logging_mixin.py:188} INFO - [2026-06-21T21:39:37.999+0300] {override.py:1829} INFO - Created Permission View: can read on DAG:example_branch_datetime_operator_2
[2026-06-21T21:39:38.014+0300] {logging_mixin.py:188} INFO - [2026-06-21T21:39:38.014+0300] {override.py:1829} INFO - Created Permission View: can delete on DAG:example_branch_datetime_operator_2
[2026-06-21T21:39:38.015+0300] {logging_mixin.py:188} INFO - [2026-06-21T21:39:38.015+0300] {dag.py:3096} INFO - Sync 3 DAGs
[2026-06-21T21:39:38.024+0300] {logging_mixin.py:188} INFO - [2026-06-21T21:39:38.024+0300] {dag.py:3118} INFO - Creating ORM DAG for example_branch_datetime_operator
[2026-06-21T21:39:38.025+0300] {logging_mixin.py:188} INFO - [2026-06-21T21:39:38.025+0300] {dag.py:3118} INFO - Creating ORM DAG for example_branch_datetime_operator_3
[2026-06-21T21:39:38.026+0300] {logging_mixin.py:188} INFO - [2026-06-21T21:39:38.026+0300] {dag.py:3118} INFO - Creating ORM DAG for example_branch_datetime_operator_2
[2026-06-21T21:39:38.036+0300] {logging_mixin.py:188} INFO - [2026-06-21T21:39:38.036+0300] {dag.py:3954} INFO - Setting next_dagrun for example_branch_datetime_operator to 2026-06-20 00:00:00+00:00, run_after=2026-06-21 00:00:00+00:00
[2026-06-21T21:39:38.038+0300] {logging_mixin.py:188} INFO - [2026-06-21T21:39:38.038+0300] {dag.py:3954} INFO - Setting next_dagrun for example_branch_datetime_operator_2 to 2026-06-20 00:00:00+00:00, run_after=2026-06-21 00:00:00+00:00
[2026-06-21T21:39:38.039+0300] {logging_mixin.py:188} INFO - [2026-06-21T21:39:38.039+0300] {dag.py:3954} INFO - Setting next_dagrun for example_branch_datetime_operator_3 to 2026-06-20 00:00:00+00:00, run_after=2026-06-21 00:00:00+00:00
[2026-06-21T21:39:38.067+0300] {processor.py:183} INFO - Processing /media/data/omar/programming course/DEPI/DEPI project/anomx/venv/lib/python3.12/site-packages/airflow/example_dags/example_branch_datetime_operator.py took 0.434 seconds
[2026-06-21T21:40:39.858+0300] {processor.py:161} INFO - Started process (PID=15252) to work on /media/data/omar/programming course/DEPI/DEPI project/anomx/venv/lib/python3.12/site-packages/airflow/example_dags/example_branch_datetime_operator.py
[2026-06-21T21:40:39.859+0300] {processor.py:830} INFO - Processing file /media/data/omar/programming course/DEPI/DEPI project/anomx/venv/lib/python3.12/site-packages/airflow/example_dags/example_branch_datetime_operator.py for tasks to queue
[2026-06-21T21:40:39.861+0300] {logging_mixin.py:188} INFO - [2026-06-21T21:40:39.860+0300] {dagbag.py:540} INFO - Filling up the DagBag from /media/data/omar/programming course/DEPI/DEPI project/anomx/venv/lib/python3.12/site-packages/airflow/example_dags/example_branch_datetime_operator.py
[2026-06-21T21:40:39.873+0300] {processor.py:840} INFO - DAG(s) 'example_branch_datetime_operator', 'example_branch_datetime_operator_2', 'example_branch_datetime_operator_3' retrieved from /media/data/omar/programming course/DEPI/DEPI project/anomx/venv/lib/python3.12/site-packages/airflow/example_dags/example_branch_datetime_operator.py
[2026-06-21T21:40:39.899+0300] {logging_mixin.py:188} INFO - [2026-06-21T21:40:39.899+0300] {dag.py:3096} INFO - Sync 3 DAGs
[2026-06-21T21:40:39.921+0300] {logging_mixin.py:188} INFO - [2026-06-21T21:40:39.921+0300] {dag.py:3954} INFO - Setting next_dagrun for example_branch_datetime_operator to 2026-06-20 00:00:00+00:00, run_after=2026-06-21 00:00:00+00:00
[2026-06-21T21:40:39.926+0300] {logging_mixin.py:188} INFO - [2026-06-21T21:40:39.926+0300] {dag.py:3954} INFO - Setting next_dagrun for example_branch_datetime_operator_2 to 2026-06-20 00:00:00+00:00, run_after=2026-06-21 00:00:00+00:00
[2026-06-21T21:40:39.929+0300] {logging_mixin.py:188} INFO - [2026-06-21T21:40:39.929+0300] {dag.py:3954} INFO - Setting next_dagrun for example_branch_datetime_operator_3 to 2026-06-20 00:00:00+00:00, run_after=2026-06-21 00:00:00+00:00
[2026-06-21T21:40:39.962+0300] {processor.py:183} INFO - Processing /media/data/omar/programming course/DEPI/DEPI project/anomx/venv/lib/python3.12/site-packages/airflow/example_dags/example_branch_datetime_operator.py took 0.111 seconds
[2026-06-21T21:41:42.183+0300] {processor.py:161} INFO - Started process (PID=15397) to work on /media/data/omar/programming course/DEPI/DEPI project/anomx/venv/lib/python3.12/site-packages/airflow/example_dags/example_branch_datetime_operator.py
[2026-06-21T21:41:42.184+0300] {processor.py:830} INFO - Processing file /media/data/omar/programming course/DEPI/DEPI project/anomx/venv/lib/python3.12/site-packages/airflow/example_dags/example_branch_datetime_operator.py for tasks to queue
[2026-06-21T21:41:42.186+0300] {logging_mixin.py:188} INFO - [2026-06-21T21:41:42.185+0300] {dagbag.py:540} INFO - Filling up the DagBag from /media/data/omar/programming course/DEPI/DEPI project/anomx/venv/lib/python3.12/site-packages/airflow/example_dags/example_branch_datetime_operator.py
[2026-06-21T21:41:42.197+0300] {processor.py:840} INFO - DAG(s) 'example_branch_datetime_operator_2', 'example_branch_datetime_operator_3', 'example_branch_datetime_operator' retrieved from /media/data/omar/programming course/DEPI/DEPI project/anomx/venv/lib/python3.12/site-packages/airflow/example_dags/example_branch_datetime_operator.py
[2026-06-21T21:41:42.218+0300] {logging_mixin.py:188} INFO - [2026-06-21T21:41:42.218+0300] {dag.py:3096} INFO - Sync 3 DAGs
[2026-06-21T21:41:42.237+0300] {logging_mixin.py:188} INFO - [2026-06-21T21:41:42.237+0300] {dag.py:3954} INFO - Setting next_dagrun for example_branch_datetime_operator to 2026-06-20 00:00:00+00:00, run_after=2026-06-21 00:00:00+00:00
[2026-06-21T21:41:42.242+0300] {logging_mixin.py:188} INFO - [2026-06-21T21:41:42.241+0300] {dag.py:3954} INFO - Setting next_dagrun for example_branch_datetime_operator_2 to 2026-06-20 00:00:00+00:00, run_after=2026-06-21 00:00:00+00:00
[2026-06-21T21:41:42.244+0300] {logging_mixin.py:188} INFO - [2026-06-21T21:41:42.244+0300] {dag.py:3954} INFO - Setting next_dagrun for example_branch_datetime_operator_3 to 2026-06-20 00:00:00+00:00, run_after=2026-06-21 00:00:00+00:00
[2026-06-21T21:41:42.272+0300] {processor.py:183} INFO - Processing /media/data/omar/programming course/DEPI/DEPI project/anomx/venv/lib/python3.12/site-packages/airflow/example_dags/example_branch_datetime_operator.py took 0.094 seconds
[2026-06-21T21:42:48.940+0300] {processor.py:161} INFO - Started process (PID=15600) to work on /media/data/omar/programming course/DEPI/DEPI project/anomx/venv/lib/python3.12/site-packages/airflow/example_dags/example_branch_datetime_operator.py
[2026-06-21T21:42:48.941+0300] {processor.py:830} INFO - Processing file /media/data/omar/programming course/DEPI/DEPI project/anomx/venv/lib/python3.12/site-packages/airflow/example_dags/example_branch_datetime_operator.py for tasks to queue
[2026-06-21T21:42:48.943+0300] {logging_mixin.py:188} INFO - [2026-06-21T21:42:48.943+0300] {dagbag.py:540} INFO - Filling up the DagBag from /media/data/omar/programming course/DEPI/DEPI project/anomx/venv/lib/python3.12/site-packages/airflow/example_dags/example_branch_datetime_operator.py
[2026-06-21T21:42:48.964+0300] {processor.py:840} INFO - DAG(s) 'example_branch_datetime_operator_2', 'example_branch_datetime_operator', 'example_branch_datetime_operator_3' retrieved from /media/data/omar/programming course/DEPI/DEPI project/anomx/venv/lib/python3.12/site-packages/airflow/example_dags/example_branch_datetime_operator.py
[2026-06-21T21:42:48.998+0300] {logging_mixin.py:188} INFO - [2026-06-21T21:42:48.997+0300] {dag.py:3096} INFO - Sync 3 DAGs
[2026-06-21T21:42:49.027+0300] {logging_mixin.py:188} INFO - [2026-06-21T21:42:49.026+0300] {dag.py:3954} INFO - Setting next_dagrun for example_branch_datetime_operator to 2026-06-20 00:00:00+00:00, run_after=2026-06-21 00:00:00+00:00
[2026-06-21T21:42:49.033+0300] {logging_mixin.py:188} INFO - [2026-06-21T21:42:49.033+0300] {dag.py:3954} INFO - Setting next_dagrun for example_branch_datetime_operator_2 to 2026-06-20 00:00:00+00:00, run_after=2026-06-21 00:00:00+00:00
[2026-06-21T21:42:49.036+0300] {logging_mixin.py:188} INFO - [2026-06-21T21:42:49.036+0300] {dag.py:3954} INFO - Setting next_dagrun for example_branch_datetime_operator_3 to 2026-06-20 00:00:00+00:00, run_after=2026-06-21 00:00:00+00:00
[2026-06-21T21:42:49.076+0300] {processor.py:183} INFO - Processing /media/data/omar/programming course/DEPI/DEPI project/anomx/venv/lib/python3.12/site-packages/airflow/example_dags/example_branch_datetime_operator.py took 0.144 seconds
[2026-06-21T21:43:49.861+0300] {processor.py:161} INFO - Started process (PID=15704) to work on /media/data/omar/programming course/DEPI/DEPI project/anomx/venv/lib/python3.12/site-packages/airflow/example_dags/example_branch_datetime_operator.py
[2026-06-21T21:43:49.862+0300] {processor.py:830} INFO - Processing file /media/data/omar/programming course/DEPI/DEPI project/anomx/venv/lib/python3.12/site-packages/airflow/example_dags/example_branch_datetime_operator.py for tasks to queue
[2026-06-21T21:43:49.864+0300] {logging_mixin.py:188} INFO - [2026-06-21T21:43:49.864+0300] {dagbag.py:540} INFO - Filling up the DagBag from /media/data/omar/programming course/DEPI/DEPI project/anomx/venv/lib/python3.12/site-packages/airflow/example_dags/example_branch_datetime_operator.py
[2026-06-21T21:43:49.879+0300] {processor.py:840} INFO - DAG(s) 'example_branch_datetime_operator', 'example_branch_datetime_operator_3', 'example_branch_datetime_operator_2' retrieved from /media/data/omar/programming course/DEPI/DEPI project/anomx/venv/lib/python3.12/site-packages/airflow/example_dags/example_branch_datetime_operator.py
[2026-06-21T21:43:49.905+0300] {logging_mixin.py:188} INFO - [2026-06-21T21:43:49.904+0300] {dag.py:3096} INFO - Sync 3 DAGs
[2026-06-21T21:43:49.927+0300] {logging_mixin.py:188} INFO - [2026-06-21T21:43:49.927+0300] {dag.py:3954} INFO - Setting next_dagrun for example_branch_datetime_operator to 2026-06-20 00:00:00+00:00, run_after=2026-06-21 00:00:00+00:00
[2026-06-21T21:43:49.932+0300] {logging_mixin.py:188} INFO - [2026-06-21T21:43:49.931+0300] {dag.py:3954} INFO - Setting next_dagrun for example_branch_datetime_operator_2 to 2026-06-20 00:00:00+00:00, run_after=2026-06-21 00:00:00+00:00
[2026-06-21T21:43:49.935+0300] {logging_mixin.py:188} INFO - [2026-06-21T21:43:49.934+0300] {dag.py:3954} INFO - Setting next_dagrun for example_branch_datetime_operator_3 to 2026-06-20 00:00:00+00:00, run_after=2026-06-21 00:00:00+00:00
[2026-06-21T21:43:49.967+0300] {processor.py:183} INFO - Processing /media/data/omar/programming course/DEPI/DEPI project/anomx/venv/lib/python3.12/site-packages/airflow/example_dags/example_branch_datetime_operator.py took 0.113 seconds
[2026-06-21T21:45:51.957+0300] {processor.py:161} INFO - Started process (PID=15958) to work on /media/data/omar/programming course/DEPI/DEPI project/anomx/venv/lib/python3.12/site-packages/airflow/example_dags/example_branch_datetime_operator.py
[2026-06-21T21:45:51.963+0300] {processor.py:830} INFO - Processing file /media/data/omar/programming course/DEPI/DEPI project/anomx/venv/lib/python3.12/site-packages/airflow/example_dags/example_branch_datetime_operator.py for tasks to queue
[2026-06-21T21:45:51.969+0300] {logging_mixin.py:188} INFO - [2026-06-21T21:45:51.965+0300] {dagbag.py:540} INFO - Filling up the DagBag from /media/data/omar/programming course/DEPI/DEPI project/anomx/venv/lib/python3.12/site-packages/airflow/example_dags/example_branch_datetime_operator.py
[2026-06-21T21:45:52.014+0300] {processor.py:840} INFO - DAG(s) 'example_branch_datetime_operator', 'example_branch_datetime_operator_2', 'example_branch_datetime_operator_3' retrieved from /media/data/omar/programming course/DEPI/DEPI project/anomx/venv/lib/python3.12/site-packages/airflow/example_dags/example_branch_datetime_operator.py
[2026-06-21T21:45:52.069+0300] {logging_mixin.py:188} INFO - [2026-06-21T21:45:52.069+0300] {dag.py:3096} INFO - Sync 3 DAGs
[2026-06-21T21:45:52.104+0300] {logging_mixin.py:188} INFO - [2026-06-21T21:45:52.103+0300] {dag.py:3954} INFO - Setting next_dagrun for example_branch_datetime_operator to 2026-06-20 00:00:00+00:00, run_after=2026-06-21 00:00:00+00:00
[2026-06-21T21:45:52.116+0300] {logging_mixin.py:188} INFO - [2026-06-21T21:45:52.115+0300] {dag.py:3954} INFO - Setting next_dagrun for example_branch_datetime_operator_2 to 2026-06-20 00:00:00+00:00, run_after=2026-06-21 00:00:00+00:00
[2026-06-21T21:45:52.118+0300] {logging_mixin.py:188} INFO - [2026-06-21T21:45:52.118+0300] {dag.py:3954} INFO - Setting next_dagrun for example_branch_datetime_operator_3 to 2026-06-20 00:00:00+00:00, run_after=2026-06-21 00:00:00+00:00
[2026-06-21T21:45:52.167+0300] {processor.py:183} INFO - Processing /media/data/omar/programming course/DEPI/DEPI project/anomx/venv/lib/python3.12/site-packages/airflow/example_dags/example_branch_datetime_operator.py took 0.233 seconds
[2026-06-21T21:47:48.351+0300] {processor.py:161} INFO - Started process (PID=16175) to work on /media/data/omar/programming course/DEPI/DEPI project/anomx/venv/lib/python3.12/site-packages/airflow/example_dags/example_branch_datetime_operator.py
[2026-06-21T21:47:48.352+0300] {processor.py:830} INFO - Processing file /media/data/omar/programming course/DEPI/DEPI project/anomx/venv/lib/python3.12/site-packages/airflow/example_dags/example_branch_datetime_operator.py for tasks to queue
[2026-06-21T21:47:48.355+0300] {logging_mixin.py:188} INFO - [2026-06-21T21:47:48.354+0300] {dagbag.py:540} INFO - Filling up the DagBag from /media/data/omar/programming course/DEPI/DEPI project/anomx/venv/lib/python3.12/site-packages/airflow/example_dags/example_branch_datetime_operator.py
[2026-06-21T21:47:48.371+0300] {processor.py:840} INFO - DAG(s) 'example_branch_datetime_operator', 'example_branch_datetime_operator_3', 'example_branch_datetime_operator_2' retrieved from /media/data/omar/programming course/DEPI/DEPI project/anomx/venv/lib/python3.12/site-packages/airflow/example_dags/example_branch_datetime_operator.py
[2026-06-21T21:47:48.393+0300] {logging_mixin.py:188} INFO - [2026-06-21T21:47:48.392+0300] {dag.py:3096} INFO - Sync 3 DAGs
[2026-06-21T21:47:48.412+0300] {logging_mixin.py:188} INFO - [2026-06-21T21:47:48.412+0300] {dag.py:3954} INFO - Setting next_dagrun for example_branch_datetime_operator to 2026-06-20 00:00:00+00:00, run_after=2026-06-21 00:00:00+00:00
[2026-06-21T21:47:48.417+0300] {logging_mixin.py:188} INFO - [2026-06-21T21:47:48.416+0300] {dag.py:3954} INFO - Setting next_dagrun for example_branch_datetime_operator_2 to 2026-06-20 00:00:00+00:00, run_after=2026-06-21 00:00:00+00:00
[2026-06-21T21:47:48.419+0300] {logging_mixin.py:188} INFO - [2026-06-21T21:47:48.419+0300] {dag.py:3954} INFO - Setting next_dagrun for example_branch_datetime_operator_3 to 2026-06-20 00:00:00+00:00, run_after=2026-06-21 00:00:00+00:00
[2026-06-21T21:47:48.446+0300] {processor.py:183} INFO - Processing /media/data/omar/programming course/DEPI/DEPI project/anomx/venv/lib/python3.12/site-packages/airflow/example_dags/example_branch_datetime_operator.py took 0.104 seconds
[2026-06-21T21:48:48.321+0300] {processor.py:161} INFO - Started process (PID=16257) to work on /media/data/omar/programming course/DEPI/DEPI project/anomx/venv/lib/python3.12/site-packages/airflow/example_dags/example_branch_datetime_operator.py
[2026-06-21T21:48:48.323+0300] {processor.py:830} INFO - Processing file /media/data/omar/programming course/DEPI/DEPI project/anomx/venv/lib/python3.12/site-packages/airflow/example_dags/example_branch_datetime_operator.py for tasks to queue
[2026-06-21T21:48:48.325+0300] {logging_mixin.py:188} INFO - [2026-06-21T21:48:48.325+0300] {dagbag.py:540} INFO - Filling up the DagBag from /media/data/omar/programming course/DEPI/DEPI project/anomx/venv/lib/python3.12/site-packages/airflow/example_dags/example_branch_datetime_operator.py
[2026-06-21T21:48:48.338+0300] {processor.py:840} INFO - DAG(s) 'example_branch_datetime_operator_2', 'example_branch_datetime_operator', 'example_branch_datetime_operator_3' retrieved from /media/data/omar/programming course/DEPI/DEPI project/anomx/venv/lib/python3.12/site-packages/airflow/example_dags/example_branch_datetime_operator.py
[2026-06-21T21:48:48.359+0300] {logging_mixin.py:188} INFO - [2026-06-21T21:48:48.359+0300] {dag.py:3096} INFO - Sync 3 DAGs
[2026-06-21T21:48:48.379+0300] {logging_mixin.py:188} INFO - [2026-06-21T21:48:48.378+0300] {dag.py:3954} INFO - Setting next_dagrun for example_branch_datetime_operator to 2026-06-20 00:00:00+00:00, run_after=2026-06-21 00:00:00+00:00
[2026-06-21T21:48:48.383+0300] {logging_mixin.py:188} INFO - [2026-06-21T21:48:48.383+0300] {dag.py:3954} INFO - Setting next_dagrun for example_branch_datetime_operator_2 to 2026-06-20 00:00:00+00:00, run_after=2026-06-21 00:00:00+00:00
[2026-06-21T21:48:48.385+0300] {logging_mixin.py:188} INFO - [2026-06-21T21:48:48.385+0300] {dag.py:3954} INFO - Setting next_dagrun for example_branch_datetime_operator_3 to 2026-06-20 00:00:00+00:00, run_after=2026-06-21 00:00:00+00:00
[2026-06-21T21:48:48.413+0300] {processor.py:183} INFO - Processing /media/data/omar/programming course/DEPI/DEPI project/anomx/venv/lib/python3.12/site-packages/airflow/example_dags/example_branch_datetime_operator.py took 0.102 seconds
[2026-06-21T21:49:52.604+0300] {processor.py:161} INFO - Started process (PID=16364) to work on /media/data/omar/programming course/DEPI/DEPI project/anomx/venv/lib/python3.12/site-packages/airflow/example_dags/example_branch_datetime_operator.py
[2026-06-21T21:49:52.605+0300] {processor.py:830} INFO - Processing file /media/data/omar/programming course/DEPI/DEPI project/anomx/venv/lib/python3.12/site-packages/airflow/example_dags/example_branch_datetime_operator.py for tasks to queue
[2026-06-21T21:49:52.608+0300] {logging_mixin.py:188} INFO - [2026-06-21T21:49:52.607+0300] {dagbag.py:540} INFO - Filling up the DagBag from /media/data/omar/programming course/DEPI/DEPI project/anomx/venv/lib/python3.12/site-packages/airflow/example_dags/example_branch_datetime_operator.py
[2026-06-21T21:49:52.623+0300] {processor.py:840} INFO - DAG(s) 'example_branch_datetime_operator_3', 'example_branch_datetime_operator', 'example_branch_datetime_operator_2' retrieved from /media/data/omar/programming course/DEPI/DEPI project/anomx/venv/lib/python3.12/site-packages/airflow/example_dags/example_branch_datetime_operator.py
[2026-06-21T21:49:52.646+0300] {logging_mixin.py:188} INFO - [2026-06-21T21:49:52.646+0300] {dag.py:3096} INFO - Sync 3 DAGs
[2026-06-21T21:49:52.665+0300] {logging_mixin.py:188} INFO - [2026-06-21T21:49:52.665+0300] {dag.py:3954} INFO - Setting next_dagrun for example_branch_datetime_operator to 2026-06-20 00:00:00+00:00, run_after=2026-06-21 00:00:00+00:00
[2026-06-21T21:49:52.670+0300] {logging_mixin.py:188} INFO - [2026-06-21T21:49:52.670+0300] {dag.py:3954} INFO - Setting next_dagrun for example_branch_datetime_operator_2 to 2026-06-20 00:00:00+00:00, run_after=2026-06-21 00:00:00+00:00
[2026-06-21T21:49:52.672+0300] {logging_mixin.py:188} INFO - [2026-06-21T21:49:52.672+0300] {dag.py:3954} INFO - Setting next_dagrun for example_branch_datetime_operator_3 to 2026-06-20 00:00:00+00:00, run_after=2026-06-21 00:00:00+00:00
[2026-06-21T21:49:52.716+0300] {processor.py:183} INFO - Processing /media/data/omar/programming course/DEPI/DEPI project/anomx/venv/lib/python3.12/site-packages/airflow/example_dags/example_branch_datetime_operator.py took 0.120 seconds
[2026-06-21T21:52:38.255+0300] {processor.py:161} INFO - Started process (PID=16669) to work on /media/data/omar/programming course/DEPI/DEPI project/anomx/venv/lib/python3.12/site-packages/airflow/example_dags/example_branch_datetime_operator.py
[2026-06-21T21:52:38.256+0300] {processor.py:830} INFO - Processing file /media/data/omar/programming course/DEPI/DEPI project/anomx/venv/lib/python3.12/site-packages/airflow/example_dags/example_branch_datetime_operator.py for tasks to queue
[2026-06-21T21:52:38.258+0300] {logging_mixin.py:188} INFO - [2026-06-21T21:52:38.257+0300] {dagbag.py:540} INFO - Filling up the DagBag from /media/data/omar/programming course/DEPI/DEPI project/anomx/venv/lib/python3.12/site-packages/airflow/example_dags/example_branch_datetime_operator.py
[2026-06-21T21:52:38.268+0300] {processor.py:840} INFO - DAG(s) 'example_branch_datetime_operator_2', 'example_branch_datetime_operator', 'example_branch_datetime_operator_3' retrieved from /media/data/omar/programming course/DEPI/DEPI project/anomx/venv/lib/python3.12/site-packages/airflow/example_dags/example_branch_datetime_operator.py
[2026-06-21T21:52:38.287+0300] {logging_mixin.py:188} INFO - [2026-06-21T21:52:38.287+0300] {dag.py:3096} INFO - Sync 3 DAGs
[2026-06-21T21:52:38.307+0300] {logging_mixin.py:188} INFO - [2026-06-21T21:52:38.306+0300] {dag.py:3954} INFO - Setting next_dagrun for example_branch_datetime_operator to 2026-06-20 00:00:00+00:00, run_after=2026-06-21 00:00:00+00:00
[2026-06-21T21:52:38.311+0300] {logging_mixin.py:188} INFO - [2026-06-21T21:52:38.311+0300] {dag.py:3954} INFO - Setting next_dagrun for example_branch_datetime_operator_2 to 2026-06-20 00:00:00+00:00, run_after=2026-06-21 00:00:00+00:00
[2026-06-21T21:52:38.314+0300] {logging_mixin.py:188} INFO - [2026-06-21T21:52:38.313+0300] {dag.py:3954} INFO - Setting next_dagrun for example_branch_datetime_operator_3 to 2026-06-20 00:00:00+00:00, run_after=2026-06-21 00:00:00+00:00
[2026-06-21T21:52:38.338+0300] {processor.py:183} INFO - Processing /media/data/omar/programming course/DEPI/DEPI project/anomx/venv/lib/python3.12/site-packages/airflow/example_dags/example_branch_datetime_operator.py took 0.088 seconds
[2026-06-21T21:53:36.605+0300] {processor.py:161} INFO - Started process (PID=16761) to work on /media/data/omar/programming course/DEPI/DEPI project/anomx/venv/lib/python3.12/site-packages/airflow/example_dags/example_branch_datetime_operator.py
[2026-06-21T21:53:36.607+0300] {processor.py:830} INFO - Processing file /media/data/omar/programming course/DEPI/DEPI project/anomx/venv/lib/python3.12/site-packages/airflow/example_dags/example_branch_datetime_operator.py for tasks to queue
[2026-06-21T21:53:36.611+0300] {logging_mixin.py:188} INFO - [2026-06-21T21:53:36.610+0300] {dagbag.py:540} INFO - Filling up the DagBag from /media/data/omar/programming course/DEPI/DEPI project/anomx/venv/lib/python3.12/site-packages/airflow/example_dags/example_branch_datetime_operator.py
[2026-06-21T21:53:36.634+0300] {processor.py:840} INFO - DAG(s) 'example_branch_datetime_operator', 'example_branch_datetime_operator_2', 'example_branch_datetime_operator_3' retrieved from /media/data/omar/programming course/DEPI/DEPI project/anomx/venv/lib/python3.12/site-packages/airflow/example_dags/example_branch_datetime_operator.py
[2026-06-21T21:53:36.654+0300] {logging_mixin.py:188} INFO - [2026-06-21T21:53:36.653+0300] {dag.py:3096} INFO - Sync 3 DAGs
[2026-06-21T21:53:36.671+0300] {logging_mixin.py:188} INFO - [2026-06-21T21:53:36.670+0300] {dag.py:3954} INFO - Setting next_dagrun for example_branch_datetime_operator to 2026-06-20 00:00:00+00:00, run_after=2026-06-21 00:00:00+00:00
[2026-06-21T21:53:36.675+0300] {logging_mixin.py:188} INFO - [2026-06-21T21:53:36.674+0300] {dag.py:3954} INFO - Setting next_dagrun for example_branch_datetime_operator_2 to 2026-06-20 00:00:00+00:00, run_after=2026-06-21 00:00:00+00:00
[2026-06-21T21:53:36.677+0300] {logging_mixin.py:188} INFO - [2026-06-21T21:53:36.677+0300] {dag.py:3954} INFO - Setting next_dagrun for example_branch_datetime_operator_3 to 2026-06-20 00:00:00+00:00, run_after=2026-06-21 00:00:00+00:00
[2026-06-21T21:53:36.702+0300] {processor.py:183} INFO - Processing /media/data/omar/programming course/DEPI/DEPI project/anomx/venv/lib/python3.12/site-packages/airflow/example_dags/example_branch_datetime_operator.py took 0.109 seconds
[2026-06-21T21:55:01.929+0300] {processor.py:161} INFO - Started process (PID=16915) to work on /media/data/omar/programming course/DEPI/DEPI project/anomx/venv/lib/python3.12/site-packages/airflow/example_dags/example_branch_datetime_operator.py
[2026-06-21T21:55:01.930+0300] {processor.py:830} INFO - Processing file /media/data/omar/programming course/DEPI/DEPI project/anomx/venv/lib/python3.12/site-packages/airflow/example_dags/example_branch_datetime_operator.py for tasks to queue
[2026-06-21T21:55:01.932+0300] {logging_mixin.py:188} INFO - [2026-06-21T21:55:01.932+0300] {dagbag.py:540} INFO - Filling up the DagBag from /media/data/omar/programming course/DEPI/DEPI project/anomx/venv/lib/python3.12/site-packages/airflow/example_dags/example_branch_datetime_operator.py
[2026-06-21T21:55:01.950+0300] {processor.py:840} INFO - DAG(s) 'example_branch_datetime_operator_3', 'example_branch_datetime_operator_2', 'example_branch_datetime_operator' retrieved from /media/data/omar/programming course/DEPI/DEPI project/anomx/venv/lib/python3.12/site-packages/airflow/example_dags/example_branch_datetime_operator.py
[2026-06-21T21:55:01.974+0300] {logging_mixin.py:188} INFO - [2026-06-21T21:55:01.974+0300] {dag.py:3096} INFO - Sync 3 DAGs
[2026-06-21T21:55:01.993+0300] {logging_mixin.py:188} INFO - [2026-06-21T21:55:01.993+0300] {dag.py:3954} INFO - Setting next_dagrun for example_branch_datetime_operator to 2026-06-20 00:00:00+00:00, run_after=2026-06-21 00:00:00+00:00
[2026-06-21T21:55:01.997+0300] {logging_mixin.py:188} INFO - [2026-06-21T21:55:01.997+0300] {dag.py:3954} INFO - Setting next_dagrun for example_branch_datetime_operator_2 to 2026-06-20 00:00:00+00:00, run_after=2026-06-21 00:00:00+00:00
[2026-06-21T21:55:01.999+0300] {logging_mixin.py:188} INFO - [2026-06-21T21:55:01.999+0300] {dag.py:3954} INFO - Setting next_dagrun for example_branch_datetime_operator_3 to 2026-06-20 00:00:00+00:00, run_after=2026-06-21 00:00:00+00:00
[2026-06-21T21:55:02.026+0300] {processor.py:183} INFO - Processing /media/data/omar/programming course/DEPI/DEPI project/anomx/venv/lib/python3.12/site-packages/airflow/example_dags/example_branch_datetime_operator.py took 0.110 seconds
[2026-06-21T21:56:21.986+0300] {processor.py:161} INFO - Started process (PID=17037) to work on /media/data/omar/programming course/DEPI/DEPI project/anomx/venv/lib/python3.12/site-packages/airflow/example_dags/example_branch_datetime_operator.py
[2026-06-21T21:56:21.988+0300] {processor.py:830} INFO - Processing file /media/data/omar/programming course/DEPI/DEPI project/anomx/venv/lib/python3.12/site-packages/airflow/example_dags/example_branch_datetime_operator.py for tasks to queue
[2026-06-21T21:56:21.992+0300] {logging_mixin.py:188} INFO - [2026-06-21T21:56:21.991+0300] {dagbag.py:540} INFO - Filling up the DagBag from /media/data/omar/programming course/DEPI/DEPI project/anomx/venv/lib/python3.12/site-packages/airflow/example_dags/example_branch_datetime_operator.py
[2026-06-21T21:56:22.007+0300] {processor.py:840} INFO - DAG(s) 'example_branch_datetime_operator', 'example_branch_datetime_operator_2', 'example_branch_datetime_operator_3' retrieved from /media/data/omar/programming course/DEPI/DEPI project/anomx/venv/lib/python3.12/site-packages/airflow/example_dags/example_branch_datetime_operator.py
[2026-06-21T21:56:22.027+0300] {logging_mixin.py:188} INFO - [2026-06-21T21:56:22.027+0300] {dag.py:3096} INFO - Sync 3 DAGs
[2026-06-21T21:56:22.045+0300] {logging_mixin.py:188} INFO - [2026-06-21T21:56:22.045+0300] {dag.py:3954} INFO - Setting next_dagrun for example_branch_datetime_operator to 2026-06-20 00:00:00+00:00, run_after=2026-06-21 00:00:00+00:00
[2026-06-21T21:56:22.050+0300] {logging_mixin.py:188} INFO - [2026-06-21T21:56:22.049+0300] {dag.py:3954} INFO - Setting next_dagrun for example_branch_datetime_operator_2 to 2026-06-20 00:00:00+00:00, run_after=2026-06-21 00:00:00+00:00
[2026-06-21T21:56:22.052+0300] {logging_mixin.py:188} INFO - [2026-06-21T21:56:22.052+0300] {dag.py:3954} INFO - Setting next_dagrun for example_branch_datetime_operator_3 to 2026-06-20 00:00:00+00:00, run_after=2026-06-21 00:00:00+00:00
[2026-06-21T21:56:22.077+0300] {processor.py:183} INFO - Processing /media/data/omar/programming course/DEPI/DEPI project/anomx/venv/lib/python3.12/site-packages/airflow/example_dags/example_branch_datetime_operator.py took 0.109 seconds
[2026-06-21T21:57:40.369+0300] {processor.py:161} INFO - Started process (PID=17182) to work on /media/data/omar/programming course/DEPI/DEPI project/anomx/venv/lib/python3.12/site-packages/airflow/example_dags/example_branch_datetime_operator.py
[2026-06-21T21:57:40.371+0300] {processor.py:830} INFO - Processing file /media/data/omar/programming course/DEPI/DEPI project/anomx/venv/lib/python3.12/site-packages/airflow/example_dags/example_branch_datetime_operator.py for tasks to queue
[2026-06-21T21:57:40.375+0300] {logging_mixin.py:188} INFO - [2026-06-21T21:57:40.374+0300] {dagbag.py:540} INFO - Filling up the DagBag from /media/data/omar/programming course/DEPI/DEPI project/anomx/venv/lib/python3.12/site-packages/airflow/example_dags/example_branch_datetime_operator.py
[2026-06-21T21:57:40.393+0300] {processor.py:840} INFO - DAG(s) 'example_branch_datetime_operator_3', 'example_branch_datetime_operator', 'example_branch_datetime_operator_2' retrieved from /media/data/omar/programming course/DEPI/DEPI project/anomx/venv/lib/python3.12/site-packages/airflow/example_dags/example_branch_datetime_operator.py
[2026-06-21T21:57:40.415+0300] {logging_mixin.py:188} INFO - [2026-06-21T21:57:40.414+0300] {dag.py:3096} INFO - Sync 3 DAGs
[2026-06-21T21:57:40.434+0300] {logging_mixin.py:188} INFO - [2026-06-21T21:57:40.433+0300] {dag.py:3954} INFO - Setting next_dagrun for example_branch_datetime_operator to 2026-06-20 00:00:00+00:00, run_after=2026-06-21 00:00:00+00:00
[2026-06-21T21:57:40.438+0300] {logging_mixin.py:188} INFO - [2026-06-21T21:57:40.438+0300] {dag.py:3954} INFO - Setting next_dagrun for example_branch_datetime_operator_2 to 2026-06-20 00:00:00+00:00, run_after=2026-06-21 00:00:00+00:00
[2026-06-21T21:57:40.440+0300] {logging_mixin.py:188} INFO - [2026-06-21T21:57:40.439+0300] {dag.py:3954} INFO - Setting next_dagrun for example_branch_datetime_operator_3 to 2026-06-20 00:00:00+00:00, run_after=2026-06-21 00:00:00+00:00
[2026-06-21T21:57:40.467+0300] {processor.py:183} INFO - Processing /media/data/omar/programming course/DEPI/DEPI project/anomx/venv/lib/python3.12/site-packages/airflow/example_dags/example_branch_datetime_operator.py took 0.111 seconds
[2026-06-21T21:59:04.776+0300] {processor.py:161} INFO - Started process (PID=17301) to work on /media/data/omar/programming course/DEPI/DEPI project/anomx/venv/lib/python3.12/site-packages/airflow/example_dags/example_branch_datetime_operator.py
[2026-06-21T21:59:04.778+0300] {processor.py:830} INFO - Processing file /media/data/omar/programming course/DEPI/DEPI project/anomx/venv/lib/python3.12/site-packages/airflow/example_dags/example_branch_datetime_operator.py for tasks to queue
[2026-06-21T21:59:04.783+0300] {logging_mixin.py:188} INFO - [2026-06-21T21:59:04.781+0300] {dagbag.py:540} INFO - Filling up the DagBag from /media/data/omar/programming course/DEPI/DEPI project/anomx/venv/lib/python3.12/site-packages/airflow/example_dags/example_branch_datetime_operator.py
[2026-06-21T21:59:04.799+0300] {processor.py:840} INFO - DAG(s) 'example_branch_datetime_operator_2', 'example_branch_datetime_operator', 'example_branch_datetime_operator_3' retrieved from /media/data/omar/programming course/DEPI/DEPI project/anomx/venv/lib/python3.12/site-packages/airflow/example_dags/example_branch_datetime_operator.py
[2026-06-21T21:59:04.819+0300] {logging_mixin.py:188} INFO - [2026-06-21T21:59:04.818+0300] {dag.py:3096} INFO - Sync 3 DAGs
[2026-06-21T21:59:04.836+0300] {logging_mixin.py:188} INFO - [2026-06-21T21:59:04.836+0300] {dag.py:3954} INFO - Setting next_dagrun for example_branch_datetime_operator to 2026-06-20 00:00:00+00:00, run_after=2026-06-21 00:00:00+00:00
[2026-06-21T21:59:04.841+0300] {logging_mixin.py:188} INFO - [2026-06-21T21:59:04.840+0300] {dag.py:3954} INFO - Setting next_dagrun for example_branch_datetime_operator_2 to 2026-06-20 00:00:00+00:00, run_after=2026-06-21 00:00:00+00:00
[2026-06-21T21:59:04.843+0300] {logging_mixin.py:188} INFO - [2026-06-21T21:59:04.843+0300] {dag.py:3954} INFO - Setting next_dagrun for example_branch_datetime_operator_3 to 2026-06-20 00:00:00+00:00, run_after=2026-06-21 00:00:00+00:00
[2026-06-21T21:59:04.868+0300] {processor.py:183} INFO - Processing /media/data/omar/programming course/DEPI/DEPI project/anomx/venv/lib/python3.12/site-packages/airflow/example_dags/example_branch_datetime_operator.py took 0.110 seconds
[2026-06-21T22:00:29.231+0300] {processor.py:161} INFO - Started process (PID=17448) to work on /media/data/omar/programming course/DEPI/DEPI project/anomx/venv/lib/python3.12/site-packages/airflow/example_dags/example_branch_datetime_operator.py
[2026-06-21T22:00:29.232+0300] {processor.py:830} INFO - Processing file /media/data/omar/programming course/DEPI/DEPI project/anomx/venv/lib/python3.12/site-packages/airflow/example_dags/example_branch_datetime_operator.py for tasks to queue
[2026-06-21T22:00:29.234+0300] {logging_mixin.py:188} INFO - [2026-06-21T22:00:29.233+0300] {dagbag.py:540} INFO - Filling up the DagBag from /media/data/omar/programming course/DEPI/DEPI project/anomx/venv/lib/python3.12/site-packages/airflow/example_dags/example_branch_datetime_operator.py
[2026-06-21T22:00:29.247+0300] {processor.py:840} INFO - DAG(s) 'example_branch_datetime_operator_3', 'example_branch_datetime_operator', 'example_branch_datetime_operator_2' retrieved from /media/data/omar/programming course/DEPI/DEPI project/anomx/venv/lib/python3.12/site-packages/airflow/example_dags/example_branch_datetime_operator.py
[2026-06-21T22:00:29.268+0300] {logging_mixin.py:188} INFO - [2026-06-21T22:00:29.267+0300] {dag.py:3096} INFO - Sync 3 DAGs
[2026-06-21T22:00:29.286+0300] {logging_mixin.py:188} INFO - [2026-06-21T22:00:29.286+0300] {dag.py:3954} INFO - Setting next_dagrun for example_branch_datetime_operator to 2026-06-20 00:00:00+00:00, run_after=2026-06-21 00:00:00+00:00
[2026-06-21T22:00:29.291+0300] {logging_mixin.py:188} INFO - [2026-06-21T22:00:29.291+0300] {dag.py:3954} INFO - Setting next_dagrun for example_branch_datetime_operator_2 to 2026-06-20 00:00:00+00:00, run_after=2026-06-21 00:00:00+00:00
[2026-06-21T22:00:29.294+0300] {logging_mixin.py:188} INFO - [2026-06-21T22:00:29.293+0300] {dag.py:3954} INFO - Setting next_dagrun for example_branch_datetime_operator_3 to 2026-06-20 00:00:00+00:00, run_after=2026-06-21 00:00:00+00:00
[2026-06-21T22:00:29.320+0300] {processor.py:183} INFO - Processing /media/data/omar/programming course/DEPI/DEPI project/anomx/venv/lib/python3.12/site-packages/airflow/example_dags/example_branch_datetime_operator.py took 0.097 seconds
[2026-06-21T22:01:28.062+0300] {processor.py:161} INFO - Started process (PID=17544) to work on /media/data/omar/programming course/DEPI/DEPI project/anomx/venv/lib/python3.12/site-packages/airflow/example_dags/example_branch_datetime_operator.py
[2026-06-21T22:01:28.063+0300] {processor.py:830} INFO - Processing file /media/data/omar/programming course/DEPI/DEPI project/anomx/venv/lib/python3.12/site-packages/airflow/example_dags/example_branch_datetime_operator.py for tasks to queue
[2026-06-21T22:01:28.065+0300] {logging_mixin.py:188} INFO - [2026-06-21T22:01:28.064+0300] {dagbag.py:540} INFO - Filling up the DagBag from /media/data/omar/programming course/DEPI/DEPI project/anomx/venv/lib/python3.12/site-packages/airflow/example_dags/example_branch_datetime_operator.py
[2026-06-21T22:01:28.075+0300] {processor.py:840} INFO - DAG(s) 'example_branch_datetime_operator_2', 'example_branch_datetime_operator', 'example_branch_datetime_operator_3' retrieved from /media/data/omar/programming course/DEPI/DEPI project/anomx/venv/lib/python3.12/site-packages/airflow/example_dags/example_branch_datetime_operator.py
[2026-06-21T22:01:28.094+0300] {logging_mixin.py:188} INFO - [2026-06-21T22:01:28.094+0300] {dag.py:3096} INFO - Sync 3 DAGs
[2026-06-21T22:01:28.112+0300] {logging_mixin.py:188} INFO - [2026-06-21T22:01:28.111+0300] {dag.py:3954} INFO - Setting next_dagrun for example_branch_datetime_operator to 2026-06-20 00:00:00+00:00, run_after=2026-06-21 00:00:00+00:00
[2026-06-21T22:01:28.117+0300] {logging_mixin.py:188} INFO - [2026-06-21T22:01:28.117+0300] {dag.py:3954} INFO - Setting next_dagrun for example_branch_datetime_operator_2 to 2026-06-20 00:00:00+00:00, run_after=2026-06-21 00:00:00+00:00
[2026-06-21T22:01:28.120+0300] {logging_mixin.py:188} INFO - [2026-06-21T22:01:28.119+0300] {dag.py:3954} INFO - Setting next_dagrun for example_branch_datetime_operator_3 to 2026-06-20 00:00:00+00:00, run_after=2026-06-21 00:00:00+00:00
[2026-06-21T22:01:28.147+0300] {processor.py:183} INFO - Processing /media/data/omar/programming course/DEPI/DEPI project/anomx/venv/lib/python3.12/site-packages/airflow/example_dags/example_branch_datetime_operator.py took 0.091 seconds
[2026-06-21T22:02:25.187+0300] {processor.py:161} INFO - Started process (PID=17634) to work on /media/data/omar/programming course/DEPI/DEPI project/anomx/venv/lib/python3.12/site-packages/airflow/example_dags/example_branch_datetime_operator.py
[2026-06-21T22:02:25.189+0300] {processor.py:830} INFO - Processing file /media/data/omar/programming course/DEPI/DEPI project/anomx/venv/lib/python3.12/site-packages/airflow/example_dags/example_branch_datetime_operator.py for tasks to queue
[2026-06-21T22:02:25.192+0300] {logging_mixin.py:188} INFO - [2026-06-21T22:02:25.191+0300] {dagbag.py:540} INFO - Filling up the DagBag from /media/data/omar/programming course/DEPI/DEPI project/anomx/venv/lib/python3.12/site-packages/airflow/example_dags/example_branch_datetime_operator.py
[2026-06-21T22:02:25.207+0300] {processor.py:840} INFO - DAG(s) 'example_branch_datetime_operator_3', 'example_branch_datetime_operator_2', 'example_branch_datetime_operator' retrieved from /media/data/omar/programming course/DEPI/DEPI project/anomx/venv/lib/python3.12/site-packages/airflow/example_dags/example_branch_datetime_operator.py
[2026-06-21T22:02:25.227+0300] {logging_mixin.py:188} INFO - [2026-06-21T22:02:25.227+0300] {dag.py:3096} INFO - Sync 3 DAGs
[2026-06-21T22:02:25.256+0300] {logging_mixin.py:188} INFO - [2026-06-21T22:02:25.256+0300] {dag.py:3954} INFO - Setting next_dagrun for example_branch_datetime_operator to 2026-06-20 00:00:00+00:00, run_after=2026-06-21 00:00:00+00:00
[2026-06-21T22:02:25.261+0300] {logging_mixin.py:188} INFO - [2026-06-21T22:02:25.260+0300] {dag.py:3954} INFO - Setting next_dagrun for example_branch_datetime_operator_2 to 2026-06-20 00:00:00+00:00, run_after=2026-06-21 00:00:00+00:00
[2026-06-21T22:02:25.263+0300] {logging_mixin.py:188} INFO - [2026-06-21T22:02:25.262+0300] {dag.py:3954} INFO - Setting next_dagrun for example_branch_datetime_operator_3 to 2026-06-20 00:00:00+00:00, run_after=2026-06-21 00:00:00+00:00
[2026-06-21T22:02:25.289+0300] {processor.py:183} INFO - Processing /media/data/omar/programming course/DEPI/DEPI project/anomx/venv/lib/python3.12/site-packages/airflow/example_dags/example_branch_datetime_operator.py took 0.121 seconds
[2026-06-21T22:03:50.028+0300] {processor.py:161} INFO - Started process (PID=17831) to work on /media/data/omar/programming course/DEPI/DEPI project/anomx/venv/lib/python3.12/site-packages/airflow/example_dags/example_branch_datetime_operator.py
[2026-06-21T22:03:50.031+0300] {processor.py:830} INFO - Processing file /media/data/omar/programming course/DEPI/DEPI project/anomx/venv/lib/python3.12/site-packages/airflow/example_dags/example_branch_datetime_operator.py for tasks to queue
[2026-06-21T22:03:50.035+0300] {logging_mixin.py:188} INFO - [2026-06-21T22:03:50.034+0300] {dagbag.py:540} INFO - Filling up the DagBag from /media/data/omar/programming course/DEPI/DEPI project/anomx/venv/lib/python3.12/site-packages/airflow/example_dags/example_branch_datetime_operator.py
[2026-06-21T22:03:50.051+0300] {processor.py:840} INFO - DAG(s) 'example_branch_datetime_operator', 'example_branch_datetime_operator_3', 'example_branch_datetime_operator_2' retrieved from /media/data/omar/programming course/DEPI/DEPI project/anomx/venv/lib/python3.12/site-packages/airflow/example_dags/example_branch_datetime_operator.py
[2026-06-21T22:03:50.071+0300] {logging_mixin.py:188} INFO - [2026-06-21T22:03:50.070+0300] {dag.py:3096} INFO - Sync 3 DAGs
[2026-06-21T22:03:50.088+0300] {logging_mixin.py:188} INFO - [2026-06-21T22:03:50.088+0300] {dag.py:3954} INFO - Setting next_dagrun for example_branch_datetime_operator to 2026-06-20 00:00:00+00:00, run_after=2026-06-21 00:00:00+00:00
[2026-06-21T22:03:50.092+0300] {logging_mixin.py:188} INFO - [2026-06-21T22:03:50.092+0300] {dag.py:3954} INFO - Setting next_dagrun for example_branch_datetime_operator_2 to 2026-06-20 00:00:00+00:00, run_after=2026-06-21 00:00:00+00:00
[2026-06-21T22:03:50.094+0300] {logging_mixin.py:188} INFO - [2026-06-21T22:03:50.094+0300] {dag.py:3954} INFO - Setting next_dagrun for example_branch_datetime_operator_3 to 2026-06-20 00:00:00+00:00, run_after=2026-06-21 00:00:00+00:00
[2026-06-21T22:03:50.121+0300] {processor.py:183} INFO - Processing /media/data/omar/programming course/DEPI/DEPI project/anomx/venv/lib/python3.12/site-packages/airflow/example_dags/example_branch_datetime_operator.py took 0.111 seconds
[2026-06-21T22:05:10.268+0300] {processor.py:161} INFO - Started process (PID=17961) to work on /media/data/omar/programming course/DEPI/DEPI project/anomx/venv/lib/python3.12/site-packages/airflow/example_dags/example_branch_datetime_operator.py
[2026-06-21T22:05:10.270+0300] {processor.py:830} INFO - Processing file /media/data/omar/programming course/DEPI/DEPI project/anomx/venv/lib/python3.12/site-packages/airflow/example_dags/example_branch_datetime_operator.py for tasks to queue
[2026-06-21T22:05:10.272+0300] {logging_mixin.py:188} INFO - [2026-06-21T22:05:10.272+0300] {dagbag.py:540} INFO - Filling up the DagBag from /media/data/omar/programming course/DEPI/DEPI project/anomx/venv/lib/python3.12/site-packages/airflow/example_dags/example_branch_datetime_operator.py
[2026-06-21T22:05:10.286+0300] {processor.py:840} INFO - DAG(s) 'example_branch_datetime_operator_2', 'example_branch_datetime_operator_3', 'example_branch_datetime_operator' retrieved from /media/data/omar/programming course/DEPI/DEPI project/anomx/venv/lib/python3.12/site-packages/airflow/example_dags/example_branch_datetime_operator.py
[2026-06-21T22:05:10.307+0300] {logging_mixin.py:188} INFO - [2026-06-21T22:05:10.307+0300] {dag.py:3096} INFO - Sync 3 DAGs
[2026-06-21T22:05:10.325+0300] {logging_mixin.py:188} INFO - [2026-06-21T22:05:10.325+0300] {dag.py:3954} INFO - Setting next_dagrun for example_branch_datetime_operator to 2026-06-20 00:00:00+00:00, run_after=2026-06-21 00:00:00+00:00
[2026-06-21T22:05:10.331+0300] {logging_mixin.py:188} INFO - [2026-06-21T22:05:10.330+0300] {dag.py:3954} INFO - Setting next_dagrun for example_branch_datetime_operator_2 to 2026-06-20 00:00:00+00:00, run_after=2026-06-21 00:00:00+00:00
[2026-06-21T22:05:10.333+0300] {logging_mixin.py:188} INFO - [2026-06-21T22:05:10.333+0300] {dag.py:3954} INFO - Setting next_dagrun for example_branch_datetime_operator_3 to 2026-06-20 00:00:00+00:00, run_after=2026-06-21 00:00:00+00:00
[2026-06-21T22:05:10.360+0300] {processor.py:183} INFO - Processing /media/data/omar/programming course/DEPI/DEPI project/anomx/venv/lib/python3.12/site-packages/airflow/example_dags/example_branch_datetime_operator.py took 0.105 seconds
[2026-06-21T22:06:07.891+0300] {processor.py:161} INFO - Started process (PID=18054) to work on /media/data/omar/programming course/DEPI/DEPI project/anomx/venv/lib/python3.12/site-packages/airflow/example_dags/example_branch_datetime_operator.py
[2026-06-21T22:06:07.893+0300] {processor.py:830} INFO - Processing file /media/data/omar/programming course/DEPI/DEPI project/anomx/venv/lib/python3.12/site-packages/airflow/example_dags/example_branch_datetime_operator.py for tasks to queue
[2026-06-21T22:06:07.894+0300] {logging_mixin.py:188} INFO - [2026-06-21T22:06:07.894+0300] {dagbag.py:540} INFO - Filling up the DagBag from /media/data/omar/programming course/DEPI/DEPI project/anomx/venv/lib/python3.12/site-packages/airflow/example_dags/example_branch_datetime_operator.py
[2026-06-21T22:06:07.907+0300] {processor.py:840} INFO - DAG(s) 'example_branch_datetime_operator_2', 'example_branch_datetime_operator', 'example_branch_datetime_operator_3' retrieved from /media/data/omar/programming course/DEPI/DEPI project/anomx/venv/lib/python3.12/site-packages/airflow/example_dags/example_branch_datetime_operator.py
[2026-06-21T22:06:07.931+0300] {logging_mixin.py:188} INFO - [2026-06-21T22:06:07.930+0300] {dag.py:3096} INFO - Sync 3 DAGs
[2026-06-21T22:06:07.955+0300] {logging_mixin.py:188} INFO - [2026-06-21T22:06:07.955+0300] {dag.py:3954} INFO - Setting next_dagrun for example_branch_datetime_operator to 2026-06-20 00:00:00+00:00, run_after=2026-06-21 00:00:00+00:00
[2026-06-21T22:06:07.960+0300] {logging_mixin.py:188} INFO - [2026-06-21T22:06:07.959+0300] {dag.py:3954} INFO - Setting next_dagrun for example_branch_datetime_operator_2 to 2026-06-20 00:00:00+00:00, run_after=2026-06-21 00:00:00+00:00
[2026-06-21T22:06:07.962+0300] {logging_mixin.py:188} INFO - [2026-06-21T22:06:07.962+0300] {dag.py:3954} INFO - Setting next_dagrun for example_branch_datetime_operator_3 to 2026-06-20 00:00:00+00:00, run_after=2026-06-21 00:00:00+00:00
[2026-06-21T22:06:07.987+0300] {processor.py:183} INFO - Processing /media/data/omar/programming course/DEPI/DEPI project/anomx/venv/lib/python3.12/site-packages/airflow/example_dags/example_branch_datetime_operator.py took 0.103 seconds
[2026-06-21T22:07:05.372+0300] {processor.py:161} INFO - Started process (PID=18145) to work on /media/data/omar/programming course/DEPI/DEPI project/anomx/venv/lib/python3.12/site-packages/airflow/example_dags/example_branch_datetime_operator.py
[2026-06-21T22:07:05.374+0300] {processor.py:830} INFO - Processing file /media/data/omar/programming course/DEPI/DEPI project/anomx/venv/lib/python3.12/site-packages/airflow/example_dags/example_branch_datetime_operator.py for tasks to queue
[2026-06-21T22:07:05.378+0300] {logging_mixin.py:188} INFO - [2026-06-21T22:07:05.377+0300] {dagbag.py:540} INFO - Filling up the DagBag from /media/data/omar/programming course/DEPI/DEPI project/anomx/venv/lib/python3.12/site-packages/airflow/example_dags/example_branch_datetime_operator.py
[2026-06-21T22:07:05.398+0300] {processor.py:840} INFO - DAG(s) 'example_branch_datetime_operator', 'example_branch_datetime_operator_3', 'example_branch_datetime_operator_2' retrieved from /media/data/omar/programming course/DEPI/DEPI project/anomx/venv/lib/python3.12/site-packages/airflow/example_dags/example_branch_datetime_operator.py
[2026-06-21T22:07:05.418+0300] {logging_mixin.py:188} INFO - [2026-06-21T22:07:05.418+0300] {dag.py:3096} INFO - Sync 3 DAGs
[2026-06-21T22:07:05.436+0300] {logging_mixin.py:188} INFO - [2026-06-21T22:07:05.436+0300] {dag.py:3954} INFO - Setting next_dagrun for example_branch_datetime_operator to 2026-06-20 00:00:00+00:00, run_after=2026-06-21 00:00:00+00:00
[2026-06-21T22:07:05.441+0300] {logging_mixin.py:188} INFO - [2026-06-21T22:07:05.440+0300] {dag.py:3954} INFO - Setting next_dagrun for example_branch_datetime_operator_2 to 2026-06-20 00:00:00+00:00, run_after=2026-06-21 00:00:00+00:00
[2026-06-21T22:07:05.443+0300] {logging_mixin.py:188} INFO - [2026-06-21T22:07:05.443+0300] {dag.py:3954} INFO - Setting next_dagrun for example_branch_datetime_operator_3 to 2026-06-20 00:00:00+00:00, run_after=2026-06-21 00:00:00+00:00
[2026-06-21T22:07:05.551+0300] {processor.py:183} INFO - Processing /media/data/omar/programming course/DEPI/DEPI project/anomx/venv/lib/python3.12/site-packages/airflow/example_dags/example_branch_datetime_operator.py took 0.192 seconds
[2026-06-21T22:08:04.878+0300] {processor.py:161} INFO - Started process (PID=18237) to work on /media/data/omar/programming course/DEPI/DEPI project/anomx/venv/lib/python3.12/site-packages/airflow/example_dags/example_branch_datetime_operator.py
[2026-06-21T22:08:04.879+0300] {processor.py:830} INFO - Processing file /media/data/omar/programming course/DEPI/DEPI project/anomx/venv/lib/python3.12/site-packages/airflow/example_dags/example_branch_datetime_operator.py for tasks to queue
[2026-06-21T22:08:04.882+0300] {logging_mixin.py:188} INFO - [2026-06-21T22:08:04.881+0300] {dagbag.py:540} INFO - Filling up the DagBag from /media/data/omar/programming course/DEPI/DEPI project/anomx/venv/lib/python3.12/site-packages/airflow/example_dags/example_branch_datetime_operator.py
[2026-06-21T22:08:04.896+0300] {processor.py:840} INFO - DAG(s) 'example_branch_datetime_operator', 'example_branch_datetime_operator_2', 'example_branch_datetime_operator_3' retrieved from /media/data/omar/programming course/DEPI/DEPI project/anomx/venv/lib/python3.12/site-packages/airflow/example_dags/example_branch_datetime_operator.py
[2026-06-21T22:08:04.916+0300] {logging_mixin.py:188} INFO - [2026-06-21T22:08:04.915+0300] {dag.py:3096} INFO - Sync 3 DAGs
[2026-06-21T22:08:04.934+0300] {logging_mixin.py:188} INFO - [2026-06-21T22:08:04.933+0300] {dag.py:3954} INFO - Setting next_dagrun for example_branch_datetime_operator to 2026-06-20 00:00:00+00:00, run_after=2026-06-21 00:00:00+00:00
[2026-06-21T22:08:04.938+0300] {logging_mixin.py:188} INFO - [2026-06-21T22:08:04.938+0300] {dag.py:3954} INFO - Setting next_dagrun for example_branch_datetime_operator_2 to 2026-06-20 00:00:00+00:00, run_after=2026-06-21 00:00:00+00:00
[2026-06-21T22:08:04.940+0300] {logging_mixin.py:188} INFO - [2026-06-21T22:08:04.940+0300] {dag.py:3954} INFO - Setting next_dagrun for example_branch_datetime_operator_3 to 2026-06-20 00:00:00+00:00, run_after=2026-06-21 00:00:00+00:00
[2026-06-21T22:08:04.966+0300] {processor.py:183} INFO - Processing /media/data/omar/programming course/DEPI/DEPI project/anomx/venv/lib/python3.12/site-packages/airflow/example_dags/example_branch_datetime_operator.py took 0.094 seconds
[2026-06-21T22:09:02.727+0300] {processor.py:161} INFO - Started process (PID=18319) to work on /media/data/omar/programming course/DEPI/DEPI project/anomx/venv/lib/python3.12/site-packages/airflow/example_dags/example_branch_datetime_operator.py
[2026-06-21T22:09:02.728+0300] {processor.py:830} INFO - Processing file /media/data/omar/programming course/DEPI/DEPI project/anomx/venv/lib/python3.12/site-packages/airflow/example_dags/example_branch_datetime_operator.py for tasks to queue
[2026-06-21T22:09:02.731+0300] {logging_mixin.py:188} INFO - [2026-06-21T22:09:02.730+0300] {dagbag.py:540} INFO - Filling up the DagBag from /media/data/omar/programming course/DEPI/DEPI project/anomx/venv/lib/python3.12/site-packages/airflow/example_dags/example_branch_datetime_operator.py
[2026-06-21T22:09:02.745+0300] {processor.py:840} INFO - DAG(s) 'example_branch_datetime_operator_2', 'example_branch_datetime_operator', 'example_branch_datetime_operator_3' retrieved from /media/data/omar/programming course/DEPI/DEPI project/anomx/venv/lib/python3.12/site-packages/airflow/example_dags/example_branch_datetime_operator.py
[2026-06-21T22:09:02.768+0300] {logging_mixin.py:188} INFO - [2026-06-21T22:09:02.767+0300] {dag.py:3096} INFO - Sync 3 DAGs
[2026-06-21T22:09:02.785+0300] {logging_mixin.py:188} INFO - [2026-06-21T22:09:02.785+0300] {dag.py:3954} INFO - Setting next_dagrun for example_branch_datetime_operator to 2026-06-20 00:00:00+00:00, run_after=2026-06-21 00:00:00+00:00
[2026-06-21T22:09:02.790+0300] {logging_mixin.py:188} INFO - [2026-06-21T22:09:02.790+0300] {dag.py:3954} INFO - Setting next_dagrun for example_branch_datetime_operator_2 to 2026-06-20 00:00:00+00:00, run_after=2026-06-21 00:00:00+00:00
[2026-06-21T22:09:02.792+0300] {logging_mixin.py:188} INFO - [2026-06-21T22:09:02.792+0300] {dag.py:3954} INFO - Setting next_dagrun for example_branch_datetime_operator_3 to 2026-06-20 00:00:00+00:00, run_after=2026-06-21 00:00:00+00:00
[2026-06-21T22:09:02.818+0300] {processor.py:183} INFO - Processing /media/data/omar/programming course/DEPI/DEPI project/anomx/venv/lib/python3.12/site-packages/airflow/example_dags/example_branch_datetime_operator.py took 0.105 seconds
[2026-06-21T22:10:39.313+0300] {processor.py:161} INFO - Started process (PID=18698) to work on /media/data/omar/programming course/DEPI/DEPI project/anomx/venv/lib/python3.12/site-packages/airflow/example_dags/example_branch_datetime_operator.py
[2026-06-21T22:10:39.315+0300] {processor.py:830} INFO - Processing file /media/data/omar/programming course/DEPI/DEPI project/anomx/venv/lib/python3.12/site-packages/airflow/example_dags/example_branch_datetime_operator.py for tasks to queue
[2026-06-21T22:10:39.319+0300] {logging_mixin.py:188} INFO - [2026-06-21T22:10:39.318+0300] {dagbag.py:540} INFO - Filling up the DagBag from /media/data/omar/programming course/DEPI/DEPI project/anomx/venv/lib/python3.12/site-packages/airflow/example_dags/example_branch_datetime_operator.py
[2026-06-21T22:10:39.341+0300] {processor.py:840} INFO - DAG(s) 'example_branch_datetime_operator_2', 'example_branch_datetime_operator_3', 'example_branch_datetime_operator' retrieved from /media/data/omar/programming course/DEPI/DEPI project/anomx/venv/lib/python3.12/site-packages/airflow/example_dags/example_branch_datetime_operator.py
[2026-06-21T22:10:39.468+0300] {logging_mixin.py:188} INFO - [2026-06-21T22:10:39.468+0300] {dag.py:3096} INFO - Sync 3 DAGs
[2026-06-21T22:10:39.485+0300] {logging_mixin.py:188} INFO - [2026-06-21T22:10:39.485+0300] {dag.py:3954} INFO - Setting next_dagrun for example_branch_datetime_operator to 2026-06-20 00:00:00+00:00, run_after=2026-06-21 00:00:00+00:00
[2026-06-21T22:10:39.490+0300] {logging_mixin.py:188} INFO - [2026-06-21T22:10:39.489+0300] {dag.py:3954} INFO - Setting next_dagrun for example_branch_datetime_operator_2 to 2026-06-20 00:00:00+00:00, run_after=2026-06-21 00:00:00+00:00
[2026-06-21T22:10:39.492+0300] {logging_mixin.py:188} INFO - [2026-06-21T22:10:39.492+0300] {dag.py:3954} INFO - Setting next_dagrun for example_branch_datetime_operator_3 to 2026-06-20 00:00:00+00:00, run_after=2026-06-21 00:00:00+00:00
[2026-06-21T22:10:39.519+0300] {processor.py:183} INFO - Processing /media/data/omar/programming course/DEPI/DEPI project/anomx/venv/lib/python3.12/site-packages/airflow/example_dags/example_branch_datetime_operator.py took 0.218 seconds
[2026-06-21T22:11:36.441+0300] {processor.py:161} INFO - Started process (PID=18839) to work on /media/data/omar/programming course/DEPI/DEPI project/anomx/venv/lib/python3.12/site-packages/airflow/example_dags/example_branch_datetime_operator.py
[2026-06-21T22:11:36.442+0300] {processor.py:830} INFO - Processing file /media/data/omar/programming course/DEPI/DEPI project/anomx/venv/lib/python3.12/site-packages/airflow/example_dags/example_branch_datetime_operator.py for tasks to queue
[2026-06-21T22:11:36.444+0300] {logging_mixin.py:188} INFO - [2026-06-21T22:11:36.443+0300] {dagbag.py:540} INFO - Filling up the DagBag from /media/data/omar/programming course/DEPI/DEPI project/anomx/venv/lib/python3.12/site-packages/airflow/example_dags/example_branch_datetime_operator.py
[2026-06-21T22:11:36.456+0300] {processor.py:840} INFO - DAG(s) 'example_branch_datetime_operator_2', 'example_branch_datetime_operator', 'example_branch_datetime_operator_3' retrieved from /media/data/omar/programming course/DEPI/DEPI project/anomx/venv/lib/python3.12/site-packages/airflow/example_dags/example_branch_datetime_operator.py
[2026-06-21T22:11:36.480+0300] {logging_mixin.py:188} INFO - [2026-06-21T22:11:36.479+0300] {dag.py:3096} INFO - Sync 3 DAGs
[2026-06-21T22:11:36.506+0300] {logging_mixin.py:188} INFO - [2026-06-21T22:11:36.506+0300] {dag.py:3954} INFO - Setting next_dagrun for example_branch_datetime_operator to 2026-06-20 00:00:00+00:00, run_after=2026-06-21 00:00:00+00:00
[2026-06-21T22:11:36.511+0300] {logging_mixin.py:188} INFO - [2026-06-21T22:11:36.511+0300] {dag.py:3954} INFO - Setting next_dagrun for example_branch_datetime_operator_2 to 2026-06-20 00:00:00+00:00, run_after=2026-06-21 00:00:00+00:00
[2026-06-21T22:11:36.514+0300] {logging_mixin.py:188} INFO - [2026-06-21T22:11:36.514+0300] {dag.py:3954} INFO - Setting next_dagrun for example_branch_datetime_operator_3 to 2026-06-20 00:00:00+00:00, run_after=2026-06-21 00:00:00+00:00
[2026-06-21T22:11:36.547+0300] {processor.py:183} INFO - Processing /media/data/omar/programming course/DEPI/DEPI project/anomx/venv/lib/python3.12/site-packages/airflow/example_dags/example_branch_datetime_operator.py took 0.111 seconds
[2026-06-21T22:12:57.268+0300] {processor.py:161} INFO - Started process (PID=18979) to work on /media/data/omar/programming course/DEPI/DEPI project/anomx/venv/lib/python3.12/site-packages/airflow/example_dags/example_branch_datetime_operator.py
[2026-06-21T22:12:57.269+0300] {processor.py:830} INFO - Processing file /media/data/omar/programming course/DEPI/DEPI project/anomx/venv/lib/python3.12/site-packages/airflow/example_dags/example_branch_datetime_operator.py for tasks to queue
[2026-06-21T22:12:57.271+0300] {logging_mixin.py:188} INFO - [2026-06-21T22:12:57.270+0300] {dagbag.py:540} INFO - Filling up the DagBag from /media/data/omar/programming course/DEPI/DEPI project/anomx/venv/lib/python3.12/site-packages/airflow/example_dags/example_branch_datetime_operator.py
[2026-06-21T22:12:57.288+0300] {processor.py:840} INFO - DAG(s) 'example_branch_datetime_operator', 'example_branch_datetime_operator_2', 'example_branch_datetime_operator_3' retrieved from /media/data/omar/programming course/DEPI/DEPI project/anomx/venv/lib/python3.12/site-packages/airflow/example_dags/example_branch_datetime_operator.py
[2026-06-21T22:12:57.324+0300] {logging_mixin.py:188} INFO - [2026-06-21T22:12:57.323+0300] {dag.py:3096} INFO - Sync 3 DAGs
[2026-06-21T22:12:57.349+0300] {logging_mixin.py:188} INFO - [2026-06-21T22:12:57.348+0300] {dag.py:3954} INFO - Setting next_dagrun for example_branch_datetime_operator to 2026-06-20 00:00:00+00:00, run_after=2026-06-21 00:00:00+00:00
[2026-06-21T22:12:57.354+0300] {logging_mixin.py:188} INFO - [2026-06-21T22:12:57.354+0300] {dag.py:3954} INFO - Setting next_dagrun for example_branch_datetime_operator_2 to 2026-06-20 00:00:00+00:00, run_after=2026-06-21 00:00:00+00:00
[2026-06-21T22:12:57.356+0300] {logging_mixin.py:188} INFO - [2026-06-21T22:12:57.356+0300] {dag.py:3954} INFO - Setting next_dagrun for example_branch_datetime_operator_3 to 2026-06-20 00:00:00+00:00, run_after=2026-06-21 00:00:00+00:00
[2026-06-21T22:12:57.385+0300] {processor.py:183} INFO - Processing /media/data/omar/programming course/DEPI/DEPI project/anomx/venv/lib/python3.12/site-packages/airflow/example_dags/example_branch_datetime_operator.py took 0.124 seconds
[2026-06-21T22:14:16.847+0300] {processor.py:161} INFO - Started process (PID=19164) to work on /media/data/omar/programming course/DEPI/DEPI project/anomx/venv/lib/python3.12/site-packages/airflow/example_dags/example_branch_datetime_operator.py
[2026-06-21T22:14:16.848+0300] {processor.py:830} INFO - Processing file /media/data/omar/programming course/DEPI/DEPI project/anomx/venv/lib/python3.12/site-packages/airflow/example_dags/example_branch_datetime_operator.py for tasks to queue
[2026-06-21T22:14:16.849+0300] {logging_mixin.py:188} INFO - [2026-06-21T22:14:16.849+0300] {dagbag.py:540} INFO - Filling up the DagBag from /media/data/omar/programming course/DEPI/DEPI project/anomx/venv/lib/python3.12/site-packages/airflow/example_dags/example_branch_datetime_operator.py
[2026-06-21T22:14:16.860+0300] {processor.py:840} INFO - DAG(s) 'example_branch_datetime_operator', 'example_branch_datetime_operator_3', 'example_branch_datetime_operator_2' retrieved from /media/data/omar/programming course/DEPI/DEPI project/anomx/venv/lib/python3.12/site-packages/airflow/example_dags/example_branch_datetime_operator.py
[2026-06-21T22:14:16.880+0300] {logging_mixin.py:188} INFO - [2026-06-21T22:14:16.879+0300] {dag.py:3096} INFO - Sync 3 DAGs
[2026-06-21T22:14:16.917+0300] {logging_mixin.py:188} INFO - [2026-06-21T22:14:16.916+0300] {dag.py:3954} INFO - Setting next_dagrun for example_branch_datetime_operator to 2026-06-20 00:00:00+00:00, run_after=2026-06-21 00:00:00+00:00
[2026-06-21T22:14:16.927+0300] {logging_mixin.py:188} INFO - [2026-06-21T22:14:16.926+0300] {dag.py:3954} INFO - Setting next_dagrun for example_branch_datetime_operator_2 to 2026-06-20 00:00:00+00:00, run_after=2026-06-21 00:00:00+00:00
[2026-06-21T22:14:16.931+0300] {logging_mixin.py:188} INFO - [2026-06-21T22:14:16.930+0300] {dag.py:3954} INFO - Setting next_dagrun for example_branch_datetime_operator_3 to 2026-06-20 00:00:00+00:00, run_after=2026-06-21 00:00:00+00:00
[2026-06-21T22:14:16.978+0300] {processor.py:183} INFO - Processing /media/data/omar/programming course/DEPI/DEPI project/anomx/venv/lib/python3.12/site-packages/airflow/example_dags/example_branch_datetime_operator.py took 0.136 seconds
[2026-06-21T22:15:14.350+0300] {processor.py:161} INFO - Started process (PID=19263) to work on /media/data/omar/programming course/DEPI/DEPI project/anomx/venv/lib/python3.12/site-packages/airflow/example_dags/example_branch_datetime_operator.py
[2026-06-21T22:15:14.351+0300] {processor.py:830} INFO - Processing file /media/data/omar/programming course/DEPI/DEPI project/anomx/venv/lib/python3.12/site-packages/airflow/example_dags/example_branch_datetime_operator.py for tasks to queue
[2026-06-21T22:15:14.354+0300] {logging_mixin.py:188} INFO - [2026-06-21T22:15:14.354+0300] {dagbag.py:540} INFO - Filling up the DagBag from /media/data/omar/programming course/DEPI/DEPI project/anomx/venv/lib/python3.12/site-packages/airflow/example_dags/example_branch_datetime_operator.py
[2026-06-21T22:15:14.366+0300] {processor.py:840} INFO - DAG(s) 'example_branch_datetime_operator', 'example_branch_datetime_operator_2', 'example_branch_datetime_operator_3' retrieved from /media/data/omar/programming course/DEPI/DEPI project/anomx/venv/lib/python3.12/site-packages/airflow/example_dags/example_branch_datetime_operator.py
[2026-06-21T22:15:14.388+0300] {logging_mixin.py:188} INFO - [2026-06-21T22:15:14.388+0300] {dag.py:3096} INFO - Sync 3 DAGs
[2026-06-21T22:15:14.414+0300] {logging_mixin.py:188} INFO - [2026-06-21T22:15:14.413+0300] {dag.py:3954} INFO - Setting next_dagrun for example_branch_datetime_operator to 2026-06-20 00:00:00+00:00, run_after=2026-06-21 00:00:00+00:00
[2026-06-21T22:15:14.422+0300] {logging_mixin.py:188} INFO - [2026-06-21T22:15:14.421+0300] {dag.py:3954} INFO - Setting next_dagrun for example_branch_datetime_operator_2 to 2026-06-20 00:00:00+00:00, run_after=2026-06-21 00:00:00+00:00
[2026-06-21T22:15:14.433+0300] {logging_mixin.py:188} INFO - [2026-06-21T22:15:14.430+0300] {dag.py:3954} INFO - Setting next_dagrun for example_branch_datetime_operator_3 to 2026-06-20 00:00:00+00:00, run_after=2026-06-21 00:00:00+00:00
[2026-06-21T22:15:14.526+0300] {processor.py:183} INFO - Processing /media/data/omar/programming course/DEPI/DEPI project/anomx/venv/lib/python3.12/site-packages/airflow/example_dags/example_branch_datetime_operator.py took 0.183 seconds
[2026-06-21T22:16:34.058+0300] {processor.py:161} INFO - Started process (PID=19702) to work on /media/data/omar/programming course/DEPI/DEPI project/anomx/venv/lib/python3.12/site-packages/airflow/example_dags/example_branch_datetime_operator.py
[2026-06-21T22:16:34.060+0300] {processor.py:830} INFO - Processing file /media/data/omar/programming course/DEPI/DEPI project/anomx/venv/lib/python3.12/site-packages/airflow/example_dags/example_branch_datetime_operator.py for tasks to queue
[2026-06-21T22:16:34.061+0300] {logging_mixin.py:188} INFO - [2026-06-21T22:16:34.061+0300] {dagbag.py:540} INFO - Filling up the DagBag from /media/data/omar/programming course/DEPI/DEPI project/anomx/venv/lib/python3.12/site-packages/airflow/example_dags/example_branch_datetime_operator.py
[2026-06-21T22:16:34.072+0300] {processor.py:840} INFO - DAG(s) 'example_branch_datetime_operator_3', 'example_branch_datetime_operator', 'example_branch_datetime_operator_2' retrieved from /media/data/omar/programming course/DEPI/DEPI project/anomx/venv/lib/python3.12/site-packages/airflow/example_dags/example_branch_datetime_operator.py
[2026-06-21T22:16:34.096+0300] {logging_mixin.py:188} INFO - [2026-06-21T22:16:34.096+0300] {dag.py:3096} INFO - Sync 3 DAGs
[2026-06-21T22:16:34.119+0300] {logging_mixin.py:188} INFO - [2026-06-21T22:16:34.118+0300] {dag.py:3954} INFO - Setting next_dagrun for example_branch_datetime_operator to 2026-06-20 00:00:00+00:00, run_after=2026-06-21 00:00:00+00:00
[2026-06-21T22:16:34.125+0300] {logging_mixin.py:188} INFO - [2026-06-21T22:16:34.125+0300] {dag.py:3954} INFO - Setting next_dagrun for example_branch_datetime_operator_2 to 2026-06-20 00:00:00+00:00, run_after=2026-06-21 00:00:00+00:00
[2026-06-21T22:16:34.127+0300] {logging_mixin.py:188} INFO - [2026-06-21T22:16:34.127+0300] {dag.py:3954} INFO - Setting next_dagrun for example_branch_datetime_operator_3 to 2026-06-20 00:00:00+00:00, run_after=2026-06-21 00:00:00+00:00
[2026-06-21T22:16:34.153+0300] {processor.py:183} INFO - Processing /media/data/omar/programming course/DEPI/DEPI project/anomx/venv/lib/python3.12/site-packages/airflow/example_dags/example_branch_datetime_operator.py took 0.107 seconds
[2026-06-21T22:17:34.718+0300] {processor.py:161} INFO - Started process (PID=19825) to work on /media/data/omar/programming course/DEPI/DEPI project/anomx/venv/lib/python3.12/site-packages/airflow/example_dags/example_branch_datetime_operator.py
[2026-06-21T22:17:34.720+0300] {processor.py:830} INFO - Processing file /media/data/omar/programming course/DEPI/DEPI project/anomx/venv/lib/python3.12/site-packages/airflow/example_dags/example_branch_datetime_operator.py for tasks to queue
[2026-06-21T22:17:34.724+0300] {logging_mixin.py:188} INFO - [2026-06-21T22:17:34.724+0300] {dagbag.py:540} INFO - Filling up the DagBag from /media/data/omar/programming course/DEPI/DEPI project/anomx/venv/lib/python3.12/site-packages/airflow/example_dags/example_branch_datetime_operator.py
[2026-06-21T22:17:34.739+0300] {processor.py:840} INFO - DAG(s) 'example_branch_datetime_operator_2', 'example_branch_datetime_operator_3', 'example_branch_datetime_operator' retrieved from /media/data/omar/programming course/DEPI/DEPI project/anomx/venv/lib/python3.12/site-packages/airflow/example_dags/example_branch_datetime_operator.py
[2026-06-21T22:17:34.762+0300] {logging_mixin.py:188} INFO - [2026-06-21T22:17:34.761+0300] {dag.py:3096} INFO - Sync 3 DAGs
[2026-06-21T22:17:34.781+0300] {logging_mixin.py:188} INFO - [2026-06-21T22:17:34.781+0300] {dag.py:3954} INFO - Setting next_dagrun for example_branch_datetime_operator to 2026-06-20 00:00:00+00:00, run_after=2026-06-21 00:00:00+00:00
[2026-06-21T22:17:34.789+0300] {logging_mixin.py:188} INFO - [2026-06-21T22:17:34.788+0300] {dag.py:3954} INFO - Setting next_dagrun for example_branch_datetime_operator_2 to 2026-06-20 00:00:00+00:00, run_after=2026-06-21 00:00:00+00:00
[2026-06-21T22:17:34.791+0300] {logging_mixin.py:188} INFO - [2026-06-21T22:17:34.791+0300] {dag.py:3954} INFO - Setting next_dagrun for example_branch_datetime_operator_3 to 2026-06-20 00:00:00+00:00, run_after=2026-06-21 00:00:00+00:00
[2026-06-21T22:17:34.818+0300] {processor.py:183} INFO - Processing /media/data/omar/programming course/DEPI/DEPI project/anomx/venv/lib/python3.12/site-packages/airflow/example_dags/example_branch_datetime_operator.py took 0.110 seconds
[2026-06-21T22:18:33.755+0300] {processor.py:161} INFO - Started process (PID=19976) to work on /media/data/omar/programming course/DEPI/DEPI project/anomx/venv/lib/python3.12/site-packages/airflow/example_dags/example_branch_datetime_operator.py
[2026-06-21T22:18:33.756+0300] {processor.py:830} INFO - Processing file /media/data/omar/programming course/DEPI/DEPI project/anomx/venv/lib/python3.12/site-packages/airflow/example_dags/example_branch_datetime_operator.py for tasks to queue
[2026-06-21T22:18:33.758+0300] {logging_mixin.py:188} INFO - [2026-06-21T22:18:33.758+0300] {dagbag.py:540} INFO - Filling up the DagBag from /media/data/omar/programming course/DEPI/DEPI project/anomx/venv/lib/python3.12/site-packages/airflow/example_dags/example_branch_datetime_operator.py
[2026-06-21T22:18:33.772+0300] {processor.py:840} INFO - DAG(s) 'example_branch_datetime_operator_3', 'example_branch_datetime_operator', 'example_branch_datetime_operator_2' retrieved from /media/data/omar/programming course/DEPI/DEPI project/anomx/venv/lib/python3.12/site-packages/airflow/example_dags/example_branch_datetime_operator.py
[2026-06-21T22:18:33.799+0300] {logging_mixin.py:188} INFO - [2026-06-21T22:18:33.798+0300] {dag.py:3096} INFO - Sync 3 DAGs
[2026-06-21T22:18:33.824+0300] {logging_mixin.py:188} INFO - [2026-06-21T22:18:33.823+0300] {dag.py:3954} INFO - Setting next_dagrun for example_branch_datetime_operator to 2026-06-20 00:00:00+00:00, run_after=2026-06-21 00:00:00+00:00
[2026-06-21T22:18:33.830+0300] {logging_mixin.py:188} INFO - [2026-06-21T22:18:33.829+0300] {dag.py:3954} INFO - Setting next_dagrun for example_branch_datetime_operator_2 to 2026-06-20 00:00:00+00:00, run_after=2026-06-21 00:00:00+00:00
[2026-06-21T22:18:33.835+0300] {logging_mixin.py:188} INFO - [2026-06-21T22:18:33.834+0300] {dag.py:3954} INFO - Setting next_dagrun for example_branch_datetime_operator_3 to 2026-06-20 00:00:00+00:00, run_after=2026-06-21 00:00:00+00:00
[2026-06-21T22:18:33.899+0300] {processor.py:183} INFO - Processing /media/data/omar/programming course/DEPI/DEPI project/anomx/venv/lib/python3.12/site-packages/airflow/example_dags/example_branch_datetime_operator.py took 0.151 seconds
[2026-06-21T22:19:59.342+0300] {processor.py:161} INFO - Started process (PID=20128) to work on /media/data/omar/programming course/DEPI/DEPI project/anomx/venv/lib/python3.12/site-packages/airflow/example_dags/example_branch_datetime_operator.py
[2026-06-21T22:19:59.343+0300] {processor.py:830} INFO - Processing file /media/data/omar/programming course/DEPI/DEPI project/anomx/venv/lib/python3.12/site-packages/airflow/example_dags/example_branch_datetime_operator.py for tasks to queue
[2026-06-21T22:19:59.344+0300] {logging_mixin.py:188} INFO - [2026-06-21T22:19:59.344+0300] {dagbag.py:540} INFO - Filling up the DagBag from /media/data/omar/programming course/DEPI/DEPI project/anomx/venv/lib/python3.12/site-packages/airflow/example_dags/example_branch_datetime_operator.py
[2026-06-21T22:19:59.354+0300] {processor.py:840} INFO - DAG(s) 'example_branch_datetime_operator', 'example_branch_datetime_operator_2', 'example_branch_datetime_operator_3' retrieved from /media/data/omar/programming course/DEPI/DEPI project/anomx/venv/lib/python3.12/site-packages/airflow/example_dags/example_branch_datetime_operator.py
[2026-06-21T22:19:59.374+0300] {logging_mixin.py:188} INFO - [2026-06-21T22:19:59.374+0300] {dag.py:3096} INFO - Sync 3 DAGs
[2026-06-21T22:19:59.391+0300] {logging_mixin.py:188} INFO - [2026-06-21T22:19:59.391+0300] {dag.py:3954} INFO - Setting next_dagrun for example_branch_datetime_operator to 2026-06-20 00:00:00+00:00, run_after=2026-06-21 00:00:00+00:00
[2026-06-21T22:19:59.395+0300] {logging_mixin.py:188} INFO - [2026-06-21T22:19:59.395+0300] {dag.py:3954} INFO - Setting next_dagrun for example_branch_datetime_operator_2 to 2026-06-20 00:00:00+00:00, run_after=2026-06-21 00:00:00+00:00
[2026-06-21T22:19:59.397+0300] {logging_mixin.py:188} INFO - [2026-06-21T22:19:59.397+0300] {dag.py:3954} INFO - Setting next_dagrun for example_branch_datetime_operator_3 to 2026-06-20 00:00:00+00:00, run_after=2026-06-21 00:00:00+00:00
[2026-06-21T22:19:59.424+0300] {processor.py:183} INFO - Processing /media/data/omar/programming course/DEPI/DEPI project/anomx/venv/lib/python3.12/site-packages/airflow/example_dags/example_branch_datetime_operator.py took 0.087 seconds
[2026-06-21T22:21:36.803+0300] {processor.py:161} INFO - Started process (PID=20290) to work on /media/data/omar/programming course/DEPI/DEPI project/anomx/venv/lib/python3.12/site-packages/airflow/example_dags/example_branch_datetime_operator.py
[2026-06-21T22:21:36.804+0300] {processor.py:830} INFO - Processing file /media/data/omar/programming course/DEPI/DEPI project/anomx/venv/lib/python3.12/site-packages/airflow/example_dags/example_branch_datetime_operator.py for tasks to queue
[2026-06-21T22:21:36.806+0300] {logging_mixin.py:188} INFO - [2026-06-21T22:21:36.805+0300] {dagbag.py:540} INFO - Filling up the DagBag from /media/data/omar/programming course/DEPI/DEPI project/anomx/venv/lib/python3.12/site-packages/airflow/example_dags/example_branch_datetime_operator.py
[2026-06-21T22:21:36.832+0300] {processor.py:840} INFO - DAG(s) 'example_branch_datetime_operator_3', 'example_branch_datetime_operator_2', 'example_branch_datetime_operator' retrieved from /media/data/omar/programming course/DEPI/DEPI project/anomx/venv/lib/python3.12/site-packages/airflow/example_dags/example_branch_datetime_operator.py
[2026-06-21T22:21:36.921+0300] {logging_mixin.py:188} INFO - [2026-06-21T22:21:36.921+0300] {dag.py:3096} INFO - Sync 3 DAGs
[2026-06-21T22:21:36.996+0300] {logging_mixin.py:188} INFO - [2026-06-21T22:21:36.995+0300] {dag.py:3954} INFO - Setting next_dagrun for example_branch_datetime_operator to 2026-06-20 00:00:00+00:00, run_after=2026-06-21 00:00:00+00:00
[2026-06-21T22:21:37.010+0300] {logging_mixin.py:188} INFO - [2026-06-21T22:21:37.006+0300] {dag.py:3954} INFO - Setting next_dagrun for example_branch_datetime_operator_2 to 2026-06-20 00:00:00+00:00, run_after=2026-06-21 00:00:00+00:00
[2026-06-21T22:21:37.017+0300] {logging_mixin.py:188} INFO - [2026-06-21T22:21:37.017+0300] {dag.py:3954} INFO - Setting next_dagrun for example_branch_datetime_operator_3 to 2026-06-20 00:00:00+00:00, run_after=2026-06-21 00:00:00+00:00
[2026-06-21T22:21:37.070+0300] {processor.py:183} INFO - Processing /media/data/omar/programming course/DEPI/DEPI project/anomx/venv/lib/python3.12/site-packages/airflow/example_dags/example_branch_datetime_operator.py took 0.275 seconds
[2026-06-21T22:23:49.168+0300] {processor.py:161} INFO - Started process (PID=20519) to work on /media/data/omar/programming course/DEPI/DEPI project/anomx/venv/lib/python3.12/site-packages/airflow/example_dags/example_branch_datetime_operator.py
[2026-06-21T22:23:49.170+0300] {processor.py:830} INFO - Processing file /media/data/omar/programming course/DEPI/DEPI project/anomx/venv/lib/python3.12/site-packages/airflow/example_dags/example_branch_datetime_operator.py for tasks to queue
[2026-06-21T22:23:49.173+0300] {logging_mixin.py:188} INFO - [2026-06-21T22:23:49.172+0300] {dagbag.py:540} INFO - Filling up the DagBag from /media/data/omar/programming course/DEPI/DEPI project/anomx/venv/lib/python3.12/site-packages/airflow/example_dags/example_branch_datetime_operator.py
[2026-06-21T22:23:49.190+0300] {processor.py:840} INFO - DAG(s) 'example_branch_datetime_operator', 'example_branch_datetime_operator_2', 'example_branch_datetime_operator_3' retrieved from /media/data/omar/programming course/DEPI/DEPI project/anomx/venv/lib/python3.12/site-packages/airflow/example_dags/example_branch_datetime_operator.py
[2026-06-21T22:23:49.211+0300] {logging_mixin.py:188} INFO - [2026-06-21T22:23:49.211+0300] {dag.py:3096} INFO - Sync 3 DAGs
[2026-06-21T22:23:49.229+0300] {logging_mixin.py:188} INFO - [2026-06-21T22:23:49.229+0300] {dag.py:3954} INFO - Setting next_dagrun for example_branch_datetime_operator to 2026-06-20 00:00:00+00:00, run_after=2026-06-21 00:00:00+00:00
[2026-06-21T22:23:49.233+0300] {logging_mixin.py:188} INFO - [2026-06-21T22:23:49.233+0300] {dag.py:3954} INFO - Setting next_dagrun for example_branch_datetime_operator_2 to 2026-06-20 00:00:00+00:00, run_after=2026-06-21 00:00:00+00:00
[2026-06-21T22:23:49.236+0300] {logging_mixin.py:188} INFO - [2026-06-21T22:23:49.235+0300] {dag.py:3954} INFO - Setting next_dagrun for example_branch_datetime_operator_3 to 2026-06-20 00:00:00+00:00, run_after=2026-06-21 00:00:00+00:00
[2026-06-21T22:23:49.266+0300] {processor.py:183} INFO - Processing /media/data/omar/programming course/DEPI/DEPI project/anomx/venv/lib/python3.12/site-packages/airflow/example_dags/example_branch_datetime_operator.py took 0.115 seconds
[2026-06-21T22:48:36.353+0300] {processor.py:161} INFO - Started process (PID=22180) to work on /media/data/omar/programming course/DEPI/DEPI project/anomx/venv/lib/python3.12/site-packages/airflow/example_dags/example_branch_datetime_operator.py
[2026-06-21T22:48:36.357+0300] {processor.py:830} INFO - Processing file /media/data/omar/programming course/DEPI/DEPI project/anomx/venv/lib/python3.12/site-packages/airflow/example_dags/example_branch_datetime_operator.py for tasks to queue
[2026-06-21T22:48:36.364+0300] {logging_mixin.py:188} INFO - [2026-06-21T22:48:36.362+0300] {dagbag.py:540} INFO - Filling up the DagBag from /media/data/omar/programming course/DEPI/DEPI project/anomx/venv/lib/python3.12/site-packages/airflow/example_dags/example_branch_datetime_operator.py
[2026-06-21T22:48:36.403+0300] {processor.py:840} INFO - DAG(s) 'example_branch_datetime_operator_3', 'example_branch_datetime_operator', 'example_branch_datetime_operator_2' retrieved from /media/data/omar/programming course/DEPI/DEPI project/anomx/venv/lib/python3.12/site-packages/airflow/example_dags/example_branch_datetime_operator.py
[2026-06-21T22:48:36.429+0300] {logging_mixin.py:188} INFO - [2026-06-21T22:48:36.429+0300] {dag.py:3096} INFO - Sync 3 DAGs
[2026-06-21T22:48:36.441+0300] {logging_mixin.py:188} INFO - [2026-06-21T22:48:36.441+0300] {dag.py:3118} INFO - Creating ORM DAG for example_branch_datetime_operator_2
[2026-06-21T22:48:36.442+0300] {logging_mixin.py:188} INFO - [2026-06-21T22:48:36.442+0300] {dag.py:3118} INFO - Creating ORM DAG for example_branch_datetime_operator_3
[2026-06-21T22:48:36.443+0300] {logging_mixin.py:188} INFO - [2026-06-21T22:48:36.442+0300] {dag.py:3118} INFO - Creating ORM DAG for example_branch_datetime_operator
[2026-06-21T22:48:36.452+0300] {logging_mixin.py:188} INFO - [2026-06-21T22:48:36.451+0300] {dag.py:3954} INFO - Setting next_dagrun for example_branch_datetime_operator to 2026-06-20 00:00:00+00:00, run_after=2026-06-21 00:00:00+00:00
[2026-06-21T22:48:36.454+0300] {logging_mixin.py:188} INFO - [2026-06-21T22:48:36.453+0300] {dag.py:3954} INFO - Setting next_dagrun for example_branch_datetime_operator_2 to 2026-06-20 00:00:00+00:00, run_after=2026-06-21 00:00:00+00:00
[2026-06-21T22:48:36.455+0300] {logging_mixin.py:188} INFO - [2026-06-21T22:48:36.455+0300] {dag.py:3954} INFO - Setting next_dagrun for example_branch_datetime_operator_3 to 2026-06-20 00:00:00+00:00, run_after=2026-06-21 00:00:00+00:00
[2026-06-21T22:48:36.485+0300] {processor.py:183} INFO - Processing /media/data/omar/programming course/DEPI/DEPI project/anomx/venv/lib/python3.12/site-packages/airflow/example_dags/example_branch_datetime_operator.py took 0.153 seconds
[2026-06-21T22:49:33.931+0300] {processor.py:161} INFO - Started process (PID=22271) to work on /media/data/omar/programming course/DEPI/DEPI project/anomx/venv/lib/python3.12/site-packages/airflow/example_dags/example_branch_datetime_operator.py
[2026-06-21T22:49:33.932+0300] {processor.py:830} INFO - Processing file /media/data/omar/programming course/DEPI/DEPI project/anomx/venv/lib/python3.12/site-packages/airflow/example_dags/example_branch_datetime_operator.py for tasks to queue
[2026-06-21T22:49:33.934+0300] {logging_mixin.py:188} INFO - [2026-06-21T22:49:33.933+0300] {dagbag.py:540} INFO - Filling up the DagBag from /media/data/omar/programming course/DEPI/DEPI project/anomx/venv/lib/python3.12/site-packages/airflow/example_dags/example_branch_datetime_operator.py
[2026-06-21T22:49:33.945+0300] {processor.py:840} INFO - DAG(s) 'example_branch_datetime_operator_2', 'example_branch_datetime_operator', 'example_branch_datetime_operator_3' retrieved from /media/data/omar/programming course/DEPI/DEPI project/anomx/venv/lib/python3.12/site-packages/airflow/example_dags/example_branch_datetime_operator.py
[2026-06-21T22:49:33.967+0300] {logging_mixin.py:188} INFO - [2026-06-21T22:49:33.966+0300] {dag.py:3096} INFO - Sync 3 DAGs
[2026-06-21T22:49:33.986+0300] {logging_mixin.py:188} INFO - [2026-06-21T22:49:33.986+0300] {dag.py:3954} INFO - Setting next_dagrun for example_branch_datetime_operator to 2026-06-20 00:00:00+00:00, run_after=2026-06-21 00:00:00+00:00
[2026-06-21T22:49:33.991+0300] {logging_mixin.py:188} INFO - [2026-06-21T22:49:33.990+0300] {dag.py:3954} INFO - Setting next_dagrun for example_branch_datetime_operator_2 to 2026-06-20 00:00:00+00:00, run_after=2026-06-21 00:00:00+00:00
[2026-06-21T22:49:33.994+0300] {logging_mixin.py:188} INFO - [2026-06-21T22:49:33.993+0300] {dag.py:3954} INFO - Setting next_dagrun for example_branch_datetime_operator_3 to 2026-06-20 00:00:00+00:00, run_after=2026-06-21 00:00:00+00:00
[2026-06-21T22:49:34.021+0300] {processor.py:183} INFO - Processing /media/data/omar/programming course/DEPI/DEPI project/anomx/venv/lib/python3.12/site-packages/airflow/example_dags/example_branch_datetime_operator.py took 0.098 seconds
[2026-06-21T22:50:59.617+0300] {processor.py:161} INFO - Started process (PID=22568) to work on /media/data/omar/programming course/DEPI/DEPI project/anomx/venv/lib/python3.12/site-packages/airflow/example_dags/example_branch_datetime_operator.py
[2026-06-21T22:50:59.628+0300] {processor.py:830} INFO - Processing file /media/data/omar/programming course/DEPI/DEPI project/anomx/venv/lib/python3.12/site-packages/airflow/example_dags/example_branch_datetime_operator.py for tasks to queue
[2026-06-21T22:50:59.630+0300] {logging_mixin.py:188} INFO - [2026-06-21T22:50:59.629+0300] {dagbag.py:540} INFO - Filling up the DagBag from /media/data/omar/programming course/DEPI/DEPI project/anomx/venv/lib/python3.12/site-packages/airflow/example_dags/example_branch_datetime_operator.py
[2026-06-21T22:50:59.664+0300] {processor.py:840} INFO - DAG(s) 'example_branch_datetime_operator_3', 'example_branch_datetime_operator', 'example_branch_datetime_operator_2' retrieved from /media/data/omar/programming course/DEPI/DEPI project/anomx/venv/lib/python3.12/site-packages/airflow/example_dags/example_branch_datetime_operator.py
[2026-06-21T22:50:59.877+0300] {logging_mixin.py:188} INFO - [2026-06-21T22:50:59.877+0300] {dag.py:3096} INFO - Sync 3 DAGs
[2026-06-21T22:50:59.923+0300] {logging_mixin.py:188} INFO - [2026-06-21T22:50:59.922+0300] {dag.py:3954} INFO - Setting next_dagrun for example_branch_datetime_operator to 2026-06-20 00:00:00+00:00, run_after=2026-06-21 00:00:00+00:00
[2026-06-21T22:50:59.943+0300] {logging_mixin.py:188} INFO - [2026-06-21T22:50:59.942+0300] {dag.py:3954} INFO - Setting next_dagrun for example_branch_datetime_operator_2 to 2026-06-20 00:00:00+00:00, run_after=2026-06-21 00:00:00+00:00
[2026-06-21T22:50:59.966+0300] {logging_mixin.py:188} INFO - [2026-06-21T22:50:59.964+0300] {dag.py:3954} INFO - Setting next_dagrun for example_branch_datetime_operator_3 to 2026-06-20 00:00:00+00:00, run_after=2026-06-21 00:00:00+00:00
[2026-06-21T22:51:00.120+0300] {processor.py:183} INFO - Processing /media/data/omar/programming course/DEPI/DEPI project/anomx/venv/lib/python3.12/site-packages/airflow/example_dags/example_branch_datetime_operator.py took 0.520 seconds
