[2026-06-21T21:38:47.125+0300] {processor.py:161} INFO - Started process (PID=15082) to work on /media/data/omar/programming course/DEPI/DEPI project/anomx/venv/lib/python3.12/site-packages/airflow/example_dags/example_xcomargs.py
[2026-06-21T21:38:47.127+0300] {processor.py:830} INFO - Processing file /media/data/omar/programming course/DEPI/DEPI project/anomx/venv/lib/python3.12/site-packages/airflow/example_dags/example_xcomargs.py for tasks to queue
[2026-06-21T21:38:47.129+0300] {logging_mixin.py:188} INFO - [2026-06-21T21:38:47.129+0300] {dagbag.py:540} INFO - Filling up the DagBag from /media/data/omar/programming course/DEPI/DEPI project/anomx/venv/lib/python3.12/site-packages/airflow/example_dags/example_xcomargs.py
[2026-06-21T21:38:47.148+0300] {processor.py:840} INFO - DAG(s) 'example_xcom_args', 'example_xcom_args_with_operators' retrieved from /media/data/omar/programming course/DEPI/DEPI project/anomx/venv/lib/python3.12/site-packages/airflow/example_dags/example_xcomargs.py
[2026-06-21T21:38:47.457+0300] {logging_mixin.py:188} INFO - [2026-06-21T21:38:47.456+0300] {override.py:1829} INFO - Created Permission View: can edit on DAG:example_xcom_args
[2026-06-21T21:38:47.478+0300] {logging_mixin.py:188} INFO - [2026-06-21T21:38:47.478+0300] {override.py:1829} INFO - Created Permission View: can read on DAG:example_xcom_args
[2026-06-21T21:38:47.500+0300] {logging_mixin.py:188} INFO - [2026-06-21T21:38:47.499+0300] {override.py:1829} INFO - Created Permission View: can delete on DAG:example_xcom_args
[2026-06-21T21:38:47.536+0300] {logging_mixin.py:188} INFO - [2026-06-21T21:38:47.535+0300] {override.py:1829} INFO - Created Permission View: can edit on DAG:example_xcom_args_with_operators
[2026-06-21T21:38:47.554+0300] {logging_mixin.py:188} INFO - [2026-06-21T21:38:47.553+0300] {override.py:1829} INFO - Created Permission View: can read on DAG:example_xcom_args_with_operators
[2026-06-21T21:38:47.570+0300] {logging_mixin.py:188} INFO - [2026-06-21T21:38:47.569+0300] {override.py:1829} INFO - Created Permission View: can delete on DAG:example_xcom_args_with_operators
[2026-06-21T21:38:47.570+0300] {logging_mixin.py:188} INFO - [2026-06-21T21:38:47.570+0300] {dag.py:3096} INFO - Sync 2 DAGs
[2026-06-21T21:38:47.579+0300] {logging_mixin.py:188} INFO - [2026-06-21T21:38:47.579+0300] {dag.py:3118} INFO - Creating ORM DAG for example_xcom_args_with_operators
[2026-06-21T21:38:47.580+0300] {logging_mixin.py:188} INFO - [2026-06-21T21:38:47.580+0300] {dag.py:3118} INFO - Creating ORM DAG for example_xcom_args
[2026-06-21T21:38:47.581+0300] {logging_mixin.py:188} INFO - [2026-06-21T21:38:47.580+0300] {dag.py:3954} INFO - Setting next_dagrun for example_xcom_args to None, run_after=None
[2026-06-21T21:38:47.581+0300] {logging_mixin.py:188} INFO - [2026-06-21T21:38:47.581+0300] {dag.py:3954} INFO - Setting next_dagrun for example_xcom_args_with_operators to None, run_after=None
[2026-06-21T21:38:47.605+0300] {processor.py:183} INFO - Processing /media/data/omar/programming course/DEPI/DEPI project/anomx/venv/lib/python3.12/site-packages/airflow/example_dags/example_xcomargs.py took 0.494 seconds
[2026-06-21T21:39:55.297+0300] {processor.py:161} INFO - Started process (PID=15177) to work on /media/data/omar/programming course/DEPI/DEPI project/anomx/venv/lib/python3.12/site-packages/airflow/example_dags/example_xcomargs.py
[2026-06-21T21:39:55.298+0300] {processor.py:830} INFO - Processing file /media/data/omar/programming course/DEPI/DEPI project/anomx/venv/lib/python3.12/site-packages/airflow/example_dags/example_xcomargs.py for tasks to queue
[2026-06-21T21:39:55.300+0300] {logging_mixin.py:188} INFO - [2026-06-21T21:39:55.300+0300] {dagbag.py:540} INFO - Filling up the DagBag from /media/data/omar/programming course/DEPI/DEPI project/anomx/venv/lib/python3.12/site-packages/airflow/example_dags/example_xcomargs.py
[2026-06-21T21:39:55.312+0300] {processor.py:840} INFO - DAG(s) 'example_xcom_args_with_operators', 'example_xcom_args' retrieved from /media/data/omar/programming course/DEPI/DEPI project/anomx/venv/lib/python3.12/site-packages/airflow/example_dags/example_xcomargs.py
[2026-06-21T21:39:55.332+0300] {logging_mixin.py:188} INFO - [2026-06-21T21:39:55.332+0300] {dag.py:3096} INFO - Sync 2 DAGs
[2026-06-21T21:39:55.344+0300] {logging_mixin.py:188} INFO - [2026-06-21T21:39:55.344+0300] {dag.py:3954} INFO - Setting next_dagrun for example_xcom_args to None, run_after=None
[2026-06-21T21:39:55.348+0300] {logging_mixin.py:188} INFO - [2026-06-21T21:39:55.348+0300] {dag.py:3954} INFO - Setting next_dagrun for example_xcom_args_with_operators to None, run_after=None
[2026-06-21T21:39:55.379+0300] {processor.py:183} INFO - Processing /media/data/omar/programming course/DEPI/DEPI project/anomx/venv/lib/python3.12/site-packages/airflow/example_dags/example_xcomargs.py took 0.093 seconds
[2026-06-21T21:40:55.057+0300] {processor.py:161} INFO - Started process (PID=15276) to work on /media/data/omar/programming course/DEPI/DEPI project/anomx/venv/lib/python3.12/site-packages/airflow/example_dags/example_xcomargs.py
[2026-06-21T21:40:55.060+0300] {processor.py:830} INFO - Processing file /media/data/omar/programming course/DEPI/DEPI project/anomx/venv/lib/python3.12/site-packages/airflow/example_dags/example_xcomargs.py for tasks to queue
[2026-06-21T21:40:55.064+0300] {logging_mixin.py:188} INFO - [2026-06-21T21:40:55.063+0300] {dagbag.py:540} INFO - Filling up the DagBag from /media/data/omar/programming course/DEPI/DEPI project/anomx/venv/lib/python3.12/site-packages/airflow/example_dags/example_xcomargs.py
[2026-06-21T21:40:55.077+0300] {processor.py:840} INFO - DAG(s) 'example_xcom_args', 'example_xcom_args_with_operators' retrieved from /media/data/omar/programming course/DEPI/DEPI project/anomx/venv/lib/python3.12/site-packages/airflow/example_dags/example_xcomargs.py
[2026-06-21T21:40:55.095+0300] {logging_mixin.py:188} INFO - [2026-06-21T21:40:55.095+0300] {dag.py:3096} INFO - Sync 2 DAGs
[2026-06-21T21:40:55.104+0300] {logging_mixin.py:188} INFO - [2026-06-21T21:40:55.103+0300] {dag.py:3954} INFO - Setting next_dagrun for example_xcom_args to None, run_after=None
[2026-06-21T21:40:55.106+0300] {logging_mixin.py:188} INFO - [2026-06-21T21:40:55.106+0300] {dag.py:3954} INFO - Setting next_dagrun for example_xcom_args_with_operators to None, run_after=None
[2026-06-21T21:40:55.134+0300] {processor.py:183} INFO - Processing /media/data/omar/programming course/DEPI/DEPI project/anomx/venv/lib/python3.12/site-packages/airflow/example_dags/example_xcomargs.py took 0.094 seconds
[2026-06-21T21:41:56.847+0300] {processor.py:161} INFO - Started process (PID=15414) to work on /media/data/omar/programming course/DEPI/DEPI project/anomx/venv/lib/python3.12/site-packages/airflow/example_dags/example_xcomargs.py
[2026-06-21T21:41:56.850+0300] {processor.py:830} INFO - Processing file /media/data/omar/programming course/DEPI/DEPI project/anomx/venv/lib/python3.12/site-packages/airflow/example_dags/example_xcomargs.py for tasks to queue
[2026-06-21T21:41:56.851+0300] {logging_mixin.py:188} INFO - [2026-06-21T21:41:56.851+0300] {dagbag.py:540} INFO - Filling up the DagBag from /media/data/omar/programming course/DEPI/DEPI project/anomx/venv/lib/python3.12/site-packages/airflow/example_dags/example_xcomargs.py
[2026-06-21T21:41:56.866+0300] {processor.py:840} INFO - DAG(s) 'example_xcom_args', 'example_xcom_args_with_operators' retrieved from /media/data/omar/programming course/DEPI/DEPI project/anomx/venv/lib/python3.12/site-packages/airflow/example_dags/example_xcomargs.py
[2026-06-21T21:41:56.891+0300] {logging_mixin.py:188} INFO - [2026-06-21T21:41:56.890+0300] {dag.py:3096} INFO - Sync 2 DAGs
[2026-06-21T21:41:56.910+0300] {logging_mixin.py:188} INFO - [2026-06-21T21:41:56.909+0300] {dag.py:3954} INFO - Setting next_dagrun for example_xcom_args to None, run_after=None
[2026-06-21T21:41:56.917+0300] {logging_mixin.py:188} INFO - [2026-06-21T21:41:56.917+0300] {dag.py:3954} INFO - Setting next_dagrun for example_xcom_args_with_operators to None, run_after=None
[2026-06-21T21:41:56.954+0300] {processor.py:183} INFO - Processing /media/data/omar/programming course/DEPI/DEPI project/anomx/venv/lib/python3.12/site-packages/airflow/example_dags/example_xcomargs.py took 0.116 seconds
[2026-06-21T21:43:04.223+0300] {processor.py:161} INFO - Started process (PID=15630) to work on /media/data/omar/programming course/DEPI/DEPI project/anomx/venv/lib/python3.12/site-packages/airflow/example_dags/example_xcomargs.py
[2026-06-21T21:43:04.225+0300] {processor.py:830} INFO - Processing file /media/data/omar/programming course/DEPI/DEPI project/anomx/venv/lib/python3.12/site-packages/airflow/example_dags/example_xcomargs.py for tasks to queue
[2026-06-21T21:43:04.227+0300] {logging_mixin.py:188} INFO - [2026-06-21T21:43:04.226+0300] {dagbag.py:540} INFO - Filling up the DagBag from /media/data/omar/programming course/DEPI/DEPI project/anomx/venv/lib/python3.12/site-packages/airflow/example_dags/example_xcomargs.py
[2026-06-21T21:43:04.238+0300] {processor.py:840} INFO - DAG(s) 'example_xcom_args', 'example_xcom_args_with_operators' retrieved from /media/data/omar/programming course/DEPI/DEPI project/anomx/venv/lib/python3.12/site-packages/airflow/example_dags/example_xcomargs.py
[2026-06-21T21:43:04.265+0300] {logging_mixin.py:188} INFO - [2026-06-21T21:43:04.264+0300] {dag.py:3096} INFO - Sync 2 DAGs
[2026-06-21T21:43:04.283+0300] {logging_mixin.py:188} INFO - [2026-06-21T21:43:04.280+0300] {dag.py:3954} INFO - Setting next_dagrun for example_xcom_args to None, run_after=None
[2026-06-21T21:43:04.291+0300] {logging_mixin.py:188} INFO - [2026-06-21T21:43:04.290+0300] {dag.py:3954} INFO - Setting next_dagrun for example_xcom_args_with_operators to None, run_after=None
[2026-06-21T21:43:04.339+0300] {processor.py:183} INFO - Processing /media/data/omar/programming course/DEPI/DEPI project/anomx/venv/lib/python3.12/site-packages/airflow/example_dags/example_xcomargs.py took 0.123 seconds
[2026-06-21T21:44:03.557+0300] {processor.py:161} INFO - Started process (PID=15743) to work on /media/data/omar/programming course/DEPI/DEPI project/anomx/venv/lib/python3.12/site-packages/airflow/example_dags/example_xcomargs.py
[2026-06-21T21:44:03.558+0300] {processor.py:830} INFO - Processing file /media/data/omar/programming course/DEPI/DEPI project/anomx/venv/lib/python3.12/site-packages/airflow/example_dags/example_xcomargs.py for tasks to queue
[2026-06-21T21:44:03.560+0300] {logging_mixin.py:188} INFO - [2026-06-21T21:44:03.560+0300] {dagbag.py:540} INFO - Filling up the DagBag from /media/data/omar/programming course/DEPI/DEPI project/anomx/venv/lib/python3.12/site-packages/airflow/example_dags/example_xcomargs.py
[2026-06-21T21:44:03.570+0300] {processor.py:840} INFO - DAG(s) 'example_xcom_args', 'example_xcom_args_with_operators' retrieved from /media/data/omar/programming course/DEPI/DEPI project/anomx/venv/lib/python3.12/site-packages/airflow/example_dags/example_xcomargs.py
[2026-06-21T21:44:03.589+0300] {logging_mixin.py:188} INFO - [2026-06-21T21:44:03.589+0300] {dag.py:3096} INFO - Sync 2 DAGs
[2026-06-21T21:44:03.599+0300] {logging_mixin.py:188} INFO - [2026-06-21T21:44:03.599+0300] {dag.py:3954} INFO - Setting next_dagrun for example_xcom_args to None, run_after=None
[2026-06-21T21:44:03.603+0300] {logging_mixin.py:188} INFO - [2026-06-21T21:44:03.603+0300] {dag.py:3954} INFO - Setting next_dagrun for example_xcom_args_with_operators to None, run_after=None
[2026-06-21T21:44:03.634+0300] {processor.py:183} INFO - Processing /media/data/omar/programming course/DEPI/DEPI project/anomx/venv/lib/python3.12/site-packages/airflow/example_dags/example_xcomargs.py took 0.083 seconds
[2026-06-21T21:46:08.668+0300] {processor.py:161} INFO - Started process (PID=15987) to work on /media/data/omar/programming course/DEPI/DEPI project/anomx/venv/lib/python3.12/site-packages/airflow/example_dags/example_xcomargs.py
[2026-06-21T21:46:08.670+0300] {processor.py:830} INFO - Processing file /media/data/omar/programming course/DEPI/DEPI project/anomx/venv/lib/python3.12/site-packages/airflow/example_dags/example_xcomargs.py for tasks to queue
[2026-06-21T21:46:08.672+0300] {logging_mixin.py:188} INFO - [2026-06-21T21:46:08.671+0300] {dagbag.py:540} INFO - Filling up the DagBag from /media/data/omar/programming course/DEPI/DEPI project/anomx/venv/lib/python3.12/site-packages/airflow/example_dags/example_xcomargs.py
[2026-06-21T21:46:08.687+0300] {processor.py:840} INFO - DAG(s) 'example_xcom_args_with_operators', 'example_xcom_args' retrieved from /media/data/omar/programming course/DEPI/DEPI project/anomx/venv/lib/python3.12/site-packages/airflow/example_dags/example_xcomargs.py
[2026-06-21T21:46:08.717+0300] {logging_mixin.py:188} INFO - [2026-06-21T21:46:08.717+0300] {dag.py:3096} INFO - Sync 2 DAGs
[2026-06-21T21:46:08.733+0300] {logging_mixin.py:188} INFO - [2026-06-21T21:46:08.732+0300] {dag.py:3954} INFO - Setting next_dagrun for example_xcom_args to None, run_after=None
[2026-06-21T21:46:08.737+0300] {logging_mixin.py:188} INFO - [2026-06-21T21:46:08.736+0300] {dag.py:3954} INFO - Setting next_dagrun for example_xcom_args_with_operators to None, run_after=None
[2026-06-21T21:46:08.766+0300] {processor.py:183} INFO - Processing /media/data/omar/programming course/DEPI/DEPI project/anomx/venv/lib/python3.12/site-packages/airflow/example_dags/example_xcomargs.py took 0.104 seconds
[2026-06-21T21:47:36.477+0300] {processor.py:161} INFO - Started process (PID=16153) to work on /media/data/omar/programming course/DEPI/DEPI project/anomx/venv/lib/python3.12/site-packages/airflow/example_dags/example_xcomargs.py
[2026-06-21T21:47:36.478+0300] {processor.py:830} INFO - Processing file /media/data/omar/programming course/DEPI/DEPI project/anomx/venv/lib/python3.12/site-packages/airflow/example_dags/example_xcomargs.py for tasks to queue
[2026-06-21T21:47:36.480+0300] {logging_mixin.py:188} INFO - [2026-06-21T21:47:36.480+0300] {dagbag.py:540} INFO - Filling up the DagBag from /media/data/omar/programming course/DEPI/DEPI project/anomx/venv/lib/python3.12/site-packages/airflow/example_dags/example_xcomargs.py
[2026-06-21T21:47:36.492+0300] {processor.py:840} INFO - DAG(s) 'example_xcom_args_with_operators', 'example_xcom_args' retrieved from /media/data/omar/programming course/DEPI/DEPI project/anomx/venv/lib/python3.12/site-packages/airflow/example_dags/example_xcomargs.py
[2026-06-21T21:47:36.512+0300] {logging_mixin.py:188} INFO - [2026-06-21T21:47:36.512+0300] {dag.py:3096} INFO - Sync 2 DAGs
[2026-06-21T21:47:36.523+0300] {logging_mixin.py:188} INFO - [2026-06-21T21:47:36.523+0300] {dag.py:3954} INFO - Setting next_dagrun for example_xcom_args to None, run_after=None
[2026-06-21T21:47:36.527+0300] {logging_mixin.py:188} INFO - [2026-06-21T21:47:36.527+0300] {dag.py:3954} INFO - Setting next_dagrun for example_xcom_args_with_operators to None, run_after=None
[2026-06-21T21:47:36.554+0300] {processor.py:183} INFO - Processing /media/data/omar/programming course/DEPI/DEPI project/anomx/venv/lib/python3.12/site-packages/airflow/example_dags/example_xcomargs.py took 0.085 seconds
[2026-06-21T21:48:36.236+0300] {processor.py:161} INFO - Started process (PID=16245) to work on /media/data/omar/programming course/DEPI/DEPI project/anomx/venv/lib/python3.12/site-packages/airflow/example_dags/example_xcomargs.py
[2026-06-21T21:48:36.237+0300] {processor.py:830} INFO - Processing file /media/data/omar/programming course/DEPI/DEPI project/anomx/venv/lib/python3.12/site-packages/airflow/example_dags/example_xcomargs.py for tasks to queue
[2026-06-21T21:48:36.239+0300] {logging_mixin.py:188} INFO - [2026-06-21T21:48:36.239+0300] {dagbag.py:540} INFO - Filling up the DagBag from /media/data/omar/programming course/DEPI/DEPI project/anomx/venv/lib/python3.12/site-packages/airflow/example_dags/example_xcomargs.py
[2026-06-21T21:48:36.250+0300] {processor.py:840} INFO - DAG(s) 'example_xcom_args_with_operators', 'example_xcom_args' retrieved from /media/data/omar/programming course/DEPI/DEPI project/anomx/venv/lib/python3.12/site-packages/airflow/example_dags/example_xcomargs.py
[2026-06-21T21:48:36.269+0300] {logging_mixin.py:188} INFO - [2026-06-21T21:48:36.268+0300] {dag.py:3096} INFO - Sync 2 DAGs
[2026-06-21T21:48:36.280+0300] {logging_mixin.py:188} INFO - [2026-06-21T21:48:36.279+0300] {dag.py:3954} INFO - Setting next_dagrun for example_xcom_args to None, run_after=None
[2026-06-21T21:48:36.284+0300] {logging_mixin.py:188} INFO - [2026-06-21T21:48:36.283+0300] {dag.py:3954} INFO - Setting next_dagrun for example_xcom_args_with_operators to None, run_after=None
[2026-06-21T21:48:36.310+0300] {processor.py:183} INFO - Processing /media/data/omar/programming course/DEPI/DEPI project/anomx/venv/lib/python3.12/site-packages/airflow/example_dags/example_xcomargs.py took 0.080 seconds
[2026-06-21T21:49:36.893+0300] {processor.py:161} INFO - Started process (PID=16340) to work on /media/data/omar/programming course/DEPI/DEPI project/anomx/venv/lib/python3.12/site-packages/airflow/example_dags/example_xcomargs.py
[2026-06-21T21:49:36.894+0300] {processor.py:830} INFO - Processing file /media/data/omar/programming course/DEPI/DEPI project/anomx/venv/lib/python3.12/site-packages/airflow/example_dags/example_xcomargs.py for tasks to queue
[2026-06-21T21:49:36.897+0300] {logging_mixin.py:188} INFO - [2026-06-21T21:49:36.896+0300] {dagbag.py:540} INFO - Filling up the DagBag from /media/data/omar/programming course/DEPI/DEPI project/anomx/venv/lib/python3.12/site-packages/airflow/example_dags/example_xcomargs.py
[2026-06-21T21:49:36.908+0300] {processor.py:840} INFO - DAG(s) 'example_xcom_args', 'example_xcom_args_with_operators' retrieved from /media/data/omar/programming course/DEPI/DEPI project/anomx/venv/lib/python3.12/site-packages/airflow/example_dags/example_xcomargs.py
[2026-06-21T21:49:36.929+0300] {logging_mixin.py:188} INFO - [2026-06-21T21:49:36.929+0300] {dag.py:3096} INFO - Sync 2 DAGs
[2026-06-21T21:49:36.940+0300] {logging_mixin.py:188} INFO - [2026-06-21T21:49:36.939+0300] {dag.py:3954} INFO - Setting next_dagrun for example_xcom_args to None, run_after=None
[2026-06-21T21:49:36.944+0300] {logging_mixin.py:188} INFO - [2026-06-21T21:49:36.943+0300] {dag.py:3954} INFO - Setting next_dagrun for example_xcom_args_with_operators to None, run_after=None
[2026-06-21T21:49:36.973+0300] {processor.py:183} INFO - Processing /media/data/omar/programming course/DEPI/DEPI project/anomx/venv/lib/python3.12/site-packages/airflow/example_dags/example_xcomargs.py took 0.092 seconds
[2026-06-21T21:50:58.750+0300] {processor.py:161} INFO - Started process (PID=16495) to work on /media/data/omar/programming course/DEPI/DEPI project/anomx/venv/lib/python3.12/site-packages/airflow/example_dags/example_xcomargs.py
[2026-06-21T21:50:58.752+0300] {processor.py:830} INFO - Processing file /media/data/omar/programming course/DEPI/DEPI project/anomx/venv/lib/python3.12/site-packages/airflow/example_dags/example_xcomargs.py for tasks to queue
[2026-06-21T21:50:58.755+0300] {logging_mixin.py:188} INFO - [2026-06-21T21:50:58.754+0300] {dagbag.py:540} INFO - Filling up the DagBag from /media/data/omar/programming course/DEPI/DEPI project/anomx/venv/lib/python3.12/site-packages/airflow/example_dags/example_xcomargs.py
[2026-06-21T21:50:58.770+0300] {processor.py:840} INFO - DAG(s) 'example_xcom_args', 'example_xcom_args_with_operators' retrieved from /media/data/omar/programming course/DEPI/DEPI project/anomx/venv/lib/python3.12/site-packages/airflow/example_dags/example_xcomargs.py
[2026-06-21T21:50:58.791+0300] {logging_mixin.py:188} INFO - [2026-06-21T21:50:58.791+0300] {dag.py:3096} INFO - Sync 2 DAGs
[2026-06-21T21:50:58.802+0300] {logging_mixin.py:188} INFO - [2026-06-21T21:50:58.801+0300] {dag.py:3954} INFO - Setting next_dagrun for example_xcom_args to None, run_after=None
[2026-06-21T21:50:58.806+0300] {logging_mixin.py:188} INFO - [2026-06-21T21:50:58.805+0300] {dag.py:3954} INFO - Setting next_dagrun for example_xcom_args_with_operators to None, run_after=None
[2026-06-21T21:50:58.837+0300] {processor.py:183} INFO - Processing /media/data/omar/programming course/DEPI/DEPI project/anomx/venv/lib/python3.12/site-packages/airflow/example_dags/example_xcomargs.py took 0.097 seconds
[2026-06-21T21:52:04.174+0300] {processor.py:161} INFO - Started process (PID=16622) to work on /media/data/omar/programming course/DEPI/DEPI project/anomx/venv/lib/python3.12/site-packages/airflow/example_dags/example_xcomargs.py
[2026-06-21T21:52:04.175+0300] {processor.py:830} INFO - Processing file /media/data/omar/programming course/DEPI/DEPI project/anomx/venv/lib/python3.12/site-packages/airflow/example_dags/example_xcomargs.py for tasks to queue
[2026-06-21T21:52:04.179+0300] {logging_mixin.py:188} INFO - [2026-06-21T21:52:04.178+0300] {dagbag.py:540} INFO - Filling up the DagBag from /media/data/omar/programming course/DEPI/DEPI project/anomx/venv/lib/python3.12/site-packages/airflow/example_dags/example_xcomargs.py
[2026-06-21T21:52:04.194+0300] {processor.py:840} INFO - DAG(s) 'example_xcom_args_with_operators', 'example_xcom_args' retrieved from /media/data/omar/programming course/DEPI/DEPI project/anomx/venv/lib/python3.12/site-packages/airflow/example_dags/example_xcomargs.py
[2026-06-21T21:52:04.214+0300] {logging_mixin.py:188} INFO - [2026-06-21T21:52:04.213+0300] {dag.py:3096} INFO - Sync 2 DAGs
[2026-06-21T21:52:04.224+0300] {logging_mixin.py:188} INFO - [2026-06-21T21:52:04.224+0300] {dag.py:3954} INFO - Setting next_dagrun for example_xcom_args to None, run_after=None
[2026-06-21T21:52:04.228+0300] {logging_mixin.py:188} INFO - [2026-06-21T21:52:04.228+0300] {dag.py:3954} INFO - Setting next_dagrun for example_xcom_args_with_operators to None, run_after=None
[2026-06-21T21:52:04.253+0300] {processor.py:183} INFO - Processing /media/data/omar/programming course/DEPI/DEPI project/anomx/venv/lib/python3.12/site-packages/airflow/example_dags/example_xcomargs.py took 0.089 seconds
[2026-06-21T21:52:55.110+0300] {processor.py:161} INFO - Started process (PID=16698) to work on /media/data/omar/programming course/DEPI/DEPI project/anomx/venv/lib/python3.12/site-packages/airflow/example_dags/example_xcomargs.py
[2026-06-21T21:52:55.113+0300] {processor.py:830} INFO - Processing file /media/data/omar/programming course/DEPI/DEPI project/anomx/venv/lib/python3.12/site-packages/airflow/example_dags/example_xcomargs.py for tasks to queue
[2026-06-21T21:52:55.117+0300] {logging_mixin.py:188} INFO - [2026-06-21T21:52:55.116+0300] {dagbag.py:540} INFO - Filling up the DagBag from /media/data/omar/programming course/DEPI/DEPI project/anomx/venv/lib/python3.12/site-packages/airflow/example_dags/example_xcomargs.py
[2026-06-21T21:52:55.131+0300] {processor.py:840} INFO - DAG(s) 'example_xcom_args_with_operators', 'example_xcom_args' retrieved from /media/data/omar/programming course/DEPI/DEPI project/anomx/venv/lib/python3.12/site-packages/airflow/example_dags/example_xcomargs.py
[2026-06-21T21:52:55.153+0300] {logging_mixin.py:188} INFO - [2026-06-21T21:52:55.152+0300] {dag.py:3096} INFO - Sync 2 DAGs
[2026-06-21T21:52:55.163+0300] {logging_mixin.py:188} INFO - [2026-06-21T21:52:55.162+0300] {dag.py:3954} INFO - Setting next_dagrun for example_xcom_args to None, run_after=None
[2026-06-21T21:52:55.166+0300] {logging_mixin.py:188} INFO - [2026-06-21T21:52:55.165+0300] {dag.py:3954} INFO - Setting next_dagrun for example_xcom_args_with_operators to None, run_after=None
[2026-06-21T21:52:55.191+0300] {processor.py:183} INFO - Processing /media/data/omar/programming course/DEPI/DEPI project/anomx/venv/lib/python3.12/site-packages/airflow/example_dags/example_xcomargs.py took 0.100 seconds
[2026-06-21T21:53:51.199+0300] {processor.py:161} INFO - Started process (PID=16787) to work on /media/data/omar/programming course/DEPI/DEPI project/anomx/venv/lib/python3.12/site-packages/airflow/example_dags/example_xcomargs.py
[2026-06-21T21:53:51.200+0300] {processor.py:830} INFO - Processing file /media/data/omar/programming course/DEPI/DEPI project/anomx/venv/lib/python3.12/site-packages/airflow/example_dags/example_xcomargs.py for tasks to queue
[2026-06-21T21:53:51.202+0300] {logging_mixin.py:188} INFO - [2026-06-21T21:53:51.202+0300] {dagbag.py:540} INFO - Filling up the DagBag from /media/data/omar/programming course/DEPI/DEPI project/anomx/venv/lib/python3.12/site-packages/airflow/example_dags/example_xcomargs.py
[2026-06-21T21:53:51.212+0300] {processor.py:840} INFO - DAG(s) 'example_xcom_args', 'example_xcom_args_with_operators' retrieved from /media/data/omar/programming course/DEPI/DEPI project/anomx/venv/lib/python3.12/site-packages/airflow/example_dags/example_xcomargs.py
[2026-06-21T21:53:51.229+0300] {logging_mixin.py:188} INFO - [2026-06-21T21:53:51.228+0300] {dag.py:3096} INFO - Sync 2 DAGs
[2026-06-21T21:53:51.239+0300] {logging_mixin.py:188} INFO - [2026-06-21T21:53:51.239+0300] {dag.py:3954} INFO - Setting next_dagrun for example_xcom_args to None, run_after=None
[2026-06-21T21:53:51.242+0300] {logging_mixin.py:188} INFO - [2026-06-21T21:53:51.242+0300] {dag.py:3954} INFO - Setting next_dagrun for example_xcom_args_with_operators to None, run_after=None
[2026-06-21T21:53:51.268+0300] {processor.py:183} INFO - Processing /media/data/omar/programming course/DEPI/DEPI project/anomx/venv/lib/python3.12/site-packages/airflow/example_dags/example_xcomargs.py took 0.078 seconds
[2026-06-21T21:54:48.020+0300] {processor.py:161} INFO - Started process (PID=16889) to work on /media/data/omar/programming course/DEPI/DEPI project/anomx/venv/lib/python3.12/site-packages/airflow/example_dags/example_xcomargs.py
[2026-06-21T21:54:48.021+0300] {processor.py:830} INFO - Processing file /media/data/omar/programming course/DEPI/DEPI project/anomx/venv/lib/python3.12/site-packages/airflow/example_dags/example_xcomargs.py for tasks to queue
[2026-06-21T21:54:48.024+0300] {logging_mixin.py:188} INFO - [2026-06-21T21:54:48.023+0300] {dagbag.py:540} INFO - Filling up the DagBag from /media/data/omar/programming course/DEPI/DEPI project/anomx/venv/lib/python3.12/site-packages/airflow/example_dags/example_xcomargs.py
[2026-06-21T21:54:48.033+0300] {processor.py:840} INFO - DAG(s) 'example_xcom_args_with_operators', 'example_xcom_args' retrieved from /media/data/omar/programming course/DEPI/DEPI project/anomx/venv/lib/python3.12/site-packages/airflow/example_dags/example_xcomargs.py
[2026-06-21T21:54:48.050+0300] {logging_mixin.py:188} INFO - [2026-06-21T21:54:48.050+0300] {dag.py:3096} INFO - Sync 2 DAGs
[2026-06-21T21:54:48.061+0300] {logging_mixin.py:188} INFO - [2026-06-21T21:54:48.061+0300] {dag.py:3954} INFO - Setting next_dagrun for example_xcom_args to None, run_after=None
[2026-06-21T21:54:48.064+0300] {logging_mixin.py:188} INFO - [2026-06-21T21:54:48.064+0300] {dag.py:3954} INFO - Setting next_dagrun for example_xcom_args_with_operators to None, run_after=None
[2026-06-21T21:54:48.092+0300] {processor.py:183} INFO - Processing /media/data/omar/programming course/DEPI/DEPI project/anomx/venv/lib/python3.12/site-packages/airflow/example_dags/example_xcomargs.py took 0.082 seconds
[2026-06-21T21:55:44.538+0300] {processor.py:161} INFO - Started process (PID=16985) to work on /media/data/omar/programming course/DEPI/DEPI project/anomx/venv/lib/python3.12/site-packages/airflow/example_dags/example_xcomargs.py
[2026-06-21T21:55:44.540+0300] {processor.py:830} INFO - Processing file /media/data/omar/programming course/DEPI/DEPI project/anomx/venv/lib/python3.12/site-packages/airflow/example_dags/example_xcomargs.py for tasks to queue
[2026-06-21T21:55:44.543+0300] {logging_mixin.py:188} INFO - [2026-06-21T21:55:44.542+0300] {dagbag.py:540} INFO - Filling up the DagBag from /media/data/omar/programming course/DEPI/DEPI project/anomx/venv/lib/python3.12/site-packages/airflow/example_dags/example_xcomargs.py
[2026-06-21T21:55:44.558+0300] {processor.py:840} INFO - DAG(s) 'example_xcom_args_with_operators', 'example_xcom_args' retrieved from /media/data/omar/programming course/DEPI/DEPI project/anomx/venv/lib/python3.12/site-packages/airflow/example_dags/example_xcomargs.py
[2026-06-21T21:55:44.576+0300] {logging_mixin.py:188} INFO - [2026-06-21T21:55:44.576+0300] {dag.py:3096} INFO - Sync 2 DAGs
[2026-06-21T21:55:44.586+0300] {logging_mixin.py:188} INFO - [2026-06-21T21:55:44.586+0300] {dag.py:3954} INFO - Setting next_dagrun for example_xcom_args to None, run_after=None
[2026-06-21T21:55:44.589+0300] {logging_mixin.py:188} INFO - [2026-06-21T21:55:44.589+0300] {dag.py:3954} INFO - Setting next_dagrun for example_xcom_args_with_operators to None, run_after=None
[2026-06-21T21:55:44.615+0300] {processor.py:183} INFO - Processing /media/data/omar/programming course/DEPI/DEPI project/anomx/venv/lib/python3.12/site-packages/airflow/example_dags/example_xcomargs.py took 0.087 seconds
[2026-06-21T21:56:36.038+0300] {processor.py:161} INFO - Started process (PID=17074) to work on /media/data/omar/programming course/DEPI/DEPI project/anomx/venv/lib/python3.12/site-packages/airflow/example_dags/example_xcomargs.py
[2026-06-21T21:56:36.039+0300] {processor.py:830} INFO - Processing file /media/data/omar/programming course/DEPI/DEPI project/anomx/venv/lib/python3.12/site-packages/airflow/example_dags/example_xcomargs.py for tasks to queue
[2026-06-21T21:56:36.042+0300] {logging_mixin.py:188} INFO - [2026-06-21T21:56:36.041+0300] {dagbag.py:540} INFO - Filling up the DagBag from /media/data/omar/programming course/DEPI/DEPI project/anomx/venv/lib/python3.12/site-packages/airflow/example_dags/example_xcomargs.py
[2026-06-21T21:56:36.053+0300] {processor.py:840} INFO - DAG(s) 'example_xcom_args', 'example_xcom_args_with_operators' retrieved from /media/data/omar/programming course/DEPI/DEPI project/anomx/venv/lib/python3.12/site-packages/airflow/example_dags/example_xcomargs.py
[2026-06-21T21:56:36.070+0300] {logging_mixin.py:188} INFO - [2026-06-21T21:56:36.070+0300] {dag.py:3096} INFO - Sync 2 DAGs
[2026-06-21T21:56:36.079+0300] {logging_mixin.py:188} INFO - [2026-06-21T21:56:36.079+0300] {dag.py:3954} INFO - Setting next_dagrun for example_xcom_args to None, run_after=None
[2026-06-21T21:56:36.083+0300] {logging_mixin.py:188} INFO - [2026-06-21T21:56:36.083+0300] {dag.py:3954} INFO - Setting next_dagrun for example_xcom_args_with_operators to None, run_after=None
[2026-06-21T21:56:36.108+0300] {processor.py:183} INFO - Processing /media/data/omar/programming course/DEPI/DEPI project/anomx/venv/lib/python3.12/site-packages/airflow/example_dags/example_xcomargs.py took 0.084 seconds
[2026-06-21T21:57:28.053+0300] {processor.py:161} INFO - Started process (PID=17158) to work on /media/data/omar/programming course/DEPI/DEPI project/anomx/venv/lib/python3.12/site-packages/airflow/example_dags/example_xcomargs.py
[2026-06-21T21:57:28.055+0300] {processor.py:830} INFO - Processing file /media/data/omar/programming course/DEPI/DEPI project/anomx/venv/lib/python3.12/site-packages/airflow/example_dags/example_xcomargs.py for tasks to queue
[2026-06-21T21:57:28.057+0300] {logging_mixin.py:188} INFO - [2026-06-21T21:57:28.056+0300] {dagbag.py:540} INFO - Filling up the DagBag from /media/data/omar/programming course/DEPI/DEPI project/anomx/venv/lib/python3.12/site-packages/airflow/example_dags/example_xcomargs.py
[2026-06-21T21:57:28.067+0300] {processor.py:840} INFO - DAG(s) 'example_xcom_args', 'example_xcom_args_with_operators' retrieved from /media/data/omar/programming course/DEPI/DEPI project/anomx/venv/lib/python3.12/site-packages/airflow/example_dags/example_xcomargs.py
[2026-06-21T21:57:28.083+0300] {logging_mixin.py:188} INFO - [2026-06-21T21:57:28.083+0300] {dag.py:3096} INFO - Sync 2 DAGs
[2026-06-21T21:57:28.093+0300] {logging_mixin.py:188} INFO - [2026-06-21T21:57:28.093+0300] {dag.py:3954} INFO - Setting next_dagrun for example_xcom_args to None, run_after=None
[2026-06-21T21:57:28.097+0300] {logging_mixin.py:188} INFO - [2026-06-21T21:57:28.096+0300] {dag.py:3954} INFO - Setting next_dagrun for example_xcom_args_with_operators to None, run_after=None
[2026-06-21T21:57:28.123+0300] {processor.py:183} INFO - Processing /media/data/omar/programming course/DEPI/DEPI project/anomx/venv/lib/python3.12/site-packages/airflow/example_dags/example_xcomargs.py took 0.081 seconds
[2026-06-21T21:58:23.728+0300] {processor.py:161} INFO - Started process (PID=17251) to work on /media/data/omar/programming course/DEPI/DEPI project/anomx/venv/lib/python3.12/site-packages/airflow/example_dags/example_xcomargs.py
[2026-06-21T21:58:23.729+0300] {processor.py:830} INFO - Processing file /media/data/omar/programming course/DEPI/DEPI project/anomx/venv/lib/python3.12/site-packages/airflow/example_dags/example_xcomargs.py for tasks to queue
[2026-06-21T21:58:23.731+0300] {logging_mixin.py:188} INFO - [2026-06-21T21:58:23.731+0300] {dagbag.py:540} INFO - Filling up the DagBag from /media/data/omar/programming course/DEPI/DEPI project/anomx/venv/lib/python3.12/site-packages/airflow/example_dags/example_xcomargs.py
[2026-06-21T21:58:23.741+0300] {processor.py:840} INFO - DAG(s) 'example_xcom_args', 'example_xcom_args_with_operators' retrieved from /media/data/omar/programming course/DEPI/DEPI project/anomx/venv/lib/python3.12/site-packages/airflow/example_dags/example_xcomargs.py
[2026-06-21T21:58:23.758+0300] {logging_mixin.py:188} INFO - [2026-06-21T21:58:23.758+0300] {dag.py:3096} INFO - Sync 2 DAGs
[2026-06-21T21:58:23.768+0300] {logging_mixin.py:188} INFO - [2026-06-21T21:58:23.768+0300] {dag.py:3954} INFO - Setting next_dagrun for example_xcom_args to None, run_after=None
[2026-06-21T21:58:23.771+0300] {logging_mixin.py:188} INFO - [2026-06-21T21:58:23.771+0300] {dag.py:3954} INFO - Setting next_dagrun for example_xcom_args_with_operators to None, run_after=None
[2026-06-21T21:58:23.797+0300] {processor.py:183} INFO - Processing /media/data/omar/programming course/DEPI/DEPI project/anomx/venv/lib/python3.12/site-packages/airflow/example_dags/example_xcomargs.py took 0.080 seconds
[2026-06-21T21:59:18.719+0300] {processor.py:161} INFO - Started process (PID=17341) to work on /media/data/omar/programming course/DEPI/DEPI project/anomx/venv/lib/python3.12/site-packages/airflow/example_dags/example_xcomargs.py
[2026-06-21T21:59:18.722+0300] {processor.py:830} INFO - Processing file /media/data/omar/programming course/DEPI/DEPI project/anomx/venv/lib/python3.12/site-packages/airflow/example_dags/example_xcomargs.py for tasks to queue
[2026-06-21T21:59:18.726+0300] {logging_mixin.py:188} INFO - [2026-06-21T21:59:18.725+0300] {dagbag.py:540} INFO - Filling up the DagBag from /media/data/omar/programming course/DEPI/DEPI project/anomx/venv/lib/python3.12/site-packages/airflow/example_dags/example_xcomargs.py
[2026-06-21T21:59:18.745+0300] {processor.py:840} INFO - DAG(s) 'example_xcom_args_with_operators', 'example_xcom_args' retrieved from /media/data/omar/programming course/DEPI/DEPI project/anomx/venv/lib/python3.12/site-packages/airflow/example_dags/example_xcomargs.py
[2026-06-21T21:59:18.768+0300] {logging_mixin.py:188} INFO - [2026-06-21T21:59:18.767+0300] {dag.py:3096} INFO - Sync 2 DAGs
[2026-06-21T21:59:18.778+0300] {logging_mixin.py:188} INFO - [2026-06-21T21:59:18.777+0300] {dag.py:3954} INFO - Setting next_dagrun for example_xcom_args to None, run_after=None
[2026-06-21T21:59:18.781+0300] {logging_mixin.py:188} INFO - [2026-06-21T21:59:18.780+0300] {dag.py:3954} INFO - Setting next_dagrun for example_xcom_args_with_operators to None, run_after=None
[2026-06-21T21:59:18.806+0300] {processor.py:183} INFO - Processing /media/data/omar/programming course/DEPI/DEPI project/anomx/venv/lib/python3.12/site-packages/airflow/example_dags/example_xcomargs.py took 0.100 seconds
[2026-06-21T22:00:15.622+0300] {processor.py:161} INFO - Started process (PID=17435) to work on /media/data/omar/programming course/DEPI/DEPI project/anomx/venv/lib/python3.12/site-packages/airflow/example_dags/example_xcomargs.py
[2026-06-21T22:00:15.625+0300] {processor.py:830} INFO - Processing file /media/data/omar/programming course/DEPI/DEPI project/anomx/venv/lib/python3.12/site-packages/airflow/example_dags/example_xcomargs.py for tasks to queue
[2026-06-21T22:00:15.631+0300] {logging_mixin.py:188} INFO - [2026-06-21T22:00:15.629+0300] {dagbag.py:540} INFO - Filling up the DagBag from /media/data/omar/programming course/DEPI/DEPI project/anomx/venv/lib/python3.12/site-packages/airflow/example_dags/example_xcomargs.py
[2026-06-21T22:00:15.646+0300] {processor.py:840} INFO - DAG(s) 'example_xcom_args_with_operators', 'example_xcom_args' retrieved from /media/data/omar/programming course/DEPI/DEPI project/anomx/venv/lib/python3.12/site-packages/airflow/example_dags/example_xcomargs.py
[2026-06-21T22:00:15.664+0300] {logging_mixin.py:188} INFO - [2026-06-21T22:00:15.664+0300] {dag.py:3096} INFO - Sync 2 DAGs
[2026-06-21T22:00:15.673+0300] {logging_mixin.py:188} INFO - [2026-06-21T22:00:15.673+0300] {dag.py:3954} INFO - Setting next_dagrun for example_xcom_args to None, run_after=None
[2026-06-21T22:00:15.676+0300] {logging_mixin.py:188} INFO - [2026-06-21T22:00:15.676+0300] {dag.py:3954} INFO - Setting next_dagrun for example_xcom_args_with_operators to None, run_after=None
[2026-06-21T22:00:15.700+0300] {processor.py:183} INFO - Processing /media/data/omar/programming course/DEPI/DEPI project/anomx/venv/lib/python3.12/site-packages/airflow/example_dags/example_xcomargs.py took 0.097 seconds
[2026-06-21T22:01:12.922+0300] {processor.py:161} INFO - Started process (PID=17516) to work on /media/data/omar/programming course/DEPI/DEPI project/anomx/venv/lib/python3.12/site-packages/airflow/example_dags/example_xcomargs.py
[2026-06-21T22:01:12.924+0300] {processor.py:830} INFO - Processing file /media/data/omar/programming course/DEPI/DEPI project/anomx/venv/lib/python3.12/site-packages/airflow/example_dags/example_xcomargs.py for tasks to queue
[2026-06-21T22:01:12.927+0300] {logging_mixin.py:188} INFO - [2026-06-21T22:01:12.926+0300] {dagbag.py:540} INFO - Filling up the DagBag from /media/data/omar/programming course/DEPI/DEPI project/anomx/venv/lib/python3.12/site-packages/airflow/example_dags/example_xcomargs.py
[2026-06-21T22:01:12.939+0300] {processor.py:840} INFO - DAG(s) 'example_xcom_args_with_operators', 'example_xcom_args' retrieved from /media/data/omar/programming course/DEPI/DEPI project/anomx/venv/lib/python3.12/site-packages/airflow/example_dags/example_xcomargs.py
[2026-06-21T22:01:12.958+0300] {logging_mixin.py:188} INFO - [2026-06-21T22:01:12.957+0300] {dag.py:3096} INFO - Sync 2 DAGs
[2026-06-21T22:01:12.967+0300] {logging_mixin.py:188} INFO - [2026-06-21T22:01:12.967+0300] {dag.py:3954} INFO - Setting next_dagrun for example_xcom_args to None, run_after=None
[2026-06-21T22:01:12.971+0300] {logging_mixin.py:188} INFO - [2026-06-21T22:01:12.971+0300] {dag.py:3954} INFO - Setting next_dagrun for example_xcom_args_with_operators to None, run_after=None
[2026-06-21T22:01:13.005+0300] {processor.py:183} INFO - Processing /media/data/omar/programming course/DEPI/DEPI project/anomx/venv/lib/python3.12/site-packages/airflow/example_dags/example_xcomargs.py took 0.096 seconds
[2026-06-21T22:02:10.724+0300] {processor.py:161} INFO - Started process (PID=17609) to work on /media/data/omar/programming course/DEPI/DEPI project/anomx/venv/lib/python3.12/site-packages/airflow/example_dags/example_xcomargs.py
[2026-06-21T22:02:10.725+0300] {processor.py:830} INFO - Processing file /media/data/omar/programming course/DEPI/DEPI project/anomx/venv/lib/python3.12/site-packages/airflow/example_dags/example_xcomargs.py for tasks to queue
[2026-06-21T22:02:10.727+0300] {logging_mixin.py:188} INFO - [2026-06-21T22:02:10.726+0300] {dagbag.py:540} INFO - Filling up the DagBag from /media/data/omar/programming course/DEPI/DEPI project/anomx/venv/lib/python3.12/site-packages/airflow/example_dags/example_xcomargs.py
[2026-06-21T22:02:10.736+0300] {processor.py:840} INFO - DAG(s) 'example_xcom_args', 'example_xcom_args_with_operators' retrieved from /media/data/omar/programming course/DEPI/DEPI project/anomx/venv/lib/python3.12/site-packages/airflow/example_dags/example_xcomargs.py
[2026-06-21T22:02:10.754+0300] {logging_mixin.py:188} INFO - [2026-06-21T22:02:10.754+0300] {dag.py:3096} INFO - Sync 2 DAGs
[2026-06-21T22:02:10.763+0300] {logging_mixin.py:188} INFO - [2026-06-21T22:02:10.763+0300] {dag.py:3954} INFO - Setting next_dagrun for example_xcom_args to None, run_after=None
[2026-06-21T22:02:10.766+0300] {logging_mixin.py:188} INFO - [2026-06-21T22:02:10.766+0300] {dag.py:3954} INFO - Setting next_dagrun for example_xcom_args_with_operators to None, run_after=None
[2026-06-21T22:02:10.804+0300] {processor.py:183} INFO - Processing /media/data/omar/programming course/DEPI/DEPI project/anomx/venv/lib/python3.12/site-packages/airflow/example_dags/example_xcomargs.py took 0.088 seconds
[2026-06-21T22:03:08.815+0300] {processor.py:161} INFO - Started process (PID=17756) to work on /media/data/omar/programming course/DEPI/DEPI project/anomx/venv/lib/python3.12/site-packages/airflow/example_dags/example_xcomargs.py
[2026-06-21T22:03:08.816+0300] {processor.py:830} INFO - Processing file /media/data/omar/programming course/DEPI/DEPI project/anomx/venv/lib/python3.12/site-packages/airflow/example_dags/example_xcomargs.py for tasks to queue
[2026-06-21T22:03:08.818+0300] {logging_mixin.py:188} INFO - [2026-06-21T22:03:08.818+0300] {dagbag.py:540} INFO - Filling up the DagBag from /media/data/omar/programming course/DEPI/DEPI project/anomx/venv/lib/python3.12/site-packages/airflow/example_dags/example_xcomargs.py
[2026-06-21T22:03:08.828+0300] {processor.py:840} INFO - DAG(s) 'example_xcom_args_with_operators', 'example_xcom_args' retrieved from /media/data/omar/programming course/DEPI/DEPI project/anomx/venv/lib/python3.12/site-packages/airflow/example_dags/example_xcomargs.py
[2026-06-21T22:03:08.850+0300] {logging_mixin.py:188} INFO - [2026-06-21T22:03:08.850+0300] {dag.py:3096} INFO - Sync 2 DAGs
[2026-06-21T22:03:08.861+0300] {logging_mixin.py:188} INFO - [2026-06-21T22:03:08.860+0300] {dag.py:3954} INFO - Setting next_dagrun for example_xcom_args to None, run_after=None
[2026-06-21T22:03:08.864+0300] {logging_mixin.py:188} INFO - [2026-06-21T22:03:08.863+0300] {dag.py:3954} INFO - Setting next_dagrun for example_xcom_args_with_operators to None, run_after=None
[2026-06-21T22:03:08.892+0300] {processor.py:183} INFO - Processing /media/data/omar/programming course/DEPI/DEPI project/anomx/venv/lib/python3.12/site-packages/airflow/example_dags/example_xcomargs.py took 0.083 seconds
[2026-06-21T22:04:04.887+0300] {processor.py:161} INFO - Started process (PID=17859) to work on /media/data/omar/programming course/DEPI/DEPI project/anomx/venv/lib/python3.12/site-packages/airflow/example_dags/example_xcomargs.py
[2026-06-21T22:04:04.889+0300] {processor.py:830} INFO - Processing file /media/data/omar/programming course/DEPI/DEPI project/anomx/venv/lib/python3.12/site-packages/airflow/example_dags/example_xcomargs.py for tasks to queue
[2026-06-21T22:04:04.892+0300] {logging_mixin.py:188} INFO - [2026-06-21T22:04:04.891+0300] {dagbag.py:540} INFO - Filling up the DagBag from /media/data/omar/programming course/DEPI/DEPI project/anomx/venv/lib/python3.12/site-packages/airflow/example_dags/example_xcomargs.py
[2026-06-21T22:04:04.903+0300] {processor.py:840} INFO - DAG(s) 'example_xcom_args', 'example_xcom_args_with_operators' retrieved from /media/data/omar/programming course/DEPI/DEPI project/anomx/venv/lib/python3.12/site-packages/airflow/example_dags/example_xcomargs.py
[2026-06-21T22:04:04.923+0300] {logging_mixin.py:188} INFO - [2026-06-21T22:04:04.922+0300] {dag.py:3096} INFO - Sync 2 DAGs
[2026-06-21T22:04:04.939+0300] {logging_mixin.py:188} INFO - [2026-06-21T22:04:04.939+0300] {dag.py:3954} INFO - Setting next_dagrun for example_xcom_args to None, run_after=None
[2026-06-21T22:04:04.944+0300] {logging_mixin.py:188} INFO - [2026-06-21T22:04:04.944+0300] {dag.py:3954} INFO - Setting next_dagrun for example_xcom_args_with_operators to None, run_after=None
[2026-06-21T22:04:04.969+0300] {processor.py:183} INFO - Processing /media/data/omar/programming course/DEPI/DEPI project/anomx/venv/lib/python3.12/site-packages/airflow/example_dags/example_xcomargs.py took 0.097 seconds
[2026-06-21T22:04:57.486+0300] {processor.py:161} INFO - Started process (PID=17946) to work on /media/data/omar/programming course/DEPI/DEPI project/anomx/venv/lib/python3.12/site-packages/airflow/example_dags/example_xcomargs.py
[2026-06-21T22:04:57.488+0300] {processor.py:830} INFO - Processing file /media/data/omar/programming course/DEPI/DEPI project/anomx/venv/lib/python3.12/site-packages/airflow/example_dags/example_xcomargs.py for tasks to queue
[2026-06-21T22:04:57.491+0300] {logging_mixin.py:188} INFO - [2026-06-21T22:04:57.490+0300] {dagbag.py:540} INFO - Filling up the DagBag from /media/data/omar/programming course/DEPI/DEPI project/anomx/venv/lib/python3.12/site-packages/airflow/example_dags/example_xcomargs.py
[2026-06-21T22:04:57.503+0300] {processor.py:840} INFO - DAG(s) 'example_xcom_args', 'example_xcom_args_with_operators' retrieved from /media/data/omar/programming course/DEPI/DEPI project/anomx/venv/lib/python3.12/site-packages/airflow/example_dags/example_xcomargs.py
[2026-06-21T22:04:57.521+0300] {logging_mixin.py:188} INFO - [2026-06-21T22:04:57.520+0300] {dag.py:3096} INFO - Sync 2 DAGs
[2026-06-21T22:04:57.531+0300] {logging_mixin.py:188} INFO - [2026-06-21T22:04:57.530+0300] {dag.py:3954} INFO - Setting next_dagrun for example_xcom_args to None, run_after=None
[2026-06-21T22:04:57.534+0300] {logging_mixin.py:188} INFO - [2026-06-21T22:04:57.534+0300] {dag.py:3954} INFO - Setting next_dagrun for example_xcom_args_with_operators to None, run_after=None
[2026-06-21T22:04:57.570+0300] {processor.py:183} INFO - Processing /media/data/omar/programming course/DEPI/DEPI project/anomx/venv/lib/python3.12/site-packages/airflow/example_dags/example_xcomargs.py took 0.100 seconds
[2026-06-21T22:05:54.552+0300] {processor.py:161} INFO - Started process (PID=18041) to work on /media/data/omar/programming course/DEPI/DEPI project/anomx/venv/lib/python3.12/site-packages/airflow/example_dags/example_xcomargs.py
[2026-06-21T22:05:54.553+0300] {processor.py:830} INFO - Processing file /media/data/omar/programming course/DEPI/DEPI project/anomx/venv/lib/python3.12/site-packages/airflow/example_dags/example_xcomargs.py for tasks to queue
[2026-06-21T22:05:54.556+0300] {logging_mixin.py:188} INFO - [2026-06-21T22:05:54.555+0300] {dagbag.py:540} INFO - Filling up the DagBag from /media/data/omar/programming course/DEPI/DEPI project/anomx/venv/lib/python3.12/site-packages/airflow/example_dags/example_xcomargs.py
[2026-06-21T22:05:54.567+0300] {processor.py:840} INFO - DAG(s) 'example_xcom_args', 'example_xcom_args_with_operators' retrieved from /media/data/omar/programming course/DEPI/DEPI project/anomx/venv/lib/python3.12/site-packages/airflow/example_dags/example_xcomargs.py
[2026-06-21T22:05:54.584+0300] {logging_mixin.py:188} INFO - [2026-06-21T22:05:54.583+0300] {dag.py:3096} INFO - Sync 2 DAGs
[2026-06-21T22:05:54.674+0300] {logging_mixin.py:188} INFO - [2026-06-21T22:05:54.674+0300] {dag.py:3954} INFO - Setting next_dagrun for example_xcom_args to None, run_after=None
[2026-06-21T22:05:54.677+0300] {logging_mixin.py:188} INFO - [2026-06-21T22:05:54.677+0300] {dag.py:3954} INFO - Setting next_dagrun for example_xcom_args_with_operators to None, run_after=None
[2026-06-21T22:05:54.700+0300] {processor.py:183} INFO - Processing /media/data/omar/programming course/DEPI/DEPI project/anomx/venv/lib/python3.12/site-packages/airflow/example_dags/example_xcomargs.py took 0.161 seconds
[2026-06-21T22:06:52.884+0300] {processor.py:161} INFO - Started process (PID=18121) to work on /media/data/omar/programming course/DEPI/DEPI project/anomx/venv/lib/python3.12/site-packages/airflow/example_dags/example_xcomargs.py
[2026-06-21T22:06:52.886+0300] {processor.py:830} INFO - Processing file /media/data/omar/programming course/DEPI/DEPI project/anomx/venv/lib/python3.12/site-packages/airflow/example_dags/example_xcomargs.py for tasks to queue
[2026-06-21T22:06:52.889+0300] {logging_mixin.py:188} INFO - [2026-06-21T22:06:52.888+0300] {dagbag.py:540} INFO - Filling up the DagBag from /media/data/omar/programming course/DEPI/DEPI project/anomx/venv/lib/python3.12/site-packages/airflow/example_dags/example_xcomargs.py
[2026-06-21T22:06:52.903+0300] {processor.py:840} INFO - DAG(s) 'example_xcom_args_with_operators', 'example_xcom_args' retrieved from /media/data/omar/programming course/DEPI/DEPI project/anomx/venv/lib/python3.12/site-packages/airflow/example_dags/example_xcomargs.py
[2026-06-21T22:06:52.921+0300] {logging_mixin.py:188} INFO - [2026-06-21T22:06:52.920+0300] {dag.py:3096} INFO - Sync 2 DAGs
[2026-06-21T22:06:52.931+0300] {logging_mixin.py:188} INFO - [2026-06-21T22:06:52.930+0300] {dag.py:3954} INFO - Setting next_dagrun for example_xcom_args to None, run_after=None
[2026-06-21T22:06:52.934+0300] {logging_mixin.py:188} INFO - [2026-06-21T22:06:52.933+0300] {dag.py:3954} INFO - Setting next_dagrun for example_xcom_args_with_operators to None, run_after=None
[2026-06-21T22:06:52.959+0300] {processor.py:183} INFO - Processing /media/data/omar/programming course/DEPI/DEPI project/anomx/venv/lib/python3.12/site-packages/airflow/example_dags/example_xcomargs.py took 0.093 seconds
[2026-06-21T22:07:50.672+0300] {processor.py:161} INFO - Started process (PID=18212) to work on /media/data/omar/programming course/DEPI/DEPI project/anomx/venv/lib/python3.12/site-packages/airflow/example_dags/example_xcomargs.py
[2026-06-21T22:07:50.673+0300] {processor.py:830} INFO - Processing file /media/data/omar/programming course/DEPI/DEPI project/anomx/venv/lib/python3.12/site-packages/airflow/example_dags/example_xcomargs.py for tasks to queue
[2026-06-21T22:07:50.676+0300] {logging_mixin.py:188} INFO - [2026-06-21T22:07:50.675+0300] {dagbag.py:540} INFO - Filling up the DagBag from /media/data/omar/programming course/DEPI/DEPI project/anomx/venv/lib/python3.12/site-packages/airflow/example_dags/example_xcomargs.py
[2026-06-21T22:07:50.686+0300] {processor.py:840} INFO - DAG(s) 'example_xcom_args', 'example_xcom_args_with_operators' retrieved from /media/data/omar/programming course/DEPI/DEPI project/anomx/venv/lib/python3.12/site-packages/airflow/example_dags/example_xcomargs.py
[2026-06-21T22:07:50.703+0300] {logging_mixin.py:188} INFO - [2026-06-21T22:07:50.703+0300] {dag.py:3096} INFO - Sync 2 DAGs
[2026-06-21T22:07:50.713+0300] {logging_mixin.py:188} INFO - [2026-06-21T22:07:50.713+0300] {dag.py:3954} INFO - Setting next_dagrun for example_xcom_args to None, run_after=None
[2026-06-21T22:07:50.716+0300] {logging_mixin.py:188} INFO - [2026-06-21T22:07:50.716+0300] {dag.py:3954} INFO - Setting next_dagrun for example_xcom_args_with_operators to None, run_after=None
[2026-06-21T22:07:50.742+0300] {processor.py:183} INFO - Processing /media/data/omar/programming course/DEPI/DEPI project/anomx/venv/lib/python3.12/site-packages/airflow/example_dags/example_xcomargs.py took 0.083 seconds
[2026-06-21T22:08:47.774+0300] {processor.py:161} INFO - Started process (PID=18304) to work on /media/data/omar/programming course/DEPI/DEPI project/anomx/venv/lib/python3.12/site-packages/airflow/example_dags/example_xcomargs.py
[2026-06-21T22:08:47.776+0300] {processor.py:830} INFO - Processing file /media/data/omar/programming course/DEPI/DEPI project/anomx/venv/lib/python3.12/site-packages/airflow/example_dags/example_xcomargs.py for tasks to queue
[2026-06-21T22:08:47.779+0300] {logging_mixin.py:188} INFO - [2026-06-21T22:08:47.778+0300] {dagbag.py:540} INFO - Filling up the DagBag from /media/data/omar/programming course/DEPI/DEPI project/anomx/venv/lib/python3.12/site-packages/airflow/example_dags/example_xcomargs.py
[2026-06-21T22:08:47.791+0300] {processor.py:840} INFO - DAG(s) 'example_xcom_args_with_operators', 'example_xcom_args' retrieved from /media/data/omar/programming course/DEPI/DEPI project/anomx/venv/lib/python3.12/site-packages/airflow/example_dags/example_xcomargs.py
[2026-06-21T22:08:47.809+0300] {logging_mixin.py:188} INFO - [2026-06-21T22:08:47.809+0300] {dag.py:3096} INFO - Sync 2 DAGs
[2026-06-21T22:08:47.903+0300] {logging_mixin.py:188} INFO - [2026-06-21T22:08:47.902+0300] {dag.py:3954} INFO - Setting next_dagrun for example_xcom_args to None, run_after=None
[2026-06-21T22:08:47.906+0300] {logging_mixin.py:188} INFO - [2026-06-21T22:08:47.906+0300] {dag.py:3954} INFO - Setting next_dagrun for example_xcom_args_with_operators to None, run_after=None
[2026-06-21T22:08:47.929+0300] {processor.py:183} INFO - Processing /media/data/omar/programming course/DEPI/DEPI project/anomx/venv/lib/python3.12/site-packages/airflow/example_dags/example_xcomargs.py took 0.171 seconds
[2026-06-21T22:09:44.956+0300] {processor.py:161} INFO - Started process (PID=18540) to work on /media/data/omar/programming course/DEPI/DEPI project/anomx/venv/lib/python3.12/site-packages/airflow/example_dags/example_xcomargs.py
[2026-06-21T22:09:44.967+0300] {processor.py:830} INFO - Processing file /media/data/omar/programming course/DEPI/DEPI project/anomx/venv/lib/python3.12/site-packages/airflow/example_dags/example_xcomargs.py for tasks to queue
[2026-06-21T22:09:44.987+0300] {logging_mixin.py:188} INFO - [2026-06-21T22:09:44.984+0300] {dagbag.py:540} INFO - Filling up the DagBag from /media/data/omar/programming course/DEPI/DEPI project/anomx/venv/lib/python3.12/site-packages/airflow/example_dags/example_xcomargs.py
[2026-06-21T22:09:45.074+0300] {processor.py:840} INFO - DAG(s) 'example_xcom_args_with_operators', 'example_xcom_args' retrieved from /media/data/omar/programming course/DEPI/DEPI project/anomx/venv/lib/python3.12/site-packages/airflow/example_dags/example_xcomargs.py
[2026-06-21T22:09:45.167+0300] {logging_mixin.py:188} INFO - [2026-06-21T22:09:45.164+0300] {dag.py:3096} INFO - Sync 2 DAGs
[2026-06-21T22:09:45.228+0300] {logging_mixin.py:188} INFO - [2026-06-21T22:09:45.226+0300] {dag.py:3954} INFO - Setting next_dagrun for example_xcom_args to None, run_after=None
[2026-06-21T22:09:45.268+0300] {logging_mixin.py:188} INFO - [2026-06-21T22:09:45.264+0300] {dag.py:3954} INFO - Setting next_dagrun for example_xcom_args_with_operators to None, run_after=None
[2026-06-21T22:09:45.394+0300] {processor.py:183} INFO - Processing /media/data/omar/programming course/DEPI/DEPI project/anomx/venv/lib/python3.12/site-packages/airflow/example_dags/example_xcomargs.py took 0.488 seconds
[2026-06-21T22:10:54.040+0300] {processor.py:161} INFO - Started process (PID=18735) to work on /media/data/omar/programming course/DEPI/DEPI project/anomx/venv/lib/python3.12/site-packages/airflow/example_dags/example_xcomargs.py
[2026-06-21T22:10:54.042+0300] {processor.py:830} INFO - Processing file /media/data/omar/programming course/DEPI/DEPI project/anomx/venv/lib/python3.12/site-packages/airflow/example_dags/example_xcomargs.py for tasks to queue
[2026-06-21T22:10:54.045+0300] {logging_mixin.py:188} INFO - [2026-06-21T22:10:54.044+0300] {dagbag.py:540} INFO - Filling up the DagBag from /media/data/omar/programming course/DEPI/DEPI project/anomx/venv/lib/python3.12/site-packages/airflow/example_dags/example_xcomargs.py
[2026-06-21T22:10:54.055+0300] {processor.py:840} INFO - DAG(s) 'example_xcom_args_with_operators', 'example_xcom_args' retrieved from /media/data/omar/programming course/DEPI/DEPI project/anomx/venv/lib/python3.12/site-packages/airflow/example_dags/example_xcomargs.py
[2026-06-21T22:10:54.076+0300] {logging_mixin.py:188} INFO - [2026-06-21T22:10:54.075+0300] {dag.py:3096} INFO - Sync 2 DAGs
[2026-06-21T22:10:54.086+0300] {logging_mixin.py:188} INFO - [2026-06-21T22:10:54.086+0300] {dag.py:3954} INFO - Setting next_dagrun for example_xcom_args to None, run_after=None
[2026-06-21T22:10:54.090+0300] {logging_mixin.py:188} INFO - [2026-06-21T22:10:54.090+0300] {dag.py:3954} INFO - Setting next_dagrun for example_xcom_args_with_operators to None, run_after=None
[2026-06-21T22:10:54.122+0300] {processor.py:183} INFO - Processing /media/data/omar/programming course/DEPI/DEPI project/anomx/venv/lib/python3.12/site-packages/airflow/example_dags/example_xcomargs.py took 0.097 seconds
[2026-06-21T22:11:51.242+0300] {processor.py:161} INFO - Started process (PID=18872) to work on /media/data/omar/programming course/DEPI/DEPI project/anomx/venv/lib/python3.12/site-packages/airflow/example_dags/example_xcomargs.py
[2026-06-21T22:11:51.244+0300] {processor.py:830} INFO - Processing file /media/data/omar/programming course/DEPI/DEPI project/anomx/venv/lib/python3.12/site-packages/airflow/example_dags/example_xcomargs.py for tasks to queue
[2026-06-21T22:11:51.249+0300] {logging_mixin.py:188} INFO - [2026-06-21T22:11:51.247+0300] {dagbag.py:540} INFO - Filling up the DagBag from /media/data/omar/programming course/DEPI/DEPI project/anomx/venv/lib/python3.12/site-packages/airflow/example_dags/example_xcomargs.py
[2026-06-21T22:11:51.265+0300] {processor.py:840} INFO - DAG(s) 'example_xcom_args', 'example_xcom_args_with_operators' retrieved from /media/data/omar/programming course/DEPI/DEPI project/anomx/venv/lib/python3.12/site-packages/airflow/example_dags/example_xcomargs.py
[2026-06-21T22:11:51.291+0300] {logging_mixin.py:188} INFO - [2026-06-21T22:11:51.289+0300] {dag.py:3096} INFO - Sync 2 DAGs
[2026-06-21T22:11:51.307+0300] {logging_mixin.py:188} INFO - [2026-06-21T22:11:51.307+0300] {dag.py:3954} INFO - Setting next_dagrun for example_xcom_args to None, run_after=None
[2026-06-21T22:11:51.313+0300] {logging_mixin.py:188} INFO - [2026-06-21T22:11:51.312+0300] {dag.py:3954} INFO - Setting next_dagrun for example_xcom_args_with_operators to None, run_after=None
[2026-06-21T22:11:51.350+0300] {processor.py:183} INFO - Processing /media/data/omar/programming course/DEPI/DEPI project/anomx/venv/lib/python3.12/site-packages/airflow/example_dags/example_xcomargs.py took 0.121 seconds
[2026-06-21T22:12:44.117+0300] {processor.py:161} INFO - Started process (PID=18955) to work on /media/data/omar/programming course/DEPI/DEPI project/anomx/venv/lib/python3.12/site-packages/airflow/example_dags/example_xcomargs.py
[2026-06-21T22:12:44.118+0300] {processor.py:830} INFO - Processing file /media/data/omar/programming course/DEPI/DEPI project/anomx/venv/lib/python3.12/site-packages/airflow/example_dags/example_xcomargs.py for tasks to queue
[2026-06-21T22:12:44.121+0300] {logging_mixin.py:188} INFO - [2026-06-21T22:12:44.120+0300] {dagbag.py:540} INFO - Filling up the DagBag from /media/data/omar/programming course/DEPI/DEPI project/anomx/venv/lib/python3.12/site-packages/airflow/example_dags/example_xcomargs.py
[2026-06-21T22:12:44.136+0300] {processor.py:840} INFO - DAG(s) 'example_xcom_args_with_operators', 'example_xcom_args' retrieved from /media/data/omar/programming course/DEPI/DEPI project/anomx/venv/lib/python3.12/site-packages/airflow/example_dags/example_xcomargs.py
[2026-06-21T22:12:44.165+0300] {logging_mixin.py:188} INFO - [2026-06-21T22:12:44.165+0300] {dag.py:3096} INFO - Sync 2 DAGs
[2026-06-21T22:12:44.178+0300] {logging_mixin.py:188} INFO - [2026-06-21T22:12:44.178+0300] {dag.py:3954} INFO - Setting next_dagrun for example_xcom_args to None, run_after=None
[2026-06-21T22:12:44.182+0300] {logging_mixin.py:188} INFO - [2026-06-21T22:12:44.181+0300] {dag.py:3954} INFO - Setting next_dagrun for example_xcom_args_with_operators to None, run_after=None
[2026-06-21T22:12:44.219+0300] {processor.py:183} INFO - Processing /media/data/omar/programming course/DEPI/DEPI project/anomx/venv/lib/python3.12/site-packages/airflow/example_dags/example_xcomargs.py took 0.112 seconds
[2026-06-21T22:13:34.429+0300] {processor.py:161} INFO - Started process (PID=19082) to work on /media/data/omar/programming course/DEPI/DEPI project/anomx/venv/lib/python3.12/site-packages/airflow/example_dags/example_xcomargs.py
[2026-06-21T22:13:34.433+0300] {processor.py:830} INFO - Processing file /media/data/omar/programming course/DEPI/DEPI project/anomx/venv/lib/python3.12/site-packages/airflow/example_dags/example_xcomargs.py for tasks to queue
[2026-06-21T22:13:34.443+0300] {logging_mixin.py:188} INFO - [2026-06-21T22:13:34.441+0300] {dagbag.py:540} INFO - Filling up the DagBag from /media/data/omar/programming course/DEPI/DEPI project/anomx/venv/lib/python3.12/site-packages/airflow/example_dags/example_xcomargs.py
[2026-06-21T22:13:34.511+0300] {processor.py:840} INFO - DAG(s) 'example_xcom_args_with_operators', 'example_xcom_args' retrieved from /media/data/omar/programming course/DEPI/DEPI project/anomx/venv/lib/python3.12/site-packages/airflow/example_dags/example_xcomargs.py
[2026-06-21T22:13:34.616+0300] {logging_mixin.py:188} INFO - [2026-06-21T22:13:34.616+0300] {dag.py:3096} INFO - Sync 2 DAGs
[2026-06-21T22:13:34.633+0300] {logging_mixin.py:188} INFO - [2026-06-21T22:13:34.632+0300] {dag.py:3954} INFO - Setting next_dagrun for example_xcom_args to None, run_after=None
[2026-06-21T22:13:34.637+0300] {logging_mixin.py:188} INFO - [2026-06-21T22:13:34.636+0300] {dag.py:3954} INFO - Setting next_dagrun for example_xcom_args_with_operators to None, run_after=None
[2026-06-21T22:13:34.672+0300] {processor.py:183} INFO - Processing /media/data/omar/programming course/DEPI/DEPI project/anomx/venv/lib/python3.12/site-packages/airflow/example_dags/example_xcomargs.py took 0.263 seconds
[2026-06-21T22:14:33.720+0300] {processor.py:161} INFO - Started process (PID=19203) to work on /media/data/omar/programming course/DEPI/DEPI project/anomx/venv/lib/python3.12/site-packages/airflow/example_dags/example_xcomargs.py
[2026-06-21T22:14:33.722+0300] {processor.py:830} INFO - Processing file /media/data/omar/programming course/DEPI/DEPI project/anomx/venv/lib/python3.12/site-packages/airflow/example_dags/example_xcomargs.py for tasks to queue
[2026-06-21T22:14:33.725+0300] {logging_mixin.py:188} INFO - [2026-06-21T22:14:33.724+0300] {dagbag.py:540} INFO - Filling up the DagBag from /media/data/omar/programming course/DEPI/DEPI project/anomx/venv/lib/python3.12/site-packages/airflow/example_dags/example_xcomargs.py
[2026-06-21T22:14:33.737+0300] {processor.py:840} INFO - DAG(s) 'example_xcom_args_with_operators', 'example_xcom_args' retrieved from /media/data/omar/programming course/DEPI/DEPI project/anomx/venv/lib/python3.12/site-packages/airflow/example_dags/example_xcomargs.py
[2026-06-21T22:14:33.757+0300] {logging_mixin.py:188} INFO - [2026-06-21T22:14:33.757+0300] {dag.py:3096} INFO - Sync 2 DAGs
[2026-06-21T22:14:33.767+0300] {logging_mixin.py:188} INFO - [2026-06-21T22:14:33.767+0300] {dag.py:3954} INFO - Setting next_dagrun for example_xcom_args to None, run_after=None
[2026-06-21T22:14:33.770+0300] {logging_mixin.py:188} INFO - [2026-06-21T22:14:33.770+0300] {dag.py:3954} INFO - Setting next_dagrun for example_xcom_args_with_operators to None, run_after=None
[2026-06-21T22:14:33.800+0300] {processor.py:183} INFO - Processing /media/data/omar/programming course/DEPI/DEPI project/anomx/venv/lib/python3.12/site-packages/airflow/example_dags/example_xcomargs.py took 0.092 seconds
[2026-06-21T22:15:30.022+0300] {processor.py:161} INFO - Started process (PID=19308) to work on /media/data/omar/programming course/DEPI/DEPI project/anomx/venv/lib/python3.12/site-packages/airflow/example_dags/example_xcomargs.py
[2026-06-21T22:15:30.023+0300] {processor.py:830} INFO - Processing file /media/data/omar/programming course/DEPI/DEPI project/anomx/venv/lib/python3.12/site-packages/airflow/example_dags/example_xcomargs.py for tasks to queue
[2026-06-21T22:15:30.027+0300] {logging_mixin.py:188} INFO - [2026-06-21T22:15:30.026+0300] {dagbag.py:540} INFO - Filling up the DagBag from /media/data/omar/programming course/DEPI/DEPI project/anomx/venv/lib/python3.12/site-packages/airflow/example_dags/example_xcomargs.py
[2026-06-21T22:15:30.050+0300] {processor.py:840} INFO - DAG(s) 'example_xcom_args', 'example_xcom_args_with_operators' retrieved from /media/data/omar/programming course/DEPI/DEPI project/anomx/venv/lib/python3.12/site-packages/airflow/example_dags/example_xcomargs.py
[2026-06-21T22:15:30.075+0300] {logging_mixin.py:188} INFO - [2026-06-21T22:15:30.074+0300] {dag.py:3096} INFO - Sync 2 DAGs
[2026-06-21T22:15:30.087+0300] {logging_mixin.py:188} INFO - [2026-06-21T22:15:30.087+0300] {dag.py:3954} INFO - Setting next_dagrun for example_xcom_args to None, run_after=None
[2026-06-21T22:15:30.092+0300] {logging_mixin.py:188} INFO - [2026-06-21T22:15:30.091+0300] {dag.py:3954} INFO - Setting next_dagrun for example_xcom_args_with_operators to None, run_after=None
[2026-06-21T22:15:30.130+0300] {processor.py:183} INFO - Processing /media/data/omar/programming course/DEPI/DEPI project/anomx/venv/lib/python3.12/site-packages/airflow/example_dags/example_xcomargs.py took 0.119 seconds
[2026-06-21T22:16:22.173+0300] {processor.py:161} INFO - Started process (PID=19673) to work on /media/data/omar/programming course/DEPI/DEPI project/anomx/venv/lib/python3.12/site-packages/airflow/example_dags/example_xcomargs.py
[2026-06-21T22:16:22.174+0300] {processor.py:830} INFO - Processing file /media/data/omar/programming course/DEPI/DEPI project/anomx/venv/lib/python3.12/site-packages/airflow/example_dags/example_xcomargs.py for tasks to queue
[2026-06-21T22:16:22.176+0300] {logging_mixin.py:188} INFO - [2026-06-21T22:16:22.176+0300] {dagbag.py:540} INFO - Filling up the DagBag from /media/data/omar/programming course/DEPI/DEPI project/anomx/venv/lib/python3.12/site-packages/airflow/example_dags/example_xcomargs.py
[2026-06-21T22:16:22.186+0300] {processor.py:840} INFO - DAG(s) 'example_xcom_args', 'example_xcom_args_with_operators' retrieved from /media/data/omar/programming course/DEPI/DEPI project/anomx/venv/lib/python3.12/site-packages/airflow/example_dags/example_xcomargs.py
[2026-06-21T22:16:22.208+0300] {logging_mixin.py:188} INFO - [2026-06-21T22:16:22.207+0300] {dag.py:3096} INFO - Sync 2 DAGs
[2026-06-21T22:16:22.220+0300] {logging_mixin.py:188} INFO - [2026-06-21T22:16:22.219+0300] {dag.py:3954} INFO - Setting next_dagrun for example_xcom_args to None, run_after=None
[2026-06-21T22:16:22.224+0300] {logging_mixin.py:188} INFO - [2026-06-21T22:16:22.223+0300] {dag.py:3954} INFO - Setting next_dagrun for example_xcom_args_with_operators to None, run_after=None
[2026-06-21T22:16:22.262+0300] {processor.py:183} INFO - Processing /media/data/omar/programming course/DEPI/DEPI project/anomx/venv/lib/python3.12/site-packages/airflow/example_dags/example_xcomargs.py took 0.096 seconds
[2026-06-21T22:17:19.581+0300] {processor.py:161} INFO - Started process (PID=19796) to work on /media/data/omar/programming course/DEPI/DEPI project/anomx/venv/lib/python3.12/site-packages/airflow/example_dags/example_xcomargs.py
[2026-06-21T22:17:19.584+0300] {processor.py:830} INFO - Processing file /media/data/omar/programming course/DEPI/DEPI project/anomx/venv/lib/python3.12/site-packages/airflow/example_dags/example_xcomargs.py for tasks to queue
[2026-06-21T22:17:19.587+0300] {logging_mixin.py:188} INFO - [2026-06-21T22:17:19.586+0300] {dagbag.py:540} INFO - Filling up the DagBag from /media/data/omar/programming course/DEPI/DEPI project/anomx/venv/lib/python3.12/site-packages/airflow/example_dags/example_xcomargs.py
[2026-06-21T22:17:19.600+0300] {processor.py:840} INFO - DAG(s) 'example_xcom_args_with_operators', 'example_xcom_args' retrieved from /media/data/omar/programming course/DEPI/DEPI project/anomx/venv/lib/python3.12/site-packages/airflow/example_dags/example_xcomargs.py
[2026-06-21T22:17:19.619+0300] {logging_mixin.py:188} INFO - [2026-06-21T22:17:19.619+0300] {dag.py:3096} INFO - Sync 2 DAGs
[2026-06-21T22:17:19.630+0300] {logging_mixin.py:188} INFO - [2026-06-21T22:17:19.629+0300] {dag.py:3954} INFO - Setting next_dagrun for example_xcom_args to None, run_after=None
[2026-06-21T22:17:19.634+0300] {logging_mixin.py:188} INFO - [2026-06-21T22:17:19.633+0300] {dag.py:3954} INFO - Setting next_dagrun for example_xcom_args_with_operators to None, run_after=None
[2026-06-21T22:17:19.658+0300] {processor.py:183} INFO - Processing /media/data/omar/programming course/DEPI/DEPI project/anomx/venv/lib/python3.12/site-packages/airflow/example_dags/example_xcomargs.py took 0.095 seconds
[2026-06-21T22:18:19.725+0300] {processor.py:161} INFO - Started process (PID=19953) to work on /media/data/omar/programming course/DEPI/DEPI project/anomx/venv/lib/python3.12/site-packages/airflow/example_dags/example_xcomargs.py
[2026-06-21T22:18:19.727+0300] {processor.py:830} INFO - Processing file /media/data/omar/programming course/DEPI/DEPI project/anomx/venv/lib/python3.12/site-packages/airflow/example_dags/example_xcomargs.py for tasks to queue
[2026-06-21T22:18:19.731+0300] {logging_mixin.py:188} INFO - [2026-06-21T22:18:19.730+0300] {dagbag.py:540} INFO - Filling up the DagBag from /media/data/omar/programming course/DEPI/DEPI project/anomx/venv/lib/python3.12/site-packages/airflow/example_dags/example_xcomargs.py
[2026-06-21T22:18:19.754+0300] {processor.py:840} INFO - DAG(s) 'example_xcom_args', 'example_xcom_args_with_operators' retrieved from /media/data/omar/programming course/DEPI/DEPI project/anomx/venv/lib/python3.12/site-packages/airflow/example_dags/example_xcomargs.py
[2026-06-21T22:18:19.807+0300] {logging_mixin.py:188} INFO - [2026-06-21T22:18:19.806+0300] {dag.py:3096} INFO - Sync 2 DAGs
[2026-06-21T22:18:19.839+0300] {logging_mixin.py:188} INFO - [2026-06-21T22:18:19.838+0300] {dag.py:3954} INFO - Setting next_dagrun for example_xcom_args to None, run_after=None
[2026-06-21T22:18:19.849+0300] {logging_mixin.py:188} INFO - [2026-06-21T22:18:19.848+0300] {dag.py:3954} INFO - Setting next_dagrun for example_xcom_args_with_operators to None, run_after=None
[2026-06-21T22:18:19.888+0300] {processor.py:183} INFO - Processing /media/data/omar/programming course/DEPI/DEPI project/anomx/venv/lib/python3.12/site-packages/airflow/example_dags/example_xcomargs.py took 0.178 seconds
[2026-06-21T22:19:16.560+0300] {processor.py:161} INFO - Started process (PID=20048) to work on /media/data/omar/programming course/DEPI/DEPI project/anomx/venv/lib/python3.12/site-packages/airflow/example_dags/example_xcomargs.py
[2026-06-21T22:19:16.564+0300] {processor.py:830} INFO - Processing file /media/data/omar/programming course/DEPI/DEPI project/anomx/venv/lib/python3.12/site-packages/airflow/example_dags/example_xcomargs.py for tasks to queue
[2026-06-21T22:19:16.573+0300] {logging_mixin.py:188} INFO - [2026-06-21T22:19:16.571+0300] {dagbag.py:540} INFO - Filling up the DagBag from /media/data/omar/programming course/DEPI/DEPI project/anomx/venv/lib/python3.12/site-packages/airflow/example_dags/example_xcomargs.py
[2026-06-21T22:19:16.607+0300] {processor.py:840} INFO - DAG(s) 'example_xcom_args_with_operators', 'example_xcom_args' retrieved from /media/data/omar/programming course/DEPI/DEPI project/anomx/venv/lib/python3.12/site-packages/airflow/example_dags/example_xcomargs.py
[2026-06-21T22:19:16.668+0300] {logging_mixin.py:188} INFO - [2026-06-21T22:19:16.666+0300] {dag.py:3096} INFO - Sync 2 DAGs
[2026-06-21T22:19:16.712+0300] {logging_mixin.py:188} INFO - [2026-06-21T22:19:16.710+0300] {dag.py:3954} INFO - Setting next_dagrun for example_xcom_args to None, run_after=None
[2026-06-21T22:19:16.739+0300] {logging_mixin.py:188} INFO - [2026-06-21T22:19:16.737+0300] {dag.py:3954} INFO - Setting next_dagrun for example_xcom_args_with_operators to None, run_after=None
[2026-06-21T22:19:16.843+0300] {processor.py:183} INFO - Processing /media/data/omar/programming course/DEPI/DEPI project/anomx/venv/lib/python3.12/site-packages/airflow/example_dags/example_xcomargs.py took 0.302 seconds
[2026-06-21T22:20:16.207+0300] {processor.py:161} INFO - Started process (PID=20161) to work on /media/data/omar/programming course/DEPI/DEPI project/anomx/venv/lib/python3.12/site-packages/airflow/example_dags/example_xcomargs.py
[2026-06-21T22:20:16.208+0300] {processor.py:830} INFO - Processing file /media/data/omar/programming course/DEPI/DEPI project/anomx/venv/lib/python3.12/site-packages/airflow/example_dags/example_xcomargs.py for tasks to queue
[2026-06-21T22:20:16.210+0300] {logging_mixin.py:188} INFO - [2026-06-21T22:20:16.209+0300] {dagbag.py:540} INFO - Filling up the DagBag from /media/data/omar/programming course/DEPI/DEPI project/anomx/venv/lib/python3.12/site-packages/airflow/example_dags/example_xcomargs.py
[2026-06-21T22:20:16.218+0300] {processor.py:840} INFO - DAG(s) 'example_xcom_args_with_operators', 'example_xcom_args' retrieved from /media/data/omar/programming course/DEPI/DEPI project/anomx/venv/lib/python3.12/site-packages/airflow/example_dags/example_xcomargs.py
[2026-06-21T22:20:16.236+0300] {logging_mixin.py:188} INFO - [2026-06-21T22:20:16.235+0300] {dag.py:3096} INFO - Sync 2 DAGs
[2026-06-21T22:20:16.245+0300] {logging_mixin.py:188} INFO - [2026-06-21T22:20:16.245+0300] {dag.py:3954} INFO - Setting next_dagrun for example_xcom_args to None, run_after=None
[2026-06-21T22:20:16.249+0300] {logging_mixin.py:188} INFO - [2026-06-21T22:20:16.248+0300] {dag.py:3954} INFO - Setting next_dagrun for example_xcom_args_with_operators to None, run_after=None
[2026-06-21T22:20:16.275+0300] {processor.py:183} INFO - Processing /media/data/omar/programming course/DEPI/DEPI project/anomx/venv/lib/python3.12/site-packages/airflow/example_dags/example_xcomargs.py took 0.073 seconds
[2026-06-21T22:20:53.991+0300] {processor.py:161} INFO - Started process (PID=20223) to work on /media/data/omar/programming course/DEPI/DEPI project/anomx/venv/lib/python3.12/site-packages/airflow/example_dags/example_xcomargs.py
[2026-06-21T22:20:53.992+0300] {processor.py:830} INFO - Processing file /media/data/omar/programming course/DEPI/DEPI project/anomx/venv/lib/python3.12/site-packages/airflow/example_dags/example_xcomargs.py for tasks to queue
[2026-06-21T22:20:53.996+0300] {logging_mixin.py:188} INFO - [2026-06-21T22:20:53.995+0300] {dagbag.py:540} INFO - Filling up the DagBag from /media/data/omar/programming course/DEPI/DEPI project/anomx/venv/lib/python3.12/site-packages/airflow/example_dags/example_xcomargs.py
[2026-06-21T22:20:54.019+0300] {processor.py:840} INFO - DAG(s) 'example_xcom_args_with_operators', 'example_xcom_args' retrieved from /media/data/omar/programming course/DEPI/DEPI project/anomx/venv/lib/python3.12/site-packages/airflow/example_dags/example_xcomargs.py
[2026-06-21T22:20:54.069+0300] {logging_mixin.py:188} INFO - [2026-06-21T22:20:54.069+0300] {dag.py:3096} INFO - Sync 2 DAGs
[2026-06-21T22:20:54.083+0300] {logging_mixin.py:188} INFO - [2026-06-21T22:20:54.082+0300] {dag.py:3954} INFO - Setting next_dagrun for example_xcom_args to None, run_after=None
[2026-06-21T22:20:54.088+0300] {logging_mixin.py:188} INFO - [2026-06-21T22:20:54.087+0300] {dag.py:3954} INFO - Setting next_dagrun for example_xcom_args_with_operators to None, run_after=None
[2026-06-21T22:20:54.125+0300] {processor.py:183} INFO - Processing /media/data/omar/programming course/DEPI/DEPI project/anomx/venv/lib/python3.12/site-packages/airflow/example_dags/example_xcomargs.py took 0.140 seconds
[2026-06-21T22:21:54.005+0300] {processor.py:161} INFO - Started process (PID=20318) to work on /media/data/omar/programming course/DEPI/DEPI project/anomx/venv/lib/python3.12/site-packages/airflow/example_dags/example_xcomargs.py
[2026-06-21T22:21:54.008+0300] {processor.py:830} INFO - Processing file /media/data/omar/programming course/DEPI/DEPI project/anomx/venv/lib/python3.12/site-packages/airflow/example_dags/example_xcomargs.py for tasks to queue
[2026-06-21T22:21:54.015+0300] {logging_mixin.py:188} INFO - [2026-06-21T22:21:54.013+0300] {dagbag.py:540} INFO - Filling up the DagBag from /media/data/omar/programming course/DEPI/DEPI project/anomx/venv/lib/python3.12/site-packages/airflow/example_dags/example_xcomargs.py
[2026-06-21T22:21:54.040+0300] {processor.py:840} INFO - DAG(s) 'example_xcom_args_with_operators', 'example_xcom_args' retrieved from /media/data/omar/programming course/DEPI/DEPI project/anomx/venv/lib/python3.12/site-packages/airflow/example_dags/example_xcomargs.py
[2026-06-21T22:21:54.084+0300] {logging_mixin.py:188} INFO - [2026-06-21T22:21:54.083+0300] {dag.py:3096} INFO - Sync 2 DAGs
[2026-06-21T22:21:54.099+0300] {logging_mixin.py:188} INFO - [2026-06-21T22:21:54.099+0300] {dag.py:3954} INFO - Setting next_dagrun for example_xcom_args to None, run_after=None
[2026-06-21T22:21:54.102+0300] {logging_mixin.py:188} INFO - [2026-06-21T22:21:54.102+0300] {dag.py:3954} INFO - Setting next_dagrun for example_xcom_args_with_operators to None, run_after=None
[2026-06-21T22:21:54.133+0300] {processor.py:183} INFO - Processing /media/data/omar/programming course/DEPI/DEPI project/anomx/venv/lib/python3.12/site-packages/airflow/example_dags/example_xcomargs.py took 0.141 seconds
[2026-06-21T22:23:04.576+0300] {processor.py:161} INFO - Started process (PID=20454) to work on /media/data/omar/programming course/DEPI/DEPI project/anomx/venv/lib/python3.12/site-packages/airflow/example_dags/example_xcomargs.py
[2026-06-21T22:23:04.579+0300] {processor.py:830} INFO - Processing file /media/data/omar/programming course/DEPI/DEPI project/anomx/venv/lib/python3.12/site-packages/airflow/example_dags/example_xcomargs.py for tasks to queue
[2026-06-21T22:23:04.582+0300] {logging_mixin.py:188} INFO - [2026-06-21T22:23:04.581+0300] {dagbag.py:540} INFO - Filling up the DagBag from /media/data/omar/programming course/DEPI/DEPI project/anomx/venv/lib/python3.12/site-packages/airflow/example_dags/example_xcomargs.py
[2026-06-21T22:23:04.616+0300] {processor.py:840} INFO - DAG(s) 'example_xcom_args', 'example_xcom_args_with_operators' retrieved from /media/data/omar/programming course/DEPI/DEPI project/anomx/venv/lib/python3.12/site-packages/airflow/example_dags/example_xcomargs.py
[2026-06-21T22:23:04.689+0300] {logging_mixin.py:188} INFO - [2026-06-21T22:23:04.688+0300] {dag.py:3096} INFO - Sync 2 DAGs
[2026-06-21T22:23:04.713+0300] {logging_mixin.py:188} INFO - [2026-06-21T22:23:04.712+0300] {dag.py:3954} INFO - Setting next_dagrun for example_xcom_args to None, run_after=None
[2026-06-21T22:23:04.722+0300] {logging_mixin.py:188} INFO - [2026-06-21T22:23:04.721+0300] {dag.py:3954} INFO - Setting next_dagrun for example_xcom_args_with_operators to None, run_after=None
[2026-06-21T22:23:04.783+0300] {processor.py:183} INFO - Processing /media/data/omar/programming course/DEPI/DEPI project/anomx/venv/lib/python3.12/site-packages/airflow/example_dags/example_xcomargs.py took 0.224 seconds
[2026-06-21T22:24:05.589+0300] {processor.py:161} INFO - Started process (PID=20549) to work on /media/data/omar/programming course/DEPI/DEPI project/anomx/venv/lib/python3.12/site-packages/airflow/example_dags/example_xcomargs.py
[2026-06-21T22:24:05.590+0300] {processor.py:830} INFO - Processing file /media/data/omar/programming course/DEPI/DEPI project/anomx/venv/lib/python3.12/site-packages/airflow/example_dags/example_xcomargs.py for tasks to queue
[2026-06-21T22:24:05.592+0300] {logging_mixin.py:188} INFO - [2026-06-21T22:24:05.591+0300] {dagbag.py:540} INFO - Filling up the DagBag from /media/data/omar/programming course/DEPI/DEPI project/anomx/venv/lib/python3.12/site-packages/airflow/example_dags/example_xcomargs.py
[2026-06-21T22:24:05.599+0300] {processor.py:840} INFO - DAG(s) 'example_xcom_args_with_operators', 'example_xcom_args' retrieved from /media/data/omar/programming course/DEPI/DEPI project/anomx/venv/lib/python3.12/site-packages/airflow/example_dags/example_xcomargs.py
[2026-06-21T22:24:05.617+0300] {logging_mixin.py:188} INFO - [2026-06-21T22:24:05.617+0300] {dag.py:3096} INFO - Sync 2 DAGs
[2026-06-21T22:24:05.627+0300] {logging_mixin.py:188} INFO - [2026-06-21T22:24:05.626+0300] {dag.py:3954} INFO - Setting next_dagrun for example_xcom_args to None, run_after=None
[2026-06-21T22:24:05.629+0300] {logging_mixin.py:188} INFO - [2026-06-21T22:24:05.629+0300] {dag.py:3954} INFO - Setting next_dagrun for example_xcom_args_with_operators to None, run_after=None
[2026-06-21T22:24:05.654+0300] {processor.py:183} INFO - Processing /media/data/omar/programming course/DEPI/DEPI project/anomx/venv/lib/python3.12/site-packages/airflow/example_dags/example_xcomargs.py took 0.070 seconds
[2026-06-21T22:47:54.780+0300] {processor.py:161} INFO - Started process (PID=22117) to work on /media/data/omar/programming course/DEPI/DEPI project/anomx/venv/lib/python3.12/site-packages/airflow/example_dags/example_xcomargs.py
[2026-06-21T22:47:54.781+0300] {processor.py:830} INFO - Processing file /media/data/omar/programming course/DEPI/DEPI project/anomx/venv/lib/python3.12/site-packages/airflow/example_dags/example_xcomargs.py for tasks to queue
[2026-06-21T22:47:54.783+0300] {logging_mixin.py:188} INFO - [2026-06-21T22:47:54.782+0300] {dagbag.py:540} INFO - Filling up the DagBag from /media/data/omar/programming course/DEPI/DEPI project/anomx/venv/lib/python3.12/site-packages/airflow/example_dags/example_xcomargs.py
[2026-06-21T22:47:54.802+0300] {processor.py:840} INFO - DAG(s) 'example_xcom_args', 'example_xcom_args_with_operators' retrieved from /media/data/omar/programming course/DEPI/DEPI project/anomx/venv/lib/python3.12/site-packages/airflow/example_dags/example_xcomargs.py
[2026-06-21T22:47:54.838+0300] {logging_mixin.py:188} INFO - [2026-06-21T22:47:54.838+0300] {dag.py:3096} INFO - Sync 2 DAGs
[2026-06-21T22:47:54.849+0300] {logging_mixin.py:188} INFO - [2026-06-21T22:47:54.849+0300] {dag.py:3118} INFO - Creating ORM DAG for example_xcom_args_with_operators
[2026-06-21T22:47:54.851+0300] {logging_mixin.py:188} INFO - [2026-06-21T22:47:54.850+0300] {dag.py:3118} INFO - Creating ORM DAG for example_xcom_args
[2026-06-21T22:47:54.852+0300] {logging_mixin.py:188} INFO - [2026-06-21T22:47:54.852+0300] {dag.py:3954} INFO - Setting next_dagrun for example_xcom_args to None, run_after=None
[2026-06-21T22:47:54.853+0300] {logging_mixin.py:188} INFO - [2026-06-21T22:47:54.853+0300] {dag.py:3954} INFO - Setting next_dagrun for example_xcom_args_with_operators to None, run_after=None
[2026-06-21T22:47:54.886+0300] {processor.py:183} INFO - Processing /media/data/omar/programming course/DEPI/DEPI project/anomx/venv/lib/python3.12/site-packages/airflow/example_dags/example_xcomargs.py took 0.112 seconds
[2026-06-21T22:48:52.867+0300] {processor.py:161} INFO - Started process (PID=22208) to work on /media/data/omar/programming course/DEPI/DEPI project/anomx/venv/lib/python3.12/site-packages/airflow/example_dags/example_xcomargs.py
[2026-06-21T22:48:52.869+0300] {processor.py:830} INFO - Processing file /media/data/omar/programming course/DEPI/DEPI project/anomx/venv/lib/python3.12/site-packages/airflow/example_dags/example_xcomargs.py for tasks to queue
[2026-06-21T22:48:52.872+0300] {logging_mixin.py:188} INFO - [2026-06-21T22:48:52.871+0300] {dagbag.py:540} INFO - Filling up the DagBag from /media/data/omar/programming course/DEPI/DEPI project/anomx/venv/lib/python3.12/site-packages/airflow/example_dags/example_xcomargs.py
[2026-06-21T22:48:52.889+0300] {processor.py:840} INFO - DAG(s) 'example_xcom_args', 'example_xcom_args_with_operators' retrieved from /media/data/omar/programming course/DEPI/DEPI project/anomx/venv/lib/python3.12/site-packages/airflow/example_dags/example_xcomargs.py
[2026-06-21T22:48:52.916+0300] {logging_mixin.py:188} INFO - [2026-06-21T22:48:52.916+0300] {dag.py:3096} INFO - Sync 2 DAGs
[2026-06-21T22:48:52.928+0300] {logging_mixin.py:188} INFO - [2026-06-21T22:48:52.927+0300] {dag.py:3954} INFO - Setting next_dagrun for example_xcom_args to None, run_after=None
[2026-06-21T22:48:52.931+0300] {logging_mixin.py:188} INFO - [2026-06-21T22:48:52.931+0300] {dag.py:3954} INFO - Setting next_dagrun for example_xcom_args_with_operators to None, run_after=None
[2026-06-21T22:48:52.957+0300] {processor.py:183} INFO - Processing /media/data/omar/programming course/DEPI/DEPI project/anomx/venv/lib/python3.12/site-packages/airflow/example_dags/example_xcomargs.py took 0.101 seconds
[2026-06-21T22:49:49.411+0300] {processor.py:161} INFO - Started process (PID=22300) to work on /media/data/omar/programming course/DEPI/DEPI project/anomx/venv/lib/python3.12/site-packages/airflow/example_dags/example_xcomargs.py
[2026-06-21T22:49:49.412+0300] {processor.py:830} INFO - Processing file /media/data/omar/programming course/DEPI/DEPI project/anomx/venv/lib/python3.12/site-packages/airflow/example_dags/example_xcomargs.py for tasks to queue
[2026-06-21T22:49:49.414+0300] {logging_mixin.py:188} INFO - [2026-06-21T22:49:49.413+0300] {dagbag.py:540} INFO - Filling up the DagBag from /media/data/omar/programming course/DEPI/DEPI project/anomx/venv/lib/python3.12/site-packages/airflow/example_dags/example_xcomargs.py
[2026-06-21T22:49:49.424+0300] {processor.py:840} INFO - DAG(s) 'example_xcom_args_with_operators', 'example_xcom_args' retrieved from /media/data/omar/programming course/DEPI/DEPI project/anomx/venv/lib/python3.12/site-packages/airflow/example_dags/example_xcomargs.py
[2026-06-21T22:49:49.444+0300] {logging_mixin.py:188} INFO - [2026-06-21T22:49:49.443+0300] {dag.py:3096} INFO - Sync 2 DAGs
[2026-06-21T22:49:49.454+0300] {logging_mixin.py:188} INFO - [2026-06-21T22:49:49.454+0300] {dag.py:3954} INFO - Setting next_dagrun for example_xcom_args to None, run_after=None
[2026-06-21T22:49:49.457+0300] {logging_mixin.py:188} INFO - [2026-06-21T22:49:49.457+0300] {dag.py:3954} INFO - Setting next_dagrun for example_xcom_args_with_operators to None, run_after=None
[2026-06-21T22:49:49.488+0300] {processor.py:183} INFO - Processing /media/data/omar/programming course/DEPI/DEPI project/anomx/venv/lib/python3.12/site-packages/airflow/example_dags/example_xcomargs.py took 0.084 seconds
[2026-06-21T22:50:44.673+0300] {processor.py:161} INFO - Started process (PID=22455) to work on /media/data/omar/programming course/DEPI/DEPI project/anomx/venv/lib/python3.12/site-packages/airflow/example_dags/example_xcomargs.py
[2026-06-21T22:50:44.674+0300] {processor.py:830} INFO - Processing file /media/data/omar/programming course/DEPI/DEPI project/anomx/venv/lib/python3.12/site-packages/airflow/example_dags/example_xcomargs.py for tasks to queue
[2026-06-21T22:50:44.678+0300] {logging_mixin.py:188} INFO - [2026-06-21T22:50:44.676+0300] {dagbag.py:540} INFO - Filling up the DagBag from /media/data/omar/programming course/DEPI/DEPI project/anomx/venv/lib/python3.12/site-packages/airflow/example_dags/example_xcomargs.py
[2026-06-21T22:50:44.691+0300] {processor.py:840} INFO - DAG(s) 'example_xcom_args', 'example_xcom_args_with_operators' retrieved from /media/data/omar/programming course/DEPI/DEPI project/anomx/venv/lib/python3.12/site-packages/airflow/example_dags/example_xcomargs.py
[2026-06-21T22:50:44.717+0300] {logging_mixin.py:188} INFO - [2026-06-21T22:50:44.716+0300] {dag.py:3096} INFO - Sync 2 DAGs
[2026-06-21T22:50:44.729+0300] {logging_mixin.py:188} INFO - [2026-06-21T22:50:44.729+0300] {dag.py:3954} INFO - Setting next_dagrun for example_xcom_args to None, run_after=None
[2026-06-21T22:50:44.735+0300] {logging_mixin.py:188} INFO - [2026-06-21T22:50:44.735+0300] {dag.py:3954} INFO - Setting next_dagrun for example_xcom_args_with_operators to None, run_after=None
[2026-06-21T22:50:44.771+0300] {processor.py:183} INFO - Processing /media/data/omar/programming course/DEPI/DEPI project/anomx/venv/lib/python3.12/site-packages/airflow/example_dags/example_xcomargs.py took 0.103 seconds
