[2026-06-21T21:39:03.741+0300] {processor.py:161} INFO - Started process (PID=15108) to work on /media/data/omar/programming course/DEPI/DEPI project/anomx/venv/lib/python3.12/site-packages/airflow/example_dags/example_setup_teardown.py
[2026-06-21T21:39:03.742+0300] {processor.py:830} INFO - Processing file /media/data/omar/programming course/DEPI/DEPI project/anomx/venv/lib/python3.12/site-packages/airflow/example_dags/example_setup_teardown.py for tasks to queue
[2026-06-21T21:39:03.744+0300] {logging_mixin.py:188} INFO - [2026-06-21T21:39:03.744+0300] {dagbag.py:540} INFO - Filling up the DagBag from /media/data/omar/programming course/DEPI/DEPI project/anomx/venv/lib/python3.12/site-packages/airflow/example_dags/example_setup_teardown.py
[2026-06-21T21:39:03.754+0300] {processor.py:840} INFO - DAG(s) 'example_setup_teardown' retrieved from /media/data/omar/programming course/DEPI/DEPI project/anomx/venv/lib/python3.12/site-packages/airflow/example_dags/example_setup_teardown.py
[2026-06-21T21:39:04.062+0300] {logging_mixin.py:188} INFO - [2026-06-21T21:39:04.059+0300] {override.py:1829} INFO - Created Permission View: can edit on DAG:example_setup_teardown
[2026-06-21T21:39:04.103+0300] {logging_mixin.py:188} INFO - [2026-06-21T21:39:04.100+0300] {override.py:1829} INFO - Created Permission View: can read on DAG:example_setup_teardown
[2026-06-21T21:39:04.159+0300] {logging_mixin.py:188} INFO - [2026-06-21T21:39:04.157+0300] {override.py:1829} INFO - Created Permission View: can delete on DAG:example_setup_teardown
[2026-06-21T21:39:04.163+0300] {logging_mixin.py:188} INFO - [2026-06-21T21:39:04.161+0300] {dag.py:3096} INFO - Sync 1 DAGs
[2026-06-21T21:39:04.203+0300] {logging_mixin.py:188} INFO - [2026-06-21T21:39:04.203+0300] {dag.py:3118} INFO - Creating ORM DAG for example_setup_teardown
[2026-06-21T21:39:04.241+0300] {logging_mixin.py:188} INFO - [2026-06-21T21:39:04.238+0300] {dag.py:3954} INFO - Setting next_dagrun for example_setup_teardown to 2026-06-20 00:00:00+00:00, run_after=2026-06-21 00:00:00+00:00
[2026-06-21T21:39:04.295+0300] {processor.py:183} INFO - Processing /media/data/omar/programming course/DEPI/DEPI project/anomx/venv/lib/python3.12/site-packages/airflow/example_dags/example_setup_teardown.py took 0.564 seconds
[2026-06-21T21:40:09.860+0300] {processor.py:161} INFO - Started process (PID=15200) to work on /media/data/omar/programming course/DEPI/DEPI project/anomx/venv/lib/python3.12/site-packages/airflow/example_dags/example_setup_teardown.py
[2026-06-21T21:40:09.863+0300] {processor.py:830} INFO - Processing file /media/data/omar/programming course/DEPI/DEPI project/anomx/venv/lib/python3.12/site-packages/airflow/example_dags/example_setup_teardown.py for tasks to queue
[2026-06-21T21:40:09.870+0300] {logging_mixin.py:188} INFO - [2026-06-21T21:40:09.868+0300] {dagbag.py:540} INFO - Filling up the DagBag from /media/data/omar/programming course/DEPI/DEPI project/anomx/venv/lib/python3.12/site-packages/airflow/example_dags/example_setup_teardown.py
[2026-06-21T21:40:09.894+0300] {processor.py:840} INFO - DAG(s) 'example_setup_teardown' retrieved from /media/data/omar/programming course/DEPI/DEPI project/anomx/venv/lib/python3.12/site-packages/airflow/example_dags/example_setup_teardown.py
[2026-06-21T21:40:09.918+0300] {logging_mixin.py:188} INFO - [2026-06-21T21:40:09.918+0300] {dag.py:3096} INFO - Sync 1 DAGs
[2026-06-21T21:40:09.937+0300] {logging_mixin.py:188} INFO - [2026-06-21T21:40:09.937+0300] {dag.py:3954} INFO - Setting next_dagrun for example_setup_teardown to 2026-06-20 00:00:00+00:00, run_after=2026-06-21 00:00:00+00:00
[2026-06-21T21:40:09.969+0300] {processor.py:183} INFO - Processing /media/data/omar/programming course/DEPI/DEPI project/anomx/venv/lib/python3.12/site-packages/airflow/example_dags/example_setup_teardown.py took 0.131 seconds
[2026-06-21T21:41:10.396+0300] {processor.py:161} INFO - Started process (PID=15316) to work on /media/data/omar/programming course/DEPI/DEPI project/anomx/venv/lib/python3.12/site-packages/airflow/example_dags/example_setup_teardown.py
[2026-06-21T21:41:10.399+0300] {processor.py:830} INFO - Processing file /media/data/omar/programming course/DEPI/DEPI project/anomx/venv/lib/python3.12/site-packages/airflow/example_dags/example_setup_teardown.py for tasks to queue
[2026-06-21T21:41:10.405+0300] {logging_mixin.py:188} INFO - [2026-06-21T21:41:10.404+0300] {dagbag.py:540} INFO - Filling up the DagBag from /media/data/omar/programming course/DEPI/DEPI project/anomx/venv/lib/python3.12/site-packages/airflow/example_dags/example_setup_teardown.py
[2026-06-21T21:41:10.432+0300] {processor.py:840} INFO - DAG(s) 'example_setup_teardown' retrieved from /media/data/omar/programming course/DEPI/DEPI project/anomx/venv/lib/python3.12/site-packages/airflow/example_dags/example_setup_teardown.py
[2026-06-21T21:41:10.464+0300] {logging_mixin.py:188} INFO - [2026-06-21T21:41:10.464+0300] {dag.py:3096} INFO - Sync 1 DAGs
[2026-06-21T21:41:10.484+0300] {logging_mixin.py:188} INFO - [2026-06-21T21:41:10.484+0300] {dag.py:3954} INFO - Setting next_dagrun for example_setup_teardown to 2026-06-20 00:00:00+00:00, run_after=2026-06-21 00:00:00+00:00
[2026-06-21T21:41:10.516+0300] {processor.py:183} INFO - Processing /media/data/omar/programming course/DEPI/DEPI project/anomx/venv/lib/python3.12/site-packages/airflow/example_dags/example_setup_teardown.py took 0.145 seconds
[2026-06-21T21:42:12.239+0300] {processor.py:161} INFO - Started process (PID=15439) to work on /media/data/omar/programming course/DEPI/DEPI project/anomx/venv/lib/python3.12/site-packages/airflow/example_dags/example_setup_teardown.py
[2026-06-21T21:42:12.240+0300] {processor.py:830} INFO - Processing file /media/data/omar/programming course/DEPI/DEPI project/anomx/venv/lib/python3.12/site-packages/airflow/example_dags/example_setup_teardown.py for tasks to queue
[2026-06-21T21:42:12.242+0300] {logging_mixin.py:188} INFO - [2026-06-21T21:42:12.242+0300] {dagbag.py:540} INFO - Filling up the DagBag from /media/data/omar/programming course/DEPI/DEPI project/anomx/venv/lib/python3.12/site-packages/airflow/example_dags/example_setup_teardown.py
[2026-06-21T21:42:12.251+0300] {processor.py:840} INFO - DAG(s) 'example_setup_teardown' retrieved from /media/data/omar/programming course/DEPI/DEPI project/anomx/venv/lib/python3.12/site-packages/airflow/example_dags/example_setup_teardown.py
[2026-06-21T21:42:12.284+0300] {logging_mixin.py:188} INFO - [2026-06-21T21:42:12.283+0300] {dag.py:3096} INFO - Sync 1 DAGs
[2026-06-21T21:42:12.318+0300] {logging_mixin.py:188} INFO - [2026-06-21T21:42:12.318+0300] {dag.py:3954} INFO - Setting next_dagrun for example_setup_teardown to 2026-06-20 00:00:00+00:00, run_after=2026-06-21 00:00:00+00:00
[2026-06-21T21:42:12.361+0300] {processor.py:183} INFO - Processing /media/data/omar/programming course/DEPI/DEPI project/anomx/venv/lib/python3.12/site-packages/airflow/example_dags/example_setup_teardown.py took 0.140 seconds
[2026-06-21T21:43:18.879+0300] {processor.py:161} INFO - Started process (PID=15659) to work on /media/data/omar/programming course/DEPI/DEPI project/anomx/venv/lib/python3.12/site-packages/airflow/example_dags/example_setup_teardown.py
[2026-06-21T21:43:18.880+0300] {processor.py:830} INFO - Processing file /media/data/omar/programming course/DEPI/DEPI project/anomx/venv/lib/python3.12/site-packages/airflow/example_dags/example_setup_teardown.py for tasks to queue
[2026-06-21T21:43:18.883+0300] {logging_mixin.py:188} INFO - [2026-06-21T21:43:18.881+0300] {dagbag.py:540} INFO - Filling up the DagBag from /media/data/omar/programming course/DEPI/DEPI project/anomx/venv/lib/python3.12/site-packages/airflow/example_dags/example_setup_teardown.py
[2026-06-21T21:43:18.894+0300] {processor.py:840} INFO - DAG(s) 'example_setup_teardown' retrieved from /media/data/omar/programming course/DEPI/DEPI project/anomx/venv/lib/python3.12/site-packages/airflow/example_dags/example_setup_teardown.py
[2026-06-21T21:43:18.927+0300] {logging_mixin.py:188} INFO - [2026-06-21T21:43:18.927+0300] {dag.py:3096} INFO - Sync 1 DAGs
[2026-06-21T21:43:18.958+0300] {logging_mixin.py:188} INFO - [2026-06-21T21:43:18.958+0300] {dag.py:3954} INFO - Setting next_dagrun for example_setup_teardown to 2026-06-20 00:00:00+00:00, run_after=2026-06-21 00:00:00+00:00
[2026-06-21T21:43:19.005+0300] {processor.py:183} INFO - Processing /media/data/omar/programming course/DEPI/DEPI project/anomx/venv/lib/python3.12/site-packages/airflow/example_dags/example_setup_teardown.py took 0.133 seconds
[2026-06-21T21:44:17.816+0300] {processor.py:161} INFO - Started process (PID=15778) to work on /media/data/omar/programming course/DEPI/DEPI project/anomx/venv/lib/python3.12/site-packages/airflow/example_dags/example_setup_teardown.py
[2026-06-21T21:44:17.818+0300] {processor.py:830} INFO - Processing file /media/data/omar/programming course/DEPI/DEPI project/anomx/venv/lib/python3.12/site-packages/airflow/example_dags/example_setup_teardown.py for tasks to queue
[2026-06-21T21:44:17.831+0300] {logging_mixin.py:188} INFO - [2026-06-21T21:44:17.825+0300] {dagbag.py:540} INFO - Filling up the DagBag from /media/data/omar/programming course/DEPI/DEPI project/anomx/venv/lib/python3.12/site-packages/airflow/example_dags/example_setup_teardown.py
[2026-06-21T21:44:17.862+0300] {processor.py:840} INFO - DAG(s) 'example_setup_teardown' retrieved from /media/data/omar/programming course/DEPI/DEPI project/anomx/venv/lib/python3.12/site-packages/airflow/example_dags/example_setup_teardown.py
[2026-06-21T21:44:17.903+0300] {logging_mixin.py:188} INFO - [2026-06-21T21:44:17.903+0300] {dag.py:3096} INFO - Sync 1 DAGs
[2026-06-21T21:44:17.950+0300] {logging_mixin.py:188} INFO - [2026-06-21T21:44:17.949+0300] {dag.py:3954} INFO - Setting next_dagrun for example_setup_teardown to 2026-06-20 00:00:00+00:00, run_after=2026-06-21 00:00:00+00:00
[2026-06-21T21:44:18.031+0300] {processor.py:183} INFO - Processing /media/data/omar/programming course/DEPI/DEPI project/anomx/venv/lib/python3.12/site-packages/airflow/example_dags/example_setup_teardown.py took 0.231 seconds
[2026-06-21T21:46:56.301+0300] {processor.py:161} INFO - Started process (PID=16089) to work on /media/data/omar/programming course/DEPI/DEPI project/anomx/venv/lib/python3.12/site-packages/airflow/example_dags/example_setup_teardown.py
[2026-06-21T21:46:56.302+0300] {processor.py:830} INFO - Processing file /media/data/omar/programming course/DEPI/DEPI project/anomx/venv/lib/python3.12/site-packages/airflow/example_dags/example_setup_teardown.py for tasks to queue
[2026-06-21T21:46:56.304+0300] {logging_mixin.py:188} INFO - [2026-06-21T21:46:56.303+0300] {dagbag.py:540} INFO - Filling up the DagBag from /media/data/omar/programming course/DEPI/DEPI project/anomx/venv/lib/python3.12/site-packages/airflow/example_dags/example_setup_teardown.py
[2026-06-21T21:46:56.312+0300] {processor.py:840} INFO - DAG(s) 'example_setup_teardown' retrieved from /media/data/omar/programming course/DEPI/DEPI project/anomx/venv/lib/python3.12/site-packages/airflow/example_dags/example_setup_teardown.py
[2026-06-21T21:46:56.331+0300] {logging_mixin.py:188} INFO - [2026-06-21T21:46:56.331+0300] {dag.py:3096} INFO - Sync 1 DAGs
[2026-06-21T21:46:56.351+0300] {logging_mixin.py:188} INFO - [2026-06-21T21:46:56.351+0300] {dag.py:3954} INFO - Setting next_dagrun for example_setup_teardown to 2026-06-20 00:00:00+00:00, run_after=2026-06-21 00:00:00+00:00
[2026-06-21T21:46:56.384+0300] {processor.py:183} INFO - Processing /media/data/omar/programming course/DEPI/DEPI project/anomx/venv/lib/python3.12/site-packages/airflow/example_dags/example_setup_teardown.py took 0.092 seconds
[2026-06-21T21:47:56.129+0300] {processor.py:161} INFO - Started process (PID=16182) to work on /media/data/omar/programming course/DEPI/DEPI project/anomx/venv/lib/python3.12/site-packages/airflow/example_dags/example_setup_teardown.py
[2026-06-21T21:47:56.130+0300] {processor.py:830} INFO - Processing file /media/data/omar/programming course/DEPI/DEPI project/anomx/venv/lib/python3.12/site-packages/airflow/example_dags/example_setup_teardown.py for tasks to queue
[2026-06-21T21:47:56.133+0300] {logging_mixin.py:188} INFO - [2026-06-21T21:47:56.132+0300] {dagbag.py:540} INFO - Filling up the DagBag from /media/data/omar/programming course/DEPI/DEPI project/anomx/venv/lib/python3.12/site-packages/airflow/example_dags/example_setup_teardown.py
[2026-06-21T21:47:56.142+0300] {processor.py:840} INFO - DAG(s) 'example_setup_teardown' retrieved from /media/data/omar/programming course/DEPI/DEPI project/anomx/venv/lib/python3.12/site-packages/airflow/example_dags/example_setup_teardown.py
[2026-06-21T21:47:56.159+0300] {logging_mixin.py:188} INFO - [2026-06-21T21:47:56.158+0300] {dag.py:3096} INFO - Sync 1 DAGs
[2026-06-21T21:47:56.177+0300] {logging_mixin.py:188} INFO - [2026-06-21T21:47:56.176+0300] {dag.py:3954} INFO - Setting next_dagrun for example_setup_teardown to 2026-06-20 00:00:00+00:00, run_after=2026-06-21 00:00:00+00:00
[2026-06-21T21:47:56.207+0300] {processor.py:183} INFO - Processing /media/data/omar/programming course/DEPI/DEPI project/anomx/venv/lib/python3.12/site-packages/airflow/example_dags/example_setup_teardown.py took 0.094 seconds
[2026-06-21T21:48:53.637+0300] {processor.py:161} INFO - Started process (PID=16272) to work on /media/data/omar/programming course/DEPI/DEPI project/anomx/venv/lib/python3.12/site-packages/airflow/example_dags/example_setup_teardown.py
[2026-06-21T21:48:53.639+0300] {processor.py:830} INFO - Processing file /media/data/omar/programming course/DEPI/DEPI project/anomx/venv/lib/python3.12/site-packages/airflow/example_dags/example_setup_teardown.py for tasks to queue
[2026-06-21T21:48:53.645+0300] {logging_mixin.py:188} INFO - [2026-06-21T21:48:53.643+0300] {dagbag.py:540} INFO - Filling up the DagBag from /media/data/omar/programming course/DEPI/DEPI project/anomx/venv/lib/python3.12/site-packages/airflow/example_dags/example_setup_teardown.py
[2026-06-21T21:48:53.658+0300] {processor.py:840} INFO - DAG(s) 'example_setup_teardown' retrieved from /media/data/omar/programming course/DEPI/DEPI project/anomx/venv/lib/python3.12/site-packages/airflow/example_dags/example_setup_teardown.py
[2026-06-21T21:48:53.675+0300] {logging_mixin.py:188} INFO - [2026-06-21T21:48:53.675+0300] {dag.py:3096} INFO - Sync 1 DAGs
[2026-06-21T21:48:53.693+0300] {logging_mixin.py:188} INFO - [2026-06-21T21:48:53.693+0300] {dag.py:3954} INFO - Setting next_dagrun for example_setup_teardown to 2026-06-20 00:00:00+00:00, run_after=2026-06-21 00:00:00+00:00
[2026-06-21T21:48:53.722+0300] {processor.py:183} INFO - Processing /media/data/omar/programming course/DEPI/DEPI project/anomx/venv/lib/python3.12/site-packages/airflow/example_dags/example_setup_teardown.py took 0.105 seconds
[2026-06-21T21:51:01.283+0300] {processor.py:161} INFO - Started process (PID=16497) to work on /media/data/omar/programming course/DEPI/DEPI project/anomx/venv/lib/python3.12/site-packages/airflow/example_dags/example_setup_teardown.py
[2026-06-21T21:51:01.285+0300] {processor.py:830} INFO - Processing file /media/data/omar/programming course/DEPI/DEPI project/anomx/venv/lib/python3.12/site-packages/airflow/example_dags/example_setup_teardown.py for tasks to queue
[2026-06-21T21:51:01.288+0300] {logging_mixin.py:188} INFO - [2026-06-21T21:51:01.288+0300] {dagbag.py:540} INFO - Filling up the DagBag from /media/data/omar/programming course/DEPI/DEPI project/anomx/venv/lib/python3.12/site-packages/airflow/example_dags/example_setup_teardown.py
[2026-06-21T21:51:01.299+0300] {processor.py:840} INFO - DAG(s) 'example_setup_teardown' retrieved from /media/data/omar/programming course/DEPI/DEPI project/anomx/venv/lib/python3.12/site-packages/airflow/example_dags/example_setup_teardown.py
[2026-06-21T21:51:01.317+0300] {logging_mixin.py:188} INFO - [2026-06-21T21:51:01.316+0300] {dag.py:3096} INFO - Sync 1 DAGs
[2026-06-21T21:51:01.335+0300] {logging_mixin.py:188} INFO - [2026-06-21T21:51:01.334+0300] {dag.py:3954} INFO - Setting next_dagrun for example_setup_teardown to 2026-06-20 00:00:00+00:00, run_after=2026-06-21 00:00:00+00:00
[2026-06-21T21:51:01.363+0300] {processor.py:183} INFO - Processing /media/data/omar/programming course/DEPI/DEPI project/anomx/venv/lib/python3.12/site-packages/airflow/example_dags/example_setup_teardown.py took 0.097 seconds
[2026-06-21T21:52:18.466+0300] {processor.py:161} INFO - Started process (PID=16638) to work on /media/data/omar/programming course/DEPI/DEPI project/anomx/venv/lib/python3.12/site-packages/airflow/example_dags/example_setup_teardown.py
[2026-06-21T21:52:18.467+0300] {processor.py:830} INFO - Processing file /media/data/omar/programming course/DEPI/DEPI project/anomx/venv/lib/python3.12/site-packages/airflow/example_dags/example_setup_teardown.py for tasks to queue
[2026-06-21T21:52:18.470+0300] {logging_mixin.py:188} INFO - [2026-06-21T21:52:18.469+0300] {dagbag.py:540} INFO - Filling up the DagBag from /media/data/omar/programming course/DEPI/DEPI project/anomx/venv/lib/python3.12/site-packages/airflow/example_dags/example_setup_teardown.py
[2026-06-21T21:52:18.478+0300] {processor.py:840} INFO - DAG(s) 'example_setup_teardown' retrieved from /media/data/omar/programming course/DEPI/DEPI project/anomx/venv/lib/python3.12/site-packages/airflow/example_dags/example_setup_teardown.py
[2026-06-21T21:52:18.494+0300] {logging_mixin.py:188} INFO - [2026-06-21T21:52:18.494+0300] {dag.py:3096} INFO - Sync 1 DAGs
[2026-06-21T21:52:18.510+0300] {logging_mixin.py:188} INFO - [2026-06-21T21:52:18.510+0300] {dag.py:3954} INFO - Setting next_dagrun for example_setup_teardown to 2026-06-20 00:00:00+00:00, run_after=2026-06-21 00:00:00+00:00
[2026-06-21T21:52:18.537+0300] {processor.py:183} INFO - Processing /media/data/omar/programming course/DEPI/DEPI project/anomx/venv/lib/python3.12/site-packages/airflow/example_dags/example_setup_teardown.py took 0.082 seconds
[2026-06-21T21:53:15.731+0300] {processor.py:161} INFO - Started process (PID=16729) to work on /media/data/omar/programming course/DEPI/DEPI project/anomx/venv/lib/python3.12/site-packages/airflow/example_dags/example_setup_teardown.py
[2026-06-21T21:53:15.732+0300] {processor.py:830} INFO - Processing file /media/data/omar/programming course/DEPI/DEPI project/anomx/venv/lib/python3.12/site-packages/airflow/example_dags/example_setup_teardown.py for tasks to queue
[2026-06-21T21:53:15.734+0300] {logging_mixin.py:188} INFO - [2026-06-21T21:53:15.733+0300] {dagbag.py:540} INFO - Filling up the DagBag from /media/data/omar/programming course/DEPI/DEPI project/anomx/venv/lib/python3.12/site-packages/airflow/example_dags/example_setup_teardown.py
[2026-06-21T21:53:15.740+0300] {processor.py:840} INFO - DAG(s) 'example_setup_teardown' retrieved from /media/data/omar/programming course/DEPI/DEPI project/anomx/venv/lib/python3.12/site-packages/airflow/example_dags/example_setup_teardown.py
[2026-06-21T21:53:15.755+0300] {logging_mixin.py:188} INFO - [2026-06-21T21:53:15.754+0300] {dag.py:3096} INFO - Sync 1 DAGs
[2026-06-21T21:53:15.770+0300] {logging_mixin.py:188} INFO - [2026-06-21T21:53:15.770+0300] {dag.py:3954} INFO - Setting next_dagrun for example_setup_teardown to 2026-06-20 00:00:00+00:00, run_after=2026-06-21 00:00:00+00:00
[2026-06-21T21:53:15.798+0300] {processor.py:183} INFO - Processing /media/data/omar/programming course/DEPI/DEPI project/anomx/venv/lib/python3.12/site-packages/airflow/example_dags/example_setup_teardown.py took 0.072 seconds
[2026-06-21T21:54:12.456+0300] {processor.py:161} INFO - Started process (PID=16819) to work on /media/data/omar/programming course/DEPI/DEPI project/anomx/venv/lib/python3.12/site-packages/airflow/example_dags/example_setup_teardown.py
[2026-06-21T21:54:12.457+0300] {processor.py:830} INFO - Processing file /media/data/omar/programming course/DEPI/DEPI project/anomx/venv/lib/python3.12/site-packages/airflow/example_dags/example_setup_teardown.py for tasks to queue
[2026-06-21T21:54:12.460+0300] {logging_mixin.py:188} INFO - [2026-06-21T21:54:12.459+0300] {dagbag.py:540} INFO - Filling up the DagBag from /media/data/omar/programming course/DEPI/DEPI project/anomx/venv/lib/python3.12/site-packages/airflow/example_dags/example_setup_teardown.py
[2026-06-21T21:54:12.469+0300] {processor.py:840} INFO - DAG(s) 'example_setup_teardown' retrieved from /media/data/omar/programming course/DEPI/DEPI project/anomx/venv/lib/python3.12/site-packages/airflow/example_dags/example_setup_teardown.py
[2026-06-21T21:54:12.485+0300] {logging_mixin.py:188} INFO - [2026-06-21T21:54:12.484+0300] {dag.py:3096} INFO - Sync 1 DAGs
[2026-06-21T21:54:12.501+0300] {logging_mixin.py:188} INFO - [2026-06-21T21:54:12.501+0300] {dag.py:3954} INFO - Setting next_dagrun for example_setup_teardown to 2026-06-20 00:00:00+00:00, run_after=2026-06-21 00:00:00+00:00
[2026-06-21T21:54:12.529+0300] {processor.py:183} INFO - Processing /media/data/omar/programming course/DEPI/DEPI project/anomx/venv/lib/python3.12/site-packages/airflow/example_dags/example_setup_teardown.py took 0.089 seconds
[2026-06-21T21:55:09.845+0300] {processor.py:161} INFO - Started process (PID=16922) to work on /media/data/omar/programming course/DEPI/DEPI project/anomx/venv/lib/python3.12/site-packages/airflow/example_dags/example_setup_teardown.py
[2026-06-21T21:55:09.846+0300] {processor.py:830} INFO - Processing file /media/data/omar/programming course/DEPI/DEPI project/anomx/venv/lib/python3.12/site-packages/airflow/example_dags/example_setup_teardown.py for tasks to queue
[2026-06-21T21:55:09.847+0300] {logging_mixin.py:188} INFO - [2026-06-21T21:55:09.847+0300] {dagbag.py:540} INFO - Filling up the DagBag from /media/data/omar/programming course/DEPI/DEPI project/anomx/venv/lib/python3.12/site-packages/airflow/example_dags/example_setup_teardown.py
[2026-06-21T21:55:09.854+0300] {processor.py:840} INFO - DAG(s) 'example_setup_teardown' retrieved from /media/data/omar/programming course/DEPI/DEPI project/anomx/venv/lib/python3.12/site-packages/airflow/example_dags/example_setup_teardown.py
[2026-06-21T21:55:09.869+0300] {logging_mixin.py:188} INFO - [2026-06-21T21:55:09.869+0300] {dag.py:3096} INFO - Sync 1 DAGs
[2026-06-21T21:55:09.886+0300] {logging_mixin.py:188} INFO - [2026-06-21T21:55:09.886+0300] {dag.py:3954} INFO - Setting next_dagrun for example_setup_teardown to 2026-06-20 00:00:00+00:00, run_after=2026-06-21 00:00:00+00:00
[2026-06-21T21:55:09.913+0300] {processor.py:183} INFO - Processing /media/data/omar/programming course/DEPI/DEPI project/anomx/venv/lib/python3.12/site-packages/airflow/example_dags/example_setup_teardown.py took 0.074 seconds
[2026-06-21T21:56:04.551+0300] {processor.py:161} INFO - Started process (PID=17016) to work on /media/data/omar/programming course/DEPI/DEPI project/anomx/venv/lib/python3.12/site-packages/airflow/example_dags/example_setup_teardown.py
[2026-06-21T21:56:04.552+0300] {processor.py:830} INFO - Processing file /media/data/omar/programming course/DEPI/DEPI project/anomx/venv/lib/python3.12/site-packages/airflow/example_dags/example_setup_teardown.py for tasks to queue
[2026-06-21T21:56:04.554+0300] {logging_mixin.py:188} INFO - [2026-06-21T21:56:04.553+0300] {dagbag.py:540} INFO - Filling up the DagBag from /media/data/omar/programming course/DEPI/DEPI project/anomx/venv/lib/python3.12/site-packages/airflow/example_dags/example_setup_teardown.py
[2026-06-21T21:56:04.563+0300] {processor.py:840} INFO - DAG(s) 'example_setup_teardown' retrieved from /media/data/omar/programming course/DEPI/DEPI project/anomx/venv/lib/python3.12/site-packages/airflow/example_dags/example_setup_teardown.py
[2026-06-21T21:56:04.577+0300] {logging_mixin.py:188} INFO - [2026-06-21T21:56:04.576+0300] {dag.py:3096} INFO - Sync 1 DAGs
[2026-06-21T21:56:04.593+0300] {logging_mixin.py:188} INFO - [2026-06-21T21:56:04.593+0300] {dag.py:3954} INFO - Setting next_dagrun for example_setup_teardown to 2026-06-20 00:00:00+00:00, run_after=2026-06-21 00:00:00+00:00
[2026-06-21T21:56:04.622+0300] {processor.py:183} INFO - Processing /media/data/omar/programming course/DEPI/DEPI project/anomx/venv/lib/python3.12/site-packages/airflow/example_dags/example_setup_teardown.py took 0.079 seconds
[2026-06-21T21:56:55.753+0300] {processor.py:161} INFO - Started process (PID=17093) to work on /media/data/omar/programming course/DEPI/DEPI project/anomx/venv/lib/python3.12/site-packages/airflow/example_dags/example_setup_teardown.py
[2026-06-21T21:56:55.755+0300] {processor.py:830} INFO - Processing file /media/data/omar/programming course/DEPI/DEPI project/anomx/venv/lib/python3.12/site-packages/airflow/example_dags/example_setup_teardown.py for tasks to queue
[2026-06-21T21:56:55.757+0300] {logging_mixin.py:188} INFO - [2026-06-21T21:56:55.757+0300] {dagbag.py:540} INFO - Filling up the DagBag from /media/data/omar/programming course/DEPI/DEPI project/anomx/venv/lib/python3.12/site-packages/airflow/example_dags/example_setup_teardown.py
[2026-06-21T21:56:55.770+0300] {processor.py:840} INFO - DAG(s) 'example_setup_teardown' retrieved from /media/data/omar/programming course/DEPI/DEPI project/anomx/venv/lib/python3.12/site-packages/airflow/example_dags/example_setup_teardown.py
[2026-06-21T21:56:55.792+0300] {logging_mixin.py:188} INFO - [2026-06-21T21:56:55.791+0300] {dag.py:3096} INFO - Sync 1 DAGs
[2026-06-21T21:56:55.809+0300] {logging_mixin.py:188} INFO - [2026-06-21T21:56:55.808+0300] {dag.py:3954} INFO - Setting next_dagrun for example_setup_teardown to 2026-06-20 00:00:00+00:00, run_after=2026-06-21 00:00:00+00:00
[2026-06-21T21:56:55.835+0300] {processor.py:183} INFO - Processing /media/data/omar/programming course/DEPI/DEPI project/anomx/venv/lib/python3.12/site-packages/airflow/example_dags/example_setup_teardown.py took 0.093 seconds
[2026-06-21T21:57:48.320+0300] {processor.py:161} INFO - Started process (PID=17189) to work on /media/data/omar/programming course/DEPI/DEPI project/anomx/venv/lib/python3.12/site-packages/airflow/example_dags/example_setup_teardown.py
[2026-06-21T21:57:48.321+0300] {processor.py:830} INFO - Processing file /media/data/omar/programming course/DEPI/DEPI project/anomx/venv/lib/python3.12/site-packages/airflow/example_dags/example_setup_teardown.py for tasks to queue
[2026-06-21T21:57:48.323+0300] {logging_mixin.py:188} INFO - [2026-06-21T21:57:48.323+0300] {dagbag.py:540} INFO - Filling up the DagBag from /media/data/omar/programming course/DEPI/DEPI project/anomx/venv/lib/python3.12/site-packages/airflow/example_dags/example_setup_teardown.py
[2026-06-21T21:57:48.331+0300] {processor.py:840} INFO - DAG(s) 'example_setup_teardown' retrieved from /media/data/omar/programming course/DEPI/DEPI project/anomx/venv/lib/python3.12/site-packages/airflow/example_dags/example_setup_teardown.py
[2026-06-21T21:57:48.346+0300] {logging_mixin.py:188} INFO - [2026-06-21T21:57:48.346+0300] {dag.py:3096} INFO - Sync 1 DAGs
[2026-06-21T21:57:48.363+0300] {logging_mixin.py:188} INFO - [2026-06-21T21:57:48.362+0300] {dag.py:3954} INFO - Setting next_dagrun for example_setup_teardown to 2026-06-20 00:00:00+00:00, run_after=2026-06-21 00:00:00+00:00
[2026-06-21T21:57:48.389+0300] {processor.py:183} INFO - Processing /media/data/omar/programming course/DEPI/DEPI project/anomx/venv/lib/python3.12/site-packages/airflow/example_dags/example_setup_teardown.py took 0.078 seconds
[2026-06-21T21:58:44.307+0300] {processor.py:161} INFO - Started process (PID=17281) to work on /media/data/omar/programming course/DEPI/DEPI project/anomx/venv/lib/python3.12/site-packages/airflow/example_dags/example_setup_teardown.py
[2026-06-21T21:58:44.308+0300] {processor.py:830} INFO - Processing file /media/data/omar/programming course/DEPI/DEPI project/anomx/venv/lib/python3.12/site-packages/airflow/example_dags/example_setup_teardown.py for tasks to queue
[2026-06-21T21:58:44.311+0300] {logging_mixin.py:188} INFO - [2026-06-21T21:58:44.310+0300] {dagbag.py:540} INFO - Filling up the DagBag from /media/data/omar/programming course/DEPI/DEPI project/anomx/venv/lib/python3.12/site-packages/airflow/example_dags/example_setup_teardown.py
[2026-06-21T21:58:44.321+0300] {processor.py:840} INFO - DAG(s) 'example_setup_teardown' retrieved from /media/data/omar/programming course/DEPI/DEPI project/anomx/venv/lib/python3.12/site-packages/airflow/example_dags/example_setup_teardown.py
[2026-06-21T21:58:44.336+0300] {logging_mixin.py:188} INFO - [2026-06-21T21:58:44.336+0300] {dag.py:3096} INFO - Sync 1 DAGs
[2026-06-21T21:58:44.353+0300] {logging_mixin.py:188} INFO - [2026-06-21T21:58:44.353+0300] {dag.py:3954} INFO - Setting next_dagrun for example_setup_teardown to 2026-06-20 00:00:00+00:00, run_after=2026-06-21 00:00:00+00:00
[2026-06-21T21:58:44.399+0300] {processor.py:183} INFO - Processing /media/data/omar/programming course/DEPI/DEPI project/anomx/venv/lib/python3.12/site-packages/airflow/example_dags/example_setup_teardown.py took 0.109 seconds
[2026-06-21T21:59:40.687+0300] {processor.py:161} INFO - Started process (PID=17373) to work on /media/data/omar/programming course/DEPI/DEPI project/anomx/venv/lib/python3.12/site-packages/airflow/example_dags/example_setup_teardown.py
[2026-06-21T21:59:40.689+0300] {processor.py:830} INFO - Processing file /media/data/omar/programming course/DEPI/DEPI project/anomx/venv/lib/python3.12/site-packages/airflow/example_dags/example_setup_teardown.py for tasks to queue
[2026-06-21T21:59:40.694+0300] {logging_mixin.py:188} INFO - [2026-06-21T21:59:40.692+0300] {dagbag.py:540} INFO - Filling up the DagBag from /media/data/omar/programming course/DEPI/DEPI project/anomx/venv/lib/python3.12/site-packages/airflow/example_dags/example_setup_teardown.py
[2026-06-21T21:59:40.708+0300] {processor.py:840} INFO - DAG(s) 'example_setup_teardown' retrieved from /media/data/omar/programming course/DEPI/DEPI project/anomx/venv/lib/python3.12/site-packages/airflow/example_dags/example_setup_teardown.py
[2026-06-21T21:59:40.729+0300] {logging_mixin.py:188} INFO - [2026-06-21T21:59:40.728+0300] {dag.py:3096} INFO - Sync 1 DAGs
[2026-06-21T21:59:40.749+0300] {logging_mixin.py:188} INFO - [2026-06-21T21:59:40.748+0300] {dag.py:3954} INFO - Setting next_dagrun for example_setup_teardown to 2026-06-20 00:00:00+00:00, run_after=2026-06-21 00:00:00+00:00
[2026-06-21T21:59:40.776+0300] {processor.py:183} INFO - Processing /media/data/omar/programming course/DEPI/DEPI project/anomx/venv/lib/python3.12/site-packages/airflow/example_dags/example_setup_teardown.py took 0.101 seconds
[2026-06-21T22:00:38.393+0300] {processor.py:161} INFO - Started process (PID=17459) to work on /media/data/omar/programming course/DEPI/DEPI project/anomx/venv/lib/python3.12/site-packages/airflow/example_dags/example_setup_teardown.py
[2026-06-21T22:00:38.395+0300] {processor.py:830} INFO - Processing file /media/data/omar/programming course/DEPI/DEPI project/anomx/venv/lib/python3.12/site-packages/airflow/example_dags/example_setup_teardown.py for tasks to queue
[2026-06-21T22:00:38.399+0300] {logging_mixin.py:188} INFO - [2026-06-21T22:00:38.398+0300] {dagbag.py:540} INFO - Filling up the DagBag from /media/data/omar/programming course/DEPI/DEPI project/anomx/venv/lib/python3.12/site-packages/airflow/example_dags/example_setup_teardown.py
[2026-06-21T22:00:38.418+0300] {processor.py:840} INFO - DAG(s) 'example_setup_teardown' retrieved from /media/data/omar/programming course/DEPI/DEPI project/anomx/venv/lib/python3.12/site-packages/airflow/example_dags/example_setup_teardown.py
[2026-06-21T22:00:38.443+0300] {logging_mixin.py:188} INFO - [2026-06-21T22:00:38.442+0300] {dag.py:3096} INFO - Sync 1 DAGs
[2026-06-21T22:00:38.466+0300] {logging_mixin.py:188} INFO - [2026-06-21T22:00:38.465+0300] {dag.py:3954} INFO - Setting next_dagrun for example_setup_teardown to 2026-06-20 00:00:00+00:00, run_after=2026-06-21 00:00:00+00:00
[2026-06-21T22:00:38.493+0300] {processor.py:183} INFO - Processing /media/data/omar/programming course/DEPI/DEPI project/anomx/venv/lib/python3.12/site-packages/airflow/example_dags/example_setup_teardown.py took 0.119 seconds
[2026-06-21T22:01:35.779+0300] {processor.py:161} INFO - Started process (PID=17552) to work on /media/data/omar/programming course/DEPI/DEPI project/anomx/venv/lib/python3.12/site-packages/airflow/example_dags/example_setup_teardown.py
[2026-06-21T22:01:35.782+0300] {processor.py:830} INFO - Processing file /media/data/omar/programming course/DEPI/DEPI project/anomx/venv/lib/python3.12/site-packages/airflow/example_dags/example_setup_teardown.py for tasks to queue
[2026-06-21T22:01:35.788+0300] {logging_mixin.py:188} INFO - [2026-06-21T22:01:35.786+0300] {dagbag.py:540} INFO - Filling up the DagBag from /media/data/omar/programming course/DEPI/DEPI project/anomx/venv/lib/python3.12/site-packages/airflow/example_dags/example_setup_teardown.py
[2026-06-21T22:01:35.816+0300] {processor.py:840} INFO - DAG(s) 'example_setup_teardown' retrieved from /media/data/omar/programming course/DEPI/DEPI project/anomx/venv/lib/python3.12/site-packages/airflow/example_dags/example_setup_teardown.py
[2026-06-21T22:01:35.845+0300] {logging_mixin.py:188} INFO - [2026-06-21T22:01:35.844+0300] {dag.py:3096} INFO - Sync 1 DAGs
[2026-06-21T22:01:35.862+0300] {logging_mixin.py:188} INFO - [2026-06-21T22:01:35.862+0300] {dag.py:3954} INFO - Setting next_dagrun for example_setup_teardown to 2026-06-20 00:00:00+00:00, run_after=2026-06-21 00:00:00+00:00
[2026-06-21T22:01:35.891+0300] {processor.py:183} INFO - Processing /media/data/omar/programming course/DEPI/DEPI project/anomx/venv/lib/python3.12/site-packages/airflow/example_dags/example_setup_teardown.py took 0.131 seconds
[2026-06-21T22:02:33.753+0300] {processor.py:161} INFO - Started process (PID=17642) to work on /media/data/omar/programming course/DEPI/DEPI project/anomx/venv/lib/python3.12/site-packages/airflow/example_dags/example_setup_teardown.py
[2026-06-21T22:02:33.755+0300] {processor.py:830} INFO - Processing file /media/data/omar/programming course/DEPI/DEPI project/anomx/venv/lib/python3.12/site-packages/airflow/example_dags/example_setup_teardown.py for tasks to queue
[2026-06-21T22:02:33.760+0300] {logging_mixin.py:188} INFO - [2026-06-21T22:02:33.758+0300] {dagbag.py:540} INFO - Filling up the DagBag from /media/data/omar/programming course/DEPI/DEPI project/anomx/venv/lib/python3.12/site-packages/airflow/example_dags/example_setup_teardown.py
[2026-06-21T22:02:33.771+0300] {processor.py:840} INFO - DAG(s) 'example_setup_teardown' retrieved from /media/data/omar/programming course/DEPI/DEPI project/anomx/venv/lib/python3.12/site-packages/airflow/example_dags/example_setup_teardown.py
[2026-06-21T22:02:33.787+0300] {logging_mixin.py:188} INFO - [2026-06-21T22:02:33.787+0300] {dag.py:3096} INFO - Sync 1 DAGs
[2026-06-21T22:02:33.805+0300] {logging_mixin.py:188} INFO - [2026-06-21T22:02:33.804+0300] {dag.py:3954} INFO - Setting next_dagrun for example_setup_teardown to 2026-06-20 00:00:00+00:00, run_after=2026-06-21 00:00:00+00:00
[2026-06-21T22:02:33.831+0300] {processor.py:183} INFO - Processing /media/data/omar/programming course/DEPI/DEPI project/anomx/venv/lib/python3.12/site-packages/airflow/example_dags/example_setup_teardown.py took 0.097 seconds
[2026-06-21T22:03:32.405+0300] {processor.py:161} INFO - Started process (PID=17798) to work on /media/data/omar/programming course/DEPI/DEPI project/anomx/venv/lib/python3.12/site-packages/airflow/example_dags/example_setup_teardown.py
[2026-06-21T22:03:32.406+0300] {processor.py:830} INFO - Processing file /media/data/omar/programming course/DEPI/DEPI project/anomx/venv/lib/python3.12/site-packages/airflow/example_dags/example_setup_teardown.py for tasks to queue
[2026-06-21T22:03:32.408+0300] {logging_mixin.py:188} INFO - [2026-06-21T22:03:32.408+0300] {dagbag.py:540} INFO - Filling up the DagBag from /media/data/omar/programming course/DEPI/DEPI project/anomx/venv/lib/python3.12/site-packages/airflow/example_dags/example_setup_teardown.py
[2026-06-21T22:03:32.416+0300] {processor.py:840} INFO - DAG(s) 'example_setup_teardown' retrieved from /media/data/omar/programming course/DEPI/DEPI project/anomx/venv/lib/python3.12/site-packages/airflow/example_dags/example_setup_teardown.py
[2026-06-21T22:03:32.433+0300] {logging_mixin.py:188} INFO - [2026-06-21T22:03:32.433+0300] {dag.py:3096} INFO - Sync 1 DAGs
[2026-06-21T22:03:32.452+0300] {logging_mixin.py:188} INFO - [2026-06-21T22:03:32.452+0300] {dag.py:3954} INFO - Setting next_dagrun for example_setup_teardown to 2026-06-20 00:00:00+00:00, run_after=2026-06-21 00:00:00+00:00
[2026-06-21T22:03:32.483+0300] {processor.py:183} INFO - Processing /media/data/omar/programming course/DEPI/DEPI project/anomx/venv/lib/python3.12/site-packages/airflow/example_dags/example_setup_teardown.py took 0.083 seconds
[2026-06-21T22:04:23.466+0300] {processor.py:161} INFO - Started process (PID=17889) to work on /media/data/omar/programming course/DEPI/DEPI project/anomx/venv/lib/python3.12/site-packages/airflow/example_dags/example_setup_teardown.py
[2026-06-21T22:04:23.469+0300] {processor.py:830} INFO - Processing file /media/data/omar/programming course/DEPI/DEPI project/anomx/venv/lib/python3.12/site-packages/airflow/example_dags/example_setup_teardown.py for tasks to queue
[2026-06-21T22:04:23.474+0300] {logging_mixin.py:188} INFO - [2026-06-21T22:04:23.473+0300] {dagbag.py:540} INFO - Filling up the DagBag from /media/data/omar/programming course/DEPI/DEPI project/anomx/venv/lib/python3.12/site-packages/airflow/example_dags/example_setup_teardown.py
[2026-06-21T22:04:23.495+0300] {processor.py:840} INFO - DAG(s) 'example_setup_teardown' retrieved from /media/data/omar/programming course/DEPI/DEPI project/anomx/venv/lib/python3.12/site-packages/airflow/example_dags/example_setup_teardown.py
[2026-06-21T22:04:23.514+0300] {logging_mixin.py:188} INFO - [2026-06-21T22:04:23.513+0300] {dag.py:3096} INFO - Sync 1 DAGs
[2026-06-21T22:04:23.532+0300] {logging_mixin.py:188} INFO - [2026-06-21T22:04:23.531+0300] {dag.py:3954} INFO - Setting next_dagrun for example_setup_teardown to 2026-06-20 00:00:00+00:00, run_after=2026-06-21 00:00:00+00:00
[2026-06-21T22:04:23.642+0300] {processor.py:183} INFO - Processing /media/data/omar/programming course/DEPI/DEPI project/anomx/venv/lib/python3.12/site-packages/airflow/example_dags/example_setup_teardown.py took 0.195 seconds
[2026-06-21T22:05:20.313+0300] {processor.py:161} INFO - Started process (PID=17972) to work on /media/data/omar/programming course/DEPI/DEPI project/anomx/venv/lib/python3.12/site-packages/airflow/example_dags/example_setup_teardown.py
[2026-06-21T22:05:20.314+0300] {processor.py:830} INFO - Processing file /media/data/omar/programming course/DEPI/DEPI project/anomx/venv/lib/python3.12/site-packages/airflow/example_dags/example_setup_teardown.py for tasks to queue
[2026-06-21T22:05:20.317+0300] {logging_mixin.py:188} INFO - [2026-06-21T22:05:20.317+0300] {dagbag.py:540} INFO - Filling up the DagBag from /media/data/omar/programming course/DEPI/DEPI project/anomx/venv/lib/python3.12/site-packages/airflow/example_dags/example_setup_teardown.py
[2026-06-21T22:05:20.328+0300] {processor.py:840} INFO - DAG(s) 'example_setup_teardown' retrieved from /media/data/omar/programming course/DEPI/DEPI project/anomx/venv/lib/python3.12/site-packages/airflow/example_dags/example_setup_teardown.py
[2026-06-21T22:05:20.344+0300] {logging_mixin.py:188} INFO - [2026-06-21T22:05:20.343+0300] {dag.py:3096} INFO - Sync 1 DAGs
[2026-06-21T22:05:20.360+0300] {logging_mixin.py:188} INFO - [2026-06-21T22:05:20.360+0300] {dag.py:3954} INFO - Setting next_dagrun for example_setup_teardown to 2026-06-20 00:00:00+00:00, run_after=2026-06-21 00:00:00+00:00
[2026-06-21T22:05:20.388+0300] {processor.py:183} INFO - Processing /media/data/omar/programming course/DEPI/DEPI project/anomx/venv/lib/python3.12/site-packages/airflow/example_dags/example_setup_teardown.py took 0.090 seconds
[2026-06-21T22:06:17.142+0300] {processor.py:161} INFO - Started process (PID=18064) to work on /media/data/omar/programming course/DEPI/DEPI project/anomx/venv/lib/python3.12/site-packages/airflow/example_dags/example_setup_teardown.py
[2026-06-21T22:06:17.144+0300] {processor.py:830} INFO - Processing file /media/data/omar/programming course/DEPI/DEPI project/anomx/venv/lib/python3.12/site-packages/airflow/example_dags/example_setup_teardown.py for tasks to queue
[2026-06-21T22:06:17.147+0300] {logging_mixin.py:188} INFO - [2026-06-21T22:06:17.146+0300] {dagbag.py:540} INFO - Filling up the DagBag from /media/data/omar/programming course/DEPI/DEPI project/anomx/venv/lib/python3.12/site-packages/airflow/example_dags/example_setup_teardown.py
[2026-06-21T22:06:17.161+0300] {processor.py:840} INFO - DAG(s) 'example_setup_teardown' retrieved from /media/data/omar/programming course/DEPI/DEPI project/anomx/venv/lib/python3.12/site-packages/airflow/example_dags/example_setup_teardown.py
[2026-06-21T22:06:17.187+0300] {logging_mixin.py:188} INFO - [2026-06-21T22:06:17.186+0300] {dag.py:3096} INFO - Sync 1 DAGs
[2026-06-21T22:06:17.204+0300] {logging_mixin.py:188} INFO - [2026-06-21T22:06:17.204+0300] {dag.py:3954} INFO - Setting next_dagrun for example_setup_teardown to 2026-06-20 00:00:00+00:00, run_after=2026-06-21 00:00:00+00:00
[2026-06-21T22:06:17.231+0300] {processor.py:183} INFO - Processing /media/data/omar/programming course/DEPI/DEPI project/anomx/venv/lib/python3.12/site-packages/airflow/example_dags/example_setup_teardown.py took 0.099 seconds
[2026-06-21T22:07:14.644+0300] {processor.py:161} INFO - Started process (PID=18154) to work on /media/data/omar/programming course/DEPI/DEPI project/anomx/venv/lib/python3.12/site-packages/airflow/example_dags/example_setup_teardown.py
[2026-06-21T22:07:14.646+0300] {processor.py:830} INFO - Processing file /media/data/omar/programming course/DEPI/DEPI project/anomx/venv/lib/python3.12/site-packages/airflow/example_dags/example_setup_teardown.py for tasks to queue
[2026-06-21T22:07:14.651+0300] {logging_mixin.py:188} INFO - [2026-06-21T22:07:14.650+0300] {dagbag.py:540} INFO - Filling up the DagBag from /media/data/omar/programming course/DEPI/DEPI project/anomx/venv/lib/python3.12/site-packages/airflow/example_dags/example_setup_teardown.py
[2026-06-21T22:07:14.668+0300] {processor.py:840} INFO - DAG(s) 'example_setup_teardown' retrieved from /media/data/omar/programming course/DEPI/DEPI project/anomx/venv/lib/python3.12/site-packages/airflow/example_dags/example_setup_teardown.py
[2026-06-21T22:07:14.694+0300] {logging_mixin.py:188} INFO - [2026-06-21T22:07:14.693+0300] {dag.py:3096} INFO - Sync 1 DAGs
[2026-06-21T22:07:14.711+0300] {logging_mixin.py:188} INFO - [2026-06-21T22:07:14.710+0300] {dag.py:3954} INFO - Setting next_dagrun for example_setup_teardown to 2026-06-20 00:00:00+00:00, run_after=2026-06-21 00:00:00+00:00
[2026-06-21T22:07:14.816+0300] {processor.py:183} INFO - Processing /media/data/omar/programming course/DEPI/DEPI project/anomx/venv/lib/python3.12/site-packages/airflow/example_dags/example_setup_teardown.py took 0.184 seconds
[2026-06-21T22:08:14.009+0300] {processor.py:161} INFO - Started process (PID=18245) to work on /media/data/omar/programming course/DEPI/DEPI project/anomx/venv/lib/python3.12/site-packages/airflow/example_dags/example_setup_teardown.py
[2026-06-21T22:08:14.012+0300] {processor.py:830} INFO - Processing file /media/data/omar/programming course/DEPI/DEPI project/anomx/venv/lib/python3.12/site-packages/airflow/example_dags/example_setup_teardown.py for tasks to queue
[2026-06-21T22:08:14.017+0300] {logging_mixin.py:188} INFO - [2026-06-21T22:08:14.015+0300] {dagbag.py:540} INFO - Filling up the DagBag from /media/data/omar/programming course/DEPI/DEPI project/anomx/venv/lib/python3.12/site-packages/airflow/example_dags/example_setup_teardown.py
[2026-06-21T22:08:14.029+0300] {processor.py:840} INFO - DAG(s) 'example_setup_teardown' retrieved from /media/data/omar/programming course/DEPI/DEPI project/anomx/venv/lib/python3.12/site-packages/airflow/example_dags/example_setup_teardown.py
[2026-06-21T22:08:14.045+0300] {logging_mixin.py:188} INFO - [2026-06-21T22:08:14.045+0300] {dag.py:3096} INFO - Sync 1 DAGs
[2026-06-21T22:08:14.061+0300] {logging_mixin.py:188} INFO - [2026-06-21T22:08:14.061+0300] {dag.py:3954} INFO - Setting next_dagrun for example_setup_teardown to 2026-06-20 00:00:00+00:00, run_after=2026-06-21 00:00:00+00:00
[2026-06-21T22:08:14.091+0300] {processor.py:183} INFO - Processing /media/data/omar/programming course/DEPI/DEPI project/anomx/venv/lib/python3.12/site-packages/airflow/example_dags/example_setup_teardown.py took 0.103 seconds
[2026-06-21T22:09:09.696+0300] {processor.py:161} INFO - Started process (PID=18336) to work on /media/data/omar/programming course/DEPI/DEPI project/anomx/venv/lib/python3.12/site-packages/airflow/example_dags/example_setup_teardown.py
[2026-06-21T22:09:09.698+0300] {processor.py:830} INFO - Processing file /media/data/omar/programming course/DEPI/DEPI project/anomx/venv/lib/python3.12/site-packages/airflow/example_dags/example_setup_teardown.py for tasks to queue
[2026-06-21T22:09:09.701+0300] {logging_mixin.py:188} INFO - [2026-06-21T22:09:09.700+0300] {dagbag.py:540} INFO - Filling up the DagBag from /media/data/omar/programming course/DEPI/DEPI project/anomx/venv/lib/python3.12/site-packages/airflow/example_dags/example_setup_teardown.py
[2026-06-21T22:09:09.711+0300] {processor.py:840} INFO - DAG(s) 'example_setup_teardown' retrieved from /media/data/omar/programming course/DEPI/DEPI project/anomx/venv/lib/python3.12/site-packages/airflow/example_dags/example_setup_teardown.py
[2026-06-21T22:09:09.726+0300] {logging_mixin.py:188} INFO - [2026-06-21T22:09:09.726+0300] {dag.py:3096} INFO - Sync 1 DAGs
[2026-06-21T22:09:09.742+0300] {logging_mixin.py:188} INFO - [2026-06-21T22:09:09.742+0300] {dag.py:3954} INFO - Setting next_dagrun for example_setup_teardown to 2026-06-20 00:00:00+00:00, run_after=2026-06-21 00:00:00+00:00
[2026-06-21T22:09:09.770+0300] {processor.py:183} INFO - Processing /media/data/omar/programming course/DEPI/DEPI project/anomx/venv/lib/python3.12/site-packages/airflow/example_dags/example_setup_teardown.py took 0.089 seconds
[2026-06-21T22:10:12.165+0300] {processor.py:161} INFO - Started process (PID=18626) to work on /media/data/omar/programming course/DEPI/DEPI project/anomx/venv/lib/python3.12/site-packages/airflow/example_dags/example_setup_teardown.py
[2026-06-21T22:10:12.166+0300] {processor.py:830} INFO - Processing file /media/data/omar/programming course/DEPI/DEPI project/anomx/venv/lib/python3.12/site-packages/airflow/example_dags/example_setup_teardown.py for tasks to queue
[2026-06-21T22:10:12.168+0300] {logging_mixin.py:188} INFO - [2026-06-21T22:10:12.167+0300] {dagbag.py:540} INFO - Filling up the DagBag from /media/data/omar/programming course/DEPI/DEPI project/anomx/venv/lib/python3.12/site-packages/airflow/example_dags/example_setup_teardown.py
[2026-06-21T22:10:12.183+0300] {processor.py:840} INFO - DAG(s) 'example_setup_teardown' retrieved from /media/data/omar/programming course/DEPI/DEPI project/anomx/venv/lib/python3.12/site-packages/airflow/example_dags/example_setup_teardown.py
[2026-06-21T22:10:12.213+0300] {logging_mixin.py:188} INFO - [2026-06-21T22:10:12.212+0300] {dag.py:3096} INFO - Sync 1 DAGs
[2026-06-21T22:10:12.401+0300] {logging_mixin.py:188} INFO - [2026-06-21T22:10:12.400+0300] {dag.py:3954} INFO - Setting next_dagrun for example_setup_teardown to 2026-06-20 00:00:00+00:00, run_after=2026-06-21 00:00:00+00:00
[2026-06-21T22:10:12.447+0300] {processor.py:183} INFO - Processing /media/data/omar/programming course/DEPI/DEPI project/anomx/venv/lib/python3.12/site-packages/airflow/example_dags/example_setup_teardown.py took 0.298 seconds
[2026-06-21T22:11:15.683+0300] {processor.py:161} INFO - Started process (PID=18812) to work on /media/data/omar/programming course/DEPI/DEPI project/anomx/venv/lib/python3.12/site-packages/airflow/example_dags/example_setup_teardown.py
[2026-06-21T22:11:15.685+0300] {processor.py:830} INFO - Processing file /media/data/omar/programming course/DEPI/DEPI project/anomx/venv/lib/python3.12/site-packages/airflow/example_dags/example_setup_teardown.py for tasks to queue
[2026-06-21T22:11:15.691+0300] {logging_mixin.py:188} INFO - [2026-06-21T22:11:15.688+0300] {dagbag.py:540} INFO - Filling up the DagBag from /media/data/omar/programming course/DEPI/DEPI project/anomx/venv/lib/python3.12/site-packages/airflow/example_dags/example_setup_teardown.py
[2026-06-21T22:11:15.701+0300] {processor.py:840} INFO - DAG(s) 'example_setup_teardown' retrieved from /media/data/omar/programming course/DEPI/DEPI project/anomx/venv/lib/python3.12/site-packages/airflow/example_dags/example_setup_teardown.py
[2026-06-21T22:11:15.720+0300] {logging_mixin.py:188} INFO - [2026-06-21T22:11:15.719+0300] {dag.py:3096} INFO - Sync 1 DAGs
[2026-06-21T22:11:15.739+0300] {logging_mixin.py:188} INFO - [2026-06-21T22:11:15.739+0300] {dag.py:3954} INFO - Setting next_dagrun for example_setup_teardown to 2026-06-20 00:00:00+00:00, run_after=2026-06-21 00:00:00+00:00
[2026-06-21T22:11:15.772+0300] {processor.py:183} INFO - Processing /media/data/omar/programming course/DEPI/DEPI project/anomx/venv/lib/python3.12/site-packages/airflow/example_dags/example_setup_teardown.py took 0.105 seconds
[2026-06-21T22:12:07.038+0300] {processor.py:161} INFO - Started process (PID=18897) to work on /media/data/omar/programming course/DEPI/DEPI project/anomx/venv/lib/python3.12/site-packages/airflow/example_dags/example_setup_teardown.py
[2026-06-21T22:12:07.040+0300] {processor.py:830} INFO - Processing file /media/data/omar/programming course/DEPI/DEPI project/anomx/venv/lib/python3.12/site-packages/airflow/example_dags/example_setup_teardown.py for tasks to queue
[2026-06-21T22:12:07.043+0300] {logging_mixin.py:188} INFO - [2026-06-21T22:12:07.042+0300] {dagbag.py:540} INFO - Filling up the DagBag from /media/data/omar/programming course/DEPI/DEPI project/anomx/venv/lib/python3.12/site-packages/airflow/example_dags/example_setup_teardown.py
[2026-06-21T22:12:07.055+0300] {processor.py:840} INFO - DAG(s) 'example_setup_teardown' retrieved from /media/data/omar/programming course/DEPI/DEPI project/anomx/venv/lib/python3.12/site-packages/airflow/example_dags/example_setup_teardown.py
[2026-06-21T22:12:07.078+0300] {logging_mixin.py:188} INFO - [2026-06-21T22:12:07.077+0300] {dag.py:3096} INFO - Sync 1 DAGs
[2026-06-21T22:12:07.097+0300] {logging_mixin.py:188} INFO - [2026-06-21T22:12:07.096+0300] {dag.py:3954} INFO - Setting next_dagrun for example_setup_teardown to 2026-06-20 00:00:00+00:00, run_after=2026-06-21 00:00:00+00:00
[2026-06-21T22:12:07.124+0300] {processor.py:183} INFO - Processing /media/data/omar/programming course/DEPI/DEPI project/anomx/venv/lib/python3.12/site-packages/airflow/example_dags/example_setup_teardown.py took 0.110 seconds
[2026-06-21T22:13:02.763+0300] {processor.py:161} INFO - Started process (PID=18992) to work on /media/data/omar/programming course/DEPI/DEPI project/anomx/venv/lib/python3.12/site-packages/airflow/example_dags/example_setup_teardown.py
[2026-06-21T22:13:02.764+0300] {processor.py:830} INFO - Processing file /media/data/omar/programming course/DEPI/DEPI project/anomx/venv/lib/python3.12/site-packages/airflow/example_dags/example_setup_teardown.py for tasks to queue
[2026-06-21T22:13:02.766+0300] {logging_mixin.py:188} INFO - [2026-06-21T22:13:02.765+0300] {dagbag.py:540} INFO - Filling up the DagBag from /media/data/omar/programming course/DEPI/DEPI project/anomx/venv/lib/python3.12/site-packages/airflow/example_dags/example_setup_teardown.py
[2026-06-21T22:13:02.772+0300] {processor.py:840} INFO - DAG(s) 'example_setup_teardown' retrieved from /media/data/omar/programming course/DEPI/DEPI project/anomx/venv/lib/python3.12/site-packages/airflow/example_dags/example_setup_teardown.py
[2026-06-21T22:13:02.786+0300] {logging_mixin.py:188} INFO - [2026-06-21T22:13:02.786+0300] {dag.py:3096} INFO - Sync 1 DAGs
[2026-06-21T22:13:02.801+0300] {logging_mixin.py:188} INFO - [2026-06-21T22:13:02.801+0300] {dag.py:3954} INFO - Setting next_dagrun for example_setup_teardown to 2026-06-20 00:00:00+00:00, run_after=2026-06-21 00:00:00+00:00
[2026-06-21T22:13:02.826+0300] {processor.py:183} INFO - Processing /media/data/omar/programming course/DEPI/DEPI project/anomx/venv/lib/python3.12/site-packages/airflow/example_dags/example_setup_teardown.py took 0.068 seconds
[2026-06-21T22:13:49.020+0300] {processor.py:161} INFO - Started process (PID=19123) to work on /media/data/omar/programming course/DEPI/DEPI project/anomx/venv/lib/python3.12/site-packages/airflow/example_dags/example_setup_teardown.py
[2026-06-21T22:13:49.021+0300] {processor.py:830} INFO - Processing file /media/data/omar/programming course/DEPI/DEPI project/anomx/venv/lib/python3.12/site-packages/airflow/example_dags/example_setup_teardown.py for tasks to queue
[2026-06-21T22:13:49.023+0300] {logging_mixin.py:188} INFO - [2026-06-21T22:13:49.022+0300] {dagbag.py:540} INFO - Filling up the DagBag from /media/data/omar/programming course/DEPI/DEPI project/anomx/venv/lib/python3.12/site-packages/airflow/example_dags/example_setup_teardown.py
[2026-06-21T22:13:49.032+0300] {processor.py:840} INFO - DAG(s) 'example_setup_teardown' retrieved from /media/data/omar/programming course/DEPI/DEPI project/anomx/venv/lib/python3.12/site-packages/airflow/example_dags/example_setup_teardown.py
[2026-06-21T22:13:49.049+0300] {logging_mixin.py:188} INFO - [2026-06-21T22:13:49.049+0300] {dag.py:3096} INFO - Sync 1 DAGs
[2026-06-21T22:13:49.068+0300] {logging_mixin.py:188} INFO - [2026-06-21T22:13:49.068+0300] {dag.py:3954} INFO - Setting next_dagrun for example_setup_teardown to 2026-06-20 00:00:00+00:00, run_after=2026-06-21 00:00:00+00:00
[2026-06-21T22:13:49.101+0300] {processor.py:183} INFO - Processing /media/data/omar/programming course/DEPI/DEPI project/anomx/venv/lib/python3.12/site-packages/airflow/example_dags/example_setup_teardown.py took 0.085 seconds
[2026-06-21T22:14:47.974+0300] {processor.py:161} INFO - Started process (PID=19220) to work on /media/data/omar/programming course/DEPI/DEPI project/anomx/venv/lib/python3.12/site-packages/airflow/example_dags/example_setup_teardown.py
[2026-06-21T22:14:47.976+0300] {processor.py:830} INFO - Processing file /media/data/omar/programming course/DEPI/DEPI project/anomx/venv/lib/python3.12/site-packages/airflow/example_dags/example_setup_teardown.py for tasks to queue
[2026-06-21T22:14:47.979+0300] {logging_mixin.py:188} INFO - [2026-06-21T22:14:47.979+0300] {dagbag.py:540} INFO - Filling up the DagBag from /media/data/omar/programming course/DEPI/DEPI project/anomx/venv/lib/python3.12/site-packages/airflow/example_dags/example_setup_teardown.py
[2026-06-21T22:14:48.000+0300] {processor.py:840} INFO - DAG(s) 'example_setup_teardown' retrieved from /media/data/omar/programming course/DEPI/DEPI project/anomx/venv/lib/python3.12/site-packages/airflow/example_dags/example_setup_teardown.py
[2026-06-21T22:14:48.052+0300] {logging_mixin.py:188} INFO - [2026-06-21T22:14:48.052+0300] {dag.py:3096} INFO - Sync 1 DAGs
[2026-06-21T22:14:48.106+0300] {logging_mixin.py:188} INFO - [2026-06-21T22:14:48.104+0300] {dag.py:3954} INFO - Setting next_dagrun for example_setup_teardown to 2026-06-20 00:00:00+00:00, run_after=2026-06-21 00:00:00+00:00
[2026-06-21T22:14:48.160+0300] {processor.py:183} INFO - Processing /media/data/omar/programming course/DEPI/DEPI project/anomx/venv/lib/python3.12/site-packages/airflow/example_dags/example_setup_teardown.py took 0.197 seconds
[2026-06-21T22:15:43.690+0300] {processor.py:161} INFO - Started process (PID=19442) to work on /media/data/omar/programming course/DEPI/DEPI project/anomx/venv/lib/python3.12/site-packages/airflow/example_dags/example_setup_teardown.py
[2026-06-21T22:15:43.691+0300] {processor.py:830} INFO - Processing file /media/data/omar/programming course/DEPI/DEPI project/anomx/venv/lib/python3.12/site-packages/airflow/example_dags/example_setup_teardown.py for tasks to queue
[2026-06-21T22:15:43.694+0300] {logging_mixin.py:188} INFO - [2026-06-21T22:15:43.694+0300] {dagbag.py:540} INFO - Filling up the DagBag from /media/data/omar/programming course/DEPI/DEPI project/anomx/venv/lib/python3.12/site-packages/airflow/example_dags/example_setup_teardown.py
[2026-06-21T22:15:43.707+0300] {processor.py:840} INFO - DAG(s) 'example_setup_teardown' retrieved from /media/data/omar/programming course/DEPI/DEPI project/anomx/venv/lib/python3.12/site-packages/airflow/example_dags/example_setup_teardown.py
[2026-06-21T22:15:43.737+0300] {logging_mixin.py:188} INFO - [2026-06-21T22:15:43.736+0300] {dag.py:3096} INFO - Sync 1 DAGs
[2026-06-21T22:15:43.779+0300] {logging_mixin.py:188} INFO - [2026-06-21T22:15:43.779+0300] {dag.py:3954} INFO - Setting next_dagrun for example_setup_teardown to 2026-06-20 00:00:00+00:00, run_after=2026-06-21 00:00:00+00:00
[2026-06-21T22:15:43.842+0300] {processor.py:183} INFO - Processing /media/data/omar/programming course/DEPI/DEPI project/anomx/venv/lib/python3.12/site-packages/airflow/example_dags/example_setup_teardown.py took 0.169 seconds
[2026-06-21T22:16:40.602+0300] {processor.py:161} INFO - Started process (PID=19710) to work on /media/data/omar/programming course/DEPI/DEPI project/anomx/venv/lib/python3.12/site-packages/airflow/example_dags/example_setup_teardown.py
[2026-06-21T22:16:40.604+0300] {processor.py:830} INFO - Processing file /media/data/omar/programming course/DEPI/DEPI project/anomx/venv/lib/python3.12/site-packages/airflow/example_dags/example_setup_teardown.py for tasks to queue
[2026-06-21T22:16:40.606+0300] {logging_mixin.py:188} INFO - [2026-06-21T22:16:40.605+0300] {dagbag.py:540} INFO - Filling up the DagBag from /media/data/omar/programming course/DEPI/DEPI project/anomx/venv/lib/python3.12/site-packages/airflow/example_dags/example_setup_teardown.py
[2026-06-21T22:16:40.614+0300] {processor.py:840} INFO - DAG(s) 'example_setup_teardown' retrieved from /media/data/omar/programming course/DEPI/DEPI project/anomx/venv/lib/python3.12/site-packages/airflow/example_dags/example_setup_teardown.py
[2026-06-21T22:16:40.629+0300] {logging_mixin.py:188} INFO - [2026-06-21T22:16:40.629+0300] {dag.py:3096} INFO - Sync 1 DAGs
[2026-06-21T22:16:40.648+0300] {logging_mixin.py:188} INFO - [2026-06-21T22:16:40.647+0300] {dag.py:3954} INFO - Setting next_dagrun for example_setup_teardown to 2026-06-20 00:00:00+00:00, run_after=2026-06-21 00:00:00+00:00
[2026-06-21T22:16:40.676+0300] {processor.py:183} INFO - Processing /media/data/omar/programming course/DEPI/DEPI project/anomx/venv/lib/python3.12/site-packages/airflow/example_dags/example_setup_teardown.py took 0.083 seconds
[2026-06-21T22:17:40.788+0300] {processor.py:161} INFO - Started process (PID=19884) to work on /media/data/omar/programming course/DEPI/DEPI project/anomx/venv/lib/python3.12/site-packages/airflow/example_dags/example_setup_teardown.py
[2026-06-21T22:17:40.790+0300] {processor.py:830} INFO - Processing file /media/data/omar/programming course/DEPI/DEPI project/anomx/venv/lib/python3.12/site-packages/airflow/example_dags/example_setup_teardown.py for tasks to queue
[2026-06-21T22:17:40.794+0300] {logging_mixin.py:188} INFO - [2026-06-21T22:17:40.793+0300] {dagbag.py:540} INFO - Filling up the DagBag from /media/data/omar/programming course/DEPI/DEPI project/anomx/venv/lib/python3.12/site-packages/airflow/example_dags/example_setup_teardown.py
[2026-06-21T22:17:40.807+0300] {processor.py:840} INFO - DAG(s) 'example_setup_teardown' retrieved from /media/data/omar/programming course/DEPI/DEPI project/anomx/venv/lib/python3.12/site-packages/airflow/example_dags/example_setup_teardown.py
[2026-06-21T22:17:40.824+0300] {logging_mixin.py:188} INFO - [2026-06-21T22:17:40.824+0300] {dag.py:3096} INFO - Sync 1 DAGs
[2026-06-21T22:17:40.841+0300] {logging_mixin.py:188} INFO - [2026-06-21T22:17:40.840+0300] {dag.py:3954} INFO - Setting next_dagrun for example_setup_teardown to 2026-06-20 00:00:00+00:00, run_after=2026-06-21 00:00:00+00:00
[2026-06-21T22:17:40.868+0300] {processor.py:183} INFO - Processing /media/data/omar/programming course/DEPI/DEPI project/anomx/venv/lib/python3.12/site-packages/airflow/example_dags/example_setup_teardown.py took 0.094 seconds
[2026-06-21T22:18:39.183+0300] {processor.py:161} INFO - Started process (PID=19983) to work on /media/data/omar/programming course/DEPI/DEPI project/anomx/venv/lib/python3.12/site-packages/airflow/example_dags/example_setup_teardown.py
[2026-06-21T22:18:39.184+0300] {processor.py:830} INFO - Processing file /media/data/omar/programming course/DEPI/DEPI project/anomx/venv/lib/python3.12/site-packages/airflow/example_dags/example_setup_teardown.py for tasks to queue
[2026-06-21T22:18:39.187+0300] {logging_mixin.py:188} INFO - [2026-06-21T22:18:39.186+0300] {dagbag.py:540} INFO - Filling up the DagBag from /media/data/omar/programming course/DEPI/DEPI project/anomx/venv/lib/python3.12/site-packages/airflow/example_dags/example_setup_teardown.py
[2026-06-21T22:18:39.195+0300] {processor.py:840} INFO - DAG(s) 'example_setup_teardown' retrieved from /media/data/omar/programming course/DEPI/DEPI project/anomx/venv/lib/python3.12/site-packages/airflow/example_dags/example_setup_teardown.py
[2026-06-21T22:18:39.216+0300] {logging_mixin.py:188} INFO - [2026-06-21T22:18:39.215+0300] {dag.py:3096} INFO - Sync 1 DAGs
[2026-06-21T22:18:39.240+0300] {logging_mixin.py:188} INFO - [2026-06-21T22:18:39.240+0300] {dag.py:3954} INFO - Setting next_dagrun for example_setup_teardown to 2026-06-20 00:00:00+00:00, run_after=2026-06-21 00:00:00+00:00
[2026-06-21T22:18:39.278+0300] {processor.py:183} INFO - Processing /media/data/omar/programming course/DEPI/DEPI project/anomx/venv/lib/python3.12/site-packages/airflow/example_dags/example_setup_teardown.py took 0.102 seconds
[2026-06-21T22:19:35.140+0300] {processor.py:161} INFO - Started process (PID=20093) to work on /media/data/omar/programming course/DEPI/DEPI project/anomx/venv/lib/python3.12/site-packages/airflow/example_dags/example_setup_teardown.py
[2026-06-21T22:19:35.141+0300] {processor.py:830} INFO - Processing file /media/data/omar/programming course/DEPI/DEPI project/anomx/venv/lib/python3.12/site-packages/airflow/example_dags/example_setup_teardown.py for tasks to queue
[2026-06-21T22:19:35.144+0300] {logging_mixin.py:188} INFO - [2026-06-21T22:19:35.143+0300] {dagbag.py:540} INFO - Filling up the DagBag from /media/data/omar/programming course/DEPI/DEPI project/anomx/venv/lib/python3.12/site-packages/airflow/example_dags/example_setup_teardown.py
[2026-06-21T22:19:35.154+0300] {processor.py:840} INFO - DAG(s) 'example_setup_teardown' retrieved from /media/data/omar/programming course/DEPI/DEPI project/anomx/venv/lib/python3.12/site-packages/airflow/example_dags/example_setup_teardown.py
[2026-06-21T22:19:35.171+0300] {logging_mixin.py:188} INFO - [2026-06-21T22:19:35.171+0300] {dag.py:3096} INFO - Sync 1 DAGs
[2026-06-21T22:19:35.190+0300] {logging_mixin.py:188} INFO - [2026-06-21T22:19:35.190+0300] {dag.py:3954} INFO - Setting next_dagrun for example_setup_teardown to 2026-06-20 00:00:00+00:00, run_after=2026-06-21 00:00:00+00:00
[2026-06-21T22:19:35.221+0300] {processor.py:183} INFO - Processing /media/data/omar/programming course/DEPI/DEPI project/anomx/venv/lib/python3.12/site-packages/airflow/example_dags/example_setup_teardown.py took 0.088 seconds
[2026-06-21T22:21:08.823+0300] {processor.py:161} INFO - Started process (PID=20249) to work on /media/data/omar/programming course/DEPI/DEPI project/anomx/venv/lib/python3.12/site-packages/airflow/example_dags/example_setup_teardown.py
[2026-06-21T22:21:08.824+0300] {processor.py:830} INFO - Processing file /media/data/omar/programming course/DEPI/DEPI project/anomx/venv/lib/python3.12/site-packages/airflow/example_dags/example_setup_teardown.py for tasks to queue
[2026-06-21T22:21:08.827+0300] {logging_mixin.py:188} INFO - [2026-06-21T22:21:08.826+0300] {dagbag.py:540} INFO - Filling up the DagBag from /media/data/omar/programming course/DEPI/DEPI project/anomx/venv/lib/python3.12/site-packages/airflow/example_dags/example_setup_teardown.py
[2026-06-21T22:21:08.839+0300] {processor.py:840} INFO - DAG(s) 'example_setup_teardown' retrieved from /media/data/omar/programming course/DEPI/DEPI project/anomx/venv/lib/python3.12/site-packages/airflow/example_dags/example_setup_teardown.py
[2026-06-21T22:21:08.856+0300] {logging_mixin.py:188} INFO - [2026-06-21T22:21:08.855+0300] {dag.py:3096} INFO - Sync 1 DAGs
[2026-06-21T22:21:08.872+0300] {logging_mixin.py:188} INFO - [2026-06-21T22:21:08.871+0300] {dag.py:3954} INFO - Setting next_dagrun for example_setup_teardown to 2026-06-20 00:00:00+00:00, run_after=2026-06-21 00:00:00+00:00
[2026-06-21T22:21:08.899+0300] {processor.py:183} INFO - Processing /media/data/omar/programming course/DEPI/DEPI project/anomx/venv/lib/python3.12/site-packages/airflow/example_dags/example_setup_teardown.py took 0.092 seconds
[2026-06-21T22:22:08.353+0300] {processor.py:161} INFO - Started process (PID=20348) to work on /media/data/omar/programming course/DEPI/DEPI project/anomx/venv/lib/python3.12/site-packages/airflow/example_dags/example_setup_teardown.py
[2026-06-21T22:22:08.354+0300] {processor.py:830} INFO - Processing file /media/data/omar/programming course/DEPI/DEPI project/anomx/venv/lib/python3.12/site-packages/airflow/example_dags/example_setup_teardown.py for tasks to queue
[2026-06-21T22:22:08.358+0300] {logging_mixin.py:188} INFO - [2026-06-21T22:22:08.356+0300] {dagbag.py:540} INFO - Filling up the DagBag from /media/data/omar/programming course/DEPI/DEPI project/anomx/venv/lib/python3.12/site-packages/airflow/example_dags/example_setup_teardown.py
[2026-06-21T22:22:08.367+0300] {processor.py:840} INFO - DAG(s) 'example_setup_teardown' retrieved from /media/data/omar/programming course/DEPI/DEPI project/anomx/venv/lib/python3.12/site-packages/airflow/example_dags/example_setup_teardown.py
[2026-06-21T22:22:08.385+0300] {logging_mixin.py:188} INFO - [2026-06-21T22:22:08.385+0300] {dag.py:3096} INFO - Sync 1 DAGs
[2026-06-21T22:22:08.405+0300] {logging_mixin.py:188} INFO - [2026-06-21T22:22:08.404+0300] {dag.py:3954} INFO - Setting next_dagrun for example_setup_teardown to 2026-06-20 00:00:00+00:00, run_after=2026-06-21 00:00:00+00:00
[2026-06-21T22:22:08.437+0300] {processor.py:183} INFO - Processing /media/data/omar/programming course/DEPI/DEPI project/anomx/venv/lib/python3.12/site-packages/airflow/example_dags/example_setup_teardown.py took 0.098 seconds
[2026-06-21T22:23:19.823+0300] {processor.py:161} INFO - Started process (PID=20482) to work on /media/data/omar/programming course/DEPI/DEPI project/anomx/venv/lib/python3.12/site-packages/airflow/example_dags/example_setup_teardown.py
[2026-06-21T22:23:19.826+0300] {processor.py:830} INFO - Processing file /media/data/omar/programming course/DEPI/DEPI project/anomx/venv/lib/python3.12/site-packages/airflow/example_dags/example_setup_teardown.py for tasks to queue
[2026-06-21T22:23:19.830+0300] {logging_mixin.py:188} INFO - [2026-06-21T22:23:19.829+0300] {dagbag.py:540} INFO - Filling up the DagBag from /media/data/omar/programming course/DEPI/DEPI project/anomx/venv/lib/python3.12/site-packages/airflow/example_dags/example_setup_teardown.py
[2026-06-21T22:23:19.844+0300] {processor.py:840} INFO - DAG(s) 'example_setup_teardown' retrieved from /media/data/omar/programming course/DEPI/DEPI project/anomx/venv/lib/python3.12/site-packages/airflow/example_dags/example_setup_teardown.py
[2026-06-21T22:23:19.862+0300] {logging_mixin.py:188} INFO - [2026-06-21T22:23:19.862+0300] {dag.py:3096} INFO - Sync 1 DAGs
[2026-06-21T22:23:19.878+0300] {logging_mixin.py:188} INFO - [2026-06-21T22:23:19.878+0300] {dag.py:3954} INFO - Setting next_dagrun for example_setup_teardown to 2026-06-20 00:00:00+00:00, run_after=2026-06-21 00:00:00+00:00
[2026-06-21T22:23:19.905+0300] {processor.py:183} INFO - Processing /media/data/omar/programming course/DEPI/DEPI project/anomx/venv/lib/python3.12/site-packages/airflow/example_dags/example_setup_teardown.py took 0.101 seconds
[2026-06-21T22:24:18.346+0300] {processor.py:161} INFO - Started process (PID=20575) to work on /media/data/omar/programming course/DEPI/DEPI project/anomx/venv/lib/python3.12/site-packages/airflow/example_dags/example_setup_teardown.py
[2026-06-21T22:24:18.349+0300] {processor.py:830} INFO - Processing file /media/data/omar/programming course/DEPI/DEPI project/anomx/venv/lib/python3.12/site-packages/airflow/example_dags/example_setup_teardown.py for tasks to queue
[2026-06-21T22:24:18.352+0300] {logging_mixin.py:188} INFO - [2026-06-21T22:24:18.351+0300] {dagbag.py:540} INFO - Filling up the DagBag from /media/data/omar/programming course/DEPI/DEPI project/anomx/venv/lib/python3.12/site-packages/airflow/example_dags/example_setup_teardown.py
[2026-06-21T22:24:18.363+0300] {processor.py:840} INFO - DAG(s) 'example_setup_teardown' retrieved from /media/data/omar/programming course/DEPI/DEPI project/anomx/venv/lib/python3.12/site-packages/airflow/example_dags/example_setup_teardown.py
[2026-06-21T22:24:18.380+0300] {logging_mixin.py:188} INFO - [2026-06-21T22:24:18.380+0300] {dag.py:3096} INFO - Sync 1 DAGs
[2026-06-21T22:24:18.396+0300] {logging_mixin.py:188} INFO - [2026-06-21T22:24:18.395+0300] {dag.py:3954} INFO - Setting next_dagrun for example_setup_teardown to 2026-06-20 00:00:00+00:00, run_after=2026-06-21 00:00:00+00:00
[2026-06-21T22:24:18.422+0300] {processor.py:183} INFO - Processing /media/data/omar/programming course/DEPI/DEPI project/anomx/venv/lib/python3.12/site-packages/airflow/example_dags/example_setup_teardown.py took 0.093 seconds
[2026-06-21T22:48:08.366+0300] {processor.py:161} INFO - Started process (PID=22141) to work on /media/data/omar/programming course/DEPI/DEPI project/anomx/venv/lib/python3.12/site-packages/airflow/example_dags/example_setup_teardown.py
[2026-06-21T22:48:08.368+0300] {processor.py:830} INFO - Processing file /media/data/omar/programming course/DEPI/DEPI project/anomx/venv/lib/python3.12/site-packages/airflow/example_dags/example_setup_teardown.py for tasks to queue
[2026-06-21T22:48:08.372+0300] {logging_mixin.py:188} INFO - [2026-06-21T22:48:08.371+0300] {dagbag.py:540} INFO - Filling up the DagBag from /media/data/omar/programming course/DEPI/DEPI project/anomx/venv/lib/python3.12/site-packages/airflow/example_dags/example_setup_teardown.py
[2026-06-21T22:48:08.384+0300] {processor.py:840} INFO - DAG(s) 'example_setup_teardown' retrieved from /media/data/omar/programming course/DEPI/DEPI project/anomx/venv/lib/python3.12/site-packages/airflow/example_dags/example_setup_teardown.py
[2026-06-21T22:48:08.414+0300] {logging_mixin.py:188} INFO - [2026-06-21T22:48:08.413+0300] {dag.py:3096} INFO - Sync 1 DAGs
[2026-06-21T22:48:08.424+0300] {logging_mixin.py:188} INFO - [2026-06-21T22:48:08.424+0300] {dag.py:3118} INFO - Creating ORM DAG for example_setup_teardown
[2026-06-21T22:48:08.434+0300] {logging_mixin.py:188} INFO - [2026-06-21T22:48:08.434+0300] {dag.py:3954} INFO - Setting next_dagrun for example_setup_teardown to 2026-06-20 00:00:00+00:00, run_after=2026-06-21 00:00:00+00:00
[2026-06-21T22:48:08.465+0300] {processor.py:183} INFO - Processing /media/data/omar/programming course/DEPI/DEPI project/anomx/venv/lib/python3.12/site-packages/airflow/example_dags/example_setup_teardown.py took 0.113 seconds
[2026-06-21T22:49:06.438+0300] {processor.py:161} INFO - Started process (PID=22234) to work on /media/data/omar/programming course/DEPI/DEPI project/anomx/venv/lib/python3.12/site-packages/airflow/example_dags/example_setup_teardown.py
[2026-06-21T22:49:06.439+0300] {processor.py:830} INFO - Processing file /media/data/omar/programming course/DEPI/DEPI project/anomx/venv/lib/python3.12/site-packages/airflow/example_dags/example_setup_teardown.py for tasks to queue
[2026-06-21T22:49:06.442+0300] {logging_mixin.py:188} INFO - [2026-06-21T22:49:06.441+0300] {dagbag.py:540} INFO - Filling up the DagBag from /media/data/omar/programming course/DEPI/DEPI project/anomx/venv/lib/python3.12/site-packages/airflow/example_dags/example_setup_teardown.py
[2026-06-21T22:49:06.452+0300] {processor.py:840} INFO - DAG(s) 'example_setup_teardown' retrieved from /media/data/omar/programming course/DEPI/DEPI project/anomx/venv/lib/python3.12/site-packages/airflow/example_dags/example_setup_teardown.py
[2026-06-21T22:49:06.468+0300] {logging_mixin.py:188} INFO - [2026-06-21T22:49:06.468+0300] {dag.py:3096} INFO - Sync 1 DAGs
[2026-06-21T22:49:06.487+0300] {logging_mixin.py:188} INFO - [2026-06-21T22:49:06.487+0300] {dag.py:3954} INFO - Setting next_dagrun for example_setup_teardown to 2026-06-20 00:00:00+00:00, run_after=2026-06-21 00:00:00+00:00
[2026-06-21T22:49:06.518+0300] {processor.py:183} INFO - Processing /media/data/omar/programming course/DEPI/DEPI project/anomx/venv/lib/python3.12/site-packages/airflow/example_dags/example_setup_teardown.py took 0.093 seconds
[2026-06-21T22:50:03.350+0300] {processor.py:161} INFO - Started process (PID=22325) to work on /media/data/omar/programming course/DEPI/DEPI project/anomx/venv/lib/python3.12/site-packages/airflow/example_dags/example_setup_teardown.py
[2026-06-21T22:50:03.351+0300] {processor.py:830} INFO - Processing file /media/data/omar/programming course/DEPI/DEPI project/anomx/venv/lib/python3.12/site-packages/airflow/example_dags/example_setup_teardown.py for tasks to queue
[2026-06-21T22:50:03.354+0300] {logging_mixin.py:188} INFO - [2026-06-21T22:50:03.353+0300] {dagbag.py:540} INFO - Filling up the DagBag from /media/data/omar/programming course/DEPI/DEPI project/anomx/venv/lib/python3.12/site-packages/airflow/example_dags/example_setup_teardown.py
[2026-06-21T22:50:03.363+0300] {processor.py:840} INFO - DAG(s) 'example_setup_teardown' retrieved from /media/data/omar/programming course/DEPI/DEPI project/anomx/venv/lib/python3.12/site-packages/airflow/example_dags/example_setup_teardown.py
[2026-06-21T22:50:03.380+0300] {logging_mixin.py:188} INFO - [2026-06-21T22:50:03.379+0300] {dag.py:3096} INFO - Sync 1 DAGs
[2026-06-21T22:50:03.399+0300] {logging_mixin.py:188} INFO - [2026-06-21T22:50:03.398+0300] {dag.py:3954} INFO - Setting next_dagrun for example_setup_teardown to 2026-06-20 00:00:00+00:00, run_after=2026-06-21 00:00:00+00:00
[2026-06-21T22:50:03.431+0300] {processor.py:183} INFO - Processing /media/data/omar/programming course/DEPI/DEPI project/anomx/venv/lib/python3.12/site-packages/airflow/example_dags/example_setup_teardown.py took 0.095 seconds
[2026-06-21T22:51:03.934+0300] {processor.py:161} INFO - Started process (PID=22586) to work on /media/data/omar/programming course/DEPI/DEPI project/anomx/venv/lib/python3.12/site-packages/airflow/example_dags/example_setup_teardown.py
[2026-06-21T22:51:03.935+0300] {processor.py:830} INFO - Processing file /media/data/omar/programming course/DEPI/DEPI project/anomx/venv/lib/python3.12/site-packages/airflow/example_dags/example_setup_teardown.py for tasks to queue
[2026-06-21T22:51:03.937+0300] {logging_mixin.py:188} INFO - [2026-06-21T22:51:03.936+0300] {dagbag.py:540} INFO - Filling up the DagBag from /media/data/omar/programming course/DEPI/DEPI project/anomx/venv/lib/python3.12/site-packages/airflow/example_dags/example_setup_teardown.py
[2026-06-21T22:51:03.946+0300] {processor.py:840} INFO - DAG(s) 'example_setup_teardown' retrieved from /media/data/omar/programming course/DEPI/DEPI project/anomx/venv/lib/python3.12/site-packages/airflow/example_dags/example_setup_teardown.py
[2026-06-21T22:51:03.965+0300] {logging_mixin.py:188} INFO - [2026-06-21T22:51:03.964+0300] {dag.py:3096} INFO - Sync 1 DAGs
[2026-06-21T22:51:03.986+0300] {logging_mixin.py:188} INFO - [2026-06-21T22:51:03.986+0300] {dag.py:3954} INFO - Setting next_dagrun for example_setup_teardown to 2026-06-20 00:00:00+00:00, run_after=2026-06-21 00:00:00+00:00
[2026-06-21T22:51:04.021+0300] {processor.py:183} INFO - Processing /media/data/omar/programming course/DEPI/DEPI project/anomx/venv/lib/python3.12/site-packages/airflow/example_dags/example_setup_teardown.py took 0.094 seconds
