[2026-06-21T21:39:31.624+0300] {processor.py:161} INFO - Started process (PID=15142) to work on /media/data/omar/programming course/DEPI/DEPI project/anomx/venv/lib/python3.12/site-packages/airflow/example_dags/example_branch_python_dop_operator_3.py
[2026-06-21T21:39:31.625+0300] {processor.py:830} INFO - Processing file /media/data/omar/programming course/DEPI/DEPI project/anomx/venv/lib/python3.12/site-packages/airflow/example_dags/example_branch_python_dop_operator_3.py for tasks to queue
[2026-06-21T21:39:31.628+0300] {logging_mixin.py:188} INFO - [2026-06-21T21:39:31.627+0300] {dagbag.py:540} INFO - Filling up the DagBag from /media/data/omar/programming course/DEPI/DEPI project/anomx/venv/lib/python3.12/site-packages/airflow/example_dags/example_branch_python_dop_operator_3.py
[2026-06-21T21:39:31.645+0300] {processor.py:840} INFO - DAG(s) 'example_branch_dop_operator_v3' retrieved from /media/data/omar/programming course/DEPI/DEPI project/anomx/venv/lib/python3.12/site-packages/airflow/example_dags/example_branch_python_dop_operator_3.py
[2026-06-21T21:39:31.831+0300] {logging_mixin.py:188} INFO - [2026-06-21T21:39:31.830+0300] {override.py:1829} INFO - Created Permission View: can edit on DAG:example_branch_dop_operator_v3
[2026-06-21T21:39:31.851+0300] {logging_mixin.py:188} INFO - [2026-06-21T21:39:31.850+0300] {override.py:1829} INFO - Created Permission View: can read on DAG:example_branch_dop_operator_v3
[2026-06-21T21:39:31.867+0300] {logging_mixin.py:188} INFO - [2026-06-21T21:39:31.866+0300] {override.py:1829} INFO - Created Permission View: can delete on DAG:example_branch_dop_operator_v3
[2026-06-21T21:39:31.867+0300] {logging_mixin.py:188} INFO - [2026-06-21T21:39:31.867+0300] {dag.py:3096} INFO - Sync 1 DAGs
[2026-06-21T21:39:31.877+0300] {logging_mixin.py:188} INFO - [2026-06-21T21:39:31.877+0300] {dag.py:3118} INFO - Creating ORM DAG for example_branch_dop_operator_v3
[2026-06-21T21:39:31.891+0300] {logging_mixin.py:188} INFO - [2026-06-21T21:39:31.891+0300] {dag.py:3954} INFO - Setting next_dagrun for example_branch_dop_operator_v3 to 2026-06-21 18:38:00+00:00, run_after=2026-06-21 18:39:00+00:00
[2026-06-21T21:39:31.924+0300] {processor.py:183} INFO - Processing /media/data/omar/programming course/DEPI/DEPI project/anomx/venv/lib/python3.12/site-packages/airflow/example_dags/example_branch_python_dop_operator_3.py took 0.314 seconds
[2026-06-21T21:40:33.798+0300] {processor.py:161} INFO - Started process (PID=15245) to work on /media/data/omar/programming course/DEPI/DEPI project/anomx/venv/lib/python3.12/site-packages/airflow/example_dags/example_branch_python_dop_operator_3.py
[2026-06-21T21:40:33.799+0300] {processor.py:830} INFO - Processing file /media/data/omar/programming course/DEPI/DEPI project/anomx/venv/lib/python3.12/site-packages/airflow/example_dags/example_branch_python_dop_operator_3.py for tasks to queue
[2026-06-21T21:40:33.800+0300] {logging_mixin.py:188} INFO - [2026-06-21T21:40:33.800+0300] {dagbag.py:540} INFO - Filling up the DagBag from /media/data/omar/programming course/DEPI/DEPI project/anomx/venv/lib/python3.12/site-packages/airflow/example_dags/example_branch_python_dop_operator_3.py
[2026-06-21T21:40:33.810+0300] {processor.py:840} INFO - DAG(s) 'example_branch_dop_operator_v3' retrieved from /media/data/omar/programming course/DEPI/DEPI project/anomx/venv/lib/python3.12/site-packages/airflow/example_dags/example_branch_python_dop_operator_3.py
[2026-06-21T21:40:33.825+0300] {logging_mixin.py:188} INFO - [2026-06-21T21:40:33.825+0300] {dag.py:3096} INFO - Sync 1 DAGs
[2026-06-21T21:40:33.846+0300] {logging_mixin.py:188} INFO - [2026-06-21T21:40:33.846+0300] {dag.py:3954} INFO - Setting next_dagrun for example_branch_dop_operator_v3 to 2026-06-21 18:39:00+00:00, run_after=2026-06-21 18:40:00+00:00
[2026-06-21T21:40:33.877+0300] {processor.py:183} INFO - Processing /media/data/omar/programming course/DEPI/DEPI project/anomx/venv/lib/python3.12/site-packages/airflow/example_dags/example_branch_python_dop_operator_3.py took 0.084 seconds
[2026-06-21T21:41:36.407+0300] {processor.py:161} INFO - Started process (PID=15381) to work on /media/data/omar/programming course/DEPI/DEPI project/anomx/venv/lib/python3.12/site-packages/airflow/example_dags/example_branch_python_dop_operator_3.py
[2026-06-21T21:41:36.408+0300] {processor.py:830} INFO - Processing file /media/data/omar/programming course/DEPI/DEPI project/anomx/venv/lib/python3.12/site-packages/airflow/example_dags/example_branch_python_dop_operator_3.py for tasks to queue
[2026-06-21T21:41:36.411+0300] {logging_mixin.py:188} INFO - [2026-06-21T21:41:36.410+0300] {dagbag.py:540} INFO - Filling up the DagBag from /media/data/omar/programming course/DEPI/DEPI project/anomx/venv/lib/python3.12/site-packages/airflow/example_dags/example_branch_python_dop_operator_3.py
[2026-06-21T21:41:36.439+0300] {processor.py:840} INFO - DAG(s) 'example_branch_dop_operator_v3' retrieved from /media/data/omar/programming course/DEPI/DEPI project/anomx/venv/lib/python3.12/site-packages/airflow/example_dags/example_branch_python_dop_operator_3.py
[2026-06-21T21:41:36.467+0300] {logging_mixin.py:188} INFO - [2026-06-21T21:41:36.467+0300] {dag.py:3096} INFO - Sync 1 DAGs
[2026-06-21T21:41:36.509+0300] {logging_mixin.py:188} INFO - [2026-06-21T21:41:36.506+0300] {dag.py:3954} INFO - Setting next_dagrun for example_branch_dop_operator_v3 to 2026-06-21 18:40:00+00:00, run_after=2026-06-21 18:41:00+00:00
[2026-06-21T21:41:36.620+0300] {processor.py:183} INFO - Processing /media/data/omar/programming course/DEPI/DEPI project/anomx/venv/lib/python3.12/site-packages/airflow/example_dags/example_branch_python_dop_operator_3.py took 0.222 seconds
[2026-06-21T21:42:43.285+0300] {processor.py:161} INFO - Started process (PID=15499) to work on /media/data/omar/programming course/DEPI/DEPI project/anomx/venv/lib/python3.12/site-packages/airflow/example_dags/example_branch_python_dop_operator_3.py
[2026-06-21T21:42:43.286+0300] {processor.py:830} INFO - Processing file /media/data/omar/programming course/DEPI/DEPI project/anomx/venv/lib/python3.12/site-packages/airflow/example_dags/example_branch_python_dop_operator_3.py for tasks to queue
[2026-06-21T21:42:43.288+0300] {logging_mixin.py:188} INFO - [2026-06-21T21:42:43.287+0300] {dagbag.py:540} INFO - Filling up the DagBag from /media/data/omar/programming course/DEPI/DEPI project/anomx/venv/lib/python3.12/site-packages/airflow/example_dags/example_branch_python_dop_operator_3.py
[2026-06-21T21:42:43.299+0300] {processor.py:840} INFO - DAG(s) 'example_branch_dop_operator_v3' retrieved from /media/data/omar/programming course/DEPI/DEPI project/anomx/venv/lib/python3.12/site-packages/airflow/example_dags/example_branch_python_dop_operator_3.py
[2026-06-21T21:42:43.316+0300] {logging_mixin.py:188} INFO - [2026-06-21T21:42:43.316+0300] {dag.py:3096} INFO - Sync 1 DAGs
[2026-06-21T21:42:43.338+0300] {logging_mixin.py:188} INFO - [2026-06-21T21:42:43.338+0300] {dag.py:3954} INFO - Setting next_dagrun for example_branch_dop_operator_v3 to 2026-06-21 18:41:00+00:00, run_after=2026-06-21 18:42:00+00:00
[2026-06-21T21:42:43.368+0300] {processor.py:183} INFO - Processing /media/data/omar/programming course/DEPI/DEPI project/anomx/venv/lib/python3.12/site-packages/airflow/example_dags/example_branch_python_dop_operator_3.py took 0.089 seconds
[2026-06-21T21:43:43.493+0300] {processor.py:161} INFO - Started process (PID=15698) to work on /media/data/omar/programming course/DEPI/DEPI project/anomx/venv/lib/python3.12/site-packages/airflow/example_dags/example_branch_python_dop_operator_3.py
[2026-06-21T21:43:43.494+0300] {processor.py:830} INFO - Processing file /media/data/omar/programming course/DEPI/DEPI project/anomx/venv/lib/python3.12/site-packages/airflow/example_dags/example_branch_python_dop_operator_3.py for tasks to queue
[2026-06-21T21:43:43.495+0300] {logging_mixin.py:188} INFO - [2026-06-21T21:43:43.495+0300] {dagbag.py:540} INFO - Filling up the DagBag from /media/data/omar/programming course/DEPI/DEPI project/anomx/venv/lib/python3.12/site-packages/airflow/example_dags/example_branch_python_dop_operator_3.py
[2026-06-21T21:43:43.509+0300] {processor.py:840} INFO - DAG(s) 'example_branch_dop_operator_v3' retrieved from /media/data/omar/programming course/DEPI/DEPI project/anomx/venv/lib/python3.12/site-packages/airflow/example_dags/example_branch_python_dop_operator_3.py
[2026-06-21T21:43:43.527+0300] {logging_mixin.py:188} INFO - [2026-06-21T21:43:43.526+0300] {dag.py:3096} INFO - Sync 1 DAGs
[2026-06-21T21:43:43.554+0300] {logging_mixin.py:188} INFO - [2026-06-21T21:43:43.554+0300] {dag.py:3954} INFO - Setting next_dagrun for example_branch_dop_operator_v3 to 2026-06-21 18:42:00+00:00, run_after=2026-06-21 18:43:00+00:00
[2026-06-21T21:43:43.584+0300] {processor.py:183} INFO - Processing /media/data/omar/programming course/DEPI/DEPI project/anomx/venv/lib/python3.12/site-packages/airflow/example_dags/example_branch_python_dop_operator_3.py took 0.101 seconds
[2026-06-21T21:44:41.541+0300] {processor.py:161} INFO - Started process (PID=15815) to work on /media/data/omar/programming course/DEPI/DEPI project/anomx/venv/lib/python3.12/site-packages/airflow/example_dags/example_branch_python_dop_operator_3.py
[2026-06-21T21:44:41.542+0300] {processor.py:830} INFO - Processing file /media/data/omar/programming course/DEPI/DEPI project/anomx/venv/lib/python3.12/site-packages/airflow/example_dags/example_branch_python_dop_operator_3.py for tasks to queue
[2026-06-21T21:44:41.544+0300] {logging_mixin.py:188} INFO - [2026-06-21T21:44:41.543+0300] {dagbag.py:540} INFO - Filling up the DagBag from /media/data/omar/programming course/DEPI/DEPI project/anomx/venv/lib/python3.12/site-packages/airflow/example_dags/example_branch_python_dop_operator_3.py
[2026-06-21T21:44:41.553+0300] {processor.py:840} INFO - DAG(s) 'example_branch_dop_operator_v3' retrieved from /media/data/omar/programming course/DEPI/DEPI project/anomx/venv/lib/python3.12/site-packages/airflow/example_dags/example_branch_python_dop_operator_3.py
[2026-06-21T21:44:41.568+0300] {logging_mixin.py:188} INFO - [2026-06-21T21:44:41.568+0300] {dag.py:3096} INFO - Sync 1 DAGs
[2026-06-21T21:44:41.588+0300] {logging_mixin.py:188} INFO - [2026-06-21T21:44:41.588+0300] {dag.py:3954} INFO - Setting next_dagrun for example_branch_dop_operator_v3 to 2026-06-21 18:43:00+00:00, run_after=2026-06-21 18:44:00+00:00
[2026-06-21T21:44:41.617+0300] {processor.py:183} INFO - Processing /media/data/omar/programming course/DEPI/DEPI project/anomx/venv/lib/python3.12/site-packages/airflow/example_dags/example_branch_python_dop_operator_3.py took 0.085 seconds
[2026-06-21T21:47:17.190+0300] {processor.py:161} INFO - Started process (PID=16123) to work on /media/data/omar/programming course/DEPI/DEPI project/anomx/venv/lib/python3.12/site-packages/airflow/example_dags/example_branch_python_dop_operator_3.py
[2026-06-21T21:47:17.194+0300] {processor.py:830} INFO - Processing file /media/data/omar/programming course/DEPI/DEPI project/anomx/venv/lib/python3.12/site-packages/airflow/example_dags/example_branch_python_dop_operator_3.py for tasks to queue
[2026-06-21T21:47:17.204+0300] {logging_mixin.py:188} INFO - [2026-06-21T21:47:17.202+0300] {dagbag.py:540} INFO - Filling up the DagBag from /media/data/omar/programming course/DEPI/DEPI project/anomx/venv/lib/python3.12/site-packages/airflow/example_dags/example_branch_python_dop_operator_3.py
[2026-06-21T21:47:17.241+0300] {processor.py:840} INFO - DAG(s) 'example_branch_dop_operator_v3' retrieved from /media/data/omar/programming course/DEPI/DEPI project/anomx/venv/lib/python3.12/site-packages/airflow/example_dags/example_branch_python_dop_operator_3.py
[2026-06-21T21:47:17.286+0300] {logging_mixin.py:188} INFO - [2026-06-21T21:47:17.285+0300] {dag.py:3096} INFO - Sync 1 DAGs
[2026-06-21T21:47:17.312+0300] {logging_mixin.py:188} INFO - [2026-06-21T21:47:17.312+0300] {dag.py:3954} INFO - Setting next_dagrun for example_branch_dop_operator_v3 to 2026-06-21 18:46:00+00:00, run_after=2026-06-21 18:47:00+00:00
[2026-06-21T21:47:17.341+0300] {processor.py:183} INFO - Processing /media/data/omar/programming course/DEPI/DEPI project/anomx/venv/lib/python3.12/site-packages/airflow/example_dags/example_branch_python_dop_operator_3.py took 0.179 seconds
[2026-06-21T21:48:18.184+0300] {processor.py:161} INFO - Started process (PID=16215) to work on /media/data/omar/programming course/DEPI/DEPI project/anomx/venv/lib/python3.12/site-packages/airflow/example_dags/example_branch_python_dop_operator_3.py
[2026-06-21T21:48:18.186+0300] {processor.py:830} INFO - Processing file /media/data/omar/programming course/DEPI/DEPI project/anomx/venv/lib/python3.12/site-packages/airflow/example_dags/example_branch_python_dop_operator_3.py for tasks to queue
[2026-06-21T21:48:18.188+0300] {logging_mixin.py:188} INFO - [2026-06-21T21:48:18.187+0300] {dagbag.py:540} INFO - Filling up the DagBag from /media/data/omar/programming course/DEPI/DEPI project/anomx/venv/lib/python3.12/site-packages/airflow/example_dags/example_branch_python_dop_operator_3.py
[2026-06-21T21:48:18.203+0300] {processor.py:840} INFO - DAG(s) 'example_branch_dop_operator_v3' retrieved from /media/data/omar/programming course/DEPI/DEPI project/anomx/venv/lib/python3.12/site-packages/airflow/example_dags/example_branch_python_dop_operator_3.py
[2026-06-21T21:48:18.219+0300] {logging_mixin.py:188} INFO - [2026-06-21T21:48:18.219+0300] {dag.py:3096} INFO - Sync 1 DAGs
[2026-06-21T21:48:18.242+0300] {logging_mixin.py:188} INFO - [2026-06-21T21:48:18.242+0300] {dag.py:3954} INFO - Setting next_dagrun for example_branch_dop_operator_v3 to 2026-06-21 18:47:00+00:00, run_after=2026-06-21 18:48:00+00:00
[2026-06-21T21:48:18.273+0300] {processor.py:183} INFO - Processing /media/data/omar/programming course/DEPI/DEPI project/anomx/venv/lib/python3.12/site-packages/airflow/example_dags/example_branch_python_dop_operator_3.py took 0.097 seconds
[2026-06-21T21:49:17.638+0300] {processor.py:161} INFO - Started process (PID=16297) to work on /media/data/omar/programming course/DEPI/DEPI project/anomx/venv/lib/python3.12/site-packages/airflow/example_dags/example_branch_python_dop_operator_3.py
[2026-06-21T21:49:17.640+0300] {processor.py:830} INFO - Processing file /media/data/omar/programming course/DEPI/DEPI project/anomx/venv/lib/python3.12/site-packages/airflow/example_dags/example_branch_python_dop_operator_3.py for tasks to queue
[2026-06-21T21:49:17.645+0300] {logging_mixin.py:188} INFO - [2026-06-21T21:49:17.644+0300] {dagbag.py:540} INFO - Filling up the DagBag from /media/data/omar/programming course/DEPI/DEPI project/anomx/venv/lib/python3.12/site-packages/airflow/example_dags/example_branch_python_dop_operator_3.py
[2026-06-21T21:49:17.666+0300] {processor.py:840} INFO - DAG(s) 'example_branch_dop_operator_v3' retrieved from /media/data/omar/programming course/DEPI/DEPI project/anomx/venv/lib/python3.12/site-packages/airflow/example_dags/example_branch_python_dop_operator_3.py
[2026-06-21T21:49:17.682+0300] {logging_mixin.py:188} INFO - [2026-06-21T21:49:17.682+0300] {dag.py:3096} INFO - Sync 1 DAGs
[2026-06-21T21:49:17.703+0300] {logging_mixin.py:188} INFO - [2026-06-21T21:49:17.703+0300] {dag.py:3954} INFO - Setting next_dagrun for example_branch_dop_operator_v3 to 2026-06-21 18:48:00+00:00, run_after=2026-06-21 18:49:00+00:00
[2026-06-21T21:49:17.733+0300] {processor.py:183} INFO - Processing /media/data/omar/programming course/DEPI/DEPI project/anomx/venv/lib/python3.12/site-packages/airflow/example_dags/example_branch_python_dop_operator_3.py took 0.108 seconds
[2026-06-21T21:51:35.733+0300] {processor.py:161} INFO - Started process (PID=16549) to work on /media/data/omar/programming course/DEPI/DEPI project/anomx/venv/lib/python3.12/site-packages/airflow/example_dags/example_branch_python_dop_operator_3.py
[2026-06-21T21:51:35.735+0300] {processor.py:830} INFO - Processing file /media/data/omar/programming course/DEPI/DEPI project/anomx/venv/lib/python3.12/site-packages/airflow/example_dags/example_branch_python_dop_operator_3.py for tasks to queue
[2026-06-21T21:51:35.738+0300] {logging_mixin.py:188} INFO - [2026-06-21T21:51:35.738+0300] {dagbag.py:540} INFO - Filling up the DagBag from /media/data/omar/programming course/DEPI/DEPI project/anomx/venv/lib/python3.12/site-packages/airflow/example_dags/example_branch_python_dop_operator_3.py
[2026-06-21T21:51:35.753+0300] {processor.py:840} INFO - DAG(s) 'example_branch_dop_operator_v3' retrieved from /media/data/omar/programming course/DEPI/DEPI project/anomx/venv/lib/python3.12/site-packages/airflow/example_dags/example_branch_python_dop_operator_3.py
[2026-06-21T21:51:35.774+0300] {logging_mixin.py:188} INFO - [2026-06-21T21:51:35.773+0300] {dag.py:3096} INFO - Sync 1 DAGs
[2026-06-21T21:51:35.805+0300] {logging_mixin.py:188} INFO - [2026-06-21T21:51:35.804+0300] {dag.py:3954} INFO - Setting next_dagrun for example_branch_dop_operator_v3 to 2026-06-21 18:50:00+00:00, run_after=2026-06-21 18:51:00+00:00
[2026-06-21T21:51:35.856+0300] {processor.py:183} INFO - Processing /media/data/omar/programming course/DEPI/DEPI project/anomx/venv/lib/python3.12/site-packages/airflow/example_dags/example_branch_python_dop_operator_3.py took 0.137 seconds
[2026-06-21T21:53:05.462+0300] {processor.py:161} INFO - Started process (PID=16717) to work on /media/data/omar/programming course/DEPI/DEPI project/anomx/venv/lib/python3.12/site-packages/airflow/example_dags/example_branch_python_dop_operator_3.py
[2026-06-21T21:53:05.465+0300] {processor.py:830} INFO - Processing file /media/data/omar/programming course/DEPI/DEPI project/anomx/venv/lib/python3.12/site-packages/airflow/example_dags/example_branch_python_dop_operator_3.py for tasks to queue
[2026-06-21T21:53:05.470+0300] {logging_mixin.py:188} INFO - [2026-06-21T21:53:05.469+0300] {dagbag.py:540} INFO - Filling up the DagBag from /media/data/omar/programming course/DEPI/DEPI project/anomx/venv/lib/python3.12/site-packages/airflow/example_dags/example_branch_python_dop_operator_3.py
[2026-06-21T21:53:05.485+0300] {processor.py:840} INFO - DAG(s) 'example_branch_dop_operator_v3' retrieved from /media/data/omar/programming course/DEPI/DEPI project/anomx/venv/lib/python3.12/site-packages/airflow/example_dags/example_branch_python_dop_operator_3.py
[2026-06-21T21:53:05.501+0300] {logging_mixin.py:188} INFO - [2026-06-21T21:53:05.501+0300] {dag.py:3096} INFO - Sync 1 DAGs
[2026-06-21T21:53:05.521+0300] {logging_mixin.py:188} INFO - [2026-06-21T21:53:05.521+0300] {dag.py:3954} INFO - Setting next_dagrun for example_branch_dop_operator_v3 to 2026-06-21 18:52:00+00:00, run_after=2026-06-21 18:53:00+00:00
[2026-06-21T21:53:05.548+0300] {processor.py:183} INFO - Processing /media/data/omar/programming course/DEPI/DEPI project/anomx/venv/lib/python3.12/site-packages/airflow/example_dags/example_branch_python_dop_operator_3.py took 0.106 seconds
[2026-06-21T21:54:00.654+0300] {processor.py:161} INFO - Started process (PID=16808) to work on /media/data/omar/programming course/DEPI/DEPI project/anomx/venv/lib/python3.12/site-packages/airflow/example_dags/example_branch_python_dop_operator_3.py
[2026-06-21T21:54:00.656+0300] {processor.py:830} INFO - Processing file /media/data/omar/programming course/DEPI/DEPI project/anomx/venv/lib/python3.12/site-packages/airflow/example_dags/example_branch_python_dop_operator_3.py for tasks to queue
[2026-06-21T21:54:00.660+0300] {logging_mixin.py:188} INFO - [2026-06-21T21:54:00.659+0300] {dagbag.py:540} INFO - Filling up the DagBag from /media/data/omar/programming course/DEPI/DEPI project/anomx/venv/lib/python3.12/site-packages/airflow/example_dags/example_branch_python_dop_operator_3.py
[2026-06-21T21:54:00.677+0300] {processor.py:840} INFO - DAG(s) 'example_branch_dop_operator_v3' retrieved from /media/data/omar/programming course/DEPI/DEPI project/anomx/venv/lib/python3.12/site-packages/airflow/example_dags/example_branch_python_dop_operator_3.py
[2026-06-21T21:54:00.693+0300] {logging_mixin.py:188} INFO - [2026-06-21T21:54:00.693+0300] {dag.py:3096} INFO - Sync 1 DAGs
[2026-06-21T21:54:00.712+0300] {logging_mixin.py:188} INFO - [2026-06-21T21:54:00.711+0300] {dag.py:3954} INFO - Setting next_dagrun for example_branch_dop_operator_v3 to 2026-06-21 18:53:00+00:00, run_after=2026-06-21 18:54:00+00:00
[2026-06-21T21:54:00.741+0300] {processor.py:183} INFO - Processing /media/data/omar/programming course/DEPI/DEPI project/anomx/venv/lib/python3.12/site-packages/airflow/example_dags/example_branch_python_dop_operator_3.py took 0.099 seconds
[2026-06-21T21:54:58.433+0300] {processor.py:161} INFO - Started process (PID=16899) to work on /media/data/omar/programming course/DEPI/DEPI project/anomx/venv/lib/python3.12/site-packages/airflow/example_dags/example_branch_python_dop_operator_3.py
[2026-06-21T21:54:58.434+0300] {processor.py:830} INFO - Processing file /media/data/omar/programming course/DEPI/DEPI project/anomx/venv/lib/python3.12/site-packages/airflow/example_dags/example_branch_python_dop_operator_3.py for tasks to queue
[2026-06-21T21:54:58.437+0300] {logging_mixin.py:188} INFO - [2026-06-21T21:54:58.436+0300] {dagbag.py:540} INFO - Filling up the DagBag from /media/data/omar/programming course/DEPI/DEPI project/anomx/venv/lib/python3.12/site-packages/airflow/example_dags/example_branch_python_dop_operator_3.py
[2026-06-21T21:54:58.447+0300] {processor.py:840} INFO - DAG(s) 'example_branch_dop_operator_v3' retrieved from /media/data/omar/programming course/DEPI/DEPI project/anomx/venv/lib/python3.12/site-packages/airflow/example_dags/example_branch_python_dop_operator_3.py
[2026-06-21T21:54:58.461+0300] {logging_mixin.py:188} INFO - [2026-06-21T21:54:58.461+0300] {dag.py:3096} INFO - Sync 1 DAGs
[2026-06-21T21:54:58.481+0300] {logging_mixin.py:188} INFO - [2026-06-21T21:54:58.480+0300] {dag.py:3954} INFO - Setting next_dagrun for example_branch_dop_operator_v3 to 2026-06-21 18:53:00+00:00, run_after=2026-06-21 18:54:00+00:00
[2026-06-21T21:54:58.509+0300] {processor.py:183} INFO - Processing /media/data/omar/programming course/DEPI/DEPI project/anomx/venv/lib/python3.12/site-packages/airflow/example_dags/example_branch_python_dop_operator_3.py took 0.081 seconds
[2026-06-21T21:55:54.174+0300] {processor.py:161} INFO - Started process (PID=16995) to work on /media/data/omar/programming course/DEPI/DEPI project/anomx/venv/lib/python3.12/site-packages/airflow/example_dags/example_branch_python_dop_operator_3.py
[2026-06-21T21:55:54.175+0300] {processor.py:830} INFO - Processing file /media/data/omar/programming course/DEPI/DEPI project/anomx/venv/lib/python3.12/site-packages/airflow/example_dags/example_branch_python_dop_operator_3.py for tasks to queue
[2026-06-21T21:55:54.177+0300] {logging_mixin.py:188} INFO - [2026-06-21T21:55:54.176+0300] {dagbag.py:540} INFO - Filling up the DagBag from /media/data/omar/programming course/DEPI/DEPI project/anomx/venv/lib/python3.12/site-packages/airflow/example_dags/example_branch_python_dop_operator_3.py
[2026-06-21T21:55:54.186+0300] {processor.py:840} INFO - DAG(s) 'example_branch_dop_operator_v3' retrieved from /media/data/omar/programming course/DEPI/DEPI project/anomx/venv/lib/python3.12/site-packages/airflow/example_dags/example_branch_python_dop_operator_3.py
[2026-06-21T21:55:54.202+0300] {logging_mixin.py:188} INFO - [2026-06-21T21:55:54.201+0300] {dag.py:3096} INFO - Sync 1 DAGs
[2026-06-21T21:55:54.222+0300] {logging_mixin.py:188} INFO - [2026-06-21T21:55:54.222+0300] {dag.py:3954} INFO - Setting next_dagrun for example_branch_dop_operator_v3 to 2026-06-21 18:54:00+00:00, run_after=2026-06-21 18:55:00+00:00
[2026-06-21T21:55:54.253+0300] {processor.py:183} INFO - Processing /media/data/omar/programming course/DEPI/DEPI project/anomx/venv/lib/python3.12/site-packages/airflow/example_dags/example_branch_python_dop_operator_3.py took 0.087 seconds
[2026-06-21T21:57:10.947+0300] {processor.py:161} INFO - Started process (PID=17122) to work on /media/data/omar/programming course/DEPI/DEPI project/anomx/venv/lib/python3.12/site-packages/airflow/example_dags/example_branch_python_dop_operator_3.py
[2026-06-21T21:57:10.948+0300] {processor.py:830} INFO - Processing file /media/data/omar/programming course/DEPI/DEPI project/anomx/venv/lib/python3.12/site-packages/airflow/example_dags/example_branch_python_dop_operator_3.py for tasks to queue
[2026-06-21T21:57:10.950+0300] {logging_mixin.py:188} INFO - [2026-06-21T21:57:10.949+0300] {dagbag.py:540} INFO - Filling up the DagBag from /media/data/omar/programming course/DEPI/DEPI project/anomx/venv/lib/python3.12/site-packages/airflow/example_dags/example_branch_python_dop_operator_3.py
[2026-06-21T21:57:10.960+0300] {processor.py:840} INFO - DAG(s) 'example_branch_dop_operator_v3' retrieved from /media/data/omar/programming course/DEPI/DEPI project/anomx/venv/lib/python3.12/site-packages/airflow/example_dags/example_branch_python_dop_operator_3.py
[2026-06-21T21:57:10.976+0300] {logging_mixin.py:188} INFO - [2026-06-21T21:57:10.976+0300] {dag.py:3096} INFO - Sync 1 DAGs
[2026-06-21T21:57:10.998+0300] {logging_mixin.py:188} INFO - [2026-06-21T21:57:10.997+0300] {dag.py:3954} INFO - Setting next_dagrun for example_branch_dop_operator_v3 to 2026-06-21 18:56:00+00:00, run_after=2026-06-21 18:57:00+00:00
[2026-06-21T21:57:11.028+0300] {processor.py:183} INFO - Processing /media/data/omar/programming course/DEPI/DEPI project/anomx/venv/lib/python3.12/site-packages/airflow/example_dags/example_branch_python_dop_operator_3.py took 0.088 seconds
[2026-06-21T21:58:05.059+0300] {processor.py:161} INFO - Started process (PID=17209) to work on /media/data/omar/programming course/DEPI/DEPI project/anomx/venv/lib/python3.12/site-packages/airflow/example_dags/example_branch_python_dop_operator_3.py
[2026-06-21T21:58:05.060+0300] {processor.py:830} INFO - Processing file /media/data/omar/programming course/DEPI/DEPI project/anomx/venv/lib/python3.12/site-packages/airflow/example_dags/example_branch_python_dop_operator_3.py for tasks to queue
[2026-06-21T21:58:05.063+0300] {logging_mixin.py:188} INFO - [2026-06-21T21:58:05.063+0300] {dagbag.py:540} INFO - Filling up the DagBag from /media/data/omar/programming course/DEPI/DEPI project/anomx/venv/lib/python3.12/site-packages/airflow/example_dags/example_branch_python_dop_operator_3.py
[2026-06-21T21:58:05.074+0300] {processor.py:840} INFO - DAG(s) 'example_branch_dop_operator_v3' retrieved from /media/data/omar/programming course/DEPI/DEPI project/anomx/venv/lib/python3.12/site-packages/airflow/example_dags/example_branch_python_dop_operator_3.py
[2026-06-21T21:58:05.089+0300] {logging_mixin.py:188} INFO - [2026-06-21T21:58:05.089+0300] {dag.py:3096} INFO - Sync 1 DAGs
[2026-06-21T21:58:05.109+0300] {logging_mixin.py:188} INFO - [2026-06-21T21:58:05.109+0300] {dag.py:3954} INFO - Setting next_dagrun for example_branch_dop_operator_v3 to 2026-06-21 18:57:00+00:00, run_after=2026-06-21 18:58:00+00:00
[2026-06-21T21:58:05.138+0300] {processor.py:183} INFO - Processing /media/data/omar/programming course/DEPI/DEPI project/anomx/venv/lib/python3.12/site-packages/airflow/example_dags/example_branch_python_dop_operator_3.py took 0.094 seconds
[2026-06-21T21:59:02.271+0300] {processor.py:161} INFO - Started process (PID=17299) to work on /media/data/omar/programming course/DEPI/DEPI project/anomx/venv/lib/python3.12/site-packages/airflow/example_dags/example_branch_python_dop_operator_3.py
[2026-06-21T21:59:02.274+0300] {processor.py:830} INFO - Processing file /media/data/omar/programming course/DEPI/DEPI project/anomx/venv/lib/python3.12/site-packages/airflow/example_dags/example_branch_python_dop_operator_3.py for tasks to queue
[2026-06-21T21:59:02.280+0300] {logging_mixin.py:188} INFO - [2026-06-21T21:59:02.278+0300] {dagbag.py:540} INFO - Filling up the DagBag from /media/data/omar/programming course/DEPI/DEPI project/anomx/venv/lib/python3.12/site-packages/airflow/example_dags/example_branch_python_dop_operator_3.py
[2026-06-21T21:59:02.296+0300] {processor.py:840} INFO - DAG(s) 'example_branch_dop_operator_v3' retrieved from /media/data/omar/programming course/DEPI/DEPI project/anomx/venv/lib/python3.12/site-packages/airflow/example_dags/example_branch_python_dop_operator_3.py
[2026-06-21T21:59:02.312+0300] {logging_mixin.py:188} INFO - [2026-06-21T21:59:02.312+0300] {dag.py:3096} INFO - Sync 1 DAGs
[2026-06-21T21:59:02.332+0300] {logging_mixin.py:188} INFO - [2026-06-21T21:59:02.331+0300] {dag.py:3954} INFO - Setting next_dagrun for example_branch_dop_operator_v3 to 2026-06-21 18:58:00+00:00, run_after=2026-06-21 18:59:00+00:00
[2026-06-21T21:59:02.359+0300] {processor.py:183} INFO - Processing /media/data/omar/programming course/DEPI/DEPI project/anomx/venv/lib/python3.12/site-packages/airflow/example_dags/example_branch_python_dop_operator_3.py took 0.107 seconds
[2026-06-21T21:59:59.689+0300] {processor.py:161} INFO - Started process (PID=17391) to work on /media/data/omar/programming course/DEPI/DEPI project/anomx/venv/lib/python3.12/site-packages/airflow/example_dags/example_branch_python_dop_operator_3.py
[2026-06-21T21:59:59.690+0300] {processor.py:830} INFO - Processing file /media/data/omar/programming course/DEPI/DEPI project/anomx/venv/lib/python3.12/site-packages/airflow/example_dags/example_branch_python_dop_operator_3.py for tasks to queue
[2026-06-21T21:59:59.692+0300] {logging_mixin.py:188} INFO - [2026-06-21T21:59:59.692+0300] {dagbag.py:540} INFO - Filling up the DagBag from /media/data/omar/programming course/DEPI/DEPI project/anomx/venv/lib/python3.12/site-packages/airflow/example_dags/example_branch_python_dop_operator_3.py
[2026-06-21T21:59:59.702+0300] {processor.py:840} INFO - DAG(s) 'example_branch_dop_operator_v3' retrieved from /media/data/omar/programming course/DEPI/DEPI project/anomx/venv/lib/python3.12/site-packages/airflow/example_dags/example_branch_python_dop_operator_3.py
[2026-06-21T21:59:59.717+0300] {logging_mixin.py:188} INFO - [2026-06-21T21:59:59.717+0300] {dag.py:3096} INFO - Sync 1 DAGs
[2026-06-21T21:59:59.736+0300] {logging_mixin.py:188} INFO - [2026-06-21T21:59:59.736+0300] {dag.py:3954} INFO - Setting next_dagrun for example_branch_dop_operator_v3 to 2026-06-21 18:58:00+00:00, run_after=2026-06-21 18:59:00+00:00
[2026-06-21T21:59:59.765+0300] {processor.py:183} INFO - Processing /media/data/omar/programming course/DEPI/DEPI project/anomx/venv/lib/python3.12/site-packages/airflow/example_dags/example_branch_python_dop_operator_3.py took 0.086 seconds
[2026-06-21T22:00:56.776+0300] {processor.py:161} INFO - Started process (PID=17488) to work on /media/data/omar/programming course/DEPI/DEPI project/anomx/venv/lib/python3.12/site-packages/airflow/example_dags/example_branch_python_dop_operator_3.py
[2026-06-21T22:00:56.777+0300] {processor.py:830} INFO - Processing file /media/data/omar/programming course/DEPI/DEPI project/anomx/venv/lib/python3.12/site-packages/airflow/example_dags/example_branch_python_dop_operator_3.py for tasks to queue
[2026-06-21T22:00:56.780+0300] {logging_mixin.py:188} INFO - [2026-06-21T22:00:56.780+0300] {dagbag.py:540} INFO - Filling up the DagBag from /media/data/omar/programming course/DEPI/DEPI project/anomx/venv/lib/python3.12/site-packages/airflow/example_dags/example_branch_python_dop_operator_3.py
[2026-06-21T22:00:56.796+0300] {processor.py:840} INFO - DAG(s) 'example_branch_dop_operator_v3' retrieved from /media/data/omar/programming course/DEPI/DEPI project/anomx/venv/lib/python3.12/site-packages/airflow/example_dags/example_branch_python_dop_operator_3.py
[2026-06-21T22:00:56.814+0300] {logging_mixin.py:188} INFO - [2026-06-21T22:00:56.813+0300] {dag.py:3096} INFO - Sync 1 DAGs
[2026-06-21T22:00:56.834+0300] {logging_mixin.py:188} INFO - [2026-06-21T22:00:56.833+0300] {dag.py:3954} INFO - Setting next_dagrun for example_branch_dop_operator_v3 to 2026-06-21 18:59:00+00:00, run_after=2026-06-21 19:00:00+00:00
[2026-06-21T22:00:56.860+0300] {processor.py:183} INFO - Processing /media/data/omar/programming course/DEPI/DEPI project/anomx/venv/lib/python3.12/site-packages/airflow/example_dags/example_branch_python_dop_operator_3.py took 0.094 seconds
[2026-06-21T22:01:55.148+0300] {processor.py:161} INFO - Started process (PID=17580) to work on /media/data/omar/programming course/DEPI/DEPI project/anomx/venv/lib/python3.12/site-packages/airflow/example_dags/example_branch_python_dop_operator_3.py
[2026-06-21T22:01:55.148+0300] {processor.py:830} INFO - Processing file /media/data/omar/programming course/DEPI/DEPI project/anomx/venv/lib/python3.12/site-packages/airflow/example_dags/example_branch_python_dop_operator_3.py for tasks to queue
[2026-06-21T22:01:55.150+0300] {logging_mixin.py:188} INFO - [2026-06-21T22:01:55.150+0300] {dagbag.py:540} INFO - Filling up the DagBag from /media/data/omar/programming course/DEPI/DEPI project/anomx/venv/lib/python3.12/site-packages/airflow/example_dags/example_branch_python_dop_operator_3.py
[2026-06-21T22:01:55.160+0300] {processor.py:840} INFO - DAG(s) 'example_branch_dop_operator_v3' retrieved from /media/data/omar/programming course/DEPI/DEPI project/anomx/venv/lib/python3.12/site-packages/airflow/example_dags/example_branch_python_dop_operator_3.py
[2026-06-21T22:01:55.175+0300] {logging_mixin.py:188} INFO - [2026-06-21T22:01:55.175+0300] {dag.py:3096} INFO - Sync 1 DAGs
[2026-06-21T22:01:55.195+0300] {logging_mixin.py:188} INFO - [2026-06-21T22:01:55.194+0300] {dag.py:3954} INFO - Setting next_dagrun for example_branch_dop_operator_v3 to 2026-06-21 19:00:00+00:00, run_after=2026-06-21 19:01:00+00:00
[2026-06-21T22:01:55.223+0300] {processor.py:183} INFO - Processing /media/data/omar/programming course/DEPI/DEPI project/anomx/venv/lib/python3.12/site-packages/airflow/example_dags/example_branch_python_dop_operator_3.py took 0.081 seconds
[2026-06-21T22:02:52.813+0300] {processor.py:161} INFO - Started process (PID=17727) to work on /media/data/omar/programming course/DEPI/DEPI project/anomx/venv/lib/python3.12/site-packages/airflow/example_dags/example_branch_python_dop_operator_3.py
[2026-06-21T22:02:52.814+0300] {processor.py:830} INFO - Processing file /media/data/omar/programming course/DEPI/DEPI project/anomx/venv/lib/python3.12/site-packages/airflow/example_dags/example_branch_python_dop_operator_3.py for tasks to queue
[2026-06-21T22:02:52.816+0300] {logging_mixin.py:188} INFO - [2026-06-21T22:02:52.816+0300] {dagbag.py:540} INFO - Filling up the DagBag from /media/data/omar/programming course/DEPI/DEPI project/anomx/venv/lib/python3.12/site-packages/airflow/example_dags/example_branch_python_dop_operator_3.py
[2026-06-21T22:02:52.826+0300] {processor.py:840} INFO - DAG(s) 'example_branch_dop_operator_v3' retrieved from /media/data/omar/programming course/DEPI/DEPI project/anomx/venv/lib/python3.12/site-packages/airflow/example_dags/example_branch_python_dop_operator_3.py
[2026-06-21T22:02:52.841+0300] {logging_mixin.py:188} INFO - [2026-06-21T22:02:52.840+0300] {dag.py:3096} INFO - Sync 1 DAGs
[2026-06-21T22:02:52.860+0300] {logging_mixin.py:188} INFO - [2026-06-21T22:02:52.860+0300] {dag.py:3954} INFO - Setting next_dagrun for example_branch_dop_operator_v3 to 2026-06-21 19:01:00+00:00, run_after=2026-06-21 19:02:00+00:00
[2026-06-21T22:02:52.973+0300] {processor.py:183} INFO - Processing /media/data/omar/programming course/DEPI/DEPI project/anomx/venv/lib/python3.12/site-packages/airflow/example_dags/example_branch_python_dop_operator_3.py took 0.171 seconds
[2026-06-21T22:03:48.394+0300] {processor.py:161} INFO - Started process (PID=17819) to work on /media/data/omar/programming course/DEPI/DEPI project/anomx/venv/lib/python3.12/site-packages/airflow/example_dags/example_branch_python_dop_operator_3.py
[2026-06-21T22:03:48.395+0300] {processor.py:830} INFO - Processing file /media/data/omar/programming course/DEPI/DEPI project/anomx/venv/lib/python3.12/site-packages/airflow/example_dags/example_branch_python_dop_operator_3.py for tasks to queue
[2026-06-21T22:03:48.398+0300] {logging_mixin.py:188} INFO - [2026-06-21T22:03:48.397+0300] {dagbag.py:540} INFO - Filling up the DagBag from /media/data/omar/programming course/DEPI/DEPI project/anomx/venv/lib/python3.12/site-packages/airflow/example_dags/example_branch_python_dop_operator_3.py
[2026-06-21T22:03:48.409+0300] {processor.py:840} INFO - DAG(s) 'example_branch_dop_operator_v3' retrieved from /media/data/omar/programming course/DEPI/DEPI project/anomx/venv/lib/python3.12/site-packages/airflow/example_dags/example_branch_python_dop_operator_3.py
[2026-06-21T22:03:48.427+0300] {logging_mixin.py:188} INFO - [2026-06-21T22:03:48.426+0300] {dag.py:3096} INFO - Sync 1 DAGs
[2026-06-21T22:03:48.449+0300] {logging_mixin.py:188} INFO - [2026-06-21T22:03:48.448+0300] {dag.py:3954} INFO - Setting next_dagrun for example_branch_dop_operator_v3 to 2026-06-21 19:02:00+00:00, run_after=2026-06-21 19:03:00+00:00
[2026-06-21T22:03:48.476+0300] {processor.py:183} INFO - Processing /media/data/omar/programming course/DEPI/DEPI project/anomx/venv/lib/python3.12/site-packages/airflow/example_dags/example_branch_python_dop_operator_3.py took 0.088 seconds
[2026-06-21T22:05:08.756+0300] {processor.py:161} INFO - Started process (PID=17959) to work on /media/data/omar/programming course/DEPI/DEPI project/anomx/venv/lib/python3.12/site-packages/airflow/example_dags/example_branch_python_dop_operator_3.py
[2026-06-21T22:05:08.757+0300] {processor.py:830} INFO - Processing file /media/data/omar/programming course/DEPI/DEPI project/anomx/venv/lib/python3.12/site-packages/airflow/example_dags/example_branch_python_dop_operator_3.py for tasks to queue
[2026-06-21T22:05:08.761+0300] {logging_mixin.py:188} INFO - [2026-06-21T22:05:08.759+0300] {dagbag.py:540} INFO - Filling up the DagBag from /media/data/omar/programming course/DEPI/DEPI project/anomx/venv/lib/python3.12/site-packages/airflow/example_dags/example_branch_python_dop_operator_3.py
[2026-06-21T22:05:08.774+0300] {processor.py:840} INFO - DAG(s) 'example_branch_dop_operator_v3' retrieved from /media/data/omar/programming course/DEPI/DEPI project/anomx/venv/lib/python3.12/site-packages/airflow/example_dags/example_branch_python_dop_operator_3.py
[2026-06-21T22:05:08.796+0300] {logging_mixin.py:188} INFO - [2026-06-21T22:05:08.795+0300] {dag.py:3096} INFO - Sync 1 DAGs
[2026-06-21T22:05:08.817+0300] {logging_mixin.py:188} INFO - [2026-06-21T22:05:08.817+0300] {dag.py:3954} INFO - Setting next_dagrun for example_branch_dop_operator_v3 to 2026-06-21 19:04:00+00:00, run_after=2026-06-21 19:05:00+00:00
[2026-06-21T22:05:08.845+0300] {processor.py:183} INFO - Processing /media/data/omar/programming course/DEPI/DEPI project/anomx/venv/lib/python3.12/site-packages/airflow/example_dags/example_branch_python_dop_operator_3.py took 0.102 seconds
[2026-06-21T22:06:05.939+0300] {processor.py:161} INFO - Started process (PID=18051) to work on /media/data/omar/programming course/DEPI/DEPI project/anomx/venv/lib/python3.12/site-packages/airflow/example_dags/example_branch_python_dop_operator_3.py
[2026-06-21T22:06:05.940+0300] {processor.py:830} INFO - Processing file /media/data/omar/programming course/DEPI/DEPI project/anomx/venv/lib/python3.12/site-packages/airflow/example_dags/example_branch_python_dop_operator_3.py for tasks to queue
[2026-06-21T22:06:05.942+0300] {logging_mixin.py:188} INFO - [2026-06-21T22:06:05.942+0300] {dagbag.py:540} INFO - Filling up the DagBag from /media/data/omar/programming course/DEPI/DEPI project/anomx/venv/lib/python3.12/site-packages/airflow/example_dags/example_branch_python_dop_operator_3.py
[2026-06-21T22:06:05.951+0300] {processor.py:840} INFO - DAG(s) 'example_branch_dop_operator_v3' retrieved from /media/data/omar/programming course/DEPI/DEPI project/anomx/venv/lib/python3.12/site-packages/airflow/example_dags/example_branch_python_dop_operator_3.py
[2026-06-21T22:06:05.966+0300] {logging_mixin.py:188} INFO - [2026-06-21T22:06:05.965+0300] {dag.py:3096} INFO - Sync 1 DAGs
[2026-06-21T22:06:05.985+0300] {logging_mixin.py:188} INFO - [2026-06-21T22:06:05.985+0300] {dag.py:3954} INFO - Setting next_dagrun for example_branch_dop_operator_v3 to 2026-06-21 19:05:00+00:00, run_after=2026-06-21 19:06:00+00:00
[2026-06-21T22:06:06.012+0300] {processor.py:183} INFO - Processing /media/data/omar/programming course/DEPI/DEPI project/anomx/venv/lib/python3.12/site-packages/airflow/example_dags/example_branch_python_dop_operator_3.py took 0.081 seconds
[2026-06-21T22:07:02.435+0300] {processor.py:161} INFO - Started process (PID=18142) to work on /media/data/omar/programming course/DEPI/DEPI project/anomx/venv/lib/python3.12/site-packages/airflow/example_dags/example_branch_python_dop_operator_3.py
[2026-06-21T22:07:02.436+0300] {processor.py:830} INFO - Processing file /media/data/omar/programming course/DEPI/DEPI project/anomx/venv/lib/python3.12/site-packages/airflow/example_dags/example_branch_python_dop_operator_3.py for tasks to queue
[2026-06-21T22:07:02.438+0300] {logging_mixin.py:188} INFO - [2026-06-21T22:07:02.438+0300] {dagbag.py:540} INFO - Filling up the DagBag from /media/data/omar/programming course/DEPI/DEPI project/anomx/venv/lib/python3.12/site-packages/airflow/example_dags/example_branch_python_dop_operator_3.py
[2026-06-21T22:07:02.450+0300] {processor.py:840} INFO - DAG(s) 'example_branch_dop_operator_v3' retrieved from /media/data/omar/programming course/DEPI/DEPI project/anomx/venv/lib/python3.12/site-packages/airflow/example_dags/example_branch_python_dop_operator_3.py
[2026-06-21T22:07:02.464+0300] {logging_mixin.py:188} INFO - [2026-06-21T22:07:02.464+0300] {dag.py:3096} INFO - Sync 1 DAGs
[2026-06-21T22:07:02.484+0300] {logging_mixin.py:188} INFO - [2026-06-21T22:07:02.484+0300] {dag.py:3954} INFO - Setting next_dagrun for example_branch_dop_operator_v3 to 2026-06-21 19:06:00+00:00, run_after=2026-06-21 19:07:00+00:00
[2026-06-21T22:07:02.591+0300] {processor.py:183} INFO - Processing /media/data/omar/programming course/DEPI/DEPI project/anomx/venv/lib/python3.12/site-packages/airflow/example_dags/example_branch_python_dop_operator_3.py took 0.169 seconds
[2026-06-21T22:08:01.126+0300] {processor.py:161} INFO - Started process (PID=18233) to work on /media/data/omar/programming course/DEPI/DEPI project/anomx/venv/lib/python3.12/site-packages/airflow/example_dags/example_branch_python_dop_operator_3.py
[2026-06-21T22:08:01.129+0300] {processor.py:830} INFO - Processing file /media/data/omar/programming course/DEPI/DEPI project/anomx/venv/lib/python3.12/site-packages/airflow/example_dags/example_branch_python_dop_operator_3.py for tasks to queue
[2026-06-21T22:08:01.136+0300] {logging_mixin.py:188} INFO - [2026-06-21T22:08:01.134+0300] {dagbag.py:540} INFO - Filling up the DagBag from /media/data/omar/programming course/DEPI/DEPI project/anomx/venv/lib/python3.12/site-packages/airflow/example_dags/example_branch_python_dop_operator_3.py
[2026-06-21T22:08:01.167+0300] {processor.py:840} INFO - DAG(s) 'example_branch_dop_operator_v3' retrieved from /media/data/omar/programming course/DEPI/DEPI project/anomx/venv/lib/python3.12/site-packages/airflow/example_dags/example_branch_python_dop_operator_3.py
[2026-06-21T22:08:01.187+0300] {logging_mixin.py:188} INFO - [2026-06-21T22:08:01.187+0300] {dag.py:3096} INFO - Sync 1 DAGs
[2026-06-21T22:08:01.208+0300] {logging_mixin.py:188} INFO - [2026-06-21T22:08:01.208+0300] {dag.py:3954} INFO - Setting next_dagrun for example_branch_dop_operator_v3 to 2026-06-21 19:07:00+00:00, run_after=2026-06-21 19:08:00+00:00
[2026-06-21T22:08:01.236+0300] {processor.py:183} INFO - Processing /media/data/omar/programming course/DEPI/DEPI project/anomx/venv/lib/python3.12/site-packages/airflow/example_dags/example_branch_python_dop_operator_3.py took 0.132 seconds
[2026-06-21T22:08:59.214+0300] {processor.py:161} INFO - Started process (PID=18315) to work on /media/data/omar/programming course/DEPI/DEPI project/anomx/venv/lib/python3.12/site-packages/airflow/example_dags/example_branch_python_dop_operator_3.py
[2026-06-21T22:08:59.217+0300] {processor.py:830} INFO - Processing file /media/data/omar/programming course/DEPI/DEPI project/anomx/venv/lib/python3.12/site-packages/airflow/example_dags/example_branch_python_dop_operator_3.py for tasks to queue
[2026-06-21T22:08:59.224+0300] {logging_mixin.py:188} INFO - [2026-06-21T22:08:59.222+0300] {dagbag.py:540} INFO - Filling up the DagBag from /media/data/omar/programming course/DEPI/DEPI project/anomx/venv/lib/python3.12/site-packages/airflow/example_dags/example_branch_python_dop_operator_3.py
[2026-06-21T22:08:59.254+0300] {processor.py:840} INFO - DAG(s) 'example_branch_dop_operator_v3' retrieved from /media/data/omar/programming course/DEPI/DEPI project/anomx/venv/lib/python3.12/site-packages/airflow/example_dags/example_branch_python_dop_operator_3.py
[2026-06-21T22:08:59.275+0300] {logging_mixin.py:188} INFO - [2026-06-21T22:08:59.275+0300] {dag.py:3096} INFO - Sync 1 DAGs
[2026-06-21T22:08:59.295+0300] {logging_mixin.py:188} INFO - [2026-06-21T22:08:59.295+0300] {dag.py:3954} INFO - Setting next_dagrun for example_branch_dop_operator_v3 to 2026-06-21 19:07:00+00:00, run_after=2026-06-21 19:08:00+00:00
[2026-06-21T22:08:59.324+0300] {processor.py:183} INFO - Processing /media/data/omar/programming course/DEPI/DEPI project/anomx/venv/lib/python3.12/site-packages/airflow/example_dags/example_branch_python_dop_operator_3.py took 0.131 seconds
[2026-06-21T22:09:58.229+0300] {processor.py:161} INFO - Started process (PID=18564) to work on /media/data/omar/programming course/DEPI/DEPI project/anomx/venv/lib/python3.12/site-packages/airflow/example_dags/example_branch_python_dop_operator_3.py
[2026-06-21T22:09:58.231+0300] {processor.py:830} INFO - Processing file /media/data/omar/programming course/DEPI/DEPI project/anomx/venv/lib/python3.12/site-packages/airflow/example_dags/example_branch_python_dop_operator_3.py for tasks to queue
[2026-06-21T22:09:58.234+0300] {logging_mixin.py:188} INFO - [2026-06-21T22:09:58.233+0300] {dagbag.py:540} INFO - Filling up the DagBag from /media/data/omar/programming course/DEPI/DEPI project/anomx/venv/lib/python3.12/site-packages/airflow/example_dags/example_branch_python_dop_operator_3.py
[2026-06-21T22:09:58.251+0300] {processor.py:840} INFO - DAG(s) 'example_branch_dop_operator_v3' retrieved from /media/data/omar/programming course/DEPI/DEPI project/anomx/venv/lib/python3.12/site-packages/airflow/example_dags/example_branch_python_dop_operator_3.py
[2026-06-21T22:09:58.284+0300] {logging_mixin.py:188} INFO - [2026-06-21T22:09:58.284+0300] {dag.py:3096} INFO - Sync 1 DAGs
[2026-06-21T22:09:58.332+0300] {logging_mixin.py:188} INFO - [2026-06-21T22:09:58.331+0300] {dag.py:3954} INFO - Setting next_dagrun for example_branch_dop_operator_v3 to 2026-06-21 19:08:00+00:00, run_after=2026-06-21 19:09:00+00:00
[2026-06-21T22:09:58.634+0300] {processor.py:183} INFO - Processing /media/data/omar/programming course/DEPI/DEPI project/anomx/venv/lib/python3.12/site-packages/airflow/example_dags/example_branch_python_dop_operator_3.py took 0.418 seconds
[2026-06-21T22:11:10.911+0300] {processor.py:161} INFO - Started process (PID=18790) to work on /media/data/omar/programming course/DEPI/DEPI project/anomx/venv/lib/python3.12/site-packages/airflow/example_dags/example_branch_python_dop_operator_3.py
[2026-06-21T22:11:10.913+0300] {processor.py:830} INFO - Processing file /media/data/omar/programming course/DEPI/DEPI project/anomx/venv/lib/python3.12/site-packages/airflow/example_dags/example_branch_python_dop_operator_3.py for tasks to queue
[2026-06-21T22:11:10.916+0300] {logging_mixin.py:188} INFO - [2026-06-21T22:11:10.915+0300] {dagbag.py:540} INFO - Filling up the DagBag from /media/data/omar/programming course/DEPI/DEPI project/anomx/venv/lib/python3.12/site-packages/airflow/example_dags/example_branch_python_dop_operator_3.py
[2026-06-21T22:11:10.928+0300] {processor.py:840} INFO - DAG(s) 'example_branch_dop_operator_v3' retrieved from /media/data/omar/programming course/DEPI/DEPI project/anomx/venv/lib/python3.12/site-packages/airflow/example_dags/example_branch_python_dop_operator_3.py
[2026-06-21T22:11:10.944+0300] {logging_mixin.py:188} INFO - [2026-06-21T22:11:10.944+0300] {dag.py:3096} INFO - Sync 1 DAGs
[2026-06-21T22:11:10.965+0300] {logging_mixin.py:188} INFO - [2026-06-21T22:11:10.964+0300] {dag.py:3954} INFO - Setting next_dagrun for example_branch_dop_operator_v3 to 2026-06-21 19:10:00+00:00, run_after=2026-06-21 19:11:00+00:00
[2026-06-21T22:11:10.996+0300] {processor.py:183} INFO - Processing /media/data/omar/programming course/DEPI/DEPI project/anomx/venv/lib/python3.12/site-packages/airflow/example_dags/example_branch_python_dop_operator_3.py took 0.100 seconds
[2026-06-21T22:12:27.021+0300] {processor.py:161} INFO - Started process (PID=18931) to work on /media/data/omar/programming course/DEPI/DEPI project/anomx/venv/lib/python3.12/site-packages/airflow/example_dags/example_branch_python_dop_operator_3.py
[2026-06-21T22:12:27.022+0300] {processor.py:830} INFO - Processing file /media/data/omar/programming course/DEPI/DEPI project/anomx/venv/lib/python3.12/site-packages/airflow/example_dags/example_branch_python_dop_operator_3.py for tasks to queue
[2026-06-21T22:12:27.026+0300] {logging_mixin.py:188} INFO - [2026-06-21T22:12:27.025+0300] {dagbag.py:540} INFO - Filling up the DagBag from /media/data/omar/programming course/DEPI/DEPI project/anomx/venv/lib/python3.12/site-packages/airflow/example_dags/example_branch_python_dop_operator_3.py
[2026-06-21T22:12:27.044+0300] {processor.py:840} INFO - DAG(s) 'example_branch_dop_operator_v3' retrieved from /media/data/omar/programming course/DEPI/DEPI project/anomx/venv/lib/python3.12/site-packages/airflow/example_dags/example_branch_python_dop_operator_3.py
[2026-06-21T22:12:27.075+0300] {logging_mixin.py:188} INFO - [2026-06-21T22:12:27.074+0300] {dag.py:3096} INFO - Sync 1 DAGs
[2026-06-21T22:12:27.111+0300] {logging_mixin.py:188} INFO - [2026-06-21T22:12:27.111+0300] {dag.py:3954} INFO - Setting next_dagrun for example_branch_dop_operator_v3 to 2026-06-21 19:11:00+00:00, run_after=2026-06-21 19:12:00+00:00
[2026-06-21T22:12:27.142+0300] {processor.py:183} INFO - Processing /media/data/omar/programming course/DEPI/DEPI project/anomx/venv/lib/python3.12/site-packages/airflow/example_dags/example_branch_python_dop_operator_3.py took 0.132 seconds
[2026-06-21T22:14:10.535+0300] {processor.py:161} INFO - Started process (PID=19148) to work on /media/data/omar/programming course/DEPI/DEPI project/anomx/venv/lib/python3.12/site-packages/airflow/example_dags/example_branch_python_dop_operator_3.py
[2026-06-21T22:14:10.536+0300] {processor.py:830} INFO - Processing file /media/data/omar/programming course/DEPI/DEPI project/anomx/venv/lib/python3.12/site-packages/airflow/example_dags/example_branch_python_dop_operator_3.py for tasks to queue
[2026-06-21T22:14:10.538+0300] {logging_mixin.py:188} INFO - [2026-06-21T22:14:10.538+0300] {dagbag.py:540} INFO - Filling up the DagBag from /media/data/omar/programming course/DEPI/DEPI project/anomx/venv/lib/python3.12/site-packages/airflow/example_dags/example_branch_python_dop_operator_3.py
[2026-06-21T22:14:10.550+0300] {processor.py:840} INFO - DAG(s) 'example_branch_dop_operator_v3' retrieved from /media/data/omar/programming course/DEPI/DEPI project/anomx/venv/lib/python3.12/site-packages/airflow/example_dags/example_branch_python_dop_operator_3.py
[2026-06-21T22:14:10.570+0300] {logging_mixin.py:188} INFO - [2026-06-21T22:14:10.570+0300] {dag.py:3096} INFO - Sync 1 DAGs
[2026-06-21T22:14:10.590+0300] {logging_mixin.py:188} INFO - [2026-06-21T22:14:10.590+0300] {dag.py:3954} INFO - Setting next_dagrun for example_branch_dop_operator_v3 to 2026-06-21 19:13:00+00:00, run_after=2026-06-21 19:14:00+00:00
[2026-06-21T22:14:10.620+0300] {processor.py:183} INFO - Processing /media/data/omar/programming course/DEPI/DEPI project/anomx/venv/lib/python3.12/site-packages/airflow/example_dags/example_branch_python_dop_operator_3.py took 0.092 seconds
[2026-06-21T22:15:09.038+0300] {processor.py:161} INFO - Started process (PID=19258) to work on /media/data/omar/programming course/DEPI/DEPI project/anomx/venv/lib/python3.12/site-packages/airflow/example_dags/example_branch_python_dop_operator_3.py
[2026-06-21T22:15:09.039+0300] {processor.py:830} INFO - Processing file /media/data/omar/programming course/DEPI/DEPI project/anomx/venv/lib/python3.12/site-packages/airflow/example_dags/example_branch_python_dop_operator_3.py for tasks to queue
[2026-06-21T22:15:09.042+0300] {logging_mixin.py:188} INFO - [2026-06-21T22:15:09.041+0300] {dagbag.py:540} INFO - Filling up the DagBag from /media/data/omar/programming course/DEPI/DEPI project/anomx/venv/lib/python3.12/site-packages/airflow/example_dags/example_branch_python_dop_operator_3.py
[2026-06-21T22:15:09.055+0300] {processor.py:840} INFO - DAG(s) 'example_branch_dop_operator_v3' retrieved from /media/data/omar/programming course/DEPI/DEPI project/anomx/venv/lib/python3.12/site-packages/airflow/example_dags/example_branch_python_dop_operator_3.py
[2026-06-21T22:15:09.079+0300] {logging_mixin.py:188} INFO - [2026-06-21T22:15:09.079+0300] {dag.py:3096} INFO - Sync 1 DAGs
[2026-06-21T22:15:09.100+0300] {logging_mixin.py:188} INFO - [2026-06-21T22:15:09.100+0300] {dag.py:3954} INFO - Setting next_dagrun for example_branch_dop_operator_v3 to 2026-06-21 19:14:00+00:00, run_after=2026-06-21 19:15:00+00:00
[2026-06-21T22:15:09.132+0300] {processor.py:183} INFO - Processing /media/data/omar/programming course/DEPI/DEPI project/anomx/venv/lib/python3.12/site-packages/airflow/example_dags/example_branch_python_dop_operator_3.py took 0.102 seconds
[2026-06-21T22:16:05.726+0300] {processor.py:161} INFO - Started process (PID=19630) to work on /media/data/omar/programming course/DEPI/DEPI project/anomx/venv/lib/python3.12/site-packages/airflow/example_dags/example_branch_python_dop_operator_3.py
[2026-06-21T22:16:05.728+0300] {processor.py:830} INFO - Processing file /media/data/omar/programming course/DEPI/DEPI project/anomx/venv/lib/python3.12/site-packages/airflow/example_dags/example_branch_python_dop_operator_3.py for tasks to queue
[2026-06-21T22:16:05.733+0300] {logging_mixin.py:188} INFO - [2026-06-21T22:16:05.732+0300] {dagbag.py:540} INFO - Filling up the DagBag from /media/data/omar/programming course/DEPI/DEPI project/anomx/venv/lib/python3.12/site-packages/airflow/example_dags/example_branch_python_dop_operator_3.py
[2026-06-21T22:16:05.749+0300] {processor.py:840} INFO - DAG(s) 'example_branch_dop_operator_v3' retrieved from /media/data/omar/programming course/DEPI/DEPI project/anomx/venv/lib/python3.12/site-packages/airflow/example_dags/example_branch_python_dop_operator_3.py
[2026-06-21T22:16:05.766+0300] {logging_mixin.py:188} INFO - [2026-06-21T22:16:05.765+0300] {dag.py:3096} INFO - Sync 1 DAGs
[2026-06-21T22:16:05.783+0300] {logging_mixin.py:188} INFO - [2026-06-21T22:16:05.783+0300] {dag.py:3954} INFO - Setting next_dagrun for example_branch_dop_operator_v3 to 2026-06-21 19:15:00+00:00, run_after=2026-06-21 19:16:00+00:00
[2026-06-21T22:16:05.811+0300] {processor.py:183} INFO - Processing /media/data/omar/programming course/DEPI/DEPI project/anomx/venv/lib/python3.12/site-packages/airflow/example_dags/example_branch_python_dop_operator_3.py took 0.097 seconds
[2026-06-21T22:17:04.150+0300] {processor.py:161} INFO - Started process (PID=19760) to work on /media/data/omar/programming course/DEPI/DEPI project/anomx/venv/lib/python3.12/site-packages/airflow/example_dags/example_branch_python_dop_operator_3.py
[2026-06-21T22:17:04.151+0300] {processor.py:830} INFO - Processing file /media/data/omar/programming course/DEPI/DEPI project/anomx/venv/lib/python3.12/site-packages/airflow/example_dags/example_branch_python_dop_operator_3.py for tasks to queue
[2026-06-21T22:17:04.157+0300] {logging_mixin.py:188} INFO - [2026-06-21T22:17:04.153+0300] {dagbag.py:540} INFO - Filling up the DagBag from /media/data/omar/programming course/DEPI/DEPI project/anomx/venv/lib/python3.12/site-packages/airflow/example_dags/example_branch_python_dop_operator_3.py
[2026-06-21T22:17:04.176+0300] {processor.py:840} INFO - DAG(s) 'example_branch_dop_operator_v3' retrieved from /media/data/omar/programming course/DEPI/DEPI project/anomx/venv/lib/python3.12/site-packages/airflow/example_dags/example_branch_python_dop_operator_3.py
[2026-06-21T22:17:04.232+0300] {logging_mixin.py:188} INFO - [2026-06-21T22:17:04.231+0300] {dag.py:3096} INFO - Sync 1 DAGs
[2026-06-21T22:17:04.286+0300] {logging_mixin.py:188} INFO - [2026-06-21T22:17:04.284+0300] {dag.py:3954} INFO - Setting next_dagrun for example_branch_dop_operator_v3 to 2026-06-21 19:16:00+00:00, run_after=2026-06-21 19:17:00+00:00
[2026-06-21T22:17:04.329+0300] {processor.py:183} INFO - Processing /media/data/omar/programming course/DEPI/DEPI project/anomx/venv/lib/python3.12/site-packages/airflow/example_dags/example_branch_python_dop_operator_3.py took 0.193 seconds
[2026-06-21T22:18:04.173+0300] {processor.py:161} INFO - Started process (PID=19924) to work on /media/data/omar/programming course/DEPI/DEPI project/anomx/venv/lib/python3.12/site-packages/airflow/example_dags/example_branch_python_dop_operator_3.py
[2026-06-21T22:18:04.175+0300] {processor.py:830} INFO - Processing file /media/data/omar/programming course/DEPI/DEPI project/anomx/venv/lib/python3.12/site-packages/airflow/example_dags/example_branch_python_dop_operator_3.py for tasks to queue
[2026-06-21T22:18:04.178+0300] {logging_mixin.py:188} INFO - [2026-06-21T22:18:04.177+0300] {dagbag.py:540} INFO - Filling up the DagBag from /media/data/omar/programming course/DEPI/DEPI project/anomx/venv/lib/python3.12/site-packages/airflow/example_dags/example_branch_python_dop_operator_3.py
[2026-06-21T22:18:04.198+0300] {processor.py:840} INFO - DAG(s) 'example_branch_dop_operator_v3' retrieved from /media/data/omar/programming course/DEPI/DEPI project/anomx/venv/lib/python3.12/site-packages/airflow/example_dags/example_branch_python_dop_operator_3.py
[2026-06-21T22:18:04.220+0300] {logging_mixin.py:188} INFO - [2026-06-21T22:18:04.220+0300] {dag.py:3096} INFO - Sync 1 DAGs
[2026-06-21T22:18:04.243+0300] {logging_mixin.py:188} INFO - [2026-06-21T22:18:04.243+0300] {dag.py:3954} INFO - Setting next_dagrun for example_branch_dop_operator_v3 to 2026-06-21 19:17:00+00:00, run_after=2026-06-21 19:18:00+00:00
[2026-06-21T22:18:04.274+0300] {processor.py:183} INFO - Processing /media/data/omar/programming course/DEPI/DEPI project/anomx/venv/lib/python3.12/site-packages/airflow/example_dags/example_branch_python_dop_operator_3.py took 0.111 seconds
[2026-06-21T22:18:59.614+0300] {processor.py:161} INFO - Started process (PID=20014) to work on /media/data/omar/programming course/DEPI/DEPI project/anomx/venv/lib/python3.12/site-packages/airflow/example_dags/example_branch_python_dop_operator_3.py
[2026-06-21T22:18:59.616+0300] {processor.py:830} INFO - Processing file /media/data/omar/programming course/DEPI/DEPI project/anomx/venv/lib/python3.12/site-packages/airflow/example_dags/example_branch_python_dop_operator_3.py for tasks to queue
[2026-06-21T22:18:59.619+0300] {logging_mixin.py:188} INFO - [2026-06-21T22:18:59.619+0300] {dagbag.py:540} INFO - Filling up the DagBag from /media/data/omar/programming course/DEPI/DEPI project/anomx/venv/lib/python3.12/site-packages/airflow/example_dags/example_branch_python_dop_operator_3.py
[2026-06-21T22:18:59.632+0300] {processor.py:840} INFO - DAG(s) 'example_branch_dop_operator_v3' retrieved from /media/data/omar/programming course/DEPI/DEPI project/anomx/venv/lib/python3.12/site-packages/airflow/example_dags/example_branch_python_dop_operator_3.py
[2026-06-21T22:18:59.648+0300] {logging_mixin.py:188} INFO - [2026-06-21T22:18:59.647+0300] {dag.py:3096} INFO - Sync 1 DAGs
[2026-06-21T22:18:59.668+0300] {logging_mixin.py:188} INFO - [2026-06-21T22:18:59.668+0300] {dag.py:3954} INFO - Setting next_dagrun for example_branch_dop_operator_v3 to 2026-06-21 19:17:00+00:00, run_after=2026-06-21 19:18:00+00:00
[2026-06-21T22:18:59.696+0300] {processor.py:183} INFO - Processing /media/data/omar/programming course/DEPI/DEPI project/anomx/venv/lib/python3.12/site-packages/airflow/example_dags/example_branch_python_dop_operator_3.py took 0.102 seconds
[2026-06-21T22:19:56.618+0300] {processor.py:161} INFO - Started process (PID=20115) to work on /media/data/omar/programming course/DEPI/DEPI project/anomx/venv/lib/python3.12/site-packages/airflow/example_dags/example_branch_python_dop_operator_3.py
[2026-06-21T22:19:56.621+0300] {processor.py:830} INFO - Processing file /media/data/omar/programming course/DEPI/DEPI project/anomx/venv/lib/python3.12/site-packages/airflow/example_dags/example_branch_python_dop_operator_3.py for tasks to queue
[2026-06-21T22:19:56.625+0300] {logging_mixin.py:188} INFO - [2026-06-21T22:19:56.624+0300] {dagbag.py:540} INFO - Filling up the DagBag from /media/data/omar/programming course/DEPI/DEPI project/anomx/venv/lib/python3.12/site-packages/airflow/example_dags/example_branch_python_dop_operator_3.py
[2026-06-21T22:19:56.637+0300] {processor.py:840} INFO - DAG(s) 'example_branch_dop_operator_v3' retrieved from /media/data/omar/programming course/DEPI/DEPI project/anomx/venv/lib/python3.12/site-packages/airflow/example_dags/example_branch_python_dop_operator_3.py
[2026-06-21T22:19:56.661+0300] {logging_mixin.py:188} INFO - [2026-06-21T22:19:56.661+0300] {dag.py:3096} INFO - Sync 1 DAGs
[2026-06-21T22:19:56.691+0300] {logging_mixin.py:188} INFO - [2026-06-21T22:19:56.691+0300] {dag.py:3954} INFO - Setting next_dagrun for example_branch_dop_operator_v3 to 2026-06-21 19:18:00+00:00, run_after=2026-06-21 19:19:00+00:00
[2026-06-21T22:19:56.728+0300] {processor.py:183} INFO - Processing /media/data/omar/programming course/DEPI/DEPI project/anomx/venv/lib/python3.12/site-packages/airflow/example_dags/example_branch_python_dop_operator_3.py took 0.118 seconds
[2026-06-21T22:21:30.140+0300] {processor.py:161} INFO - Started process (PID=20274) to work on /media/data/omar/programming course/DEPI/DEPI project/anomx/venv/lib/python3.12/site-packages/airflow/example_dags/example_branch_python_dop_operator_3.py
[2026-06-21T22:21:30.142+0300] {processor.py:830} INFO - Processing file /media/data/omar/programming course/DEPI/DEPI project/anomx/venv/lib/python3.12/site-packages/airflow/example_dags/example_branch_python_dop_operator_3.py for tasks to queue
[2026-06-21T22:21:30.146+0300] {logging_mixin.py:188} INFO - [2026-06-21T22:21:30.145+0300] {dagbag.py:540} INFO - Filling up the DagBag from /media/data/omar/programming course/DEPI/DEPI project/anomx/venv/lib/python3.12/site-packages/airflow/example_dags/example_branch_python_dop_operator_3.py
[2026-06-21T22:21:30.163+0300] {processor.py:840} INFO - DAG(s) 'example_branch_dop_operator_v3' retrieved from /media/data/omar/programming course/DEPI/DEPI project/anomx/venv/lib/python3.12/site-packages/airflow/example_dags/example_branch_python_dop_operator_3.py
[2026-06-21T22:21:30.182+0300] {logging_mixin.py:188} INFO - [2026-06-21T22:21:30.181+0300] {dag.py:3096} INFO - Sync 1 DAGs
[2026-06-21T22:21:30.201+0300] {logging_mixin.py:188} INFO - [2026-06-21T22:21:30.201+0300] {dag.py:3954} INFO - Setting next_dagrun for example_branch_dop_operator_v3 to 2026-06-21 19:20:00+00:00, run_after=2026-06-21 19:21:00+00:00
[2026-06-21T22:21:30.228+0300] {processor.py:183} INFO - Processing /media/data/omar/programming course/DEPI/DEPI project/anomx/venv/lib/python3.12/site-packages/airflow/example_dags/example_branch_python_dop_operator_3.py took 0.106 seconds
[2026-06-21T22:23:42.644+0300] {processor.py:161} INFO - Started process (PID=20514) to work on /media/data/omar/programming course/DEPI/DEPI project/anomx/venv/lib/python3.12/site-packages/airflow/example_dags/example_branch_python_dop_operator_3.py
[2026-06-21T22:23:42.645+0300] {processor.py:830} INFO - Processing file /media/data/omar/programming course/DEPI/DEPI project/anomx/venv/lib/python3.12/site-packages/airflow/example_dags/example_branch_python_dop_operator_3.py for tasks to queue
[2026-06-21T22:23:42.647+0300] {logging_mixin.py:188} INFO - [2026-06-21T22:23:42.646+0300] {dagbag.py:540} INFO - Filling up the DagBag from /media/data/omar/programming course/DEPI/DEPI project/anomx/venv/lib/python3.12/site-packages/airflow/example_dags/example_branch_python_dop_operator_3.py
[2026-06-21T22:23:42.658+0300] {processor.py:840} INFO - DAG(s) 'example_branch_dop_operator_v3' retrieved from /media/data/omar/programming course/DEPI/DEPI project/anomx/venv/lib/python3.12/site-packages/airflow/example_dags/example_branch_python_dop_operator_3.py
[2026-06-21T22:23:42.679+0300] {logging_mixin.py:188} INFO - [2026-06-21T22:23:42.679+0300] {dag.py:3096} INFO - Sync 1 DAGs
[2026-06-21T22:23:42.701+0300] {logging_mixin.py:188} INFO - [2026-06-21T22:23:42.701+0300] {dag.py:3954} INFO - Setting next_dagrun for example_branch_dop_operator_v3 to 2026-06-21 19:22:00+00:00, run_after=2026-06-21 19:23:00+00:00
[2026-06-21T22:23:42.733+0300] {processor.py:183} INFO - Processing /media/data/omar/programming course/DEPI/DEPI project/anomx/venv/lib/python3.12/site-packages/airflow/example_dags/example_branch_python_dop_operator_3.py took 0.096 seconds
[2026-06-21T22:24:39.214+0300] {processor.py:161} INFO - Started process (PID=20700) to work on /media/data/omar/programming course/DEPI/DEPI project/anomx/venv/lib/python3.12/site-packages/airflow/example_dags/example_branch_python_dop_operator_3.py
[2026-06-21T22:24:39.216+0300] {processor.py:830} INFO - Processing file /media/data/omar/programming course/DEPI/DEPI project/anomx/venv/lib/python3.12/site-packages/airflow/example_dags/example_branch_python_dop_operator_3.py for tasks to queue
[2026-06-21T22:24:39.217+0300] {logging_mixin.py:188} INFO - [2026-06-21T22:24:39.217+0300] {dagbag.py:540} INFO - Filling up the DagBag from /media/data/omar/programming course/DEPI/DEPI project/anomx/venv/lib/python3.12/site-packages/airflow/example_dags/example_branch_python_dop_operator_3.py
[2026-06-21T22:24:39.233+0300] {processor.py:840} INFO - DAG(s) 'example_branch_dop_operator_v3' retrieved from /media/data/omar/programming course/DEPI/DEPI project/anomx/venv/lib/python3.12/site-packages/airflow/example_dags/example_branch_python_dop_operator_3.py
[2026-06-21T22:24:39.263+0300] {logging_mixin.py:188} INFO - [2026-06-21T22:24:39.262+0300] {dag.py:3096} INFO - Sync 1 DAGs
[2026-06-21T22:24:39.300+0300] {logging_mixin.py:188} INFO - [2026-06-21T22:24:39.300+0300] {dag.py:3954} INFO - Setting next_dagrun for example_branch_dop_operator_v3 to 2026-06-21 19:23:00+00:00, run_after=2026-06-21 19:24:00+00:00
[2026-06-21T22:24:39.346+0300] {processor.py:183} INFO - Processing /media/data/omar/programming course/DEPI/DEPI project/anomx/venv/lib/python3.12/site-packages/airflow/example_dags/example_branch_python_dop_operator_3.py took 0.142 seconds
[2026-06-21T22:48:29.690+0300] {processor.py:161} INFO - Started process (PID=22174) to work on /media/data/omar/programming course/DEPI/DEPI project/anomx/venv/lib/python3.12/site-packages/airflow/example_dags/example_branch_python_dop_operator_3.py
[2026-06-21T22:48:29.691+0300] {processor.py:830} INFO - Processing file /media/data/omar/programming course/DEPI/DEPI project/anomx/venv/lib/python3.12/site-packages/airflow/example_dags/example_branch_python_dop_operator_3.py for tasks to queue
[2026-06-21T22:48:29.692+0300] {logging_mixin.py:188} INFO - [2026-06-21T22:48:29.692+0300] {dagbag.py:540} INFO - Filling up the DagBag from /media/data/omar/programming course/DEPI/DEPI project/anomx/venv/lib/python3.12/site-packages/airflow/example_dags/example_branch_python_dop_operator_3.py
[2026-06-21T22:48:29.706+0300] {processor.py:840} INFO - DAG(s) 'example_branch_dop_operator_v3' retrieved from /media/data/omar/programming course/DEPI/DEPI project/anomx/venv/lib/python3.12/site-packages/airflow/example_dags/example_branch_python_dop_operator_3.py
[2026-06-21T22:48:29.727+0300] {logging_mixin.py:188} INFO - [2026-06-21T22:48:29.727+0300] {dag.py:3096} INFO - Sync 1 DAGs
[2026-06-21T22:48:29.743+0300] {logging_mixin.py:188} INFO - [2026-06-21T22:48:29.742+0300] {dag.py:3118} INFO - Creating ORM DAG for example_branch_dop_operator_v3
[2026-06-21T22:48:29.757+0300] {logging_mixin.py:188} INFO - [2026-06-21T22:48:29.757+0300] {dag.py:3954} INFO - Setting next_dagrun for example_branch_dop_operator_v3 to 2026-06-21 19:47:00+00:00, run_after=2026-06-21 19:48:00+00:00
[2026-06-21T22:48:29.792+0300] {processor.py:183} INFO - Processing /media/data/omar/programming course/DEPI/DEPI project/anomx/venv/lib/python3.12/site-packages/airflow/example_dags/example_branch_python_dop_operator_3.py took 0.109 seconds
[2026-06-21T22:49:27.962+0300] {processor.py:161} INFO - Started process (PID=22256) to work on /media/data/omar/programming course/DEPI/DEPI project/anomx/venv/lib/python3.12/site-packages/airflow/example_dags/example_branch_python_dop_operator_3.py
[2026-06-21T22:49:27.963+0300] {processor.py:830} INFO - Processing file /media/data/omar/programming course/DEPI/DEPI project/anomx/venv/lib/python3.12/site-packages/airflow/example_dags/example_branch_python_dop_operator_3.py for tasks to queue
[2026-06-21T22:49:27.965+0300] {logging_mixin.py:188} INFO - [2026-06-21T22:49:27.964+0300] {dagbag.py:540} INFO - Filling up the DagBag from /media/data/omar/programming course/DEPI/DEPI project/anomx/venv/lib/python3.12/site-packages/airflow/example_dags/example_branch_python_dop_operator_3.py
[2026-06-21T22:49:27.973+0300] {processor.py:840} INFO - DAG(s) 'example_branch_dop_operator_v3' retrieved from /media/data/omar/programming course/DEPI/DEPI project/anomx/venv/lib/python3.12/site-packages/airflow/example_dags/example_branch_python_dop_operator_3.py
[2026-06-21T22:49:27.990+0300] {logging_mixin.py:188} INFO - [2026-06-21T22:49:27.989+0300] {dag.py:3096} INFO - Sync 1 DAGs
[2026-06-21T22:49:28.011+0300] {logging_mixin.py:188} INFO - [2026-06-21T22:49:28.010+0300] {dag.py:3954} INFO - Setting next_dagrun for example_branch_dop_operator_v3 to 2026-06-21 19:48:00+00:00, run_after=2026-06-21 19:49:00+00:00
[2026-06-21T22:49:28.041+0300] {processor.py:183} INFO - Processing /media/data/omar/programming course/DEPI/DEPI project/anomx/venv/lib/python3.12/site-packages/airflow/example_dags/example_branch_python_dop_operator_3.py took 0.084 seconds
[2026-06-21T22:50:26.841+0300] {processor.py:161} INFO - Started process (PID=22393) to work on /media/data/omar/programming course/DEPI/DEPI project/anomx/venv/lib/python3.12/site-packages/airflow/example_dags/example_branch_python_dop_operator_3.py
[2026-06-21T22:50:26.842+0300] {processor.py:830} INFO - Processing file /media/data/omar/programming course/DEPI/DEPI project/anomx/venv/lib/python3.12/site-packages/airflow/example_dags/example_branch_python_dop_operator_3.py for tasks to queue
[2026-06-21T22:50:26.845+0300] {logging_mixin.py:188} INFO - [2026-06-21T22:50:26.844+0300] {dagbag.py:540} INFO - Filling up the DagBag from /media/data/omar/programming course/DEPI/DEPI project/anomx/venv/lib/python3.12/site-packages/airflow/example_dags/example_branch_python_dop_operator_3.py
[2026-06-21T22:50:26.860+0300] {processor.py:840} INFO - DAG(s) 'example_branch_dop_operator_v3' retrieved from /media/data/omar/programming course/DEPI/DEPI project/anomx/venv/lib/python3.12/site-packages/airflow/example_dags/example_branch_python_dop_operator_3.py
[2026-06-21T22:50:26.879+0300] {logging_mixin.py:188} INFO - [2026-06-21T22:50:26.879+0300] {dag.py:3096} INFO - Sync 1 DAGs
[2026-06-21T22:50:26.901+0300] {logging_mixin.py:188} INFO - [2026-06-21T22:50:26.901+0300] {dag.py:3954} INFO - Setting next_dagrun for example_branch_dop_operator_v3 to 2026-06-21 19:49:00+00:00, run_after=2026-06-21 19:50:00+00:00
[2026-06-21T22:50:26.935+0300] {processor.py:183} INFO - Processing /media/data/omar/programming course/DEPI/DEPI project/anomx/venv/lib/python3.12/site-packages/airflow/example_dags/example_branch_python_dop_operator_3.py took 0.104 seconds
