[2026-06-21T21:38:50.348+0300] {processor.py:161} INFO - Started process (PID=15084) to work on /media/data/omar/programming course/DEPI/DEPI project/anomx/venv/lib/python3.12/site-packages/airflow/example_dags/example_trigger_target_dag.py
[2026-06-21T21:38:50.350+0300] {processor.py:830} INFO - Processing file /media/data/omar/programming course/DEPI/DEPI project/anomx/venv/lib/python3.12/site-packages/airflow/example_dags/example_trigger_target_dag.py for tasks to queue
[2026-06-21T21:38:50.353+0300] {logging_mixin.py:188} INFO - [2026-06-21T21:38:50.352+0300] {dagbag.py:540} INFO - Filling up the DagBag from /media/data/omar/programming course/DEPI/DEPI project/anomx/venv/lib/python3.12/site-packages/airflow/example_dags/example_trigger_target_dag.py
[2026-06-21T21:38:50.370+0300] {processor.py:840} INFO - DAG(s) 'example_trigger_target_dag' retrieved from /media/data/omar/programming course/DEPI/DEPI project/anomx/venv/lib/python3.12/site-packages/airflow/example_dags/example_trigger_target_dag.py
[2026-06-21T21:38:50.563+0300] {logging_mixin.py:188} INFO - [2026-06-21T21:38:50.563+0300] {override.py:1829} INFO - Created Permission View: can edit on DAG:example_trigger_target_dag
[2026-06-21T21:38:50.581+0300] {logging_mixin.py:188} INFO - [2026-06-21T21:38:50.580+0300] {override.py:1829} INFO - Created Permission View: can read on DAG:example_trigger_target_dag
[2026-06-21T21:38:50.594+0300] {logging_mixin.py:188} INFO - [2026-06-21T21:38:50.594+0300] {override.py:1829} INFO - Created Permission View: can delete on DAG:example_trigger_target_dag
[2026-06-21T21:38:50.595+0300] {logging_mixin.py:188} INFO - [2026-06-21T21:38:50.594+0300] {dag.py:3096} INFO - Sync 1 DAGs
[2026-06-21T21:38:50.603+0300] {logging_mixin.py:188} INFO - [2026-06-21T21:38:50.603+0300] {dag.py:3118} INFO - Creating ORM DAG for example_trigger_target_dag
[2026-06-21T21:38:50.604+0300] {logging_mixin.py:188} INFO - [2026-06-21T21:38:50.604+0300] {dag.py:3954} INFO - Setting next_dagrun for example_trigger_target_dag to None, run_after=None
[2026-06-21T21:38:50.630+0300] {processor.py:183} INFO - Processing /media/data/omar/programming course/DEPI/DEPI project/anomx/venv/lib/python3.12/site-packages/airflow/example_dags/example_trigger_target_dag.py took 0.294 seconds
[2026-06-21T21:39:57.873+0300] {processor.py:161} INFO - Started process (PID=15179) to work on /media/data/omar/programming course/DEPI/DEPI project/anomx/venv/lib/python3.12/site-packages/airflow/example_dags/example_trigger_target_dag.py
[2026-06-21T21:39:57.877+0300] {processor.py:830} INFO - Processing file /media/data/omar/programming course/DEPI/DEPI project/anomx/venv/lib/python3.12/site-packages/airflow/example_dags/example_trigger_target_dag.py for tasks to queue
[2026-06-21T21:39:57.884+0300] {logging_mixin.py:188} INFO - [2026-06-21T21:39:57.882+0300] {dagbag.py:540} INFO - Filling up the DagBag from /media/data/omar/programming course/DEPI/DEPI project/anomx/venv/lib/python3.12/site-packages/airflow/example_dags/example_trigger_target_dag.py
[2026-06-21T21:39:57.911+0300] {processor.py:840} INFO - DAG(s) 'example_trigger_target_dag' retrieved from /media/data/omar/programming course/DEPI/DEPI project/anomx/venv/lib/python3.12/site-packages/airflow/example_dags/example_trigger_target_dag.py
[2026-06-21T21:39:57.973+0300] {logging_mixin.py:188} INFO - [2026-06-21T21:39:57.972+0300] {dag.py:3096} INFO - Sync 1 DAGs
[2026-06-21T21:39:57.997+0300] {logging_mixin.py:188} INFO - [2026-06-21T21:39:57.997+0300] {dag.py:3954} INFO - Setting next_dagrun for example_trigger_target_dag to None, run_after=None
[2026-06-21T21:39:58.034+0300] {processor.py:183} INFO - Processing /media/data/omar/programming course/DEPI/DEPI project/anomx/venv/lib/python3.12/site-packages/airflow/example_dags/example_trigger_target_dag.py took 0.183 seconds
[2026-06-21T21:40:56.616+0300] {processor.py:161} INFO - Started process (PID=15278) to work on /media/data/omar/programming course/DEPI/DEPI project/anomx/venv/lib/python3.12/site-packages/airflow/example_dags/example_trigger_target_dag.py
[2026-06-21T21:40:56.618+0300] {processor.py:830} INFO - Processing file /media/data/omar/programming course/DEPI/DEPI project/anomx/venv/lib/python3.12/site-packages/airflow/example_dags/example_trigger_target_dag.py for tasks to queue
[2026-06-21T21:40:56.621+0300] {logging_mixin.py:188} INFO - [2026-06-21T21:40:56.620+0300] {dagbag.py:540} INFO - Filling up the DagBag from /media/data/omar/programming course/DEPI/DEPI project/anomx/venv/lib/python3.12/site-packages/airflow/example_dags/example_trigger_target_dag.py
[2026-06-21T21:40:56.629+0300] {processor.py:840} INFO - DAG(s) 'example_trigger_target_dag' retrieved from /media/data/omar/programming course/DEPI/DEPI project/anomx/venv/lib/python3.12/site-packages/airflow/example_dags/example_trigger_target_dag.py
[2026-06-21T21:40:56.647+0300] {logging_mixin.py:188} INFO - [2026-06-21T21:40:56.646+0300] {dag.py:3096} INFO - Sync 1 DAGs
[2026-06-21T21:40:56.658+0300] {logging_mixin.py:188} INFO - [2026-06-21T21:40:56.658+0300] {dag.py:3954} INFO - Setting next_dagrun for example_trigger_target_dag to None, run_after=None
[2026-06-21T21:40:56.694+0300] {processor.py:183} INFO - Processing /media/data/omar/programming course/DEPI/DEPI project/anomx/venv/lib/python3.12/site-packages/airflow/example_dags/example_trigger_target_dag.py took 0.088 seconds
[2026-06-21T21:41:59.313+0300] {processor.py:161} INFO - Started process (PID=15416) to work on /media/data/omar/programming course/DEPI/DEPI project/anomx/venv/lib/python3.12/site-packages/airflow/example_dags/example_trigger_target_dag.py
[2026-06-21T21:41:59.314+0300] {processor.py:830} INFO - Processing file /media/data/omar/programming course/DEPI/DEPI project/anomx/venv/lib/python3.12/site-packages/airflow/example_dags/example_trigger_target_dag.py for tasks to queue
[2026-06-21T21:41:59.316+0300] {logging_mixin.py:188} INFO - [2026-06-21T21:41:59.315+0300] {dagbag.py:540} INFO - Filling up the DagBag from /media/data/omar/programming course/DEPI/DEPI project/anomx/venv/lib/python3.12/site-packages/airflow/example_dags/example_trigger_target_dag.py
[2026-06-21T21:41:59.325+0300] {processor.py:840} INFO - DAG(s) 'example_trigger_target_dag' retrieved from /media/data/omar/programming course/DEPI/DEPI project/anomx/venv/lib/python3.12/site-packages/airflow/example_dags/example_trigger_target_dag.py
[2026-06-21T21:41:59.341+0300] {logging_mixin.py:188} INFO - [2026-06-21T21:41:59.340+0300] {dag.py:3096} INFO - Sync 1 DAGs
[2026-06-21T21:41:59.352+0300] {logging_mixin.py:188} INFO - [2026-06-21T21:41:59.351+0300] {dag.py:3954} INFO - Setting next_dagrun for example_trigger_target_dag to None, run_after=None
[2026-06-21T21:41:59.382+0300] {processor.py:183} INFO - Processing /media/data/omar/programming course/DEPI/DEPI project/anomx/venv/lib/python3.12/site-packages/airflow/example_dags/example_trigger_target_dag.py took 0.076 seconds
[2026-06-21T21:43:06.724+0300] {processor.py:161} INFO - Started process (PID=15632) to work on /media/data/omar/programming course/DEPI/DEPI project/anomx/venv/lib/python3.12/site-packages/airflow/example_dags/example_trigger_target_dag.py
[2026-06-21T21:43:06.726+0300] {processor.py:830} INFO - Processing file /media/data/omar/programming course/DEPI/DEPI project/anomx/venv/lib/python3.12/site-packages/airflow/example_dags/example_trigger_target_dag.py for tasks to queue
[2026-06-21T21:43:06.729+0300] {logging_mixin.py:188} INFO - [2026-06-21T21:43:06.728+0300] {dagbag.py:540} INFO - Filling up the DagBag from /media/data/omar/programming course/DEPI/DEPI project/anomx/venv/lib/python3.12/site-packages/airflow/example_dags/example_trigger_target_dag.py
[2026-06-21T21:43:06.744+0300] {processor.py:840} INFO - DAG(s) 'example_trigger_target_dag' retrieved from /media/data/omar/programming course/DEPI/DEPI project/anomx/venv/lib/python3.12/site-packages/airflow/example_dags/example_trigger_target_dag.py
[2026-06-21T21:43:06.773+0300] {logging_mixin.py:188} INFO - [2026-06-21T21:43:06.772+0300] {dag.py:3096} INFO - Sync 1 DAGs
[2026-06-21T21:43:06.787+0300] {logging_mixin.py:188} INFO - [2026-06-21T21:43:06.787+0300] {dag.py:3954} INFO - Setting next_dagrun for example_trigger_target_dag to None, run_after=None
[2026-06-21T21:43:06.853+0300] {processor.py:183} INFO - Processing /media/data/omar/programming course/DEPI/DEPI project/anomx/venv/lib/python3.12/site-packages/airflow/example_dags/example_trigger_target_dag.py took 0.139 seconds
[2026-06-21T21:44:05.837+0300] {processor.py:161} INFO - Started process (PID=15747) to work on /media/data/omar/programming course/DEPI/DEPI project/anomx/venv/lib/python3.12/site-packages/airflow/example_dags/example_trigger_target_dag.py
[2026-06-21T21:44:05.838+0300] {processor.py:830} INFO - Processing file /media/data/omar/programming course/DEPI/DEPI project/anomx/venv/lib/python3.12/site-packages/airflow/example_dags/example_trigger_target_dag.py for tasks to queue
[2026-06-21T21:44:05.840+0300] {logging_mixin.py:188} INFO - [2026-06-21T21:44:05.839+0300] {dagbag.py:540} INFO - Filling up the DagBag from /media/data/omar/programming course/DEPI/DEPI project/anomx/venv/lib/python3.12/site-packages/airflow/example_dags/example_trigger_target_dag.py
[2026-06-21T21:44:05.847+0300] {processor.py:840} INFO - DAG(s) 'example_trigger_target_dag' retrieved from /media/data/omar/programming course/DEPI/DEPI project/anomx/venv/lib/python3.12/site-packages/airflow/example_dags/example_trigger_target_dag.py
[2026-06-21T21:44:05.863+0300] {logging_mixin.py:188} INFO - [2026-06-21T21:44:05.862+0300] {dag.py:3096} INFO - Sync 1 DAGs
[2026-06-21T21:44:05.873+0300] {logging_mixin.py:188} INFO - [2026-06-21T21:44:05.873+0300] {dag.py:3954} INFO - Setting next_dagrun for example_trigger_target_dag to None, run_after=None
[2026-06-21T21:44:05.905+0300] {processor.py:183} INFO - Processing /media/data/omar/programming course/DEPI/DEPI project/anomx/venv/lib/python3.12/site-packages/airflow/example_dags/example_trigger_target_dag.py took 0.074 seconds
[2026-06-21T21:46:10.802+0300] {processor.py:161} INFO - Started process (PID=15990) to work on /media/data/omar/programming course/DEPI/DEPI project/anomx/venv/lib/python3.12/site-packages/airflow/example_dags/example_trigger_target_dag.py
[2026-06-21T21:46:10.803+0300] {processor.py:830} INFO - Processing file /media/data/omar/programming course/DEPI/DEPI project/anomx/venv/lib/python3.12/site-packages/airflow/example_dags/example_trigger_target_dag.py for tasks to queue
[2026-06-21T21:46:10.806+0300] {logging_mixin.py:188} INFO - [2026-06-21T21:46:10.805+0300] {dagbag.py:540} INFO - Filling up the DagBag from /media/data/omar/programming course/DEPI/DEPI project/anomx/venv/lib/python3.12/site-packages/airflow/example_dags/example_trigger_target_dag.py
[2026-06-21T21:46:10.816+0300] {processor.py:840} INFO - DAG(s) 'example_trigger_target_dag' retrieved from /media/data/omar/programming course/DEPI/DEPI project/anomx/venv/lib/python3.12/site-packages/airflow/example_dags/example_trigger_target_dag.py
[2026-06-21T21:46:10.879+0300] {logging_mixin.py:188} INFO - [2026-06-21T21:46:10.877+0300] {dag.py:3096} INFO - Sync 1 DAGs
[2026-06-21T21:46:10.903+0300] {logging_mixin.py:188} INFO - [2026-06-21T21:46:10.902+0300] {dag.py:3954} INFO - Setting next_dagrun for example_trigger_target_dag to None, run_after=None
[2026-06-21T21:46:11.017+0300] {processor.py:183} INFO - Processing /media/data/omar/programming course/DEPI/DEPI project/anomx/venv/lib/python3.12/site-packages/airflow/example_dags/example_trigger_target_dag.py took 0.229 seconds
[2026-06-21T21:47:38.040+0300] {processor.py:161} INFO - Started process (PID=16156) to work on /media/data/omar/programming course/DEPI/DEPI project/anomx/venv/lib/python3.12/site-packages/airflow/example_dags/example_trigger_target_dag.py
[2026-06-21T21:47:38.041+0300] {processor.py:830} INFO - Processing file /media/data/omar/programming course/DEPI/DEPI project/anomx/venv/lib/python3.12/site-packages/airflow/example_dags/example_trigger_target_dag.py for tasks to queue
[2026-06-21T21:47:38.045+0300] {logging_mixin.py:188} INFO - [2026-06-21T21:47:38.044+0300] {dagbag.py:540} INFO - Filling up the DagBag from /media/data/omar/programming course/DEPI/DEPI project/anomx/venv/lib/python3.12/site-packages/airflow/example_dags/example_trigger_target_dag.py
[2026-06-21T21:47:38.057+0300] {processor.py:840} INFO - DAG(s) 'example_trigger_target_dag' retrieved from /media/data/omar/programming course/DEPI/DEPI project/anomx/venv/lib/python3.12/site-packages/airflow/example_dags/example_trigger_target_dag.py
[2026-06-21T21:47:38.079+0300] {logging_mixin.py:188} INFO - [2026-06-21T21:47:38.079+0300] {dag.py:3096} INFO - Sync 1 DAGs
[2026-06-21T21:47:38.090+0300] {logging_mixin.py:188} INFO - [2026-06-21T21:47:38.089+0300] {dag.py:3954} INFO - Setting next_dagrun for example_trigger_target_dag to None, run_after=None
[2026-06-21T21:47:38.121+0300] {processor.py:183} INFO - Processing /media/data/omar/programming course/DEPI/DEPI project/anomx/venv/lib/python3.12/site-packages/airflow/example_dags/example_trigger_target_dag.py took 0.091 seconds
[2026-06-21T21:48:38.103+0300] {processor.py:161} INFO - Started process (PID=16247) to work on /media/data/omar/programming course/DEPI/DEPI project/anomx/venv/lib/python3.12/site-packages/airflow/example_dags/example_trigger_target_dag.py
[2026-06-21T21:48:38.104+0300] {processor.py:830} INFO - Processing file /media/data/omar/programming course/DEPI/DEPI project/anomx/venv/lib/python3.12/site-packages/airflow/example_dags/example_trigger_target_dag.py for tasks to queue
[2026-06-21T21:48:38.107+0300] {logging_mixin.py:188} INFO - [2026-06-21T21:48:38.106+0300] {dagbag.py:540} INFO - Filling up the DagBag from /media/data/omar/programming course/DEPI/DEPI project/anomx/venv/lib/python3.12/site-packages/airflow/example_dags/example_trigger_target_dag.py
[2026-06-21T21:48:38.116+0300] {processor.py:840} INFO - DAG(s) 'example_trigger_target_dag' retrieved from /media/data/omar/programming course/DEPI/DEPI project/anomx/venv/lib/python3.12/site-packages/airflow/example_dags/example_trigger_target_dag.py
[2026-06-21T21:48:38.131+0300] {logging_mixin.py:188} INFO - [2026-06-21T21:48:38.130+0300] {dag.py:3096} INFO - Sync 1 DAGs
[2026-06-21T21:48:38.141+0300] {logging_mixin.py:188} INFO - [2026-06-21T21:48:38.141+0300] {dag.py:3954} INFO - Setting next_dagrun for example_trigger_target_dag to None, run_after=None
[2026-06-21T21:48:38.222+0300] {processor.py:183} INFO - Processing /media/data/omar/programming course/DEPI/DEPI project/anomx/venv/lib/python3.12/site-packages/airflow/example_dags/example_trigger_target_dag.py took 0.130 seconds
[2026-06-21T21:49:39.385+0300] {processor.py:161} INFO - Started process (PID=16342) to work on /media/data/omar/programming course/DEPI/DEPI project/anomx/venv/lib/python3.12/site-packages/airflow/example_dags/example_trigger_target_dag.py
[2026-06-21T21:49:39.387+0300] {processor.py:830} INFO - Processing file /media/data/omar/programming course/DEPI/DEPI project/anomx/venv/lib/python3.12/site-packages/airflow/example_dags/example_trigger_target_dag.py for tasks to queue
[2026-06-21T21:49:39.390+0300] {logging_mixin.py:188} INFO - [2026-06-21T21:49:39.389+0300] {dagbag.py:540} INFO - Filling up the DagBag from /media/data/omar/programming course/DEPI/DEPI project/anomx/venv/lib/python3.12/site-packages/airflow/example_dags/example_trigger_target_dag.py
[2026-06-21T21:49:39.401+0300] {processor.py:840} INFO - DAG(s) 'example_trigger_target_dag' retrieved from /media/data/omar/programming course/DEPI/DEPI project/anomx/venv/lib/python3.12/site-packages/airflow/example_dags/example_trigger_target_dag.py
[2026-06-21T21:49:39.419+0300] {logging_mixin.py:188} INFO - [2026-06-21T21:49:39.418+0300] {dag.py:3096} INFO - Sync 1 DAGs
[2026-06-21T21:49:39.430+0300] {logging_mixin.py:188} INFO - [2026-06-21T21:49:39.429+0300] {dag.py:3954} INFO - Setting next_dagrun for example_trigger_target_dag to None, run_after=None
[2026-06-21T21:49:39.461+0300] {processor.py:183} INFO - Processing /media/data/omar/programming course/DEPI/DEPI project/anomx/venv/lib/python3.12/site-packages/airflow/example_dags/example_trigger_target_dag.py took 0.097 seconds
[2026-06-21T21:52:06.673+0300] {processor.py:161} INFO - Started process (PID=16624) to work on /media/data/omar/programming course/DEPI/DEPI project/anomx/venv/lib/python3.12/site-packages/airflow/example_dags/example_trigger_target_dag.py
[2026-06-21T21:52:06.676+0300] {processor.py:830} INFO - Processing file /media/data/omar/programming course/DEPI/DEPI project/anomx/venv/lib/python3.12/site-packages/airflow/example_dags/example_trigger_target_dag.py for tasks to queue
[2026-06-21T21:52:06.680+0300] {logging_mixin.py:188} INFO - [2026-06-21T21:52:06.679+0300] {dagbag.py:540} INFO - Filling up the DagBag from /media/data/omar/programming course/DEPI/DEPI project/anomx/venv/lib/python3.12/site-packages/airflow/example_dags/example_trigger_target_dag.py
[2026-06-21T21:52:06.691+0300] {processor.py:840} INFO - DAG(s) 'example_trigger_target_dag' retrieved from /media/data/omar/programming course/DEPI/DEPI project/anomx/venv/lib/python3.12/site-packages/airflow/example_dags/example_trigger_target_dag.py
[2026-06-21T21:52:06.707+0300] {logging_mixin.py:188} INFO - [2026-06-21T21:52:06.707+0300] {dag.py:3096} INFO - Sync 1 DAGs
[2026-06-21T21:52:06.717+0300] {logging_mixin.py:188} INFO - [2026-06-21T21:52:06.717+0300] {dag.py:3954} INFO - Setting next_dagrun for example_trigger_target_dag to None, run_after=None
[2026-06-21T21:52:06.744+0300] {processor.py:183} INFO - Processing /media/data/omar/programming course/DEPI/DEPI project/anomx/venv/lib/python3.12/site-packages/airflow/example_dags/example_trigger_target_dag.py took 0.091 seconds
[2026-06-21T21:52:57.585+0300] {processor.py:161} INFO - Started process (PID=16710) to work on /media/data/omar/programming course/DEPI/DEPI project/anomx/venv/lib/python3.12/site-packages/airflow/example_dags/example_trigger_target_dag.py
[2026-06-21T21:52:57.587+0300] {processor.py:830} INFO - Processing file /media/data/omar/programming course/DEPI/DEPI project/anomx/venv/lib/python3.12/site-packages/airflow/example_dags/example_trigger_target_dag.py for tasks to queue
[2026-06-21T21:52:57.591+0300] {logging_mixin.py:188} INFO - [2026-06-21T21:52:57.590+0300] {dagbag.py:540} INFO - Filling up the DagBag from /media/data/omar/programming course/DEPI/DEPI project/anomx/venv/lib/python3.12/site-packages/airflow/example_dags/example_trigger_target_dag.py
[2026-06-21T21:52:57.601+0300] {processor.py:840} INFO - DAG(s) 'example_trigger_target_dag' retrieved from /media/data/omar/programming course/DEPI/DEPI project/anomx/venv/lib/python3.12/site-packages/airflow/example_dags/example_trigger_target_dag.py
[2026-06-21T21:52:57.618+0300] {logging_mixin.py:188} INFO - [2026-06-21T21:52:57.617+0300] {dag.py:3096} INFO - Sync 1 DAGs
[2026-06-21T21:52:57.627+0300] {logging_mixin.py:188} INFO - [2026-06-21T21:52:57.627+0300] {dag.py:3954} INFO - Setting next_dagrun for example_trigger_target_dag to None, run_after=None
[2026-06-21T21:52:57.655+0300] {processor.py:183} INFO - Processing /media/data/omar/programming course/DEPI/DEPI project/anomx/venv/lib/python3.12/site-packages/airflow/example_dags/example_trigger_target_dag.py took 0.089 seconds
[2026-06-21T21:53:52.895+0300] {processor.py:161} INFO - Started process (PID=16789) to work on /media/data/omar/programming course/DEPI/DEPI project/anomx/venv/lib/python3.12/site-packages/airflow/example_dags/example_trigger_target_dag.py
[2026-06-21T21:53:52.896+0300] {processor.py:830} INFO - Processing file /media/data/omar/programming course/DEPI/DEPI project/anomx/venv/lib/python3.12/site-packages/airflow/example_dags/example_trigger_target_dag.py for tasks to queue
[2026-06-21T21:53:52.899+0300] {logging_mixin.py:188} INFO - [2026-06-21T21:53:52.898+0300] {dagbag.py:540} INFO - Filling up the DagBag from /media/data/omar/programming course/DEPI/DEPI project/anomx/venv/lib/python3.12/site-packages/airflow/example_dags/example_trigger_target_dag.py
[2026-06-21T21:53:52.907+0300] {processor.py:840} INFO - DAG(s) 'example_trigger_target_dag' retrieved from /media/data/omar/programming course/DEPI/DEPI project/anomx/venv/lib/python3.12/site-packages/airflow/example_dags/example_trigger_target_dag.py
[2026-06-21T21:53:52.922+0300] {logging_mixin.py:188} INFO - [2026-06-21T21:53:52.921+0300] {dag.py:3096} INFO - Sync 1 DAGs
[2026-06-21T21:53:52.931+0300] {logging_mixin.py:188} INFO - [2026-06-21T21:53:52.931+0300] {dag.py:3954} INFO - Setting next_dagrun for example_trigger_target_dag to None, run_after=None
[2026-06-21T21:53:52.964+0300] {processor.py:183} INFO - Processing /media/data/omar/programming course/DEPI/DEPI project/anomx/venv/lib/python3.12/site-packages/airflow/example_dags/example_trigger_target_dag.py took 0.084 seconds
[2026-06-21T21:54:50.050+0300] {processor.py:161} INFO - Started process (PID=16891) to work on /media/data/omar/programming course/DEPI/DEPI project/anomx/venv/lib/python3.12/site-packages/airflow/example_dags/example_trigger_target_dag.py
[2026-06-21T21:54:50.054+0300] {processor.py:830} INFO - Processing file /media/data/omar/programming course/DEPI/DEPI project/anomx/venv/lib/python3.12/site-packages/airflow/example_dags/example_trigger_target_dag.py for tasks to queue
[2026-06-21T21:54:50.061+0300] {logging_mixin.py:188} INFO - [2026-06-21T21:54:50.059+0300] {dagbag.py:540} INFO - Filling up the DagBag from /media/data/omar/programming course/DEPI/DEPI project/anomx/venv/lib/python3.12/site-packages/airflow/example_dags/example_trigger_target_dag.py
[2026-06-21T21:54:50.076+0300] {processor.py:840} INFO - DAG(s) 'example_trigger_target_dag' retrieved from /media/data/omar/programming course/DEPI/DEPI project/anomx/venv/lib/python3.12/site-packages/airflow/example_dags/example_trigger_target_dag.py
[2026-06-21T21:54:50.094+0300] {logging_mixin.py:188} INFO - [2026-06-21T21:54:50.094+0300] {dag.py:3096} INFO - Sync 1 DAGs
[2026-06-21T21:54:50.105+0300] {logging_mixin.py:188} INFO - [2026-06-21T21:54:50.105+0300] {dag.py:3954} INFO - Setting next_dagrun for example_trigger_target_dag to None, run_after=None
[2026-06-21T21:54:50.133+0300] {processor.py:183} INFO - Processing /media/data/omar/programming course/DEPI/DEPI project/anomx/venv/lib/python3.12/site-packages/airflow/example_dags/example_trigger_target_dag.py took 0.102 seconds
[2026-06-21T21:55:46.082+0300] {processor.py:161} INFO - Started process (PID=16987) to work on /media/data/omar/programming course/DEPI/DEPI project/anomx/venv/lib/python3.12/site-packages/airflow/example_dags/example_trigger_target_dag.py
[2026-06-21T21:55:46.084+0300] {processor.py:830} INFO - Processing file /media/data/omar/programming course/DEPI/DEPI project/anomx/venv/lib/python3.12/site-packages/airflow/example_dags/example_trigger_target_dag.py for tasks to queue
[2026-06-21T21:55:46.087+0300] {logging_mixin.py:188} INFO - [2026-06-21T21:55:46.086+0300] {dagbag.py:540} INFO - Filling up the DagBag from /media/data/omar/programming course/DEPI/DEPI project/anomx/venv/lib/python3.12/site-packages/airflow/example_dags/example_trigger_target_dag.py
[2026-06-21T21:55:46.097+0300] {processor.py:840} INFO - DAG(s) 'example_trigger_target_dag' retrieved from /media/data/omar/programming course/DEPI/DEPI project/anomx/venv/lib/python3.12/site-packages/airflow/example_dags/example_trigger_target_dag.py
[2026-06-21T21:55:46.115+0300] {logging_mixin.py:188} INFO - [2026-06-21T21:55:46.115+0300] {dag.py:3096} INFO - Sync 1 DAGs
[2026-06-21T21:55:46.126+0300] {logging_mixin.py:188} INFO - [2026-06-21T21:55:46.125+0300] {dag.py:3954} INFO - Setting next_dagrun for example_trigger_target_dag to None, run_after=None
[2026-06-21T21:55:46.152+0300] {processor.py:183} INFO - Processing /media/data/omar/programming course/DEPI/DEPI project/anomx/venv/lib/python3.12/site-packages/airflow/example_dags/example_trigger_target_dag.py took 0.085 seconds
[2026-06-21T21:56:38.355+0300] {processor.py:161} INFO - Started process (PID=17076) to work on /media/data/omar/programming course/DEPI/DEPI project/anomx/venv/lib/python3.12/site-packages/airflow/example_dags/example_trigger_target_dag.py
[2026-06-21T21:56:38.356+0300] {processor.py:830} INFO - Processing file /media/data/omar/programming course/DEPI/DEPI project/anomx/venv/lib/python3.12/site-packages/airflow/example_dags/example_trigger_target_dag.py for tasks to queue
[2026-06-21T21:56:38.359+0300] {logging_mixin.py:188} INFO - [2026-06-21T21:56:38.358+0300] {dagbag.py:540} INFO - Filling up the DagBag from /media/data/omar/programming course/DEPI/DEPI project/anomx/venv/lib/python3.12/site-packages/airflow/example_dags/example_trigger_target_dag.py
[2026-06-21T21:56:38.365+0300] {processor.py:840} INFO - DAG(s) 'example_trigger_target_dag' retrieved from /media/data/omar/programming course/DEPI/DEPI project/anomx/venv/lib/python3.12/site-packages/airflow/example_dags/example_trigger_target_dag.py
[2026-06-21T21:56:38.378+0300] {logging_mixin.py:188} INFO - [2026-06-21T21:56:38.378+0300] {dag.py:3096} INFO - Sync 1 DAGs
[2026-06-21T21:56:38.388+0300] {logging_mixin.py:188} INFO - [2026-06-21T21:56:38.388+0300] {dag.py:3954} INFO - Setting next_dagrun for example_trigger_target_dag to None, run_after=None
[2026-06-21T21:56:38.424+0300] {processor.py:183} INFO - Processing /media/data/omar/programming course/DEPI/DEPI project/anomx/venv/lib/python3.12/site-packages/airflow/example_dags/example_trigger_target_dag.py took 0.077 seconds
[2026-06-21T21:57:30.074+0300] {processor.py:161} INFO - Started process (PID=17160) to work on /media/data/omar/programming course/DEPI/DEPI project/anomx/venv/lib/python3.12/site-packages/airflow/example_dags/example_trigger_target_dag.py
[2026-06-21T21:57:30.075+0300] {processor.py:830} INFO - Processing file /media/data/omar/programming course/DEPI/DEPI project/anomx/venv/lib/python3.12/site-packages/airflow/example_dags/example_trigger_target_dag.py for tasks to queue
[2026-06-21T21:57:30.078+0300] {logging_mixin.py:188} INFO - [2026-06-21T21:57:30.077+0300] {dagbag.py:540} INFO - Filling up the DagBag from /media/data/omar/programming course/DEPI/DEPI project/anomx/venv/lib/python3.12/site-packages/airflow/example_dags/example_trigger_target_dag.py
[2026-06-21T21:57:30.089+0300] {processor.py:840} INFO - DAG(s) 'example_trigger_target_dag' retrieved from /media/data/omar/programming course/DEPI/DEPI project/anomx/venv/lib/python3.12/site-packages/airflow/example_dags/example_trigger_target_dag.py
[2026-06-21T21:57:30.113+0300] {logging_mixin.py:188} INFO - [2026-06-21T21:57:30.112+0300] {dag.py:3096} INFO - Sync 1 DAGs
[2026-06-21T21:57:30.128+0300] {logging_mixin.py:188} INFO - [2026-06-21T21:57:30.127+0300] {dag.py:3954} INFO - Setting next_dagrun for example_trigger_target_dag to None, run_after=None
[2026-06-21T21:57:30.167+0300] {processor.py:183} INFO - Processing /media/data/omar/programming course/DEPI/DEPI project/anomx/venv/lib/python3.12/site-packages/airflow/example_dags/example_trigger_target_dag.py took 0.101 seconds
[2026-06-21T21:58:25.875+0300] {processor.py:161} INFO - Started process (PID=17253) to work on /media/data/omar/programming course/DEPI/DEPI project/anomx/venv/lib/python3.12/site-packages/airflow/example_dags/example_trigger_target_dag.py
[2026-06-21T21:58:25.877+0300] {processor.py:830} INFO - Processing file /media/data/omar/programming course/DEPI/DEPI project/anomx/venv/lib/python3.12/site-packages/airflow/example_dags/example_trigger_target_dag.py for tasks to queue
[2026-06-21T21:58:25.880+0300] {logging_mixin.py:188} INFO - [2026-06-21T21:58:25.879+0300] {dagbag.py:540} INFO - Filling up the DagBag from /media/data/omar/programming course/DEPI/DEPI project/anomx/venv/lib/python3.12/site-packages/airflow/example_dags/example_trigger_target_dag.py
[2026-06-21T21:58:25.890+0300] {processor.py:840} INFO - DAG(s) 'example_trigger_target_dag' retrieved from /media/data/omar/programming course/DEPI/DEPI project/anomx/venv/lib/python3.12/site-packages/airflow/example_dags/example_trigger_target_dag.py
[2026-06-21T21:58:25.905+0300] {logging_mixin.py:188} INFO - [2026-06-21T21:58:25.905+0300] {dag.py:3096} INFO - Sync 1 DAGs
[2026-06-21T21:58:25.916+0300] {logging_mixin.py:188} INFO - [2026-06-21T21:58:25.915+0300] {dag.py:3954} INFO - Setting next_dagrun for example_trigger_target_dag to None, run_after=None
[2026-06-21T21:58:25.943+0300] {processor.py:183} INFO - Processing /media/data/omar/programming course/DEPI/DEPI project/anomx/venv/lib/python3.12/site-packages/airflow/example_dags/example_trigger_target_dag.py took 0.085 seconds
[2026-06-21T21:59:21.188+0300] {processor.py:161} INFO - Started process (PID=17343) to work on /media/data/omar/programming course/DEPI/DEPI project/anomx/venv/lib/python3.12/site-packages/airflow/example_dags/example_trigger_target_dag.py
[2026-06-21T21:59:21.189+0300] {processor.py:830} INFO - Processing file /media/data/omar/programming course/DEPI/DEPI project/anomx/venv/lib/python3.12/site-packages/airflow/example_dags/example_trigger_target_dag.py for tasks to queue
[2026-06-21T21:59:21.192+0300] {logging_mixin.py:188} INFO - [2026-06-21T21:59:21.191+0300] {dagbag.py:540} INFO - Filling up the DagBag from /media/data/omar/programming course/DEPI/DEPI project/anomx/venv/lib/python3.12/site-packages/airflow/example_dags/example_trigger_target_dag.py
[2026-06-21T21:59:21.202+0300] {processor.py:840} INFO - DAG(s) 'example_trigger_target_dag' retrieved from /media/data/omar/programming course/DEPI/DEPI project/anomx/venv/lib/python3.12/site-packages/airflow/example_dags/example_trigger_target_dag.py
[2026-06-21T21:59:21.221+0300] {logging_mixin.py:188} INFO - [2026-06-21T21:59:21.221+0300] {dag.py:3096} INFO - Sync 1 DAGs
[2026-06-21T21:59:21.231+0300] {logging_mixin.py:188} INFO - [2026-06-21T21:59:21.231+0300] {dag.py:3954} INFO - Setting next_dagrun for example_trigger_target_dag to None, run_after=None
[2026-06-21T21:59:21.259+0300] {processor.py:183} INFO - Processing /media/data/omar/programming course/DEPI/DEPI project/anomx/venv/lib/python3.12/site-packages/airflow/example_dags/example_trigger_target_dag.py took 0.079 seconds
[2026-06-21T22:00:18.127+0300] {processor.py:161} INFO - Started process (PID=17438) to work on /media/data/omar/programming course/DEPI/DEPI project/anomx/venv/lib/python3.12/site-packages/airflow/example_dags/example_trigger_target_dag.py
[2026-06-21T22:00:18.129+0300] {processor.py:830} INFO - Processing file /media/data/omar/programming course/DEPI/DEPI project/anomx/venv/lib/python3.12/site-packages/airflow/example_dags/example_trigger_target_dag.py for tasks to queue
[2026-06-21T22:00:18.132+0300] {logging_mixin.py:188} INFO - [2026-06-21T22:00:18.131+0300] {dagbag.py:540} INFO - Filling up the DagBag from /media/data/omar/programming course/DEPI/DEPI project/anomx/venv/lib/python3.12/site-packages/airflow/example_dags/example_trigger_target_dag.py
[2026-06-21T22:00:18.142+0300] {processor.py:840} INFO - DAG(s) 'example_trigger_target_dag' retrieved from /media/data/omar/programming course/DEPI/DEPI project/anomx/venv/lib/python3.12/site-packages/airflow/example_dags/example_trigger_target_dag.py
[2026-06-21T22:00:18.157+0300] {logging_mixin.py:188} INFO - [2026-06-21T22:00:18.156+0300] {dag.py:3096} INFO - Sync 1 DAGs
[2026-06-21T22:00:18.167+0300] {logging_mixin.py:188} INFO - [2026-06-21T22:00:18.166+0300] {dag.py:3954} INFO - Setting next_dagrun for example_trigger_target_dag to None, run_after=None
[2026-06-21T22:00:18.193+0300] {processor.py:183} INFO - Processing /media/data/omar/programming course/DEPI/DEPI project/anomx/venv/lib/python3.12/site-packages/airflow/example_dags/example_trigger_target_dag.py took 0.087 seconds
[2026-06-21T22:01:15.293+0300] {processor.py:161} INFO - Started process (PID=17529) to work on /media/data/omar/programming course/DEPI/DEPI project/anomx/venv/lib/python3.12/site-packages/airflow/example_dags/example_trigger_target_dag.py
[2026-06-21T22:01:15.295+0300] {processor.py:830} INFO - Processing file /media/data/omar/programming course/DEPI/DEPI project/anomx/venv/lib/python3.12/site-packages/airflow/example_dags/example_trigger_target_dag.py for tasks to queue
[2026-06-21T22:01:15.298+0300] {logging_mixin.py:188} INFO - [2026-06-21T22:01:15.297+0300] {dagbag.py:540} INFO - Filling up the DagBag from /media/data/omar/programming course/DEPI/DEPI project/anomx/venv/lib/python3.12/site-packages/airflow/example_dags/example_trigger_target_dag.py
[2026-06-21T22:01:15.309+0300] {processor.py:840} INFO - DAG(s) 'example_trigger_target_dag' retrieved from /media/data/omar/programming course/DEPI/DEPI project/anomx/venv/lib/python3.12/site-packages/airflow/example_dags/example_trigger_target_dag.py
[2026-06-21T22:01:15.330+0300] {logging_mixin.py:188} INFO - [2026-06-21T22:01:15.330+0300] {dag.py:3096} INFO - Sync 1 DAGs
[2026-06-21T22:01:15.343+0300] {logging_mixin.py:188} INFO - [2026-06-21T22:01:15.343+0300] {dag.py:3954} INFO - Setting next_dagrun for example_trigger_target_dag to None, run_after=None
[2026-06-21T22:01:15.370+0300] {processor.py:183} INFO - Processing /media/data/omar/programming course/DEPI/DEPI project/anomx/venv/lib/python3.12/site-packages/airflow/example_dags/example_trigger_target_dag.py took 0.087 seconds
[2026-06-21T22:02:13.062+0300] {processor.py:161} INFO - Started process (PID=17611) to work on /media/data/omar/programming course/DEPI/DEPI project/anomx/venv/lib/python3.12/site-packages/airflow/example_dags/example_trigger_target_dag.py
[2026-06-21T22:02:13.064+0300] {processor.py:830} INFO - Processing file /media/data/omar/programming course/DEPI/DEPI project/anomx/venv/lib/python3.12/site-packages/airflow/example_dags/example_trigger_target_dag.py for tasks to queue
[2026-06-21T22:02:13.068+0300] {logging_mixin.py:188} INFO - [2026-06-21T22:02:13.067+0300] {dagbag.py:540} INFO - Filling up the DagBag from /media/data/omar/programming course/DEPI/DEPI project/anomx/venv/lib/python3.12/site-packages/airflow/example_dags/example_trigger_target_dag.py
[2026-06-21T22:02:13.079+0300] {processor.py:840} INFO - DAG(s) 'example_trigger_target_dag' retrieved from /media/data/omar/programming course/DEPI/DEPI project/anomx/venv/lib/python3.12/site-packages/airflow/example_dags/example_trigger_target_dag.py
[2026-06-21T22:02:13.095+0300] {logging_mixin.py:188} INFO - [2026-06-21T22:02:13.095+0300] {dag.py:3096} INFO - Sync 1 DAGs
[2026-06-21T22:02:13.105+0300] {logging_mixin.py:188} INFO - [2026-06-21T22:02:13.105+0300] {dag.py:3954} INFO - Setting next_dagrun for example_trigger_target_dag to None, run_after=None
[2026-06-21T22:02:13.135+0300] {processor.py:183} INFO - Processing /media/data/omar/programming course/DEPI/DEPI project/anomx/venv/lib/python3.12/site-packages/airflow/example_dags/example_trigger_target_dag.py took 0.086 seconds
[2026-06-21T22:03:10.496+0300] {processor.py:161} INFO - Started process (PID=17759) to work on /media/data/omar/programming course/DEPI/DEPI project/anomx/venv/lib/python3.12/site-packages/airflow/example_dags/example_trigger_target_dag.py
[2026-06-21T22:03:10.498+0300] {processor.py:830} INFO - Processing file /media/data/omar/programming course/DEPI/DEPI project/anomx/venv/lib/python3.12/site-packages/airflow/example_dags/example_trigger_target_dag.py for tasks to queue
[2026-06-21T22:03:10.501+0300] {logging_mixin.py:188} INFO - [2026-06-21T22:03:10.500+0300] {dagbag.py:540} INFO - Filling up the DagBag from /media/data/omar/programming course/DEPI/DEPI project/anomx/venv/lib/python3.12/site-packages/airflow/example_dags/example_trigger_target_dag.py
[2026-06-21T22:03:10.511+0300] {processor.py:840} INFO - DAG(s) 'example_trigger_target_dag' retrieved from /media/data/omar/programming course/DEPI/DEPI project/anomx/venv/lib/python3.12/site-packages/airflow/example_dags/example_trigger_target_dag.py
[2026-06-21T22:03:10.526+0300] {logging_mixin.py:188} INFO - [2026-06-21T22:03:10.525+0300] {dag.py:3096} INFO - Sync 1 DAGs
[2026-06-21T22:03:10.536+0300] {logging_mixin.py:188} INFO - [2026-06-21T22:03:10.536+0300] {dag.py:3954} INFO - Setting next_dagrun for example_trigger_target_dag to None, run_after=None
[2026-06-21T22:03:10.562+0300] {processor.py:183} INFO - Processing /media/data/omar/programming course/DEPI/DEPI project/anomx/venv/lib/python3.12/site-packages/airflow/example_dags/example_trigger_target_dag.py took 0.083 seconds
[2026-06-21T22:04:06.496+0300] {processor.py:161} INFO - Started process (PID=17861) to work on /media/data/omar/programming course/DEPI/DEPI project/anomx/venv/lib/python3.12/site-packages/airflow/example_dags/example_trigger_target_dag.py
[2026-06-21T22:04:06.498+0300] {processor.py:830} INFO - Processing file /media/data/omar/programming course/DEPI/DEPI project/anomx/venv/lib/python3.12/site-packages/airflow/example_dags/example_trigger_target_dag.py for tasks to queue
[2026-06-21T22:04:06.500+0300] {logging_mixin.py:188} INFO - [2026-06-21T22:04:06.500+0300] {dagbag.py:540} INFO - Filling up the DagBag from /media/data/omar/programming course/DEPI/DEPI project/anomx/venv/lib/python3.12/site-packages/airflow/example_dags/example_trigger_target_dag.py
[2026-06-21T22:04:06.511+0300] {processor.py:840} INFO - DAG(s) 'example_trigger_target_dag' retrieved from /media/data/omar/programming course/DEPI/DEPI project/anomx/venv/lib/python3.12/site-packages/airflow/example_dags/example_trigger_target_dag.py
[2026-06-21T22:04:06.530+0300] {logging_mixin.py:188} INFO - [2026-06-21T22:04:06.530+0300] {dag.py:3096} INFO - Sync 1 DAGs
[2026-06-21T22:04:06.540+0300] {logging_mixin.py:188} INFO - [2026-06-21T22:04:06.539+0300] {dag.py:3954} INFO - Setting next_dagrun for example_trigger_target_dag to None, run_after=None
[2026-06-21T22:04:06.565+0300] {processor.py:183} INFO - Processing /media/data/omar/programming course/DEPI/DEPI project/anomx/venv/lib/python3.12/site-packages/airflow/example_dags/example_trigger_target_dag.py took 0.077 seconds
[2026-06-21T22:05:00.101+0300] {processor.py:161} INFO - Started process (PID=17948) to work on /media/data/omar/programming course/DEPI/DEPI project/anomx/venv/lib/python3.12/site-packages/airflow/example_dags/example_trigger_target_dag.py
[2026-06-21T22:05:00.103+0300] {processor.py:830} INFO - Processing file /media/data/omar/programming course/DEPI/DEPI project/anomx/venv/lib/python3.12/site-packages/airflow/example_dags/example_trigger_target_dag.py for tasks to queue
[2026-06-21T22:05:00.105+0300] {logging_mixin.py:188} INFO - [2026-06-21T22:05:00.105+0300] {dagbag.py:540} INFO - Filling up the DagBag from /media/data/omar/programming course/DEPI/DEPI project/anomx/venv/lib/python3.12/site-packages/airflow/example_dags/example_trigger_target_dag.py
[2026-06-21T22:05:00.114+0300] {processor.py:840} INFO - DAG(s) 'example_trigger_target_dag' retrieved from /media/data/omar/programming course/DEPI/DEPI project/anomx/venv/lib/python3.12/site-packages/airflow/example_dags/example_trigger_target_dag.py
[2026-06-21T22:05:00.130+0300] {logging_mixin.py:188} INFO - [2026-06-21T22:05:00.129+0300] {dag.py:3096} INFO - Sync 1 DAGs
[2026-06-21T22:05:00.139+0300] {logging_mixin.py:188} INFO - [2026-06-21T22:05:00.139+0300] {dag.py:3954} INFO - Setting next_dagrun for example_trigger_target_dag to None, run_after=None
[2026-06-21T22:05:00.166+0300] {processor.py:183} INFO - Processing /media/data/omar/programming course/DEPI/DEPI project/anomx/venv/lib/python3.12/site-packages/airflow/example_dags/example_trigger_target_dag.py took 0.080 seconds
[2026-06-21T22:05:56.289+0300] {processor.py:161} INFO - Started process (PID=18043) to work on /media/data/omar/programming course/DEPI/DEPI project/anomx/venv/lib/python3.12/site-packages/airflow/example_dags/example_trigger_target_dag.py
[2026-06-21T22:05:56.290+0300] {processor.py:830} INFO - Processing file /media/data/omar/programming course/DEPI/DEPI project/anomx/venv/lib/python3.12/site-packages/airflow/example_dags/example_trigger_target_dag.py for tasks to queue
[2026-06-21T22:05:56.292+0300] {logging_mixin.py:188} INFO - [2026-06-21T22:05:56.291+0300] {dagbag.py:540} INFO - Filling up the DagBag from /media/data/omar/programming course/DEPI/DEPI project/anomx/venv/lib/python3.12/site-packages/airflow/example_dags/example_trigger_target_dag.py
[2026-06-21T22:05:56.301+0300] {processor.py:840} INFO - DAG(s) 'example_trigger_target_dag' retrieved from /media/data/omar/programming course/DEPI/DEPI project/anomx/venv/lib/python3.12/site-packages/airflow/example_dags/example_trigger_target_dag.py
[2026-06-21T22:05:56.318+0300] {logging_mixin.py:188} INFO - [2026-06-21T22:05:56.317+0300] {dag.py:3096} INFO - Sync 1 DAGs
[2026-06-21T22:05:56.413+0300] {logging_mixin.py:188} INFO - [2026-06-21T22:05:56.413+0300] {dag.py:3954} INFO - Setting next_dagrun for example_trigger_target_dag to None, run_after=None
[2026-06-21T22:05:56.439+0300] {processor.py:183} INFO - Processing /media/data/omar/programming course/DEPI/DEPI project/anomx/venv/lib/python3.12/site-packages/airflow/example_dags/example_trigger_target_dag.py took 0.158 seconds
[2026-06-21T22:06:53.570+0300] {processor.py:161} INFO - Started process (PID=18123) to work on /media/data/omar/programming course/DEPI/DEPI project/anomx/venv/lib/python3.12/site-packages/airflow/example_dags/example_trigger_target_dag.py
[2026-06-21T22:06:53.571+0300] {processor.py:830} INFO - Processing file /media/data/omar/programming course/DEPI/DEPI project/anomx/venv/lib/python3.12/site-packages/airflow/example_dags/example_trigger_target_dag.py for tasks to queue
[2026-06-21T22:06:53.574+0300] {logging_mixin.py:188} INFO - [2026-06-21T22:06:53.573+0300] {dagbag.py:540} INFO - Filling up the DagBag from /media/data/omar/programming course/DEPI/DEPI project/anomx/venv/lib/python3.12/site-packages/airflow/example_dags/example_trigger_target_dag.py
[2026-06-21T22:06:53.584+0300] {processor.py:840} INFO - DAG(s) 'example_trigger_target_dag' retrieved from /media/data/omar/programming course/DEPI/DEPI project/anomx/venv/lib/python3.12/site-packages/airflow/example_dags/example_trigger_target_dag.py
[2026-06-21T22:06:53.604+0300] {logging_mixin.py:188} INFO - [2026-06-21T22:06:53.603+0300] {dag.py:3096} INFO - Sync 1 DAGs
[2026-06-21T22:06:53.614+0300] {logging_mixin.py:188} INFO - [2026-06-21T22:06:53.613+0300] {dag.py:3954} INFO - Setting next_dagrun for example_trigger_target_dag to None, run_after=None
[2026-06-21T22:06:53.642+0300] {processor.py:183} INFO - Processing /media/data/omar/programming course/DEPI/DEPI project/anomx/venv/lib/python3.12/site-packages/airflow/example_dags/example_trigger_target_dag.py took 0.079 seconds
[2026-06-21T22:07:52.283+0300] {processor.py:161} INFO - Started process (PID=18214) to work on /media/data/omar/programming course/DEPI/DEPI project/anomx/venv/lib/python3.12/site-packages/airflow/example_dags/example_trigger_target_dag.py
[2026-06-21T22:07:52.284+0300] {processor.py:830} INFO - Processing file /media/data/omar/programming course/DEPI/DEPI project/anomx/venv/lib/python3.12/site-packages/airflow/example_dags/example_trigger_target_dag.py for tasks to queue
[2026-06-21T22:07:52.286+0300] {logging_mixin.py:188} INFO - [2026-06-21T22:07:52.285+0300] {dagbag.py:540} INFO - Filling up the DagBag from /media/data/omar/programming course/DEPI/DEPI project/anomx/venv/lib/python3.12/site-packages/airflow/example_dags/example_trigger_target_dag.py
[2026-06-21T22:07:52.295+0300] {processor.py:840} INFO - DAG(s) 'example_trigger_target_dag' retrieved from /media/data/omar/programming course/DEPI/DEPI project/anomx/venv/lib/python3.12/site-packages/airflow/example_dags/example_trigger_target_dag.py
[2026-06-21T22:07:52.312+0300] {logging_mixin.py:188} INFO - [2026-06-21T22:07:52.312+0300] {dag.py:3096} INFO - Sync 1 DAGs
[2026-06-21T22:07:52.323+0300] {logging_mixin.py:188} INFO - [2026-06-21T22:07:52.322+0300] {dag.py:3954} INFO - Setting next_dagrun for example_trigger_target_dag to None, run_after=None
[2026-06-21T22:07:52.350+0300] {processor.py:183} INFO - Processing /media/data/omar/programming course/DEPI/DEPI project/anomx/venv/lib/python3.12/site-packages/airflow/example_dags/example_trigger_target_dag.py took 0.074 seconds
[2026-06-21T22:08:50.145+0300] {processor.py:161} INFO - Started process (PID=18306) to work on /media/data/omar/programming course/DEPI/DEPI project/anomx/venv/lib/python3.12/site-packages/airflow/example_dags/example_trigger_target_dag.py
[2026-06-21T22:08:50.146+0300] {processor.py:830} INFO - Processing file /media/data/omar/programming course/DEPI/DEPI project/anomx/venv/lib/python3.12/site-packages/airflow/example_dags/example_trigger_target_dag.py for tasks to queue
[2026-06-21T22:08:50.149+0300] {logging_mixin.py:188} INFO - [2026-06-21T22:08:50.148+0300] {dagbag.py:540} INFO - Filling up the DagBag from /media/data/omar/programming course/DEPI/DEPI project/anomx/venv/lib/python3.12/site-packages/airflow/example_dags/example_trigger_target_dag.py
[2026-06-21T22:08:50.159+0300] {processor.py:840} INFO - DAG(s) 'example_trigger_target_dag' retrieved from /media/data/omar/programming course/DEPI/DEPI project/anomx/venv/lib/python3.12/site-packages/airflow/example_dags/example_trigger_target_dag.py
[2026-06-21T22:08:50.175+0300] {logging_mixin.py:188} INFO - [2026-06-21T22:08:50.174+0300] {dag.py:3096} INFO - Sync 1 DAGs
[2026-06-21T22:08:50.268+0300] {logging_mixin.py:188} INFO - [2026-06-21T22:08:50.268+0300] {dag.py:3954} INFO - Setting next_dagrun for example_trigger_target_dag to None, run_after=None
[2026-06-21T22:08:50.294+0300] {processor.py:183} INFO - Processing /media/data/omar/programming course/DEPI/DEPI project/anomx/venv/lib/python3.12/site-packages/airflow/example_dags/example_trigger_target_dag.py took 0.166 seconds
[2026-06-21T22:09:47.551+0300] {processor.py:161} INFO - Started process (PID=18546) to work on /media/data/omar/programming course/DEPI/DEPI project/anomx/venv/lib/python3.12/site-packages/airflow/example_dags/example_trigger_target_dag.py
[2026-06-21T22:09:47.552+0300] {processor.py:830} INFO - Processing file /media/data/omar/programming course/DEPI/DEPI project/anomx/venv/lib/python3.12/site-packages/airflow/example_dags/example_trigger_target_dag.py for tasks to queue
[2026-06-21T22:09:47.555+0300] {logging_mixin.py:188} INFO - [2026-06-21T22:09:47.554+0300] {dagbag.py:540} INFO - Filling up the DagBag from /media/data/omar/programming course/DEPI/DEPI project/anomx/venv/lib/python3.12/site-packages/airflow/example_dags/example_trigger_target_dag.py
[2026-06-21T22:09:47.565+0300] {processor.py:840} INFO - DAG(s) 'example_trigger_target_dag' retrieved from /media/data/omar/programming course/DEPI/DEPI project/anomx/venv/lib/python3.12/site-packages/airflow/example_dags/example_trigger_target_dag.py
[2026-06-21T22:09:47.582+0300] {logging_mixin.py:188} INFO - [2026-06-21T22:09:47.582+0300] {dag.py:3096} INFO - Sync 1 DAGs
[2026-06-21T22:09:47.593+0300] {logging_mixin.py:188} INFO - [2026-06-21T22:09:47.592+0300] {dag.py:3954} INFO - Setting next_dagrun for example_trigger_target_dag to None, run_after=None
[2026-06-21T22:09:47.630+0300] {processor.py:183} INFO - Processing /media/data/omar/programming course/DEPI/DEPI project/anomx/venv/lib/python3.12/site-packages/airflow/example_dags/example_trigger_target_dag.py took 0.088 seconds
[2026-06-21T22:10:56.628+0300] {processor.py:161} INFO - Started process (PID=18738) to work on /media/data/omar/programming course/DEPI/DEPI project/anomx/venv/lib/python3.12/site-packages/airflow/example_dags/example_trigger_target_dag.py
[2026-06-21T22:10:56.629+0300] {processor.py:830} INFO - Processing file /media/data/omar/programming course/DEPI/DEPI project/anomx/venv/lib/python3.12/site-packages/airflow/example_dags/example_trigger_target_dag.py for tasks to queue
[2026-06-21T22:10:56.631+0300] {logging_mixin.py:188} INFO - [2026-06-21T22:10:56.631+0300] {dagbag.py:540} INFO - Filling up the DagBag from /media/data/omar/programming course/DEPI/DEPI project/anomx/venv/lib/python3.12/site-packages/airflow/example_dags/example_trigger_target_dag.py
[2026-06-21T22:10:56.639+0300] {processor.py:840} INFO - DAG(s) 'example_trigger_target_dag' retrieved from /media/data/omar/programming course/DEPI/DEPI project/anomx/venv/lib/python3.12/site-packages/airflow/example_dags/example_trigger_target_dag.py
[2026-06-21T22:10:56.655+0300] {logging_mixin.py:188} INFO - [2026-06-21T22:10:56.654+0300] {dag.py:3096} INFO - Sync 1 DAGs
[2026-06-21T22:10:56.664+0300] {logging_mixin.py:188} INFO - [2026-06-21T22:10:56.664+0300] {dag.py:3954} INFO - Setting next_dagrun for example_trigger_target_dag to None, run_after=None
[2026-06-21T22:10:56.693+0300] {processor.py:183} INFO - Processing /media/data/omar/programming course/DEPI/DEPI project/anomx/venv/lib/python3.12/site-packages/airflow/example_dags/example_trigger_target_dag.py took 0.072 seconds
[2026-06-21T22:11:53.444+0300] {processor.py:161} INFO - Started process (PID=18874) to work on /media/data/omar/programming course/DEPI/DEPI project/anomx/venv/lib/python3.12/site-packages/airflow/example_dags/example_trigger_target_dag.py
[2026-06-21T22:11:53.445+0300] {processor.py:830} INFO - Processing file /media/data/omar/programming course/DEPI/DEPI project/anomx/venv/lib/python3.12/site-packages/airflow/example_dags/example_trigger_target_dag.py for tasks to queue
[2026-06-21T22:11:53.449+0300] {logging_mixin.py:188} INFO - [2026-06-21T22:11:53.448+0300] {dagbag.py:540} INFO - Filling up the DagBag from /media/data/omar/programming course/DEPI/DEPI project/anomx/venv/lib/python3.12/site-packages/airflow/example_dags/example_trigger_target_dag.py
[2026-06-21T22:11:53.459+0300] {processor.py:840} INFO - DAG(s) 'example_trigger_target_dag' retrieved from /media/data/omar/programming course/DEPI/DEPI project/anomx/venv/lib/python3.12/site-packages/airflow/example_dags/example_trigger_target_dag.py
[2026-06-21T22:11:53.485+0300] {logging_mixin.py:188} INFO - [2026-06-21T22:11:53.485+0300] {dag.py:3096} INFO - Sync 1 DAGs
[2026-06-21T22:11:53.502+0300] {logging_mixin.py:188} INFO - [2026-06-21T22:11:53.501+0300] {dag.py:3954} INFO - Setting next_dagrun for example_trigger_target_dag to None, run_after=None
[2026-06-21T22:11:53.540+0300] {processor.py:183} INFO - Processing /media/data/omar/programming course/DEPI/DEPI project/anomx/venv/lib/python3.12/site-packages/airflow/example_dags/example_trigger_target_dag.py took 0.104 seconds
[2026-06-21T22:12:45.716+0300] {processor.py:161} INFO - Started process (PID=18967) to work on /media/data/omar/programming course/DEPI/DEPI project/anomx/venv/lib/python3.12/site-packages/airflow/example_dags/example_trigger_target_dag.py
[2026-06-21T22:12:45.717+0300] {processor.py:830} INFO - Processing file /media/data/omar/programming course/DEPI/DEPI project/anomx/venv/lib/python3.12/site-packages/airflow/example_dags/example_trigger_target_dag.py for tasks to queue
[2026-06-21T22:12:45.719+0300] {logging_mixin.py:188} INFO - [2026-06-21T22:12:45.718+0300] {dagbag.py:540} INFO - Filling up the DagBag from /media/data/omar/programming course/DEPI/DEPI project/anomx/venv/lib/python3.12/site-packages/airflow/example_dags/example_trigger_target_dag.py
[2026-06-21T22:12:45.728+0300] {processor.py:840} INFO - DAG(s) 'example_trigger_target_dag' retrieved from /media/data/omar/programming course/DEPI/DEPI project/anomx/venv/lib/python3.12/site-packages/airflow/example_dags/example_trigger_target_dag.py
[2026-06-21T22:12:45.745+0300] {logging_mixin.py:188} INFO - [2026-06-21T22:12:45.744+0300] {dag.py:3096} INFO - Sync 1 DAGs
[2026-06-21T22:12:45.756+0300] {logging_mixin.py:188} INFO - [2026-06-21T22:12:45.755+0300] {dag.py:3954} INFO - Setting next_dagrun for example_trigger_target_dag to None, run_after=None
[2026-06-21T22:12:45.787+0300] {processor.py:183} INFO - Processing /media/data/omar/programming course/DEPI/DEPI project/anomx/venv/lib/python3.12/site-packages/airflow/example_dags/example_trigger_target_dag.py took 0.076 seconds
[2026-06-21T22:13:37.049+0300] {processor.py:161} INFO - Started process (PID=19100) to work on /media/data/omar/programming course/DEPI/DEPI project/anomx/venv/lib/python3.12/site-packages/airflow/example_dags/example_trigger_target_dag.py
[2026-06-21T22:13:37.050+0300] {processor.py:830} INFO - Processing file /media/data/omar/programming course/DEPI/DEPI project/anomx/venv/lib/python3.12/site-packages/airflow/example_dags/example_trigger_target_dag.py for tasks to queue
[2026-06-21T22:13:37.053+0300] {logging_mixin.py:188} INFO - [2026-06-21T22:13:37.052+0300] {dagbag.py:540} INFO - Filling up the DagBag from /media/data/omar/programming course/DEPI/DEPI project/anomx/venv/lib/python3.12/site-packages/airflow/example_dags/example_trigger_target_dag.py
[2026-06-21T22:13:37.082+0300] {processor.py:840} INFO - DAG(s) 'example_trigger_target_dag' retrieved from /media/data/omar/programming course/DEPI/DEPI project/anomx/venv/lib/python3.12/site-packages/airflow/example_dags/example_trigger_target_dag.py
[2026-06-21T22:13:37.146+0300] {logging_mixin.py:188} INFO - [2026-06-21T22:13:37.145+0300] {dag.py:3096} INFO - Sync 1 DAGs
[2026-06-21T22:13:37.162+0300] {logging_mixin.py:188} INFO - [2026-06-21T22:13:37.161+0300] {dag.py:3954} INFO - Setting next_dagrun for example_trigger_target_dag to None, run_after=None
[2026-06-21T22:13:37.225+0300] {processor.py:183} INFO - Processing /media/data/omar/programming course/DEPI/DEPI project/anomx/venv/lib/python3.12/site-packages/airflow/example_dags/example_trigger_target_dag.py took 0.188 seconds
[2026-06-21T22:14:35.870+0300] {processor.py:161} INFO - Started process (PID=19208) to work on /media/data/omar/programming course/DEPI/DEPI project/anomx/venv/lib/python3.12/site-packages/airflow/example_dags/example_trigger_target_dag.py
[2026-06-21T22:14:35.872+0300] {processor.py:830} INFO - Processing file /media/data/omar/programming course/DEPI/DEPI project/anomx/venv/lib/python3.12/site-packages/airflow/example_dags/example_trigger_target_dag.py for tasks to queue
[2026-06-21T22:14:35.873+0300] {logging_mixin.py:188} INFO - [2026-06-21T22:14:35.873+0300] {dagbag.py:540} INFO - Filling up the DagBag from /media/data/omar/programming course/DEPI/DEPI project/anomx/venv/lib/python3.12/site-packages/airflow/example_dags/example_trigger_target_dag.py
[2026-06-21T22:14:35.880+0300] {processor.py:840} INFO - DAG(s) 'example_trigger_target_dag' retrieved from /media/data/omar/programming course/DEPI/DEPI project/anomx/venv/lib/python3.12/site-packages/airflow/example_dags/example_trigger_target_dag.py
[2026-06-21T22:14:35.898+0300] {logging_mixin.py:188} INFO - [2026-06-21T22:14:35.897+0300] {dag.py:3096} INFO - Sync 1 DAGs
[2026-06-21T22:14:35.909+0300] {logging_mixin.py:188} INFO - [2026-06-21T22:14:35.908+0300] {dag.py:3954} INFO - Setting next_dagrun for example_trigger_target_dag to None, run_after=None
[2026-06-21T22:14:35.938+0300] {processor.py:183} INFO - Processing /media/data/omar/programming course/DEPI/DEPI project/anomx/venv/lib/python3.12/site-packages/airflow/example_dags/example_trigger_target_dag.py took 0.075 seconds
[2026-06-21T22:15:32.302+0300] {processor.py:161} INFO - Started process (PID=19311) to work on /media/data/omar/programming course/DEPI/DEPI project/anomx/venv/lib/python3.12/site-packages/airflow/example_dags/example_trigger_target_dag.py
[2026-06-21T22:15:32.305+0300] {processor.py:830} INFO - Processing file /media/data/omar/programming course/DEPI/DEPI project/anomx/venv/lib/python3.12/site-packages/airflow/example_dags/example_trigger_target_dag.py for tasks to queue
[2026-06-21T22:15:32.314+0300] {logging_mixin.py:188} INFO - [2026-06-21T22:15:32.312+0300] {dagbag.py:540} INFO - Filling up the DagBag from /media/data/omar/programming course/DEPI/DEPI project/anomx/venv/lib/python3.12/site-packages/airflow/example_dags/example_trigger_target_dag.py
[2026-06-21T22:15:32.339+0300] {processor.py:840} INFO - DAG(s) 'example_trigger_target_dag' retrieved from /media/data/omar/programming course/DEPI/DEPI project/anomx/venv/lib/python3.12/site-packages/airflow/example_dags/example_trigger_target_dag.py
[2026-06-21T22:15:32.387+0300] {logging_mixin.py:188} INFO - [2026-06-21T22:15:32.386+0300] {dag.py:3096} INFO - Sync 1 DAGs
[2026-06-21T22:15:32.407+0300] {logging_mixin.py:188} INFO - [2026-06-21T22:15:32.406+0300] {dag.py:3954} INFO - Setting next_dagrun for example_trigger_target_dag to None, run_after=None
[2026-06-21T22:15:32.513+0300] {processor.py:183} INFO - Processing /media/data/omar/programming course/DEPI/DEPI project/anomx/venv/lib/python3.12/site-packages/airflow/example_dags/example_trigger_target_dag.py took 0.236 seconds
[2026-06-21T22:16:24.767+0300] {processor.py:161} INFO - Started process (PID=19685) to work on /media/data/omar/programming course/DEPI/DEPI project/anomx/venv/lib/python3.12/site-packages/airflow/example_dags/example_trigger_target_dag.py
[2026-06-21T22:16:24.768+0300] {processor.py:830} INFO - Processing file /media/data/omar/programming course/DEPI/DEPI project/anomx/venv/lib/python3.12/site-packages/airflow/example_dags/example_trigger_target_dag.py for tasks to queue
[2026-06-21T22:16:24.769+0300] {logging_mixin.py:188} INFO - [2026-06-21T22:16:24.769+0300] {dagbag.py:540} INFO - Filling up the DagBag from /media/data/omar/programming course/DEPI/DEPI project/anomx/venv/lib/python3.12/site-packages/airflow/example_dags/example_trigger_target_dag.py
[2026-06-21T22:16:24.776+0300] {processor.py:840} INFO - DAG(s) 'example_trigger_target_dag' retrieved from /media/data/omar/programming course/DEPI/DEPI project/anomx/venv/lib/python3.12/site-packages/airflow/example_dags/example_trigger_target_dag.py
[2026-06-21T22:16:24.792+0300] {logging_mixin.py:188} INFO - [2026-06-21T22:16:24.792+0300] {dag.py:3096} INFO - Sync 1 DAGs
[2026-06-21T22:16:24.804+0300] {logging_mixin.py:188} INFO - [2026-06-21T22:16:24.804+0300] {dag.py:3954} INFO - Setting next_dagrun for example_trigger_target_dag to None, run_after=None
[2026-06-21T22:16:24.840+0300] {processor.py:183} INFO - Processing /media/data/omar/programming course/DEPI/DEPI project/anomx/venv/lib/python3.12/site-packages/airflow/example_dags/example_trigger_target_dag.py took 0.080 seconds
[2026-06-21T22:17:21.997+0300] {processor.py:161} INFO - Started process (PID=19798) to work on /media/data/omar/programming course/DEPI/DEPI project/anomx/venv/lib/python3.12/site-packages/airflow/example_dags/example_trigger_target_dag.py
[2026-06-21T22:17:21.998+0300] {processor.py:830} INFO - Processing file /media/data/omar/programming course/DEPI/DEPI project/anomx/venv/lib/python3.12/site-packages/airflow/example_dags/example_trigger_target_dag.py for tasks to queue
[2026-06-21T22:17:22.000+0300] {logging_mixin.py:188} INFO - [2026-06-21T22:17:21.999+0300] {dagbag.py:540} INFO - Filling up the DagBag from /media/data/omar/programming course/DEPI/DEPI project/anomx/venv/lib/python3.12/site-packages/airflow/example_dags/example_trigger_target_dag.py
[2026-06-21T22:17:22.006+0300] {processor.py:840} INFO - DAG(s) 'example_trigger_target_dag' retrieved from /media/data/omar/programming course/DEPI/DEPI project/anomx/venv/lib/python3.12/site-packages/airflow/example_dags/example_trigger_target_dag.py
[2026-06-21T22:17:22.021+0300] {logging_mixin.py:188} INFO - [2026-06-21T22:17:22.020+0300] {dag.py:3096} INFO - Sync 1 DAGs
[2026-06-21T22:17:22.033+0300] {logging_mixin.py:188} INFO - [2026-06-21T22:17:22.032+0300] {dag.py:3954} INFO - Setting next_dagrun for example_trigger_target_dag to None, run_after=None
[2026-06-21T22:17:22.103+0300] {processor.py:183} INFO - Processing /media/data/omar/programming course/DEPI/DEPI project/anomx/venv/lib/python3.12/site-packages/airflow/example_dags/example_trigger_target_dag.py took 0.111 seconds
[2026-06-21T22:18:22.264+0300] {processor.py:161} INFO - Started process (PID=19955) to work on /media/data/omar/programming course/DEPI/DEPI project/anomx/venv/lib/python3.12/site-packages/airflow/example_dags/example_trigger_target_dag.py
[2026-06-21T22:18:22.264+0300] {processor.py:830} INFO - Processing file /media/data/omar/programming course/DEPI/DEPI project/anomx/venv/lib/python3.12/site-packages/airflow/example_dags/example_trigger_target_dag.py for tasks to queue
[2026-06-21T22:18:22.266+0300] {logging_mixin.py:188} INFO - [2026-06-21T22:18:22.266+0300] {dagbag.py:540} INFO - Filling up the DagBag from /media/data/omar/programming course/DEPI/DEPI project/anomx/venv/lib/python3.12/site-packages/airflow/example_dags/example_trigger_target_dag.py
[2026-06-21T22:18:22.272+0300] {processor.py:840} INFO - DAG(s) 'example_trigger_target_dag' retrieved from /media/data/omar/programming course/DEPI/DEPI project/anomx/venv/lib/python3.12/site-packages/airflow/example_dags/example_trigger_target_dag.py
[2026-06-21T22:18:22.289+0300] {logging_mixin.py:188} INFO - [2026-06-21T22:18:22.288+0300] {dag.py:3096} INFO - Sync 1 DAGs
[2026-06-21T22:18:22.302+0300] {logging_mixin.py:188} INFO - [2026-06-21T22:18:22.302+0300] {dag.py:3954} INFO - Setting next_dagrun for example_trigger_target_dag to None, run_after=None
[2026-06-21T22:18:22.365+0300] {processor.py:183} INFO - Processing /media/data/omar/programming course/DEPI/DEPI project/anomx/venv/lib/python3.12/site-packages/airflow/example_dags/example_trigger_target_dag.py took 0.106 seconds
[2026-06-21T22:19:19.504+0300] {processor.py:161} INFO - Started process (PID=20062) to work on /media/data/omar/programming course/DEPI/DEPI project/anomx/venv/lib/python3.12/site-packages/airflow/example_dags/example_trigger_target_dag.py
[2026-06-21T22:19:19.511+0300] {processor.py:830} INFO - Processing file /media/data/omar/programming course/DEPI/DEPI project/anomx/venv/lib/python3.12/site-packages/airflow/example_dags/example_trigger_target_dag.py for tasks to queue
[2026-06-21T22:19:19.521+0300] {logging_mixin.py:188} INFO - [2026-06-21T22:19:19.518+0300] {dagbag.py:540} INFO - Filling up the DagBag from /media/data/omar/programming course/DEPI/DEPI project/anomx/venv/lib/python3.12/site-packages/airflow/example_dags/example_trigger_target_dag.py
[2026-06-21T22:19:19.530+0300] {processor.py:840} INFO - DAG(s) 'example_trigger_target_dag' retrieved from /media/data/omar/programming course/DEPI/DEPI project/anomx/venv/lib/python3.12/site-packages/airflow/example_dags/example_trigger_target_dag.py
[2026-06-21T22:19:19.548+0300] {logging_mixin.py:188} INFO - [2026-06-21T22:19:19.547+0300] {dag.py:3096} INFO - Sync 1 DAGs
[2026-06-21T22:19:19.558+0300] {logging_mixin.py:188} INFO - [2026-06-21T22:19:19.557+0300] {dag.py:3954} INFO - Setting next_dagrun for example_trigger_target_dag to None, run_after=None
[2026-06-21T22:19:19.586+0300] {processor.py:183} INFO - Processing /media/data/omar/programming course/DEPI/DEPI project/anomx/venv/lib/python3.12/site-packages/airflow/example_dags/example_trigger_target_dag.py took 0.114 seconds
[2026-06-21T22:20:18.553+0300] {processor.py:161} INFO - Started process (PID=20165) to work on /media/data/omar/programming course/DEPI/DEPI project/anomx/venv/lib/python3.12/site-packages/airflow/example_dags/example_trigger_target_dag.py
[2026-06-21T22:20:18.555+0300] {processor.py:830} INFO - Processing file /media/data/omar/programming course/DEPI/DEPI project/anomx/venv/lib/python3.12/site-packages/airflow/example_dags/example_trigger_target_dag.py for tasks to queue
[2026-06-21T22:20:18.558+0300] {logging_mixin.py:188} INFO - [2026-06-21T22:20:18.558+0300] {dagbag.py:540} INFO - Filling up the DagBag from /media/data/omar/programming course/DEPI/DEPI project/anomx/venv/lib/python3.12/site-packages/airflow/example_dags/example_trigger_target_dag.py
[2026-06-21T22:20:18.568+0300] {processor.py:840} INFO - DAG(s) 'example_trigger_target_dag' retrieved from /media/data/omar/programming course/DEPI/DEPI project/anomx/venv/lib/python3.12/site-packages/airflow/example_dags/example_trigger_target_dag.py
[2026-06-21T22:20:18.587+0300] {logging_mixin.py:188} INFO - [2026-06-21T22:20:18.586+0300] {dag.py:3096} INFO - Sync 1 DAGs
[2026-06-21T22:20:18.599+0300] {logging_mixin.py:188} INFO - [2026-06-21T22:20:18.598+0300] {dag.py:3954} INFO - Setting next_dagrun for example_trigger_target_dag to None, run_after=None
[2026-06-21T22:20:18.628+0300] {processor.py:183} INFO - Processing /media/data/omar/programming course/DEPI/DEPI project/anomx/venv/lib/python3.12/site-packages/airflow/example_dags/example_trigger_target_dag.py took 0.096 seconds
[2026-06-21T22:20:55.713+0300] {processor.py:161} INFO - Started process (PID=20226) to work on /media/data/omar/programming course/DEPI/DEPI project/anomx/venv/lib/python3.12/site-packages/airflow/example_dags/example_trigger_target_dag.py
[2026-06-21T22:20:55.718+0300] {processor.py:830} INFO - Processing file /media/data/omar/programming course/DEPI/DEPI project/anomx/venv/lib/python3.12/site-packages/airflow/example_dags/example_trigger_target_dag.py for tasks to queue
[2026-06-21T22:20:55.724+0300] {logging_mixin.py:188} INFO - [2026-06-21T22:20:55.723+0300] {dagbag.py:540} INFO - Filling up the DagBag from /media/data/omar/programming course/DEPI/DEPI project/anomx/venv/lib/python3.12/site-packages/airflow/example_dags/example_trigger_target_dag.py
[2026-06-21T22:20:55.766+0300] {processor.py:840} INFO - DAG(s) 'example_trigger_target_dag' retrieved from /media/data/omar/programming course/DEPI/DEPI project/anomx/venv/lib/python3.12/site-packages/airflow/example_dags/example_trigger_target_dag.py
[2026-06-21T22:20:55.815+0300] {logging_mixin.py:188} INFO - [2026-06-21T22:20:55.815+0300] {dag.py:3096} INFO - Sync 1 DAGs
[2026-06-21T22:20:55.826+0300] {logging_mixin.py:188} INFO - [2026-06-21T22:20:55.826+0300] {dag.py:3954} INFO - Setting next_dagrun for example_trigger_target_dag to None, run_after=None
[2026-06-21T22:20:55.857+0300] {processor.py:183} INFO - Processing /media/data/omar/programming course/DEPI/DEPI project/anomx/venv/lib/python3.12/site-packages/airflow/example_dags/example_trigger_target_dag.py took 0.158 seconds
[2026-06-21T22:21:56.108+0300] {processor.py:161} INFO - Started process (PID=20322) to work on /media/data/omar/programming course/DEPI/DEPI project/anomx/venv/lib/python3.12/site-packages/airflow/example_dags/example_trigger_target_dag.py
[2026-06-21T22:21:56.112+0300] {processor.py:830} INFO - Processing file /media/data/omar/programming course/DEPI/DEPI project/anomx/venv/lib/python3.12/site-packages/airflow/example_dags/example_trigger_target_dag.py for tasks to queue
[2026-06-21T22:21:56.115+0300] {logging_mixin.py:188} INFO - [2026-06-21T22:21:56.114+0300] {dagbag.py:540} INFO - Filling up the DagBag from /media/data/omar/programming course/DEPI/DEPI project/anomx/venv/lib/python3.12/site-packages/airflow/example_dags/example_trigger_target_dag.py
[2026-06-21T22:21:56.127+0300] {processor.py:840} INFO - DAG(s) 'example_trigger_target_dag' retrieved from /media/data/omar/programming course/DEPI/DEPI project/anomx/venv/lib/python3.12/site-packages/airflow/example_dags/example_trigger_target_dag.py
[2026-06-21T22:21:56.149+0300] {logging_mixin.py:188} INFO - [2026-06-21T22:21:56.148+0300] {dag.py:3096} INFO - Sync 1 DAGs
[2026-06-21T22:21:56.163+0300] {logging_mixin.py:188} INFO - [2026-06-21T22:21:56.162+0300] {dag.py:3954} INFO - Setting next_dagrun for example_trigger_target_dag to None, run_after=None
[2026-06-21T22:21:56.241+0300] {processor.py:183} INFO - Processing /media/data/omar/programming course/DEPI/DEPI project/anomx/venv/lib/python3.12/site-packages/airflow/example_dags/example_trigger_target_dag.py took 0.151 seconds
[2026-06-21T22:23:07.303+0300] {processor.py:161} INFO - Started process (PID=20466) to work on /media/data/omar/programming course/DEPI/DEPI project/anomx/venv/lib/python3.12/site-packages/airflow/example_dags/example_trigger_target_dag.py
[2026-06-21T22:23:07.305+0300] {processor.py:830} INFO - Processing file /media/data/omar/programming course/DEPI/DEPI project/anomx/venv/lib/python3.12/site-packages/airflow/example_dags/example_trigger_target_dag.py for tasks to queue
[2026-06-21T22:23:07.308+0300] {logging_mixin.py:188} INFO - [2026-06-21T22:23:07.307+0300] {dagbag.py:540} INFO - Filling up the DagBag from /media/data/omar/programming course/DEPI/DEPI project/anomx/venv/lib/python3.12/site-packages/airflow/example_dags/example_trigger_target_dag.py
[2026-06-21T22:23:07.324+0300] {processor.py:840} INFO - DAG(s) 'example_trigger_target_dag' retrieved from /media/data/omar/programming course/DEPI/DEPI project/anomx/venv/lib/python3.12/site-packages/airflow/example_dags/example_trigger_target_dag.py
[2026-06-21T22:23:07.353+0300] {logging_mixin.py:188} INFO - [2026-06-21T22:23:07.353+0300] {dag.py:3096} INFO - Sync 1 DAGs
[2026-06-21T22:23:07.363+0300] {logging_mixin.py:188} INFO - [2026-06-21T22:23:07.363+0300] {dag.py:3954} INFO - Setting next_dagrun for example_trigger_target_dag to None, run_after=None
[2026-06-21T22:23:07.388+0300] {processor.py:183} INFO - Processing /media/data/omar/programming course/DEPI/DEPI project/anomx/venv/lib/python3.12/site-packages/airflow/example_dags/example_trigger_target_dag.py took 0.097 seconds
[2026-06-21T22:24:07.879+0300] {processor.py:161} INFO - Started process (PID=20562) to work on /media/data/omar/programming course/DEPI/DEPI project/anomx/venv/lib/python3.12/site-packages/airflow/example_dags/example_trigger_target_dag.py
[2026-06-21T22:24:07.881+0300] {processor.py:830} INFO - Processing file /media/data/omar/programming course/DEPI/DEPI project/anomx/venv/lib/python3.12/site-packages/airflow/example_dags/example_trigger_target_dag.py for tasks to queue
[2026-06-21T22:24:07.883+0300] {logging_mixin.py:188} INFO - [2026-06-21T22:24:07.882+0300] {dagbag.py:540} INFO - Filling up the DagBag from /media/data/omar/programming course/DEPI/DEPI project/anomx/venv/lib/python3.12/site-packages/airflow/example_dags/example_trigger_target_dag.py
[2026-06-21T22:24:07.894+0300] {processor.py:840} INFO - DAG(s) 'example_trigger_target_dag' retrieved from /media/data/omar/programming course/DEPI/DEPI project/anomx/venv/lib/python3.12/site-packages/airflow/example_dags/example_trigger_target_dag.py
[2026-06-21T22:24:07.915+0300] {logging_mixin.py:188} INFO - [2026-06-21T22:24:07.915+0300] {dag.py:3096} INFO - Sync 1 DAGs
[2026-06-21T22:24:07.926+0300] {logging_mixin.py:188} INFO - [2026-06-21T22:24:07.926+0300] {dag.py:3954} INFO - Setting next_dagrun for example_trigger_target_dag to None, run_after=None
[2026-06-21T22:24:07.956+0300] {processor.py:183} INFO - Processing /media/data/omar/programming course/DEPI/DEPI project/anomx/venv/lib/python3.12/site-packages/airflow/example_dags/example_trigger_target_dag.py took 0.084 seconds
[2026-06-21T22:47:56.413+0300] {processor.py:161} INFO - Started process (PID=22130) to work on /media/data/omar/programming course/DEPI/DEPI project/anomx/venv/lib/python3.12/site-packages/airflow/example_dags/example_trigger_target_dag.py
[2026-06-21T22:47:56.414+0300] {processor.py:830} INFO - Processing file /media/data/omar/programming course/DEPI/DEPI project/anomx/venv/lib/python3.12/site-packages/airflow/example_dags/example_trigger_target_dag.py for tasks to queue
[2026-06-21T22:47:56.416+0300] {logging_mixin.py:188} INFO - [2026-06-21T22:47:56.416+0300] {dagbag.py:540} INFO - Filling up the DagBag from /media/data/omar/programming course/DEPI/DEPI project/anomx/venv/lib/python3.12/site-packages/airflow/example_dags/example_trigger_target_dag.py
[2026-06-21T22:47:56.437+0300] {processor.py:840} INFO - DAG(s) 'example_trigger_target_dag' retrieved from /media/data/omar/programming course/DEPI/DEPI project/anomx/venv/lib/python3.12/site-packages/airflow/example_dags/example_trigger_target_dag.py
[2026-06-21T22:47:56.471+0300] {logging_mixin.py:188} INFO - [2026-06-21T22:47:56.471+0300] {dag.py:3096} INFO - Sync 1 DAGs
[2026-06-21T22:47:56.481+0300] {logging_mixin.py:188} INFO - [2026-06-21T22:47:56.481+0300] {dag.py:3118} INFO - Creating ORM DAG for example_trigger_target_dag
[2026-06-21T22:47:56.482+0300] {logging_mixin.py:188} INFO - [2026-06-21T22:47:56.482+0300] {dag.py:3954} INFO - Setting next_dagrun for example_trigger_target_dag to None, run_after=None
[2026-06-21T22:47:56.512+0300] {processor.py:183} INFO - Processing /media/data/omar/programming course/DEPI/DEPI project/anomx/venv/lib/python3.12/site-packages/airflow/example_dags/example_trigger_target_dag.py took 0.107 seconds
[2026-06-21T22:48:54.885+0300] {processor.py:161} INFO - Started process (PID=22210) to work on /media/data/omar/programming course/DEPI/DEPI project/anomx/venv/lib/python3.12/site-packages/airflow/example_dags/example_trigger_target_dag.py
[2026-06-21T22:48:54.887+0300] {processor.py:830} INFO - Processing file /media/data/omar/programming course/DEPI/DEPI project/anomx/venv/lib/python3.12/site-packages/airflow/example_dags/example_trigger_target_dag.py for tasks to queue
[2026-06-21T22:48:54.889+0300] {logging_mixin.py:188} INFO - [2026-06-21T22:48:54.888+0300] {dagbag.py:540} INFO - Filling up the DagBag from /media/data/omar/programming course/DEPI/DEPI project/anomx/venv/lib/python3.12/site-packages/airflow/example_dags/example_trigger_target_dag.py
[2026-06-21T22:48:54.896+0300] {processor.py:840} INFO - DAG(s) 'example_trigger_target_dag' retrieved from /media/data/omar/programming course/DEPI/DEPI project/anomx/venv/lib/python3.12/site-packages/airflow/example_dags/example_trigger_target_dag.py
[2026-06-21T22:48:54.912+0300] {logging_mixin.py:188} INFO - [2026-06-21T22:48:54.912+0300] {dag.py:3096} INFO - Sync 1 DAGs
[2026-06-21T22:48:54.923+0300] {logging_mixin.py:188} INFO - [2026-06-21T22:48:54.923+0300] {dag.py:3954} INFO - Setting next_dagrun for example_trigger_target_dag to None, run_after=None
[2026-06-21T22:48:54.952+0300] {processor.py:183} INFO - Processing /media/data/omar/programming course/DEPI/DEPI project/anomx/venv/lib/python3.12/site-packages/airflow/example_dags/example_trigger_target_dag.py took 0.074 seconds
[2026-06-21T22:49:50.803+0300] {processor.py:161} INFO - Started process (PID=22302) to work on /media/data/omar/programming course/DEPI/DEPI project/anomx/venv/lib/python3.12/site-packages/airflow/example_dags/example_trigger_target_dag.py
[2026-06-21T22:49:50.806+0300] {processor.py:830} INFO - Processing file /media/data/omar/programming course/DEPI/DEPI project/anomx/venv/lib/python3.12/site-packages/airflow/example_dags/example_trigger_target_dag.py for tasks to queue
[2026-06-21T22:49:50.810+0300] {logging_mixin.py:188} INFO - [2026-06-21T22:49:50.809+0300] {dagbag.py:540} INFO - Filling up the DagBag from /media/data/omar/programming course/DEPI/DEPI project/anomx/venv/lib/python3.12/site-packages/airflow/example_dags/example_trigger_target_dag.py
[2026-06-21T22:49:50.821+0300] {processor.py:840} INFO - DAG(s) 'example_trigger_target_dag' retrieved from /media/data/omar/programming course/DEPI/DEPI project/anomx/venv/lib/python3.12/site-packages/airflow/example_dags/example_trigger_target_dag.py
[2026-06-21T22:49:50.838+0300] {logging_mixin.py:188} INFO - [2026-06-21T22:49:50.837+0300] {dag.py:3096} INFO - Sync 1 DAGs
[2026-06-21T22:49:50.848+0300] {logging_mixin.py:188} INFO - [2026-06-21T22:49:50.847+0300] {dag.py:3954} INFO - Setting next_dagrun for example_trigger_target_dag to None, run_after=None
[2026-06-21T22:49:50.877+0300] {processor.py:183} INFO - Processing /media/data/omar/programming course/DEPI/DEPI project/anomx/venv/lib/python3.12/site-packages/airflow/example_dags/example_trigger_target_dag.py took 0.094 seconds
[2026-06-21T22:50:47.115+0300] {processor.py:161} INFO - Started process (PID=22461) to work on /media/data/omar/programming course/DEPI/DEPI project/anomx/venv/lib/python3.12/site-packages/airflow/example_dags/example_trigger_target_dag.py
[2026-06-21T22:50:47.116+0300] {processor.py:830} INFO - Processing file /media/data/omar/programming course/DEPI/DEPI project/anomx/venv/lib/python3.12/site-packages/airflow/example_dags/example_trigger_target_dag.py for tasks to queue
[2026-06-21T22:50:47.118+0300] {logging_mixin.py:188} INFO - [2026-06-21T22:50:47.117+0300] {dagbag.py:540} INFO - Filling up the DagBag from /media/data/omar/programming course/DEPI/DEPI project/anomx/venv/lib/python3.12/site-packages/airflow/example_dags/example_trigger_target_dag.py
[2026-06-21T22:50:47.125+0300] {processor.py:840} INFO - DAG(s) 'example_trigger_target_dag' retrieved from /media/data/omar/programming course/DEPI/DEPI project/anomx/venv/lib/python3.12/site-packages/airflow/example_dags/example_trigger_target_dag.py
[2026-06-21T22:50:47.141+0300] {logging_mixin.py:188} INFO - [2026-06-21T22:50:47.140+0300] {dag.py:3096} INFO - Sync 1 DAGs
[2026-06-21T22:50:47.151+0300] {logging_mixin.py:188} INFO - [2026-06-21T22:50:47.151+0300] {dag.py:3954} INFO - Setting next_dagrun for example_trigger_target_dag to None, run_after=None
[2026-06-21T22:50:47.183+0300] {processor.py:183} INFO - Processing /media/data/omar/programming course/DEPI/DEPI project/anomx/venv/lib/python3.12/site-packages/airflow/example_dags/example_trigger_target_dag.py took 0.075 seconds
