[2026-06-21T21:39:07.045+0300] {processor.py:161} INFO - Started process (PID=15112) to work on /media/data/omar/programming course/DEPI/DEPI project/anomx/venv/lib/python3.12/site-packages/airflow/example_dags/example_sensor_decorator.py
[2026-06-21T21:39:07.047+0300] {processor.py:830} INFO - Processing file /media/data/omar/programming course/DEPI/DEPI project/anomx/venv/lib/python3.12/site-packages/airflow/example_dags/example_sensor_decorator.py for tasks to queue
[2026-06-21T21:39:07.053+0300] {logging_mixin.py:188} INFO - [2026-06-21T21:39:07.051+0300] {dagbag.py:540} INFO - Filling up the DagBag from /media/data/omar/programming course/DEPI/DEPI project/anomx/venv/lib/python3.12/site-packages/airflow/example_dags/example_sensor_decorator.py
[2026-06-21T21:39:07.063+0300] {processor.py:840} INFO - DAG(s) 'example_sensor_decorator' retrieved from /media/data/omar/programming course/DEPI/DEPI project/anomx/venv/lib/python3.12/site-packages/airflow/example_dags/example_sensor_decorator.py
[2026-06-21T21:39:07.309+0300] {logging_mixin.py:188} INFO - [2026-06-21T21:39:07.308+0300] {override.py:1829} INFO - Created Permission View: can edit on DAG:example_sensor_decorator
[2026-06-21T21:39:07.326+0300] {logging_mixin.py:188} INFO - [2026-06-21T21:39:07.326+0300] {override.py:1829} INFO - Created Permission View: can read on DAG:example_sensor_decorator
[2026-06-21T21:39:07.343+0300] {logging_mixin.py:188} INFO - [2026-06-21T21:39:07.342+0300] {override.py:1829} INFO - Created Permission View: can delete on DAG:example_sensor_decorator
[2026-06-21T21:39:07.343+0300] {logging_mixin.py:188} INFO - [2026-06-21T21:39:07.343+0300] {dag.py:3096} INFO - Sync 1 DAGs
[2026-06-21T21:39:07.353+0300] {logging_mixin.py:188} INFO - [2026-06-21T21:39:07.353+0300] {dag.py:3118} INFO - Creating ORM DAG for example_sensor_decorator
[2026-06-21T21:39:07.354+0300] {logging_mixin.py:188} INFO - [2026-06-21T21:39:07.354+0300] {dag.py:3954} INFO - Setting next_dagrun for example_sensor_decorator to None, run_after=None
[2026-06-21T21:39:07.381+0300] {processor.py:183} INFO - Processing /media/data/omar/programming course/DEPI/DEPI project/anomx/venv/lib/python3.12/site-packages/airflow/example_dags/example_sensor_decorator.py took 0.351 seconds
[2026-06-21T21:40:12.275+0300] {processor.py:161} INFO - Started process (PID=15203) to work on /media/data/omar/programming course/DEPI/DEPI project/anomx/venv/lib/python3.12/site-packages/airflow/example_dags/example_sensor_decorator.py
[2026-06-21T21:40:12.277+0300] {processor.py:830} INFO - Processing file /media/data/omar/programming course/DEPI/DEPI project/anomx/venv/lib/python3.12/site-packages/airflow/example_dags/example_sensor_decorator.py for tasks to queue
[2026-06-21T21:40:12.280+0300] {logging_mixin.py:188} INFO - [2026-06-21T21:40:12.279+0300] {dagbag.py:540} INFO - Filling up the DagBag from /media/data/omar/programming course/DEPI/DEPI project/anomx/venv/lib/python3.12/site-packages/airflow/example_dags/example_sensor_decorator.py
[2026-06-21T21:40:12.291+0300] {processor.py:840} INFO - DAG(s) 'example_sensor_decorator' retrieved from /media/data/omar/programming course/DEPI/DEPI project/anomx/venv/lib/python3.12/site-packages/airflow/example_dags/example_sensor_decorator.py
[2026-06-21T21:40:12.308+0300] {logging_mixin.py:188} INFO - [2026-06-21T21:40:12.308+0300] {dag.py:3096} INFO - Sync 1 DAGs
[2026-06-21T21:40:12.319+0300] {logging_mixin.py:188} INFO - [2026-06-21T21:40:12.318+0300] {dag.py:3954} INFO - Setting next_dagrun for example_sensor_decorator to None, run_after=None
[2026-06-21T21:40:12.347+0300] {processor.py:183} INFO - Processing /media/data/omar/programming course/DEPI/DEPI project/anomx/venv/lib/python3.12/site-packages/airflow/example_dags/example_sensor_decorator.py took 0.083 seconds
[2026-06-21T21:41:12.821+0300] {processor.py:161} INFO - Started process (PID=15318) to work on /media/data/omar/programming course/DEPI/DEPI project/anomx/venv/lib/python3.12/site-packages/airflow/example_dags/example_sensor_decorator.py
[2026-06-21T21:41:12.823+0300] {processor.py:830} INFO - Processing file /media/data/omar/programming course/DEPI/DEPI project/anomx/venv/lib/python3.12/site-packages/airflow/example_dags/example_sensor_decorator.py for tasks to queue
[2026-06-21T21:41:12.826+0300] {logging_mixin.py:188} INFO - [2026-06-21T21:41:12.825+0300] {dagbag.py:540} INFO - Filling up the DagBag from /media/data/omar/programming course/DEPI/DEPI project/anomx/venv/lib/python3.12/site-packages/airflow/example_dags/example_sensor_decorator.py
[2026-06-21T21:41:12.834+0300] {processor.py:840} INFO - DAG(s) 'example_sensor_decorator' retrieved from /media/data/omar/programming course/DEPI/DEPI project/anomx/venv/lib/python3.12/site-packages/airflow/example_dags/example_sensor_decorator.py
[2026-06-21T21:41:12.850+0300] {logging_mixin.py:188} INFO - [2026-06-21T21:41:12.849+0300] {dag.py:3096} INFO - Sync 1 DAGs
[2026-06-21T21:41:12.860+0300] {logging_mixin.py:188} INFO - [2026-06-21T21:41:12.859+0300] {dag.py:3954} INFO - Setting next_dagrun for example_sensor_decorator to None, run_after=None
[2026-06-21T21:41:12.891+0300] {processor.py:183} INFO - Processing /media/data/omar/programming course/DEPI/DEPI project/anomx/venv/lib/python3.12/site-packages/airflow/example_dags/example_sensor_decorator.py took 0.084 seconds
[2026-06-21T21:42:14.817+0300] {processor.py:161} INFO - Started process (PID=15442) to work on /media/data/omar/programming course/DEPI/DEPI project/anomx/venv/lib/python3.12/site-packages/airflow/example_dags/example_sensor_decorator.py
[2026-06-21T21:42:14.817+0300] {processor.py:830} INFO - Processing file /media/data/omar/programming course/DEPI/DEPI project/anomx/venv/lib/python3.12/site-packages/airflow/example_dags/example_sensor_decorator.py for tasks to queue
[2026-06-21T21:42:14.819+0300] {logging_mixin.py:188} INFO - [2026-06-21T21:42:14.818+0300] {dagbag.py:540} INFO - Filling up the DagBag from /media/data/omar/programming course/DEPI/DEPI project/anomx/venv/lib/python3.12/site-packages/airflow/example_dags/example_sensor_decorator.py
[2026-06-21T21:42:14.824+0300] {processor.py:840} INFO - DAG(s) 'example_sensor_decorator' retrieved from /media/data/omar/programming course/DEPI/DEPI project/anomx/venv/lib/python3.12/site-packages/airflow/example_dags/example_sensor_decorator.py
[2026-06-21T21:42:14.842+0300] {logging_mixin.py:188} INFO - [2026-06-21T21:42:14.841+0300] {dag.py:3096} INFO - Sync 1 DAGs
[2026-06-21T21:42:14.851+0300] {logging_mixin.py:188} INFO - [2026-06-21T21:42:14.851+0300] {dag.py:3954} INFO - Setting next_dagrun for example_sensor_decorator to None, run_after=None
[2026-06-21T21:42:14.878+0300] {processor.py:183} INFO - Processing /media/data/omar/programming course/DEPI/DEPI project/anomx/venv/lib/python3.12/site-packages/airflow/example_dags/example_sensor_decorator.py took 0.067 seconds
[2026-06-21T21:43:20.247+0300] {processor.py:161} INFO - Started process (PID=15662) to work on /media/data/omar/programming course/DEPI/DEPI project/anomx/venv/lib/python3.12/site-packages/airflow/example_dags/example_sensor_decorator.py
[2026-06-21T21:43:20.248+0300] {processor.py:830} INFO - Processing file /media/data/omar/programming course/DEPI/DEPI project/anomx/venv/lib/python3.12/site-packages/airflow/example_dags/example_sensor_decorator.py for tasks to queue
[2026-06-21T21:43:20.250+0300] {logging_mixin.py:188} INFO - [2026-06-21T21:43:20.249+0300] {dagbag.py:540} INFO - Filling up the DagBag from /media/data/omar/programming course/DEPI/DEPI project/anomx/venv/lib/python3.12/site-packages/airflow/example_dags/example_sensor_decorator.py
[2026-06-21T21:43:20.258+0300] {processor.py:840} INFO - DAG(s) 'example_sensor_decorator' retrieved from /media/data/omar/programming course/DEPI/DEPI project/anomx/venv/lib/python3.12/site-packages/airflow/example_dags/example_sensor_decorator.py
[2026-06-21T21:43:20.277+0300] {logging_mixin.py:188} INFO - [2026-06-21T21:43:20.277+0300] {dag.py:3096} INFO - Sync 1 DAGs
[2026-06-21T21:43:20.294+0300] {logging_mixin.py:188} INFO - [2026-06-21T21:43:20.293+0300] {dag.py:3954} INFO - Setting next_dagrun for example_sensor_decorator to None, run_after=None
[2026-06-21T21:43:20.345+0300] {processor.py:183} INFO - Processing /media/data/omar/programming course/DEPI/DEPI project/anomx/venv/lib/python3.12/site-packages/airflow/example_dags/example_sensor_decorator.py took 0.107 seconds
[2026-06-21T21:44:20.472+0300] {processor.py:161} INFO - Started process (PID=15780) to work on /media/data/omar/programming course/DEPI/DEPI project/anomx/venv/lib/python3.12/site-packages/airflow/example_dags/example_sensor_decorator.py
[2026-06-21T21:44:20.474+0300] {processor.py:830} INFO - Processing file /media/data/omar/programming course/DEPI/DEPI project/anomx/venv/lib/python3.12/site-packages/airflow/example_dags/example_sensor_decorator.py for tasks to queue
[2026-06-21T21:44:20.477+0300] {logging_mixin.py:188} INFO - [2026-06-21T21:44:20.476+0300] {dagbag.py:540} INFO - Filling up the DagBag from /media/data/omar/programming course/DEPI/DEPI project/anomx/venv/lib/python3.12/site-packages/airflow/example_dags/example_sensor_decorator.py
[2026-06-21T21:44:20.491+0300] {processor.py:840} INFO - DAG(s) 'example_sensor_decorator' retrieved from /media/data/omar/programming course/DEPI/DEPI project/anomx/venv/lib/python3.12/site-packages/airflow/example_dags/example_sensor_decorator.py
[2026-06-21T21:44:20.524+0300] {logging_mixin.py:188} INFO - [2026-06-21T21:44:20.523+0300] {dag.py:3096} INFO - Sync 1 DAGs
[2026-06-21T21:44:20.548+0300] {logging_mixin.py:188} INFO - [2026-06-21T21:44:20.548+0300] {dag.py:3954} INFO - Setting next_dagrun for example_sensor_decorator to None, run_after=None
[2026-06-21T21:44:20.627+0300] {processor.py:183} INFO - Processing /media/data/omar/programming course/DEPI/DEPI project/anomx/venv/lib/python3.12/site-packages/airflow/example_dags/example_sensor_decorator.py took 0.168 seconds
[2026-06-21T21:46:58.844+0300] {processor.py:161} INFO - Started process (PID=16091) to work on /media/data/omar/programming course/DEPI/DEPI project/anomx/venv/lib/python3.12/site-packages/airflow/example_dags/example_sensor_decorator.py
[2026-06-21T21:46:58.846+0300] {processor.py:830} INFO - Processing file /media/data/omar/programming course/DEPI/DEPI project/anomx/venv/lib/python3.12/site-packages/airflow/example_dags/example_sensor_decorator.py for tasks to queue
[2026-06-21T21:46:58.850+0300] {logging_mixin.py:188} INFO - [2026-06-21T21:46:58.849+0300] {dagbag.py:540} INFO - Filling up the DagBag from /media/data/omar/programming course/DEPI/DEPI project/anomx/venv/lib/python3.12/site-packages/airflow/example_dags/example_sensor_decorator.py
[2026-06-21T21:46:58.861+0300] {processor.py:840} INFO - DAG(s) 'example_sensor_decorator' retrieved from /media/data/omar/programming course/DEPI/DEPI project/anomx/venv/lib/python3.12/site-packages/airflow/example_dags/example_sensor_decorator.py
[2026-06-21T21:46:58.879+0300] {logging_mixin.py:188} INFO - [2026-06-21T21:46:58.878+0300] {dag.py:3096} INFO - Sync 1 DAGs
[2026-06-21T21:46:58.892+0300] {logging_mixin.py:188} INFO - [2026-06-21T21:46:58.892+0300] {dag.py:3954} INFO - Setting next_dagrun for example_sensor_decorator to None, run_after=None
[2026-06-21T21:46:58.924+0300] {processor.py:183} INFO - Processing /media/data/omar/programming course/DEPI/DEPI project/anomx/venv/lib/python3.12/site-packages/airflow/example_dags/example_sensor_decorator.py took 0.094 seconds
[2026-06-21T21:47:57.443+0300] {processor.py:161} INFO - Started process (PID=16185) to work on /media/data/omar/programming course/DEPI/DEPI project/anomx/venv/lib/python3.12/site-packages/airflow/example_dags/example_sensor_decorator.py
[2026-06-21T21:47:57.447+0300] {processor.py:830} INFO - Processing file /media/data/omar/programming course/DEPI/DEPI project/anomx/venv/lib/python3.12/site-packages/airflow/example_dags/example_sensor_decorator.py for tasks to queue
[2026-06-21T21:47:57.452+0300] {logging_mixin.py:188} INFO - [2026-06-21T21:47:57.451+0300] {dagbag.py:540} INFO - Filling up the DagBag from /media/data/omar/programming course/DEPI/DEPI project/anomx/venv/lib/python3.12/site-packages/airflow/example_dags/example_sensor_decorator.py
[2026-06-21T21:47:57.466+0300] {processor.py:840} INFO - DAG(s) 'example_sensor_decorator' retrieved from /media/data/omar/programming course/DEPI/DEPI project/anomx/venv/lib/python3.12/site-packages/airflow/example_dags/example_sensor_decorator.py
[2026-06-21T21:47:57.486+0300] {logging_mixin.py:188} INFO - [2026-06-21T21:47:57.485+0300] {dag.py:3096} INFO - Sync 1 DAGs
[2026-06-21T21:47:57.497+0300] {logging_mixin.py:188} INFO - [2026-06-21T21:47:57.496+0300] {dag.py:3954} INFO - Setting next_dagrun for example_sensor_decorator to None, run_after=None
[2026-06-21T21:47:57.527+0300] {processor.py:183} INFO - Processing /media/data/omar/programming course/DEPI/DEPI project/anomx/venv/lib/python3.12/site-packages/airflow/example_dags/example_sensor_decorator.py took 0.105 seconds
[2026-06-21T21:48:55.864+0300] {processor.py:161} INFO - Started process (PID=16275) to work on /media/data/omar/programming course/DEPI/DEPI project/anomx/venv/lib/python3.12/site-packages/airflow/example_dags/example_sensor_decorator.py
[2026-06-21T21:48:55.864+0300] {processor.py:830} INFO - Processing file /media/data/omar/programming course/DEPI/DEPI project/anomx/venv/lib/python3.12/site-packages/airflow/example_dags/example_sensor_decorator.py for tasks to queue
[2026-06-21T21:48:55.866+0300] {logging_mixin.py:188} INFO - [2026-06-21T21:48:55.866+0300] {dagbag.py:540} INFO - Filling up the DagBag from /media/data/omar/programming course/DEPI/DEPI project/anomx/venv/lib/python3.12/site-packages/airflow/example_dags/example_sensor_decorator.py
[2026-06-21T21:48:55.873+0300] {processor.py:840} INFO - DAG(s) 'example_sensor_decorator' retrieved from /media/data/omar/programming course/DEPI/DEPI project/anomx/venv/lib/python3.12/site-packages/airflow/example_dags/example_sensor_decorator.py
[2026-06-21T21:48:55.890+0300] {logging_mixin.py:188} INFO - [2026-06-21T21:48:55.889+0300] {dag.py:3096} INFO - Sync 1 DAGs
[2026-06-21T21:48:55.901+0300] {logging_mixin.py:188} INFO - [2026-06-21T21:48:55.900+0300] {dag.py:3954} INFO - Setting next_dagrun for example_sensor_decorator to None, run_after=None
[2026-06-21T21:48:55.933+0300] {processor.py:183} INFO - Processing /media/data/omar/programming course/DEPI/DEPI project/anomx/venv/lib/python3.12/site-packages/airflow/example_dags/example_sensor_decorator.py took 0.075 seconds
[2026-06-21T21:51:03.963+0300] {processor.py:161} INFO - Started process (PID=16499) to work on /media/data/omar/programming course/DEPI/DEPI project/anomx/venv/lib/python3.12/site-packages/airflow/example_dags/example_sensor_decorator.py
[2026-06-21T21:51:03.964+0300] {processor.py:830} INFO - Processing file /media/data/omar/programming course/DEPI/DEPI project/anomx/venv/lib/python3.12/site-packages/airflow/example_dags/example_sensor_decorator.py for tasks to queue
[2026-06-21T21:51:03.968+0300] {logging_mixin.py:188} INFO - [2026-06-21T21:51:03.967+0300] {dagbag.py:540} INFO - Filling up the DagBag from /media/data/omar/programming course/DEPI/DEPI project/anomx/venv/lib/python3.12/site-packages/airflow/example_dags/example_sensor_decorator.py
[2026-06-21T21:51:03.978+0300] {processor.py:840} INFO - DAG(s) 'example_sensor_decorator' retrieved from /media/data/omar/programming course/DEPI/DEPI project/anomx/venv/lib/python3.12/site-packages/airflow/example_dags/example_sensor_decorator.py
[2026-06-21T21:51:03.999+0300] {logging_mixin.py:188} INFO - [2026-06-21T21:51:03.998+0300] {dag.py:3096} INFO - Sync 1 DAGs
[2026-06-21T21:51:04.010+0300] {logging_mixin.py:188} INFO - [2026-06-21T21:51:04.010+0300] {dag.py:3954} INFO - Setting next_dagrun for example_sensor_decorator to None, run_after=None
[2026-06-21T21:51:04.040+0300] {processor.py:183} INFO - Processing /media/data/omar/programming course/DEPI/DEPI project/anomx/venv/lib/python3.12/site-packages/airflow/example_dags/example_sensor_decorator.py took 0.088 seconds
[2026-06-21T21:52:20.940+0300] {processor.py:161} INFO - Started process (PID=16640) to work on /media/data/omar/programming course/DEPI/DEPI project/anomx/venv/lib/python3.12/site-packages/airflow/example_dags/example_sensor_decorator.py
[2026-06-21T21:52:20.942+0300] {processor.py:830} INFO - Processing file /media/data/omar/programming course/DEPI/DEPI project/anomx/venv/lib/python3.12/site-packages/airflow/example_dags/example_sensor_decorator.py for tasks to queue
[2026-06-21T21:52:20.945+0300] {logging_mixin.py:188} INFO - [2026-06-21T21:52:20.944+0300] {dagbag.py:540} INFO - Filling up the DagBag from /media/data/omar/programming course/DEPI/DEPI project/anomx/venv/lib/python3.12/site-packages/airflow/example_dags/example_sensor_decorator.py
[2026-06-21T21:52:20.954+0300] {processor.py:840} INFO - DAG(s) 'example_sensor_decorator' retrieved from /media/data/omar/programming course/DEPI/DEPI project/anomx/venv/lib/python3.12/site-packages/airflow/example_dags/example_sensor_decorator.py
[2026-06-21T21:52:20.973+0300] {logging_mixin.py:188} INFO - [2026-06-21T21:52:20.973+0300] {dag.py:3096} INFO - Sync 1 DAGs
[2026-06-21T21:52:20.987+0300] {logging_mixin.py:188} INFO - [2026-06-21T21:52:20.986+0300] {dag.py:3954} INFO - Setting next_dagrun for example_sensor_decorator to None, run_after=None
[2026-06-21T21:52:21.019+0300] {processor.py:183} INFO - Processing /media/data/omar/programming course/DEPI/DEPI project/anomx/venv/lib/python3.12/site-packages/airflow/example_dags/example_sensor_decorator.py took 0.094 seconds
[2026-06-21T21:53:18.244+0300] {processor.py:161} INFO - Started process (PID=16732) to work on /media/data/omar/programming course/DEPI/DEPI project/anomx/venv/lib/python3.12/site-packages/airflow/example_dags/example_sensor_decorator.py
[2026-06-21T21:53:18.246+0300] {processor.py:830} INFO - Processing file /media/data/omar/programming course/DEPI/DEPI project/anomx/venv/lib/python3.12/site-packages/airflow/example_dags/example_sensor_decorator.py for tasks to queue
[2026-06-21T21:53:18.249+0300] {logging_mixin.py:188} INFO - [2026-06-21T21:53:18.248+0300] {dagbag.py:540} INFO - Filling up the DagBag from /media/data/omar/programming course/DEPI/DEPI project/anomx/venv/lib/python3.12/site-packages/airflow/example_dags/example_sensor_decorator.py
[2026-06-21T21:53:18.257+0300] {processor.py:840} INFO - DAG(s) 'example_sensor_decorator' retrieved from /media/data/omar/programming course/DEPI/DEPI project/anomx/venv/lib/python3.12/site-packages/airflow/example_dags/example_sensor_decorator.py
[2026-06-21T21:53:18.272+0300] {logging_mixin.py:188} INFO - [2026-06-21T21:53:18.272+0300] {dag.py:3096} INFO - Sync 1 DAGs
[2026-06-21T21:53:18.282+0300] {logging_mixin.py:188} INFO - [2026-06-21T21:53:18.282+0300] {dag.py:3954} INFO - Setting next_dagrun for example_sensor_decorator to None, run_after=None
[2026-06-21T21:53:18.312+0300] {processor.py:183} INFO - Processing /media/data/omar/programming course/DEPI/DEPI project/anomx/venv/lib/python3.12/site-packages/airflow/example_dags/example_sensor_decorator.py took 0.083 seconds
[2026-06-21T21:54:14.474+0300] {processor.py:161} INFO - Started process (PID=16822) to work on /media/data/omar/programming course/DEPI/DEPI project/anomx/venv/lib/python3.12/site-packages/airflow/example_dags/example_sensor_decorator.py
[2026-06-21T21:54:14.475+0300] {processor.py:830} INFO - Processing file /media/data/omar/programming course/DEPI/DEPI project/anomx/venv/lib/python3.12/site-packages/airflow/example_dags/example_sensor_decorator.py for tasks to queue
[2026-06-21T21:54:14.477+0300] {logging_mixin.py:188} INFO - [2026-06-21T21:54:14.476+0300] {dagbag.py:540} INFO - Filling up the DagBag from /media/data/omar/programming course/DEPI/DEPI project/anomx/venv/lib/python3.12/site-packages/airflow/example_dags/example_sensor_decorator.py
[2026-06-21T21:54:14.485+0300] {processor.py:840} INFO - DAG(s) 'example_sensor_decorator' retrieved from /media/data/omar/programming course/DEPI/DEPI project/anomx/venv/lib/python3.12/site-packages/airflow/example_dags/example_sensor_decorator.py
[2026-06-21T21:54:14.503+0300] {logging_mixin.py:188} INFO - [2026-06-21T21:54:14.502+0300] {dag.py:3096} INFO - Sync 1 DAGs
[2026-06-21T21:54:14.513+0300] {logging_mixin.py:188} INFO - [2026-06-21T21:54:14.513+0300] {dag.py:3954} INFO - Setting next_dagrun for example_sensor_decorator to None, run_after=None
[2026-06-21T21:54:14.541+0300] {processor.py:183} INFO - Processing /media/data/omar/programming course/DEPI/DEPI project/anomx/venv/lib/python3.12/site-packages/airflow/example_dags/example_sensor_decorator.py took 0.074 seconds
[2026-06-21T21:55:11.225+0300] {processor.py:161} INFO - Started process (PID=16926) to work on /media/data/omar/programming course/DEPI/DEPI project/anomx/venv/lib/python3.12/site-packages/airflow/example_dags/example_sensor_decorator.py
[2026-06-21T21:55:11.226+0300] {processor.py:830} INFO - Processing file /media/data/omar/programming course/DEPI/DEPI project/anomx/venv/lib/python3.12/site-packages/airflow/example_dags/example_sensor_decorator.py for tasks to queue
[2026-06-21T21:55:11.229+0300] {logging_mixin.py:188} INFO - [2026-06-21T21:55:11.229+0300] {dagbag.py:540} INFO - Filling up the DagBag from /media/data/omar/programming course/DEPI/DEPI project/anomx/venv/lib/python3.12/site-packages/airflow/example_dags/example_sensor_decorator.py
[2026-06-21T21:55:11.238+0300] {processor.py:840} INFO - DAG(s) 'example_sensor_decorator' retrieved from /media/data/omar/programming course/DEPI/DEPI project/anomx/venv/lib/python3.12/site-packages/airflow/example_dags/example_sensor_decorator.py
[2026-06-21T21:55:11.255+0300] {logging_mixin.py:188} INFO - [2026-06-21T21:55:11.254+0300] {dag.py:3096} INFO - Sync 1 DAGs
[2026-06-21T21:55:11.264+0300] {logging_mixin.py:188} INFO - [2026-06-21T21:55:11.264+0300] {dag.py:3954} INFO - Setting next_dagrun for example_sensor_decorator to None, run_after=None
[2026-06-21T21:55:11.294+0300] {processor.py:183} INFO - Processing /media/data/omar/programming course/DEPI/DEPI project/anomx/venv/lib/python3.12/site-packages/airflow/example_dags/example_sensor_decorator.py took 0.085 seconds
[2026-06-21T21:56:06.996+0300] {processor.py:161} INFO - Started process (PID=17019) to work on /media/data/omar/programming course/DEPI/DEPI project/anomx/venv/lib/python3.12/site-packages/airflow/example_dags/example_sensor_decorator.py
[2026-06-21T21:56:06.997+0300] {processor.py:830} INFO - Processing file /media/data/omar/programming course/DEPI/DEPI project/anomx/venv/lib/python3.12/site-packages/airflow/example_dags/example_sensor_decorator.py for tasks to queue
[2026-06-21T21:56:06.999+0300] {logging_mixin.py:188} INFO - [2026-06-21T21:56:06.999+0300] {dagbag.py:540} INFO - Filling up the DagBag from /media/data/omar/programming course/DEPI/DEPI project/anomx/venv/lib/python3.12/site-packages/airflow/example_dags/example_sensor_decorator.py
[2026-06-21T21:56:07.008+0300] {processor.py:840} INFO - DAG(s) 'example_sensor_decorator' retrieved from /media/data/omar/programming course/DEPI/DEPI project/anomx/venv/lib/python3.12/site-packages/airflow/example_dags/example_sensor_decorator.py
[2026-06-21T21:56:07.023+0300] {logging_mixin.py:188} INFO - [2026-06-21T21:56:07.023+0300] {dag.py:3096} INFO - Sync 1 DAGs
[2026-06-21T21:56:07.034+0300] {logging_mixin.py:188} INFO - [2026-06-21T21:56:07.033+0300] {dag.py:3954} INFO - Setting next_dagrun for example_sensor_decorator to None, run_after=None
[2026-06-21T21:56:07.062+0300] {processor.py:183} INFO - Processing /media/data/omar/programming course/DEPI/DEPI project/anomx/venv/lib/python3.12/site-packages/airflow/example_dags/example_sensor_decorator.py took 0.073 seconds
[2026-06-21T21:56:57.424+0300] {processor.py:161} INFO - Started process (PID=17095) to work on /media/data/omar/programming course/DEPI/DEPI project/anomx/venv/lib/python3.12/site-packages/airflow/example_dags/example_sensor_decorator.py
[2026-06-21T21:56:57.427+0300] {processor.py:830} INFO - Processing file /media/data/omar/programming course/DEPI/DEPI project/anomx/venv/lib/python3.12/site-packages/airflow/example_dags/example_sensor_decorator.py for tasks to queue
[2026-06-21T21:56:57.432+0300] {logging_mixin.py:188} INFO - [2026-06-21T21:56:57.430+0300] {dagbag.py:540} INFO - Filling up the DagBag from /media/data/omar/programming course/DEPI/DEPI project/anomx/venv/lib/python3.12/site-packages/airflow/example_dags/example_sensor_decorator.py
[2026-06-21T21:56:57.443+0300] {processor.py:840} INFO - DAG(s) 'example_sensor_decorator' retrieved from /media/data/omar/programming course/DEPI/DEPI project/anomx/venv/lib/python3.12/site-packages/airflow/example_dags/example_sensor_decorator.py
[2026-06-21T21:56:57.459+0300] {logging_mixin.py:188} INFO - [2026-06-21T21:56:57.459+0300] {dag.py:3096} INFO - Sync 1 DAGs
[2026-06-21T21:56:57.469+0300] {logging_mixin.py:188} INFO - [2026-06-21T21:56:57.468+0300] {dag.py:3954} INFO - Setting next_dagrun for example_sensor_decorator to None, run_after=None
[2026-06-21T21:56:57.497+0300] {processor.py:183} INFO - Processing /media/data/omar/programming course/DEPI/DEPI project/anomx/venv/lib/python3.12/site-packages/airflow/example_dags/example_sensor_decorator.py took 0.090 seconds
[2026-06-21T21:57:50.672+0300] {processor.py:161} INFO - Started process (PID=17191) to work on /media/data/omar/programming course/DEPI/DEPI project/anomx/venv/lib/python3.12/site-packages/airflow/example_dags/example_sensor_decorator.py
[2026-06-21T21:57:50.674+0300] {processor.py:830} INFO - Processing file /media/data/omar/programming course/DEPI/DEPI project/anomx/venv/lib/python3.12/site-packages/airflow/example_dags/example_sensor_decorator.py for tasks to queue
[2026-06-21T21:57:50.677+0300] {logging_mixin.py:188} INFO - [2026-06-21T21:57:50.676+0300] {dagbag.py:540} INFO - Filling up the DagBag from /media/data/omar/programming course/DEPI/DEPI project/anomx/venv/lib/python3.12/site-packages/airflow/example_dags/example_sensor_decorator.py
[2026-06-21T21:57:50.689+0300] {processor.py:840} INFO - DAG(s) 'example_sensor_decorator' retrieved from /media/data/omar/programming course/DEPI/DEPI project/anomx/venv/lib/python3.12/site-packages/airflow/example_dags/example_sensor_decorator.py
[2026-06-21T21:57:50.711+0300] {logging_mixin.py:188} INFO - [2026-06-21T21:57:50.711+0300] {dag.py:3096} INFO - Sync 1 DAGs
[2026-06-21T21:57:50.722+0300] {logging_mixin.py:188} INFO - [2026-06-21T21:57:50.721+0300] {dag.py:3954} INFO - Setting next_dagrun for example_sensor_decorator to None, run_after=None
[2026-06-21T21:57:50.748+0300] {processor.py:183} INFO - Processing /media/data/omar/programming course/DEPI/DEPI project/anomx/venv/lib/python3.12/site-packages/airflow/example_dags/example_sensor_decorator.py took 0.087 seconds
[2026-06-21T21:58:46.906+0300] {processor.py:161} INFO - Started process (PID=17283) to work on /media/data/omar/programming course/DEPI/DEPI project/anomx/venv/lib/python3.12/site-packages/airflow/example_dags/example_sensor_decorator.py
[2026-06-21T21:58:46.907+0300] {processor.py:830} INFO - Processing file /media/data/omar/programming course/DEPI/DEPI project/anomx/venv/lib/python3.12/site-packages/airflow/example_dags/example_sensor_decorator.py for tasks to queue
[2026-06-21T21:58:46.910+0300] {logging_mixin.py:188} INFO - [2026-06-21T21:58:46.909+0300] {dagbag.py:540} INFO - Filling up the DagBag from /media/data/omar/programming course/DEPI/DEPI project/anomx/venv/lib/python3.12/site-packages/airflow/example_dags/example_sensor_decorator.py
[2026-06-21T21:58:46.917+0300] {processor.py:840} INFO - DAG(s) 'example_sensor_decorator' retrieved from /media/data/omar/programming course/DEPI/DEPI project/anomx/venv/lib/python3.12/site-packages/airflow/example_dags/example_sensor_decorator.py
[2026-06-21T21:58:46.932+0300] {logging_mixin.py:188} INFO - [2026-06-21T21:58:46.932+0300] {dag.py:3096} INFO - Sync 1 DAGs
[2026-06-21T21:58:46.943+0300] {logging_mixin.py:188} INFO - [2026-06-21T21:58:46.942+0300] {dag.py:3954} INFO - Setting next_dagrun for example_sensor_decorator to None, run_after=None
[2026-06-21T21:58:46.971+0300] {processor.py:183} INFO - Processing /media/data/omar/programming course/DEPI/DEPI project/anomx/venv/lib/python3.12/site-packages/airflow/example_dags/example_sensor_decorator.py took 0.074 seconds
[2026-06-21T21:59:43.168+0300] {processor.py:161} INFO - Started process (PID=17375) to work on /media/data/omar/programming course/DEPI/DEPI project/anomx/venv/lib/python3.12/site-packages/airflow/example_dags/example_sensor_decorator.py
[2026-06-21T21:59:43.171+0300] {processor.py:830} INFO - Processing file /media/data/omar/programming course/DEPI/DEPI project/anomx/venv/lib/python3.12/site-packages/airflow/example_dags/example_sensor_decorator.py for tasks to queue
[2026-06-21T21:59:43.177+0300] {logging_mixin.py:188} INFO - [2026-06-21T21:59:43.176+0300] {dagbag.py:540} INFO - Filling up the DagBag from /media/data/omar/programming course/DEPI/DEPI project/anomx/venv/lib/python3.12/site-packages/airflow/example_dags/example_sensor_decorator.py
[2026-06-21T21:59:43.191+0300] {processor.py:840} INFO - DAG(s) 'example_sensor_decorator' retrieved from /media/data/omar/programming course/DEPI/DEPI project/anomx/venv/lib/python3.12/site-packages/airflow/example_dags/example_sensor_decorator.py
[2026-06-21T21:59:43.211+0300] {logging_mixin.py:188} INFO - [2026-06-21T21:59:43.211+0300] {dag.py:3096} INFO - Sync 1 DAGs
[2026-06-21T21:59:43.221+0300] {logging_mixin.py:188} INFO - [2026-06-21T21:59:43.221+0300] {dag.py:3954} INFO - Setting next_dagrun for example_sensor_decorator to None, run_after=None
[2026-06-21T21:59:43.249+0300] {processor.py:183} INFO - Processing /media/data/omar/programming course/DEPI/DEPI project/anomx/venv/lib/python3.12/site-packages/airflow/example_dags/example_sensor_decorator.py took 0.100 seconds
[2026-06-21T22:00:40.989+0300] {processor.py:161} INFO - Started process (PID=17461) to work on /media/data/omar/programming course/DEPI/DEPI project/anomx/venv/lib/python3.12/site-packages/airflow/example_dags/example_sensor_decorator.py
[2026-06-21T22:00:40.991+0300] {processor.py:830} INFO - Processing file /media/data/omar/programming course/DEPI/DEPI project/anomx/venv/lib/python3.12/site-packages/airflow/example_dags/example_sensor_decorator.py for tasks to queue
[2026-06-21T22:00:40.994+0300] {logging_mixin.py:188} INFO - [2026-06-21T22:00:40.993+0300] {dagbag.py:540} INFO - Filling up the DagBag from /media/data/omar/programming course/DEPI/DEPI project/anomx/venv/lib/python3.12/site-packages/airflow/example_dags/example_sensor_decorator.py
[2026-06-21T22:00:41.003+0300] {processor.py:840} INFO - DAG(s) 'example_sensor_decorator' retrieved from /media/data/omar/programming course/DEPI/DEPI project/anomx/venv/lib/python3.12/site-packages/airflow/example_dags/example_sensor_decorator.py
[2026-06-21T22:00:41.019+0300] {logging_mixin.py:188} INFO - [2026-06-21T22:00:41.018+0300] {dag.py:3096} INFO - Sync 1 DAGs
[2026-06-21T22:00:41.029+0300] {logging_mixin.py:188} INFO - [2026-06-21T22:00:41.029+0300] {dag.py:3954} INFO - Setting next_dagrun for example_sensor_decorator to None, run_after=None
[2026-06-21T22:00:41.074+0300] {processor.py:183} INFO - Processing /media/data/omar/programming course/DEPI/DEPI project/anomx/venv/lib/python3.12/site-packages/airflow/example_dags/example_sensor_decorator.py took 0.099 seconds
[2026-06-21T22:01:38.261+0300] {processor.py:161} INFO - Started process (PID=17554) to work on /media/data/omar/programming course/DEPI/DEPI project/anomx/venv/lib/python3.12/site-packages/airflow/example_dags/example_sensor_decorator.py
[2026-06-21T22:01:38.263+0300] {processor.py:830} INFO - Processing file /media/data/omar/programming course/DEPI/DEPI project/anomx/venv/lib/python3.12/site-packages/airflow/example_dags/example_sensor_decorator.py for tasks to queue
[2026-06-21T22:01:38.266+0300] {logging_mixin.py:188} INFO - [2026-06-21T22:01:38.265+0300] {dagbag.py:540} INFO - Filling up the DagBag from /media/data/omar/programming course/DEPI/DEPI project/anomx/venv/lib/python3.12/site-packages/airflow/example_dags/example_sensor_decorator.py
[2026-06-21T22:01:38.279+0300] {processor.py:840} INFO - DAG(s) 'example_sensor_decorator' retrieved from /media/data/omar/programming course/DEPI/DEPI project/anomx/venv/lib/python3.12/site-packages/airflow/example_dags/example_sensor_decorator.py
[2026-06-21T22:01:38.299+0300] {logging_mixin.py:188} INFO - [2026-06-21T22:01:38.299+0300] {dag.py:3096} INFO - Sync 1 DAGs
[2026-06-21T22:01:38.312+0300] {logging_mixin.py:188} INFO - [2026-06-21T22:01:38.312+0300] {dag.py:3954} INFO - Setting next_dagrun for example_sensor_decorator to None, run_after=None
[2026-06-21T22:01:38.340+0300] {processor.py:183} INFO - Processing /media/data/omar/programming course/DEPI/DEPI project/anomx/venv/lib/python3.12/site-packages/airflow/example_dags/example_sensor_decorator.py took 0.093 seconds
[2026-06-21T22:02:36.329+0300] {processor.py:161} INFO - Started process (PID=17702) to work on /media/data/omar/programming course/DEPI/DEPI project/anomx/venv/lib/python3.12/site-packages/airflow/example_dags/example_sensor_decorator.py
[2026-06-21T22:02:36.330+0300] {processor.py:830} INFO - Processing file /media/data/omar/programming course/DEPI/DEPI project/anomx/venv/lib/python3.12/site-packages/airflow/example_dags/example_sensor_decorator.py for tasks to queue
[2026-06-21T22:02:36.332+0300] {logging_mixin.py:188} INFO - [2026-06-21T22:02:36.332+0300] {dagbag.py:540} INFO - Filling up the DagBag from /media/data/omar/programming course/DEPI/DEPI project/anomx/venv/lib/python3.12/site-packages/airflow/example_dags/example_sensor_decorator.py
[2026-06-21T22:02:36.340+0300] {processor.py:840} INFO - DAG(s) 'example_sensor_decorator' retrieved from /media/data/omar/programming course/DEPI/DEPI project/anomx/venv/lib/python3.12/site-packages/airflow/example_dags/example_sensor_decorator.py
[2026-06-21T22:02:36.354+0300] {logging_mixin.py:188} INFO - [2026-06-21T22:02:36.354+0300] {dag.py:3096} INFO - Sync 1 DAGs
[2026-06-21T22:02:36.364+0300] {logging_mixin.py:188} INFO - [2026-06-21T22:02:36.364+0300] {dag.py:3954} INFO - Setting next_dagrun for example_sensor_decorator to None, run_after=None
[2026-06-21T22:02:36.393+0300] {processor.py:183} INFO - Processing /media/data/omar/programming course/DEPI/DEPI project/anomx/venv/lib/python3.12/site-packages/airflow/example_dags/example_sensor_decorator.py took 0.073 seconds
[2026-06-21T22:03:33.111+0300] {processor.py:161} INFO - Started process (PID=17800) to work on /media/data/omar/programming course/DEPI/DEPI project/anomx/venv/lib/python3.12/site-packages/airflow/example_dags/example_sensor_decorator.py
[2026-06-21T22:03:33.113+0300] {processor.py:830} INFO - Processing file /media/data/omar/programming course/DEPI/DEPI project/anomx/venv/lib/python3.12/site-packages/airflow/example_dags/example_sensor_decorator.py for tasks to queue
[2026-06-21T22:03:33.116+0300] {logging_mixin.py:188} INFO - [2026-06-21T22:03:33.116+0300] {dagbag.py:540} INFO - Filling up the DagBag from /media/data/omar/programming course/DEPI/DEPI project/anomx/venv/lib/python3.12/site-packages/airflow/example_dags/example_sensor_decorator.py
[2026-06-21T22:03:33.126+0300] {processor.py:840} INFO - DAG(s) 'example_sensor_decorator' retrieved from /media/data/omar/programming course/DEPI/DEPI project/anomx/venv/lib/python3.12/site-packages/airflow/example_dags/example_sensor_decorator.py
[2026-06-21T22:03:33.144+0300] {logging_mixin.py:188} INFO - [2026-06-21T22:03:33.144+0300] {dag.py:3096} INFO - Sync 1 DAGs
[2026-06-21T22:03:33.155+0300] {logging_mixin.py:188} INFO - [2026-06-21T22:03:33.154+0300] {dag.py:3954} INFO - Setting next_dagrun for example_sensor_decorator to None, run_after=None
[2026-06-21T22:03:33.181+0300] {processor.py:183} INFO - Processing /media/data/omar/programming course/DEPI/DEPI project/anomx/venv/lib/python3.12/site-packages/airflow/example_dags/example_sensor_decorator.py took 0.087 seconds
[2026-06-21T22:04:26.292+0300] {processor.py:161} INFO - Started process (PID=17891) to work on /media/data/omar/programming course/DEPI/DEPI project/anomx/venv/lib/python3.12/site-packages/airflow/example_dags/example_sensor_decorator.py
[2026-06-21T22:04:26.294+0300] {processor.py:830} INFO - Processing file /media/data/omar/programming course/DEPI/DEPI project/anomx/venv/lib/python3.12/site-packages/airflow/example_dags/example_sensor_decorator.py for tasks to queue
[2026-06-21T22:04:26.299+0300] {logging_mixin.py:188} INFO - [2026-06-21T22:04:26.298+0300] {dagbag.py:540} INFO - Filling up the DagBag from /media/data/omar/programming course/DEPI/DEPI project/anomx/venv/lib/python3.12/site-packages/airflow/example_dags/example_sensor_decorator.py
[2026-06-21T22:04:26.309+0300] {processor.py:840} INFO - DAG(s) 'example_sensor_decorator' retrieved from /media/data/omar/programming course/DEPI/DEPI project/anomx/venv/lib/python3.12/site-packages/airflow/example_dags/example_sensor_decorator.py
[2026-06-21T22:04:26.325+0300] {logging_mixin.py:188} INFO - [2026-06-21T22:04:26.325+0300] {dag.py:3096} INFO - Sync 1 DAGs
[2026-06-21T22:04:26.335+0300] {logging_mixin.py:188} INFO - [2026-06-21T22:04:26.334+0300] {dag.py:3954} INFO - Setting next_dagrun for example_sensor_decorator to None, run_after=None
[2026-06-21T22:04:26.361+0300] {processor.py:183} INFO - Processing /media/data/omar/programming course/DEPI/DEPI project/anomx/venv/lib/python3.12/site-packages/airflow/example_dags/example_sensor_decorator.py took 0.087 seconds
[2026-06-21T22:05:22.940+0300] {processor.py:161} INFO - Started process (PID=17984) to work on /media/data/omar/programming course/DEPI/DEPI project/anomx/venv/lib/python3.12/site-packages/airflow/example_dags/example_sensor_decorator.py
[2026-06-21T22:05:22.941+0300] {processor.py:830} INFO - Processing file /media/data/omar/programming course/DEPI/DEPI project/anomx/venv/lib/python3.12/site-packages/airflow/example_dags/example_sensor_decorator.py for tasks to queue
[2026-06-21T22:05:22.945+0300] {logging_mixin.py:188} INFO - [2026-06-21T22:05:22.944+0300] {dagbag.py:540} INFO - Filling up the DagBag from /media/data/omar/programming course/DEPI/DEPI project/anomx/venv/lib/python3.12/site-packages/airflow/example_dags/example_sensor_decorator.py
[2026-06-21T22:05:22.954+0300] {processor.py:840} INFO - DAG(s) 'example_sensor_decorator' retrieved from /media/data/omar/programming course/DEPI/DEPI project/anomx/venv/lib/python3.12/site-packages/airflow/example_dags/example_sensor_decorator.py
[2026-06-21T22:05:22.969+0300] {logging_mixin.py:188} INFO - [2026-06-21T22:05:22.969+0300] {dag.py:3096} INFO - Sync 1 DAGs
[2026-06-21T22:05:22.979+0300] {logging_mixin.py:188} INFO - [2026-06-21T22:05:22.978+0300] {dag.py:3954} INFO - Setting next_dagrun for example_sensor_decorator to None, run_after=None
[2026-06-21T22:05:23.005+0300] {processor.py:183} INFO - Processing /media/data/omar/programming course/DEPI/DEPI project/anomx/venv/lib/python3.12/site-packages/airflow/example_dags/example_sensor_decorator.py took 0.079 seconds
[2026-06-21T22:06:19.654+0300] {processor.py:161} INFO - Started process (PID=18066) to work on /media/data/omar/programming course/DEPI/DEPI project/anomx/venv/lib/python3.12/site-packages/airflow/example_dags/example_sensor_decorator.py
[2026-06-21T22:06:19.656+0300] {processor.py:830} INFO - Processing file /media/data/omar/programming course/DEPI/DEPI project/anomx/venv/lib/python3.12/site-packages/airflow/example_dags/example_sensor_decorator.py for tasks to queue
[2026-06-21T22:06:19.658+0300] {logging_mixin.py:188} INFO - [2026-06-21T22:06:19.657+0300] {dagbag.py:540} INFO - Filling up the DagBag from /media/data/omar/programming course/DEPI/DEPI project/anomx/venv/lib/python3.12/site-packages/airflow/example_dags/example_sensor_decorator.py
[2026-06-21T22:06:19.666+0300] {processor.py:840} INFO - DAG(s) 'example_sensor_decorator' retrieved from /media/data/omar/programming course/DEPI/DEPI project/anomx/venv/lib/python3.12/site-packages/airflow/example_dags/example_sensor_decorator.py
[2026-06-21T22:06:19.680+0300] {logging_mixin.py:188} INFO - [2026-06-21T22:06:19.680+0300] {dag.py:3096} INFO - Sync 1 DAGs
[2026-06-21T22:06:19.691+0300] {logging_mixin.py:188} INFO - [2026-06-21T22:06:19.690+0300] {dag.py:3954} INFO - Setting next_dagrun for example_sensor_decorator to None, run_after=None
[2026-06-21T22:06:19.719+0300] {processor.py:183} INFO - Processing /media/data/omar/programming course/DEPI/DEPI project/anomx/venv/lib/python3.12/site-packages/airflow/example_dags/example_sensor_decorator.py took 0.076 seconds
[2026-06-21T22:07:17.207+0300] {processor.py:161} INFO - Started process (PID=18157) to work on /media/data/omar/programming course/DEPI/DEPI project/anomx/venv/lib/python3.12/site-packages/airflow/example_dags/example_sensor_decorator.py
[2026-06-21T22:07:17.209+0300] {processor.py:830} INFO - Processing file /media/data/omar/programming course/DEPI/DEPI project/anomx/venv/lib/python3.12/site-packages/airflow/example_dags/example_sensor_decorator.py for tasks to queue
[2026-06-21T22:07:17.212+0300] {logging_mixin.py:188} INFO - [2026-06-21T22:07:17.211+0300] {dagbag.py:540} INFO - Filling up the DagBag from /media/data/omar/programming course/DEPI/DEPI project/anomx/venv/lib/python3.12/site-packages/airflow/example_dags/example_sensor_decorator.py
[2026-06-21T22:07:17.221+0300] {processor.py:840} INFO - DAG(s) 'example_sensor_decorator' retrieved from /media/data/omar/programming course/DEPI/DEPI project/anomx/venv/lib/python3.12/site-packages/airflow/example_dags/example_sensor_decorator.py
[2026-06-21T22:07:17.239+0300] {logging_mixin.py:188} INFO - [2026-06-21T22:07:17.239+0300] {dag.py:3096} INFO - Sync 1 DAGs
[2026-06-21T22:07:17.250+0300] {logging_mixin.py:188} INFO - [2026-06-21T22:07:17.250+0300] {dag.py:3954} INFO - Setting next_dagrun for example_sensor_decorator to None, run_after=None
[2026-06-21T22:07:17.363+0300] {processor.py:183} INFO - Processing /media/data/omar/programming course/DEPI/DEPI project/anomx/venv/lib/python3.12/site-packages/airflow/example_dags/example_sensor_decorator.py took 0.169 seconds
[2026-06-21T22:08:16.360+0300] {processor.py:161} INFO - Started process (PID=18248) to work on /media/data/omar/programming course/DEPI/DEPI project/anomx/venv/lib/python3.12/site-packages/airflow/example_dags/example_sensor_decorator.py
[2026-06-21T22:08:16.362+0300] {processor.py:830} INFO - Processing file /media/data/omar/programming course/DEPI/DEPI project/anomx/venv/lib/python3.12/site-packages/airflow/example_dags/example_sensor_decorator.py for tasks to queue
[2026-06-21T22:08:16.366+0300] {logging_mixin.py:188} INFO - [2026-06-21T22:08:16.365+0300] {dagbag.py:540} INFO - Filling up the DagBag from /media/data/omar/programming course/DEPI/DEPI project/anomx/venv/lib/python3.12/site-packages/airflow/example_dags/example_sensor_decorator.py
[2026-06-21T22:08:16.378+0300] {processor.py:840} INFO - DAG(s) 'example_sensor_decorator' retrieved from /media/data/omar/programming course/DEPI/DEPI project/anomx/venv/lib/python3.12/site-packages/airflow/example_dags/example_sensor_decorator.py
[2026-06-21T22:08:16.405+0300] {logging_mixin.py:188} INFO - [2026-06-21T22:08:16.404+0300] {dag.py:3096} INFO - Sync 1 DAGs
[2026-06-21T22:08:16.419+0300] {logging_mixin.py:188} INFO - [2026-06-21T22:08:16.418+0300] {dag.py:3954} INFO - Setting next_dagrun for example_sensor_decorator to None, run_after=None
[2026-06-21T22:08:16.450+0300] {processor.py:183} INFO - Processing /media/data/omar/programming course/DEPI/DEPI project/anomx/venv/lib/python3.12/site-packages/airflow/example_dags/example_sensor_decorator.py took 0.104 seconds
[2026-06-21T22:09:12.167+0300] {processor.py:161} INFO - Started process (PID=18338) to work on /media/data/omar/programming course/DEPI/DEPI project/anomx/venv/lib/python3.12/site-packages/airflow/example_dags/example_sensor_decorator.py
[2026-06-21T22:09:12.168+0300] {processor.py:830} INFO - Processing file /media/data/omar/programming course/DEPI/DEPI project/anomx/venv/lib/python3.12/site-packages/airflow/example_dags/example_sensor_decorator.py for tasks to queue
[2026-06-21T22:09:12.169+0300] {logging_mixin.py:188} INFO - [2026-06-21T22:09:12.169+0300] {dagbag.py:540} INFO - Filling up the DagBag from /media/data/omar/programming course/DEPI/DEPI project/anomx/venv/lib/python3.12/site-packages/airflow/example_dags/example_sensor_decorator.py
[2026-06-21T22:09:12.176+0300] {processor.py:840} INFO - DAG(s) 'example_sensor_decorator' retrieved from /media/data/omar/programming course/DEPI/DEPI project/anomx/venv/lib/python3.12/site-packages/airflow/example_dags/example_sensor_decorator.py
[2026-06-21T22:09:12.190+0300] {logging_mixin.py:188} INFO - [2026-06-21T22:09:12.189+0300] {dag.py:3096} INFO - Sync 1 DAGs
[2026-06-21T22:09:12.199+0300] {logging_mixin.py:188} INFO - [2026-06-21T22:09:12.199+0300] {dag.py:3954} INFO - Setting next_dagrun for example_sensor_decorator to None, run_after=None
[2026-06-21T22:09:12.247+0300] {processor.py:183} INFO - Processing /media/data/omar/programming course/DEPI/DEPI project/anomx/venv/lib/python3.12/site-packages/airflow/example_dags/example_sensor_decorator.py took 0.085 seconds
[2026-06-21T22:10:14.966+0300] {processor.py:161} INFO - Started process (PID=18629) to work on /media/data/omar/programming course/DEPI/DEPI project/anomx/venv/lib/python3.12/site-packages/airflow/example_dags/example_sensor_decorator.py
[2026-06-21T22:10:14.972+0300] {processor.py:830} INFO - Processing file /media/data/omar/programming course/DEPI/DEPI project/anomx/venv/lib/python3.12/site-packages/airflow/example_dags/example_sensor_decorator.py for tasks to queue
[2026-06-21T22:10:14.983+0300] {logging_mixin.py:188} INFO - [2026-06-21T22:10:14.980+0300] {dagbag.py:540} INFO - Filling up the DagBag from /media/data/omar/programming course/DEPI/DEPI project/anomx/venv/lib/python3.12/site-packages/airflow/example_dags/example_sensor_decorator.py
[2026-06-21T22:10:14.994+0300] {processor.py:840} INFO - DAG(s) 'example_sensor_decorator' retrieved from /media/data/omar/programming course/DEPI/DEPI project/anomx/venv/lib/python3.12/site-packages/airflow/example_dags/example_sensor_decorator.py
[2026-06-21T22:10:15.083+0300] {logging_mixin.py:188} INFO - [2026-06-21T22:10:15.082+0300] {dag.py:3096} INFO - Sync 1 DAGs
[2026-06-21T22:10:15.110+0300] {logging_mixin.py:188} INFO - [2026-06-21T22:10:15.110+0300] {dag.py:3954} INFO - Setting next_dagrun for example_sensor_decorator to None, run_after=None
[2026-06-21T22:10:15.373+0300] {processor.py:183} INFO - Processing /media/data/omar/programming course/DEPI/DEPI project/anomx/venv/lib/python3.12/site-packages/airflow/example_dags/example_sensor_decorator.py took 0.418 seconds
[2026-06-21T22:11:18.214+0300] {processor.py:161} INFO - Started process (PID=18819) to work on /media/data/omar/programming course/DEPI/DEPI project/anomx/venv/lib/python3.12/site-packages/airflow/example_dags/example_sensor_decorator.py
[2026-06-21T22:11:18.215+0300] {processor.py:830} INFO - Processing file /media/data/omar/programming course/DEPI/DEPI project/anomx/venv/lib/python3.12/site-packages/airflow/example_dags/example_sensor_decorator.py for tasks to queue
[2026-06-21T22:11:18.217+0300] {logging_mixin.py:188} INFO - [2026-06-21T22:11:18.216+0300] {dagbag.py:540} INFO - Filling up the DagBag from /media/data/omar/programming course/DEPI/DEPI project/anomx/venv/lib/python3.12/site-packages/airflow/example_dags/example_sensor_decorator.py
[2026-06-21T22:11:18.224+0300] {processor.py:840} INFO - DAG(s) 'example_sensor_decorator' retrieved from /media/data/omar/programming course/DEPI/DEPI project/anomx/venv/lib/python3.12/site-packages/airflow/example_dags/example_sensor_decorator.py
[2026-06-21T22:11:18.241+0300] {logging_mixin.py:188} INFO - [2026-06-21T22:11:18.240+0300] {dag.py:3096} INFO - Sync 1 DAGs
[2026-06-21T22:11:18.253+0300] {logging_mixin.py:188} INFO - [2026-06-21T22:11:18.252+0300] {dag.py:3954} INFO - Setting next_dagrun for example_sensor_decorator to None, run_after=None
[2026-06-21T22:11:18.285+0300] {processor.py:183} INFO - Processing /media/data/omar/programming course/DEPI/DEPI project/anomx/venv/lib/python3.12/site-packages/airflow/example_dags/example_sensor_decorator.py took 0.077 seconds
[2026-06-21T22:12:09.518+0300] {processor.py:161} INFO - Started process (PID=18899) to work on /media/data/omar/programming course/DEPI/DEPI project/anomx/venv/lib/python3.12/site-packages/airflow/example_dags/example_sensor_decorator.py
[2026-06-21T22:12:09.520+0300] {processor.py:830} INFO - Processing file /media/data/omar/programming course/DEPI/DEPI project/anomx/venv/lib/python3.12/site-packages/airflow/example_dags/example_sensor_decorator.py for tasks to queue
[2026-06-21T22:12:09.523+0300] {logging_mixin.py:188} INFO - [2026-06-21T22:12:09.522+0300] {dagbag.py:540} INFO - Filling up the DagBag from /media/data/omar/programming course/DEPI/DEPI project/anomx/venv/lib/python3.12/site-packages/airflow/example_dags/example_sensor_decorator.py
[2026-06-21T22:12:09.533+0300] {processor.py:840} INFO - DAG(s) 'example_sensor_decorator' retrieved from /media/data/omar/programming course/DEPI/DEPI project/anomx/venv/lib/python3.12/site-packages/airflow/example_dags/example_sensor_decorator.py
[2026-06-21T22:12:09.556+0300] {logging_mixin.py:188} INFO - [2026-06-21T22:12:09.555+0300] {dag.py:3096} INFO - Sync 1 DAGs
[2026-06-21T22:12:09.567+0300] {logging_mixin.py:188} INFO - [2026-06-21T22:12:09.567+0300] {dag.py:3954} INFO - Setting next_dagrun for example_sensor_decorator to None, run_after=None
[2026-06-21T22:12:09.594+0300] {processor.py:183} INFO - Processing /media/data/omar/programming course/DEPI/DEPI project/anomx/venv/lib/python3.12/site-packages/airflow/example_dags/example_sensor_decorator.py took 0.094 seconds
[2026-06-21T22:13:04.702+0300] {processor.py:161} INFO - Started process (PID=18994) to work on /media/data/omar/programming course/DEPI/DEPI project/anomx/venv/lib/python3.12/site-packages/airflow/example_dags/example_sensor_decorator.py
[2026-06-21T22:13:04.703+0300] {processor.py:830} INFO - Processing file /media/data/omar/programming course/DEPI/DEPI project/anomx/venv/lib/python3.12/site-packages/airflow/example_dags/example_sensor_decorator.py for tasks to queue
[2026-06-21T22:13:04.705+0300] {logging_mixin.py:188} INFO - [2026-06-21T22:13:04.704+0300] {dagbag.py:540} INFO - Filling up the DagBag from /media/data/omar/programming course/DEPI/DEPI project/anomx/venv/lib/python3.12/site-packages/airflow/example_dags/example_sensor_decorator.py
[2026-06-21T22:13:04.713+0300] {processor.py:840} INFO - DAG(s) 'example_sensor_decorator' retrieved from /media/data/omar/programming course/DEPI/DEPI project/anomx/venv/lib/python3.12/site-packages/airflow/example_dags/example_sensor_decorator.py
[2026-06-21T22:13:04.731+0300] {logging_mixin.py:188} INFO - [2026-06-21T22:13:04.730+0300] {dag.py:3096} INFO - Sync 1 DAGs
[2026-06-21T22:13:04.743+0300] {logging_mixin.py:188} INFO - [2026-06-21T22:13:04.742+0300] {dag.py:3954} INFO - Setting next_dagrun for example_sensor_decorator to None, run_after=None
[2026-06-21T22:13:04.854+0300] {processor.py:183} INFO - Processing /media/data/omar/programming course/DEPI/DEPI project/anomx/venv/lib/python3.12/site-packages/airflow/example_dags/example_sensor_decorator.py took 0.160 seconds
[2026-06-21T22:13:50.378+0300] {processor.py:161} INFO - Started process (PID=19125) to work on /media/data/omar/programming course/DEPI/DEPI project/anomx/venv/lib/python3.12/site-packages/airflow/example_dags/example_sensor_decorator.py
[2026-06-21T22:13:50.380+0300] {processor.py:830} INFO - Processing file /media/data/omar/programming course/DEPI/DEPI project/anomx/venv/lib/python3.12/site-packages/airflow/example_dags/example_sensor_decorator.py for tasks to queue
[2026-06-21T22:13:50.382+0300] {logging_mixin.py:188} INFO - [2026-06-21T22:13:50.381+0300] {dagbag.py:540} INFO - Filling up the DagBag from /media/data/omar/programming course/DEPI/DEPI project/anomx/venv/lib/python3.12/site-packages/airflow/example_dags/example_sensor_decorator.py
[2026-06-21T22:13:50.390+0300] {processor.py:840} INFO - DAG(s) 'example_sensor_decorator' retrieved from /media/data/omar/programming course/DEPI/DEPI project/anomx/venv/lib/python3.12/site-packages/airflow/example_dags/example_sensor_decorator.py
[2026-06-21T22:13:50.410+0300] {logging_mixin.py:188} INFO - [2026-06-21T22:13:50.410+0300] {dag.py:3096} INFO - Sync 1 DAGs
[2026-06-21T22:13:50.423+0300] {logging_mixin.py:188} INFO - [2026-06-21T22:13:50.423+0300] {dag.py:3954} INFO - Setting next_dagrun for example_sensor_decorator to None, run_after=None
[2026-06-21T22:13:50.455+0300] {processor.py:183} INFO - Processing /media/data/omar/programming course/DEPI/DEPI project/anomx/venv/lib/python3.12/site-packages/airflow/example_dags/example_sensor_decorator.py took 0.085 seconds
[2026-06-21T22:14:49.895+0300] {processor.py:161} INFO - Started process (PID=19232) to work on /media/data/omar/programming course/DEPI/DEPI project/anomx/venv/lib/python3.12/site-packages/airflow/example_dags/example_sensor_decorator.py
[2026-06-21T22:14:49.896+0300] {processor.py:830} INFO - Processing file /media/data/omar/programming course/DEPI/DEPI project/anomx/venv/lib/python3.12/site-packages/airflow/example_dags/example_sensor_decorator.py for tasks to queue
[2026-06-21T22:14:49.898+0300] {logging_mixin.py:188} INFO - [2026-06-21T22:14:49.898+0300] {dagbag.py:540} INFO - Filling up the DagBag from /media/data/omar/programming course/DEPI/DEPI project/anomx/venv/lib/python3.12/site-packages/airflow/example_dags/example_sensor_decorator.py
[2026-06-21T22:14:49.907+0300] {processor.py:840} INFO - DAG(s) 'example_sensor_decorator' retrieved from /media/data/omar/programming course/DEPI/DEPI project/anomx/venv/lib/python3.12/site-packages/airflow/example_dags/example_sensor_decorator.py
[2026-06-21T22:14:49.923+0300] {logging_mixin.py:188} INFO - [2026-06-21T22:14:49.923+0300] {dag.py:3096} INFO - Sync 1 DAGs
[2026-06-21T22:14:49.934+0300] {logging_mixin.py:188} INFO - [2026-06-21T22:14:49.933+0300] {dag.py:3954} INFO - Setting next_dagrun for example_sensor_decorator to None, run_after=None
[2026-06-21T22:14:49.965+0300] {processor.py:183} INFO - Processing /media/data/omar/programming course/DEPI/DEPI project/anomx/venv/lib/python3.12/site-packages/airflow/example_dags/example_sensor_decorator.py took 0.078 seconds
[2026-06-21T22:15:45.874+0300] {processor.py:161} INFO - Started process (PID=19450) to work on /media/data/omar/programming course/DEPI/DEPI project/anomx/venv/lib/python3.12/site-packages/airflow/example_dags/example_sensor_decorator.py
[2026-06-21T22:15:45.875+0300] {processor.py:830} INFO - Processing file /media/data/omar/programming course/DEPI/DEPI project/anomx/venv/lib/python3.12/site-packages/airflow/example_dags/example_sensor_decorator.py for tasks to queue
[2026-06-21T22:15:45.877+0300] {logging_mixin.py:188} INFO - [2026-06-21T22:15:45.876+0300] {dagbag.py:540} INFO - Filling up the DagBag from /media/data/omar/programming course/DEPI/DEPI project/anomx/venv/lib/python3.12/site-packages/airflow/example_dags/example_sensor_decorator.py
[2026-06-21T22:15:45.884+0300] {processor.py:840} INFO - DAG(s) 'example_sensor_decorator' retrieved from /media/data/omar/programming course/DEPI/DEPI project/anomx/venv/lib/python3.12/site-packages/airflow/example_dags/example_sensor_decorator.py
[2026-06-21T22:15:45.900+0300] {logging_mixin.py:188} INFO - [2026-06-21T22:15:45.899+0300] {dag.py:3096} INFO - Sync 1 DAGs
[2026-06-21T22:15:45.910+0300] {logging_mixin.py:188} INFO - [2026-06-21T22:15:45.910+0300] {dag.py:3954} INFO - Setting next_dagrun for example_sensor_decorator to None, run_after=None
[2026-06-21T22:15:45.943+0300] {processor.py:183} INFO - Processing /media/data/omar/programming course/DEPI/DEPI project/anomx/venv/lib/python3.12/site-packages/airflow/example_dags/example_sensor_decorator.py took 0.074 seconds
[2026-06-21T22:16:42.462+0300] {processor.py:161} INFO - Started process (PID=19712) to work on /media/data/omar/programming course/DEPI/DEPI project/anomx/venv/lib/python3.12/site-packages/airflow/example_dags/example_sensor_decorator.py
[2026-06-21T22:16:42.463+0300] {processor.py:830} INFO - Processing file /media/data/omar/programming course/DEPI/DEPI project/anomx/venv/lib/python3.12/site-packages/airflow/example_dags/example_sensor_decorator.py for tasks to queue
[2026-06-21T22:16:42.466+0300] {logging_mixin.py:188} INFO - [2026-06-21T22:16:42.465+0300] {dagbag.py:540} INFO - Filling up the DagBag from /media/data/omar/programming course/DEPI/DEPI project/anomx/venv/lib/python3.12/site-packages/airflow/example_dags/example_sensor_decorator.py
[2026-06-21T22:16:42.477+0300] {processor.py:840} INFO - DAG(s) 'example_sensor_decorator' retrieved from /media/data/omar/programming course/DEPI/DEPI project/anomx/venv/lib/python3.12/site-packages/airflow/example_dags/example_sensor_decorator.py
[2026-06-21T22:16:42.499+0300] {logging_mixin.py:188} INFO - [2026-06-21T22:16:42.498+0300] {dag.py:3096} INFO - Sync 1 DAGs
[2026-06-21T22:16:42.515+0300] {logging_mixin.py:188} INFO - [2026-06-21T22:16:42.515+0300] {dag.py:3954} INFO - Setting next_dagrun for example_sensor_decorator to None, run_after=None
[2026-06-21T22:16:42.545+0300] {processor.py:183} INFO - Processing /media/data/omar/programming course/DEPI/DEPI project/anomx/venv/lib/python3.12/site-packages/airflow/example_dags/example_sensor_decorator.py took 0.092 seconds
[2026-06-21T22:17:42.933+0300] {processor.py:161} INFO - Started process (PID=19889) to work on /media/data/omar/programming course/DEPI/DEPI project/anomx/venv/lib/python3.12/site-packages/airflow/example_dags/example_sensor_decorator.py
[2026-06-21T22:17:42.934+0300] {processor.py:830} INFO - Processing file /media/data/omar/programming course/DEPI/DEPI project/anomx/venv/lib/python3.12/site-packages/airflow/example_dags/example_sensor_decorator.py for tasks to queue
[2026-06-21T22:17:42.936+0300] {logging_mixin.py:188} INFO - [2026-06-21T22:17:42.936+0300] {dagbag.py:540} INFO - Filling up the DagBag from /media/data/omar/programming course/DEPI/DEPI project/anomx/venv/lib/python3.12/site-packages/airflow/example_dags/example_sensor_decorator.py
[2026-06-21T22:17:42.942+0300] {processor.py:840} INFO - DAG(s) 'example_sensor_decorator' retrieved from /media/data/omar/programming course/DEPI/DEPI project/anomx/venv/lib/python3.12/site-packages/airflow/example_dags/example_sensor_decorator.py
[2026-06-21T22:17:42.957+0300] {logging_mixin.py:188} INFO - [2026-06-21T22:17:42.957+0300] {dag.py:3096} INFO - Sync 1 DAGs
[2026-06-21T22:17:42.967+0300] {logging_mixin.py:188} INFO - [2026-06-21T22:17:42.966+0300] {dag.py:3954} INFO - Setting next_dagrun for example_sensor_decorator to None, run_after=None
[2026-06-21T22:17:42.994+0300] {processor.py:183} INFO - Processing /media/data/omar/programming course/DEPI/DEPI project/anomx/venv/lib/python3.12/site-packages/airflow/example_dags/example_sensor_decorator.py took 0.067 seconds
[2026-06-21T22:18:40.687+0300] {processor.py:161} INFO - Started process (PID=19985) to work on /media/data/omar/programming course/DEPI/DEPI project/anomx/venv/lib/python3.12/site-packages/airflow/example_dags/example_sensor_decorator.py
[2026-06-21T22:18:40.689+0300] {processor.py:830} INFO - Processing file /media/data/omar/programming course/DEPI/DEPI project/anomx/venv/lib/python3.12/site-packages/airflow/example_dags/example_sensor_decorator.py for tasks to queue
[2026-06-21T22:18:40.693+0300] {logging_mixin.py:188} INFO - [2026-06-21T22:18:40.692+0300] {dagbag.py:540} INFO - Filling up the DagBag from /media/data/omar/programming course/DEPI/DEPI project/anomx/venv/lib/python3.12/site-packages/airflow/example_dags/example_sensor_decorator.py
[2026-06-21T22:18:40.702+0300] {processor.py:840} INFO - DAG(s) 'example_sensor_decorator' retrieved from /media/data/omar/programming course/DEPI/DEPI project/anomx/venv/lib/python3.12/site-packages/airflow/example_dags/example_sensor_decorator.py
[2026-06-21T22:18:40.717+0300] {logging_mixin.py:188} INFO - [2026-06-21T22:18:40.717+0300] {dag.py:3096} INFO - Sync 1 DAGs
[2026-06-21T22:18:40.726+0300] {logging_mixin.py:188} INFO - [2026-06-21T22:18:40.726+0300] {dag.py:3954} INFO - Setting next_dagrun for example_sensor_decorator to None, run_after=None
[2026-06-21T22:18:40.753+0300] {processor.py:183} INFO - Processing /media/data/omar/programming course/DEPI/DEPI project/anomx/venv/lib/python3.12/site-packages/airflow/example_dags/example_sensor_decorator.py took 0.083 seconds
[2026-06-21T22:19:37.587+0300] {processor.py:161} INFO - Started process (PID=20095) to work on /media/data/omar/programming course/DEPI/DEPI project/anomx/venv/lib/python3.12/site-packages/airflow/example_dags/example_sensor_decorator.py
[2026-06-21T22:19:37.588+0300] {processor.py:830} INFO - Processing file /media/data/omar/programming course/DEPI/DEPI project/anomx/venv/lib/python3.12/site-packages/airflow/example_dags/example_sensor_decorator.py for tasks to queue
[2026-06-21T22:19:37.590+0300] {logging_mixin.py:188} INFO - [2026-06-21T22:19:37.589+0300] {dagbag.py:540} INFO - Filling up the DagBag from /media/data/omar/programming course/DEPI/DEPI project/anomx/venv/lib/python3.12/site-packages/airflow/example_dags/example_sensor_decorator.py
[2026-06-21T22:19:37.597+0300] {processor.py:840} INFO - DAG(s) 'example_sensor_decorator' retrieved from /media/data/omar/programming course/DEPI/DEPI project/anomx/venv/lib/python3.12/site-packages/airflow/example_dags/example_sensor_decorator.py
[2026-06-21T22:19:37.617+0300] {logging_mixin.py:188} INFO - [2026-06-21T22:19:37.616+0300] {dag.py:3096} INFO - Sync 1 DAGs
[2026-06-21T22:19:37.628+0300] {logging_mixin.py:188} INFO - [2026-06-21T22:19:37.627+0300] {dag.py:3954} INFO - Setting next_dagrun for example_sensor_decorator to None, run_after=None
[2026-06-21T22:19:37.658+0300] {processor.py:183} INFO - Processing /media/data/omar/programming course/DEPI/DEPI project/anomx/venv/lib/python3.12/site-packages/airflow/example_dags/example_sensor_decorator.py took 0.078 seconds
[2026-06-21T22:21:09.632+0300] {processor.py:161} INFO - Started process (PID=20251) to work on /media/data/omar/programming course/DEPI/DEPI project/anomx/venv/lib/python3.12/site-packages/airflow/example_dags/example_sensor_decorator.py
[2026-06-21T22:21:09.633+0300] {processor.py:830} INFO - Processing file /media/data/omar/programming course/DEPI/DEPI project/anomx/venv/lib/python3.12/site-packages/airflow/example_dags/example_sensor_decorator.py for tasks to queue
[2026-06-21T22:21:09.635+0300] {logging_mixin.py:188} INFO - [2026-06-21T22:21:09.634+0300] {dagbag.py:540} INFO - Filling up the DagBag from /media/data/omar/programming course/DEPI/DEPI project/anomx/venv/lib/python3.12/site-packages/airflow/example_dags/example_sensor_decorator.py
[2026-06-21T22:21:09.641+0300] {processor.py:840} INFO - DAG(s) 'example_sensor_decorator' retrieved from /media/data/omar/programming course/DEPI/DEPI project/anomx/venv/lib/python3.12/site-packages/airflow/example_dags/example_sensor_decorator.py
[2026-06-21T22:21:09.665+0300] {logging_mixin.py:188} INFO - [2026-06-21T22:21:09.665+0300] {dag.py:3096} INFO - Sync 1 DAGs
[2026-06-21T22:21:09.676+0300] {logging_mixin.py:188} INFO - [2026-06-21T22:21:09.675+0300] {dag.py:3954} INFO - Setting next_dagrun for example_sensor_decorator to None, run_after=None
[2026-06-21T22:21:09.711+0300] {processor.py:183} INFO - Processing /media/data/omar/programming course/DEPI/DEPI project/anomx/venv/lib/python3.12/site-packages/airflow/example_dags/example_sensor_decorator.py took 0.088 seconds
[2026-06-21T22:22:11.232+0300] {processor.py:161} INFO - Started process (PID=20350) to work on /media/data/omar/programming course/DEPI/DEPI project/anomx/venv/lib/python3.12/site-packages/airflow/example_dags/example_sensor_decorator.py
[2026-06-21T22:22:11.234+0300] {processor.py:830} INFO - Processing file /media/data/omar/programming course/DEPI/DEPI project/anomx/venv/lib/python3.12/site-packages/airflow/example_dags/example_sensor_decorator.py for tasks to queue
[2026-06-21T22:22:11.237+0300] {logging_mixin.py:188} INFO - [2026-06-21T22:22:11.236+0300] {dagbag.py:540} INFO - Filling up the DagBag from /media/data/omar/programming course/DEPI/DEPI project/anomx/venv/lib/python3.12/site-packages/airflow/example_dags/example_sensor_decorator.py
[2026-06-21T22:22:11.246+0300] {processor.py:840} INFO - DAG(s) 'example_sensor_decorator' retrieved from /media/data/omar/programming course/DEPI/DEPI project/anomx/venv/lib/python3.12/site-packages/airflow/example_dags/example_sensor_decorator.py
[2026-06-21T22:22:11.261+0300] {logging_mixin.py:188} INFO - [2026-06-21T22:22:11.261+0300] {dag.py:3096} INFO - Sync 1 DAGs
[2026-06-21T22:22:11.270+0300] {logging_mixin.py:188} INFO - [2026-06-21T22:22:11.270+0300] {dag.py:3954} INFO - Setting next_dagrun for example_sensor_decorator to None, run_after=None
[2026-06-21T22:22:11.296+0300] {processor.py:183} INFO - Processing /media/data/omar/programming course/DEPI/DEPI project/anomx/venv/lib/python3.12/site-packages/airflow/example_dags/example_sensor_decorator.py took 0.081 seconds
[2026-06-21T22:23:21.690+0300] {processor.py:161} INFO - Started process (PID=20484) to work on /media/data/omar/programming course/DEPI/DEPI project/anomx/venv/lib/python3.12/site-packages/airflow/example_dags/example_sensor_decorator.py
[2026-06-21T22:23:21.691+0300] {processor.py:830} INFO - Processing file /media/data/omar/programming course/DEPI/DEPI project/anomx/venv/lib/python3.12/site-packages/airflow/example_dags/example_sensor_decorator.py for tasks to queue
[2026-06-21T22:23:21.692+0300] {logging_mixin.py:188} INFO - [2026-06-21T22:23:21.692+0300] {dagbag.py:540} INFO - Filling up the DagBag from /media/data/omar/programming course/DEPI/DEPI project/anomx/venv/lib/python3.12/site-packages/airflow/example_dags/example_sensor_decorator.py
[2026-06-21T22:23:21.698+0300] {processor.py:840} INFO - DAG(s) 'example_sensor_decorator' retrieved from /media/data/omar/programming course/DEPI/DEPI project/anomx/venv/lib/python3.12/site-packages/airflow/example_dags/example_sensor_decorator.py
[2026-06-21T22:23:21.714+0300] {logging_mixin.py:188} INFO - [2026-06-21T22:23:21.714+0300] {dag.py:3096} INFO - Sync 1 DAGs
[2026-06-21T22:23:21.724+0300] {logging_mixin.py:188} INFO - [2026-06-21T22:23:21.723+0300] {dag.py:3954} INFO - Setting next_dagrun for example_sensor_decorator to None, run_after=None
[2026-06-21T22:23:21.751+0300] {processor.py:183} INFO - Processing /media/data/omar/programming course/DEPI/DEPI project/anomx/venv/lib/python3.12/site-packages/airflow/example_dags/example_sensor_decorator.py took 0.066 seconds
[2026-06-21T22:24:19.934+0300] {processor.py:161} INFO - Started process (PID=20577) to work on /media/data/omar/programming course/DEPI/DEPI project/anomx/venv/lib/python3.12/site-packages/airflow/example_dags/example_sensor_decorator.py
[2026-06-21T22:24:19.935+0300] {processor.py:830} INFO - Processing file /media/data/omar/programming course/DEPI/DEPI project/anomx/venv/lib/python3.12/site-packages/airflow/example_dags/example_sensor_decorator.py for tasks to queue
[2026-06-21T22:24:19.937+0300] {logging_mixin.py:188} INFO - [2026-06-21T22:24:19.936+0300] {dagbag.py:540} INFO - Filling up the DagBag from /media/data/omar/programming course/DEPI/DEPI project/anomx/venv/lib/python3.12/site-packages/airflow/example_dags/example_sensor_decorator.py
[2026-06-21T22:24:19.944+0300] {processor.py:840} INFO - DAG(s) 'example_sensor_decorator' retrieved from /media/data/omar/programming course/DEPI/DEPI project/anomx/venv/lib/python3.12/site-packages/airflow/example_dags/example_sensor_decorator.py
[2026-06-21T22:24:19.960+0300] {logging_mixin.py:188} INFO - [2026-06-21T22:24:19.960+0300] {dag.py:3096} INFO - Sync 1 DAGs
[2026-06-21T22:24:19.970+0300] {logging_mixin.py:188} INFO - [2026-06-21T22:24:19.969+0300] {dag.py:3954} INFO - Setting next_dagrun for example_sensor_decorator to None, run_after=None
[2026-06-21T22:24:19.996+0300] {processor.py:183} INFO - Processing /media/data/omar/programming course/DEPI/DEPI project/anomx/venv/lib/python3.12/site-packages/airflow/example_dags/example_sensor_decorator.py took 0.069 seconds
[2026-06-21T22:48:10.060+0300] {processor.py:161} INFO - Started process (PID=22143) to work on /media/data/omar/programming course/DEPI/DEPI project/anomx/venv/lib/python3.12/site-packages/airflow/example_dags/example_sensor_decorator.py
[2026-06-21T22:48:10.062+0300] {processor.py:830} INFO - Processing file /media/data/omar/programming course/DEPI/DEPI project/anomx/venv/lib/python3.12/site-packages/airflow/example_dags/example_sensor_decorator.py for tasks to queue
[2026-06-21T22:48:10.064+0300] {logging_mixin.py:188} INFO - [2026-06-21T22:48:10.063+0300] {dagbag.py:540} INFO - Filling up the DagBag from /media/data/omar/programming course/DEPI/DEPI project/anomx/venv/lib/python3.12/site-packages/airflow/example_dags/example_sensor_decorator.py
[2026-06-21T22:48:10.075+0300] {processor.py:840} INFO - DAG(s) 'example_sensor_decorator' retrieved from /media/data/omar/programming course/DEPI/DEPI project/anomx/venv/lib/python3.12/site-packages/airflow/example_dags/example_sensor_decorator.py
[2026-06-21T22:48:10.099+0300] {logging_mixin.py:188} INFO - [2026-06-21T22:48:10.098+0300] {dag.py:3096} INFO - Sync 1 DAGs
[2026-06-21T22:48:10.109+0300] {logging_mixin.py:188} INFO - [2026-06-21T22:48:10.109+0300] {dag.py:3118} INFO - Creating ORM DAG for example_sensor_decorator
[2026-06-21T22:48:10.110+0300] {logging_mixin.py:188} INFO - [2026-06-21T22:48:10.110+0300] {dag.py:3954} INFO - Setting next_dagrun for example_sensor_decorator to None, run_after=None
[2026-06-21T22:48:10.143+0300] {processor.py:183} INFO - Processing /media/data/omar/programming course/DEPI/DEPI project/anomx/venv/lib/python3.12/site-packages/airflow/example_dags/example_sensor_decorator.py took 0.091 seconds
[2026-06-21T22:49:09.075+0300] {processor.py:161} INFO - Started process (PID=22236) to work on /media/data/omar/programming course/DEPI/DEPI project/anomx/venv/lib/python3.12/site-packages/airflow/example_dags/example_sensor_decorator.py
[2026-06-21T22:49:09.077+0300] {processor.py:830} INFO - Processing file /media/data/omar/programming course/DEPI/DEPI project/anomx/venv/lib/python3.12/site-packages/airflow/example_dags/example_sensor_decorator.py for tasks to queue
[2026-06-21T22:49:09.080+0300] {logging_mixin.py:188} INFO - [2026-06-21T22:49:09.079+0300] {dagbag.py:540} INFO - Filling up the DagBag from /media/data/omar/programming course/DEPI/DEPI project/anomx/venv/lib/python3.12/site-packages/airflow/example_dags/example_sensor_decorator.py
[2026-06-21T22:49:09.089+0300] {processor.py:840} INFO - DAG(s) 'example_sensor_decorator' retrieved from /media/data/omar/programming course/DEPI/DEPI project/anomx/venv/lib/python3.12/site-packages/airflow/example_dags/example_sensor_decorator.py
[2026-06-21T22:49:09.106+0300] {logging_mixin.py:188} INFO - [2026-06-21T22:49:09.105+0300] {dag.py:3096} INFO - Sync 1 DAGs
[2026-06-21T22:49:09.119+0300] {logging_mixin.py:188} INFO - [2026-06-21T22:49:09.118+0300] {dag.py:3954} INFO - Setting next_dagrun for example_sensor_decorator to None, run_after=None
[2026-06-21T22:49:09.149+0300] {processor.py:183} INFO - Processing /media/data/omar/programming course/DEPI/DEPI project/anomx/venv/lib/python3.12/site-packages/airflow/example_dags/example_sensor_decorator.py took 0.087 seconds
[2026-06-21T22:50:05.953+0300] {processor.py:161} INFO - Started process (PID=22327) to work on /media/data/omar/programming course/DEPI/DEPI project/anomx/venv/lib/python3.12/site-packages/airflow/example_dags/example_sensor_decorator.py
[2026-06-21T22:50:05.954+0300] {processor.py:830} INFO - Processing file /media/data/omar/programming course/DEPI/DEPI project/anomx/venv/lib/python3.12/site-packages/airflow/example_dags/example_sensor_decorator.py for tasks to queue
[2026-06-21T22:50:05.956+0300] {logging_mixin.py:188} INFO - [2026-06-21T22:50:05.955+0300] {dagbag.py:540} INFO - Filling up the DagBag from /media/data/omar/programming course/DEPI/DEPI project/anomx/venv/lib/python3.12/site-packages/airflow/example_dags/example_sensor_decorator.py
[2026-06-21T22:50:05.963+0300] {processor.py:840} INFO - DAG(s) 'example_sensor_decorator' retrieved from /media/data/omar/programming course/DEPI/DEPI project/anomx/venv/lib/python3.12/site-packages/airflow/example_dags/example_sensor_decorator.py
[2026-06-21T22:50:05.979+0300] {logging_mixin.py:188} INFO - [2026-06-21T22:50:05.978+0300] {dag.py:3096} INFO - Sync 1 DAGs
[2026-06-21T22:50:05.989+0300] {logging_mixin.py:188} INFO - [2026-06-21T22:50:05.988+0300] {dag.py:3954} INFO - Setting next_dagrun for example_sensor_decorator to None, run_after=None
[2026-06-21T22:50:06.019+0300] {processor.py:183} INFO - Processing /media/data/omar/programming course/DEPI/DEPI project/anomx/venv/lib/python3.12/site-packages/airflow/example_dags/example_sensor_decorator.py took 0.073 seconds
[2026-06-21T22:51:05.376+0300] {processor.py:161} INFO - Started process (PID=22588) to work on /media/data/omar/programming course/DEPI/DEPI project/anomx/venv/lib/python3.12/site-packages/airflow/example_dags/example_sensor_decorator.py
[2026-06-21T22:51:05.377+0300] {processor.py:830} INFO - Processing file /media/data/omar/programming course/DEPI/DEPI project/anomx/venv/lib/python3.12/site-packages/airflow/example_dags/example_sensor_decorator.py for tasks to queue
[2026-06-21T22:51:05.380+0300] {logging_mixin.py:188} INFO - [2026-06-21T22:51:05.379+0300] {dagbag.py:540} INFO - Filling up the DagBag from /media/data/omar/programming course/DEPI/DEPI project/anomx/venv/lib/python3.12/site-packages/airflow/example_dags/example_sensor_decorator.py
[2026-06-21T22:51:05.387+0300] {processor.py:840} INFO - DAG(s) 'example_sensor_decorator' retrieved from /media/data/omar/programming course/DEPI/DEPI project/anomx/venv/lib/python3.12/site-packages/airflow/example_dags/example_sensor_decorator.py
[2026-06-21T22:51:05.404+0300] {logging_mixin.py:188} INFO - [2026-06-21T22:51:05.404+0300] {dag.py:3096} INFO - Sync 1 DAGs
[2026-06-21T22:51:05.415+0300] {logging_mixin.py:188} INFO - [2026-06-21T22:51:05.414+0300] {dag.py:3954} INFO - Setting next_dagrun for example_sensor_decorator to None, run_after=None
[2026-06-21T22:51:05.449+0300] {processor.py:183} INFO - Processing /media/data/omar/programming course/DEPI/DEPI project/anomx/venv/lib/python3.12/site-packages/airflow/example_dags/example_sensor_decorator.py took 0.081 seconds
