[2026-06-21T21:39:14.966+0300] {processor.py:161} INFO - Started process (PID=15119) to work on /media/data/omar/programming course/DEPI/DEPI project/anomx/venv/lib/python3.12/site-packages/airflow/example_dags/example_nested_branch_dag.py
[2026-06-21T21:39:14.967+0300] {processor.py:830} INFO - Processing file /media/data/omar/programming course/DEPI/DEPI project/anomx/venv/lib/python3.12/site-packages/airflow/example_dags/example_nested_branch_dag.py for tasks to queue
[2026-06-21T21:39:14.969+0300] {logging_mixin.py:188} INFO - [2026-06-21T21:39:14.968+0300] {dagbag.py:540} INFO - Filling up the DagBag from /media/data/omar/programming course/DEPI/DEPI project/anomx/venv/lib/python3.12/site-packages/airflow/example_dags/example_nested_branch_dag.py
[2026-06-21T21:39:14.980+0300] {processor.py:840} INFO - DAG(s) 'example_nested_branch_dag' retrieved from /media/data/omar/programming course/DEPI/DEPI project/anomx/venv/lib/python3.12/site-packages/airflow/example_dags/example_nested_branch_dag.py
[2026-06-21T21:39:15.181+0300] {logging_mixin.py:188} INFO - [2026-06-21T21:39:15.180+0300] {override.py:1829} INFO - Created Permission View: can edit on DAG:example_nested_branch_dag
[2026-06-21T21:39:15.202+0300] {logging_mixin.py:188} INFO - [2026-06-21T21:39:15.201+0300] {override.py:1829} INFO - Created Permission View: can read on DAG:example_nested_branch_dag
[2026-06-21T21:39:15.218+0300] {logging_mixin.py:188} INFO - [2026-06-21T21:39:15.217+0300] {override.py:1829} INFO - Created Permission View: can delete on DAG:example_nested_branch_dag
[2026-06-21T21:39:15.218+0300] {logging_mixin.py:188} INFO - [2026-06-21T21:39:15.218+0300] {dag.py:3096} INFO - Sync 1 DAGs
[2026-06-21T21:39:15.229+0300] {logging_mixin.py:188} INFO - [2026-06-21T21:39:15.229+0300] {dag.py:3118} INFO - Creating ORM DAG for example_nested_branch_dag
[2026-06-21T21:39:15.238+0300] {logging_mixin.py:188} INFO - [2026-06-21T21:39:15.238+0300] {dag.py:3954} INFO - Setting next_dagrun for example_nested_branch_dag to 2026-06-20 00:00:00+00:00, run_after=2026-06-21 00:00:00+00:00
[2026-06-21T21:39:15.266+0300] {processor.py:183} INFO - Processing /media/data/omar/programming course/DEPI/DEPI project/anomx/venv/lib/python3.12/site-packages/airflow/example_dags/example_nested_branch_dag.py took 0.314 seconds
[2026-06-21T21:40:20.378+0300] {processor.py:161} INFO - Started process (PID=15221) to work on /media/data/omar/programming course/DEPI/DEPI project/anomx/venv/lib/python3.12/site-packages/airflow/example_dags/example_nested_branch_dag.py
[2026-06-21T21:40:20.380+0300] {processor.py:830} INFO - Processing file /media/data/omar/programming course/DEPI/DEPI project/anomx/venv/lib/python3.12/site-packages/airflow/example_dags/example_nested_branch_dag.py for tasks to queue
[2026-06-21T21:40:20.383+0300] {logging_mixin.py:188} INFO - [2026-06-21T21:40:20.382+0300] {dagbag.py:540} INFO - Filling up the DagBag from /media/data/omar/programming course/DEPI/DEPI project/anomx/venv/lib/python3.12/site-packages/airflow/example_dags/example_nested_branch_dag.py
[2026-06-21T21:40:20.396+0300] {processor.py:840} INFO - DAG(s) 'example_nested_branch_dag' retrieved from /media/data/omar/programming course/DEPI/DEPI project/anomx/venv/lib/python3.12/site-packages/airflow/example_dags/example_nested_branch_dag.py
[2026-06-21T21:40:20.417+0300] {logging_mixin.py:188} INFO - [2026-06-21T21:40:20.417+0300] {dag.py:3096} INFO - Sync 1 DAGs
[2026-06-21T21:40:20.435+0300] {logging_mixin.py:188} INFO - [2026-06-21T21:40:20.434+0300] {dag.py:3954} INFO - Setting next_dagrun for example_nested_branch_dag to 2026-06-20 00:00:00+00:00, run_after=2026-06-21 00:00:00+00:00
[2026-06-21T21:40:20.461+0300] {processor.py:183} INFO - Processing /media/data/omar/programming course/DEPI/DEPI project/anomx/venv/lib/python3.12/site-packages/airflow/example_dags/example_nested_branch_dag.py took 0.106 seconds
[2026-06-21T21:41:24.798+0300] {processor.py:161} INFO - Started process (PID=15345) to work on /media/data/omar/programming course/DEPI/DEPI project/anomx/venv/lib/python3.12/site-packages/airflow/example_dags/example_nested_branch_dag.py
[2026-06-21T21:41:24.800+0300] {processor.py:830} INFO - Processing file /media/data/omar/programming course/DEPI/DEPI project/anomx/venv/lib/python3.12/site-packages/airflow/example_dags/example_nested_branch_dag.py for tasks to queue
[2026-06-21T21:41:24.805+0300] {logging_mixin.py:188} INFO - [2026-06-21T21:41:24.804+0300] {dagbag.py:540} INFO - Filling up the DagBag from /media/data/omar/programming course/DEPI/DEPI project/anomx/venv/lib/python3.12/site-packages/airflow/example_dags/example_nested_branch_dag.py
[2026-06-21T21:41:24.825+0300] {processor.py:840} INFO - DAG(s) 'example_nested_branch_dag' retrieved from /media/data/omar/programming course/DEPI/DEPI project/anomx/venv/lib/python3.12/site-packages/airflow/example_dags/example_nested_branch_dag.py
[2026-06-21T21:41:24.843+0300] {logging_mixin.py:188} INFO - [2026-06-21T21:41:24.842+0300] {dag.py:3096} INFO - Sync 1 DAGs
[2026-06-21T21:41:24.858+0300] {logging_mixin.py:188} INFO - [2026-06-21T21:41:24.858+0300] {dag.py:3954} INFO - Setting next_dagrun for example_nested_branch_dag to 2026-06-20 00:00:00+00:00, run_after=2026-06-21 00:00:00+00:00
[2026-06-21T21:41:24.886+0300] {processor.py:183} INFO - Processing /media/data/omar/programming course/DEPI/DEPI project/anomx/venv/lib/python3.12/site-packages/airflow/example_dags/example_nested_branch_dag.py took 0.100 seconds
[2026-06-21T21:42:31.013+0300] {processor.py:161} INFO - Started process (PID=15470) to work on /media/data/omar/programming course/DEPI/DEPI project/anomx/venv/lib/python3.12/site-packages/airflow/example_dags/example_nested_branch_dag.py
[2026-06-21T21:42:31.013+0300] {processor.py:830} INFO - Processing file /media/data/omar/programming course/DEPI/DEPI project/anomx/venv/lib/python3.12/site-packages/airflow/example_dags/example_nested_branch_dag.py for tasks to queue
[2026-06-21T21:42:31.015+0300] {logging_mixin.py:188} INFO - [2026-06-21T21:42:31.015+0300] {dagbag.py:540} INFO - Filling up the DagBag from /media/data/omar/programming course/DEPI/DEPI project/anomx/venv/lib/python3.12/site-packages/airflow/example_dags/example_nested_branch_dag.py
[2026-06-21T21:42:31.024+0300] {processor.py:840} INFO - DAG(s) 'example_nested_branch_dag' retrieved from /media/data/omar/programming course/DEPI/DEPI project/anomx/venv/lib/python3.12/site-packages/airflow/example_dags/example_nested_branch_dag.py
[2026-06-21T21:42:31.039+0300] {logging_mixin.py:188} INFO - [2026-06-21T21:42:31.039+0300] {dag.py:3096} INFO - Sync 1 DAGs
[2026-06-21T21:42:31.056+0300] {logging_mixin.py:188} INFO - [2026-06-21T21:42:31.055+0300] {dag.py:3954} INFO - Setting next_dagrun for example_nested_branch_dag to 2026-06-20 00:00:00+00:00, run_after=2026-06-21 00:00:00+00:00
[2026-06-21T21:42:31.083+0300] {processor.py:183} INFO - Processing /media/data/omar/programming course/DEPI/DEPI project/anomx/venv/lib/python3.12/site-packages/airflow/example_dags/example_nested_branch_dag.py took 0.075 seconds
[2026-06-21T21:43:30.675+0300] {processor.py:161} INFO - Started process (PID=15672) to work on /media/data/omar/programming course/DEPI/DEPI project/anomx/venv/lib/python3.12/site-packages/airflow/example_dags/example_nested_branch_dag.py
[2026-06-21T21:43:30.677+0300] {processor.py:830} INFO - Processing file /media/data/omar/programming course/DEPI/DEPI project/anomx/venv/lib/python3.12/site-packages/airflow/example_dags/example_nested_branch_dag.py for tasks to queue
[2026-06-21T21:43:30.680+0300] {logging_mixin.py:188} INFO - [2026-06-21T21:43:30.679+0300] {dagbag.py:540} INFO - Filling up the DagBag from /media/data/omar/programming course/DEPI/DEPI project/anomx/venv/lib/python3.12/site-packages/airflow/example_dags/example_nested_branch_dag.py
[2026-06-21T21:43:30.696+0300] {processor.py:840} INFO - DAG(s) 'example_nested_branch_dag' retrieved from /media/data/omar/programming course/DEPI/DEPI project/anomx/venv/lib/python3.12/site-packages/airflow/example_dags/example_nested_branch_dag.py
[2026-06-21T21:43:30.719+0300] {logging_mixin.py:188} INFO - [2026-06-21T21:43:30.719+0300] {dag.py:3096} INFO - Sync 1 DAGs
[2026-06-21T21:43:30.740+0300] {logging_mixin.py:188} INFO - [2026-06-21T21:43:30.740+0300] {dag.py:3954} INFO - Setting next_dagrun for example_nested_branch_dag to 2026-06-20 00:00:00+00:00, run_after=2026-06-21 00:00:00+00:00
[2026-06-21T21:43:30.775+0300] {processor.py:183} INFO - Processing /media/data/omar/programming course/DEPI/DEPI project/anomx/venv/lib/python3.12/site-packages/airflow/example_dags/example_nested_branch_dag.py took 0.109 seconds
[2026-06-21T21:44:29.720+0300] {processor.py:161} INFO - Started process (PID=15791) to work on /media/data/omar/programming course/DEPI/DEPI project/anomx/venv/lib/python3.12/site-packages/airflow/example_dags/example_nested_branch_dag.py
[2026-06-21T21:44:29.722+0300] {processor.py:830} INFO - Processing file /media/data/omar/programming course/DEPI/DEPI project/anomx/venv/lib/python3.12/site-packages/airflow/example_dags/example_nested_branch_dag.py for tasks to queue
[2026-06-21T21:44:29.725+0300] {logging_mixin.py:188} INFO - [2026-06-21T21:44:29.724+0300] {dagbag.py:540} INFO - Filling up the DagBag from /media/data/omar/programming course/DEPI/DEPI project/anomx/venv/lib/python3.12/site-packages/airflow/example_dags/example_nested_branch_dag.py
[2026-06-21T21:44:29.739+0300] {processor.py:840} INFO - DAG(s) 'example_nested_branch_dag' retrieved from /media/data/omar/programming course/DEPI/DEPI project/anomx/venv/lib/python3.12/site-packages/airflow/example_dags/example_nested_branch_dag.py
[2026-06-21T21:44:29.755+0300] {logging_mixin.py:188} INFO - [2026-06-21T21:44:29.755+0300] {dag.py:3096} INFO - Sync 1 DAGs
[2026-06-21T21:44:29.773+0300] {logging_mixin.py:188} INFO - [2026-06-21T21:44:29.773+0300] {dag.py:3954} INFO - Setting next_dagrun for example_nested_branch_dag to 2026-06-20 00:00:00+00:00, run_after=2026-06-21 00:00:00+00:00
[2026-06-21T21:44:29.805+0300] {processor.py:183} INFO - Processing /media/data/omar/programming course/DEPI/DEPI project/anomx/venv/lib/python3.12/site-packages/airflow/example_dags/example_nested_branch_dag.py took 0.098 seconds
[2026-06-21T21:47:04.721+0300] {processor.py:161} INFO - Started process (PID=16097) to work on /media/data/omar/programming course/DEPI/DEPI project/anomx/venv/lib/python3.12/site-packages/airflow/example_dags/example_nested_branch_dag.py
[2026-06-21T21:47:04.723+0300] {processor.py:830} INFO - Processing file /media/data/omar/programming course/DEPI/DEPI project/anomx/venv/lib/python3.12/site-packages/airflow/example_dags/example_nested_branch_dag.py for tasks to queue
[2026-06-21T21:47:04.725+0300] {logging_mixin.py:188} INFO - [2026-06-21T21:47:04.724+0300] {dagbag.py:540} INFO - Filling up the DagBag from /media/data/omar/programming course/DEPI/DEPI project/anomx/venv/lib/python3.12/site-packages/airflow/example_dags/example_nested_branch_dag.py
[2026-06-21T21:47:04.736+0300] {processor.py:840} INFO - DAG(s) 'example_nested_branch_dag' retrieved from /media/data/omar/programming course/DEPI/DEPI project/anomx/venv/lib/python3.12/site-packages/airflow/example_dags/example_nested_branch_dag.py
[2026-06-21T21:47:04.755+0300] {logging_mixin.py:188} INFO - [2026-06-21T21:47:04.755+0300] {dag.py:3096} INFO - Sync 1 DAGs
[2026-06-21T21:47:04.776+0300] {logging_mixin.py:188} INFO - [2026-06-21T21:47:04.775+0300] {dag.py:3954} INFO - Setting next_dagrun for example_nested_branch_dag to 2026-06-20 00:00:00+00:00, run_after=2026-06-21 00:00:00+00:00
[2026-06-21T21:47:04.809+0300] {processor.py:183} INFO - Processing /media/data/omar/programming course/DEPI/DEPI project/anomx/venv/lib/python3.12/site-packages/airflow/example_dags/example_nested_branch_dag.py took 0.093 seconds
[2026-06-21T21:48:05.123+0300] {processor.py:161} INFO - Started process (PID=16191) to work on /media/data/omar/programming course/DEPI/DEPI project/anomx/venv/lib/python3.12/site-packages/airflow/example_dags/example_nested_branch_dag.py
[2026-06-21T21:48:05.125+0300] {processor.py:830} INFO - Processing file /media/data/omar/programming course/DEPI/DEPI project/anomx/venv/lib/python3.12/site-packages/airflow/example_dags/example_nested_branch_dag.py for tasks to queue
[2026-06-21T21:48:05.129+0300] {logging_mixin.py:188} INFO - [2026-06-21T21:48:05.127+0300] {dagbag.py:540} INFO - Filling up the DagBag from /media/data/omar/programming course/DEPI/DEPI project/anomx/venv/lib/python3.12/site-packages/airflow/example_dags/example_nested_branch_dag.py
[2026-06-21T21:48:05.146+0300] {processor.py:840} INFO - DAG(s) 'example_nested_branch_dag' retrieved from /media/data/omar/programming course/DEPI/DEPI project/anomx/venv/lib/python3.12/site-packages/airflow/example_dags/example_nested_branch_dag.py
[2026-06-21T21:48:05.164+0300] {logging_mixin.py:188} INFO - [2026-06-21T21:48:05.163+0300] {dag.py:3096} INFO - Sync 1 DAGs
[2026-06-21T21:48:05.188+0300] {logging_mixin.py:188} INFO - [2026-06-21T21:48:05.188+0300] {dag.py:3954} INFO - Setting next_dagrun for example_nested_branch_dag to 2026-06-20 00:00:00+00:00, run_after=2026-06-21 00:00:00+00:00
[2026-06-21T21:48:05.219+0300] {processor.py:183} INFO - Processing /media/data/omar/programming course/DEPI/DEPI project/anomx/venv/lib/python3.12/site-packages/airflow/example_dags/example_nested_branch_dag.py took 0.117 seconds
[2026-06-21T21:49:02.334+0300] {processor.py:161} INFO - Started process (PID=16281) to work on /media/data/omar/programming course/DEPI/DEPI project/anomx/venv/lib/python3.12/site-packages/airflow/example_dags/example_nested_branch_dag.py
[2026-06-21T21:49:02.335+0300] {processor.py:830} INFO - Processing file /media/data/omar/programming course/DEPI/DEPI project/anomx/venv/lib/python3.12/site-packages/airflow/example_dags/example_nested_branch_dag.py for tasks to queue
[2026-06-21T21:49:02.339+0300] {logging_mixin.py:188} INFO - [2026-06-21T21:49:02.338+0300] {dagbag.py:540} INFO - Filling up the DagBag from /media/data/omar/programming course/DEPI/DEPI project/anomx/venv/lib/python3.12/site-packages/airflow/example_dags/example_nested_branch_dag.py
[2026-06-21T21:49:02.353+0300] {processor.py:840} INFO - DAG(s) 'example_nested_branch_dag' retrieved from /media/data/omar/programming course/DEPI/DEPI project/anomx/venv/lib/python3.12/site-packages/airflow/example_dags/example_nested_branch_dag.py
[2026-06-21T21:49:02.371+0300] {logging_mixin.py:188} INFO - [2026-06-21T21:49:02.370+0300] {dag.py:3096} INFO - Sync 1 DAGs
[2026-06-21T21:49:02.392+0300] {logging_mixin.py:188} INFO - [2026-06-21T21:49:02.391+0300] {dag.py:3954} INFO - Setting next_dagrun for example_nested_branch_dag to 2026-06-20 00:00:00+00:00, run_after=2026-06-21 00:00:00+00:00
[2026-06-21T21:49:02.428+0300] {processor.py:183} INFO - Processing /media/data/omar/programming course/DEPI/DEPI project/anomx/venv/lib/python3.12/site-packages/airflow/example_dags/example_nested_branch_dag.py took 0.113 seconds
[2026-06-21T21:51:10.639+0300] {processor.py:161} INFO - Started process (PID=16505) to work on /media/data/omar/programming course/DEPI/DEPI project/anomx/venv/lib/python3.12/site-packages/airflow/example_dags/example_nested_branch_dag.py
[2026-06-21T21:51:10.641+0300] {processor.py:830} INFO - Processing file /media/data/omar/programming course/DEPI/DEPI project/anomx/venv/lib/python3.12/site-packages/airflow/example_dags/example_nested_branch_dag.py for tasks to queue
[2026-06-21T21:51:10.644+0300] {logging_mixin.py:188} INFO - [2026-06-21T21:51:10.643+0300] {dagbag.py:540} INFO - Filling up the DagBag from /media/data/omar/programming course/DEPI/DEPI project/anomx/venv/lib/python3.12/site-packages/airflow/example_dags/example_nested_branch_dag.py
[2026-06-21T21:51:10.658+0300] {processor.py:840} INFO - DAG(s) 'example_nested_branch_dag' retrieved from /media/data/omar/programming course/DEPI/DEPI project/anomx/venv/lib/python3.12/site-packages/airflow/example_dags/example_nested_branch_dag.py
[2026-06-21T21:51:10.674+0300] {logging_mixin.py:188} INFO - [2026-06-21T21:51:10.674+0300] {dag.py:3096} INFO - Sync 1 DAGs
[2026-06-21T21:51:10.692+0300] {logging_mixin.py:188} INFO - [2026-06-21T21:51:10.691+0300] {dag.py:3954} INFO - Setting next_dagrun for example_nested_branch_dag to 2026-06-20 00:00:00+00:00, run_after=2026-06-21 00:00:00+00:00
[2026-06-21T21:51:10.723+0300] {processor.py:183} INFO - Processing /media/data/omar/programming course/DEPI/DEPI project/anomx/venv/lib/python3.12/site-packages/airflow/example_dags/example_nested_branch_dag.py took 0.100 seconds
[2026-06-21T21:52:26.268+0300] {processor.py:161} INFO - Started process (PID=16646) to work on /media/data/omar/programming course/DEPI/DEPI project/anomx/venv/lib/python3.12/site-packages/airflow/example_dags/example_nested_branch_dag.py
[2026-06-21T21:52:26.269+0300] {processor.py:830} INFO - Processing file /media/data/omar/programming course/DEPI/DEPI project/anomx/venv/lib/python3.12/site-packages/airflow/example_dags/example_nested_branch_dag.py for tasks to queue
[2026-06-21T21:52:26.270+0300] {logging_mixin.py:188} INFO - [2026-06-21T21:52:26.270+0300] {dagbag.py:540} INFO - Filling up the DagBag from /media/data/omar/programming course/DEPI/DEPI project/anomx/venv/lib/python3.12/site-packages/airflow/example_dags/example_nested_branch_dag.py
[2026-06-21T21:52:26.282+0300] {processor.py:840} INFO - DAG(s) 'example_nested_branch_dag' retrieved from /media/data/omar/programming course/DEPI/DEPI project/anomx/venv/lib/python3.12/site-packages/airflow/example_dags/example_nested_branch_dag.py
[2026-06-21T21:52:26.298+0300] {logging_mixin.py:188} INFO - [2026-06-21T21:52:26.298+0300] {dag.py:3096} INFO - Sync 1 DAGs
[2026-06-21T21:52:26.316+0300] {logging_mixin.py:188} INFO - [2026-06-21T21:52:26.316+0300] {dag.py:3954} INFO - Setting next_dagrun for example_nested_branch_dag to 2026-06-20 00:00:00+00:00, run_after=2026-06-21 00:00:00+00:00
[2026-06-21T21:52:26.343+0300] {processor.py:183} INFO - Processing /media/data/omar/programming course/DEPI/DEPI project/anomx/venv/lib/python3.12/site-packages/airflow/example_dags/example_nested_branch_dag.py took 0.084 seconds
[2026-06-21T21:53:23.453+0300] {processor.py:161} INFO - Started process (PID=16738) to work on /media/data/omar/programming course/DEPI/DEPI project/anomx/venv/lib/python3.12/site-packages/airflow/example_dags/example_nested_branch_dag.py
[2026-06-21T21:53:23.456+0300] {processor.py:830} INFO - Processing file /media/data/omar/programming course/DEPI/DEPI project/anomx/venv/lib/python3.12/site-packages/airflow/example_dags/example_nested_branch_dag.py for tasks to queue
[2026-06-21T21:53:23.460+0300] {logging_mixin.py:188} INFO - [2026-06-21T21:53:23.459+0300] {dagbag.py:540} INFO - Filling up the DagBag from /media/data/omar/programming course/DEPI/DEPI project/anomx/venv/lib/python3.12/site-packages/airflow/example_dags/example_nested_branch_dag.py
[2026-06-21T21:53:23.486+0300] {processor.py:840} INFO - DAG(s) 'example_nested_branch_dag' retrieved from /media/data/omar/programming course/DEPI/DEPI project/anomx/venv/lib/python3.12/site-packages/airflow/example_dags/example_nested_branch_dag.py
[2026-06-21T21:53:23.505+0300] {logging_mixin.py:188} INFO - [2026-06-21T21:53:23.505+0300] {dag.py:3096} INFO - Sync 1 DAGs
[2026-06-21T21:53:23.523+0300] {logging_mixin.py:188} INFO - [2026-06-21T21:53:23.523+0300] {dag.py:3954} INFO - Setting next_dagrun for example_nested_branch_dag to 2026-06-20 00:00:00+00:00, run_after=2026-06-21 00:00:00+00:00
[2026-06-21T21:53:23.552+0300] {processor.py:183} INFO - Processing /media/data/omar/programming course/DEPI/DEPI project/anomx/venv/lib/python3.12/site-packages/airflow/example_dags/example_nested_branch_dag.py took 0.118 seconds
[2026-06-21T21:54:21.503+0300] {processor.py:161} INFO - Started process (PID=16841) to work on /media/data/omar/programming course/DEPI/DEPI project/anomx/venv/lib/python3.12/site-packages/airflow/example_dags/example_nested_branch_dag.py
[2026-06-21T21:54:21.505+0300] {processor.py:830} INFO - Processing file /media/data/omar/programming course/DEPI/DEPI project/anomx/venv/lib/python3.12/site-packages/airflow/example_dags/example_nested_branch_dag.py for tasks to queue
[2026-06-21T21:54:21.507+0300] {logging_mixin.py:188} INFO - [2026-06-21T21:54:21.507+0300] {dagbag.py:540} INFO - Filling up the DagBag from /media/data/omar/programming course/DEPI/DEPI project/anomx/venv/lib/python3.12/site-packages/airflow/example_dags/example_nested_branch_dag.py
[2026-06-21T21:54:21.525+0300] {processor.py:840} INFO - DAG(s) 'example_nested_branch_dag' retrieved from /media/data/omar/programming course/DEPI/DEPI project/anomx/venv/lib/python3.12/site-packages/airflow/example_dags/example_nested_branch_dag.py
[2026-06-21T21:54:21.542+0300] {logging_mixin.py:188} INFO - [2026-06-21T21:54:21.541+0300] {dag.py:3096} INFO - Sync 1 DAGs
[2026-06-21T21:54:21.558+0300] {logging_mixin.py:188} INFO - [2026-06-21T21:54:21.557+0300] {dag.py:3954} INFO - Setting next_dagrun for example_nested_branch_dag to 2026-06-20 00:00:00+00:00, run_after=2026-06-21 00:00:00+00:00
[2026-06-21T21:54:21.584+0300] {processor.py:183} INFO - Processing /media/data/omar/programming course/DEPI/DEPI project/anomx/venv/lib/python3.12/site-packages/airflow/example_dags/example_nested_branch_dag.py took 0.090 seconds
[2026-06-21T21:55:18.023+0300] {processor.py:161} INFO - Started process (PID=16935) to work on /media/data/omar/programming course/DEPI/DEPI project/anomx/venv/lib/python3.12/site-packages/airflow/example_dags/example_nested_branch_dag.py
[2026-06-21T21:55:18.024+0300] {processor.py:830} INFO - Processing file /media/data/omar/programming course/DEPI/DEPI project/anomx/venv/lib/python3.12/site-packages/airflow/example_dags/example_nested_branch_dag.py for tasks to queue
[2026-06-21T21:55:18.028+0300] {logging_mixin.py:188} INFO - [2026-06-21T21:55:18.027+0300] {dagbag.py:540} INFO - Filling up the DagBag from /media/data/omar/programming course/DEPI/DEPI project/anomx/venv/lib/python3.12/site-packages/airflow/example_dags/example_nested_branch_dag.py
[2026-06-21T21:55:18.047+0300] {processor.py:840} INFO - DAG(s) 'example_nested_branch_dag' retrieved from /media/data/omar/programming course/DEPI/DEPI project/anomx/venv/lib/python3.12/site-packages/airflow/example_dags/example_nested_branch_dag.py
[2026-06-21T21:55:18.066+0300] {logging_mixin.py:188} INFO - [2026-06-21T21:55:18.066+0300] {dag.py:3096} INFO - Sync 1 DAGs
[2026-06-21T21:55:18.083+0300] {logging_mixin.py:188} INFO - [2026-06-21T21:55:18.082+0300] {dag.py:3954} INFO - Setting next_dagrun for example_nested_branch_dag to 2026-06-20 00:00:00+00:00, run_after=2026-06-21 00:00:00+00:00
[2026-06-21T21:55:18.111+0300] {processor.py:183} INFO - Processing /media/data/omar/programming course/DEPI/DEPI project/anomx/venv/lib/python3.12/site-packages/airflow/example_dags/example_nested_branch_dag.py took 0.104 seconds
[2026-06-21T21:56:12.286+0300] {processor.py:161} INFO - Started process (PID=17025) to work on /media/data/omar/programming course/DEPI/DEPI project/anomx/venv/lib/python3.12/site-packages/airflow/example_dags/example_nested_branch_dag.py
[2026-06-21T21:56:12.288+0300] {processor.py:830} INFO - Processing file /media/data/omar/programming course/DEPI/DEPI project/anomx/venv/lib/python3.12/site-packages/airflow/example_dags/example_nested_branch_dag.py for tasks to queue
[2026-06-21T21:56:12.293+0300] {logging_mixin.py:188} INFO - [2026-06-21T21:56:12.291+0300] {dagbag.py:540} INFO - Filling up the DagBag from /media/data/omar/programming course/DEPI/DEPI project/anomx/venv/lib/python3.12/site-packages/airflow/example_dags/example_nested_branch_dag.py
[2026-06-21T21:56:12.316+0300] {processor.py:840} INFO - DAG(s) 'example_nested_branch_dag' retrieved from /media/data/omar/programming course/DEPI/DEPI project/anomx/venv/lib/python3.12/site-packages/airflow/example_dags/example_nested_branch_dag.py
[2026-06-21T21:56:12.341+0300] {logging_mixin.py:188} INFO - [2026-06-21T21:56:12.340+0300] {dag.py:3096} INFO - Sync 1 DAGs
[2026-06-21T21:56:12.361+0300] {logging_mixin.py:188} INFO - [2026-06-21T21:56:12.360+0300] {dag.py:3954} INFO - Setting next_dagrun for example_nested_branch_dag to 2026-06-20 00:00:00+00:00, run_after=2026-06-21 00:00:00+00:00
[2026-06-21T21:56:12.388+0300] {processor.py:183} INFO - Processing /media/data/omar/programming course/DEPI/DEPI project/anomx/venv/lib/python3.12/site-packages/airflow/example_dags/example_nested_branch_dag.py took 0.116 seconds
[2026-06-21T21:57:02.431+0300] {processor.py:161} INFO - Started process (PID=17101) to work on /media/data/omar/programming course/DEPI/DEPI project/anomx/venv/lib/python3.12/site-packages/airflow/example_dags/example_nested_branch_dag.py
[2026-06-21T21:57:02.432+0300] {processor.py:830} INFO - Processing file /media/data/omar/programming course/DEPI/DEPI project/anomx/venv/lib/python3.12/site-packages/airflow/example_dags/example_nested_branch_dag.py for tasks to queue
[2026-06-21T21:57:02.435+0300] {logging_mixin.py:188} INFO - [2026-06-21T21:57:02.434+0300] {dagbag.py:540} INFO - Filling up the DagBag from /media/data/omar/programming course/DEPI/DEPI project/anomx/venv/lib/python3.12/site-packages/airflow/example_dags/example_nested_branch_dag.py
[2026-06-21T21:57:02.448+0300] {processor.py:840} INFO - DAG(s) 'example_nested_branch_dag' retrieved from /media/data/omar/programming course/DEPI/DEPI project/anomx/venv/lib/python3.12/site-packages/airflow/example_dags/example_nested_branch_dag.py
[2026-06-21T21:57:02.469+0300] {logging_mixin.py:188} INFO - [2026-06-21T21:57:02.468+0300] {dag.py:3096} INFO - Sync 1 DAGs
[2026-06-21T21:57:02.486+0300] {logging_mixin.py:188} INFO - [2026-06-21T21:57:02.486+0300] {dag.py:3954} INFO - Setting next_dagrun for example_nested_branch_dag to 2026-06-20 00:00:00+00:00, run_after=2026-06-21 00:00:00+00:00
[2026-06-21T21:57:02.513+0300] {processor.py:183} INFO - Processing /media/data/omar/programming course/DEPI/DEPI project/anomx/venv/lib/python3.12/site-packages/airflow/example_dags/example_nested_branch_dag.py took 0.089 seconds
[2026-06-21T21:57:57.306+0300] {processor.py:161} INFO - Started process (PID=17200) to work on /media/data/omar/programming course/DEPI/DEPI project/anomx/venv/lib/python3.12/site-packages/airflow/example_dags/example_nested_branch_dag.py
[2026-06-21T21:57:57.308+0300] {processor.py:830} INFO - Processing file /media/data/omar/programming course/DEPI/DEPI project/anomx/venv/lib/python3.12/site-packages/airflow/example_dags/example_nested_branch_dag.py for tasks to queue
[2026-06-21T21:57:57.312+0300] {logging_mixin.py:188} INFO - [2026-06-21T21:57:57.311+0300] {dagbag.py:540} INFO - Filling up the DagBag from /media/data/omar/programming course/DEPI/DEPI project/anomx/venv/lib/python3.12/site-packages/airflow/example_dags/example_nested_branch_dag.py
[2026-06-21T21:57:57.326+0300] {processor.py:840} INFO - DAG(s) 'example_nested_branch_dag' retrieved from /media/data/omar/programming course/DEPI/DEPI project/anomx/venv/lib/python3.12/site-packages/airflow/example_dags/example_nested_branch_dag.py
[2026-06-21T21:57:57.342+0300] {logging_mixin.py:188} INFO - [2026-06-21T21:57:57.342+0300] {dag.py:3096} INFO - Sync 1 DAGs
[2026-06-21T21:57:57.359+0300] {logging_mixin.py:188} INFO - [2026-06-21T21:57:57.359+0300] {dag.py:3954} INFO - Setting next_dagrun for example_nested_branch_dag to 2026-06-20 00:00:00+00:00, run_after=2026-06-21 00:00:00+00:00
[2026-06-21T21:57:57.386+0300] {processor.py:183} INFO - Processing /media/data/omar/programming course/DEPI/DEPI project/anomx/venv/lib/python3.12/site-packages/airflow/example_dags/example_nested_branch_dag.py took 0.098 seconds
[2026-06-21T21:58:53.225+0300] {processor.py:161} INFO - Started process (PID=17289) to work on /media/data/omar/programming course/DEPI/DEPI project/anomx/venv/lib/python3.12/site-packages/airflow/example_dags/example_nested_branch_dag.py
[2026-06-21T21:58:53.226+0300] {processor.py:830} INFO - Processing file /media/data/omar/programming course/DEPI/DEPI project/anomx/venv/lib/python3.12/site-packages/airflow/example_dags/example_nested_branch_dag.py for tasks to queue
[2026-06-21T21:58:53.228+0300] {logging_mixin.py:188} INFO - [2026-06-21T21:58:53.227+0300] {dagbag.py:540} INFO - Filling up the DagBag from /media/data/omar/programming course/DEPI/DEPI project/anomx/venv/lib/python3.12/site-packages/airflow/example_dags/example_nested_branch_dag.py
[2026-06-21T21:58:53.239+0300] {processor.py:840} INFO - DAG(s) 'example_nested_branch_dag' retrieved from /media/data/omar/programming course/DEPI/DEPI project/anomx/venv/lib/python3.12/site-packages/airflow/example_dags/example_nested_branch_dag.py
[2026-06-21T21:58:53.256+0300] {logging_mixin.py:188} INFO - [2026-06-21T21:58:53.256+0300] {dag.py:3096} INFO - Sync 1 DAGs
[2026-06-21T21:58:53.273+0300] {logging_mixin.py:188} INFO - [2026-06-21T21:58:53.272+0300] {dag.py:3954} INFO - Setting next_dagrun for example_nested_branch_dag to 2026-06-20 00:00:00+00:00, run_after=2026-06-21 00:00:00+00:00
[2026-06-21T21:58:53.301+0300] {processor.py:183} INFO - Processing /media/data/omar/programming course/DEPI/DEPI project/anomx/venv/lib/python3.12/site-packages/airflow/example_dags/example_nested_branch_dag.py took 0.082 seconds
[2026-06-21T21:59:49.822+0300] {processor.py:161} INFO - Started process (PID=17381) to work on /media/data/omar/programming course/DEPI/DEPI project/anomx/venv/lib/python3.12/site-packages/airflow/example_dags/example_nested_branch_dag.py
[2026-06-21T21:59:49.824+0300] {processor.py:830} INFO - Processing file /media/data/omar/programming course/DEPI/DEPI project/anomx/venv/lib/python3.12/site-packages/airflow/example_dags/example_nested_branch_dag.py for tasks to queue
[2026-06-21T21:59:49.827+0300] {logging_mixin.py:188} INFO - [2026-06-21T21:59:49.826+0300] {dagbag.py:540} INFO - Filling up the DagBag from /media/data/omar/programming course/DEPI/DEPI project/anomx/venv/lib/python3.12/site-packages/airflow/example_dags/example_nested_branch_dag.py
[2026-06-21T21:59:49.841+0300] {processor.py:840} INFO - DAG(s) 'example_nested_branch_dag' retrieved from /media/data/omar/programming course/DEPI/DEPI project/anomx/venv/lib/python3.12/site-packages/airflow/example_dags/example_nested_branch_dag.py
[2026-06-21T21:59:49.857+0300] {logging_mixin.py:188} INFO - [2026-06-21T21:59:49.857+0300] {dag.py:3096} INFO - Sync 1 DAGs
[2026-06-21T21:59:49.874+0300] {logging_mixin.py:188} INFO - [2026-06-21T21:59:49.874+0300] {dag.py:3954} INFO - Setting next_dagrun for example_nested_branch_dag to 2026-06-20 00:00:00+00:00, run_after=2026-06-21 00:00:00+00:00
[2026-06-21T21:59:49.901+0300] {processor.py:183} INFO - Processing /media/data/omar/programming course/DEPI/DEPI project/anomx/venv/lib/python3.12/site-packages/airflow/example_dags/example_nested_branch_dag.py took 0.099 seconds
[2026-06-21T22:00:47.556+0300] {processor.py:161} INFO - Started process (PID=17478) to work on /media/data/omar/programming course/DEPI/DEPI project/anomx/venv/lib/python3.12/site-packages/airflow/example_dags/example_nested_branch_dag.py
[2026-06-21T22:00:47.557+0300] {processor.py:830} INFO - Processing file /media/data/omar/programming course/DEPI/DEPI project/anomx/venv/lib/python3.12/site-packages/airflow/example_dags/example_nested_branch_dag.py for tasks to queue
[2026-06-21T22:00:47.559+0300] {logging_mixin.py:188} INFO - [2026-06-21T22:00:47.559+0300] {dagbag.py:540} INFO - Filling up the DagBag from /media/data/omar/programming course/DEPI/DEPI project/anomx/venv/lib/python3.12/site-packages/airflow/example_dags/example_nested_branch_dag.py
[2026-06-21T22:00:47.571+0300] {processor.py:840} INFO - DAG(s) 'example_nested_branch_dag' retrieved from /media/data/omar/programming course/DEPI/DEPI project/anomx/venv/lib/python3.12/site-packages/airflow/example_dags/example_nested_branch_dag.py
[2026-06-21T22:00:47.589+0300] {logging_mixin.py:188} INFO - [2026-06-21T22:00:47.589+0300] {dag.py:3096} INFO - Sync 1 DAGs
[2026-06-21T22:00:47.605+0300] {logging_mixin.py:188} INFO - [2026-06-21T22:00:47.605+0300] {dag.py:3954} INFO - Setting next_dagrun for example_nested_branch_dag to 2026-06-20 00:00:00+00:00, run_after=2026-06-21 00:00:00+00:00
[2026-06-21T22:00:47.653+0300] {processor.py:183} INFO - Processing /media/data/omar/programming course/DEPI/DEPI project/anomx/venv/lib/python3.12/site-packages/airflow/example_dags/example_nested_branch_dag.py took 0.104 seconds
[2026-06-21T22:01:45.968+0300] {processor.py:161} INFO - Started process (PID=17570) to work on /media/data/omar/programming course/DEPI/DEPI project/anomx/venv/lib/python3.12/site-packages/airflow/example_dags/example_nested_branch_dag.py
[2026-06-21T22:01:45.970+0300] {processor.py:830} INFO - Processing file /media/data/omar/programming course/DEPI/DEPI project/anomx/venv/lib/python3.12/site-packages/airflow/example_dags/example_nested_branch_dag.py for tasks to queue
[2026-06-21T22:01:45.973+0300] {logging_mixin.py:188} INFO - [2026-06-21T22:01:45.972+0300] {dagbag.py:540} INFO - Filling up the DagBag from /media/data/omar/programming course/DEPI/DEPI project/anomx/venv/lib/python3.12/site-packages/airflow/example_dags/example_nested_branch_dag.py
[2026-06-21T22:01:45.984+0300] {processor.py:840} INFO - DAG(s) 'example_nested_branch_dag' retrieved from /media/data/omar/programming course/DEPI/DEPI project/anomx/venv/lib/python3.12/site-packages/airflow/example_dags/example_nested_branch_dag.py
[2026-06-21T22:01:45.999+0300] {logging_mixin.py:188} INFO - [2026-06-21T22:01:45.999+0300] {dag.py:3096} INFO - Sync 1 DAGs
[2026-06-21T22:01:46.016+0300] {logging_mixin.py:188} INFO - [2026-06-21T22:01:46.016+0300] {dag.py:3954} INFO - Setting next_dagrun for example_nested_branch_dag to 2026-06-20 00:00:00+00:00, run_after=2026-06-21 00:00:00+00:00
[2026-06-21T22:01:46.045+0300] {processor.py:183} INFO - Processing /media/data/omar/programming course/DEPI/DEPI project/anomx/venv/lib/python3.12/site-packages/airflow/example_dags/example_nested_branch_dag.py took 0.090 seconds
[2026-06-21T22:02:43.637+0300] {processor.py:161} INFO - Started process (PID=17708) to work on /media/data/omar/programming course/DEPI/DEPI project/anomx/venv/lib/python3.12/site-packages/airflow/example_dags/example_nested_branch_dag.py
[2026-06-21T22:02:43.639+0300] {processor.py:830} INFO - Processing file /media/data/omar/programming course/DEPI/DEPI project/anomx/venv/lib/python3.12/site-packages/airflow/example_dags/example_nested_branch_dag.py for tasks to queue
[2026-06-21T22:02:43.642+0300] {logging_mixin.py:188} INFO - [2026-06-21T22:02:43.641+0300] {dagbag.py:540} INFO - Filling up the DagBag from /media/data/omar/programming course/DEPI/DEPI project/anomx/venv/lib/python3.12/site-packages/airflow/example_dags/example_nested_branch_dag.py
[2026-06-21T22:02:43.657+0300] {processor.py:840} INFO - DAG(s) 'example_nested_branch_dag' retrieved from /media/data/omar/programming course/DEPI/DEPI project/anomx/venv/lib/python3.12/site-packages/airflow/example_dags/example_nested_branch_dag.py
[2026-06-21T22:02:43.672+0300] {logging_mixin.py:188} INFO - [2026-06-21T22:02:43.672+0300] {dag.py:3096} INFO - Sync 1 DAGs
[2026-06-21T22:02:43.688+0300] {logging_mixin.py:188} INFO - [2026-06-21T22:02:43.688+0300] {dag.py:3954} INFO - Setting next_dagrun for example_nested_branch_dag to 2026-06-20 00:00:00+00:00, run_after=2026-06-21 00:00:00+00:00
[2026-06-21T22:02:43.714+0300] {processor.py:183} INFO - Processing /media/data/omar/programming course/DEPI/DEPI project/anomx/venv/lib/python3.12/site-packages/airflow/example_dags/example_nested_branch_dag.py took 0.095 seconds
[2026-06-21T22:03:39.711+0300] {processor.py:161} INFO - Started process (PID=17808) to work on /media/data/omar/programming course/DEPI/DEPI project/anomx/venv/lib/python3.12/site-packages/airflow/example_dags/example_nested_branch_dag.py
[2026-06-21T22:03:39.713+0300] {processor.py:830} INFO - Processing file /media/data/omar/programming course/DEPI/DEPI project/anomx/venv/lib/python3.12/site-packages/airflow/example_dags/example_nested_branch_dag.py for tasks to queue
[2026-06-21T22:03:39.717+0300] {logging_mixin.py:188} INFO - [2026-06-21T22:03:39.716+0300] {dagbag.py:540} INFO - Filling up the DagBag from /media/data/omar/programming course/DEPI/DEPI project/anomx/venv/lib/python3.12/site-packages/airflow/example_dags/example_nested_branch_dag.py
[2026-06-21T22:03:39.736+0300] {processor.py:840} INFO - DAG(s) 'example_nested_branch_dag' retrieved from /media/data/omar/programming course/DEPI/DEPI project/anomx/venv/lib/python3.12/site-packages/airflow/example_dags/example_nested_branch_dag.py
[2026-06-21T22:03:39.753+0300] {logging_mixin.py:188} INFO - [2026-06-21T22:03:39.752+0300] {dag.py:3096} INFO - Sync 1 DAGs
[2026-06-21T22:03:39.769+0300] {logging_mixin.py:188} INFO - [2026-06-21T22:03:39.769+0300] {dag.py:3954} INFO - Setting next_dagrun for example_nested_branch_dag to 2026-06-20 00:00:00+00:00, run_after=2026-06-21 00:00:00+00:00
[2026-06-21T22:03:39.800+0300] {processor.py:183} INFO - Processing /media/data/omar/programming course/DEPI/DEPI project/anomx/venv/lib/python3.12/site-packages/airflow/example_dags/example_nested_branch_dag.py took 0.101 seconds
[2026-06-21T22:04:32.745+0300] {processor.py:161} INFO - Started process (PID=17897) to work on /media/data/omar/programming course/DEPI/DEPI project/anomx/venv/lib/python3.12/site-packages/airflow/example_dags/example_nested_branch_dag.py
[2026-06-21T22:04:32.746+0300] {processor.py:830} INFO - Processing file /media/data/omar/programming course/DEPI/DEPI project/anomx/venv/lib/python3.12/site-packages/airflow/example_dags/example_nested_branch_dag.py for tasks to queue
[2026-06-21T22:04:32.749+0300] {logging_mixin.py:188} INFO - [2026-06-21T22:04:32.748+0300] {dagbag.py:540} INFO - Filling up the DagBag from /media/data/omar/programming course/DEPI/DEPI project/anomx/venv/lib/python3.12/site-packages/airflow/example_dags/example_nested_branch_dag.py
[2026-06-21T22:04:32.764+0300] {processor.py:840} INFO - DAG(s) 'example_nested_branch_dag' retrieved from /media/data/omar/programming course/DEPI/DEPI project/anomx/venv/lib/python3.12/site-packages/airflow/example_dags/example_nested_branch_dag.py
[2026-06-21T22:04:32.782+0300] {logging_mixin.py:188} INFO - [2026-06-21T22:04:32.782+0300] {dag.py:3096} INFO - Sync 1 DAGs
[2026-06-21T22:04:32.799+0300] {logging_mixin.py:188} INFO - [2026-06-21T22:04:32.799+0300] {dag.py:3954} INFO - Setting next_dagrun for example_nested_branch_dag to 2026-06-20 00:00:00+00:00, run_after=2026-06-21 00:00:00+00:00
[2026-06-21T22:04:32.828+0300] {processor.py:183} INFO - Processing /media/data/omar/programming course/DEPI/DEPI project/anomx/venv/lib/python3.12/site-packages/airflow/example_dags/example_nested_branch_dag.py took 0.091 seconds
[2026-06-21T22:05:29.681+0300] {processor.py:161} INFO - Started process (PID=17990) to work on /media/data/omar/programming course/DEPI/DEPI project/anomx/venv/lib/python3.12/site-packages/airflow/example_dags/example_nested_branch_dag.py
[2026-06-21T22:05:29.683+0300] {processor.py:830} INFO - Processing file /media/data/omar/programming course/DEPI/DEPI project/anomx/venv/lib/python3.12/site-packages/airflow/example_dags/example_nested_branch_dag.py for tasks to queue
[2026-06-21T22:05:29.685+0300] {logging_mixin.py:188} INFO - [2026-06-21T22:05:29.684+0300] {dagbag.py:540} INFO - Filling up the DagBag from /media/data/omar/programming course/DEPI/DEPI project/anomx/venv/lib/python3.12/site-packages/airflow/example_dags/example_nested_branch_dag.py
[2026-06-21T22:05:29.698+0300] {processor.py:840} INFO - DAG(s) 'example_nested_branch_dag' retrieved from /media/data/omar/programming course/DEPI/DEPI project/anomx/venv/lib/python3.12/site-packages/airflow/example_dags/example_nested_branch_dag.py
[2026-06-21T22:05:29.713+0300] {logging_mixin.py:188} INFO - [2026-06-21T22:05:29.713+0300] {dag.py:3096} INFO - Sync 1 DAGs
[2026-06-21T22:05:29.730+0300] {logging_mixin.py:188} INFO - [2026-06-21T22:05:29.730+0300] {dag.py:3954} INFO - Setting next_dagrun for example_nested_branch_dag to 2026-06-20 00:00:00+00:00, run_after=2026-06-21 00:00:00+00:00
[2026-06-21T22:05:29.757+0300] {processor.py:183} INFO - Processing /media/data/omar/programming course/DEPI/DEPI project/anomx/venv/lib/python3.12/site-packages/airflow/example_dags/example_nested_branch_dag.py took 0.082 seconds
[2026-06-21T22:06:25.296+0300] {processor.py:161} INFO - Started process (PID=18082) to work on /media/data/omar/programming course/DEPI/DEPI project/anomx/venv/lib/python3.12/site-packages/airflow/example_dags/example_nested_branch_dag.py
[2026-06-21T22:06:25.298+0300] {processor.py:830} INFO - Processing file /media/data/omar/programming course/DEPI/DEPI project/anomx/venv/lib/python3.12/site-packages/airflow/example_dags/example_nested_branch_dag.py for tasks to queue
[2026-06-21T22:06:25.301+0300] {logging_mixin.py:188} INFO - [2026-06-21T22:06:25.300+0300] {dagbag.py:540} INFO - Filling up the DagBag from /media/data/omar/programming course/DEPI/DEPI project/anomx/venv/lib/python3.12/site-packages/airflow/example_dags/example_nested_branch_dag.py
[2026-06-21T22:06:25.317+0300] {processor.py:840} INFO - DAG(s) 'example_nested_branch_dag' retrieved from /media/data/omar/programming course/DEPI/DEPI project/anomx/venv/lib/python3.12/site-packages/airflow/example_dags/example_nested_branch_dag.py
[2026-06-21T22:06:25.334+0300] {logging_mixin.py:188} INFO - [2026-06-21T22:06:25.334+0300] {dag.py:3096} INFO - Sync 1 DAGs
[2026-06-21T22:06:25.352+0300] {logging_mixin.py:188} INFO - [2026-06-21T22:06:25.351+0300] {dag.py:3954} INFO - Setting next_dagrun for example_nested_branch_dag to 2026-06-20 00:00:00+00:00, run_after=2026-06-21 00:00:00+00:00
[2026-06-21T22:06:25.381+0300] {processor.py:183} INFO - Processing /media/data/omar/programming course/DEPI/DEPI project/anomx/venv/lib/python3.12/site-packages/airflow/example_dags/example_nested_branch_dag.py took 0.100 seconds
[2026-06-21T22:07:24.091+0300] {processor.py:161} INFO - Started process (PID=18164) to work on /media/data/omar/programming course/DEPI/DEPI project/anomx/venv/lib/python3.12/site-packages/airflow/example_dags/example_nested_branch_dag.py
[2026-06-21T22:07:24.092+0300] {processor.py:830} INFO - Processing file /media/data/omar/programming course/DEPI/DEPI project/anomx/venv/lib/python3.12/site-packages/airflow/example_dags/example_nested_branch_dag.py for tasks to queue
[2026-06-21T22:07:24.095+0300] {logging_mixin.py:188} INFO - [2026-06-21T22:07:24.094+0300] {dagbag.py:540} INFO - Filling up the DagBag from /media/data/omar/programming course/DEPI/DEPI project/anomx/venv/lib/python3.12/site-packages/airflow/example_dags/example_nested_branch_dag.py
[2026-06-21T22:07:24.108+0300] {processor.py:840} INFO - DAG(s) 'example_nested_branch_dag' retrieved from /media/data/omar/programming course/DEPI/DEPI project/anomx/venv/lib/python3.12/site-packages/airflow/example_dags/example_nested_branch_dag.py
[2026-06-21T22:07:24.126+0300] {logging_mixin.py:188} INFO - [2026-06-21T22:07:24.126+0300] {dag.py:3096} INFO - Sync 1 DAGs
[2026-06-21T22:07:24.226+0300] {logging_mixin.py:188} INFO - [2026-06-21T22:07:24.226+0300] {dag.py:3954} INFO - Setting next_dagrun for example_nested_branch_dag to 2026-06-20 00:00:00+00:00, run_after=2026-06-21 00:00:00+00:00
[2026-06-21T22:07:24.253+0300] {processor.py:183} INFO - Processing /media/data/omar/programming course/DEPI/DEPI project/anomx/venv/lib/python3.12/site-packages/airflow/example_dags/example_nested_branch_dag.py took 0.171 seconds
[2026-06-21T22:08:22.023+0300] {processor.py:161} INFO - Started process (PID=18256) to work on /media/data/omar/programming course/DEPI/DEPI project/anomx/venv/lib/python3.12/site-packages/airflow/example_dags/example_nested_branch_dag.py
[2026-06-21T22:08:22.024+0300] {processor.py:830} INFO - Processing file /media/data/omar/programming course/DEPI/DEPI project/anomx/venv/lib/python3.12/site-packages/airflow/example_dags/example_nested_branch_dag.py for tasks to queue
[2026-06-21T22:08:22.025+0300] {logging_mixin.py:188} INFO - [2026-06-21T22:08:22.025+0300] {dagbag.py:540} INFO - Filling up the DagBag from /media/data/omar/programming course/DEPI/DEPI project/anomx/venv/lib/python3.12/site-packages/airflow/example_dags/example_nested_branch_dag.py
[2026-06-21T22:08:22.035+0300] {processor.py:840} INFO - DAG(s) 'example_nested_branch_dag' retrieved from /media/data/omar/programming course/DEPI/DEPI project/anomx/venv/lib/python3.12/site-packages/airflow/example_dags/example_nested_branch_dag.py
[2026-06-21T22:08:22.051+0300] {logging_mixin.py:188} INFO - [2026-06-21T22:08:22.051+0300] {dag.py:3096} INFO - Sync 1 DAGs
[2026-06-21T22:08:22.068+0300] {logging_mixin.py:188} INFO - [2026-06-21T22:08:22.068+0300] {dag.py:3954} INFO - Setting next_dagrun for example_nested_branch_dag to 2026-06-20 00:00:00+00:00, run_after=2026-06-21 00:00:00+00:00
[2026-06-21T22:08:22.098+0300] {processor.py:183} INFO - Processing /media/data/omar/programming course/DEPI/DEPI project/anomx/venv/lib/python3.12/site-packages/airflow/example_dags/example_nested_branch_dag.py took 0.081 seconds
[2026-06-21T22:09:18.487+0300] {processor.py:161} INFO - Started process (PID=18370) to work on /media/data/omar/programming course/DEPI/DEPI project/anomx/venv/lib/python3.12/site-packages/airflow/example_dags/example_nested_branch_dag.py
[2026-06-21T22:09:18.489+0300] {processor.py:830} INFO - Processing file /media/data/omar/programming course/DEPI/DEPI project/anomx/venv/lib/python3.12/site-packages/airflow/example_dags/example_nested_branch_dag.py for tasks to queue
[2026-06-21T22:09:18.493+0300] {logging_mixin.py:188} INFO - [2026-06-21T22:09:18.491+0300] {dagbag.py:540} INFO - Filling up the DagBag from /media/data/omar/programming course/DEPI/DEPI project/anomx/venv/lib/python3.12/site-packages/airflow/example_dags/example_nested_branch_dag.py
[2026-06-21T22:09:18.515+0300] {processor.py:840} INFO - DAG(s) 'example_nested_branch_dag' retrieved from /media/data/omar/programming course/DEPI/DEPI project/anomx/venv/lib/python3.12/site-packages/airflow/example_dags/example_nested_branch_dag.py
[2026-06-21T22:09:18.530+0300] {logging_mixin.py:188} INFO - [2026-06-21T22:09:18.530+0300] {dag.py:3096} INFO - Sync 1 DAGs
[2026-06-21T22:09:18.548+0300] {logging_mixin.py:188} INFO - [2026-06-21T22:09:18.547+0300] {dag.py:3954} INFO - Setting next_dagrun for example_nested_branch_dag to 2026-06-20 00:00:00+00:00, run_after=2026-06-21 00:00:00+00:00
[2026-06-21T22:09:18.574+0300] {processor.py:183} INFO - Processing /media/data/omar/programming course/DEPI/DEPI project/anomx/venv/lib/python3.12/site-packages/airflow/example_dags/example_nested_branch_dag.py took 0.103 seconds
[2026-06-21T22:10:23.417+0300] {processor.py:161} INFO - Started process (PID=18638) to work on /media/data/omar/programming course/DEPI/DEPI project/anomx/venv/lib/python3.12/site-packages/airflow/example_dags/example_nested_branch_dag.py
[2026-06-21T22:10:23.420+0300] {processor.py:830} INFO - Processing file /media/data/omar/programming course/DEPI/DEPI project/anomx/venv/lib/python3.12/site-packages/airflow/example_dags/example_nested_branch_dag.py for tasks to queue
[2026-06-21T22:10:23.424+0300] {logging_mixin.py:188} INFO - [2026-06-21T22:10:23.423+0300] {dagbag.py:540} INFO - Filling up the DagBag from /media/data/omar/programming course/DEPI/DEPI project/anomx/venv/lib/python3.12/site-packages/airflow/example_dags/example_nested_branch_dag.py
[2026-06-21T22:10:23.443+0300] {processor.py:840} INFO - DAG(s) 'example_nested_branch_dag' retrieved from /media/data/omar/programming course/DEPI/DEPI project/anomx/venv/lib/python3.12/site-packages/airflow/example_dags/example_nested_branch_dag.py
[2026-06-21T22:10:23.547+0300] {logging_mixin.py:188} INFO - [2026-06-21T22:10:23.547+0300] {dag.py:3096} INFO - Sync 1 DAGs
[2026-06-21T22:10:23.561+0300] {logging_mixin.py:188} INFO - [2026-06-21T22:10:23.561+0300] {dag.py:3954} INFO - Setting next_dagrun for example_nested_branch_dag to 2026-06-20 00:00:00+00:00, run_after=2026-06-21 00:00:00+00:00
[2026-06-21T22:10:23.588+0300] {processor.py:183} INFO - Processing /media/data/omar/programming course/DEPI/DEPI project/anomx/venv/lib/python3.12/site-packages/airflow/example_dags/example_nested_branch_dag.py took 0.183 seconds
[2026-06-21T22:11:23.783+0300] {processor.py:161} INFO - Started process (PID=18826) to work on /media/data/omar/programming course/DEPI/DEPI project/anomx/venv/lib/python3.12/site-packages/airflow/example_dags/example_nested_branch_dag.py
[2026-06-21T22:11:23.785+0300] {processor.py:830} INFO - Processing file /media/data/omar/programming course/DEPI/DEPI project/anomx/venv/lib/python3.12/site-packages/airflow/example_dags/example_nested_branch_dag.py for tasks to queue
[2026-06-21T22:11:23.788+0300] {logging_mixin.py:188} INFO - [2026-06-21T22:11:23.787+0300] {dagbag.py:540} INFO - Filling up the DagBag from /media/data/omar/programming course/DEPI/DEPI project/anomx/venv/lib/python3.12/site-packages/airflow/example_dags/example_nested_branch_dag.py
[2026-06-21T22:11:23.802+0300] {processor.py:840} INFO - DAG(s) 'example_nested_branch_dag' retrieved from /media/data/omar/programming course/DEPI/DEPI project/anomx/venv/lib/python3.12/site-packages/airflow/example_dags/example_nested_branch_dag.py
[2026-06-21T22:11:23.821+0300] {logging_mixin.py:188} INFO - [2026-06-21T22:11:23.820+0300] {dag.py:3096} INFO - Sync 1 DAGs
[2026-06-21T22:11:23.841+0300] {logging_mixin.py:188} INFO - [2026-06-21T22:11:23.840+0300] {dag.py:3954} INFO - Setting next_dagrun for example_nested_branch_dag to 2026-06-20 00:00:00+00:00, run_after=2026-06-21 00:00:00+00:00
[2026-06-21T22:11:23.872+0300] {processor.py:183} INFO - Processing /media/data/omar/programming course/DEPI/DEPI project/anomx/venv/lib/python3.12/site-packages/airflow/example_dags/example_nested_branch_dag.py took 0.107 seconds
[2026-06-21T22:12:14.791+0300] {processor.py:161} INFO - Started process (PID=18916) to work on /media/data/omar/programming course/DEPI/DEPI project/anomx/venv/lib/python3.12/site-packages/airflow/example_dags/example_nested_branch_dag.py
[2026-06-21T22:12:14.792+0300] {processor.py:830} INFO - Processing file /media/data/omar/programming course/DEPI/DEPI project/anomx/venv/lib/python3.12/site-packages/airflow/example_dags/example_nested_branch_dag.py for tasks to queue
[2026-06-21T22:12:14.794+0300] {logging_mixin.py:188} INFO - [2026-06-21T22:12:14.793+0300] {dagbag.py:540} INFO - Filling up the DagBag from /media/data/omar/programming course/DEPI/DEPI project/anomx/venv/lib/python3.12/site-packages/airflow/example_dags/example_nested_branch_dag.py
[2026-06-21T22:12:14.804+0300] {processor.py:840} INFO - DAG(s) 'example_nested_branch_dag' retrieved from /media/data/omar/programming course/DEPI/DEPI project/anomx/venv/lib/python3.12/site-packages/airflow/example_dags/example_nested_branch_dag.py
[2026-06-21T22:12:14.820+0300] {logging_mixin.py:188} INFO - [2026-06-21T22:12:14.819+0300] {dag.py:3096} INFO - Sync 1 DAGs
[2026-06-21T22:12:14.838+0300] {logging_mixin.py:188} INFO - [2026-06-21T22:12:14.837+0300] {dag.py:3954} INFO - Setting next_dagrun for example_nested_branch_dag to 2026-06-20 00:00:00+00:00, run_after=2026-06-21 00:00:00+00:00
[2026-06-21T22:12:14.865+0300] {processor.py:183} INFO - Processing /media/data/omar/programming course/DEPI/DEPI project/anomx/venv/lib/python3.12/site-packages/airflow/example_dags/example_nested_branch_dag.py took 0.079 seconds
[2026-06-21T22:13:11.861+0300] {processor.py:161} INFO - Started process (PID=19004) to work on /media/data/omar/programming course/DEPI/DEPI project/anomx/venv/lib/python3.12/site-packages/airflow/example_dags/example_nested_branch_dag.py
[2026-06-21T22:13:11.862+0300] {processor.py:830} INFO - Processing file /media/data/omar/programming course/DEPI/DEPI project/anomx/venv/lib/python3.12/site-packages/airflow/example_dags/example_nested_branch_dag.py for tasks to queue
[2026-06-21T22:13:11.864+0300] {logging_mixin.py:188} INFO - [2026-06-21T22:13:11.863+0300] {dagbag.py:540} INFO - Filling up the DagBag from /media/data/omar/programming course/DEPI/DEPI project/anomx/venv/lib/python3.12/site-packages/airflow/example_dags/example_nested_branch_dag.py
[2026-06-21T22:13:11.877+0300] {processor.py:840} INFO - DAG(s) 'example_nested_branch_dag' retrieved from /media/data/omar/programming course/DEPI/DEPI project/anomx/venv/lib/python3.12/site-packages/airflow/example_dags/example_nested_branch_dag.py
[2026-06-21T22:13:11.895+0300] {logging_mixin.py:188} INFO - [2026-06-21T22:13:11.895+0300] {dag.py:3096} INFO - Sync 1 DAGs
[2026-06-21T22:13:11.914+0300] {logging_mixin.py:188} INFO - [2026-06-21T22:13:11.913+0300] {dag.py:3954} INFO - Setting next_dagrun for example_nested_branch_dag to 2026-06-20 00:00:00+00:00, run_after=2026-06-21 00:00:00+00:00
[2026-06-21T22:13:11.942+0300] {processor.py:183} INFO - Processing /media/data/omar/programming course/DEPI/DEPI project/anomx/venv/lib/python3.12/site-packages/airflow/example_dags/example_nested_branch_dag.py took 0.090 seconds
[2026-06-21T22:13:58.167+0300] {processor.py:161} INFO - Started process (PID=19134) to work on /media/data/omar/programming course/DEPI/DEPI project/anomx/venv/lib/python3.12/site-packages/airflow/example_dags/example_nested_branch_dag.py
[2026-06-21T22:13:58.169+0300] {processor.py:830} INFO - Processing file /media/data/omar/programming course/DEPI/DEPI project/anomx/venv/lib/python3.12/site-packages/airflow/example_dags/example_nested_branch_dag.py for tasks to queue
[2026-06-21T22:13:58.172+0300] {logging_mixin.py:188} INFO - [2026-06-21T22:13:58.171+0300] {dagbag.py:540} INFO - Filling up the DagBag from /media/data/omar/programming course/DEPI/DEPI project/anomx/venv/lib/python3.12/site-packages/airflow/example_dags/example_nested_branch_dag.py
[2026-06-21T22:13:58.188+0300] {processor.py:840} INFO - DAG(s) 'example_nested_branch_dag' retrieved from /media/data/omar/programming course/DEPI/DEPI project/anomx/venv/lib/python3.12/site-packages/airflow/example_dags/example_nested_branch_dag.py
[2026-06-21T22:13:58.207+0300] {logging_mixin.py:188} INFO - [2026-06-21T22:13:58.206+0300] {dag.py:3096} INFO - Sync 1 DAGs
[2026-06-21T22:13:58.224+0300] {logging_mixin.py:188} INFO - [2026-06-21T22:13:58.224+0300] {dag.py:3954} INFO - Setting next_dagrun for example_nested_branch_dag to 2026-06-20 00:00:00+00:00, run_after=2026-06-21 00:00:00+00:00
[2026-06-21T22:13:58.253+0300] {processor.py:183} INFO - Processing /media/data/omar/programming course/DEPI/DEPI project/anomx/venv/lib/python3.12/site-packages/airflow/example_dags/example_nested_branch_dag.py took 0.097 seconds
[2026-06-21T22:14:57.261+0300] {processor.py:161} INFO - Started process (PID=19240) to work on /media/data/omar/programming course/DEPI/DEPI project/anomx/venv/lib/python3.12/site-packages/airflow/example_dags/example_nested_branch_dag.py
[2026-06-21T22:14:57.263+0300] {processor.py:830} INFO - Processing file /media/data/omar/programming course/DEPI/DEPI project/anomx/venv/lib/python3.12/site-packages/airflow/example_dags/example_nested_branch_dag.py for tasks to queue
[2026-06-21T22:14:57.265+0300] {logging_mixin.py:188} INFO - [2026-06-21T22:14:57.264+0300] {dagbag.py:540} INFO - Filling up the DagBag from /media/data/omar/programming course/DEPI/DEPI project/anomx/venv/lib/python3.12/site-packages/airflow/example_dags/example_nested_branch_dag.py
[2026-06-21T22:14:57.277+0300] {processor.py:840} INFO - DAG(s) 'example_nested_branch_dag' retrieved from /media/data/omar/programming course/DEPI/DEPI project/anomx/venv/lib/python3.12/site-packages/airflow/example_dags/example_nested_branch_dag.py
[2026-06-21T22:14:57.294+0300] {logging_mixin.py:188} INFO - [2026-06-21T22:14:57.293+0300] {dag.py:3096} INFO - Sync 1 DAGs
[2026-06-21T22:14:57.311+0300] {logging_mixin.py:188} INFO - [2026-06-21T22:14:57.311+0300] {dag.py:3954} INFO - Setting next_dagrun for example_nested_branch_dag to 2026-06-20 00:00:00+00:00, run_after=2026-06-21 00:00:00+00:00
[2026-06-21T22:14:57.339+0300] {processor.py:183} INFO - Processing /media/data/omar/programming course/DEPI/DEPI project/anomx/venv/lib/python3.12/site-packages/airflow/example_dags/example_nested_branch_dag.py took 0.085 seconds
[2026-06-21T22:15:51.323+0300] {processor.py:161} INFO - Started process (PID=19601) to work on /media/data/omar/programming course/DEPI/DEPI project/anomx/venv/lib/python3.12/site-packages/airflow/example_dags/example_nested_branch_dag.py
[2026-06-21T22:15:51.324+0300] {processor.py:830} INFO - Processing file /media/data/omar/programming course/DEPI/DEPI project/anomx/venv/lib/python3.12/site-packages/airflow/example_dags/example_nested_branch_dag.py for tasks to queue
[2026-06-21T22:15:51.326+0300] {logging_mixin.py:188} INFO - [2026-06-21T22:15:51.326+0300] {dagbag.py:540} INFO - Filling up the DagBag from /media/data/omar/programming course/DEPI/DEPI project/anomx/venv/lib/python3.12/site-packages/airflow/example_dags/example_nested_branch_dag.py
[2026-06-21T22:15:51.341+0300] {processor.py:840} INFO - DAG(s) 'example_nested_branch_dag' retrieved from /media/data/omar/programming course/DEPI/DEPI project/anomx/venv/lib/python3.12/site-packages/airflow/example_dags/example_nested_branch_dag.py
[2026-06-21T22:15:51.365+0300] {logging_mixin.py:188} INFO - [2026-06-21T22:15:51.364+0300] {dag.py:3096} INFO - Sync 1 DAGs
[2026-06-21T22:15:51.389+0300] {logging_mixin.py:188} INFO - [2026-06-21T22:15:51.389+0300] {dag.py:3954} INFO - Setting next_dagrun for example_nested_branch_dag to 2026-06-20 00:00:00+00:00, run_after=2026-06-21 00:00:00+00:00
[2026-06-21T22:15:51.427+0300] {processor.py:183} INFO - Processing /media/data/omar/programming course/DEPI/DEPI project/anomx/venv/lib/python3.12/site-packages/airflow/example_dags/example_nested_branch_dag.py took 0.110 seconds
[2026-06-21T22:16:49.777+0300] {processor.py:161} INFO - Started process (PID=19722) to work on /media/data/omar/programming course/DEPI/DEPI project/anomx/venv/lib/python3.12/site-packages/airflow/example_dags/example_nested_branch_dag.py
[2026-06-21T22:16:49.779+0300] {processor.py:830} INFO - Processing file /media/data/omar/programming course/DEPI/DEPI project/anomx/venv/lib/python3.12/site-packages/airflow/example_dags/example_nested_branch_dag.py for tasks to queue
[2026-06-21T22:16:49.783+0300] {logging_mixin.py:188} INFO - [2026-06-21T22:16:49.782+0300] {dagbag.py:540} INFO - Filling up the DagBag from /media/data/omar/programming course/DEPI/DEPI project/anomx/venv/lib/python3.12/site-packages/airflow/example_dags/example_nested_branch_dag.py
[2026-06-21T22:16:49.801+0300] {processor.py:840} INFO - DAG(s) 'example_nested_branch_dag' retrieved from /media/data/omar/programming course/DEPI/DEPI project/anomx/venv/lib/python3.12/site-packages/airflow/example_dags/example_nested_branch_dag.py
[2026-06-21T22:16:49.820+0300] {logging_mixin.py:188} INFO - [2026-06-21T22:16:49.819+0300] {dag.py:3096} INFO - Sync 1 DAGs
[2026-06-21T22:16:49.837+0300] {logging_mixin.py:188} INFO - [2026-06-21T22:16:49.836+0300] {dag.py:3954} INFO - Setting next_dagrun for example_nested_branch_dag to 2026-06-20 00:00:00+00:00, run_after=2026-06-21 00:00:00+00:00
[2026-06-21T22:16:49.866+0300] {processor.py:183} INFO - Processing /media/data/omar/programming course/DEPI/DEPI project/anomx/venv/lib/python3.12/site-packages/airflow/example_dags/example_nested_branch_dag.py took 0.101 seconds
[2026-06-21T22:17:49.633+0300] {processor.py:161} INFO - Started process (PID=19896) to work on /media/data/omar/programming course/DEPI/DEPI project/anomx/venv/lib/python3.12/site-packages/airflow/example_dags/example_nested_branch_dag.py
[2026-06-21T22:17:49.638+0300] {processor.py:830} INFO - Processing file /media/data/omar/programming course/DEPI/DEPI project/anomx/venv/lib/python3.12/site-packages/airflow/example_dags/example_nested_branch_dag.py for tasks to queue
[2026-06-21T22:17:49.645+0300] {logging_mixin.py:188} INFO - [2026-06-21T22:17:49.643+0300] {dagbag.py:540} INFO - Filling up the DagBag from /media/data/omar/programming course/DEPI/DEPI project/anomx/venv/lib/python3.12/site-packages/airflow/example_dags/example_nested_branch_dag.py
[2026-06-21T22:17:49.667+0300] {processor.py:840} INFO - DAG(s) 'example_nested_branch_dag' retrieved from /media/data/omar/programming course/DEPI/DEPI project/anomx/venv/lib/python3.12/site-packages/airflow/example_dags/example_nested_branch_dag.py
[2026-06-21T22:17:49.687+0300] {logging_mixin.py:188} INFO - [2026-06-21T22:17:49.686+0300] {dag.py:3096} INFO - Sync 1 DAGs
[2026-06-21T22:17:49.710+0300] {logging_mixin.py:188} INFO - [2026-06-21T22:17:49.709+0300] {dag.py:3954} INFO - Setting next_dagrun for example_nested_branch_dag to 2026-06-20 00:00:00+00:00, run_after=2026-06-21 00:00:00+00:00
[2026-06-21T22:17:49.742+0300] {processor.py:183} INFO - Processing /media/data/omar/programming course/DEPI/DEPI project/anomx/venv/lib/python3.12/site-packages/airflow/example_dags/example_nested_branch_dag.py took 0.134 seconds
[2026-06-21T22:18:46.449+0300] {processor.py:161} INFO - Started process (PID=19991) to work on /media/data/omar/programming course/DEPI/DEPI project/anomx/venv/lib/python3.12/site-packages/airflow/example_dags/example_nested_branch_dag.py
[2026-06-21T22:18:46.450+0300] {processor.py:830} INFO - Processing file /media/data/omar/programming course/DEPI/DEPI project/anomx/venv/lib/python3.12/site-packages/airflow/example_dags/example_nested_branch_dag.py for tasks to queue
[2026-06-21T22:18:46.452+0300] {logging_mixin.py:188} INFO - [2026-06-21T22:18:46.451+0300] {dagbag.py:540} INFO - Filling up the DagBag from /media/data/omar/programming course/DEPI/DEPI project/anomx/venv/lib/python3.12/site-packages/airflow/example_dags/example_nested_branch_dag.py
[2026-06-21T22:18:46.462+0300] {processor.py:840} INFO - DAG(s) 'example_nested_branch_dag' retrieved from /media/data/omar/programming course/DEPI/DEPI project/anomx/venv/lib/python3.12/site-packages/airflow/example_dags/example_nested_branch_dag.py
[2026-06-21T22:18:46.481+0300] {logging_mixin.py:188} INFO - [2026-06-21T22:18:46.480+0300] {dag.py:3096} INFO - Sync 1 DAGs
[2026-06-21T22:18:46.500+0300] {logging_mixin.py:188} INFO - [2026-06-21T22:18:46.499+0300] {dag.py:3954} INFO - Setting next_dagrun for example_nested_branch_dag to 2026-06-20 00:00:00+00:00, run_after=2026-06-21 00:00:00+00:00
[2026-06-21T22:18:46.530+0300] {processor.py:183} INFO - Processing /media/data/omar/programming course/DEPI/DEPI project/anomx/venv/lib/python3.12/site-packages/airflow/example_dags/example_nested_branch_dag.py took 0.087 seconds
[2026-06-21T22:19:43.422+0300] {processor.py:161} INFO - Started process (PID=20102) to work on /media/data/omar/programming course/DEPI/DEPI project/anomx/venv/lib/python3.12/site-packages/airflow/example_dags/example_nested_branch_dag.py
[2026-06-21T22:19:43.424+0300] {processor.py:830} INFO - Processing file /media/data/omar/programming course/DEPI/DEPI project/anomx/venv/lib/python3.12/site-packages/airflow/example_dags/example_nested_branch_dag.py for tasks to queue
[2026-06-21T22:19:43.428+0300] {logging_mixin.py:188} INFO - [2026-06-21T22:19:43.427+0300] {dagbag.py:540} INFO - Filling up the DagBag from /media/data/omar/programming course/DEPI/DEPI project/anomx/venv/lib/python3.12/site-packages/airflow/example_dags/example_nested_branch_dag.py
[2026-06-21T22:19:43.452+0300] {processor.py:840} INFO - DAG(s) 'example_nested_branch_dag' retrieved from /media/data/omar/programming course/DEPI/DEPI project/anomx/venv/lib/python3.12/site-packages/airflow/example_dags/example_nested_branch_dag.py
[2026-06-21T22:19:43.472+0300] {logging_mixin.py:188} INFO - [2026-06-21T22:19:43.472+0300] {dag.py:3096} INFO - Sync 1 DAGs
[2026-06-21T22:19:43.494+0300] {logging_mixin.py:188} INFO - [2026-06-21T22:19:43.494+0300] {dag.py:3954} INFO - Setting next_dagrun for example_nested_branch_dag to 2026-06-20 00:00:00+00:00, run_after=2026-06-21 00:00:00+00:00
[2026-06-21T22:19:43.527+0300] {processor.py:183} INFO - Processing /media/data/omar/programming course/DEPI/DEPI project/anomx/venv/lib/python3.12/site-packages/airflow/example_dags/example_nested_branch_dag.py took 0.115 seconds
[2026-06-21T22:21:17.140+0300] {processor.py:161} INFO - Started process (PID=20261) to work on /media/data/omar/programming course/DEPI/DEPI project/anomx/venv/lib/python3.12/site-packages/airflow/example_dags/example_nested_branch_dag.py
[2026-06-21T22:21:17.143+0300] {processor.py:830} INFO - Processing file /media/data/omar/programming course/DEPI/DEPI project/anomx/venv/lib/python3.12/site-packages/airflow/example_dags/example_nested_branch_dag.py for tasks to queue
[2026-06-21T22:21:17.148+0300] {logging_mixin.py:188} INFO - [2026-06-21T22:21:17.147+0300] {dagbag.py:540} INFO - Filling up the DagBag from /media/data/omar/programming course/DEPI/DEPI project/anomx/venv/lib/python3.12/site-packages/airflow/example_dags/example_nested_branch_dag.py
[2026-06-21T22:21:17.168+0300] {processor.py:840} INFO - DAG(s) 'example_nested_branch_dag' retrieved from /media/data/omar/programming course/DEPI/DEPI project/anomx/venv/lib/python3.12/site-packages/airflow/example_dags/example_nested_branch_dag.py
[2026-06-21T22:21:17.195+0300] {logging_mixin.py:188} INFO - [2026-06-21T22:21:17.195+0300] {dag.py:3096} INFO - Sync 1 DAGs
[2026-06-21T22:21:17.214+0300] {logging_mixin.py:188} INFO - [2026-06-21T22:21:17.214+0300] {dag.py:3954} INFO - Setting next_dagrun for example_nested_branch_dag to 2026-06-20 00:00:00+00:00, run_after=2026-06-21 00:00:00+00:00
[2026-06-21T22:21:17.242+0300] {processor.py:183} INFO - Processing /media/data/omar/programming course/DEPI/DEPI project/anomx/venv/lib/python3.12/site-packages/airflow/example_dags/example_nested_branch_dag.py took 0.123 seconds
[2026-06-21T22:23:29.235+0300] {processor.py:161} INFO - Started process (PID=20490) to work on /media/data/omar/programming course/DEPI/DEPI project/anomx/venv/lib/python3.12/site-packages/airflow/example_dags/example_nested_branch_dag.py
[2026-06-21T22:23:29.238+0300] {processor.py:830} INFO - Processing file /media/data/omar/programming course/DEPI/DEPI project/anomx/venv/lib/python3.12/site-packages/airflow/example_dags/example_nested_branch_dag.py for tasks to queue
[2026-06-21T22:23:29.243+0300] {logging_mixin.py:188} INFO - [2026-06-21T22:23:29.242+0300] {dagbag.py:540} INFO - Filling up the DagBag from /media/data/omar/programming course/DEPI/DEPI project/anomx/venv/lib/python3.12/site-packages/airflow/example_dags/example_nested_branch_dag.py
[2026-06-21T22:23:29.260+0300] {processor.py:840} INFO - DAG(s) 'example_nested_branch_dag' retrieved from /media/data/omar/programming course/DEPI/DEPI project/anomx/venv/lib/python3.12/site-packages/airflow/example_dags/example_nested_branch_dag.py
[2026-06-21T22:23:29.278+0300] {logging_mixin.py:188} INFO - [2026-06-21T22:23:29.277+0300] {dag.py:3096} INFO - Sync 1 DAGs
[2026-06-21T22:23:29.304+0300] {logging_mixin.py:188} INFO - [2026-06-21T22:23:29.303+0300] {dag.py:3954} INFO - Setting next_dagrun for example_nested_branch_dag to 2026-06-20 00:00:00+00:00, run_after=2026-06-21 00:00:00+00:00
[2026-06-21T22:23:29.329+0300] {processor.py:183} INFO - Processing /media/data/omar/programming course/DEPI/DEPI project/anomx/venv/lib/python3.12/site-packages/airflow/example_dags/example_nested_branch_dag.py took 0.111 seconds
[2026-06-21T22:24:26.224+0300] {processor.py:161} INFO - Started process (PID=20583) to work on /media/data/omar/programming course/DEPI/DEPI project/anomx/venv/lib/python3.12/site-packages/airflow/example_dags/example_nested_branch_dag.py
[2026-06-21T22:24:26.226+0300] {processor.py:830} INFO - Processing file /media/data/omar/programming course/DEPI/DEPI project/anomx/venv/lib/python3.12/site-packages/airflow/example_dags/example_nested_branch_dag.py for tasks to queue
[2026-06-21T22:24:26.227+0300] {logging_mixin.py:188} INFO - [2026-06-21T22:24:26.227+0300] {dagbag.py:540} INFO - Filling up the DagBag from /media/data/omar/programming course/DEPI/DEPI project/anomx/venv/lib/python3.12/site-packages/airflow/example_dags/example_nested_branch_dag.py
[2026-06-21T22:24:26.237+0300] {processor.py:840} INFO - DAG(s) 'example_nested_branch_dag' retrieved from /media/data/omar/programming course/DEPI/DEPI project/anomx/venv/lib/python3.12/site-packages/airflow/example_dags/example_nested_branch_dag.py
[2026-06-21T22:24:26.253+0300] {logging_mixin.py:188} INFO - [2026-06-21T22:24:26.252+0300] {dag.py:3096} INFO - Sync 1 DAGs
[2026-06-21T22:24:26.269+0300] {logging_mixin.py:188} INFO - [2026-06-21T22:24:26.269+0300] {dag.py:3954} INFO - Setting next_dagrun for example_nested_branch_dag to 2026-06-20 00:00:00+00:00, run_after=2026-06-21 00:00:00+00:00
[2026-06-21T22:24:26.297+0300] {processor.py:183} INFO - Processing /media/data/omar/programming course/DEPI/DEPI project/anomx/venv/lib/python3.12/site-packages/airflow/example_dags/example_nested_branch_dag.py took 0.083 seconds
[2026-06-21T22:48:16.423+0300] {processor.py:161} INFO - Started process (PID=22150) to work on /media/data/omar/programming course/DEPI/DEPI project/anomx/venv/lib/python3.12/site-packages/airflow/example_dags/example_nested_branch_dag.py
[2026-06-21T22:48:16.425+0300] {processor.py:830} INFO - Processing file /media/data/omar/programming course/DEPI/DEPI project/anomx/venv/lib/python3.12/site-packages/airflow/example_dags/example_nested_branch_dag.py for tasks to queue
[2026-06-21T22:48:16.429+0300] {logging_mixin.py:188} INFO - [2026-06-21T22:48:16.428+0300] {dagbag.py:540} INFO - Filling up the DagBag from /media/data/omar/programming course/DEPI/DEPI project/anomx/venv/lib/python3.12/site-packages/airflow/example_dags/example_nested_branch_dag.py
[2026-06-21T22:48:16.443+0300] {processor.py:840} INFO - DAG(s) 'example_nested_branch_dag' retrieved from /media/data/omar/programming course/DEPI/DEPI project/anomx/venv/lib/python3.12/site-packages/airflow/example_dags/example_nested_branch_dag.py
[2026-06-21T22:48:16.462+0300] {logging_mixin.py:188} INFO - [2026-06-21T22:48:16.462+0300] {dag.py:3096} INFO - Sync 1 DAGs
[2026-06-21T22:48:16.472+0300] {logging_mixin.py:188} INFO - [2026-06-21T22:48:16.472+0300] {dag.py:3118} INFO - Creating ORM DAG for example_nested_branch_dag
[2026-06-21T22:48:16.481+0300] {logging_mixin.py:188} INFO - [2026-06-21T22:48:16.481+0300] {dag.py:3954} INFO - Setting next_dagrun for example_nested_branch_dag to 2026-06-20 00:00:00+00:00, run_after=2026-06-21 00:00:00+00:00
[2026-06-21T22:48:16.510+0300] {processor.py:183} INFO - Processing /media/data/omar/programming course/DEPI/DEPI project/anomx/venv/lib/python3.12/site-packages/airflow/example_dags/example_nested_branch_dag.py took 0.105 seconds
[2026-06-21T22:49:14.433+0300] {processor.py:161} INFO - Started process (PID=22242) to work on /media/data/omar/programming course/DEPI/DEPI project/anomx/venv/lib/python3.12/site-packages/airflow/example_dags/example_nested_branch_dag.py
[2026-06-21T22:49:14.434+0300] {processor.py:830} INFO - Processing file /media/data/omar/programming course/DEPI/DEPI project/anomx/venv/lib/python3.12/site-packages/airflow/example_dags/example_nested_branch_dag.py for tasks to queue
[2026-06-21T22:49:14.437+0300] {logging_mixin.py:188} INFO - [2026-06-21T22:49:14.436+0300] {dagbag.py:540} INFO - Filling up the DagBag from /media/data/omar/programming course/DEPI/DEPI project/anomx/venv/lib/python3.12/site-packages/airflow/example_dags/example_nested_branch_dag.py
[2026-06-21T22:49:14.449+0300] {processor.py:840} INFO - DAG(s) 'example_nested_branch_dag' retrieved from /media/data/omar/programming course/DEPI/DEPI project/anomx/venv/lib/python3.12/site-packages/airflow/example_dags/example_nested_branch_dag.py
[2026-06-21T22:49:14.468+0300] {logging_mixin.py:188} INFO - [2026-06-21T22:49:14.467+0300] {dag.py:3096} INFO - Sync 1 DAGs
[2026-06-21T22:49:14.486+0300] {logging_mixin.py:188} INFO - [2026-06-21T22:49:14.485+0300] {dag.py:3954} INFO - Setting next_dagrun for example_nested_branch_dag to 2026-06-20 00:00:00+00:00, run_after=2026-06-21 00:00:00+00:00
[2026-06-21T22:49:14.514+0300] {processor.py:183} INFO - Processing /media/data/omar/programming course/DEPI/DEPI project/anomx/venv/lib/python3.12/site-packages/airflow/example_dags/example_nested_branch_dag.py took 0.093 seconds
[2026-06-21T22:50:12.552+0300] {processor.py:161} INFO - Started process (PID=22333) to work on /media/data/omar/programming course/DEPI/DEPI project/anomx/venv/lib/python3.12/site-packages/airflow/example_dags/example_nested_branch_dag.py
[2026-06-21T22:50:12.554+0300] {processor.py:830} INFO - Processing file /media/data/omar/programming course/DEPI/DEPI project/anomx/venv/lib/python3.12/site-packages/airflow/example_dags/example_nested_branch_dag.py for tasks to queue
[2026-06-21T22:50:12.557+0300] {logging_mixin.py:188} INFO - [2026-06-21T22:50:12.556+0300] {dagbag.py:540} INFO - Filling up the DagBag from /media/data/omar/programming course/DEPI/DEPI project/anomx/venv/lib/python3.12/site-packages/airflow/example_dags/example_nested_branch_dag.py
[2026-06-21T22:50:12.571+0300] {processor.py:840} INFO - DAG(s) 'example_nested_branch_dag' retrieved from /media/data/omar/programming course/DEPI/DEPI project/anomx/venv/lib/python3.12/site-packages/airflow/example_dags/example_nested_branch_dag.py
[2026-06-21T22:50:12.587+0300] {logging_mixin.py:188} INFO - [2026-06-21T22:50:12.587+0300] {dag.py:3096} INFO - Sync 1 DAGs
[2026-06-21T22:50:12.604+0300] {logging_mixin.py:188} INFO - [2026-06-21T22:50:12.603+0300] {dag.py:3954} INFO - Setting next_dagrun for example_nested_branch_dag to 2026-06-20 00:00:00+00:00, run_after=2026-06-21 00:00:00+00:00
[2026-06-21T22:50:12.633+0300] {processor.py:183} INFO - Processing /media/data/omar/programming course/DEPI/DEPI project/anomx/venv/lib/python3.12/site-packages/airflow/example_dags/example_nested_branch_dag.py took 0.090 seconds
[2026-06-21T22:51:12.927+0300] {processor.py:161} INFO - Started process (PID=22595) to work on /media/data/omar/programming course/DEPI/DEPI project/anomx/venv/lib/python3.12/site-packages/airflow/example_dags/example_nested_branch_dag.py
[2026-06-21T22:51:12.929+0300] {processor.py:830} INFO - Processing file /media/data/omar/programming course/DEPI/DEPI project/anomx/venv/lib/python3.12/site-packages/airflow/example_dags/example_nested_branch_dag.py for tasks to queue
[2026-06-21T22:51:12.930+0300] {logging_mixin.py:188} INFO - [2026-06-21T22:51:12.930+0300] {dagbag.py:540} INFO - Filling up the DagBag from /media/data/omar/programming course/DEPI/DEPI project/anomx/venv/lib/python3.12/site-packages/airflow/example_dags/example_nested_branch_dag.py
[2026-06-21T22:51:12.943+0300] {processor.py:840} INFO - DAG(s) 'example_nested_branch_dag' retrieved from /media/data/omar/programming course/DEPI/DEPI project/anomx/venv/lib/python3.12/site-packages/airflow/example_dags/example_nested_branch_dag.py
[2026-06-21T22:51:12.963+0300] {logging_mixin.py:188} INFO - [2026-06-21T22:51:12.963+0300] {dag.py:3096} INFO - Sync 1 DAGs
[2026-06-21T22:51:12.987+0300] {logging_mixin.py:188} INFO - [2026-06-21T22:51:12.986+0300] {dag.py:3954} INFO - Setting next_dagrun for example_nested_branch_dag to 2026-06-20 00:00:00+00:00, run_after=2026-06-21 00:00:00+00:00
[2026-06-21T22:51:13.029+0300] {processor.py:183} INFO - Processing /media/data/omar/programming course/DEPI/DEPI project/anomx/venv/lib/python3.12/site-packages/airflow/example_dags/example_nested_branch_dag.py took 0.107 seconds
