[2026-06-21T21:38:54.240+0300] {processor.py:161} INFO - Started process (PID=15088) to work on /media/data/omar/programming course/DEPI/DEPI project/anomx/venv/lib/python3.12/site-packages/airflow/example_dags/example_task_group_decorator.py
[2026-06-21T21:38:54.242+0300] {processor.py:830} INFO - Processing file /media/data/omar/programming course/DEPI/DEPI project/anomx/venv/lib/python3.12/site-packages/airflow/example_dags/example_task_group_decorator.py for tasks to queue
[2026-06-21T21:38:54.246+0300] {logging_mixin.py:188} INFO - [2026-06-21T21:38:54.245+0300] {dagbag.py:540} INFO - Filling up the DagBag from /media/data/omar/programming course/DEPI/DEPI project/anomx/venv/lib/python3.12/site-packages/airflow/example_dags/example_task_group_decorator.py
[2026-06-21T21:38:54.286+0300] {processor.py:840} INFO - DAG(s) 'example_task_group_decorator' retrieved from /media/data/omar/programming course/DEPI/DEPI project/anomx/venv/lib/python3.12/site-packages/airflow/example_dags/example_task_group_decorator.py
[2026-06-21T21:38:54.471+0300] {logging_mixin.py:188} INFO - [2026-06-21T21:38:54.470+0300] {override.py:1829} INFO - Created Permission View: can edit on DAG:example_task_group_decorator
[2026-06-21T21:38:54.488+0300] {logging_mixin.py:188} INFO - [2026-06-21T21:38:54.488+0300] {override.py:1829} INFO - Created Permission View: can read on DAG:example_task_group_decorator
[2026-06-21T21:38:54.504+0300] {logging_mixin.py:188} INFO - [2026-06-21T21:38:54.504+0300] {override.py:1829} INFO - Created Permission View: can delete on DAG:example_task_group_decorator
[2026-06-21T21:38:54.505+0300] {logging_mixin.py:188} INFO - [2026-06-21T21:38:54.505+0300] {dag.py:3096} INFO - Sync 1 DAGs
[2026-06-21T21:38:54.514+0300] {logging_mixin.py:188} INFO - [2026-06-21T21:38:54.514+0300] {dag.py:3118} INFO - Creating ORM DAG for example_task_group_decorator
[2026-06-21T21:38:54.523+0300] {logging_mixin.py:188} INFO - [2026-06-21T21:38:54.522+0300] {dag.py:3954} INFO - Setting next_dagrun for example_task_group_decorator to 2026-06-20 00:00:00+00:00, run_after=2026-06-21 00:00:00+00:00
[2026-06-21T21:38:54.548+0300] {processor.py:183} INFO - Processing /media/data/omar/programming course/DEPI/DEPI project/anomx/venv/lib/python3.12/site-packages/airflow/example_dags/example_task_group_decorator.py took 0.322 seconds
[2026-06-21T21:40:00.634+0300] {processor.py:161} INFO - Started process (PID=15192) to work on /media/data/omar/programming course/DEPI/DEPI project/anomx/venv/lib/python3.12/site-packages/airflow/example_dags/example_task_group_decorator.py
[2026-06-21T21:40:00.636+0300] {processor.py:830} INFO - Processing file /media/data/omar/programming course/DEPI/DEPI project/anomx/venv/lib/python3.12/site-packages/airflow/example_dags/example_task_group_decorator.py for tasks to queue
[2026-06-21T21:40:00.638+0300] {logging_mixin.py:188} INFO - [2026-06-21T21:40:00.637+0300] {dagbag.py:540} INFO - Filling up the DagBag from /media/data/omar/programming course/DEPI/DEPI project/anomx/venv/lib/python3.12/site-packages/airflow/example_dags/example_task_group_decorator.py
[2026-06-21T21:40:00.656+0300] {processor.py:840} INFO - DAG(s) 'example_task_group_decorator' retrieved from /media/data/omar/programming course/DEPI/DEPI project/anomx/venv/lib/python3.12/site-packages/airflow/example_dags/example_task_group_decorator.py
[2026-06-21T21:40:00.681+0300] {logging_mixin.py:188} INFO - [2026-06-21T21:40:00.680+0300] {dag.py:3096} INFO - Sync 1 DAGs
[2026-06-21T21:40:00.703+0300] {logging_mixin.py:188} INFO - [2026-06-21T21:40:00.702+0300] {dag.py:3954} INFO - Setting next_dagrun for example_task_group_decorator to 2026-06-20 00:00:00+00:00, run_after=2026-06-21 00:00:00+00:00
[2026-06-21T21:40:00.735+0300] {processor.py:183} INFO - Processing /media/data/omar/programming course/DEPI/DEPI project/anomx/venv/lib/python3.12/site-packages/airflow/example_dags/example_task_group_decorator.py took 0.115 seconds
[2026-06-21T21:41:00.319+0300] {processor.py:161} INFO - Started process (PID=15284) to work on /media/data/omar/programming course/DEPI/DEPI project/anomx/venv/lib/python3.12/site-packages/airflow/example_dags/example_task_group_decorator.py
[2026-06-21T21:41:00.321+0300] {processor.py:830} INFO - Processing file /media/data/omar/programming course/DEPI/DEPI project/anomx/venv/lib/python3.12/site-packages/airflow/example_dags/example_task_group_decorator.py for tasks to queue
[2026-06-21T21:41:00.323+0300] {logging_mixin.py:188} INFO - [2026-06-21T21:41:00.322+0300] {dagbag.py:540} INFO - Filling up the DagBag from /media/data/omar/programming course/DEPI/DEPI project/anomx/venv/lib/python3.12/site-packages/airflow/example_dags/example_task_group_decorator.py
[2026-06-21T21:41:00.342+0300] {processor.py:840} INFO - DAG(s) 'example_task_group_decorator' retrieved from /media/data/omar/programming course/DEPI/DEPI project/anomx/venv/lib/python3.12/site-packages/airflow/example_dags/example_task_group_decorator.py
[2026-06-21T21:41:00.372+0300] {logging_mixin.py:188} INFO - [2026-06-21T21:41:00.371+0300] {dag.py:3096} INFO - Sync 1 DAGs
[2026-06-21T21:41:00.395+0300] {logging_mixin.py:188} INFO - [2026-06-21T21:41:00.394+0300] {dag.py:3954} INFO - Setting next_dagrun for example_task_group_decorator to 2026-06-20 00:00:00+00:00, run_after=2026-06-21 00:00:00+00:00
[2026-06-21T21:41:00.427+0300] {processor.py:183} INFO - Processing /media/data/omar/programming course/DEPI/DEPI project/anomx/venv/lib/python3.12/site-packages/airflow/example_dags/example_task_group_decorator.py took 0.117 seconds
[2026-06-21T21:42:02.969+0300] {processor.py:161} INFO - Started process (PID=15419) to work on /media/data/omar/programming course/DEPI/DEPI project/anomx/venv/lib/python3.12/site-packages/airflow/example_dags/example_task_group_decorator.py
[2026-06-21T21:42:02.971+0300] {processor.py:830} INFO - Processing file /media/data/omar/programming course/DEPI/DEPI project/anomx/venv/lib/python3.12/site-packages/airflow/example_dags/example_task_group_decorator.py for tasks to queue
[2026-06-21T21:42:02.975+0300] {logging_mixin.py:188} INFO - [2026-06-21T21:42:02.974+0300] {dagbag.py:540} INFO - Filling up the DagBag from /media/data/omar/programming course/DEPI/DEPI project/anomx/venv/lib/python3.12/site-packages/airflow/example_dags/example_task_group_decorator.py
[2026-06-21T21:42:02.994+0300] {processor.py:840} INFO - DAG(s) 'example_task_group_decorator' retrieved from /media/data/omar/programming course/DEPI/DEPI project/anomx/venv/lib/python3.12/site-packages/airflow/example_dags/example_task_group_decorator.py
[2026-06-21T21:42:03.015+0300] {logging_mixin.py:188} INFO - [2026-06-21T21:42:03.014+0300] {dag.py:3096} INFO - Sync 1 DAGs
[2026-06-21T21:42:03.032+0300] {logging_mixin.py:188} INFO - [2026-06-21T21:42:03.032+0300] {dag.py:3954} INFO - Setting next_dagrun for example_task_group_decorator to 2026-06-20 00:00:00+00:00, run_after=2026-06-21 00:00:00+00:00
[2026-06-21T21:42:03.062+0300] {processor.py:183} INFO - Processing /media/data/omar/programming course/DEPI/DEPI project/anomx/venv/lib/python3.12/site-packages/airflow/example_dags/example_task_group_decorator.py took 0.106 seconds
[2026-06-21T21:43:09.579+0300] {processor.py:161} INFO - Started process (PID=15647) to work on /media/data/omar/programming course/DEPI/DEPI project/anomx/venv/lib/python3.12/site-packages/airflow/example_dags/example_task_group_decorator.py
[2026-06-21T21:43:09.581+0300] {processor.py:830} INFO - Processing file /media/data/omar/programming course/DEPI/DEPI project/anomx/venv/lib/python3.12/site-packages/airflow/example_dags/example_task_group_decorator.py for tasks to queue
[2026-06-21T21:43:09.583+0300] {logging_mixin.py:188} INFO - [2026-06-21T21:43:09.582+0300] {dagbag.py:540} INFO - Filling up the DagBag from /media/data/omar/programming course/DEPI/DEPI project/anomx/venv/lib/python3.12/site-packages/airflow/example_dags/example_task_group_decorator.py
[2026-06-21T21:43:09.601+0300] {processor.py:840} INFO - DAG(s) 'example_task_group_decorator' retrieved from /media/data/omar/programming course/DEPI/DEPI project/anomx/venv/lib/python3.12/site-packages/airflow/example_dags/example_task_group_decorator.py
[2026-06-21T21:43:09.622+0300] {logging_mixin.py:188} INFO - [2026-06-21T21:43:09.621+0300] {dag.py:3096} INFO - Sync 1 DAGs
[2026-06-21T21:43:09.639+0300] {logging_mixin.py:188} INFO - [2026-06-21T21:43:09.639+0300] {dag.py:3954} INFO - Setting next_dagrun for example_task_group_decorator to 2026-06-20 00:00:00+00:00, run_after=2026-06-21 00:00:00+00:00
[2026-06-21T21:43:09.665+0300] {processor.py:183} INFO - Processing /media/data/omar/programming course/DEPI/DEPI project/anomx/venv/lib/python3.12/site-packages/airflow/example_dags/example_task_group_decorator.py took 0.096 seconds
[2026-06-21T21:44:08.855+0300] {processor.py:161} INFO - Started process (PID=15750) to work on /media/data/omar/programming course/DEPI/DEPI project/anomx/venv/lib/python3.12/site-packages/airflow/example_dags/example_task_group_decorator.py
[2026-06-21T21:44:08.856+0300] {processor.py:830} INFO - Processing file /media/data/omar/programming course/DEPI/DEPI project/anomx/venv/lib/python3.12/site-packages/airflow/example_dags/example_task_group_decorator.py for tasks to queue
[2026-06-21T21:44:08.859+0300] {logging_mixin.py:188} INFO - [2026-06-21T21:44:08.859+0300] {dagbag.py:540} INFO - Filling up the DagBag from /media/data/omar/programming course/DEPI/DEPI project/anomx/venv/lib/python3.12/site-packages/airflow/example_dags/example_task_group_decorator.py
[2026-06-21T21:44:08.884+0300] {processor.py:840} INFO - DAG(s) 'example_task_group_decorator' retrieved from /media/data/omar/programming course/DEPI/DEPI project/anomx/venv/lib/python3.12/site-packages/airflow/example_dags/example_task_group_decorator.py
[2026-06-21T21:44:08.916+0300] {logging_mixin.py:188} INFO - [2026-06-21T21:44:08.916+0300] {dag.py:3096} INFO - Sync 1 DAGs
[2026-06-21T21:44:08.948+0300] {logging_mixin.py:188} INFO - [2026-06-21T21:44:08.947+0300] {dag.py:3954} INFO - Setting next_dagrun for example_task_group_decorator to 2026-06-20 00:00:00+00:00, run_after=2026-06-21 00:00:00+00:00
[2026-06-21T21:44:08.991+0300] {processor.py:183} INFO - Processing /media/data/omar/programming course/DEPI/DEPI project/anomx/venv/lib/python3.12/site-packages/airflow/example_dags/example_task_group_decorator.py took 0.143 seconds
[2026-06-21T21:46:46.981+0300] {processor.py:161} INFO - Started process (PID=16063) to work on /media/data/omar/programming course/DEPI/DEPI project/anomx/venv/lib/python3.12/site-packages/airflow/example_dags/example_task_group_decorator.py
[2026-06-21T21:46:46.982+0300] {processor.py:830} INFO - Processing file /media/data/omar/programming course/DEPI/DEPI project/anomx/venv/lib/python3.12/site-packages/airflow/example_dags/example_task_group_decorator.py for tasks to queue
[2026-06-21T21:46:46.985+0300] {logging_mixin.py:188} INFO - [2026-06-21T21:46:46.984+0300] {dagbag.py:540} INFO - Filling up the DagBag from /media/data/omar/programming course/DEPI/DEPI project/anomx/venv/lib/python3.12/site-packages/airflow/example_dags/example_task_group_decorator.py
[2026-06-21T21:46:47.000+0300] {processor.py:840} INFO - DAG(s) 'example_task_group_decorator' retrieved from /media/data/omar/programming course/DEPI/DEPI project/anomx/venv/lib/python3.12/site-packages/airflow/example_dags/example_task_group_decorator.py
[2026-06-21T21:46:47.022+0300] {logging_mixin.py:188} INFO - [2026-06-21T21:46:47.021+0300] {dag.py:3096} INFO - Sync 1 DAGs
[2026-06-21T21:46:47.042+0300] {logging_mixin.py:188} INFO - [2026-06-21T21:46:47.042+0300] {dag.py:3954} INFO - Setting next_dagrun for example_task_group_decorator to 2026-06-20 00:00:00+00:00, run_after=2026-06-21 00:00:00+00:00
[2026-06-21T21:46:47.072+0300] {processor.py:183} INFO - Processing /media/data/omar/programming course/DEPI/DEPI project/anomx/venv/lib/python3.12/site-packages/airflow/example_dags/example_task_group_decorator.py took 0.098 seconds
[2026-06-21T21:47:41.810+0300] {processor.py:161} INFO - Started process (PID=16159) to work on /media/data/omar/programming course/DEPI/DEPI project/anomx/venv/lib/python3.12/site-packages/airflow/example_dags/example_task_group_decorator.py
[2026-06-21T21:47:41.812+0300] {processor.py:830} INFO - Processing file /media/data/omar/programming course/DEPI/DEPI project/anomx/venv/lib/python3.12/site-packages/airflow/example_dags/example_task_group_decorator.py for tasks to queue
[2026-06-21T21:47:41.816+0300] {logging_mixin.py:188} INFO - [2026-06-21T21:47:41.815+0300] {dagbag.py:540} INFO - Filling up the DagBag from /media/data/omar/programming course/DEPI/DEPI project/anomx/venv/lib/python3.12/site-packages/airflow/example_dags/example_task_group_decorator.py
[2026-06-21T21:47:41.834+0300] {processor.py:840} INFO - DAG(s) 'example_task_group_decorator' retrieved from /media/data/omar/programming course/DEPI/DEPI project/anomx/venv/lib/python3.12/site-packages/airflow/example_dags/example_task_group_decorator.py
[2026-06-21T21:47:41.855+0300] {logging_mixin.py:188} INFO - [2026-06-21T21:47:41.855+0300] {dag.py:3096} INFO - Sync 1 DAGs
[2026-06-21T21:47:41.874+0300] {logging_mixin.py:188} INFO - [2026-06-21T21:47:41.874+0300] {dag.py:3954} INFO - Setting next_dagrun for example_task_group_decorator to 2026-06-20 00:00:00+00:00, run_after=2026-06-21 00:00:00+00:00
[2026-06-21T21:47:41.907+0300] {processor.py:183} INFO - Processing /media/data/omar/programming course/DEPI/DEPI project/anomx/venv/lib/python3.12/site-packages/airflow/example_dags/example_task_group_decorator.py took 0.117 seconds
[2026-06-21T21:48:41.451+0300] {processor.py:161} INFO - Started process (PID=16250) to work on /media/data/omar/programming course/DEPI/DEPI project/anomx/venv/lib/python3.12/site-packages/airflow/example_dags/example_task_group_decorator.py
[2026-06-21T21:48:41.454+0300] {processor.py:830} INFO - Processing file /media/data/omar/programming course/DEPI/DEPI project/anomx/venv/lib/python3.12/site-packages/airflow/example_dags/example_task_group_decorator.py for tasks to queue
[2026-06-21T21:48:41.458+0300] {logging_mixin.py:188} INFO - [2026-06-21T21:48:41.457+0300] {dagbag.py:540} INFO - Filling up the DagBag from /media/data/omar/programming course/DEPI/DEPI project/anomx/venv/lib/python3.12/site-packages/airflow/example_dags/example_task_group_decorator.py
[2026-06-21T21:48:41.486+0300] {processor.py:840} INFO - DAG(s) 'example_task_group_decorator' retrieved from /media/data/omar/programming course/DEPI/DEPI project/anomx/venv/lib/python3.12/site-packages/airflow/example_dags/example_task_group_decorator.py
[2026-06-21T21:48:41.507+0300] {logging_mixin.py:188} INFO - [2026-06-21T21:48:41.507+0300] {dag.py:3096} INFO - Sync 1 DAGs
[2026-06-21T21:48:41.526+0300] {logging_mixin.py:188} INFO - [2026-06-21T21:48:41.525+0300] {dag.py:3954} INFO - Setting next_dagrun for example_task_group_decorator to 2026-06-20 00:00:00+00:00, run_after=2026-06-21 00:00:00+00:00
[2026-06-21T21:48:41.557+0300] {processor.py:183} INFO - Processing /media/data/omar/programming course/DEPI/DEPI project/anomx/venv/lib/python3.12/site-packages/airflow/example_dags/example_task_group_decorator.py took 0.123 seconds
[2026-06-21T21:49:43.426+0300] {processor.py:161} INFO - Started process (PID=16345) to work on /media/data/omar/programming course/DEPI/DEPI project/anomx/venv/lib/python3.12/site-packages/airflow/example_dags/example_task_group_decorator.py
[2026-06-21T21:49:43.428+0300] {processor.py:830} INFO - Processing file /media/data/omar/programming course/DEPI/DEPI project/anomx/venv/lib/python3.12/site-packages/airflow/example_dags/example_task_group_decorator.py for tasks to queue
[2026-06-21T21:49:43.433+0300] {logging_mixin.py:188} INFO - [2026-06-21T21:49:43.432+0300] {dagbag.py:540} INFO - Filling up the DagBag from /media/data/omar/programming course/DEPI/DEPI project/anomx/venv/lib/python3.12/site-packages/airflow/example_dags/example_task_group_decorator.py
[2026-06-21T21:49:43.457+0300] {processor.py:840} INFO - DAG(s) 'example_task_group_decorator' retrieved from /media/data/omar/programming course/DEPI/DEPI project/anomx/venv/lib/python3.12/site-packages/airflow/example_dags/example_task_group_decorator.py
[2026-06-21T21:49:43.477+0300] {logging_mixin.py:188} INFO - [2026-06-21T21:49:43.477+0300] {dag.py:3096} INFO - Sync 1 DAGs
[2026-06-21T21:49:43.496+0300] {logging_mixin.py:188} INFO - [2026-06-21T21:49:43.495+0300] {dag.py:3954} INFO - Setting next_dagrun for example_task_group_decorator to 2026-06-20 00:00:00+00:00, run_after=2026-06-21 00:00:00+00:00
[2026-06-21T21:49:43.526+0300] {processor.py:183} INFO - Processing /media/data/omar/programming course/DEPI/DEPI project/anomx/venv/lib/python3.12/site-packages/airflow/example_dags/example_task_group_decorator.py took 0.116 seconds
[2026-06-21T21:52:09.370+0300] {processor.py:161} INFO - Started process (PID=16627) to work on /media/data/omar/programming course/DEPI/DEPI project/anomx/venv/lib/python3.12/site-packages/airflow/example_dags/example_task_group_decorator.py
[2026-06-21T21:52:09.372+0300] {processor.py:830} INFO - Processing file /media/data/omar/programming course/DEPI/DEPI project/anomx/venv/lib/python3.12/site-packages/airflow/example_dags/example_task_group_decorator.py for tasks to queue
[2026-06-21T21:52:09.374+0300] {logging_mixin.py:188} INFO - [2026-06-21T21:52:09.373+0300] {dagbag.py:540} INFO - Filling up the DagBag from /media/data/omar/programming course/DEPI/DEPI project/anomx/venv/lib/python3.12/site-packages/airflow/example_dags/example_task_group_decorator.py
[2026-06-21T21:52:09.394+0300] {processor.py:840} INFO - DAG(s) 'example_task_group_decorator' retrieved from /media/data/omar/programming course/DEPI/DEPI project/anomx/venv/lib/python3.12/site-packages/airflow/example_dags/example_task_group_decorator.py
[2026-06-21T21:52:09.414+0300] {logging_mixin.py:188} INFO - [2026-06-21T21:52:09.413+0300] {dag.py:3096} INFO - Sync 1 DAGs
[2026-06-21T21:52:09.430+0300] {logging_mixin.py:188} INFO - [2026-06-21T21:52:09.430+0300] {dag.py:3954} INFO - Setting next_dagrun for example_task_group_decorator to 2026-06-20 00:00:00+00:00, run_after=2026-06-21 00:00:00+00:00
[2026-06-21T21:52:09.458+0300] {processor.py:183} INFO - Processing /media/data/omar/programming course/DEPI/DEPI project/anomx/venv/lib/python3.12/site-packages/airflow/example_dags/example_task_group_decorator.py took 0.096 seconds
[2026-06-21T21:53:00.264+0300] {processor.py:161} INFO - Started process (PID=16713) to work on /media/data/omar/programming course/DEPI/DEPI project/anomx/venv/lib/python3.12/site-packages/airflow/example_dags/example_task_group_decorator.py
[2026-06-21T21:53:00.266+0300] {processor.py:830} INFO - Processing file /media/data/omar/programming course/DEPI/DEPI project/anomx/venv/lib/python3.12/site-packages/airflow/example_dags/example_task_group_decorator.py for tasks to queue
[2026-06-21T21:53:00.270+0300] {logging_mixin.py:188} INFO - [2026-06-21T21:53:00.269+0300] {dagbag.py:540} INFO - Filling up the DagBag from /media/data/omar/programming course/DEPI/DEPI project/anomx/venv/lib/python3.12/site-packages/airflow/example_dags/example_task_group_decorator.py
[2026-06-21T21:53:00.292+0300] {processor.py:840} INFO - DAG(s) 'example_task_group_decorator' retrieved from /media/data/omar/programming course/DEPI/DEPI project/anomx/venv/lib/python3.12/site-packages/airflow/example_dags/example_task_group_decorator.py
[2026-06-21T21:53:00.311+0300] {logging_mixin.py:188} INFO - [2026-06-21T21:53:00.311+0300] {dag.py:3096} INFO - Sync 1 DAGs
[2026-06-21T21:53:00.328+0300] {logging_mixin.py:188} INFO - [2026-06-21T21:53:00.328+0300] {dag.py:3954} INFO - Setting next_dagrun for example_task_group_decorator to 2026-06-20 00:00:00+00:00, run_after=2026-06-21 00:00:00+00:00
[2026-06-21T21:53:00.355+0300] {processor.py:183} INFO - Processing /media/data/omar/programming course/DEPI/DEPI project/anomx/venv/lib/python3.12/site-packages/airflow/example_dags/example_task_group_decorator.py took 0.104 seconds
[2026-06-21T21:53:56.379+0300] {processor.py:161} INFO - Started process (PID=16793) to work on /media/data/omar/programming course/DEPI/DEPI project/anomx/venv/lib/python3.12/site-packages/airflow/example_dags/example_task_group_decorator.py
[2026-06-21T21:53:56.381+0300] {processor.py:830} INFO - Processing file /media/data/omar/programming course/DEPI/DEPI project/anomx/venv/lib/python3.12/site-packages/airflow/example_dags/example_task_group_decorator.py for tasks to queue
[2026-06-21T21:53:56.384+0300] {logging_mixin.py:188} INFO - [2026-06-21T21:53:56.383+0300] {dagbag.py:540} INFO - Filling up the DagBag from /media/data/omar/programming course/DEPI/DEPI project/anomx/venv/lib/python3.12/site-packages/airflow/example_dags/example_task_group_decorator.py
[2026-06-21T21:53:56.401+0300] {processor.py:840} INFO - DAG(s) 'example_task_group_decorator' retrieved from /media/data/omar/programming course/DEPI/DEPI project/anomx/venv/lib/python3.12/site-packages/airflow/example_dags/example_task_group_decorator.py
[2026-06-21T21:53:56.419+0300] {logging_mixin.py:188} INFO - [2026-06-21T21:53:56.419+0300] {dag.py:3096} INFO - Sync 1 DAGs
[2026-06-21T21:53:56.435+0300] {logging_mixin.py:188} INFO - [2026-06-21T21:53:56.435+0300] {dag.py:3954} INFO - Setting next_dagrun for example_task_group_decorator to 2026-06-20 00:00:00+00:00, run_after=2026-06-21 00:00:00+00:00
[2026-06-21T21:53:56.463+0300] {processor.py:183} INFO - Processing /media/data/omar/programming course/DEPI/DEPI project/anomx/venv/lib/python3.12/site-packages/airflow/example_dags/example_task_group_decorator.py took 0.101 seconds
[2026-06-21T21:54:53.955+0300] {processor.py:161} INFO - Started process (PID=16894) to work on /media/data/omar/programming course/DEPI/DEPI project/anomx/venv/lib/python3.12/site-packages/airflow/example_dags/example_task_group_decorator.py
[2026-06-21T21:54:53.957+0300] {processor.py:830} INFO - Processing file /media/data/omar/programming course/DEPI/DEPI project/anomx/venv/lib/python3.12/site-packages/airflow/example_dags/example_task_group_decorator.py for tasks to queue
[2026-06-21T21:54:53.960+0300] {logging_mixin.py:188} INFO - [2026-06-21T21:54:53.959+0300] {dagbag.py:540} INFO - Filling up the DagBag from /media/data/omar/programming course/DEPI/DEPI project/anomx/venv/lib/python3.12/site-packages/airflow/example_dags/example_task_group_decorator.py
[2026-06-21T21:54:53.980+0300] {processor.py:840} INFO - DAG(s) 'example_task_group_decorator' retrieved from /media/data/omar/programming course/DEPI/DEPI project/anomx/venv/lib/python3.12/site-packages/airflow/example_dags/example_task_group_decorator.py
[2026-06-21T21:54:53.999+0300] {logging_mixin.py:188} INFO - [2026-06-21T21:54:53.999+0300] {dag.py:3096} INFO - Sync 1 DAGs
[2026-06-21T21:54:54.016+0300] {logging_mixin.py:188} INFO - [2026-06-21T21:54:54.015+0300] {dag.py:3954} INFO - Setting next_dagrun for example_task_group_decorator to 2026-06-20 00:00:00+00:00, run_after=2026-06-21 00:00:00+00:00
[2026-06-21T21:54:54.043+0300] {processor.py:183} INFO - Processing /media/data/omar/programming course/DEPI/DEPI project/anomx/venv/lib/python3.12/site-packages/airflow/example_dags/example_task_group_decorator.py took 0.098 seconds
[2026-06-21T21:55:48.807+0300] {processor.py:161} INFO - Started process (PID=16990) to work on /media/data/omar/programming course/DEPI/DEPI project/anomx/venv/lib/python3.12/site-packages/airflow/example_dags/example_task_group_decorator.py
[2026-06-21T21:55:48.809+0300] {processor.py:830} INFO - Processing file /media/data/omar/programming course/DEPI/DEPI project/anomx/venv/lib/python3.12/site-packages/airflow/example_dags/example_task_group_decorator.py for tasks to queue
[2026-06-21T21:55:48.813+0300] {logging_mixin.py:188} INFO - [2026-06-21T21:55:48.812+0300] {dagbag.py:540} INFO - Filling up the DagBag from /media/data/omar/programming course/DEPI/DEPI project/anomx/venv/lib/python3.12/site-packages/airflow/example_dags/example_task_group_decorator.py
[2026-06-21T21:55:48.831+0300] {processor.py:840} INFO - DAG(s) 'example_task_group_decorator' retrieved from /media/data/omar/programming course/DEPI/DEPI project/anomx/venv/lib/python3.12/site-packages/airflow/example_dags/example_task_group_decorator.py
[2026-06-21T21:55:48.850+0300] {logging_mixin.py:188} INFO - [2026-06-21T21:55:48.850+0300] {dag.py:3096} INFO - Sync 1 DAGs
[2026-06-21T21:55:48.867+0300] {logging_mixin.py:188} INFO - [2026-06-21T21:55:48.866+0300] {dag.py:3954} INFO - Setting next_dagrun for example_task_group_decorator to 2026-06-20 00:00:00+00:00, run_after=2026-06-21 00:00:00+00:00
[2026-06-21T21:55:48.897+0300] {processor.py:183} INFO - Processing /media/data/omar/programming course/DEPI/DEPI project/anomx/venv/lib/python3.12/site-packages/airflow/example_dags/example_task_group_decorator.py took 0.111 seconds
[2026-06-21T21:56:41.347+0300] {processor.py:161} INFO - Started process (PID=17079) to work on /media/data/omar/programming course/DEPI/DEPI project/anomx/venv/lib/python3.12/site-packages/airflow/example_dags/example_task_group_decorator.py
[2026-06-21T21:56:41.348+0300] {processor.py:830} INFO - Processing file /media/data/omar/programming course/DEPI/DEPI project/anomx/venv/lib/python3.12/site-packages/airflow/example_dags/example_task_group_decorator.py for tasks to queue
[2026-06-21T21:56:41.350+0300] {logging_mixin.py:188} INFO - [2026-06-21T21:56:41.349+0300] {dagbag.py:540} INFO - Filling up the DagBag from /media/data/omar/programming course/DEPI/DEPI project/anomx/venv/lib/python3.12/site-packages/airflow/example_dags/example_task_group_decorator.py
[2026-06-21T21:56:41.364+0300] {processor.py:840} INFO - DAG(s) 'example_task_group_decorator' retrieved from /media/data/omar/programming course/DEPI/DEPI project/anomx/venv/lib/python3.12/site-packages/airflow/example_dags/example_task_group_decorator.py
[2026-06-21T21:56:41.382+0300] {logging_mixin.py:188} INFO - [2026-06-21T21:56:41.382+0300] {dag.py:3096} INFO - Sync 1 DAGs
[2026-06-21T21:56:41.399+0300] {logging_mixin.py:188} INFO - [2026-06-21T21:56:41.399+0300] {dag.py:3954} INFO - Setting next_dagrun for example_task_group_decorator to 2026-06-20 00:00:00+00:00, run_after=2026-06-21 00:00:00+00:00
[2026-06-21T21:56:41.440+0300] {processor.py:183} INFO - Processing /media/data/omar/programming course/DEPI/DEPI project/anomx/venv/lib/python3.12/site-packages/airflow/example_dags/example_task_group_decorator.py took 0.101 seconds
[2026-06-21T21:57:33.889+0300] {processor.py:161} INFO - Started process (PID=17166) to work on /media/data/omar/programming course/DEPI/DEPI project/anomx/venv/lib/python3.12/site-packages/airflow/example_dags/example_task_group_decorator.py
[2026-06-21T21:57:33.890+0300] {processor.py:830} INFO - Processing file /media/data/omar/programming course/DEPI/DEPI project/anomx/venv/lib/python3.12/site-packages/airflow/example_dags/example_task_group_decorator.py for tasks to queue
[2026-06-21T21:57:33.893+0300] {logging_mixin.py:188} INFO - [2026-06-21T21:57:33.892+0300] {dagbag.py:540} INFO - Filling up the DagBag from /media/data/omar/programming course/DEPI/DEPI project/anomx/venv/lib/python3.12/site-packages/airflow/example_dags/example_task_group_decorator.py
[2026-06-21T21:57:33.914+0300] {processor.py:840} INFO - DAG(s) 'example_task_group_decorator' retrieved from /media/data/omar/programming course/DEPI/DEPI project/anomx/venv/lib/python3.12/site-packages/airflow/example_dags/example_task_group_decorator.py
[2026-06-21T21:57:33.933+0300] {logging_mixin.py:188} INFO - [2026-06-21T21:57:33.933+0300] {dag.py:3096} INFO - Sync 1 DAGs
[2026-06-21T21:57:33.950+0300] {logging_mixin.py:188} INFO - [2026-06-21T21:57:33.950+0300] {dag.py:3954} INFO - Setting next_dagrun for example_task_group_decorator to 2026-06-20 00:00:00+00:00, run_after=2026-06-21 00:00:00+00:00
[2026-06-21T21:57:33.979+0300] {processor.py:183} INFO - Processing /media/data/omar/programming course/DEPI/DEPI project/anomx/venv/lib/python3.12/site-packages/airflow/example_dags/example_task_group_decorator.py took 0.100 seconds
[2026-06-21T21:58:29.321+0300] {processor.py:161} INFO - Started process (PID=17256) to work on /media/data/omar/programming course/DEPI/DEPI project/anomx/venv/lib/python3.12/site-packages/airflow/example_dags/example_task_group_decorator.py
[2026-06-21T21:58:29.322+0300] {processor.py:830} INFO - Processing file /media/data/omar/programming course/DEPI/DEPI project/anomx/venv/lib/python3.12/site-packages/airflow/example_dags/example_task_group_decorator.py for tasks to queue
[2026-06-21T21:58:29.323+0300] {logging_mixin.py:188} INFO - [2026-06-21T21:58:29.323+0300] {dagbag.py:540} INFO - Filling up the DagBag from /media/data/omar/programming course/DEPI/DEPI project/anomx/venv/lib/python3.12/site-packages/airflow/example_dags/example_task_group_decorator.py
[2026-06-21T21:58:29.337+0300] {processor.py:840} INFO - DAG(s) 'example_task_group_decorator' retrieved from /media/data/omar/programming course/DEPI/DEPI project/anomx/venv/lib/python3.12/site-packages/airflow/example_dags/example_task_group_decorator.py
[2026-06-21T21:58:29.356+0300] {logging_mixin.py:188} INFO - [2026-06-21T21:58:29.356+0300] {dag.py:3096} INFO - Sync 1 DAGs
[2026-06-21T21:58:29.373+0300] {logging_mixin.py:188} INFO - [2026-06-21T21:58:29.372+0300] {dag.py:3954} INFO - Setting next_dagrun for example_task_group_decorator to 2026-06-20 00:00:00+00:00, run_after=2026-06-21 00:00:00+00:00
[2026-06-21T21:58:29.401+0300] {processor.py:183} INFO - Processing /media/data/omar/programming course/DEPI/DEPI project/anomx/venv/lib/python3.12/site-packages/airflow/example_dags/example_task_group_decorator.py took 0.087 seconds
[2026-06-21T21:59:24.055+0300] {processor.py:161} INFO - Started process (PID=17346) to work on /media/data/omar/programming course/DEPI/DEPI project/anomx/venv/lib/python3.12/site-packages/airflow/example_dags/example_task_group_decorator.py
[2026-06-21T21:59:24.058+0300] {processor.py:830} INFO - Processing file /media/data/omar/programming course/DEPI/DEPI project/anomx/venv/lib/python3.12/site-packages/airflow/example_dags/example_task_group_decorator.py for tasks to queue
[2026-06-21T21:59:24.063+0300] {logging_mixin.py:188} INFO - [2026-06-21T21:59:24.061+0300] {dagbag.py:540} INFO - Filling up the DagBag from /media/data/omar/programming course/DEPI/DEPI project/anomx/venv/lib/python3.12/site-packages/airflow/example_dags/example_task_group_decorator.py
[2026-06-21T21:59:24.082+0300] {processor.py:840} INFO - DAG(s) 'example_task_group_decorator' retrieved from /media/data/omar/programming course/DEPI/DEPI project/anomx/venv/lib/python3.12/site-packages/airflow/example_dags/example_task_group_decorator.py
[2026-06-21T21:59:24.101+0300] {logging_mixin.py:188} INFO - [2026-06-21T21:59:24.100+0300] {dag.py:3096} INFO - Sync 1 DAGs
[2026-06-21T21:59:24.118+0300] {logging_mixin.py:188} INFO - [2026-06-21T21:59:24.118+0300] {dag.py:3954} INFO - Setting next_dagrun for example_task_group_decorator to 2026-06-20 00:00:00+00:00, run_after=2026-06-21 00:00:00+00:00
[2026-06-21T21:59:24.144+0300] {processor.py:183} INFO - Processing /media/data/omar/programming course/DEPI/DEPI project/anomx/venv/lib/python3.12/site-packages/airflow/example_dags/example_task_group_decorator.py took 0.108 seconds
[2026-06-21T22:00:20.973+0300] {processor.py:161} INFO - Started process (PID=17441) to work on /media/data/omar/programming course/DEPI/DEPI project/anomx/venv/lib/python3.12/site-packages/airflow/example_dags/example_task_group_decorator.py
[2026-06-21T22:00:20.975+0300] {processor.py:830} INFO - Processing file /media/data/omar/programming course/DEPI/DEPI project/anomx/venv/lib/python3.12/site-packages/airflow/example_dags/example_task_group_decorator.py for tasks to queue
[2026-06-21T22:00:20.979+0300] {logging_mixin.py:188} INFO - [2026-06-21T22:00:20.977+0300] {dagbag.py:540} INFO - Filling up the DagBag from /media/data/omar/programming course/DEPI/DEPI project/anomx/venv/lib/python3.12/site-packages/airflow/example_dags/example_task_group_decorator.py
[2026-06-21T22:00:21.002+0300] {processor.py:840} INFO - DAG(s) 'example_task_group_decorator' retrieved from /media/data/omar/programming course/DEPI/DEPI project/anomx/venv/lib/python3.12/site-packages/airflow/example_dags/example_task_group_decorator.py
[2026-06-21T22:00:21.020+0300] {logging_mixin.py:188} INFO - [2026-06-21T22:00:21.020+0300] {dag.py:3096} INFO - Sync 1 DAGs
[2026-06-21T22:00:21.037+0300] {logging_mixin.py:188} INFO - [2026-06-21T22:00:21.036+0300] {dag.py:3954} INFO - Setting next_dagrun for example_task_group_decorator to 2026-06-20 00:00:00+00:00, run_after=2026-06-21 00:00:00+00:00
[2026-06-21T22:00:21.073+0300] {processor.py:183} INFO - Processing /media/data/omar/programming course/DEPI/DEPI project/anomx/venv/lib/python3.12/site-packages/airflow/example_dags/example_task_group_decorator.py took 0.114 seconds
[2026-06-21T22:01:18.240+0300] {processor.py:161} INFO - Started process (PID=17534) to work on /media/data/omar/programming course/DEPI/DEPI project/anomx/venv/lib/python3.12/site-packages/airflow/example_dags/example_task_group_decorator.py
[2026-06-21T22:01:18.241+0300] {processor.py:830} INFO - Processing file /media/data/omar/programming course/DEPI/DEPI project/anomx/venv/lib/python3.12/site-packages/airflow/example_dags/example_task_group_decorator.py for tasks to queue
[2026-06-21T22:01:18.245+0300] {logging_mixin.py:188} INFO - [2026-06-21T22:01:18.244+0300] {dagbag.py:540} INFO - Filling up the DagBag from /media/data/omar/programming course/DEPI/DEPI project/anomx/venv/lib/python3.12/site-packages/airflow/example_dags/example_task_group_decorator.py
[2026-06-21T22:01:18.264+0300] {processor.py:840} INFO - DAG(s) 'example_task_group_decorator' retrieved from /media/data/omar/programming course/DEPI/DEPI project/anomx/venv/lib/python3.12/site-packages/airflow/example_dags/example_task_group_decorator.py
[2026-06-21T22:01:18.284+0300] {logging_mixin.py:188} INFO - [2026-06-21T22:01:18.283+0300] {dag.py:3096} INFO - Sync 1 DAGs
[2026-06-21T22:01:18.301+0300] {logging_mixin.py:188} INFO - [2026-06-21T22:01:18.300+0300] {dag.py:3954} INFO - Setting next_dagrun for example_task_group_decorator to 2026-06-20 00:00:00+00:00, run_after=2026-06-21 00:00:00+00:00
[2026-06-21T22:01:18.327+0300] {processor.py:183} INFO - Processing /media/data/omar/programming course/DEPI/DEPI project/anomx/venv/lib/python3.12/site-packages/airflow/example_dags/example_task_group_decorator.py took 0.098 seconds
[2026-06-21T22:02:15.912+0300] {processor.py:161} INFO - Started process (PID=17625) to work on /media/data/omar/programming course/DEPI/DEPI project/anomx/venv/lib/python3.12/site-packages/airflow/example_dags/example_task_group_decorator.py
[2026-06-21T22:02:15.913+0300] {processor.py:830} INFO - Processing file /media/data/omar/programming course/DEPI/DEPI project/anomx/venv/lib/python3.12/site-packages/airflow/example_dags/example_task_group_decorator.py for tasks to queue
[2026-06-21T22:02:15.915+0300] {logging_mixin.py:188} INFO - [2026-06-21T22:02:15.915+0300] {dagbag.py:540} INFO - Filling up the DagBag from /media/data/omar/programming course/DEPI/DEPI project/anomx/venv/lib/python3.12/site-packages/airflow/example_dags/example_task_group_decorator.py
[2026-06-21T22:02:15.931+0300] {processor.py:840} INFO - DAG(s) 'example_task_group_decorator' retrieved from /media/data/omar/programming course/DEPI/DEPI project/anomx/venv/lib/python3.12/site-packages/airflow/example_dags/example_task_group_decorator.py
[2026-06-21T22:02:15.950+0300] {logging_mixin.py:188} INFO - [2026-06-21T22:02:15.949+0300] {dag.py:3096} INFO - Sync 1 DAGs
[2026-06-21T22:02:15.966+0300] {logging_mixin.py:188} INFO - [2026-06-21T22:02:15.966+0300] {dag.py:3954} INFO - Setting next_dagrun for example_task_group_decorator to 2026-06-20 00:00:00+00:00, run_after=2026-06-21 00:00:00+00:00
[2026-06-21T22:02:16.008+0300] {processor.py:183} INFO - Processing /media/data/omar/programming course/DEPI/DEPI project/anomx/venv/lib/python3.12/site-packages/airflow/example_dags/example_task_group_decorator.py took 0.105 seconds
[2026-06-21T22:03:14.281+0300] {processor.py:161} INFO - Started process (PID=17764) to work on /media/data/omar/programming course/DEPI/DEPI project/anomx/venv/lib/python3.12/site-packages/airflow/example_dags/example_task_group_decorator.py
[2026-06-21T22:03:14.284+0300] {processor.py:830} INFO - Processing file /media/data/omar/programming course/DEPI/DEPI project/anomx/venv/lib/python3.12/site-packages/airflow/example_dags/example_task_group_decorator.py for tasks to queue
[2026-06-21T22:03:14.287+0300] {logging_mixin.py:188} INFO - [2026-06-21T22:03:14.286+0300] {dagbag.py:540} INFO - Filling up the DagBag from /media/data/omar/programming course/DEPI/DEPI project/anomx/venv/lib/python3.12/site-packages/airflow/example_dags/example_task_group_decorator.py
[2026-06-21T22:03:14.306+0300] {processor.py:840} INFO - DAG(s) 'example_task_group_decorator' retrieved from /media/data/omar/programming course/DEPI/DEPI project/anomx/venv/lib/python3.12/site-packages/airflow/example_dags/example_task_group_decorator.py
[2026-06-21T22:03:14.324+0300] {logging_mixin.py:188} INFO - [2026-06-21T22:03:14.324+0300] {dag.py:3096} INFO - Sync 1 DAGs
[2026-06-21T22:03:14.341+0300] {logging_mixin.py:188} INFO - [2026-06-21T22:03:14.340+0300] {dag.py:3954} INFO - Setting next_dagrun for example_task_group_decorator to 2026-06-20 00:00:00+00:00, run_after=2026-06-21 00:00:00+00:00
[2026-06-21T22:03:14.368+0300] {processor.py:183} INFO - Processing /media/data/omar/programming course/DEPI/DEPI project/anomx/venv/lib/python3.12/site-packages/airflow/example_dags/example_task_group_decorator.py took 0.104 seconds
[2026-06-21T22:04:10.308+0300] {processor.py:161} INFO - Started process (PID=17864) to work on /media/data/omar/programming course/DEPI/DEPI project/anomx/venv/lib/python3.12/site-packages/airflow/example_dags/example_task_group_decorator.py
[2026-06-21T22:04:10.309+0300] {processor.py:830} INFO - Processing file /media/data/omar/programming course/DEPI/DEPI project/anomx/venv/lib/python3.12/site-packages/airflow/example_dags/example_task_group_decorator.py for tasks to queue
[2026-06-21T22:04:10.312+0300] {logging_mixin.py:188} INFO - [2026-06-21T22:04:10.311+0300] {dagbag.py:540} INFO - Filling up the DagBag from /media/data/omar/programming course/DEPI/DEPI project/anomx/venv/lib/python3.12/site-packages/airflow/example_dags/example_task_group_decorator.py
[2026-06-21T22:04:10.329+0300] {processor.py:840} INFO - DAG(s) 'example_task_group_decorator' retrieved from /media/data/omar/programming course/DEPI/DEPI project/anomx/venv/lib/python3.12/site-packages/airflow/example_dags/example_task_group_decorator.py
[2026-06-21T22:04:10.348+0300] {logging_mixin.py:188} INFO - [2026-06-21T22:04:10.348+0300] {dag.py:3096} INFO - Sync 1 DAGs
[2026-06-21T22:04:10.365+0300] {logging_mixin.py:188} INFO - [2026-06-21T22:04:10.365+0300] {dag.py:3954} INFO - Setting next_dagrun for example_task_group_decorator to 2026-06-20 00:00:00+00:00, run_after=2026-06-21 00:00:00+00:00
[2026-06-21T22:04:10.395+0300] {processor.py:183} INFO - Processing /media/data/omar/programming course/DEPI/DEPI project/anomx/venv/lib/python3.12/site-packages/airflow/example_dags/example_task_group_decorator.py took 0.101 seconds
[2026-06-21T22:05:03.396+0300] {processor.py:161} INFO - Started process (PID=17954) to work on /media/data/omar/programming course/DEPI/DEPI project/anomx/venv/lib/python3.12/site-packages/airflow/example_dags/example_task_group_decorator.py
[2026-06-21T22:05:03.398+0300] {processor.py:830} INFO - Processing file /media/data/omar/programming course/DEPI/DEPI project/anomx/venv/lib/python3.12/site-packages/airflow/example_dags/example_task_group_decorator.py for tasks to queue
[2026-06-21T22:05:03.401+0300] {logging_mixin.py:188} INFO - [2026-06-21T22:05:03.400+0300] {dagbag.py:540} INFO - Filling up the DagBag from /media/data/omar/programming course/DEPI/DEPI project/anomx/venv/lib/python3.12/site-packages/airflow/example_dags/example_task_group_decorator.py
[2026-06-21T22:05:03.419+0300] {processor.py:840} INFO - DAG(s) 'example_task_group_decorator' retrieved from /media/data/omar/programming course/DEPI/DEPI project/anomx/venv/lib/python3.12/site-packages/airflow/example_dags/example_task_group_decorator.py
[2026-06-21T22:05:03.437+0300] {logging_mixin.py:188} INFO - [2026-06-21T22:05:03.437+0300] {dag.py:3096} INFO - Sync 1 DAGs
[2026-06-21T22:05:03.454+0300] {logging_mixin.py:188} INFO - [2026-06-21T22:05:03.453+0300] {dag.py:3954} INFO - Setting next_dagrun for example_task_group_decorator to 2026-06-20 00:00:00+00:00, run_after=2026-06-21 00:00:00+00:00
[2026-06-21T22:05:03.480+0300] {processor.py:183} INFO - Processing /media/data/omar/programming course/DEPI/DEPI project/anomx/venv/lib/python3.12/site-packages/airflow/example_dags/example_task_group_decorator.py took 0.101 seconds
[2026-06-21T22:06:00.230+0300] {processor.py:161} INFO - Started process (PID=18046) to work on /media/data/omar/programming course/DEPI/DEPI project/anomx/venv/lib/python3.12/site-packages/airflow/example_dags/example_task_group_decorator.py
[2026-06-21T22:06:00.232+0300] {processor.py:830} INFO - Processing file /media/data/omar/programming course/DEPI/DEPI project/anomx/venv/lib/python3.12/site-packages/airflow/example_dags/example_task_group_decorator.py for tasks to queue
[2026-06-21T22:06:00.235+0300] {logging_mixin.py:188} INFO - [2026-06-21T22:06:00.234+0300] {dagbag.py:540} INFO - Filling up the DagBag from /media/data/omar/programming course/DEPI/DEPI project/anomx/venv/lib/python3.12/site-packages/airflow/example_dags/example_task_group_decorator.py
[2026-06-21T22:06:00.266+0300] {processor.py:840} INFO - DAG(s) 'example_task_group_decorator' retrieved from /media/data/omar/programming course/DEPI/DEPI project/anomx/venv/lib/python3.12/site-packages/airflow/example_dags/example_task_group_decorator.py
[2026-06-21T22:06:00.291+0300] {logging_mixin.py:188} INFO - [2026-06-21T22:06:00.291+0300] {dag.py:3096} INFO - Sync 1 DAGs
[2026-06-21T22:06:00.307+0300] {logging_mixin.py:188} INFO - [2026-06-21T22:06:00.307+0300] {dag.py:3954} INFO - Setting next_dagrun for example_task_group_decorator to 2026-06-20 00:00:00+00:00, run_after=2026-06-21 00:00:00+00:00
[2026-06-21T22:06:00.335+0300] {processor.py:183} INFO - Processing /media/data/omar/programming course/DEPI/DEPI project/anomx/venv/lib/python3.12/site-packages/airflow/example_dags/example_task_group_decorator.py took 0.117 seconds
[2026-06-21T22:06:57.242+0300] {processor.py:161} INFO - Started process (PID=18137) to work on /media/data/omar/programming course/DEPI/DEPI project/anomx/venv/lib/python3.12/site-packages/airflow/example_dags/example_task_group_decorator.py
[2026-06-21T22:06:57.244+0300] {processor.py:830} INFO - Processing file /media/data/omar/programming course/DEPI/DEPI project/anomx/venv/lib/python3.12/site-packages/airflow/example_dags/example_task_group_decorator.py for tasks to queue
[2026-06-21T22:06:57.248+0300] {logging_mixin.py:188} INFO - [2026-06-21T22:06:57.247+0300] {dagbag.py:540} INFO - Filling up the DagBag from /media/data/omar/programming course/DEPI/DEPI project/anomx/venv/lib/python3.12/site-packages/airflow/example_dags/example_task_group_decorator.py
[2026-06-21T22:06:57.268+0300] {processor.py:840} INFO - DAG(s) 'example_task_group_decorator' retrieved from /media/data/omar/programming course/DEPI/DEPI project/anomx/venv/lib/python3.12/site-packages/airflow/example_dags/example_task_group_decorator.py
[2026-06-21T22:06:57.286+0300] {logging_mixin.py:188} INFO - [2026-06-21T22:06:57.286+0300] {dag.py:3096} INFO - Sync 1 DAGs
[2026-06-21T22:06:57.303+0300] {logging_mixin.py:188} INFO - [2026-06-21T22:06:57.303+0300] {dag.py:3954} INFO - Setting next_dagrun for example_task_group_decorator to 2026-06-20 00:00:00+00:00, run_after=2026-06-21 00:00:00+00:00
[2026-06-21T22:06:57.331+0300] {processor.py:183} INFO - Processing /media/data/omar/programming course/DEPI/DEPI project/anomx/venv/lib/python3.12/site-packages/airflow/example_dags/example_task_group_decorator.py took 0.112 seconds
[2026-06-21T22:07:54.716+0300] {processor.py:161} INFO - Started process (PID=18218) to work on /media/data/omar/programming course/DEPI/DEPI project/anomx/venv/lib/python3.12/site-packages/airflow/example_dags/example_task_group_decorator.py
[2026-06-21T22:07:54.718+0300] {processor.py:830} INFO - Processing file /media/data/omar/programming course/DEPI/DEPI project/anomx/venv/lib/python3.12/site-packages/airflow/example_dags/example_task_group_decorator.py for tasks to queue
[2026-06-21T22:07:54.722+0300] {logging_mixin.py:188} INFO - [2026-06-21T22:07:54.720+0300] {dagbag.py:540} INFO - Filling up the DagBag from /media/data/omar/programming course/DEPI/DEPI project/anomx/venv/lib/python3.12/site-packages/airflow/example_dags/example_task_group_decorator.py
[2026-06-21T22:07:54.747+0300] {processor.py:840} INFO - DAG(s) 'example_task_group_decorator' retrieved from /media/data/omar/programming course/DEPI/DEPI project/anomx/venv/lib/python3.12/site-packages/airflow/example_dags/example_task_group_decorator.py
[2026-06-21T22:07:54.765+0300] {logging_mixin.py:188} INFO - [2026-06-21T22:07:54.765+0300] {dag.py:3096} INFO - Sync 1 DAGs
[2026-06-21T22:07:54.781+0300] {logging_mixin.py:188} INFO - [2026-06-21T22:07:54.781+0300] {dag.py:3954} INFO - Setting next_dagrun for example_task_group_decorator to 2026-06-20 00:00:00+00:00, run_after=2026-06-21 00:00:00+00:00
[2026-06-21T22:07:54.808+0300] {processor.py:183} INFO - Processing /media/data/omar/programming course/DEPI/DEPI project/anomx/venv/lib/python3.12/site-packages/airflow/example_dags/example_task_group_decorator.py took 0.106 seconds
[2026-06-21T22:08:53.154+0300] {processor.py:161} INFO - Started process (PID=18309) to work on /media/data/omar/programming course/DEPI/DEPI project/anomx/venv/lib/python3.12/site-packages/airflow/example_dags/example_task_group_decorator.py
[2026-06-21T22:08:53.155+0300] {processor.py:830} INFO - Processing file /media/data/omar/programming course/DEPI/DEPI project/anomx/venv/lib/python3.12/site-packages/airflow/example_dags/example_task_group_decorator.py for tasks to queue
[2026-06-21T22:08:53.158+0300] {logging_mixin.py:188} INFO - [2026-06-21T22:08:53.157+0300] {dagbag.py:540} INFO - Filling up the DagBag from /media/data/omar/programming course/DEPI/DEPI project/anomx/venv/lib/python3.12/site-packages/airflow/example_dags/example_task_group_decorator.py
[2026-06-21T22:08:53.175+0300] {processor.py:840} INFO - DAG(s) 'example_task_group_decorator' retrieved from /media/data/omar/programming course/DEPI/DEPI project/anomx/venv/lib/python3.12/site-packages/airflow/example_dags/example_task_group_decorator.py
[2026-06-21T22:08:53.280+0300] {logging_mixin.py:188} INFO - [2026-06-21T22:08:53.279+0300] {dag.py:3096} INFO - Sync 1 DAGs
[2026-06-21T22:08:53.294+0300] {logging_mixin.py:188} INFO - [2026-06-21T22:08:53.293+0300] {dag.py:3954} INFO - Setting next_dagrun for example_task_group_decorator to 2026-06-20 00:00:00+00:00, run_after=2026-06-21 00:00:00+00:00
[2026-06-21T22:08:53.321+0300] {processor.py:183} INFO - Processing /media/data/omar/programming course/DEPI/DEPI project/anomx/venv/lib/python3.12/site-packages/airflow/example_dags/example_task_group_decorator.py took 0.181 seconds
[2026-06-21T22:09:50.914+0300] {processor.py:161} INFO - Started process (PID=18549) to work on /media/data/omar/programming course/DEPI/DEPI project/anomx/venv/lib/python3.12/site-packages/airflow/example_dags/example_task_group_decorator.py
[2026-06-21T22:09:50.916+0300] {processor.py:830} INFO - Processing file /media/data/omar/programming course/DEPI/DEPI project/anomx/venv/lib/python3.12/site-packages/airflow/example_dags/example_task_group_decorator.py for tasks to queue
[2026-06-21T22:09:50.922+0300] {logging_mixin.py:188} INFO - [2026-06-21T22:09:50.920+0300] {dagbag.py:540} INFO - Filling up the DagBag from /media/data/omar/programming course/DEPI/DEPI project/anomx/venv/lib/python3.12/site-packages/airflow/example_dags/example_task_group_decorator.py
[2026-06-21T22:09:50.960+0300] {processor.py:840} INFO - DAG(s) 'example_task_group_decorator' retrieved from /media/data/omar/programming course/DEPI/DEPI project/anomx/venv/lib/python3.12/site-packages/airflow/example_dags/example_task_group_decorator.py
[2026-06-21T22:09:51.024+0300] {logging_mixin.py:188} INFO - [2026-06-21T22:09:51.020+0300] {dag.py:3096} INFO - Sync 1 DAGs
[2026-06-21T22:09:51.070+0300] {logging_mixin.py:188} INFO - [2026-06-21T22:09:51.069+0300] {dag.py:3954} INFO - Setting next_dagrun for example_task_group_decorator to 2026-06-20 00:00:00+00:00, run_after=2026-06-21 00:00:00+00:00
[2026-06-21T22:09:51.490+0300] {processor.py:183} INFO - Processing /media/data/omar/programming course/DEPI/DEPI project/anomx/venv/lib/python3.12/site-packages/airflow/example_dags/example_task_group_decorator.py took 0.591 seconds
[2026-06-21T22:10:59.156+0300] {processor.py:161} INFO - Started process (PID=18742) to work on /media/data/omar/programming course/DEPI/DEPI project/anomx/venv/lib/python3.12/site-packages/airflow/example_dags/example_task_group_decorator.py
[2026-06-21T22:10:59.157+0300] {processor.py:830} INFO - Processing file /media/data/omar/programming course/DEPI/DEPI project/anomx/venv/lib/python3.12/site-packages/airflow/example_dags/example_task_group_decorator.py for tasks to queue
[2026-06-21T22:10:59.159+0300] {logging_mixin.py:188} INFO - [2026-06-21T22:10:59.159+0300] {dagbag.py:540} INFO - Filling up the DagBag from /media/data/omar/programming course/DEPI/DEPI project/anomx/venv/lib/python3.12/site-packages/airflow/example_dags/example_task_group_decorator.py
[2026-06-21T22:10:59.174+0300] {processor.py:840} INFO - DAG(s) 'example_task_group_decorator' retrieved from /media/data/omar/programming course/DEPI/DEPI project/anomx/venv/lib/python3.12/site-packages/airflow/example_dags/example_task_group_decorator.py
[2026-06-21T22:10:59.202+0300] {logging_mixin.py:188} INFO - [2026-06-21T22:10:59.202+0300] {dag.py:3096} INFO - Sync 1 DAGs
[2026-06-21T22:10:59.225+0300] {logging_mixin.py:188} INFO - [2026-06-21T22:10:59.224+0300] {dag.py:3954} INFO - Setting next_dagrun for example_task_group_decorator to 2026-06-20 00:00:00+00:00, run_after=2026-06-21 00:00:00+00:00
[2026-06-21T22:10:59.260+0300] {processor.py:183} INFO - Processing /media/data/omar/programming course/DEPI/DEPI project/anomx/venv/lib/python3.12/site-packages/airflow/example_dags/example_task_group_decorator.py took 0.109 seconds
[2026-06-21T22:11:56.576+0300] {processor.py:161} INFO - Started process (PID=18878) to work on /media/data/omar/programming course/DEPI/DEPI project/anomx/venv/lib/python3.12/site-packages/airflow/example_dags/example_task_group_decorator.py
[2026-06-21T22:11:56.579+0300] {processor.py:830} INFO - Processing file /media/data/omar/programming course/DEPI/DEPI project/anomx/venv/lib/python3.12/site-packages/airflow/example_dags/example_task_group_decorator.py for tasks to queue
[2026-06-21T22:11:56.581+0300] {logging_mixin.py:188} INFO - [2026-06-21T22:11:56.581+0300] {dagbag.py:540} INFO - Filling up the DagBag from /media/data/omar/programming course/DEPI/DEPI project/anomx/venv/lib/python3.12/site-packages/airflow/example_dags/example_task_group_decorator.py
[2026-06-21T22:11:56.611+0300] {processor.py:840} INFO - DAG(s) 'example_task_group_decorator' retrieved from /media/data/omar/programming course/DEPI/DEPI project/anomx/venv/lib/python3.12/site-packages/airflow/example_dags/example_task_group_decorator.py
[2026-06-21T22:11:56.637+0300] {logging_mixin.py:188} INFO - [2026-06-21T22:11:56.637+0300] {dag.py:3096} INFO - Sync 1 DAGs
[2026-06-21T22:11:56.661+0300] {logging_mixin.py:188} INFO - [2026-06-21T22:11:56.661+0300] {dag.py:3954} INFO - Setting next_dagrun for example_task_group_decorator to 2026-06-20 00:00:00+00:00, run_after=2026-06-21 00:00:00+00:00
[2026-06-21T22:11:56.697+0300] {processor.py:183} INFO - Processing /media/data/omar/programming course/DEPI/DEPI project/anomx/venv/lib/python3.12/site-packages/airflow/example_dags/example_task_group_decorator.py took 0.140 seconds
[2026-06-21T22:12:49.319+0300] {processor.py:161} INFO - Started process (PID=18970) to work on /media/data/omar/programming course/DEPI/DEPI project/anomx/venv/lib/python3.12/site-packages/airflow/example_dags/example_task_group_decorator.py
[2026-06-21T22:12:49.321+0300] {processor.py:830} INFO - Processing file /media/data/omar/programming course/DEPI/DEPI project/anomx/venv/lib/python3.12/site-packages/airflow/example_dags/example_task_group_decorator.py for tasks to queue
[2026-06-21T22:12:49.327+0300] {logging_mixin.py:188} INFO - [2026-06-21T22:12:49.325+0300] {dagbag.py:540} INFO - Filling up the DagBag from /media/data/omar/programming course/DEPI/DEPI project/anomx/venv/lib/python3.12/site-packages/airflow/example_dags/example_task_group_decorator.py
[2026-06-21T22:12:49.380+0300] {processor.py:840} INFO - DAG(s) 'example_task_group_decorator' retrieved from /media/data/omar/programming course/DEPI/DEPI project/anomx/venv/lib/python3.12/site-packages/airflow/example_dags/example_task_group_decorator.py
[2026-06-21T22:12:49.461+0300] {logging_mixin.py:188} INFO - [2026-06-21T22:12:49.459+0300] {dag.py:3096} INFO - Sync 1 DAGs
[2026-06-21T22:12:49.584+0300] {logging_mixin.py:188} INFO - [2026-06-21T22:12:49.583+0300] {dag.py:3954} INFO - Setting next_dagrun for example_task_group_decorator to 2026-06-20 00:00:00+00:00, run_after=2026-06-21 00:00:00+00:00
[2026-06-21T22:12:49.719+0300] {processor.py:183} INFO - Processing /media/data/omar/programming course/DEPI/DEPI project/anomx/venv/lib/python3.12/site-packages/airflow/example_dags/example_task_group_decorator.py took 0.424 seconds
[2026-06-21T22:13:39.771+0300] {processor.py:161} INFO - Started process (PID=19103) to work on /media/data/omar/programming course/DEPI/DEPI project/anomx/venv/lib/python3.12/site-packages/airflow/example_dags/example_task_group_decorator.py
[2026-06-21T22:13:39.772+0300] {processor.py:830} INFO - Processing file /media/data/omar/programming course/DEPI/DEPI project/anomx/venv/lib/python3.12/site-packages/airflow/example_dags/example_task_group_decorator.py for tasks to queue
[2026-06-21T22:13:39.774+0300] {logging_mixin.py:188} INFO - [2026-06-21T22:13:39.774+0300] {dagbag.py:540} INFO - Filling up the DagBag from /media/data/omar/programming course/DEPI/DEPI project/anomx/venv/lib/python3.12/site-packages/airflow/example_dags/example_task_group_decorator.py
[2026-06-21T22:13:39.800+0300] {processor.py:840} INFO - DAG(s) 'example_task_group_decorator' retrieved from /media/data/omar/programming course/DEPI/DEPI project/anomx/venv/lib/python3.12/site-packages/airflow/example_dags/example_task_group_decorator.py
[2026-06-21T22:13:39.826+0300] {logging_mixin.py:188} INFO - [2026-06-21T22:13:39.826+0300] {dag.py:3096} INFO - Sync 1 DAGs
[2026-06-21T22:13:39.845+0300] {logging_mixin.py:188} INFO - [2026-06-21T22:13:39.845+0300] {dag.py:3954} INFO - Setting next_dagrun for example_task_group_decorator to 2026-06-20 00:00:00+00:00, run_after=2026-06-21 00:00:00+00:00
[2026-06-21T22:13:39.880+0300] {processor.py:183} INFO - Processing /media/data/omar/programming course/DEPI/DEPI project/anomx/venv/lib/python3.12/site-packages/airflow/example_dags/example_task_group_decorator.py took 0.115 seconds
[2026-06-21T22:14:38.884+0300] {processor.py:161} INFO - Started process (PID=19212) to work on /media/data/omar/programming course/DEPI/DEPI project/anomx/venv/lib/python3.12/site-packages/airflow/example_dags/example_task_group_decorator.py
[2026-06-21T22:14:38.886+0300] {processor.py:830} INFO - Processing file /media/data/omar/programming course/DEPI/DEPI project/anomx/venv/lib/python3.12/site-packages/airflow/example_dags/example_task_group_decorator.py for tasks to queue
[2026-06-21T22:14:38.889+0300] {logging_mixin.py:188} INFO - [2026-06-21T22:14:38.889+0300] {dagbag.py:540} INFO - Filling up the DagBag from /media/data/omar/programming course/DEPI/DEPI project/anomx/venv/lib/python3.12/site-packages/airflow/example_dags/example_task_group_decorator.py
[2026-06-21T22:14:38.908+0300] {processor.py:840} INFO - DAG(s) 'example_task_group_decorator' retrieved from /media/data/omar/programming course/DEPI/DEPI project/anomx/venv/lib/python3.12/site-packages/airflow/example_dags/example_task_group_decorator.py
[2026-06-21T22:14:38.929+0300] {logging_mixin.py:188} INFO - [2026-06-21T22:14:38.928+0300] {dag.py:3096} INFO - Sync 1 DAGs
[2026-06-21T22:14:38.947+0300] {logging_mixin.py:188} INFO - [2026-06-21T22:14:38.947+0300] {dag.py:3954} INFO - Setting next_dagrun for example_task_group_decorator to 2026-06-20 00:00:00+00:00, run_after=2026-06-21 00:00:00+00:00
[2026-06-21T22:14:38.977+0300] {processor.py:183} INFO - Processing /media/data/omar/programming course/DEPI/DEPI project/anomx/venv/lib/python3.12/site-packages/airflow/example_dags/example_task_group_decorator.py took 0.102 seconds
[2026-06-21T22:15:35.347+0300] {processor.py:161} INFO - Started process (PID=19315) to work on /media/data/omar/programming course/DEPI/DEPI project/anomx/venv/lib/python3.12/site-packages/airflow/example_dags/example_task_group_decorator.py
[2026-06-21T22:15:35.350+0300] {processor.py:830} INFO - Processing file /media/data/omar/programming course/DEPI/DEPI project/anomx/venv/lib/python3.12/site-packages/airflow/example_dags/example_task_group_decorator.py for tasks to queue
[2026-06-21T22:15:35.358+0300] {logging_mixin.py:188} INFO - [2026-06-21T22:15:35.356+0300] {dagbag.py:540} INFO - Filling up the DagBag from /media/data/omar/programming course/DEPI/DEPI project/anomx/venv/lib/python3.12/site-packages/airflow/example_dags/example_task_group_decorator.py
[2026-06-21T22:15:35.385+0300] {processor.py:840} INFO - DAG(s) 'example_task_group_decorator' retrieved from /media/data/omar/programming course/DEPI/DEPI project/anomx/venv/lib/python3.12/site-packages/airflow/example_dags/example_task_group_decorator.py
[2026-06-21T22:15:35.465+0300] {logging_mixin.py:188} INFO - [2026-06-21T22:15:35.464+0300] {dag.py:3096} INFO - Sync 1 DAGs
[2026-06-21T22:15:35.531+0300] {logging_mixin.py:188} INFO - [2026-06-21T22:15:35.530+0300] {dag.py:3954} INFO - Setting next_dagrun for example_task_group_decorator to 2026-06-20 00:00:00+00:00, run_after=2026-06-21 00:00:00+00:00
[2026-06-21T22:15:35.563+0300] {processor.py:183} INFO - Processing /media/data/omar/programming course/DEPI/DEPI project/anomx/venv/lib/python3.12/site-packages/airflow/example_dags/example_task_group_decorator.py took 0.238 seconds
[2026-06-21T22:16:27.482+0300] {processor.py:161} INFO - Started process (PID=19690) to work on /media/data/omar/programming course/DEPI/DEPI project/anomx/venv/lib/python3.12/site-packages/airflow/example_dags/example_task_group_decorator.py
[2026-06-21T22:16:27.485+0300] {processor.py:830} INFO - Processing file /media/data/omar/programming course/DEPI/DEPI project/anomx/venv/lib/python3.12/site-packages/airflow/example_dags/example_task_group_decorator.py for tasks to queue
[2026-06-21T22:16:27.489+0300] {logging_mixin.py:188} INFO - [2026-06-21T22:16:27.488+0300] {dagbag.py:540} INFO - Filling up the DagBag from /media/data/omar/programming course/DEPI/DEPI project/anomx/venv/lib/python3.12/site-packages/airflow/example_dags/example_task_group_decorator.py
[2026-06-21T22:16:27.508+0300] {processor.py:840} INFO - DAG(s) 'example_task_group_decorator' retrieved from /media/data/omar/programming course/DEPI/DEPI project/anomx/venv/lib/python3.12/site-packages/airflow/example_dags/example_task_group_decorator.py
[2026-06-21T22:16:27.532+0300] {logging_mixin.py:188} INFO - [2026-06-21T22:16:27.531+0300] {dag.py:3096} INFO - Sync 1 DAGs
[2026-06-21T22:16:27.559+0300] {logging_mixin.py:188} INFO - [2026-06-21T22:16:27.558+0300] {dag.py:3954} INFO - Setting next_dagrun for example_task_group_decorator to 2026-06-20 00:00:00+00:00, run_after=2026-06-21 00:00:00+00:00
[2026-06-21T22:16:27.588+0300] {processor.py:183} INFO - Processing /media/data/omar/programming course/DEPI/DEPI project/anomx/venv/lib/python3.12/site-packages/airflow/example_dags/example_task_group_decorator.py took 0.123 seconds
[2026-06-21T22:17:24.495+0300] {processor.py:161} INFO - Started process (PID=19813) to work on /media/data/omar/programming course/DEPI/DEPI project/anomx/venv/lib/python3.12/site-packages/airflow/example_dags/example_task_group_decorator.py
[2026-06-21T22:17:24.497+0300] {processor.py:830} INFO - Processing file /media/data/omar/programming course/DEPI/DEPI project/anomx/venv/lib/python3.12/site-packages/airflow/example_dags/example_task_group_decorator.py for tasks to queue
[2026-06-21T22:17:24.502+0300] {logging_mixin.py:188} INFO - [2026-06-21T22:17:24.501+0300] {dagbag.py:540} INFO - Filling up the DagBag from /media/data/omar/programming course/DEPI/DEPI project/anomx/venv/lib/python3.12/site-packages/airflow/example_dags/example_task_group_decorator.py
[2026-06-21T22:17:24.533+0300] {processor.py:840} INFO - DAG(s) 'example_task_group_decorator' retrieved from /media/data/omar/programming course/DEPI/DEPI project/anomx/venv/lib/python3.12/site-packages/airflow/example_dags/example_task_group_decorator.py
[2026-06-21T22:17:24.555+0300] {logging_mixin.py:188} INFO - [2026-06-21T22:17:24.555+0300] {dag.py:3096} INFO - Sync 1 DAGs
[2026-06-21T22:17:24.574+0300] {logging_mixin.py:188} INFO - [2026-06-21T22:17:24.573+0300] {dag.py:3954} INFO - Setting next_dagrun for example_task_group_decorator to 2026-06-20 00:00:00+00:00, run_after=2026-06-21 00:00:00+00:00
[2026-06-21T22:17:24.602+0300] {processor.py:183} INFO - Processing /media/data/omar/programming course/DEPI/DEPI project/anomx/venv/lib/python3.12/site-packages/airflow/example_dags/example_task_group_decorator.py took 0.121 seconds
[2026-06-21T22:18:24.554+0300] {processor.py:161} INFO - Started process (PID=19958) to work on /media/data/omar/programming course/DEPI/DEPI project/anomx/venv/lib/python3.12/site-packages/airflow/example_dags/example_task_group_decorator.py
[2026-06-21T22:18:24.555+0300] {processor.py:830} INFO - Processing file /media/data/omar/programming course/DEPI/DEPI project/anomx/venv/lib/python3.12/site-packages/airflow/example_dags/example_task_group_decorator.py for tasks to queue
[2026-06-21T22:18:24.559+0300] {logging_mixin.py:188} INFO - [2026-06-21T22:18:24.558+0300] {dagbag.py:540} INFO - Filling up the DagBag from /media/data/omar/programming course/DEPI/DEPI project/anomx/venv/lib/python3.12/site-packages/airflow/example_dags/example_task_group_decorator.py
[2026-06-21T22:18:24.584+0300] {processor.py:840} INFO - DAG(s) 'example_task_group_decorator' retrieved from /media/data/omar/programming course/DEPI/DEPI project/anomx/venv/lib/python3.12/site-packages/airflow/example_dags/example_task_group_decorator.py
[2026-06-21T22:18:24.607+0300] {logging_mixin.py:188} INFO - [2026-06-21T22:18:24.607+0300] {dag.py:3096} INFO - Sync 1 DAGs
[2026-06-21T22:18:24.627+0300] {logging_mixin.py:188} INFO - [2026-06-21T22:18:24.627+0300] {dag.py:3954} INFO - Setting next_dagrun for example_task_group_decorator to 2026-06-20 00:00:00+00:00, run_after=2026-06-21 00:00:00+00:00
[2026-06-21T22:18:24.657+0300] {processor.py:183} INFO - Processing /media/data/omar/programming course/DEPI/DEPI project/anomx/venv/lib/python3.12/site-packages/airflow/example_dags/example_task_group_decorator.py took 0.115 seconds
[2026-06-21T22:19:22.090+0300] {processor.py:161} INFO - Started process (PID=20066) to work on /media/data/omar/programming course/DEPI/DEPI project/anomx/venv/lib/python3.12/site-packages/airflow/example_dags/example_task_group_decorator.py
[2026-06-21T22:19:22.091+0300] {processor.py:830} INFO - Processing file /media/data/omar/programming course/DEPI/DEPI project/anomx/venv/lib/python3.12/site-packages/airflow/example_dags/example_task_group_decorator.py for tasks to queue
[2026-06-21T22:19:22.093+0300] {logging_mixin.py:188} INFO - [2026-06-21T22:19:22.092+0300] {dagbag.py:540} INFO - Filling up the DagBag from /media/data/omar/programming course/DEPI/DEPI project/anomx/venv/lib/python3.12/site-packages/airflow/example_dags/example_task_group_decorator.py
[2026-06-21T22:19:22.108+0300] {processor.py:840} INFO - DAG(s) 'example_task_group_decorator' retrieved from /media/data/omar/programming course/DEPI/DEPI project/anomx/venv/lib/python3.12/site-packages/airflow/example_dags/example_task_group_decorator.py
[2026-06-21T22:19:22.131+0300] {logging_mixin.py:188} INFO - [2026-06-21T22:19:22.130+0300] {dag.py:3096} INFO - Sync 1 DAGs
[2026-06-21T22:19:22.151+0300] {logging_mixin.py:188} INFO - [2026-06-21T22:19:22.150+0300] {dag.py:3954} INFO - Setting next_dagrun for example_task_group_decorator to 2026-06-20 00:00:00+00:00, run_after=2026-06-21 00:00:00+00:00
[2026-06-21T22:19:22.182+0300] {processor.py:183} INFO - Processing /media/data/omar/programming course/DEPI/DEPI project/anomx/venv/lib/python3.12/site-packages/airflow/example_dags/example_task_group_decorator.py took 0.100 seconds
[2026-06-21T22:20:21.405+0300] {processor.py:161} INFO - Started process (PID=20168) to work on /media/data/omar/programming course/DEPI/DEPI project/anomx/venv/lib/python3.12/site-packages/airflow/example_dags/example_task_group_decorator.py
[2026-06-21T22:20:21.406+0300] {processor.py:830} INFO - Processing file /media/data/omar/programming course/DEPI/DEPI project/anomx/venv/lib/python3.12/site-packages/airflow/example_dags/example_task_group_decorator.py for tasks to queue
[2026-06-21T22:20:21.408+0300] {logging_mixin.py:188} INFO - [2026-06-21T22:20:21.407+0300] {dagbag.py:540} INFO - Filling up the DagBag from /media/data/omar/programming course/DEPI/DEPI project/anomx/venv/lib/python3.12/site-packages/airflow/example_dags/example_task_group_decorator.py
[2026-06-21T22:20:21.427+0300] {processor.py:840} INFO - DAG(s) 'example_task_group_decorator' retrieved from /media/data/omar/programming course/DEPI/DEPI project/anomx/venv/lib/python3.12/site-packages/airflow/example_dags/example_task_group_decorator.py
[2026-06-21T22:20:21.450+0300] {logging_mixin.py:188} INFO - [2026-06-21T22:20:21.450+0300] {dag.py:3096} INFO - Sync 1 DAGs
[2026-06-21T22:20:21.470+0300] {logging_mixin.py:188} INFO - [2026-06-21T22:20:21.470+0300] {dag.py:3954} INFO - Setting next_dagrun for example_task_group_decorator to 2026-06-20 00:00:00+00:00, run_after=2026-06-21 00:00:00+00:00
[2026-06-21T22:20:21.507+0300] {processor.py:183} INFO - Processing /media/data/omar/programming course/DEPI/DEPI project/anomx/venv/lib/python3.12/site-packages/airflow/example_dags/example_task_group_decorator.py took 0.108 seconds
[2026-06-21T22:20:59.376+0300] {processor.py:161} INFO - Started process (PID=20229) to work on /media/data/omar/programming course/DEPI/DEPI project/anomx/venv/lib/python3.12/site-packages/airflow/example_dags/example_task_group_decorator.py
[2026-06-21T22:20:59.378+0300] {processor.py:830} INFO - Processing file /media/data/omar/programming course/DEPI/DEPI project/anomx/venv/lib/python3.12/site-packages/airflow/example_dags/example_task_group_decorator.py for tasks to queue
[2026-06-21T22:20:59.382+0300] {logging_mixin.py:188} INFO - [2026-06-21T22:20:59.381+0300] {dagbag.py:540} INFO - Filling up the DagBag from /media/data/omar/programming course/DEPI/DEPI project/anomx/venv/lib/python3.12/site-packages/airflow/example_dags/example_task_group_decorator.py
[2026-06-21T22:20:59.427+0300] {processor.py:840} INFO - DAG(s) 'example_task_group_decorator' retrieved from /media/data/omar/programming course/DEPI/DEPI project/anomx/venv/lib/python3.12/site-packages/airflow/example_dags/example_task_group_decorator.py
[2026-06-21T22:20:59.448+0300] {logging_mixin.py:188} INFO - [2026-06-21T22:20:59.448+0300] {dag.py:3096} INFO - Sync 1 DAGs
[2026-06-21T22:20:59.464+0300] {logging_mixin.py:188} INFO - [2026-06-21T22:20:59.464+0300] {dag.py:3954} INFO - Setting next_dagrun for example_task_group_decorator to 2026-06-20 00:00:00+00:00, run_after=2026-06-21 00:00:00+00:00
[2026-06-21T22:20:59.504+0300] {processor.py:183} INFO - Processing /media/data/omar/programming course/DEPI/DEPI project/anomx/venv/lib/python3.12/site-packages/airflow/example_dags/example_task_group_decorator.py took 0.142 seconds
[2026-06-21T22:21:59.287+0300] {processor.py:161} INFO - Started process (PID=20325) to work on /media/data/omar/programming course/DEPI/DEPI project/anomx/venv/lib/python3.12/site-packages/airflow/example_dags/example_task_group_decorator.py
[2026-06-21T22:21:59.288+0300] {processor.py:830} INFO - Processing file /media/data/omar/programming course/DEPI/DEPI project/anomx/venv/lib/python3.12/site-packages/airflow/example_dags/example_task_group_decorator.py for tasks to queue
[2026-06-21T22:21:59.290+0300] {logging_mixin.py:188} INFO - [2026-06-21T22:21:59.290+0300] {dagbag.py:540} INFO - Filling up the DagBag from /media/data/omar/programming course/DEPI/DEPI project/anomx/venv/lib/python3.12/site-packages/airflow/example_dags/example_task_group_decorator.py
[2026-06-21T22:21:59.308+0300] {processor.py:840} INFO - DAG(s) 'example_task_group_decorator' retrieved from /media/data/omar/programming course/DEPI/DEPI project/anomx/venv/lib/python3.12/site-packages/airflow/example_dags/example_task_group_decorator.py
[2026-06-21T22:21:59.328+0300] {logging_mixin.py:188} INFO - [2026-06-21T22:21:59.327+0300] {dag.py:3096} INFO - Sync 1 DAGs
[2026-06-21T22:21:59.343+0300] {logging_mixin.py:188} INFO - [2026-06-21T22:21:59.343+0300] {dag.py:3954} INFO - Setting next_dagrun for example_task_group_decorator to 2026-06-20 00:00:00+00:00, run_after=2026-06-21 00:00:00+00:00
[2026-06-21T22:21:59.373+0300] {processor.py:183} INFO - Processing /media/data/omar/programming course/DEPI/DEPI project/anomx/venv/lib/python3.12/site-packages/airflow/example_dags/example_task_group_decorator.py took 0.092 seconds
[2026-06-21T22:23:09.978+0300] {processor.py:161} INFO - Started process (PID=20469) to work on /media/data/omar/programming course/DEPI/DEPI project/anomx/venv/lib/python3.12/site-packages/airflow/example_dags/example_task_group_decorator.py
[2026-06-21T22:23:09.980+0300] {processor.py:830} INFO - Processing file /media/data/omar/programming course/DEPI/DEPI project/anomx/venv/lib/python3.12/site-packages/airflow/example_dags/example_task_group_decorator.py for tasks to queue
[2026-06-21T22:23:09.982+0300] {logging_mixin.py:188} INFO - [2026-06-21T22:23:09.981+0300] {dagbag.py:540} INFO - Filling up the DagBag from /media/data/omar/programming course/DEPI/DEPI project/anomx/venv/lib/python3.12/site-packages/airflow/example_dags/example_task_group_decorator.py
[2026-06-21T22:23:10.007+0300] {processor.py:840} INFO - DAG(s) 'example_task_group_decorator' retrieved from /media/data/omar/programming course/DEPI/DEPI project/anomx/venv/lib/python3.12/site-packages/airflow/example_dags/example_task_group_decorator.py
[2026-06-21T22:23:10.026+0300] {logging_mixin.py:188} INFO - [2026-06-21T22:23:10.025+0300] {dag.py:3096} INFO - Sync 1 DAGs
[2026-06-21T22:23:10.041+0300] {logging_mixin.py:188} INFO - [2026-06-21T22:23:10.040+0300] {dag.py:3954} INFO - Setting next_dagrun for example_task_group_decorator to 2026-06-20 00:00:00+00:00, run_after=2026-06-21 00:00:00+00:00
[2026-06-21T22:23:10.067+0300] {processor.py:183} INFO - Processing /media/data/omar/programming course/DEPI/DEPI project/anomx/venv/lib/python3.12/site-packages/airflow/example_dags/example_task_group_decorator.py took 0.096 seconds
[2026-06-21T22:24:10.754+0300] {processor.py:161} INFO - Started process (PID=20565) to work on /media/data/omar/programming course/DEPI/DEPI project/anomx/venv/lib/python3.12/site-packages/airflow/example_dags/example_task_group_decorator.py
[2026-06-21T22:24:10.755+0300] {processor.py:830} INFO - Processing file /media/data/omar/programming course/DEPI/DEPI project/anomx/venv/lib/python3.12/site-packages/airflow/example_dags/example_task_group_decorator.py for tasks to queue
[2026-06-21T22:24:10.758+0300] {logging_mixin.py:188} INFO - [2026-06-21T22:24:10.757+0300] {dagbag.py:540} INFO - Filling up the DagBag from /media/data/omar/programming course/DEPI/DEPI project/anomx/venv/lib/python3.12/site-packages/airflow/example_dags/example_task_group_decorator.py
[2026-06-21T22:24:10.774+0300] {processor.py:840} INFO - DAG(s) 'example_task_group_decorator' retrieved from /media/data/omar/programming course/DEPI/DEPI project/anomx/venv/lib/python3.12/site-packages/airflow/example_dags/example_task_group_decorator.py
[2026-06-21T22:24:10.795+0300] {logging_mixin.py:188} INFO - [2026-06-21T22:24:10.795+0300] {dag.py:3096} INFO - Sync 1 DAGs
[2026-06-21T22:24:10.810+0300] {logging_mixin.py:188} INFO - [2026-06-21T22:24:10.810+0300] {dag.py:3954} INFO - Setting next_dagrun for example_task_group_decorator to 2026-06-20 00:00:00+00:00, run_after=2026-06-21 00:00:00+00:00
[2026-06-21T22:24:10.836+0300] {processor.py:183} INFO - Processing /media/data/omar/programming course/DEPI/DEPI project/anomx/venv/lib/python3.12/site-packages/airflow/example_dags/example_task_group_decorator.py took 0.090 seconds
[2026-06-21T22:48:00.141+0300] {processor.py:161} INFO - Started process (PID=22133) to work on /media/data/omar/programming course/DEPI/DEPI project/anomx/venv/lib/python3.12/site-packages/airflow/example_dags/example_task_group_decorator.py
[2026-06-21T22:48:00.144+0300] {processor.py:830} INFO - Processing file /media/data/omar/programming course/DEPI/DEPI project/anomx/venv/lib/python3.12/site-packages/airflow/example_dags/example_task_group_decorator.py for tasks to queue
[2026-06-21T22:48:00.147+0300] {logging_mixin.py:188} INFO - [2026-06-21T22:48:00.146+0300] {dagbag.py:540} INFO - Filling up the DagBag from /media/data/omar/programming course/DEPI/DEPI project/anomx/venv/lib/python3.12/site-packages/airflow/example_dags/example_task_group_decorator.py
[2026-06-21T22:48:00.171+0300] {processor.py:840} INFO - DAG(s) 'example_task_group_decorator' retrieved from /media/data/omar/programming course/DEPI/DEPI project/anomx/venv/lib/python3.12/site-packages/airflow/example_dags/example_task_group_decorator.py
[2026-06-21T22:48:00.195+0300] {logging_mixin.py:188} INFO - [2026-06-21T22:48:00.194+0300] {dag.py:3096} INFO - Sync 1 DAGs
[2026-06-21T22:48:00.205+0300] {logging_mixin.py:188} INFO - [2026-06-21T22:48:00.204+0300] {dag.py:3118} INFO - Creating ORM DAG for example_task_group_decorator
[2026-06-21T22:48:00.214+0300] {logging_mixin.py:188} INFO - [2026-06-21T22:48:00.213+0300] {dag.py:3954} INFO - Setting next_dagrun for example_task_group_decorator to 2026-06-20 00:00:00+00:00, run_after=2026-06-21 00:00:00+00:00
[2026-06-21T22:48:00.243+0300] {processor.py:183} INFO - Processing /media/data/omar/programming course/DEPI/DEPI project/anomx/venv/lib/python3.12/site-packages/airflow/example_dags/example_task_group_decorator.py took 0.121 seconds
[2026-06-21T22:48:58.508+0300] {processor.py:161} INFO - Started process (PID=22224) to work on /media/data/omar/programming course/DEPI/DEPI project/anomx/venv/lib/python3.12/site-packages/airflow/example_dags/example_task_group_decorator.py
[2026-06-21T22:48:58.509+0300] {processor.py:830} INFO - Processing file /media/data/omar/programming course/DEPI/DEPI project/anomx/venv/lib/python3.12/site-packages/airflow/example_dags/example_task_group_decorator.py for tasks to queue
[2026-06-21T22:48:58.511+0300] {logging_mixin.py:188} INFO - [2026-06-21T22:48:58.510+0300] {dagbag.py:540} INFO - Filling up the DagBag from /media/data/omar/programming course/DEPI/DEPI project/anomx/venv/lib/python3.12/site-packages/airflow/example_dags/example_task_group_decorator.py
[2026-06-21T22:48:58.525+0300] {processor.py:840} INFO - DAG(s) 'example_task_group_decorator' retrieved from /media/data/omar/programming course/DEPI/DEPI project/anomx/venv/lib/python3.12/site-packages/airflow/example_dags/example_task_group_decorator.py
[2026-06-21T22:48:58.547+0300] {logging_mixin.py:188} INFO - [2026-06-21T22:48:58.547+0300] {dag.py:3096} INFO - Sync 1 DAGs
[2026-06-21T22:48:58.565+0300] {logging_mixin.py:188} INFO - [2026-06-21T22:48:58.565+0300] {dag.py:3954} INFO - Setting next_dagrun for example_task_group_decorator to 2026-06-20 00:00:00+00:00, run_after=2026-06-21 00:00:00+00:00
[2026-06-21T22:48:58.595+0300] {processor.py:183} INFO - Processing /media/data/omar/programming course/DEPI/DEPI project/anomx/venv/lib/python3.12/site-packages/airflow/example_dags/example_task_group_decorator.py took 0.095 seconds
[2026-06-21T22:49:54.319+0300] {processor.py:161} INFO - Started process (PID=22305) to work on /media/data/omar/programming course/DEPI/DEPI project/anomx/venv/lib/python3.12/site-packages/airflow/example_dags/example_task_group_decorator.py
[2026-06-21T22:49:54.321+0300] {processor.py:830} INFO - Processing file /media/data/omar/programming course/DEPI/DEPI project/anomx/venv/lib/python3.12/site-packages/airflow/example_dags/example_task_group_decorator.py for tasks to queue
[2026-06-21T22:49:54.326+0300] {logging_mixin.py:188} INFO - [2026-06-21T22:49:54.325+0300] {dagbag.py:540} INFO - Filling up the DagBag from /media/data/omar/programming course/DEPI/DEPI project/anomx/venv/lib/python3.12/site-packages/airflow/example_dags/example_task_group_decorator.py
[2026-06-21T22:49:54.347+0300] {processor.py:840} INFO - DAG(s) 'example_task_group_decorator' retrieved from /media/data/omar/programming course/DEPI/DEPI project/anomx/venv/lib/python3.12/site-packages/airflow/example_dags/example_task_group_decorator.py
[2026-06-21T22:49:54.366+0300] {logging_mixin.py:188} INFO - [2026-06-21T22:49:54.365+0300] {dag.py:3096} INFO - Sync 1 DAGs
[2026-06-21T22:49:54.384+0300] {logging_mixin.py:188} INFO - [2026-06-21T22:49:54.384+0300] {dag.py:3954} INFO - Setting next_dagrun for example_task_group_decorator to 2026-06-20 00:00:00+00:00, run_after=2026-06-21 00:00:00+00:00
[2026-06-21T22:49:54.419+0300] {processor.py:183} INFO - Processing /media/data/omar/programming course/DEPI/DEPI project/anomx/venv/lib/python3.12/site-packages/airflow/example_dags/example_task_group_decorator.py took 0.113 seconds
[2026-06-21T22:50:50.750+0300] {processor.py:161} INFO - Started process (PID=22469) to work on /media/data/omar/programming course/DEPI/DEPI project/anomx/venv/lib/python3.12/site-packages/airflow/example_dags/example_task_group_decorator.py
[2026-06-21T22:50:50.751+0300] {processor.py:830} INFO - Processing file /media/data/omar/programming course/DEPI/DEPI project/anomx/venv/lib/python3.12/site-packages/airflow/example_dags/example_task_group_decorator.py for tasks to queue
[2026-06-21T22:50:50.753+0300] {logging_mixin.py:188} INFO - [2026-06-21T22:50:50.753+0300] {dagbag.py:540} INFO - Filling up the DagBag from /media/data/omar/programming course/DEPI/DEPI project/anomx/venv/lib/python3.12/site-packages/airflow/example_dags/example_task_group_decorator.py
[2026-06-21T22:50:50.768+0300] {processor.py:840} INFO - DAG(s) 'example_task_group_decorator' retrieved from /media/data/omar/programming course/DEPI/DEPI project/anomx/venv/lib/python3.12/site-packages/airflow/example_dags/example_task_group_decorator.py
[2026-06-21T22:50:50.788+0300] {logging_mixin.py:188} INFO - [2026-06-21T22:50:50.788+0300] {dag.py:3096} INFO - Sync 1 DAGs
[2026-06-21T22:50:50.807+0300] {logging_mixin.py:188} INFO - [2026-06-21T22:50:50.807+0300] {dag.py:3954} INFO - Setting next_dagrun for example_task_group_decorator to 2026-06-20 00:00:00+00:00, run_after=2026-06-21 00:00:00+00:00
[2026-06-21T22:50:50.839+0300] {processor.py:183} INFO - Processing /media/data/omar/programming course/DEPI/DEPI project/anomx/venv/lib/python3.12/site-packages/airflow/example_dags/example_task_group_decorator.py took 0.094 seconds
