[2026-06-21T21:39:40.700+0300] {processor.py:161} INFO - Started process (PID=15150) to work on /media/data/omar/programming course/DEPI/DEPI project/anomx/venv/lib/python3.12/site-packages/airflow/example_dags/example_bash_decorator.py
[2026-06-21T21:39:40.702+0300] {processor.py:830} INFO - Processing file /media/data/omar/programming course/DEPI/DEPI project/anomx/venv/lib/python3.12/site-packages/airflow/example_dags/example_bash_decorator.py for tasks to queue
[2026-06-21T21:39:40.705+0300] {logging_mixin.py:188} INFO - [2026-06-21T21:39:40.704+0300] {dagbag.py:540} INFO - Filling up the DagBag from /media/data/omar/programming course/DEPI/DEPI project/anomx/venv/lib/python3.12/site-packages/airflow/example_dags/example_bash_decorator.py
[2026-06-21T21:39:40.733+0300] {processor.py:840} INFO - DAG(s) 'example_bash_decorator' retrieved from /media/data/omar/programming course/DEPI/DEPI project/anomx/venv/lib/python3.12/site-packages/airflow/example_dags/example_bash_decorator.py
[2026-06-21T21:39:40.930+0300] {logging_mixin.py:188} INFO - [2026-06-21T21:39:40.930+0300] {override.py:1829} INFO - Created Permission View: can edit on DAG:example_bash_decorator
[2026-06-21T21:39:40.951+0300] {logging_mixin.py:188} INFO - [2026-06-21T21:39:40.951+0300] {override.py:1829} INFO - Created Permission View: can read on DAG:example_bash_decorator
[2026-06-21T21:39:40.967+0300] {logging_mixin.py:188} INFO - [2026-06-21T21:39:40.966+0300] {override.py:1829} INFO - Created Permission View: can delete on DAG:example_bash_decorator
[2026-06-21T21:39:40.967+0300] {logging_mixin.py:188} INFO - [2026-06-21T21:39:40.967+0300] {dag.py:3096} INFO - Sync 1 DAGs
[2026-06-21T21:39:40.978+0300] {logging_mixin.py:188} INFO - [2026-06-21T21:39:40.977+0300] {dag.py:3118} INFO - Creating ORM DAG for example_bash_decorator
[2026-06-21T21:39:40.978+0300] {logging_mixin.py:188} INFO - [2026-06-21T21:39:40.978+0300] {dag.py:3954} INFO - Setting next_dagrun for example_bash_decorator to None, run_after=None
[2026-06-21T21:39:41.004+0300] {processor.py:183} INFO - Processing /media/data/omar/programming course/DEPI/DEPI project/anomx/venv/lib/python3.12/site-packages/airflow/example_dags/example_bash_decorator.py took 0.317 seconds
[2026-06-21T21:40:42.513+0300] {processor.py:161} INFO - Started process (PID=15254) to work on /media/data/omar/programming course/DEPI/DEPI project/anomx/venv/lib/python3.12/site-packages/airflow/example_dags/example_bash_decorator.py
[2026-06-21T21:40:42.514+0300] {processor.py:830} INFO - Processing file /media/data/omar/programming course/DEPI/DEPI project/anomx/venv/lib/python3.12/site-packages/airflow/example_dags/example_bash_decorator.py for tasks to queue
[2026-06-21T21:40:42.516+0300] {logging_mixin.py:188} INFO - [2026-06-21T21:40:42.515+0300] {dagbag.py:540} INFO - Filling up the DagBag from /media/data/omar/programming course/DEPI/DEPI project/anomx/venv/lib/python3.12/site-packages/airflow/example_dags/example_bash_decorator.py
[2026-06-21T21:40:42.536+0300] {processor.py:840} INFO - DAG(s) 'example_bash_decorator' retrieved from /media/data/omar/programming course/DEPI/DEPI project/anomx/venv/lib/python3.12/site-packages/airflow/example_dags/example_bash_decorator.py
[2026-06-21T21:40:42.566+0300] {logging_mixin.py:188} INFO - [2026-06-21T21:40:42.565+0300] {dag.py:3096} INFO - Sync 1 DAGs
[2026-06-21T21:40:42.579+0300] {logging_mixin.py:188} INFO - [2026-06-21T21:40:42.578+0300] {dag.py:3954} INFO - Setting next_dagrun for example_bash_decorator to None, run_after=None
[2026-06-21T21:40:42.616+0300] {processor.py:183} INFO - Processing /media/data/omar/programming course/DEPI/DEPI project/anomx/venv/lib/python3.12/site-packages/airflow/example_dags/example_bash_decorator.py took 0.116 seconds
[2026-06-21T21:41:43.726+0300] {processor.py:161} INFO - Started process (PID=15400) to work on /media/data/omar/programming course/DEPI/DEPI project/anomx/venv/lib/python3.12/site-packages/airflow/example_dags/example_bash_decorator.py
[2026-06-21T21:41:43.727+0300] {processor.py:830} INFO - Processing file /media/data/omar/programming course/DEPI/DEPI project/anomx/venv/lib/python3.12/site-packages/airflow/example_dags/example_bash_decorator.py for tasks to queue
[2026-06-21T21:41:43.729+0300] {logging_mixin.py:188} INFO - [2026-06-21T21:41:43.728+0300] {dagbag.py:540} INFO - Filling up the DagBag from /media/data/omar/programming course/DEPI/DEPI project/anomx/venv/lib/python3.12/site-packages/airflow/example_dags/example_bash_decorator.py
[2026-06-21T21:41:43.745+0300] {processor.py:840} INFO - DAG(s) 'example_bash_decorator' retrieved from /media/data/omar/programming course/DEPI/DEPI project/anomx/venv/lib/python3.12/site-packages/airflow/example_dags/example_bash_decorator.py
[2026-06-21T21:41:43.765+0300] {logging_mixin.py:188} INFO - [2026-06-21T21:41:43.764+0300] {dag.py:3096} INFO - Sync 1 DAGs
[2026-06-21T21:41:43.774+0300] {logging_mixin.py:188} INFO - [2026-06-21T21:41:43.774+0300] {dag.py:3954} INFO - Setting next_dagrun for example_bash_decorator to None, run_after=None
[2026-06-21T21:41:43.809+0300] {processor.py:183} INFO - Processing /media/data/omar/programming course/DEPI/DEPI project/anomx/venv/lib/python3.12/site-packages/airflow/example_dags/example_bash_decorator.py took 0.088 seconds
[2026-06-21T21:42:51.715+0300] {processor.py:161} INFO - Started process (PID=15605) to work on /media/data/omar/programming course/DEPI/DEPI project/anomx/venv/lib/python3.12/site-packages/airflow/example_dags/example_bash_decorator.py
[2026-06-21T21:42:51.717+0300] {processor.py:830} INFO - Processing file /media/data/omar/programming course/DEPI/DEPI project/anomx/venv/lib/python3.12/site-packages/airflow/example_dags/example_bash_decorator.py for tasks to queue
[2026-06-21T21:42:51.720+0300] {logging_mixin.py:188} INFO - [2026-06-21T21:42:51.719+0300] {dagbag.py:540} INFO - Filling up the DagBag from /media/data/omar/programming course/DEPI/DEPI project/anomx/venv/lib/python3.12/site-packages/airflow/example_dags/example_bash_decorator.py
[2026-06-21T21:42:51.744+0300] {processor.py:840} INFO - DAG(s) 'example_bash_decorator' retrieved from /media/data/omar/programming course/DEPI/DEPI project/anomx/venv/lib/python3.12/site-packages/airflow/example_dags/example_bash_decorator.py
[2026-06-21T21:42:51.768+0300] {logging_mixin.py:188} INFO - [2026-06-21T21:42:51.768+0300] {dag.py:3096} INFO - Sync 1 DAGs
[2026-06-21T21:42:51.782+0300] {logging_mixin.py:188} INFO - [2026-06-21T21:42:51.782+0300] {dag.py:3954} INFO - Setting next_dagrun for example_bash_decorator to None, run_after=None
[2026-06-21T21:42:51.821+0300] {processor.py:183} INFO - Processing /media/data/omar/programming course/DEPI/DEPI project/anomx/venv/lib/python3.12/site-packages/airflow/example_dags/example_bash_decorator.py took 0.119 seconds
[2026-06-21T21:43:51.465+0300] {processor.py:161} INFO - Started process (PID=15717) to work on /media/data/omar/programming course/DEPI/DEPI project/anomx/venv/lib/python3.12/site-packages/airflow/example_dags/example_bash_decorator.py
[2026-06-21T21:43:51.466+0300] {processor.py:830} INFO - Processing file /media/data/omar/programming course/DEPI/DEPI project/anomx/venv/lib/python3.12/site-packages/airflow/example_dags/example_bash_decorator.py for tasks to queue
[2026-06-21T21:43:51.468+0300] {logging_mixin.py:188} INFO - [2026-06-21T21:43:51.467+0300] {dagbag.py:540} INFO - Filling up the DagBag from /media/data/omar/programming course/DEPI/DEPI project/anomx/venv/lib/python3.12/site-packages/airflow/example_dags/example_bash_decorator.py
[2026-06-21T21:43:51.484+0300] {processor.py:840} INFO - DAG(s) 'example_bash_decorator' retrieved from /media/data/omar/programming course/DEPI/DEPI project/anomx/venv/lib/python3.12/site-packages/airflow/example_dags/example_bash_decorator.py
[2026-06-21T21:43:51.503+0300] {logging_mixin.py:188} INFO - [2026-06-21T21:43:51.503+0300] {dag.py:3096} INFO - Sync 1 DAGs
[2026-06-21T21:43:51.515+0300] {logging_mixin.py:188} INFO - [2026-06-21T21:43:51.514+0300] {dag.py:3954} INFO - Setting next_dagrun for example_bash_decorator to None, run_after=None
[2026-06-21T21:43:51.545+0300] {processor.py:183} INFO - Processing /media/data/omar/programming course/DEPI/DEPI project/anomx/venv/lib/python3.12/site-packages/airflow/example_dags/example_bash_decorator.py took 0.089 seconds
[2026-06-21T21:45:54.636+0300] {processor.py:161} INFO - Started process (PID=15961) to work on /media/data/omar/programming course/DEPI/DEPI project/anomx/venv/lib/python3.12/site-packages/airflow/example_dags/example_bash_decorator.py
[2026-06-21T21:45:54.637+0300] {processor.py:830} INFO - Processing file /media/data/omar/programming course/DEPI/DEPI project/anomx/venv/lib/python3.12/site-packages/airflow/example_dags/example_bash_decorator.py for tasks to queue
[2026-06-21T21:45:54.640+0300] {logging_mixin.py:188} INFO - [2026-06-21T21:45:54.639+0300] {dagbag.py:540} INFO - Filling up the DagBag from /media/data/omar/programming course/DEPI/DEPI project/anomx/venv/lib/python3.12/site-packages/airflow/example_dags/example_bash_decorator.py
[2026-06-21T21:45:54.661+0300] {processor.py:840} INFO - DAG(s) 'example_bash_decorator' retrieved from /media/data/omar/programming course/DEPI/DEPI project/anomx/venv/lib/python3.12/site-packages/airflow/example_dags/example_bash_decorator.py
[2026-06-21T21:45:54.685+0300] {logging_mixin.py:188} INFO - [2026-06-21T21:45:54.685+0300] {dag.py:3096} INFO - Sync 1 DAGs
[2026-06-21T21:45:54.698+0300] {logging_mixin.py:188} INFO - [2026-06-21T21:45:54.697+0300] {dag.py:3954} INFO - Setting next_dagrun for example_bash_decorator to None, run_after=None
[2026-06-21T21:45:54.744+0300] {processor.py:183} INFO - Processing /media/data/omar/programming course/DEPI/DEPI project/anomx/venv/lib/python3.12/site-packages/airflow/example_dags/example_bash_decorator.py took 0.116 seconds
[2026-06-21T21:47:50.988+0300] {processor.py:161} INFO - Started process (PID=16177) to work on /media/data/omar/programming course/DEPI/DEPI project/anomx/venv/lib/python3.12/site-packages/airflow/example_dags/example_bash_decorator.py
[2026-06-21T21:47:50.989+0300] {processor.py:830} INFO - Processing file /media/data/omar/programming course/DEPI/DEPI project/anomx/venv/lib/python3.12/site-packages/airflow/example_dags/example_bash_decorator.py for tasks to queue
[2026-06-21T21:47:50.991+0300] {logging_mixin.py:188} INFO - [2026-06-21T21:47:50.990+0300] {dagbag.py:540} INFO - Filling up the DagBag from /media/data/omar/programming course/DEPI/DEPI project/anomx/venv/lib/python3.12/site-packages/airflow/example_dags/example_bash_decorator.py
[2026-06-21T21:47:51.005+0300] {processor.py:840} INFO - DAG(s) 'example_bash_decorator' retrieved from /media/data/omar/programming course/DEPI/DEPI project/anomx/venv/lib/python3.12/site-packages/airflow/example_dags/example_bash_decorator.py
[2026-06-21T21:47:51.025+0300] {logging_mixin.py:188} INFO - [2026-06-21T21:47:51.024+0300] {dag.py:3096} INFO - Sync 1 DAGs
[2026-06-21T21:47:51.035+0300] {logging_mixin.py:188} INFO - [2026-06-21T21:47:51.035+0300] {dag.py:3954} INFO - Setting next_dagrun for example_bash_decorator to None, run_after=None
[2026-06-21T21:47:51.064+0300] {processor.py:183} INFO - Processing /media/data/omar/programming course/DEPI/DEPI project/anomx/venv/lib/python3.12/site-packages/airflow/example_dags/example_bash_decorator.py took 0.084 seconds
[2026-06-21T21:48:50.653+0300] {processor.py:161} INFO - Started process (PID=16269) to work on /media/data/omar/programming course/DEPI/DEPI project/anomx/venv/lib/python3.12/site-packages/airflow/example_dags/example_bash_decorator.py
[2026-06-21T21:48:50.654+0300] {processor.py:830} INFO - Processing file /media/data/omar/programming course/DEPI/DEPI project/anomx/venv/lib/python3.12/site-packages/airflow/example_dags/example_bash_decorator.py for tasks to queue
[2026-06-21T21:48:50.656+0300] {logging_mixin.py:188} INFO - [2026-06-21T21:48:50.655+0300] {dagbag.py:540} INFO - Filling up the DagBag from /media/data/omar/programming course/DEPI/DEPI project/anomx/venv/lib/python3.12/site-packages/airflow/example_dags/example_bash_decorator.py
[2026-06-21T21:48:50.670+0300] {processor.py:840} INFO - DAG(s) 'example_bash_decorator' retrieved from /media/data/omar/programming course/DEPI/DEPI project/anomx/venv/lib/python3.12/site-packages/airflow/example_dags/example_bash_decorator.py
[2026-06-21T21:48:50.689+0300] {logging_mixin.py:188} INFO - [2026-06-21T21:48:50.688+0300] {dag.py:3096} INFO - Sync 1 DAGs
[2026-06-21T21:48:50.699+0300] {logging_mixin.py:188} INFO - [2026-06-21T21:48:50.699+0300] {dag.py:3954} INFO - Setting next_dagrun for example_bash_decorator to None, run_after=None
[2026-06-21T21:48:50.728+0300] {processor.py:183} INFO - Processing /media/data/omar/programming course/DEPI/DEPI project/anomx/venv/lib/python3.12/site-packages/airflow/example_dags/example_bash_decorator.py took 0.084 seconds
[2026-06-21T21:50:07.032+0300] {processor.py:161} INFO - Started process (PID=16385) to work on /media/data/omar/programming course/DEPI/DEPI project/anomx/venv/lib/python3.12/site-packages/airflow/example_dags/example_bash_decorator.py
[2026-06-21T21:50:07.033+0300] {processor.py:830} INFO - Processing file /media/data/omar/programming course/DEPI/DEPI project/anomx/venv/lib/python3.12/site-packages/airflow/example_dags/example_bash_decorator.py for tasks to queue
[2026-06-21T21:50:07.035+0300] {logging_mixin.py:188} INFO - [2026-06-21T21:50:07.034+0300] {dagbag.py:540} INFO - Filling up the DagBag from /media/data/omar/programming course/DEPI/DEPI project/anomx/venv/lib/python3.12/site-packages/airflow/example_dags/example_bash_decorator.py
[2026-06-21T21:50:07.048+0300] {processor.py:840} INFO - DAG(s) 'example_bash_decorator' retrieved from /media/data/omar/programming course/DEPI/DEPI project/anomx/venv/lib/python3.12/site-packages/airflow/example_dags/example_bash_decorator.py
[2026-06-21T21:50:07.067+0300] {logging_mixin.py:188} INFO - [2026-06-21T21:50:07.067+0300] {dag.py:3096} INFO - Sync 1 DAGs
[2026-06-21T21:50:07.078+0300] {logging_mixin.py:188} INFO - [2026-06-21T21:50:07.077+0300] {dag.py:3954} INFO - Setting next_dagrun for example_bash_decorator to None, run_after=None
[2026-06-21T21:50:07.109+0300] {processor.py:183} INFO - Processing /media/data/omar/programming course/DEPI/DEPI project/anomx/venv/lib/python3.12/site-packages/airflow/example_dags/example_bash_decorator.py took 0.082 seconds
[2026-06-21T21:52:40.747+0300] {processor.py:161} INFO - Started process (PID=16671) to work on /media/data/omar/programming course/DEPI/DEPI project/anomx/venv/lib/python3.12/site-packages/airflow/example_dags/example_bash_decorator.py
[2026-06-21T21:52:40.749+0300] {processor.py:830} INFO - Processing file /media/data/omar/programming course/DEPI/DEPI project/anomx/venv/lib/python3.12/site-packages/airflow/example_dags/example_bash_decorator.py for tasks to queue
[2026-06-21T21:52:40.752+0300] {logging_mixin.py:188} INFO - [2026-06-21T21:52:40.751+0300] {dagbag.py:540} INFO - Filling up the DagBag from /media/data/omar/programming course/DEPI/DEPI project/anomx/venv/lib/python3.12/site-packages/airflow/example_dags/example_bash_decorator.py
[2026-06-21T21:52:40.769+0300] {processor.py:840} INFO - DAG(s) 'example_bash_decorator' retrieved from /media/data/omar/programming course/DEPI/DEPI project/anomx/venv/lib/python3.12/site-packages/airflow/example_dags/example_bash_decorator.py
[2026-06-21T21:52:40.787+0300] {logging_mixin.py:188} INFO - [2026-06-21T21:52:40.786+0300] {dag.py:3096} INFO - Sync 1 DAGs
[2026-06-21T21:52:40.797+0300] {logging_mixin.py:188} INFO - [2026-06-21T21:52:40.797+0300] {dag.py:3954} INFO - Setting next_dagrun for example_bash_decorator to None, run_after=None
[2026-06-21T21:52:40.824+0300] {processor.py:183} INFO - Processing /media/data/omar/programming course/DEPI/DEPI project/anomx/venv/lib/python3.12/site-packages/airflow/example_dags/example_bash_decorator.py took 0.087 seconds
[2026-06-21T21:54:05.454+0300] {processor.py:161} INFO - Started process (PID=16812) to work on /media/data/omar/programming course/DEPI/DEPI project/anomx/venv/lib/python3.12/site-packages/airflow/example_dags/example_bash_decorator.py
[2026-06-21T21:54:05.455+0300] {processor.py:830} INFO - Processing file /media/data/omar/programming course/DEPI/DEPI project/anomx/venv/lib/python3.12/site-packages/airflow/example_dags/example_bash_decorator.py for tasks to queue
[2026-06-21T21:54:05.457+0300] {logging_mixin.py:188} INFO - [2026-06-21T21:54:05.457+0300] {dagbag.py:540} INFO - Filling up the DagBag from /media/data/omar/programming course/DEPI/DEPI project/anomx/venv/lib/python3.12/site-packages/airflow/example_dags/example_bash_decorator.py
[2026-06-21T21:54:05.472+0300] {processor.py:840} INFO - DAG(s) 'example_bash_decorator' retrieved from /media/data/omar/programming course/DEPI/DEPI project/anomx/venv/lib/python3.12/site-packages/airflow/example_dags/example_bash_decorator.py
[2026-06-21T21:54:05.489+0300] {logging_mixin.py:188} INFO - [2026-06-21T21:54:05.489+0300] {dag.py:3096} INFO - Sync 1 DAGs
[2026-06-21T21:54:05.499+0300] {logging_mixin.py:188} INFO - [2026-06-21T21:54:05.498+0300] {dag.py:3954} INFO - Setting next_dagrun for example_bash_decorator to None, run_after=None
[2026-06-21T21:54:05.526+0300] {processor.py:183} INFO - Processing /media/data/omar/programming course/DEPI/DEPI project/anomx/venv/lib/python3.12/site-packages/airflow/example_dags/example_bash_decorator.py took 0.078 seconds
[2026-06-21T21:55:30.518+0300] {processor.py:161} INFO - Started process (PID=16947) to work on /media/data/omar/programming course/DEPI/DEPI project/anomx/venv/lib/python3.12/site-packages/airflow/example_dags/example_bash_decorator.py
[2026-06-21T21:55:30.520+0300] {processor.py:830} INFO - Processing file /media/data/omar/programming course/DEPI/DEPI project/anomx/venv/lib/python3.12/site-packages/airflow/example_dags/example_bash_decorator.py for tasks to queue
[2026-06-21T21:55:30.522+0300] {logging_mixin.py:188} INFO - [2026-06-21T21:55:30.521+0300] {dagbag.py:540} INFO - Filling up the DagBag from /media/data/omar/programming course/DEPI/DEPI project/anomx/venv/lib/python3.12/site-packages/airflow/example_dags/example_bash_decorator.py
[2026-06-21T21:55:30.537+0300] {processor.py:840} INFO - DAG(s) 'example_bash_decorator' retrieved from /media/data/omar/programming course/DEPI/DEPI project/anomx/venv/lib/python3.12/site-packages/airflow/example_dags/example_bash_decorator.py
[2026-06-21T21:55:30.554+0300] {logging_mixin.py:188} INFO - [2026-06-21T21:55:30.554+0300] {dag.py:3096} INFO - Sync 1 DAGs
[2026-06-21T21:55:30.564+0300] {logging_mixin.py:188} INFO - [2026-06-21T21:55:30.563+0300] {dag.py:3954} INFO - Setting next_dagrun for example_bash_decorator to None, run_after=None
[2026-06-21T21:55:30.590+0300] {processor.py:183} INFO - Processing /media/data/omar/programming course/DEPI/DEPI project/anomx/venv/lib/python3.12/site-packages/airflow/example_dags/example_bash_decorator.py took 0.082 seconds
[2026-06-21T21:56:47.992+0300] {processor.py:161} INFO - Started process (PID=17085) to work on /media/data/omar/programming course/DEPI/DEPI project/anomx/venv/lib/python3.12/site-packages/airflow/example_dags/example_bash_decorator.py
[2026-06-21T21:56:47.993+0300] {processor.py:830} INFO - Processing file /media/data/omar/programming course/DEPI/DEPI project/anomx/venv/lib/python3.12/site-packages/airflow/example_dags/example_bash_decorator.py for tasks to queue
[2026-06-21T21:56:47.995+0300] {logging_mixin.py:188} INFO - [2026-06-21T21:56:47.995+0300] {dagbag.py:540} INFO - Filling up the DagBag from /media/data/omar/programming course/DEPI/DEPI project/anomx/venv/lib/python3.12/site-packages/airflow/example_dags/example_bash_decorator.py
[2026-06-21T21:56:48.010+0300] {processor.py:840} INFO - DAG(s) 'example_bash_decorator' retrieved from /media/data/omar/programming course/DEPI/DEPI project/anomx/venv/lib/python3.12/site-packages/airflow/example_dags/example_bash_decorator.py
[2026-06-21T21:56:48.027+0300] {logging_mixin.py:188} INFO - [2026-06-21T21:56:48.027+0300] {dag.py:3096} INFO - Sync 1 DAGs
[2026-06-21T21:56:48.037+0300] {logging_mixin.py:188} INFO - [2026-06-21T21:56:48.037+0300] {dag.py:3954} INFO - Setting next_dagrun for example_bash_decorator to None, run_after=None
[2026-06-21T21:56:48.063+0300] {processor.py:183} INFO - Processing /media/data/omar/programming course/DEPI/DEPI project/anomx/venv/lib/python3.12/site-packages/airflow/example_dags/example_bash_decorator.py took 0.082 seconds
[2026-06-21T21:58:08.916+0300] {processor.py:161} INFO - Started process (PID=17222) to work on /media/data/omar/programming course/DEPI/DEPI project/anomx/venv/lib/python3.12/site-packages/airflow/example_dags/example_bash_decorator.py
[2026-06-21T21:58:08.918+0300] {processor.py:830} INFO - Processing file /media/data/omar/programming course/DEPI/DEPI project/anomx/venv/lib/python3.12/site-packages/airflow/example_dags/example_bash_decorator.py for tasks to queue
[2026-06-21T21:58:08.921+0300] {logging_mixin.py:188} INFO - [2026-06-21T21:58:08.920+0300] {dagbag.py:540} INFO - Filling up the DagBag from /media/data/omar/programming course/DEPI/DEPI project/anomx/venv/lib/python3.12/site-packages/airflow/example_dags/example_bash_decorator.py
[2026-06-21T21:58:08.946+0300] {processor.py:840} INFO - DAG(s) 'example_bash_decorator' retrieved from /media/data/omar/programming course/DEPI/DEPI project/anomx/venv/lib/python3.12/site-packages/airflow/example_dags/example_bash_decorator.py
[2026-06-21T21:58:08.965+0300] {logging_mixin.py:188} INFO - [2026-06-21T21:58:08.965+0300] {dag.py:3096} INFO - Sync 1 DAGs
[2026-06-21T21:58:08.975+0300] {logging_mixin.py:188} INFO - [2026-06-21T21:58:08.974+0300] {dag.py:3954} INFO - Setting next_dagrun for example_bash_decorator to None, run_after=None
[2026-06-21T21:58:09.003+0300] {processor.py:183} INFO - Processing /media/data/omar/programming course/DEPI/DEPI project/anomx/venv/lib/python3.12/site-packages/airflow/example_dags/example_bash_decorator.py took 0.096 seconds
[2026-06-21T21:59:33.040+0300] {processor.py:161} INFO - Started process (PID=17354) to work on /media/data/omar/programming course/DEPI/DEPI project/anomx/venv/lib/python3.12/site-packages/airflow/example_dags/example_bash_decorator.py
[2026-06-21T21:59:33.041+0300] {processor.py:830} INFO - Processing file /media/data/omar/programming course/DEPI/DEPI project/anomx/venv/lib/python3.12/site-packages/airflow/example_dags/example_bash_decorator.py for tasks to queue
[2026-06-21T21:59:33.043+0300] {logging_mixin.py:188} INFO - [2026-06-21T21:59:33.043+0300] {dagbag.py:540} INFO - Filling up the DagBag from /media/data/omar/programming course/DEPI/DEPI project/anomx/venv/lib/python3.12/site-packages/airflow/example_dags/example_bash_decorator.py
[2026-06-21T21:59:33.056+0300] {processor.py:840} INFO - DAG(s) 'example_bash_decorator' retrieved from /media/data/omar/programming course/DEPI/DEPI project/anomx/venv/lib/python3.12/site-packages/airflow/example_dags/example_bash_decorator.py
[2026-06-21T21:59:33.073+0300] {logging_mixin.py:188} INFO - [2026-06-21T21:59:33.073+0300] {dag.py:3096} INFO - Sync 1 DAGs
[2026-06-21T21:59:33.083+0300] {logging_mixin.py:188} INFO - [2026-06-21T21:59:33.082+0300] {dag.py:3954} INFO - Setting next_dagrun for example_bash_decorator to None, run_after=None
[2026-06-21T21:59:33.111+0300] {processor.py:183} INFO - Processing /media/data/omar/programming course/DEPI/DEPI project/anomx/venv/lib/python3.12/site-packages/airflow/example_dags/example_bash_decorator.py took 0.080 seconds
[2026-06-21T22:00:59.409+0300] {processor.py:161} INFO - Started process (PID=17490) to work on /media/data/omar/programming course/DEPI/DEPI project/anomx/venv/lib/python3.12/site-packages/airflow/example_dags/example_bash_decorator.py
[2026-06-21T22:00:59.410+0300] {processor.py:830} INFO - Processing file /media/data/omar/programming course/DEPI/DEPI project/anomx/venv/lib/python3.12/site-packages/airflow/example_dags/example_bash_decorator.py for tasks to queue
[2026-06-21T22:00:59.413+0300] {logging_mixin.py:188} INFO - [2026-06-21T22:00:59.413+0300] {dagbag.py:540} INFO - Filling up the DagBag from /media/data/omar/programming course/DEPI/DEPI project/anomx/venv/lib/python3.12/site-packages/airflow/example_dags/example_bash_decorator.py
[2026-06-21T22:00:59.429+0300] {processor.py:840} INFO - DAG(s) 'example_bash_decorator' retrieved from /media/data/omar/programming course/DEPI/DEPI project/anomx/venv/lib/python3.12/site-packages/airflow/example_dags/example_bash_decorator.py
[2026-06-21T22:00:59.447+0300] {logging_mixin.py:188} INFO - [2026-06-21T22:00:59.447+0300] {dag.py:3096} INFO - Sync 1 DAGs
[2026-06-21T22:00:59.457+0300] {logging_mixin.py:188} INFO - [2026-06-21T22:00:59.456+0300] {dag.py:3954} INFO - Setting next_dagrun for example_bash_decorator to None, run_after=None
[2026-06-21T22:00:59.484+0300] {processor.py:183} INFO - Processing /media/data/omar/programming course/DEPI/DEPI project/anomx/venv/lib/python3.12/site-packages/airflow/example_dags/example_bash_decorator.py took 0.090 seconds
[2026-06-21T22:02:26.491+0300] {processor.py:161} INFO - Started process (PID=17635) to work on /media/data/omar/programming course/DEPI/DEPI project/anomx/venv/lib/python3.12/site-packages/airflow/example_dags/example_bash_decorator.py
[2026-06-21T22:02:26.492+0300] {processor.py:830} INFO - Processing file /media/data/omar/programming course/DEPI/DEPI project/anomx/venv/lib/python3.12/site-packages/airflow/example_dags/example_bash_decorator.py for tasks to queue
[2026-06-21T22:02:26.495+0300] {logging_mixin.py:188} INFO - [2026-06-21T22:02:26.494+0300] {dagbag.py:540} INFO - Filling up the DagBag from /media/data/omar/programming course/DEPI/DEPI project/anomx/venv/lib/python3.12/site-packages/airflow/example_dags/example_bash_decorator.py
[2026-06-21T22:02:26.519+0300] {processor.py:840} INFO - DAG(s) 'example_bash_decorator' retrieved from /media/data/omar/programming course/DEPI/DEPI project/anomx/venv/lib/python3.12/site-packages/airflow/example_dags/example_bash_decorator.py
[2026-06-21T22:02:26.541+0300] {logging_mixin.py:188} INFO - [2026-06-21T22:02:26.541+0300] {dag.py:3096} INFO - Sync 1 DAGs
[2026-06-21T22:02:26.552+0300] {logging_mixin.py:188} INFO - [2026-06-21T22:02:26.552+0300] {dag.py:3954} INFO - Setting next_dagrun for example_bash_decorator to None, run_after=None
[2026-06-21T22:02:26.579+0300] {processor.py:183} INFO - Processing /media/data/omar/programming course/DEPI/DEPI project/anomx/venv/lib/python3.12/site-packages/airflow/example_dags/example_bash_decorator.py took 0.098 seconds
[2026-06-21T22:03:50.859+0300] {processor.py:161} INFO - Started process (PID=17832) to work on /media/data/omar/programming course/DEPI/DEPI project/anomx/venv/lib/python3.12/site-packages/airflow/example_dags/example_bash_decorator.py
[2026-06-21T22:03:50.861+0300] {processor.py:830} INFO - Processing file /media/data/omar/programming course/DEPI/DEPI project/anomx/venv/lib/python3.12/site-packages/airflow/example_dags/example_bash_decorator.py for tasks to queue
[2026-06-21T22:03:50.864+0300] {logging_mixin.py:188} INFO - [2026-06-21T22:03:50.863+0300] {dagbag.py:540} INFO - Filling up the DagBag from /media/data/omar/programming course/DEPI/DEPI project/anomx/venv/lib/python3.12/site-packages/airflow/example_dags/example_bash_decorator.py
[2026-06-21T22:03:50.883+0300] {processor.py:840} INFO - DAG(s) 'example_bash_decorator' retrieved from /media/data/omar/programming course/DEPI/DEPI project/anomx/venv/lib/python3.12/site-packages/airflow/example_dags/example_bash_decorator.py
[2026-06-21T22:03:50.901+0300] {logging_mixin.py:188} INFO - [2026-06-21T22:03:50.901+0300] {dag.py:3096} INFO - Sync 1 DAGs
[2026-06-21T22:03:50.911+0300] {logging_mixin.py:188} INFO - [2026-06-21T22:03:50.911+0300] {dag.py:3954} INFO - Setting next_dagrun for example_bash_decorator to None, run_after=None
[2026-06-21T22:03:50.938+0300] {processor.py:183} INFO - Processing /media/data/omar/programming course/DEPI/DEPI project/anomx/venv/lib/python3.12/site-packages/airflow/example_dags/example_bash_decorator.py took 0.092 seconds
[2026-06-21T22:05:11.561+0300] {processor.py:161} INFO - Started process (PID=17962) to work on /media/data/omar/programming course/DEPI/DEPI project/anomx/venv/lib/python3.12/site-packages/airflow/example_dags/example_bash_decorator.py
[2026-06-21T22:05:11.562+0300] {processor.py:830} INFO - Processing file /media/data/omar/programming course/DEPI/DEPI project/anomx/venv/lib/python3.12/site-packages/airflow/example_dags/example_bash_decorator.py for tasks to queue
[2026-06-21T22:05:11.565+0300] {logging_mixin.py:188} INFO - [2026-06-21T22:05:11.564+0300] {dagbag.py:540} INFO - Filling up the DagBag from /media/data/omar/programming course/DEPI/DEPI project/anomx/venv/lib/python3.12/site-packages/airflow/example_dags/example_bash_decorator.py
[2026-06-21T22:05:11.587+0300] {processor.py:840} INFO - DAG(s) 'example_bash_decorator' retrieved from /media/data/omar/programming course/DEPI/DEPI project/anomx/venv/lib/python3.12/site-packages/airflow/example_dags/example_bash_decorator.py
[2026-06-21T22:05:11.606+0300] {logging_mixin.py:188} INFO - [2026-06-21T22:05:11.605+0300] {dag.py:3096} INFO - Sync 1 DAGs
[2026-06-21T22:05:11.617+0300] {logging_mixin.py:188} INFO - [2026-06-21T22:05:11.617+0300] {dag.py:3954} INFO - Setting next_dagrun for example_bash_decorator to None, run_after=None
[2026-06-21T22:05:11.643+0300] {processor.py:183} INFO - Processing /media/data/omar/programming course/DEPI/DEPI project/anomx/venv/lib/python3.12/site-packages/airflow/example_dags/example_bash_decorator.py took 0.092 seconds
[2026-06-21T22:06:38.064+0300] {processor.py:161} INFO - Started process (PID=18094) to work on /media/data/omar/programming course/DEPI/DEPI project/anomx/venv/lib/python3.12/site-packages/airflow/example_dags/example_bash_decorator.py
[2026-06-21T22:06:38.066+0300] {processor.py:830} INFO - Processing file /media/data/omar/programming course/DEPI/DEPI project/anomx/venv/lib/python3.12/site-packages/airflow/example_dags/example_bash_decorator.py for tasks to queue
[2026-06-21T22:06:38.070+0300] {logging_mixin.py:188} INFO - [2026-06-21T22:06:38.069+0300] {dagbag.py:540} INFO - Filling up the DagBag from /media/data/omar/programming course/DEPI/DEPI project/anomx/venv/lib/python3.12/site-packages/airflow/example_dags/example_bash_decorator.py
[2026-06-21T22:06:38.089+0300] {processor.py:840} INFO - DAG(s) 'example_bash_decorator' retrieved from /media/data/omar/programming course/DEPI/DEPI project/anomx/venv/lib/python3.12/site-packages/airflow/example_dags/example_bash_decorator.py
[2026-06-21T22:06:38.106+0300] {logging_mixin.py:188} INFO - [2026-06-21T22:06:38.106+0300] {dag.py:3096} INFO - Sync 1 DAGs
[2026-06-21T22:06:38.119+0300] {logging_mixin.py:188} INFO - [2026-06-21T22:06:38.118+0300] {dag.py:3954} INFO - Setting next_dagrun for example_bash_decorator to None, run_after=None
[2026-06-21T22:06:38.146+0300] {processor.py:183} INFO - Processing /media/data/omar/programming course/DEPI/DEPI project/anomx/venv/lib/python3.12/site-packages/airflow/example_dags/example_bash_decorator.py took 0.095 seconds
[2026-06-21T22:08:06.213+0300] {processor.py:161} INFO - Started process (PID=18238) to work on /media/data/omar/programming course/DEPI/DEPI project/anomx/venv/lib/python3.12/site-packages/airflow/example_dags/example_bash_decorator.py
[2026-06-21T22:08:06.215+0300] {processor.py:830} INFO - Processing file /media/data/omar/programming course/DEPI/DEPI project/anomx/venv/lib/python3.12/site-packages/airflow/example_dags/example_bash_decorator.py for tasks to queue
[2026-06-21T22:08:06.218+0300] {logging_mixin.py:188} INFO - [2026-06-21T22:08:06.217+0300] {dagbag.py:540} INFO - Filling up the DagBag from /media/data/omar/programming course/DEPI/DEPI project/anomx/venv/lib/python3.12/site-packages/airflow/example_dags/example_bash_decorator.py
[2026-06-21T22:08:06.236+0300] {processor.py:840} INFO - DAG(s) 'example_bash_decorator' retrieved from /media/data/omar/programming course/DEPI/DEPI project/anomx/venv/lib/python3.12/site-packages/airflow/example_dags/example_bash_decorator.py
[2026-06-21T22:08:06.252+0300] {logging_mixin.py:188} INFO - [2026-06-21T22:08:06.252+0300] {dag.py:3096} INFO - Sync 1 DAGs
[2026-06-21T22:08:06.262+0300] {logging_mixin.py:188} INFO - [2026-06-21T22:08:06.262+0300] {dag.py:3954} INFO - Setting next_dagrun for example_bash_decorator to None, run_after=None
[2026-06-21T22:08:06.292+0300] {processor.py:183} INFO - Processing /media/data/omar/programming course/DEPI/DEPI project/anomx/venv/lib/python3.12/site-packages/airflow/example_dags/example_bash_decorator.py took 0.092 seconds
[2026-06-21T22:09:30.135+0300] {processor.py:161} INFO - Started process (PID=18496) to work on /media/data/omar/programming course/DEPI/DEPI project/anomx/venv/lib/python3.12/site-packages/airflow/example_dags/example_bash_decorator.py
[2026-06-21T22:09:30.136+0300] {processor.py:830} INFO - Processing file /media/data/omar/programming course/DEPI/DEPI project/anomx/venv/lib/python3.12/site-packages/airflow/example_dags/example_bash_decorator.py for tasks to queue
[2026-06-21T22:09:30.138+0300] {logging_mixin.py:188} INFO - [2026-06-21T22:09:30.137+0300] {dagbag.py:540} INFO - Filling up the DagBag from /media/data/omar/programming course/DEPI/DEPI project/anomx/venv/lib/python3.12/site-packages/airflow/example_dags/example_bash_decorator.py
[2026-06-21T22:09:30.150+0300] {processor.py:840} INFO - DAG(s) 'example_bash_decorator' retrieved from /media/data/omar/programming course/DEPI/DEPI project/anomx/venv/lib/python3.12/site-packages/airflow/example_dags/example_bash_decorator.py
[2026-06-21T22:09:30.169+0300] {logging_mixin.py:188} INFO - [2026-06-21T22:09:30.168+0300] {dag.py:3096} INFO - Sync 1 DAGs
[2026-06-21T22:09:30.178+0300] {logging_mixin.py:188} INFO - [2026-06-21T22:09:30.178+0300] {dag.py:3954} INFO - Setting next_dagrun for example_bash_decorator to None, run_after=None
[2026-06-21T22:09:30.207+0300] {processor.py:183} INFO - Processing /media/data/omar/programming course/DEPI/DEPI project/anomx/venv/lib/python3.12/site-packages/airflow/example_dags/example_bash_decorator.py took 0.079 seconds
[2026-06-21T22:10:40.175+0300] {processor.py:161} INFO - Started process (PID=18699) to work on /media/data/omar/programming course/DEPI/DEPI project/anomx/venv/lib/python3.12/site-packages/airflow/example_dags/example_bash_decorator.py
[2026-06-21T22:10:40.177+0300] {processor.py:830} INFO - Processing file /media/data/omar/programming course/DEPI/DEPI project/anomx/venv/lib/python3.12/site-packages/airflow/example_dags/example_bash_decorator.py for tasks to queue
[2026-06-21T22:10:40.179+0300] {logging_mixin.py:188} INFO - [2026-06-21T22:10:40.178+0300] {dagbag.py:540} INFO - Filling up the DagBag from /media/data/omar/programming course/DEPI/DEPI project/anomx/venv/lib/python3.12/site-packages/airflow/example_dags/example_bash_decorator.py
[2026-06-21T22:10:40.303+0300] {processor.py:840} INFO - DAG(s) 'example_bash_decorator' retrieved from /media/data/omar/programming course/DEPI/DEPI project/anomx/venv/lib/python3.12/site-packages/airflow/example_dags/example_bash_decorator.py
[2026-06-21T22:10:40.318+0300] {logging_mixin.py:188} INFO - [2026-06-21T22:10:40.318+0300] {dag.py:3096} INFO - Sync 1 DAGs
[2026-06-21T22:10:40.327+0300] {logging_mixin.py:188} INFO - [2026-06-21T22:10:40.327+0300] {dag.py:3954} INFO - Setting next_dagrun for example_bash_decorator to None, run_after=None
[2026-06-21T22:10:40.358+0300] {processor.py:183} INFO - Processing /media/data/omar/programming course/DEPI/DEPI project/anomx/venv/lib/python3.12/site-packages/airflow/example_dags/example_bash_decorator.py took 0.190 seconds
[2026-06-21T22:11:37.689+0300] {processor.py:161} INFO - Started process (PID=18840) to work on /media/data/omar/programming course/DEPI/DEPI project/anomx/venv/lib/python3.12/site-packages/airflow/example_dags/example_bash_decorator.py
[2026-06-21T22:11:37.690+0300] {processor.py:830} INFO - Processing file /media/data/omar/programming course/DEPI/DEPI project/anomx/venv/lib/python3.12/site-packages/airflow/example_dags/example_bash_decorator.py for tasks to queue
[2026-06-21T22:11:37.692+0300] {logging_mixin.py:188} INFO - [2026-06-21T22:11:37.692+0300] {dagbag.py:540} INFO - Filling up the DagBag from /media/data/omar/programming course/DEPI/DEPI project/anomx/venv/lib/python3.12/site-packages/airflow/example_dags/example_bash_decorator.py
[2026-06-21T22:11:37.709+0300] {processor.py:840} INFO - DAG(s) 'example_bash_decorator' retrieved from /media/data/omar/programming course/DEPI/DEPI project/anomx/venv/lib/python3.12/site-packages/airflow/example_dags/example_bash_decorator.py
[2026-06-21T22:11:37.736+0300] {logging_mixin.py:188} INFO - [2026-06-21T22:11:37.736+0300] {dag.py:3096} INFO - Sync 1 DAGs
[2026-06-21T22:11:37.749+0300] {logging_mixin.py:188} INFO - [2026-06-21T22:11:37.748+0300] {dag.py:3954} INFO - Setting next_dagrun for example_bash_decorator to None, run_after=None
[2026-06-21T22:11:37.790+0300] {processor.py:183} INFO - Processing /media/data/omar/programming course/DEPI/DEPI project/anomx/venv/lib/python3.12/site-packages/airflow/example_dags/example_bash_decorator.py took 0.106 seconds
[2026-06-21T22:12:58.586+0300] {processor.py:161} INFO - Started process (PID=18980) to work on /media/data/omar/programming course/DEPI/DEPI project/anomx/venv/lib/python3.12/site-packages/airflow/example_dags/example_bash_decorator.py
[2026-06-21T22:12:58.586+0300] {processor.py:830} INFO - Processing file /media/data/omar/programming course/DEPI/DEPI project/anomx/venv/lib/python3.12/site-packages/airflow/example_dags/example_bash_decorator.py for tasks to queue
[2026-06-21T22:12:58.589+0300] {logging_mixin.py:188} INFO - [2026-06-21T22:12:58.588+0300] {dagbag.py:540} INFO - Filling up the DagBag from /media/data/omar/programming course/DEPI/DEPI project/anomx/venv/lib/python3.12/site-packages/airflow/example_dags/example_bash_decorator.py
[2026-06-21T22:12:58.604+0300] {processor.py:840} INFO - DAG(s) 'example_bash_decorator' retrieved from /media/data/omar/programming course/DEPI/DEPI project/anomx/venv/lib/python3.12/site-packages/airflow/example_dags/example_bash_decorator.py
[2026-06-21T22:12:58.639+0300] {logging_mixin.py:188} INFO - [2026-06-21T22:12:58.639+0300] {dag.py:3096} INFO - Sync 1 DAGs
[2026-06-21T22:12:58.650+0300] {logging_mixin.py:188} INFO - [2026-06-21T22:12:58.649+0300] {dag.py:3954} INFO - Setting next_dagrun for example_bash_decorator to None, run_after=None
[2026-06-21T22:12:58.680+0300] {processor.py:183} INFO - Processing /media/data/omar/programming course/DEPI/DEPI project/anomx/venv/lib/python3.12/site-packages/airflow/example_dags/example_bash_decorator.py took 0.103 seconds
[2026-06-21T22:14:18.990+0300] {processor.py:161} INFO - Started process (PID=19177) to work on /media/data/omar/programming course/DEPI/DEPI project/anomx/venv/lib/python3.12/site-packages/airflow/example_dags/example_bash_decorator.py
[2026-06-21T22:14:18.991+0300] {processor.py:830} INFO - Processing file /media/data/omar/programming course/DEPI/DEPI project/anomx/venv/lib/python3.12/site-packages/airflow/example_dags/example_bash_decorator.py for tasks to queue
[2026-06-21T22:14:18.992+0300] {logging_mixin.py:188} INFO - [2026-06-21T22:14:18.992+0300] {dagbag.py:540} INFO - Filling up the DagBag from /media/data/omar/programming course/DEPI/DEPI project/anomx/venv/lib/python3.12/site-packages/airflow/example_dags/example_bash_decorator.py
[2026-06-21T22:14:19.005+0300] {processor.py:840} INFO - DAG(s) 'example_bash_decorator' retrieved from /media/data/omar/programming course/DEPI/DEPI project/anomx/venv/lib/python3.12/site-packages/airflow/example_dags/example_bash_decorator.py
[2026-06-21T22:14:19.334+0300] {logging_mixin.py:188} INFO - [2026-06-21T22:14:19.332+0300] {dag.py:3096} INFO - Sync 1 DAGs
[2026-06-21T22:14:19.363+0300] {logging_mixin.py:188} INFO - [2026-06-21T22:14:19.361+0300] {dag.py:3954} INFO - Setting next_dagrun for example_bash_decorator to None, run_after=None
[2026-06-21T22:14:19.444+0300] {processor.py:183} INFO - Processing /media/data/omar/programming course/DEPI/DEPI project/anomx/venv/lib/python3.12/site-packages/airflow/example_dags/example_bash_decorator.py took 0.459 seconds
[2026-06-21T22:15:16.856+0300] {processor.py:161} INFO - Started process (PID=19269) to work on /media/data/omar/programming course/DEPI/DEPI project/anomx/venv/lib/python3.12/site-packages/airflow/example_dags/example_bash_decorator.py
[2026-06-21T22:15:16.858+0300] {processor.py:830} INFO - Processing file /media/data/omar/programming course/DEPI/DEPI project/anomx/venv/lib/python3.12/site-packages/airflow/example_dags/example_bash_decorator.py for tasks to queue
[2026-06-21T22:15:16.861+0300] {logging_mixin.py:188} INFO - [2026-06-21T22:15:16.860+0300] {dagbag.py:540} INFO - Filling up the DagBag from /media/data/omar/programming course/DEPI/DEPI project/anomx/venv/lib/python3.12/site-packages/airflow/example_dags/example_bash_decorator.py
[2026-06-21T22:15:16.880+0300] {processor.py:840} INFO - DAG(s) 'example_bash_decorator' retrieved from /media/data/omar/programming course/DEPI/DEPI project/anomx/venv/lib/python3.12/site-packages/airflow/example_dags/example_bash_decorator.py
[2026-06-21T22:15:16.921+0300] {logging_mixin.py:188} INFO - [2026-06-21T22:15:16.920+0300] {dag.py:3096} INFO - Sync 1 DAGs
[2026-06-21T22:15:16.942+0300] {logging_mixin.py:188} INFO - [2026-06-21T22:15:16.941+0300] {dag.py:3954} INFO - Setting next_dagrun for example_bash_decorator to None, run_after=None
[2026-06-21T22:15:16.987+0300] {processor.py:183} INFO - Processing /media/data/omar/programming course/DEPI/DEPI project/anomx/venv/lib/python3.12/site-packages/airflow/example_dags/example_bash_decorator.py took 0.149 seconds
[2026-06-21T22:16:36.484+0300] {processor.py:161} INFO - Started process (PID=19706) to work on /media/data/omar/programming course/DEPI/DEPI project/anomx/venv/lib/python3.12/site-packages/airflow/example_dags/example_bash_decorator.py
[2026-06-21T22:16:36.485+0300] {processor.py:830} INFO - Processing file /media/data/omar/programming course/DEPI/DEPI project/anomx/venv/lib/python3.12/site-packages/airflow/example_dags/example_bash_decorator.py for tasks to queue
[2026-06-21T22:16:36.486+0300] {logging_mixin.py:188} INFO - [2026-06-21T22:16:36.486+0300] {dagbag.py:540} INFO - Filling up the DagBag from /media/data/omar/programming course/DEPI/DEPI project/anomx/venv/lib/python3.12/site-packages/airflow/example_dags/example_bash_decorator.py
[2026-06-21T22:16:36.502+0300] {processor.py:840} INFO - DAG(s) 'example_bash_decorator' retrieved from /media/data/omar/programming course/DEPI/DEPI project/anomx/venv/lib/python3.12/site-packages/airflow/example_dags/example_bash_decorator.py
[2026-06-21T22:16:36.527+0300] {logging_mixin.py:188} INFO - [2026-06-21T22:16:36.526+0300] {dag.py:3096} INFO - Sync 1 DAGs
[2026-06-21T22:16:36.538+0300] {logging_mixin.py:188} INFO - [2026-06-21T22:16:36.537+0300] {dag.py:3954} INFO - Setting next_dagrun for example_bash_decorator to None, run_after=None
[2026-06-21T22:16:36.581+0300] {processor.py:183} INFO - Processing /media/data/omar/programming course/DEPI/DEPI project/anomx/venv/lib/python3.12/site-packages/airflow/example_dags/example_bash_decorator.py took 0.106 seconds
[2026-06-21T22:17:36.424+0300] {processor.py:161} INFO - Started process (PID=19863) to work on /media/data/omar/programming course/DEPI/DEPI project/anomx/venv/lib/python3.12/site-packages/airflow/example_dags/example_bash_decorator.py
[2026-06-21T22:17:36.424+0300] {processor.py:830} INFO - Processing file /media/data/omar/programming course/DEPI/DEPI project/anomx/venv/lib/python3.12/site-packages/airflow/example_dags/example_bash_decorator.py for tasks to queue
[2026-06-21T22:17:36.426+0300] {logging_mixin.py:188} INFO - [2026-06-21T22:17:36.426+0300] {dagbag.py:540} INFO - Filling up the DagBag from /media/data/omar/programming course/DEPI/DEPI project/anomx/venv/lib/python3.12/site-packages/airflow/example_dags/example_bash_decorator.py
[2026-06-21T22:17:36.439+0300] {processor.py:840} INFO - DAG(s) 'example_bash_decorator' retrieved from /media/data/omar/programming course/DEPI/DEPI project/anomx/venv/lib/python3.12/site-packages/airflow/example_dags/example_bash_decorator.py
[2026-06-21T22:17:36.459+0300] {logging_mixin.py:188} INFO - [2026-06-21T22:17:36.458+0300] {dag.py:3096} INFO - Sync 1 DAGs
[2026-06-21T22:17:36.470+0300] {logging_mixin.py:188} INFO - [2026-06-21T22:17:36.470+0300] {dag.py:3954} INFO - Setting next_dagrun for example_bash_decorator to None, run_after=None
[2026-06-21T22:17:36.501+0300] {processor.py:183} INFO - Processing /media/data/omar/programming course/DEPI/DEPI project/anomx/venv/lib/python3.12/site-packages/airflow/example_dags/example_bash_decorator.py took 0.083 seconds
[2026-06-21T22:18:34.852+0300] {processor.py:161} INFO - Started process (PID=19979) to work on /media/data/omar/programming course/DEPI/DEPI project/anomx/venv/lib/python3.12/site-packages/airflow/example_dags/example_bash_decorator.py
[2026-06-21T22:18:34.854+0300] {processor.py:830} INFO - Processing file /media/data/omar/programming course/DEPI/DEPI project/anomx/venv/lib/python3.12/site-packages/airflow/example_dags/example_bash_decorator.py for tasks to queue
[2026-06-21T22:18:34.858+0300] {logging_mixin.py:188} INFO - [2026-06-21T22:18:34.857+0300] {dagbag.py:540} INFO - Filling up the DagBag from /media/data/omar/programming course/DEPI/DEPI project/anomx/venv/lib/python3.12/site-packages/airflow/example_dags/example_bash_decorator.py
[2026-06-21T22:18:34.876+0300] {processor.py:840} INFO - DAG(s) 'example_bash_decorator' retrieved from /media/data/omar/programming course/DEPI/DEPI project/anomx/venv/lib/python3.12/site-packages/airflow/example_dags/example_bash_decorator.py
[2026-06-21T22:18:34.906+0300] {logging_mixin.py:188} INFO - [2026-06-21T22:18:34.905+0300] {dag.py:3096} INFO - Sync 1 DAGs
[2026-06-21T22:18:34.919+0300] {logging_mixin.py:188} INFO - [2026-06-21T22:18:34.918+0300] {dag.py:3954} INFO - Setting next_dagrun for example_bash_decorator to None, run_after=None
[2026-06-21T22:18:35.019+0300] {processor.py:183} INFO - Processing /media/data/omar/programming course/DEPI/DEPI project/anomx/venv/lib/python3.12/site-packages/airflow/example_dags/example_bash_decorator.py took 0.180 seconds
[2026-06-21T22:20:01.821+0300] {processor.py:161} INFO - Started process (PID=20130) to work on /media/data/omar/programming course/DEPI/DEPI project/anomx/venv/lib/python3.12/site-packages/airflow/example_dags/example_bash_decorator.py
[2026-06-21T22:20:01.821+0300] {processor.py:830} INFO - Processing file /media/data/omar/programming course/DEPI/DEPI project/anomx/venv/lib/python3.12/site-packages/airflow/example_dags/example_bash_decorator.py for tasks to queue
[2026-06-21T22:20:01.823+0300] {logging_mixin.py:188} INFO - [2026-06-21T22:20:01.822+0300] {dagbag.py:540} INFO - Filling up the DagBag from /media/data/omar/programming course/DEPI/DEPI project/anomx/venv/lib/python3.12/site-packages/airflow/example_dags/example_bash_decorator.py
[2026-06-21T22:20:01.834+0300] {processor.py:840} INFO - DAG(s) 'example_bash_decorator' retrieved from /media/data/omar/programming course/DEPI/DEPI project/anomx/venv/lib/python3.12/site-packages/airflow/example_dags/example_bash_decorator.py
[2026-06-21T22:20:01.849+0300] {logging_mixin.py:188} INFO - [2026-06-21T22:20:01.849+0300] {dag.py:3096} INFO - Sync 1 DAGs
[2026-06-21T22:20:01.858+0300] {logging_mixin.py:188} INFO - [2026-06-21T22:20:01.857+0300] {dag.py:3954} INFO - Setting next_dagrun for example_bash_decorator to None, run_after=None
[2026-06-21T22:20:01.899+0300] {processor.py:183} INFO - Processing /media/data/omar/programming course/DEPI/DEPI project/anomx/venv/lib/python3.12/site-packages/airflow/example_dags/example_bash_decorator.py took 0.083 seconds
[2026-06-21T22:21:38.974+0300] {processor.py:161} INFO - Started process (PID=20292) to work on /media/data/omar/programming course/DEPI/DEPI project/anomx/venv/lib/python3.12/site-packages/airflow/example_dags/example_bash_decorator.py
[2026-06-21T22:21:38.975+0300] {processor.py:830} INFO - Processing file /media/data/omar/programming course/DEPI/DEPI project/anomx/venv/lib/python3.12/site-packages/airflow/example_dags/example_bash_decorator.py for tasks to queue
[2026-06-21T22:21:38.977+0300] {logging_mixin.py:188} INFO - [2026-06-21T22:21:38.977+0300] {dagbag.py:540} INFO - Filling up the DagBag from /media/data/omar/programming course/DEPI/DEPI project/anomx/venv/lib/python3.12/site-packages/airflow/example_dags/example_bash_decorator.py
[2026-06-21T22:21:39.007+0300] {processor.py:840} INFO - DAG(s) 'example_bash_decorator' retrieved from /media/data/omar/programming course/DEPI/DEPI project/anomx/venv/lib/python3.12/site-packages/airflow/example_dags/example_bash_decorator.py
[2026-06-21T22:21:39.610+0300] {logging_mixin.py:188} INFO - [2026-06-21T22:21:39.609+0300] {dag.py:3096} INFO - Sync 1 DAGs
[2026-06-21T22:21:39.623+0300] {logging_mixin.py:188} INFO - [2026-06-21T22:21:39.623+0300] {dag.py:3954} INFO - Setting next_dagrun for example_bash_decorator to None, run_after=None
[2026-06-21T22:21:39.658+0300] {processor.py:183} INFO - Processing /media/data/omar/programming course/DEPI/DEPI project/anomx/venv/lib/python3.12/site-packages/airflow/example_dags/example_bash_decorator.py took 0.690 seconds
[2026-06-21T22:23:50.251+0300] {processor.py:161} INFO - Started process (PID=20521) to work on /media/data/omar/programming course/DEPI/DEPI project/anomx/venv/lib/python3.12/site-packages/airflow/example_dags/example_bash_decorator.py
[2026-06-21T22:23:50.252+0300] {processor.py:830} INFO - Processing file /media/data/omar/programming course/DEPI/DEPI project/anomx/venv/lib/python3.12/site-packages/airflow/example_dags/example_bash_decorator.py for tasks to queue
[2026-06-21T22:23:50.253+0300] {logging_mixin.py:188} INFO - [2026-06-21T22:23:50.253+0300] {dagbag.py:540} INFO - Filling up the DagBag from /media/data/omar/programming course/DEPI/DEPI project/anomx/venv/lib/python3.12/site-packages/airflow/example_dags/example_bash_decorator.py
[2026-06-21T22:23:50.265+0300] {processor.py:840} INFO - DAG(s) 'example_bash_decorator' retrieved from /media/data/omar/programming course/DEPI/DEPI project/anomx/venv/lib/python3.12/site-packages/airflow/example_dags/example_bash_decorator.py
[2026-06-21T22:23:50.416+0300] {logging_mixin.py:188} INFO - [2026-06-21T22:23:50.416+0300] {dag.py:3096} INFO - Sync 1 DAGs
[2026-06-21T22:23:50.424+0300] {logging_mixin.py:188} INFO - [2026-06-21T22:23:50.424+0300] {dag.py:3954} INFO - Setting next_dagrun for example_bash_decorator to None, run_after=None
[2026-06-21T22:23:50.454+0300] {processor.py:183} INFO - Processing /media/data/omar/programming course/DEPI/DEPI project/anomx/venv/lib/python3.12/site-packages/airflow/example_dags/example_bash_decorator.py took 0.208 seconds
[2026-06-21T22:48:38.938+0300] {processor.py:161} INFO - Started process (PID=22182) to work on /media/data/omar/programming course/DEPI/DEPI project/anomx/venv/lib/python3.12/site-packages/airflow/example_dags/example_bash_decorator.py
[2026-06-21T22:48:38.939+0300] {processor.py:830} INFO - Processing file /media/data/omar/programming course/DEPI/DEPI project/anomx/venv/lib/python3.12/site-packages/airflow/example_dags/example_bash_decorator.py for tasks to queue
[2026-06-21T22:48:38.941+0300] {logging_mixin.py:188} INFO - [2026-06-21T22:48:38.941+0300] {dagbag.py:540} INFO - Filling up the DagBag from /media/data/omar/programming course/DEPI/DEPI project/anomx/venv/lib/python3.12/site-packages/airflow/example_dags/example_bash_decorator.py
[2026-06-21T22:48:38.957+0300] {processor.py:840} INFO - DAG(s) 'example_bash_decorator' retrieved from /media/data/omar/programming course/DEPI/DEPI project/anomx/venv/lib/python3.12/site-packages/airflow/example_dags/example_bash_decorator.py
[2026-06-21T22:48:39.120+0300] {logging_mixin.py:188} INFO - [2026-06-21T22:48:39.120+0300] {dag.py:3096} INFO - Sync 1 DAGs
[2026-06-21T22:48:39.130+0300] {logging_mixin.py:188} INFO - [2026-06-21T22:48:39.129+0300] {dag.py:3118} INFO - Creating ORM DAG for example_bash_decorator
[2026-06-21T22:48:39.131+0300] {logging_mixin.py:188} INFO - [2026-06-21T22:48:39.130+0300] {dag.py:3954} INFO - Setting next_dagrun for example_bash_decorator to None, run_after=None
[2026-06-21T22:48:39.161+0300] {processor.py:183} INFO - Processing /media/data/omar/programming course/DEPI/DEPI project/anomx/venv/lib/python3.12/site-packages/airflow/example_dags/example_bash_decorator.py took 0.231 seconds
[2026-06-21T22:50:02.726+0300] {processor.py:161} INFO - Started process (PID=22324) to work on /media/data/omar/programming course/DEPI/DEPI project/anomx/venv/lib/python3.12/site-packages/airflow/example_dags/example_bash_decorator.py
[2026-06-21T22:50:02.728+0300] {processor.py:830} INFO - Processing file /media/data/omar/programming course/DEPI/DEPI project/anomx/venv/lib/python3.12/site-packages/airflow/example_dags/example_bash_decorator.py for tasks to queue
[2026-06-21T22:50:02.730+0300] {logging_mixin.py:188} INFO - [2026-06-21T22:50:02.729+0300] {dagbag.py:540} INFO - Filling up the DagBag from /media/data/omar/programming course/DEPI/DEPI project/anomx/venv/lib/python3.12/site-packages/airflow/example_dags/example_bash_decorator.py
[2026-06-21T22:50:02.745+0300] {processor.py:840} INFO - DAG(s) 'example_bash_decorator' retrieved from /media/data/omar/programming course/DEPI/DEPI project/anomx/venv/lib/python3.12/site-packages/airflow/example_dags/example_bash_decorator.py
[2026-06-21T22:50:02.761+0300] {logging_mixin.py:188} INFO - [2026-06-21T22:50:02.761+0300] {dag.py:3096} INFO - Sync 1 DAGs
[2026-06-21T22:50:02.770+0300] {logging_mixin.py:188} INFO - [2026-06-21T22:50:02.770+0300] {dag.py:3954} INFO - Setting next_dagrun for example_bash_decorator to None, run_after=None
[2026-06-21T22:50:02.798+0300] {processor.py:183} INFO - Processing /media/data/omar/programming course/DEPI/DEPI project/anomx/venv/lib/python3.12/site-packages/airflow/example_dags/example_bash_decorator.py took 0.082 seconds
[2026-06-21T22:51:02.653+0300] {processor.py:161} INFO - Started process (PID=22585) to work on /media/data/omar/programming course/DEPI/DEPI project/anomx/venv/lib/python3.12/site-packages/airflow/example_dags/example_bash_decorator.py
[2026-06-21T22:51:02.655+0300] {processor.py:830} INFO - Processing file /media/data/omar/programming course/DEPI/DEPI project/anomx/venv/lib/python3.12/site-packages/airflow/example_dags/example_bash_decorator.py for tasks to queue
[2026-06-21T22:51:02.663+0300] {logging_mixin.py:188} INFO - [2026-06-21T22:51:02.661+0300] {dagbag.py:540} INFO - Filling up the DagBag from /media/data/omar/programming course/DEPI/DEPI project/anomx/venv/lib/python3.12/site-packages/airflow/example_dags/example_bash_decorator.py
[2026-06-21T22:51:02.698+0300] {processor.py:840} INFO - DAG(s) 'example_bash_decorator' retrieved from /media/data/omar/programming course/DEPI/DEPI project/anomx/venv/lib/python3.12/site-packages/airflow/example_dags/example_bash_decorator.py
[2026-06-21T22:51:02.746+0300] {logging_mixin.py:188} INFO - [2026-06-21T22:51:02.745+0300] {dag.py:3096} INFO - Sync 1 DAGs
[2026-06-21T22:51:02.765+0300] {logging_mixin.py:188} INFO - [2026-06-21T22:51:02.764+0300] {dag.py:3954} INFO - Setting next_dagrun for example_bash_decorator to None, run_after=None
[2026-06-21T22:51:02.810+0300] {processor.py:183} INFO - Processing /media/data/omar/programming course/DEPI/DEPI project/anomx/venv/lib/python3.12/site-packages/airflow/example_dags/example_bash_decorator.py took 0.172 seconds
