[2026-06-21T21:39:32.703+0300] {processor.py:161} INFO - Started process (PID=15143) to work on /media/data/omar/programming course/DEPI/DEPI project/anomx/venv/lib/python3.12/site-packages/airflow/example_dags/example_branch_operator_decorator.py
[2026-06-21T21:39:32.704+0300] {processor.py:830} INFO - Processing file /media/data/omar/programming course/DEPI/DEPI project/anomx/venv/lib/python3.12/site-packages/airflow/example_dags/example_branch_operator_decorator.py for tasks to queue
[2026-06-21T21:39:32.707+0300] {logging_mixin.py:188} INFO - [2026-06-21T21:39:32.706+0300] {dagbag.py:540} INFO - Filling up the DagBag from /media/data/omar/programming course/DEPI/DEPI project/anomx/venv/lib/python3.12/site-packages/airflow/example_dags/example_branch_operator_decorator.py
[2026-06-21T21:39:32.732+0300] {processor.py:840} INFO - DAG(s) 'example_branch_python_operator_decorator' retrieved from /media/data/omar/programming course/DEPI/DEPI project/anomx/venv/lib/python3.12/site-packages/airflow/example_dags/example_branch_operator_decorator.py
[2026-06-21T21:39:32.935+0300] {logging_mixin.py:188} INFO - [2026-06-21T21:39:32.934+0300] {override.py:1829} INFO - Created Permission View: can edit on DAG:example_branch_python_operator_decorator
[2026-06-21T21:39:32.956+0300] {logging_mixin.py:188} INFO - [2026-06-21T21:39:32.955+0300] {override.py:1829} INFO - Created Permission View: can read on DAG:example_branch_python_operator_decorator
[2026-06-21T21:39:32.972+0300] {logging_mixin.py:188} INFO - [2026-06-21T21:39:32.972+0300] {override.py:1829} INFO - Created Permission View: can delete on DAG:example_branch_python_operator_decorator
[2026-06-21T21:39:32.973+0300] {logging_mixin.py:188} INFO - [2026-06-21T21:39:32.973+0300] {dag.py:3096} INFO - Sync 1 DAGs
[2026-06-21T21:39:32.984+0300] {logging_mixin.py:188} INFO - [2026-06-21T21:39:32.984+0300] {dag.py:3118} INFO - Creating ORM DAG for example_branch_python_operator_decorator
[2026-06-21T21:39:32.993+0300] {logging_mixin.py:188} INFO - [2026-06-21T21:39:32.993+0300] {dag.py:3954} INFO - Setting next_dagrun for example_branch_python_operator_decorator to 2026-06-20 00:00:00+00:00, run_after=2026-06-21 00:00:00+00:00
[2026-06-21T21:39:33.022+0300] {processor.py:183} INFO - Processing /media/data/omar/programming course/DEPI/DEPI project/anomx/venv/lib/python3.12/site-packages/airflow/example_dags/example_branch_operator_decorator.py took 0.327 seconds
[2026-06-21T21:40:34.704+0300] {processor.py:161} INFO - Started process (PID=15247) to work on /media/data/omar/programming course/DEPI/DEPI project/anomx/venv/lib/python3.12/site-packages/airflow/example_dags/example_branch_operator_decorator.py
[2026-06-21T21:40:34.708+0300] {processor.py:830} INFO - Processing file /media/data/omar/programming course/DEPI/DEPI project/anomx/venv/lib/python3.12/site-packages/airflow/example_dags/example_branch_operator_decorator.py for tasks to queue
[2026-06-21T21:40:34.715+0300] {logging_mixin.py:188} INFO - [2026-06-21T21:40:34.712+0300] {dagbag.py:540} INFO - Filling up the DagBag from /media/data/omar/programming course/DEPI/DEPI project/anomx/venv/lib/python3.12/site-packages/airflow/example_dags/example_branch_operator_decorator.py
[2026-06-21T21:40:34.752+0300] {processor.py:840} INFO - DAG(s) 'example_branch_python_operator_decorator' retrieved from /media/data/omar/programming course/DEPI/DEPI project/anomx/venv/lib/python3.12/site-packages/airflow/example_dags/example_branch_operator_decorator.py
[2026-06-21T21:40:34.775+0300] {logging_mixin.py:188} INFO - [2026-06-21T21:40:34.774+0300] {dag.py:3096} INFO - Sync 1 DAGs
[2026-06-21T21:40:34.791+0300] {logging_mixin.py:188} INFO - [2026-06-21T21:40:34.791+0300] {dag.py:3954} INFO - Setting next_dagrun for example_branch_python_operator_decorator to 2026-06-20 00:00:00+00:00, run_after=2026-06-21 00:00:00+00:00
[2026-06-21T21:40:34.822+0300] {processor.py:183} INFO - Processing /media/data/omar/programming course/DEPI/DEPI project/anomx/venv/lib/python3.12/site-packages/airflow/example_dags/example_branch_operator_decorator.py took 0.136 seconds
[2026-06-21T21:41:36.957+0300] {processor.py:161} INFO - Started process (PID=15391) to work on /media/data/omar/programming course/DEPI/DEPI project/anomx/venv/lib/python3.12/site-packages/airflow/example_dags/example_branch_operator_decorator.py
[2026-06-21T21:41:36.960+0300] {processor.py:830} INFO - Processing file /media/data/omar/programming course/DEPI/DEPI project/anomx/venv/lib/python3.12/site-packages/airflow/example_dags/example_branch_operator_decorator.py for tasks to queue
[2026-06-21T21:41:36.970+0300] {logging_mixin.py:188} INFO - [2026-06-21T21:41:36.968+0300] {dagbag.py:540} INFO - Filling up the DagBag from /media/data/omar/programming course/DEPI/DEPI project/anomx/venv/lib/python3.12/site-packages/airflow/example_dags/example_branch_operator_decorator.py
[2026-06-21T21:41:37.047+0300] {processor.py:840} INFO - DAG(s) 'example_branch_python_operator_decorator' retrieved from /media/data/omar/programming course/DEPI/DEPI project/anomx/venv/lib/python3.12/site-packages/airflow/example_dags/example_branch_operator_decorator.py
[2026-06-21T21:41:37.113+0300] {logging_mixin.py:188} INFO - [2026-06-21T21:41:37.110+0300] {dag.py:3096} INFO - Sync 1 DAGs
[2026-06-21T21:41:37.180+0300] {logging_mixin.py:188} INFO - [2026-06-21T21:41:37.180+0300] {dag.py:3954} INFO - Setting next_dagrun for example_branch_python_operator_decorator to 2026-06-20 00:00:00+00:00, run_after=2026-06-21 00:00:00+00:00
[2026-06-21T21:41:37.260+0300] {processor.py:183} INFO - Processing /media/data/omar/programming course/DEPI/DEPI project/anomx/venv/lib/python3.12/site-packages/airflow/example_dags/example_branch_operator_decorator.py took 0.317 seconds
[2026-06-21T21:42:44.473+0300] {processor.py:161} INFO - Started process (PID=15500) to work on /media/data/omar/programming course/DEPI/DEPI project/anomx/venv/lib/python3.12/site-packages/airflow/example_dags/example_branch_operator_decorator.py
[2026-06-21T21:42:44.474+0300] {processor.py:830} INFO - Processing file /media/data/omar/programming course/DEPI/DEPI project/anomx/venv/lib/python3.12/site-packages/airflow/example_dags/example_branch_operator_decorator.py for tasks to queue
[2026-06-21T21:42:44.478+0300] {logging_mixin.py:188} INFO - [2026-06-21T21:42:44.477+0300] {dagbag.py:540} INFO - Filling up the DagBag from /media/data/omar/programming course/DEPI/DEPI project/anomx/venv/lib/python3.12/site-packages/airflow/example_dags/example_branch_operator_decorator.py
[2026-06-21T21:42:44.505+0300] {processor.py:840} INFO - DAG(s) 'example_branch_python_operator_decorator' retrieved from /media/data/omar/programming course/DEPI/DEPI project/anomx/venv/lib/python3.12/site-packages/airflow/example_dags/example_branch_operator_decorator.py
[2026-06-21T21:42:44.526+0300] {logging_mixin.py:188} INFO - [2026-06-21T21:42:44.526+0300] {dag.py:3096} INFO - Sync 1 DAGs
[2026-06-21T21:42:44.543+0300] {logging_mixin.py:188} INFO - [2026-06-21T21:42:44.543+0300] {dag.py:3954} INFO - Setting next_dagrun for example_branch_python_operator_decorator to 2026-06-20 00:00:00+00:00, run_after=2026-06-21 00:00:00+00:00
[2026-06-21T21:42:44.569+0300] {processor.py:183} INFO - Processing /media/data/omar/programming course/DEPI/DEPI project/anomx/venv/lib/python3.12/site-packages/airflow/example_dags/example_branch_operator_decorator.py took 0.113 seconds
[2026-06-21T21:43:44.787+0300] {processor.py:161} INFO - Started process (PID=15699) to work on /media/data/omar/programming course/DEPI/DEPI project/anomx/venv/lib/python3.12/site-packages/airflow/example_dags/example_branch_operator_decorator.py
[2026-06-21T21:43:44.797+0300] {processor.py:830} INFO - Processing file /media/data/omar/programming course/DEPI/DEPI project/anomx/venv/lib/python3.12/site-packages/airflow/example_dags/example_branch_operator_decorator.py for tasks to queue
[2026-06-21T21:43:44.804+0300] {logging_mixin.py:188} INFO - [2026-06-21T21:43:44.803+0300] {dagbag.py:540} INFO - Filling up the DagBag from /media/data/omar/programming course/DEPI/DEPI project/anomx/venv/lib/python3.12/site-packages/airflow/example_dags/example_branch_operator_decorator.py
[2026-06-21T21:43:44.881+0300] {processor.py:840} INFO - DAG(s) 'example_branch_python_operator_decorator' retrieved from /media/data/omar/programming course/DEPI/DEPI project/anomx/venv/lib/python3.12/site-packages/airflow/example_dags/example_branch_operator_decorator.py
[2026-06-21T21:43:44.923+0300] {logging_mixin.py:188} INFO - [2026-06-21T21:43:44.923+0300] {dag.py:3096} INFO - Sync 1 DAGs
[2026-06-21T21:43:44.943+0300] {logging_mixin.py:188} INFO - [2026-06-21T21:43:44.943+0300] {dag.py:3954} INFO - Setting next_dagrun for example_branch_python_operator_decorator to 2026-06-20 00:00:00+00:00, run_after=2026-06-21 00:00:00+00:00
[2026-06-21T21:43:44.975+0300] {processor.py:183} INFO - Processing /media/data/omar/programming course/DEPI/DEPI project/anomx/venv/lib/python3.12/site-packages/airflow/example_dags/example_branch_operator_decorator.py took 0.199 seconds
[2026-06-21T21:44:42.696+0300] {processor.py:161} INFO - Started process (PID=15816) to work on /media/data/omar/programming course/DEPI/DEPI project/anomx/venv/lib/python3.12/site-packages/airflow/example_dags/example_branch_operator_decorator.py
[2026-06-21T21:44:42.698+0300] {processor.py:830} INFO - Processing file /media/data/omar/programming course/DEPI/DEPI project/anomx/venv/lib/python3.12/site-packages/airflow/example_dags/example_branch_operator_decorator.py for tasks to queue
[2026-06-21T21:44:42.700+0300] {logging_mixin.py:188} INFO - [2026-06-21T21:44:42.700+0300] {dagbag.py:540} INFO - Filling up the DagBag from /media/data/omar/programming course/DEPI/DEPI project/anomx/venv/lib/python3.12/site-packages/airflow/example_dags/example_branch_operator_decorator.py
[2026-06-21T21:44:42.747+0300] {processor.py:840} INFO - DAG(s) 'example_branch_python_operator_decorator' retrieved from /media/data/omar/programming course/DEPI/DEPI project/anomx/venv/lib/python3.12/site-packages/airflow/example_dags/example_branch_operator_decorator.py
[2026-06-21T21:44:42.788+0300] {logging_mixin.py:188} INFO - [2026-06-21T21:44:42.787+0300] {dag.py:3096} INFO - Sync 1 DAGs
[2026-06-21T21:44:42.820+0300] {logging_mixin.py:188} INFO - [2026-06-21T21:44:42.819+0300] {dag.py:3954} INFO - Setting next_dagrun for example_branch_python_operator_decorator to 2026-06-20 00:00:00+00:00, run_after=2026-06-21 00:00:00+00:00
[2026-06-21T21:44:42.864+0300] {processor.py:183} INFO - Processing /media/data/omar/programming course/DEPI/DEPI project/anomx/venv/lib/python3.12/site-packages/airflow/example_dags/example_branch_operator_decorator.py took 0.176 seconds
[2026-06-21T21:47:18.468+0300] {processor.py:161} INFO - Started process (PID=16124) to work on /media/data/omar/programming course/DEPI/DEPI project/anomx/venv/lib/python3.12/site-packages/airflow/example_dags/example_branch_operator_decorator.py
[2026-06-21T21:47:18.470+0300] {processor.py:830} INFO - Processing file /media/data/omar/programming course/DEPI/DEPI project/anomx/venv/lib/python3.12/site-packages/airflow/example_dags/example_branch_operator_decorator.py for tasks to queue
[2026-06-21T21:47:18.472+0300] {logging_mixin.py:188} INFO - [2026-06-21T21:47:18.471+0300] {dagbag.py:540} INFO - Filling up the DagBag from /media/data/omar/programming course/DEPI/DEPI project/anomx/venv/lib/python3.12/site-packages/airflow/example_dags/example_branch_operator_decorator.py
[2026-06-21T21:47:18.499+0300] {processor.py:840} INFO - DAG(s) 'example_branch_python_operator_decorator' retrieved from /media/data/omar/programming course/DEPI/DEPI project/anomx/venv/lib/python3.12/site-packages/airflow/example_dags/example_branch_operator_decorator.py
[2026-06-21T21:47:18.523+0300] {logging_mixin.py:188} INFO - [2026-06-21T21:47:18.522+0300] {dag.py:3096} INFO - Sync 1 DAGs
[2026-06-21T21:47:18.542+0300] {logging_mixin.py:188} INFO - [2026-06-21T21:47:18.541+0300] {dag.py:3954} INFO - Setting next_dagrun for example_branch_python_operator_decorator to 2026-06-20 00:00:00+00:00, run_after=2026-06-21 00:00:00+00:00
[2026-06-21T21:47:18.572+0300] {processor.py:183} INFO - Processing /media/data/omar/programming course/DEPI/DEPI project/anomx/venv/lib/python3.12/site-packages/airflow/example_dags/example_branch_operator_decorator.py took 0.113 seconds
[2026-06-21T21:48:19.477+0300] {processor.py:161} INFO - Started process (PID=16216) to work on /media/data/omar/programming course/DEPI/DEPI project/anomx/venv/lib/python3.12/site-packages/airflow/example_dags/example_branch_operator_decorator.py
[2026-06-21T21:48:19.478+0300] {processor.py:830} INFO - Processing file /media/data/omar/programming course/DEPI/DEPI project/anomx/venv/lib/python3.12/site-packages/airflow/example_dags/example_branch_operator_decorator.py for tasks to queue
[2026-06-21T21:48:19.480+0300] {logging_mixin.py:188} INFO - [2026-06-21T21:48:19.479+0300] {dagbag.py:540} INFO - Filling up the DagBag from /media/data/omar/programming course/DEPI/DEPI project/anomx/venv/lib/python3.12/site-packages/airflow/example_dags/example_branch_operator_decorator.py
[2026-06-21T21:48:19.505+0300] {processor.py:840} INFO - DAG(s) 'example_branch_python_operator_decorator' retrieved from /media/data/omar/programming course/DEPI/DEPI project/anomx/venv/lib/python3.12/site-packages/airflow/example_dags/example_branch_operator_decorator.py
[2026-06-21T21:48:19.528+0300] {logging_mixin.py:188} INFO - [2026-06-21T21:48:19.527+0300] {dag.py:3096} INFO - Sync 1 DAGs
[2026-06-21T21:48:19.547+0300] {logging_mixin.py:188} INFO - [2026-06-21T21:48:19.547+0300] {dag.py:3954} INFO - Setting next_dagrun for example_branch_python_operator_decorator to 2026-06-20 00:00:00+00:00, run_after=2026-06-21 00:00:00+00:00
[2026-06-21T21:48:19.578+0300] {processor.py:183} INFO - Processing /media/data/omar/programming course/DEPI/DEPI project/anomx/venv/lib/python3.12/site-packages/airflow/example_dags/example_branch_operator_decorator.py took 0.109 seconds
[2026-06-21T21:49:18.985+0300] {processor.py:161} INFO - Started process (PID=16298) to work on /media/data/omar/programming course/DEPI/DEPI project/anomx/venv/lib/python3.12/site-packages/airflow/example_dags/example_branch_operator_decorator.py
[2026-06-21T21:49:18.986+0300] {processor.py:830} INFO - Processing file /media/data/omar/programming course/DEPI/DEPI project/anomx/venv/lib/python3.12/site-packages/airflow/example_dags/example_branch_operator_decorator.py for tasks to queue
[2026-06-21T21:49:18.989+0300] {logging_mixin.py:188} INFO - [2026-06-21T21:49:18.988+0300] {dagbag.py:540} INFO - Filling up the DagBag from /media/data/omar/programming course/DEPI/DEPI project/anomx/venv/lib/python3.12/site-packages/airflow/example_dags/example_branch_operator_decorator.py
[2026-06-21T21:49:19.023+0300] {processor.py:840} INFO - DAG(s) 'example_branch_python_operator_decorator' retrieved from /media/data/omar/programming course/DEPI/DEPI project/anomx/venv/lib/python3.12/site-packages/airflow/example_dags/example_branch_operator_decorator.py
[2026-06-21T21:49:19.049+0300] {logging_mixin.py:188} INFO - [2026-06-21T21:49:19.049+0300] {dag.py:3096} INFO - Sync 1 DAGs
[2026-06-21T21:49:19.068+0300] {logging_mixin.py:188} INFO - [2026-06-21T21:49:19.067+0300] {dag.py:3954} INFO - Setting next_dagrun for example_branch_python_operator_decorator to 2026-06-20 00:00:00+00:00, run_after=2026-06-21 00:00:00+00:00
[2026-06-21T21:49:19.098+0300] {processor.py:183} INFO - Processing /media/data/omar/programming course/DEPI/DEPI project/anomx/venv/lib/python3.12/site-packages/airflow/example_dags/example_branch_operator_decorator.py took 0.121 seconds
[2026-06-21T21:51:37.030+0300] {processor.py:161} INFO - Started process (PID=16550) to work on /media/data/omar/programming course/DEPI/DEPI project/anomx/venv/lib/python3.12/site-packages/airflow/example_dags/example_branch_operator_decorator.py
[2026-06-21T21:51:37.031+0300] {processor.py:830} INFO - Processing file /media/data/omar/programming course/DEPI/DEPI project/anomx/venv/lib/python3.12/site-packages/airflow/example_dags/example_branch_operator_decorator.py for tasks to queue
[2026-06-21T21:51:37.035+0300] {logging_mixin.py:188} INFO - [2026-06-21T21:51:37.034+0300] {dagbag.py:540} INFO - Filling up the DagBag from /media/data/omar/programming course/DEPI/DEPI project/anomx/venv/lib/python3.12/site-packages/airflow/example_dags/example_branch_operator_decorator.py
[2026-06-21T21:51:37.061+0300] {processor.py:840} INFO - DAG(s) 'example_branch_python_operator_decorator' retrieved from /media/data/omar/programming course/DEPI/DEPI project/anomx/venv/lib/python3.12/site-packages/airflow/example_dags/example_branch_operator_decorator.py
[2026-06-21T21:51:37.083+0300] {logging_mixin.py:188} INFO - [2026-06-21T21:51:37.083+0300] {dag.py:3096} INFO - Sync 1 DAGs
[2026-06-21T21:51:37.103+0300] {logging_mixin.py:188} INFO - [2026-06-21T21:51:37.103+0300] {dag.py:3954} INFO - Setting next_dagrun for example_branch_python_operator_decorator to 2026-06-20 00:00:00+00:00, run_after=2026-06-21 00:00:00+00:00
[2026-06-21T21:51:37.132+0300] {processor.py:183} INFO - Processing /media/data/omar/programming course/DEPI/DEPI project/anomx/venv/lib/python3.12/site-packages/airflow/example_dags/example_branch_operator_decorator.py took 0.122 seconds
[2026-06-21T21:53:06.748+0300] {processor.py:161} INFO - Started process (PID=16718) to work on /media/data/omar/programming course/DEPI/DEPI project/anomx/venv/lib/python3.12/site-packages/airflow/example_dags/example_branch_operator_decorator.py
[2026-06-21T21:53:06.750+0300] {processor.py:830} INFO - Processing file /media/data/omar/programming course/DEPI/DEPI project/anomx/venv/lib/python3.12/site-packages/airflow/example_dags/example_branch_operator_decorator.py for tasks to queue
[2026-06-21T21:53:06.753+0300] {logging_mixin.py:188} INFO - [2026-06-21T21:53:06.752+0300] {dagbag.py:540} INFO - Filling up the DagBag from /media/data/omar/programming course/DEPI/DEPI project/anomx/venv/lib/python3.12/site-packages/airflow/example_dags/example_branch_operator_decorator.py
[2026-06-21T21:53:06.783+0300] {processor.py:840} INFO - DAG(s) 'example_branch_python_operator_decorator' retrieved from /media/data/omar/programming course/DEPI/DEPI project/anomx/venv/lib/python3.12/site-packages/airflow/example_dags/example_branch_operator_decorator.py
[2026-06-21T21:53:06.804+0300] {logging_mixin.py:188} INFO - [2026-06-21T21:53:06.804+0300] {dag.py:3096} INFO - Sync 1 DAGs
[2026-06-21T21:53:06.822+0300] {logging_mixin.py:188} INFO - [2026-06-21T21:53:06.821+0300] {dag.py:3954} INFO - Setting next_dagrun for example_branch_python_operator_decorator to 2026-06-20 00:00:00+00:00, run_after=2026-06-21 00:00:00+00:00
[2026-06-21T21:53:06.849+0300] {processor.py:183} INFO - Processing /media/data/omar/programming course/DEPI/DEPI project/anomx/venv/lib/python3.12/site-packages/airflow/example_dags/example_branch_operator_decorator.py took 0.110 seconds
[2026-06-21T21:54:01.958+0300] {processor.py:161} INFO - Started process (PID=16809) to work on /media/data/omar/programming course/DEPI/DEPI project/anomx/venv/lib/python3.12/site-packages/airflow/example_dags/example_branch_operator_decorator.py
[2026-06-21T21:54:01.960+0300] {processor.py:830} INFO - Processing file /media/data/omar/programming course/DEPI/DEPI project/anomx/venv/lib/python3.12/site-packages/airflow/example_dags/example_branch_operator_decorator.py for tasks to queue
[2026-06-21T21:54:01.964+0300] {logging_mixin.py:188} INFO - [2026-06-21T21:54:01.963+0300] {dagbag.py:540} INFO - Filling up the DagBag from /media/data/omar/programming course/DEPI/DEPI project/anomx/venv/lib/python3.12/site-packages/airflow/example_dags/example_branch_operator_decorator.py
[2026-06-21T21:54:02.011+0300] {processor.py:840} INFO - DAG(s) 'example_branch_python_operator_decorator' retrieved from /media/data/omar/programming course/DEPI/DEPI project/anomx/venv/lib/python3.12/site-packages/airflow/example_dags/example_branch_operator_decorator.py
[2026-06-21T21:54:02.033+0300] {logging_mixin.py:188} INFO - [2026-06-21T21:54:02.032+0300] {dag.py:3096} INFO - Sync 1 DAGs
[2026-06-21T21:54:02.050+0300] {logging_mixin.py:188} INFO - [2026-06-21T21:54:02.049+0300] {dag.py:3954} INFO - Setting next_dagrun for example_branch_python_operator_decorator to 2026-06-20 00:00:00+00:00, run_after=2026-06-21 00:00:00+00:00
[2026-06-21T21:54:02.077+0300] {processor.py:183} INFO - Processing /media/data/omar/programming course/DEPI/DEPI project/anomx/venv/lib/python3.12/site-packages/airflow/example_dags/example_branch_operator_decorator.py took 0.133 seconds
[2026-06-21T21:54:59.296+0300] {processor.py:161} INFO - Started process (PID=16900) to work on /media/data/omar/programming course/DEPI/DEPI project/anomx/venv/lib/python3.12/site-packages/airflow/example_dags/example_branch_operator_decorator.py
[2026-06-21T21:54:59.298+0300] {processor.py:830} INFO - Processing file /media/data/omar/programming course/DEPI/DEPI project/anomx/venv/lib/python3.12/site-packages/airflow/example_dags/example_branch_operator_decorator.py for tasks to queue
[2026-06-21T21:54:59.302+0300] {logging_mixin.py:188} INFO - [2026-06-21T21:54:59.301+0300] {dagbag.py:540} INFO - Filling up the DagBag from /media/data/omar/programming course/DEPI/DEPI project/anomx/venv/lib/python3.12/site-packages/airflow/example_dags/example_branch_operator_decorator.py
[2026-06-21T21:54:59.328+0300] {processor.py:840} INFO - DAG(s) 'example_branch_python_operator_decorator' retrieved from /media/data/omar/programming course/DEPI/DEPI project/anomx/venv/lib/python3.12/site-packages/airflow/example_dags/example_branch_operator_decorator.py
[2026-06-21T21:54:59.348+0300] {logging_mixin.py:188} INFO - [2026-06-21T21:54:59.348+0300] {dag.py:3096} INFO - Sync 1 DAGs
[2026-06-21T21:54:59.365+0300] {logging_mixin.py:188} INFO - [2026-06-21T21:54:59.364+0300] {dag.py:3954} INFO - Setting next_dagrun for example_branch_python_operator_decorator to 2026-06-20 00:00:00+00:00, run_after=2026-06-21 00:00:00+00:00
[2026-06-21T21:54:59.392+0300] {processor.py:183} INFO - Processing /media/data/omar/programming course/DEPI/DEPI project/anomx/venv/lib/python3.12/site-packages/airflow/example_dags/example_branch_operator_decorator.py took 0.115 seconds
[2026-06-21T21:55:55.340+0300] {processor.py:161} INFO - Started process (PID=16996) to work on /media/data/omar/programming course/DEPI/DEPI project/anomx/venv/lib/python3.12/site-packages/airflow/example_dags/example_branch_operator_decorator.py
[2026-06-21T21:55:55.341+0300] {processor.py:830} INFO - Processing file /media/data/omar/programming course/DEPI/DEPI project/anomx/venv/lib/python3.12/site-packages/airflow/example_dags/example_branch_operator_decorator.py for tasks to queue
[2026-06-21T21:55:55.343+0300] {logging_mixin.py:188} INFO - [2026-06-21T21:55:55.342+0300] {dagbag.py:540} INFO - Filling up the DagBag from /media/data/omar/programming course/DEPI/DEPI project/anomx/venv/lib/python3.12/site-packages/airflow/example_dags/example_branch_operator_decorator.py
[2026-06-21T21:55:55.368+0300] {processor.py:840} INFO - DAG(s) 'example_branch_python_operator_decorator' retrieved from /media/data/omar/programming course/DEPI/DEPI project/anomx/venv/lib/python3.12/site-packages/airflow/example_dags/example_branch_operator_decorator.py
[2026-06-21T21:55:55.388+0300] {logging_mixin.py:188} INFO - [2026-06-21T21:55:55.388+0300] {dag.py:3096} INFO - Sync 1 DAGs
[2026-06-21T21:55:55.406+0300] {logging_mixin.py:188} INFO - [2026-06-21T21:55:55.405+0300] {dag.py:3954} INFO - Setting next_dagrun for example_branch_python_operator_decorator to 2026-06-20 00:00:00+00:00, run_after=2026-06-21 00:00:00+00:00
[2026-06-21T21:55:55.433+0300] {processor.py:183} INFO - Processing /media/data/omar/programming course/DEPI/DEPI project/anomx/venv/lib/python3.12/site-packages/airflow/example_dags/example_branch_operator_decorator.py took 0.100 seconds
[2026-06-21T21:57:11.618+0300] {processor.py:161} INFO - Started process (PID=17123) to work on /media/data/omar/programming course/DEPI/DEPI project/anomx/venv/lib/python3.12/site-packages/airflow/example_dags/example_branch_operator_decorator.py
[2026-06-21T21:57:11.619+0300] {processor.py:830} INFO - Processing file /media/data/omar/programming course/DEPI/DEPI project/anomx/venv/lib/python3.12/site-packages/airflow/example_dags/example_branch_operator_decorator.py for tasks to queue
[2026-06-21T21:57:11.622+0300] {logging_mixin.py:188} INFO - [2026-06-21T21:57:11.621+0300] {dagbag.py:540} INFO - Filling up the DagBag from /media/data/omar/programming course/DEPI/DEPI project/anomx/venv/lib/python3.12/site-packages/airflow/example_dags/example_branch_operator_decorator.py
[2026-06-21T21:57:11.652+0300] {processor.py:840} INFO - DAG(s) 'example_branch_python_operator_decorator' retrieved from /media/data/omar/programming course/DEPI/DEPI project/anomx/venv/lib/python3.12/site-packages/airflow/example_dags/example_branch_operator_decorator.py
[2026-06-21T21:57:11.673+0300] {logging_mixin.py:188} INFO - [2026-06-21T21:57:11.673+0300] {dag.py:3096} INFO - Sync 1 DAGs
[2026-06-21T21:57:11.691+0300] {logging_mixin.py:188} INFO - [2026-06-21T21:57:11.691+0300] {dag.py:3954} INFO - Setting next_dagrun for example_branch_python_operator_decorator to 2026-06-20 00:00:00+00:00, run_after=2026-06-21 00:00:00+00:00
[2026-06-21T21:57:11.720+0300] {processor.py:183} INFO - Processing /media/data/omar/programming course/DEPI/DEPI project/anomx/venv/lib/python3.12/site-packages/airflow/example_dags/example_branch_operator_decorator.py took 0.115 seconds
[2026-06-21T21:58:33.857+0300] {processor.py:161} INFO - Started process (PID=17261) to work on /media/data/omar/programming course/DEPI/DEPI project/anomx/venv/lib/python3.12/site-packages/airflow/example_dags/example_branch_operator_decorator.py
[2026-06-21T21:58:33.857+0300] {processor.py:830} INFO - Processing file /media/data/omar/programming course/DEPI/DEPI project/anomx/venv/lib/python3.12/site-packages/airflow/example_dags/example_branch_operator_decorator.py for tasks to queue
[2026-06-21T21:58:33.859+0300] {logging_mixin.py:188} INFO - [2026-06-21T21:58:33.858+0300] {dagbag.py:540} INFO - Filling up the DagBag from /media/data/omar/programming course/DEPI/DEPI project/anomx/venv/lib/python3.12/site-packages/airflow/example_dags/example_branch_operator_decorator.py
[2026-06-21T21:58:33.879+0300] {processor.py:840} INFO - DAG(s) 'example_branch_python_operator_decorator' retrieved from /media/data/omar/programming course/DEPI/DEPI project/anomx/venv/lib/python3.12/site-packages/airflow/example_dags/example_branch_operator_decorator.py
[2026-06-21T21:58:33.900+0300] {logging_mixin.py:188} INFO - [2026-06-21T21:58:33.900+0300] {dag.py:3096} INFO - Sync 1 DAGs
[2026-06-21T21:58:33.920+0300] {logging_mixin.py:188} INFO - [2026-06-21T21:58:33.919+0300] {dag.py:3954} INFO - Setting next_dagrun for example_branch_python_operator_decorator to 2026-06-20 00:00:00+00:00, run_after=2026-06-21 00:00:00+00:00
[2026-06-21T21:58:33.949+0300] {processor.py:183} INFO - Processing /media/data/omar/programming course/DEPI/DEPI project/anomx/venv/lib/python3.12/site-packages/airflow/example_dags/example_branch_operator_decorator.py took 0.097 seconds
[2026-06-21T21:59:29.849+0300] {processor.py:161} INFO - Started process (PID=17351) to work on /media/data/omar/programming course/DEPI/DEPI project/anomx/venv/lib/python3.12/site-packages/airflow/example_dags/example_branch_operator_decorator.py
[2026-06-21T21:59:29.850+0300] {processor.py:830} INFO - Processing file /media/data/omar/programming course/DEPI/DEPI project/anomx/venv/lib/python3.12/site-packages/airflow/example_dags/example_branch_operator_decorator.py for tasks to queue
[2026-06-21T21:59:29.852+0300] {logging_mixin.py:188} INFO - [2026-06-21T21:59:29.852+0300] {dagbag.py:540} INFO - Filling up the DagBag from /media/data/omar/programming course/DEPI/DEPI project/anomx/venv/lib/python3.12/site-packages/airflow/example_dags/example_branch_operator_decorator.py
[2026-06-21T21:59:29.878+0300] {processor.py:840} INFO - DAG(s) 'example_branch_python_operator_decorator' retrieved from /media/data/omar/programming course/DEPI/DEPI project/anomx/venv/lib/python3.12/site-packages/airflow/example_dags/example_branch_operator_decorator.py
[2026-06-21T21:59:29.898+0300] {logging_mixin.py:188} INFO - [2026-06-21T21:59:29.898+0300] {dag.py:3096} INFO - Sync 1 DAGs
[2026-06-21T21:59:29.916+0300] {logging_mixin.py:188} INFO - [2026-06-21T21:59:29.915+0300] {dag.py:3954} INFO - Setting next_dagrun for example_branch_python_operator_decorator to 2026-06-20 00:00:00+00:00, run_after=2026-06-21 00:00:00+00:00
[2026-06-21T21:59:29.947+0300] {processor.py:183} INFO - Processing /media/data/omar/programming course/DEPI/DEPI project/anomx/venv/lib/python3.12/site-packages/airflow/example_dags/example_branch_operator_decorator.py took 0.104 seconds
[2026-06-21T22:00:26.607+0300] {processor.py:161} INFO - Started process (PID=17446) to work on /media/data/omar/programming course/DEPI/DEPI project/anomx/venv/lib/python3.12/site-packages/airflow/example_dags/example_branch_operator_decorator.py
[2026-06-21T22:00:26.609+0300] {processor.py:830} INFO - Processing file /media/data/omar/programming course/DEPI/DEPI project/anomx/venv/lib/python3.12/site-packages/airflow/example_dags/example_branch_operator_decorator.py for tasks to queue
[2026-06-21T22:00:26.613+0300] {logging_mixin.py:188} INFO - [2026-06-21T22:00:26.611+0300] {dagbag.py:540} INFO - Filling up the DagBag from /media/data/omar/programming course/DEPI/DEPI project/anomx/venv/lib/python3.12/site-packages/airflow/example_dags/example_branch_operator_decorator.py
[2026-06-21T22:00:26.645+0300] {processor.py:840} INFO - DAG(s) 'example_branch_python_operator_decorator' retrieved from /media/data/omar/programming course/DEPI/DEPI project/anomx/venv/lib/python3.12/site-packages/airflow/example_dags/example_branch_operator_decorator.py
[2026-06-21T22:00:26.665+0300] {logging_mixin.py:188} INFO - [2026-06-21T22:00:26.664+0300] {dag.py:3096} INFO - Sync 1 DAGs
[2026-06-21T22:00:26.680+0300] {logging_mixin.py:188} INFO - [2026-06-21T22:00:26.680+0300] {dag.py:3954} INFO - Setting next_dagrun for example_branch_python_operator_decorator to 2026-06-20 00:00:00+00:00, run_after=2026-06-21 00:00:00+00:00
[2026-06-21T22:00:26.707+0300] {processor.py:183} INFO - Processing /media/data/omar/programming course/DEPI/DEPI project/anomx/venv/lib/python3.12/site-packages/airflow/example_dags/example_branch_operator_decorator.py took 0.113 seconds
[2026-06-21T22:01:24.973+0300] {processor.py:161} INFO - Started process (PID=17540) to work on /media/data/omar/programming course/DEPI/DEPI project/anomx/venv/lib/python3.12/site-packages/airflow/example_dags/example_branch_operator_decorator.py
[2026-06-21T22:01:24.974+0300] {processor.py:830} INFO - Processing file /media/data/omar/programming course/DEPI/DEPI project/anomx/venv/lib/python3.12/site-packages/airflow/example_dags/example_branch_operator_decorator.py for tasks to queue
[2026-06-21T22:01:24.976+0300] {logging_mixin.py:188} INFO - [2026-06-21T22:01:24.976+0300] {dagbag.py:540} INFO - Filling up the DagBag from /media/data/omar/programming course/DEPI/DEPI project/anomx/venv/lib/python3.12/site-packages/airflow/example_dags/example_branch_operator_decorator.py
[2026-06-21T22:01:25.003+0300] {processor.py:840} INFO - DAG(s) 'example_branch_python_operator_decorator' retrieved from /media/data/omar/programming course/DEPI/DEPI project/anomx/venv/lib/python3.12/site-packages/airflow/example_dags/example_branch_operator_decorator.py
[2026-06-21T22:01:25.024+0300] {logging_mixin.py:188} INFO - [2026-06-21T22:01:25.024+0300] {dag.py:3096} INFO - Sync 1 DAGs
[2026-06-21T22:01:25.042+0300] {logging_mixin.py:188} INFO - [2026-06-21T22:01:25.041+0300] {dag.py:3954} INFO - Setting next_dagrun for example_branch_python_operator_decorator to 2026-06-20 00:00:00+00:00, run_after=2026-06-21 00:00:00+00:00
[2026-06-21T22:01:25.067+0300] {processor.py:183} INFO - Processing /media/data/omar/programming course/DEPI/DEPI project/anomx/venv/lib/python3.12/site-packages/airflow/example_dags/example_branch_operator_decorator.py took 0.101 seconds
[2026-06-21T22:02:21.225+0300] {processor.py:161} INFO - Started process (PID=17631) to work on /media/data/omar/programming course/DEPI/DEPI project/anomx/venv/lib/python3.12/site-packages/airflow/example_dags/example_branch_operator_decorator.py
[2026-06-21T22:02:21.226+0300] {processor.py:830} INFO - Processing file /media/data/omar/programming course/DEPI/DEPI project/anomx/venv/lib/python3.12/site-packages/airflow/example_dags/example_branch_operator_decorator.py for tasks to queue
[2026-06-21T22:02:21.229+0300] {logging_mixin.py:188} INFO - [2026-06-21T22:02:21.228+0300] {dagbag.py:540} INFO - Filling up the DagBag from /media/data/omar/programming course/DEPI/DEPI project/anomx/venv/lib/python3.12/site-packages/airflow/example_dags/example_branch_operator_decorator.py
[2026-06-21T22:02:21.258+0300] {processor.py:840} INFO - DAG(s) 'example_branch_python_operator_decorator' retrieved from /media/data/omar/programming course/DEPI/DEPI project/anomx/venv/lib/python3.12/site-packages/airflow/example_dags/example_branch_operator_decorator.py
[2026-06-21T22:02:21.281+0300] {logging_mixin.py:188} INFO - [2026-06-21T22:02:21.281+0300] {dag.py:3096} INFO - Sync 1 DAGs
[2026-06-21T22:02:21.298+0300] {logging_mixin.py:188} INFO - [2026-06-21T22:02:21.298+0300] {dag.py:3954} INFO - Setting next_dagrun for example_branch_python_operator_decorator to 2026-06-20 00:00:00+00:00, run_after=2026-06-21 00:00:00+00:00
[2026-06-21T22:02:21.327+0300] {processor.py:183} INFO - Processing /media/data/omar/programming course/DEPI/DEPI project/anomx/venv/lib/python3.12/site-packages/airflow/example_dags/example_branch_operator_decorator.py took 0.112 seconds
[2026-06-21T22:03:20.860+0300] {processor.py:161} INFO - Started process (PID=17787) to work on /media/data/omar/programming course/DEPI/DEPI project/anomx/venv/lib/python3.12/site-packages/airflow/example_dags/example_branch_operator_decorator.py
[2026-06-21T22:03:20.861+0300] {processor.py:830} INFO - Processing file /media/data/omar/programming course/DEPI/DEPI project/anomx/venv/lib/python3.12/site-packages/airflow/example_dags/example_branch_operator_decorator.py for tasks to queue
[2026-06-21T22:03:20.864+0300] {logging_mixin.py:188} INFO - [2026-06-21T22:03:20.863+0300] {dagbag.py:540} INFO - Filling up the DagBag from /media/data/omar/programming course/DEPI/DEPI project/anomx/venv/lib/python3.12/site-packages/airflow/example_dags/example_branch_operator_decorator.py
[2026-06-21T22:03:20.887+0300] {processor.py:840} INFO - DAG(s) 'example_branch_python_operator_decorator' retrieved from /media/data/omar/programming course/DEPI/DEPI project/anomx/venv/lib/python3.12/site-packages/airflow/example_dags/example_branch_operator_decorator.py
[2026-06-21T22:03:20.910+0300] {logging_mixin.py:188} INFO - [2026-06-21T22:03:20.909+0300] {dag.py:3096} INFO - Sync 1 DAGs
[2026-06-21T22:03:20.927+0300] {logging_mixin.py:188} INFO - [2026-06-21T22:03:20.927+0300] {dag.py:3954} INFO - Setting next_dagrun for example_branch_python_operator_decorator to 2026-06-20 00:00:00+00:00, run_after=2026-06-21 00:00:00+00:00
[2026-06-21T22:03:20.957+0300] {processor.py:183} INFO - Processing /media/data/omar/programming course/DEPI/DEPI project/anomx/venv/lib/python3.12/site-packages/airflow/example_dags/example_branch_operator_decorator.py took 0.112 seconds
[2026-06-21T22:04:16.792+0300] {processor.py:161} INFO - Started process (PID=17870) to work on /media/data/omar/programming course/DEPI/DEPI project/anomx/venv/lib/python3.12/site-packages/airflow/example_dags/example_branch_operator_decorator.py
[2026-06-21T22:04:16.794+0300] {processor.py:830} INFO - Processing file /media/data/omar/programming course/DEPI/DEPI project/anomx/venv/lib/python3.12/site-packages/airflow/example_dags/example_branch_operator_decorator.py for tasks to queue
[2026-06-21T22:04:16.798+0300] {logging_mixin.py:188} INFO - [2026-06-21T22:04:16.797+0300] {dagbag.py:540} INFO - Filling up the DagBag from /media/data/omar/programming course/DEPI/DEPI project/anomx/venv/lib/python3.12/site-packages/airflow/example_dags/example_branch_operator_decorator.py
[2026-06-21T22:04:16.824+0300] {processor.py:840} INFO - DAG(s) 'example_branch_python_operator_decorator' retrieved from /media/data/omar/programming course/DEPI/DEPI project/anomx/venv/lib/python3.12/site-packages/airflow/example_dags/example_branch_operator_decorator.py
[2026-06-21T22:04:16.844+0300] {logging_mixin.py:188} INFO - [2026-06-21T22:04:16.844+0300] {dag.py:3096} INFO - Sync 1 DAGs
[2026-06-21T22:04:16.985+0300] {logging_mixin.py:188} INFO - [2026-06-21T22:04:16.985+0300] {dag.py:3954} INFO - Setting next_dagrun for example_branch_python_operator_decorator to 2026-06-20 00:00:00+00:00, run_after=2026-06-21 00:00:00+00:00
[2026-06-21T22:04:17.016+0300] {processor.py:183} INFO - Processing /media/data/omar/programming course/DEPI/DEPI project/anomx/venv/lib/python3.12/site-packages/airflow/example_dags/example_branch_operator_decorator.py took 0.241 seconds
[2026-06-21T22:05:38.443+0300] {processor.py:161} INFO - Started process (PID=18002) to work on /media/data/omar/programming course/DEPI/DEPI project/anomx/venv/lib/python3.12/site-packages/airflow/example_dags/example_branch_operator_decorator.py
[2026-06-21T22:05:38.445+0300] {processor.py:830} INFO - Processing file /media/data/omar/programming course/DEPI/DEPI project/anomx/venv/lib/python3.12/site-packages/airflow/example_dags/example_branch_operator_decorator.py for tasks to queue
[2026-06-21T22:05:38.448+0300] {logging_mixin.py:188} INFO - [2026-06-21T22:05:38.447+0300] {dagbag.py:540} INFO - Filling up the DagBag from /media/data/omar/programming course/DEPI/DEPI project/anomx/venv/lib/python3.12/site-packages/airflow/example_dags/example_branch_operator_decorator.py
[2026-06-21T22:05:38.471+0300] {processor.py:840} INFO - DAG(s) 'example_branch_python_operator_decorator' retrieved from /media/data/omar/programming course/DEPI/DEPI project/anomx/venv/lib/python3.12/site-packages/airflow/example_dags/example_branch_operator_decorator.py
[2026-06-21T22:05:38.492+0300] {logging_mixin.py:188} INFO - [2026-06-21T22:05:38.492+0300] {dag.py:3096} INFO - Sync 1 DAGs
[2026-06-21T22:05:38.589+0300] {logging_mixin.py:188} INFO - [2026-06-21T22:05:38.588+0300] {dag.py:3954} INFO - Setting next_dagrun for example_branch_python_operator_decorator to 2026-06-20 00:00:00+00:00, run_after=2026-06-21 00:00:00+00:00
[2026-06-21T22:05:38.615+0300] {processor.py:183} INFO - Processing /media/data/omar/programming course/DEPI/DEPI project/anomx/venv/lib/python3.12/site-packages/airflow/example_dags/example_branch_operator_decorator.py took 0.181 seconds
[2026-06-21T22:06:36.298+0300] {processor.py:161} INFO - Started process (PID=18092) to work on /media/data/omar/programming course/DEPI/DEPI project/anomx/venv/lib/python3.12/site-packages/airflow/example_dags/example_branch_operator_decorator.py
[2026-06-21T22:06:36.300+0300] {processor.py:830} INFO - Processing file /media/data/omar/programming course/DEPI/DEPI project/anomx/venv/lib/python3.12/site-packages/airflow/example_dags/example_branch_operator_decorator.py for tasks to queue
[2026-06-21T22:06:36.303+0300] {logging_mixin.py:188} INFO - [2026-06-21T22:06:36.302+0300] {dagbag.py:540} INFO - Filling up the DagBag from /media/data/omar/programming course/DEPI/DEPI project/anomx/venv/lib/python3.12/site-packages/airflow/example_dags/example_branch_operator_decorator.py
[2026-06-21T22:06:36.327+0300] {processor.py:840} INFO - DAG(s) 'example_branch_python_operator_decorator' retrieved from /media/data/omar/programming course/DEPI/DEPI project/anomx/venv/lib/python3.12/site-packages/airflow/example_dags/example_branch_operator_decorator.py
[2026-06-21T22:06:36.347+0300] {logging_mixin.py:188} INFO - [2026-06-21T22:06:36.347+0300] {dag.py:3096} INFO - Sync 1 DAGs
[2026-06-21T22:06:36.364+0300] {logging_mixin.py:188} INFO - [2026-06-21T22:06:36.364+0300] {dag.py:3954} INFO - Setting next_dagrun for example_branch_python_operator_decorator to 2026-06-20 00:00:00+00:00, run_after=2026-06-21 00:00:00+00:00
[2026-06-21T22:06:36.392+0300] {processor.py:183} INFO - Processing /media/data/omar/programming course/DEPI/DEPI project/anomx/venv/lib/python3.12/site-packages/airflow/example_dags/example_branch_operator_decorator.py took 0.109 seconds
[2026-06-21T22:07:34.243+0300] {processor.py:161} INFO - Started process (PID=18183) to work on /media/data/omar/programming course/DEPI/DEPI project/anomx/venv/lib/python3.12/site-packages/airflow/example_dags/example_branch_operator_decorator.py
[2026-06-21T22:07:34.245+0300] {processor.py:830} INFO - Processing file /media/data/omar/programming course/DEPI/DEPI project/anomx/venv/lib/python3.12/site-packages/airflow/example_dags/example_branch_operator_decorator.py for tasks to queue
[2026-06-21T22:07:34.251+0300] {logging_mixin.py:188} INFO - [2026-06-21T22:07:34.249+0300] {dagbag.py:540} INFO - Filling up the DagBag from /media/data/omar/programming course/DEPI/DEPI project/anomx/venv/lib/python3.12/site-packages/airflow/example_dags/example_branch_operator_decorator.py
[2026-06-21T22:07:34.293+0300] {processor.py:840} INFO - DAG(s) 'example_branch_python_operator_decorator' retrieved from /media/data/omar/programming course/DEPI/DEPI project/anomx/venv/lib/python3.12/site-packages/airflow/example_dags/example_branch_operator_decorator.py
[2026-06-21T22:07:34.314+0300] {logging_mixin.py:188} INFO - [2026-06-21T22:07:34.314+0300] {dag.py:3096} INFO - Sync 1 DAGs
[2026-06-21T22:07:34.331+0300] {logging_mixin.py:188} INFO - [2026-06-21T22:07:34.331+0300] {dag.py:3954} INFO - Setting next_dagrun for example_branch_python_operator_decorator to 2026-06-20 00:00:00+00:00, run_after=2026-06-21 00:00:00+00:00
[2026-06-21T22:07:34.357+0300] {processor.py:183} INFO - Processing /media/data/omar/programming course/DEPI/DEPI project/anomx/venv/lib/python3.12/site-packages/airflow/example_dags/example_branch_operator_decorator.py took 0.127 seconds
[2026-06-21T22:08:31.589+0300] {processor.py:161} INFO - Started process (PID=18265) to work on /media/data/omar/programming course/DEPI/DEPI project/anomx/venv/lib/python3.12/site-packages/airflow/example_dags/example_branch_operator_decorator.py
[2026-06-21T22:08:31.591+0300] {processor.py:830} INFO - Processing file /media/data/omar/programming course/DEPI/DEPI project/anomx/venv/lib/python3.12/site-packages/airflow/example_dags/example_branch_operator_decorator.py for tasks to queue
[2026-06-21T22:08:31.595+0300] {logging_mixin.py:188} INFO - [2026-06-21T22:08:31.594+0300] {dagbag.py:540} INFO - Filling up the DagBag from /media/data/omar/programming course/DEPI/DEPI project/anomx/venv/lib/python3.12/site-packages/airflow/example_dags/example_branch_operator_decorator.py
[2026-06-21T22:08:31.624+0300] {processor.py:840} INFO - DAG(s) 'example_branch_python_operator_decorator' retrieved from /media/data/omar/programming course/DEPI/DEPI project/anomx/venv/lib/python3.12/site-packages/airflow/example_dags/example_branch_operator_decorator.py
[2026-06-21T22:08:31.644+0300] {logging_mixin.py:188} INFO - [2026-06-21T22:08:31.643+0300] {dag.py:3096} INFO - Sync 1 DAGs
[2026-06-21T22:08:31.738+0300] {logging_mixin.py:188} INFO - [2026-06-21T22:08:31.738+0300] {dag.py:3954} INFO - Setting next_dagrun for example_branch_python_operator_decorator to 2026-06-20 00:00:00+00:00, run_after=2026-06-21 00:00:00+00:00
[2026-06-21T22:08:31.762+0300] {processor.py:183} INFO - Processing /media/data/omar/programming course/DEPI/DEPI project/anomx/venv/lib/python3.12/site-packages/airflow/example_dags/example_branch_operator_decorator.py took 0.186 seconds
[2026-06-21T22:09:27.501+0300] {processor.py:161} INFO - Started process (PID=18459) to work on /media/data/omar/programming course/DEPI/DEPI project/anomx/venv/lib/python3.12/site-packages/airflow/example_dags/example_branch_operator_decorator.py
[2026-06-21T22:09:27.503+0300] {processor.py:830} INFO - Processing file /media/data/omar/programming course/DEPI/DEPI project/anomx/venv/lib/python3.12/site-packages/airflow/example_dags/example_branch_operator_decorator.py for tasks to queue
[2026-06-21T22:09:27.507+0300] {logging_mixin.py:188} INFO - [2026-06-21T22:09:27.506+0300] {dagbag.py:540} INFO - Filling up the DagBag from /media/data/omar/programming course/DEPI/DEPI project/anomx/venv/lib/python3.12/site-packages/airflow/example_dags/example_branch_operator_decorator.py
[2026-06-21T22:09:27.545+0300] {processor.py:840} INFO - DAG(s) 'example_branch_python_operator_decorator' retrieved from /media/data/omar/programming course/DEPI/DEPI project/anomx/venv/lib/python3.12/site-packages/airflow/example_dags/example_branch_operator_decorator.py
[2026-06-21T22:09:27.565+0300] {logging_mixin.py:188} INFO - [2026-06-21T22:09:27.564+0300] {dag.py:3096} INFO - Sync 1 DAGs
[2026-06-21T22:09:27.580+0300] {logging_mixin.py:188} INFO - [2026-06-21T22:09:27.580+0300] {dag.py:3954} INFO - Setting next_dagrun for example_branch_python_operator_decorator to 2026-06-20 00:00:00+00:00, run_after=2026-06-21 00:00:00+00:00
[2026-06-21T22:09:27.689+0300] {processor.py:183} INFO - Processing /media/data/omar/programming course/DEPI/DEPI project/anomx/venv/lib/python3.12/site-packages/airflow/example_dags/example_branch_operator_decorator.py took 0.207 seconds
[2026-06-21T22:10:35.489+0300] {processor.py:161} INFO - Started process (PID=18695) to work on /media/data/omar/programming course/DEPI/DEPI project/anomx/venv/lib/python3.12/site-packages/airflow/example_dags/example_branch_operator_decorator.py
[2026-06-21T22:10:35.491+0300] {processor.py:830} INFO - Processing file /media/data/omar/programming course/DEPI/DEPI project/anomx/venv/lib/python3.12/site-packages/airflow/example_dags/example_branch_operator_decorator.py for tasks to queue
[2026-06-21T22:10:35.494+0300] {logging_mixin.py:188} INFO - [2026-06-21T22:10:35.493+0300] {dagbag.py:540} INFO - Filling up the DagBag from /media/data/omar/programming course/DEPI/DEPI project/anomx/venv/lib/python3.12/site-packages/airflow/example_dags/example_branch_operator_decorator.py
[2026-06-21T22:10:35.625+0300] {processor.py:840} INFO - DAG(s) 'example_branch_python_operator_decorator' retrieved from /media/data/omar/programming course/DEPI/DEPI project/anomx/venv/lib/python3.12/site-packages/airflow/example_dags/example_branch_operator_decorator.py
[2026-06-21T22:10:35.642+0300] {logging_mixin.py:188} INFO - [2026-06-21T22:10:35.642+0300] {dag.py:3096} INFO - Sync 1 DAGs
[2026-06-21T22:10:35.656+0300] {logging_mixin.py:188} INFO - [2026-06-21T22:10:35.656+0300] {dag.py:3954} INFO - Setting next_dagrun for example_branch_python_operator_decorator to 2026-06-20 00:00:00+00:00, run_after=2026-06-21 00:00:00+00:00
[2026-06-21T22:10:35.682+0300] {processor.py:183} INFO - Processing /media/data/omar/programming course/DEPI/DEPI project/anomx/venv/lib/python3.12/site-packages/airflow/example_dags/example_branch_operator_decorator.py took 0.201 seconds
[2026-06-21T22:11:32.988+0300] {processor.py:161} INFO - Started process (PID=18835) to work on /media/data/omar/programming course/DEPI/DEPI project/anomx/venv/lib/python3.12/site-packages/airflow/example_dags/example_branch_operator_decorator.py
[2026-06-21T22:11:32.990+0300] {processor.py:830} INFO - Processing file /media/data/omar/programming course/DEPI/DEPI project/anomx/venv/lib/python3.12/site-packages/airflow/example_dags/example_branch_operator_decorator.py for tasks to queue
[2026-06-21T22:11:32.992+0300] {logging_mixin.py:188} INFO - [2026-06-21T22:11:32.991+0300] {dagbag.py:540} INFO - Filling up the DagBag from /media/data/omar/programming course/DEPI/DEPI project/anomx/venv/lib/python3.12/site-packages/airflow/example_dags/example_branch_operator_decorator.py
[2026-06-21T22:11:33.028+0300] {processor.py:840} INFO - DAG(s) 'example_branch_python_operator_decorator' retrieved from /media/data/omar/programming course/DEPI/DEPI project/anomx/venv/lib/python3.12/site-packages/airflow/example_dags/example_branch_operator_decorator.py
[2026-06-21T22:11:33.075+0300] {logging_mixin.py:188} INFO - [2026-06-21T22:11:33.074+0300] {dag.py:3096} INFO - Sync 1 DAGs
[2026-06-21T22:11:33.107+0300] {logging_mixin.py:188} INFO - [2026-06-21T22:11:33.107+0300] {dag.py:3954} INFO - Setting next_dagrun for example_branch_python_operator_decorator to 2026-06-20 00:00:00+00:00, run_after=2026-06-21 00:00:00+00:00
[2026-06-21T22:11:33.162+0300] {processor.py:183} INFO - Processing /media/data/omar/programming course/DEPI/DEPI project/anomx/venv/lib/python3.12/site-packages/airflow/example_dags/example_branch_operator_decorator.py took 0.187 seconds
[2026-06-21T22:12:28.113+0300] {processor.py:161} INFO - Started process (PID=18932) to work on /media/data/omar/programming course/DEPI/DEPI project/anomx/venv/lib/python3.12/site-packages/airflow/example_dags/example_branch_operator_decorator.py
[2026-06-21T22:12:28.116+0300] {processor.py:830} INFO - Processing file /media/data/omar/programming course/DEPI/DEPI project/anomx/venv/lib/python3.12/site-packages/airflow/example_dags/example_branch_operator_decorator.py for tasks to queue
[2026-06-21T22:12:28.119+0300] {logging_mixin.py:188} INFO - [2026-06-21T22:12:28.118+0300] {dagbag.py:540} INFO - Filling up the DagBag from /media/data/omar/programming course/DEPI/DEPI project/anomx/venv/lib/python3.12/site-packages/airflow/example_dags/example_branch_operator_decorator.py
[2026-06-21T22:12:28.146+0300] {processor.py:840} INFO - DAG(s) 'example_branch_python_operator_decorator' retrieved from /media/data/omar/programming course/DEPI/DEPI project/anomx/venv/lib/python3.12/site-packages/airflow/example_dags/example_branch_operator_decorator.py
[2026-06-21T22:12:28.168+0300] {logging_mixin.py:188} INFO - [2026-06-21T22:12:28.168+0300] {dag.py:3096} INFO - Sync 1 DAGs
[2026-06-21T22:12:28.187+0300] {logging_mixin.py:188} INFO - [2026-06-21T22:12:28.186+0300] {dag.py:3954} INFO - Setting next_dagrun for example_branch_python_operator_decorator to 2026-06-20 00:00:00+00:00, run_after=2026-06-21 00:00:00+00:00
[2026-06-21T22:12:28.215+0300] {processor.py:183} INFO - Processing /media/data/omar/programming course/DEPI/DEPI project/anomx/venv/lib/python3.12/site-packages/airflow/example_dags/example_branch_operator_decorator.py took 0.114 seconds
[2026-06-21T22:14:11.385+0300] {processor.py:161} INFO - Started process (PID=19149) to work on /media/data/omar/programming course/DEPI/DEPI project/anomx/venv/lib/python3.12/site-packages/airflow/example_dags/example_branch_operator_decorator.py
[2026-06-21T22:14:11.387+0300] {processor.py:830} INFO - Processing file /media/data/omar/programming course/DEPI/DEPI project/anomx/venv/lib/python3.12/site-packages/airflow/example_dags/example_branch_operator_decorator.py for tasks to queue
[2026-06-21T22:14:11.390+0300] {logging_mixin.py:188} INFO - [2026-06-21T22:14:11.389+0300] {dagbag.py:540} INFO - Filling up the DagBag from /media/data/omar/programming course/DEPI/DEPI project/anomx/venv/lib/python3.12/site-packages/airflow/example_dags/example_branch_operator_decorator.py
[2026-06-21T22:14:11.417+0300] {processor.py:840} INFO - DAG(s) 'example_branch_python_operator_decorator' retrieved from /media/data/omar/programming course/DEPI/DEPI project/anomx/venv/lib/python3.12/site-packages/airflow/example_dags/example_branch_operator_decorator.py
[2026-06-21T22:14:11.630+0300] {logging_mixin.py:188} INFO - [2026-06-21T22:14:11.629+0300] {dag.py:3096} INFO - Sync 1 DAGs
[2026-06-21T22:14:11.647+0300] {logging_mixin.py:188} INFO - [2026-06-21T22:14:11.647+0300] {dag.py:3954} INFO - Setting next_dagrun for example_branch_python_operator_decorator to 2026-06-20 00:00:00+00:00, run_after=2026-06-21 00:00:00+00:00
[2026-06-21T22:14:11.683+0300] {processor.py:183} INFO - Processing /media/data/omar/programming course/DEPI/DEPI project/anomx/venv/lib/python3.12/site-packages/airflow/example_dags/example_branch_operator_decorator.py took 0.310 seconds
[2026-06-21T22:15:10.238+0300] {processor.py:161} INFO - Started process (PID=19259) to work on /media/data/omar/programming course/DEPI/DEPI project/anomx/venv/lib/python3.12/site-packages/airflow/example_dags/example_branch_operator_decorator.py
[2026-06-21T22:15:10.239+0300] {processor.py:830} INFO - Processing file /media/data/omar/programming course/DEPI/DEPI project/anomx/venv/lib/python3.12/site-packages/airflow/example_dags/example_branch_operator_decorator.py for tasks to queue
[2026-06-21T22:15:10.241+0300] {logging_mixin.py:188} INFO - [2026-06-21T22:15:10.241+0300] {dagbag.py:540} INFO - Filling up the DagBag from /media/data/omar/programming course/DEPI/DEPI project/anomx/venv/lib/python3.12/site-packages/airflow/example_dags/example_branch_operator_decorator.py
[2026-06-21T22:15:10.281+0300] {processor.py:840} INFO - DAG(s) 'example_branch_python_operator_decorator' retrieved from /media/data/omar/programming course/DEPI/DEPI project/anomx/venv/lib/python3.12/site-packages/airflow/example_dags/example_branch_operator_decorator.py
[2026-06-21T22:15:10.312+0300] {logging_mixin.py:188} INFO - [2026-06-21T22:15:10.311+0300] {dag.py:3096} INFO - Sync 1 DAGs
[2026-06-21T22:15:10.337+0300] {logging_mixin.py:188} INFO - [2026-06-21T22:15:10.337+0300] {dag.py:3954} INFO - Setting next_dagrun for example_branch_python_operator_decorator to 2026-06-20 00:00:00+00:00, run_after=2026-06-21 00:00:00+00:00
[2026-06-21T22:15:10.385+0300] {processor.py:183} INFO - Processing /media/data/omar/programming course/DEPI/DEPI project/anomx/venv/lib/python3.12/site-packages/airflow/example_dags/example_branch_operator_decorator.py took 0.159 seconds
[2026-06-21T22:16:06.623+0300] {processor.py:161} INFO - Started process (PID=19631) to work on /media/data/omar/programming course/DEPI/DEPI project/anomx/venv/lib/python3.12/site-packages/airflow/example_dags/example_branch_operator_decorator.py
[2026-06-21T22:16:06.625+0300] {processor.py:830} INFO - Processing file /media/data/omar/programming course/DEPI/DEPI project/anomx/venv/lib/python3.12/site-packages/airflow/example_dags/example_branch_operator_decorator.py for tasks to queue
[2026-06-21T22:16:06.628+0300] {logging_mixin.py:188} INFO - [2026-06-21T22:16:06.627+0300] {dagbag.py:540} INFO - Filling up the DagBag from /media/data/omar/programming course/DEPI/DEPI project/anomx/venv/lib/python3.12/site-packages/airflow/example_dags/example_branch_operator_decorator.py
[2026-06-21T22:16:06.659+0300] {processor.py:840} INFO - DAG(s) 'example_branch_python_operator_decorator' retrieved from /media/data/omar/programming course/DEPI/DEPI project/anomx/venv/lib/python3.12/site-packages/airflow/example_dags/example_branch_operator_decorator.py
[2026-06-21T22:16:06.679+0300] {logging_mixin.py:188} INFO - [2026-06-21T22:16:06.679+0300] {dag.py:3096} INFO - Sync 1 DAGs
[2026-06-21T22:16:06.696+0300] {logging_mixin.py:188} INFO - [2026-06-21T22:16:06.695+0300] {dag.py:3954} INFO - Setting next_dagrun for example_branch_python_operator_decorator to 2026-06-20 00:00:00+00:00, run_after=2026-06-21 00:00:00+00:00
[2026-06-21T22:16:06.722+0300] {processor.py:183} INFO - Processing /media/data/omar/programming course/DEPI/DEPI project/anomx/venv/lib/python3.12/site-packages/airflow/example_dags/example_branch_operator_decorator.py took 0.118 seconds
[2026-06-21T22:17:05.567+0300] {processor.py:161} INFO - Started process (PID=19765) to work on /media/data/omar/programming course/DEPI/DEPI project/anomx/venv/lib/python3.12/site-packages/airflow/example_dags/example_branch_operator_decorator.py
[2026-06-21T22:17:05.568+0300] {processor.py:830} INFO - Processing file /media/data/omar/programming course/DEPI/DEPI project/anomx/venv/lib/python3.12/site-packages/airflow/example_dags/example_branch_operator_decorator.py for tasks to queue
[2026-06-21T22:17:05.569+0300] {logging_mixin.py:188} INFO - [2026-06-21T22:17:05.569+0300] {dagbag.py:540} INFO - Filling up the DagBag from /media/data/omar/programming course/DEPI/DEPI project/anomx/venv/lib/python3.12/site-packages/airflow/example_dags/example_branch_operator_decorator.py
[2026-06-21T22:17:05.589+0300] {processor.py:840} INFO - DAG(s) 'example_branch_python_operator_decorator' retrieved from /media/data/omar/programming course/DEPI/DEPI project/anomx/venv/lib/python3.12/site-packages/airflow/example_dags/example_branch_operator_decorator.py
[2026-06-21T22:17:05.610+0300] {logging_mixin.py:188} INFO - [2026-06-21T22:17:05.610+0300] {dag.py:3096} INFO - Sync 1 DAGs
[2026-06-21T22:17:05.629+0300] {logging_mixin.py:188} INFO - [2026-06-21T22:17:05.628+0300] {dag.py:3954} INFO - Setting next_dagrun for example_branch_python_operator_decorator to 2026-06-20 00:00:00+00:00, run_after=2026-06-21 00:00:00+00:00
[2026-06-21T22:17:05.657+0300] {processor.py:183} INFO - Processing /media/data/omar/programming course/DEPI/DEPI project/anomx/venv/lib/python3.12/site-packages/airflow/example_dags/example_branch_operator_decorator.py took 0.097 seconds
[2026-06-21T22:18:05.463+0300] {processor.py:161} INFO - Started process (PID=19925) to work on /media/data/omar/programming course/DEPI/DEPI project/anomx/venv/lib/python3.12/site-packages/airflow/example_dags/example_branch_operator_decorator.py
[2026-06-21T22:18:05.465+0300] {processor.py:830} INFO - Processing file /media/data/omar/programming course/DEPI/DEPI project/anomx/venv/lib/python3.12/site-packages/airflow/example_dags/example_branch_operator_decorator.py for tasks to queue
[2026-06-21T22:18:05.468+0300] {logging_mixin.py:188} INFO - [2026-06-21T22:18:05.467+0300] {dagbag.py:540} INFO - Filling up the DagBag from /media/data/omar/programming course/DEPI/DEPI project/anomx/venv/lib/python3.12/site-packages/airflow/example_dags/example_branch_operator_decorator.py
[2026-06-21T22:18:05.493+0300] {processor.py:840} INFO - DAG(s) 'example_branch_python_operator_decorator' retrieved from /media/data/omar/programming course/DEPI/DEPI project/anomx/venv/lib/python3.12/site-packages/airflow/example_dags/example_branch_operator_decorator.py
[2026-06-21T22:18:05.516+0300] {logging_mixin.py:188} INFO - [2026-06-21T22:18:05.516+0300] {dag.py:3096} INFO - Sync 1 DAGs
[2026-06-21T22:18:05.534+0300] {logging_mixin.py:188} INFO - [2026-06-21T22:18:05.533+0300] {dag.py:3954} INFO - Setting next_dagrun for example_branch_python_operator_decorator to 2026-06-20 00:00:00+00:00, run_after=2026-06-21 00:00:00+00:00
[2026-06-21T22:18:05.564+0300] {processor.py:183} INFO - Processing /media/data/omar/programming course/DEPI/DEPI project/anomx/venv/lib/python3.12/site-packages/airflow/example_dags/example_branch_operator_decorator.py took 0.112 seconds
[2026-06-21T22:19:00.434+0300] {processor.py:161} INFO - Started process (PID=20015) to work on /media/data/omar/programming course/DEPI/DEPI project/anomx/venv/lib/python3.12/site-packages/airflow/example_dags/example_branch_operator_decorator.py
[2026-06-21T22:19:00.435+0300] {processor.py:830} INFO - Processing file /media/data/omar/programming course/DEPI/DEPI project/anomx/venv/lib/python3.12/site-packages/airflow/example_dags/example_branch_operator_decorator.py for tasks to queue
[2026-06-21T22:19:00.436+0300] {logging_mixin.py:188} INFO - [2026-06-21T22:19:00.436+0300] {dagbag.py:540} INFO - Filling up the DagBag from /media/data/omar/programming course/DEPI/DEPI project/anomx/venv/lib/python3.12/site-packages/airflow/example_dags/example_branch_operator_decorator.py
[2026-06-21T22:19:00.456+0300] {processor.py:840} INFO - DAG(s) 'example_branch_python_operator_decorator' retrieved from /media/data/omar/programming course/DEPI/DEPI project/anomx/venv/lib/python3.12/site-packages/airflow/example_dags/example_branch_operator_decorator.py
[2026-06-21T22:19:00.477+0300] {logging_mixin.py:188} INFO - [2026-06-21T22:19:00.477+0300] {dag.py:3096} INFO - Sync 1 DAGs
[2026-06-21T22:19:00.496+0300] {logging_mixin.py:188} INFO - [2026-06-21T22:19:00.495+0300] {dag.py:3954} INFO - Setting next_dagrun for example_branch_python_operator_decorator to 2026-06-20 00:00:00+00:00, run_after=2026-06-21 00:00:00+00:00
[2026-06-21T22:19:00.524+0300] {processor.py:183} INFO - Processing /media/data/omar/programming course/DEPI/DEPI project/anomx/venv/lib/python3.12/site-packages/airflow/example_dags/example_branch_operator_decorator.py took 0.095 seconds
[2026-06-21T22:19:57.024+0300] {processor.py:161} INFO - Started process (PID=20116) to work on /media/data/omar/programming course/DEPI/DEPI project/anomx/venv/lib/python3.12/site-packages/airflow/example_dags/example_branch_operator_decorator.py
[2026-06-21T22:19:57.026+0300] {processor.py:830} INFO - Processing file /media/data/omar/programming course/DEPI/DEPI project/anomx/venv/lib/python3.12/site-packages/airflow/example_dags/example_branch_operator_decorator.py for tasks to queue
[2026-06-21T22:19:57.029+0300] {logging_mixin.py:188} INFO - [2026-06-21T22:19:57.028+0300] {dagbag.py:540} INFO - Filling up the DagBag from /media/data/omar/programming course/DEPI/DEPI project/anomx/venv/lib/python3.12/site-packages/airflow/example_dags/example_branch_operator_decorator.py
[2026-06-21T22:19:57.063+0300] {processor.py:840} INFO - DAG(s) 'example_branch_python_operator_decorator' retrieved from /media/data/omar/programming course/DEPI/DEPI project/anomx/venv/lib/python3.12/site-packages/airflow/example_dags/example_branch_operator_decorator.py
[2026-06-21T22:19:57.093+0300] {logging_mixin.py:188} INFO - [2026-06-21T22:19:57.093+0300] {dag.py:3096} INFO - Sync 1 DAGs
[2026-06-21T22:19:57.122+0300] {logging_mixin.py:188} INFO - [2026-06-21T22:19:57.120+0300] {dag.py:3954} INFO - Setting next_dagrun for example_branch_python_operator_decorator to 2026-06-20 00:00:00+00:00, run_after=2026-06-21 00:00:00+00:00
[2026-06-21T22:19:57.160+0300] {processor.py:183} INFO - Processing /media/data/omar/programming course/DEPI/DEPI project/anomx/venv/lib/python3.12/site-packages/airflow/example_dags/example_branch_operator_decorator.py took 0.149 seconds
[2026-06-21T22:21:31.397+0300] {processor.py:161} INFO - Started process (PID=20275) to work on /media/data/omar/programming course/DEPI/DEPI project/anomx/venv/lib/python3.12/site-packages/airflow/example_dags/example_branch_operator_decorator.py
[2026-06-21T22:21:31.397+0300] {processor.py:830} INFO - Processing file /media/data/omar/programming course/DEPI/DEPI project/anomx/venv/lib/python3.12/site-packages/airflow/example_dags/example_branch_operator_decorator.py for tasks to queue
[2026-06-21T22:21:31.399+0300] {logging_mixin.py:188} INFO - [2026-06-21T22:21:31.399+0300] {dagbag.py:540} INFO - Filling up the DagBag from /media/data/omar/programming course/DEPI/DEPI project/anomx/venv/lib/python3.12/site-packages/airflow/example_dags/example_branch_operator_decorator.py
[2026-06-21T22:21:31.418+0300] {processor.py:840} INFO - DAG(s) 'example_branch_python_operator_decorator' retrieved from /media/data/omar/programming course/DEPI/DEPI project/anomx/venv/lib/python3.12/site-packages/airflow/example_dags/example_branch_operator_decorator.py
[2026-06-21T22:21:31.598+0300] {logging_mixin.py:188} INFO - [2026-06-21T22:21:31.598+0300] {dag.py:3096} INFO - Sync 1 DAGs
[2026-06-21T22:21:31.612+0300] {logging_mixin.py:188} INFO - [2026-06-21T22:21:31.611+0300] {dag.py:3954} INFO - Setting next_dagrun for example_branch_python_operator_decorator to 2026-06-20 00:00:00+00:00, run_after=2026-06-21 00:00:00+00:00
[2026-06-21T22:21:31.640+0300] {processor.py:183} INFO - Processing /media/data/omar/programming course/DEPI/DEPI project/anomx/venv/lib/python3.12/site-packages/airflow/example_dags/example_branch_operator_decorator.py took 0.249 seconds
[2026-06-21T22:23:43.822+0300] {processor.py:161} INFO - Started process (PID=20515) to work on /media/data/omar/programming course/DEPI/DEPI project/anomx/venv/lib/python3.12/site-packages/airflow/example_dags/example_branch_operator_decorator.py
[2026-06-21T22:23:43.825+0300] {processor.py:830} INFO - Processing file /media/data/omar/programming course/DEPI/DEPI project/anomx/venv/lib/python3.12/site-packages/airflow/example_dags/example_branch_operator_decorator.py for tasks to queue
[2026-06-21T22:23:43.830+0300] {logging_mixin.py:188} INFO - [2026-06-21T22:23:43.828+0300] {dagbag.py:540} INFO - Filling up the DagBag from /media/data/omar/programming course/DEPI/DEPI project/anomx/venv/lib/python3.12/site-packages/airflow/example_dags/example_branch_operator_decorator.py
[2026-06-21T22:23:43.879+0300] {processor.py:840} INFO - DAG(s) 'example_branch_python_operator_decorator' retrieved from /media/data/omar/programming course/DEPI/DEPI project/anomx/venv/lib/python3.12/site-packages/airflow/example_dags/example_branch_operator_decorator.py
[2026-06-21T22:23:44.169+0300] {logging_mixin.py:188} INFO - [2026-06-21T22:23:44.168+0300] {dag.py:3096} INFO - Sync 1 DAGs
[2026-06-21T22:23:44.186+0300] {logging_mixin.py:188} INFO - [2026-06-21T22:23:44.186+0300] {dag.py:3954} INFO - Setting next_dagrun for example_branch_python_operator_decorator to 2026-06-20 00:00:00+00:00, run_after=2026-06-21 00:00:00+00:00
[2026-06-21T22:23:44.249+0300] {processor.py:183} INFO - Processing /media/data/omar/programming course/DEPI/DEPI project/anomx/venv/lib/python3.12/site-packages/airflow/example_dags/example_branch_operator_decorator.py took 0.440 seconds
[2026-06-21T22:24:39.590+0300] {processor.py:161} INFO - Started process (PID=20701) to work on /media/data/omar/programming course/DEPI/DEPI project/anomx/venv/lib/python3.12/site-packages/airflow/example_dags/example_branch_operator_decorator.py
[2026-06-21T22:24:39.594+0300] {processor.py:830} INFO - Processing file /media/data/omar/programming course/DEPI/DEPI project/anomx/venv/lib/python3.12/site-packages/airflow/example_dags/example_branch_operator_decorator.py for tasks to queue
[2026-06-21T22:24:39.607+0300] {logging_mixin.py:188} INFO - [2026-06-21T22:24:39.599+0300] {dagbag.py:540} INFO - Filling up the DagBag from /media/data/omar/programming course/DEPI/DEPI project/anomx/venv/lib/python3.12/site-packages/airflow/example_dags/example_branch_operator_decorator.py
[2026-06-21T22:24:39.634+0300] {processor.py:840} INFO - DAG(s) 'example_branch_python_operator_decorator' retrieved from /media/data/omar/programming course/DEPI/DEPI project/anomx/venv/lib/python3.12/site-packages/airflow/example_dags/example_branch_operator_decorator.py
[2026-06-21T22:24:39.679+0300] {logging_mixin.py:188} INFO - [2026-06-21T22:24:39.678+0300] {dag.py:3096} INFO - Sync 1 DAGs
[2026-06-21T22:24:39.708+0300] {logging_mixin.py:188} INFO - [2026-06-21T22:24:39.708+0300] {dag.py:3954} INFO - Setting next_dagrun for example_branch_python_operator_decorator to 2026-06-20 00:00:00+00:00, run_after=2026-06-21 00:00:00+00:00
[2026-06-21T22:24:39.759+0300] {processor.py:183} INFO - Processing /media/data/omar/programming course/DEPI/DEPI project/anomx/venv/lib/python3.12/site-packages/airflow/example_dags/example_branch_operator_decorator.py took 0.181 seconds
[2026-06-21T22:48:30.949+0300] {processor.py:161} INFO - Started process (PID=22175) to work on /media/data/omar/programming course/DEPI/DEPI project/anomx/venv/lib/python3.12/site-packages/airflow/example_dags/example_branch_operator_decorator.py
[2026-06-21T22:48:30.949+0300] {processor.py:830} INFO - Processing file /media/data/omar/programming course/DEPI/DEPI project/anomx/venv/lib/python3.12/site-packages/airflow/example_dags/example_branch_operator_decorator.py for tasks to queue
[2026-06-21T22:48:30.951+0300] {logging_mixin.py:188} INFO - [2026-06-21T22:48:30.951+0300] {dagbag.py:540} INFO - Filling up the DagBag from /media/data/omar/programming course/DEPI/DEPI project/anomx/venv/lib/python3.12/site-packages/airflow/example_dags/example_branch_operator_decorator.py
[2026-06-21T22:48:30.971+0300] {processor.py:840} INFO - DAG(s) 'example_branch_python_operator_decorator' retrieved from /media/data/omar/programming course/DEPI/DEPI project/anomx/venv/lib/python3.12/site-packages/airflow/example_dags/example_branch_operator_decorator.py
[2026-06-21T22:48:31.145+0300] {logging_mixin.py:188} INFO - [2026-06-21T22:48:31.144+0300] {dag.py:3096} INFO - Sync 1 DAGs
[2026-06-21T22:48:31.154+0300] {logging_mixin.py:188} INFO - [2026-06-21T22:48:31.154+0300] {dag.py:3118} INFO - Creating ORM DAG for example_branch_python_operator_decorator
[2026-06-21T22:48:31.164+0300] {logging_mixin.py:188} INFO - [2026-06-21T22:48:31.164+0300] {dag.py:3954} INFO - Setting next_dagrun for example_branch_python_operator_decorator to 2026-06-20 00:00:00+00:00, run_after=2026-06-21 00:00:00+00:00
[2026-06-21T22:48:31.197+0300] {processor.py:183} INFO - Processing /media/data/omar/programming course/DEPI/DEPI project/anomx/venv/lib/python3.12/site-packages/airflow/example_dags/example_branch_operator_decorator.py took 0.254 seconds
[2026-06-21T22:49:29.151+0300] {processor.py:161} INFO - Started process (PID=22257) to work on /media/data/omar/programming course/DEPI/DEPI project/anomx/venv/lib/python3.12/site-packages/airflow/example_dags/example_branch_operator_decorator.py
[2026-06-21T22:49:29.152+0300] {processor.py:830} INFO - Processing file /media/data/omar/programming course/DEPI/DEPI project/anomx/venv/lib/python3.12/site-packages/airflow/example_dags/example_branch_operator_decorator.py for tasks to queue
[2026-06-21T22:49:29.155+0300] {logging_mixin.py:188} INFO - [2026-06-21T22:49:29.154+0300] {dagbag.py:540} INFO - Filling up the DagBag from /media/data/omar/programming course/DEPI/DEPI project/anomx/venv/lib/python3.12/site-packages/airflow/example_dags/example_branch_operator_decorator.py
[2026-06-21T22:49:29.178+0300] {processor.py:840} INFO - DAG(s) 'example_branch_python_operator_decorator' retrieved from /media/data/omar/programming course/DEPI/DEPI project/anomx/venv/lib/python3.12/site-packages/airflow/example_dags/example_branch_operator_decorator.py
[2026-06-21T22:49:29.201+0300] {logging_mixin.py:188} INFO - [2026-06-21T22:49:29.200+0300] {dag.py:3096} INFO - Sync 1 DAGs
[2026-06-21T22:49:29.219+0300] {logging_mixin.py:188} INFO - [2026-06-21T22:49:29.219+0300] {dag.py:3954} INFO - Setting next_dagrun for example_branch_python_operator_decorator to 2026-06-20 00:00:00+00:00, run_after=2026-06-21 00:00:00+00:00
[2026-06-21T22:49:29.250+0300] {processor.py:183} INFO - Processing /media/data/omar/programming course/DEPI/DEPI project/anomx/venv/lib/python3.12/site-packages/airflow/example_dags/example_branch_operator_decorator.py took 0.109 seconds
[2026-06-21T22:50:27.735+0300] {processor.py:161} INFO - Started process (PID=22394) to work on /media/data/omar/programming course/DEPI/DEPI project/anomx/venv/lib/python3.12/site-packages/airflow/example_dags/example_branch_operator_decorator.py
[2026-06-21T22:50:27.737+0300] {processor.py:830} INFO - Processing file /media/data/omar/programming course/DEPI/DEPI project/anomx/venv/lib/python3.12/site-packages/airflow/example_dags/example_branch_operator_decorator.py for tasks to queue
[2026-06-21T22:50:27.742+0300] {logging_mixin.py:188} INFO - [2026-06-21T22:50:27.740+0300] {dagbag.py:540} INFO - Filling up the DagBag from /media/data/omar/programming course/DEPI/DEPI project/anomx/venv/lib/python3.12/site-packages/airflow/example_dags/example_branch_operator_decorator.py
[2026-06-21T22:50:27.768+0300] {processor.py:840} INFO - DAG(s) 'example_branch_python_operator_decorator' retrieved from /media/data/omar/programming course/DEPI/DEPI project/anomx/venv/lib/python3.12/site-packages/airflow/example_dags/example_branch_operator_decorator.py
[2026-06-21T22:50:27.791+0300] {logging_mixin.py:188} INFO - [2026-06-21T22:50:27.790+0300] {dag.py:3096} INFO - Sync 1 DAGs
[2026-06-21T22:50:27.809+0300] {logging_mixin.py:188} INFO - [2026-06-21T22:50:27.809+0300] {dag.py:3954} INFO - Setting next_dagrun for example_branch_python_operator_decorator to 2026-06-20 00:00:00+00:00, run_after=2026-06-21 00:00:00+00:00
[2026-06-21T22:50:27.840+0300] {processor.py:183} INFO - Processing /media/data/omar/programming course/DEPI/DEPI project/anomx/venv/lib/python3.12/site-packages/airflow/example_dags/example_branch_operator_decorator.py took 0.118 seconds
