[2026-06-21T21:39:29.055+0300] {processor.py:161} INFO - Started process (PID=15140) to work on /media/data/omar/programming course/DEPI/DEPI project/anomx/venv/lib/python3.12/site-packages/airflow/example_dags/example_dag_decorator.py
[2026-06-21T21:39:29.058+0300] {processor.py:830} INFO - Processing file /media/data/omar/programming course/DEPI/DEPI project/anomx/venv/lib/python3.12/site-packages/airflow/example_dags/example_dag_decorator.py for tasks to queue
[2026-06-21T21:39:29.061+0300] {logging_mixin.py:188} INFO - [2026-06-21T21:39:29.061+0300] {dagbag.py:540} INFO - Filling up the DagBag from /media/data/omar/programming course/DEPI/DEPI project/anomx/venv/lib/python3.12/site-packages/airflow/example_dags/example_dag_decorator.py
[2026-06-21T21:39:29.210+0300] {processor.py:840} INFO - DAG(s) 'example_dag_decorator' retrieved from /media/data/omar/programming course/DEPI/DEPI project/anomx/venv/lib/python3.12/site-packages/airflow/example_dags/example_dag_decorator.py
[2026-06-21T21:39:29.416+0300] {logging_mixin.py:188} INFO - [2026-06-21T21:39:29.415+0300] {override.py:1829} INFO - Created Permission View: can edit on DAG:example_dag_decorator
[2026-06-21T21:39:29.441+0300] {logging_mixin.py:188} INFO - [2026-06-21T21:39:29.440+0300] {override.py:1829} INFO - Created Permission View: can read on DAG:example_dag_decorator
[2026-06-21T21:39:29.471+0300] {logging_mixin.py:188} INFO - [2026-06-21T21:39:29.470+0300] {override.py:1829} INFO - Created Permission View: can delete on DAG:example_dag_decorator
[2026-06-21T21:39:29.472+0300] {logging_mixin.py:188} INFO - [2026-06-21T21:39:29.472+0300] {dag.py:3096} INFO - Sync 1 DAGs
[2026-06-21T21:39:29.492+0300] {logging_mixin.py:188} INFO - [2026-06-21T21:39:29.492+0300] {dag.py:3118} INFO - Creating ORM DAG for example_dag_decorator
[2026-06-21T21:39:29.493+0300] {logging_mixin.py:188} INFO - [2026-06-21T21:39:29.493+0300] {dag.py:3954} INFO - Setting next_dagrun for example_dag_decorator to None, run_after=None
[2026-06-21T21:39:29.525+0300] {processor.py:183} INFO - Processing /media/data/omar/programming course/DEPI/DEPI project/anomx/venv/lib/python3.12/site-packages/airflow/example_dags/example_dag_decorator.py took 0.485 seconds
[2026-06-21T21:40:31.581+0300] {processor.py:161} INFO - Started process (PID=15233) to work on /media/data/omar/programming course/DEPI/DEPI project/anomx/venv/lib/python3.12/site-packages/airflow/example_dags/example_dag_decorator.py
[2026-06-21T21:40:31.582+0300] {processor.py:830} INFO - Processing file /media/data/omar/programming course/DEPI/DEPI project/anomx/venv/lib/python3.12/site-packages/airflow/example_dags/example_dag_decorator.py for tasks to queue
[2026-06-21T21:40:31.585+0300] {logging_mixin.py:188} INFO - [2026-06-21T21:40:31.584+0300] {dagbag.py:540} INFO - Filling up the DagBag from /media/data/omar/programming course/DEPI/DEPI project/anomx/venv/lib/python3.12/site-packages/airflow/example_dags/example_dag_decorator.py
[2026-06-21T21:40:31.727+0300] {processor.py:840} INFO - DAG(s) 'example_dag_decorator' retrieved from /media/data/omar/programming course/DEPI/DEPI project/anomx/venv/lib/python3.12/site-packages/airflow/example_dags/example_dag_decorator.py
[2026-06-21T21:40:32.174+0300] {logging_mixin.py:188} INFO - [2026-06-21T21:40:32.174+0300] {dag.py:3096} INFO - Sync 1 DAGs
[2026-06-21T21:40:32.192+0300] {logging_mixin.py:188} INFO - [2026-06-21T21:40:32.191+0300] {dag.py:3954} INFO - Setting next_dagrun for example_dag_decorator to None, run_after=None
[2026-06-21T21:40:32.270+0300] {processor.py:183} INFO - Processing /media/data/omar/programming course/DEPI/DEPI project/anomx/venv/lib/python3.12/site-packages/airflow/example_dags/example_dag_decorator.py took 0.696 seconds
[2026-06-21T21:41:34.076+0300] {processor.py:161} INFO - Started process (PID=15356) to work on /media/data/omar/programming course/DEPI/DEPI project/anomx/venv/lib/python3.12/site-packages/airflow/example_dags/example_dag_decorator.py
[2026-06-21T21:41:34.077+0300] {processor.py:830} INFO - Processing file /media/data/omar/programming course/DEPI/DEPI project/anomx/venv/lib/python3.12/site-packages/airflow/example_dags/example_dag_decorator.py for tasks to queue
[2026-06-21T21:41:34.082+0300] {logging_mixin.py:188} INFO - [2026-06-21T21:41:34.080+0300] {dagbag.py:540} INFO - Filling up the DagBag from /media/data/omar/programming course/DEPI/DEPI project/anomx/venv/lib/python3.12/site-packages/airflow/example_dags/example_dag_decorator.py
[2026-06-21T21:41:34.325+0300] {processor.py:840} INFO - DAG(s) 'example_dag_decorator' retrieved from /media/data/omar/programming course/DEPI/DEPI project/anomx/venv/lib/python3.12/site-packages/airflow/example_dags/example_dag_decorator.py
[2026-06-21T21:41:34.574+0300] {logging_mixin.py:188} INFO - [2026-06-21T21:41:34.573+0300] {dag.py:3096} INFO - Sync 1 DAGs
[2026-06-21T21:41:34.595+0300] {logging_mixin.py:188} INFO - [2026-06-21T21:41:34.593+0300] {dag.py:3954} INFO - Setting next_dagrun for example_dag_decorator to None, run_after=None
[2026-06-21T21:41:34.652+0300] {processor.py:183} INFO - Processing /media/data/omar/programming course/DEPI/DEPI project/anomx/venv/lib/python3.12/site-packages/airflow/example_dags/example_dag_decorator.py took 0.586 seconds
[2026-06-21T21:42:40.882+0300] {processor.py:161} INFO - Started process (PID=15494) to work on /media/data/omar/programming course/DEPI/DEPI project/anomx/venv/lib/python3.12/site-packages/airflow/example_dags/example_dag_decorator.py
[2026-06-21T21:42:40.885+0300] {processor.py:830} INFO - Processing file /media/data/omar/programming course/DEPI/DEPI project/anomx/venv/lib/python3.12/site-packages/airflow/example_dags/example_dag_decorator.py for tasks to queue
[2026-06-21T21:42:40.898+0300] {logging_mixin.py:188} INFO - [2026-06-21T21:42:40.895+0300] {dagbag.py:540} INFO - Filling up the DagBag from /media/data/omar/programming course/DEPI/DEPI project/anomx/venv/lib/python3.12/site-packages/airflow/example_dags/example_dag_decorator.py
[2026-06-21T21:42:41.126+0300] {processor.py:840} INFO - DAG(s) 'example_dag_decorator' retrieved from /media/data/omar/programming course/DEPI/DEPI project/anomx/venv/lib/python3.12/site-packages/airflow/example_dags/example_dag_decorator.py
[2026-06-21T21:42:41.304+0300] {logging_mixin.py:188} INFO - [2026-06-21T21:42:41.304+0300] {dag.py:3096} INFO - Sync 1 DAGs
[2026-06-21T21:42:41.313+0300] {logging_mixin.py:188} INFO - [2026-06-21T21:42:41.313+0300] {dag.py:3954} INFO - Setting next_dagrun for example_dag_decorator to None, run_after=None
[2026-06-21T21:42:41.341+0300] {processor.py:183} INFO - Processing /media/data/omar/programming course/DEPI/DEPI project/anomx/venv/lib/python3.12/site-packages/airflow/example_dags/example_dag_decorator.py took 0.496 seconds
[2026-06-21T21:43:40.695+0300] {processor.py:161} INFO - Started process (PID=15693) to work on /media/data/omar/programming course/DEPI/DEPI project/anomx/venv/lib/python3.12/site-packages/airflow/example_dags/example_dag_decorator.py
[2026-06-21T21:43:40.697+0300] {processor.py:830} INFO - Processing file /media/data/omar/programming course/DEPI/DEPI project/anomx/venv/lib/python3.12/site-packages/airflow/example_dags/example_dag_decorator.py for tasks to queue
[2026-06-21T21:43:40.706+0300] {logging_mixin.py:188} INFO - [2026-06-21T21:43:40.705+0300] {dagbag.py:540} INFO - Filling up the DagBag from /media/data/omar/programming course/DEPI/DEPI project/anomx/venv/lib/python3.12/site-packages/airflow/example_dags/example_dag_decorator.py
[2026-06-21T21:43:40.909+0300] {processor.py:840} INFO - DAG(s) 'example_dag_decorator' retrieved from /media/data/omar/programming course/DEPI/DEPI project/anomx/venv/lib/python3.12/site-packages/airflow/example_dags/example_dag_decorator.py
[2026-06-21T21:43:41.170+0300] {logging_mixin.py:188} INFO - [2026-06-21T21:43:41.169+0300] {dag.py:3096} INFO - Sync 1 DAGs
[2026-06-21T21:43:41.184+0300] {logging_mixin.py:188} INFO - [2026-06-21T21:43:41.183+0300] {dag.py:3954} INFO - Setting next_dagrun for example_dag_decorator to None, run_after=None
[2026-06-21T21:43:41.217+0300] {processor.py:183} INFO - Processing /media/data/omar/programming course/DEPI/DEPI project/anomx/venv/lib/python3.12/site-packages/airflow/example_dags/example_dag_decorator.py took 0.538 seconds
[2026-06-21T21:44:39.019+0300] {processor.py:161} INFO - Started process (PID=15803) to work on /media/data/omar/programming course/DEPI/DEPI project/anomx/venv/lib/python3.12/site-packages/airflow/example_dags/example_dag_decorator.py
[2026-06-21T21:44:39.020+0300] {processor.py:830} INFO - Processing file /media/data/omar/programming course/DEPI/DEPI project/anomx/venv/lib/python3.12/site-packages/airflow/example_dags/example_dag_decorator.py for tasks to queue
[2026-06-21T21:44:39.023+0300] {logging_mixin.py:188} INFO - [2026-06-21T21:44:39.022+0300] {dagbag.py:540} INFO - Filling up the DagBag from /media/data/omar/programming course/DEPI/DEPI project/anomx/venv/lib/python3.12/site-packages/airflow/example_dags/example_dag_decorator.py
[2026-06-21T21:44:39.262+0300] {processor.py:840} INFO - DAG(s) 'example_dag_decorator' retrieved from /media/data/omar/programming course/DEPI/DEPI project/anomx/venv/lib/python3.12/site-packages/airflow/example_dags/example_dag_decorator.py
[2026-06-21T21:44:39.544+0300] {logging_mixin.py:188} INFO - [2026-06-21T21:44:39.543+0300] {dag.py:3096} INFO - Sync 1 DAGs
[2026-06-21T21:44:39.558+0300] {logging_mixin.py:188} INFO - [2026-06-21T21:44:39.558+0300] {dag.py:3954} INFO - Setting next_dagrun for example_dag_decorator to None, run_after=None
[2026-06-21T21:44:39.599+0300] {processor.py:183} INFO - Processing /media/data/omar/programming course/DEPI/DEPI project/anomx/venv/lib/python3.12/site-packages/airflow/example_dags/example_dag_decorator.py took 0.589 seconds
[2026-06-21T21:47:14.920+0300] {processor.py:161} INFO - Started process (PID=16110) to work on /media/data/omar/programming course/DEPI/DEPI project/anomx/venv/lib/python3.12/site-packages/airflow/example_dags/example_dag_decorator.py
[2026-06-21T21:47:14.921+0300] {processor.py:830} INFO - Processing file /media/data/omar/programming course/DEPI/DEPI project/anomx/venv/lib/python3.12/site-packages/airflow/example_dags/example_dag_decorator.py for tasks to queue
[2026-06-21T21:47:14.923+0300] {logging_mixin.py:188} INFO - [2026-06-21T21:47:14.922+0300] {dagbag.py:540} INFO - Filling up the DagBag from /media/data/omar/programming course/DEPI/DEPI project/anomx/venv/lib/python3.12/site-packages/airflow/example_dags/example_dag_decorator.py
[2026-06-21T21:47:15.055+0300] {processor.py:840} INFO - DAG(s) 'example_dag_decorator' retrieved from /media/data/omar/programming course/DEPI/DEPI project/anomx/venv/lib/python3.12/site-packages/airflow/example_dags/example_dag_decorator.py
[2026-06-21T21:47:15.245+0300] {logging_mixin.py:188} INFO - [2026-06-21T21:47:15.245+0300] {dag.py:3096} INFO - Sync 1 DAGs
[2026-06-21T21:47:15.255+0300] {logging_mixin.py:188} INFO - [2026-06-21T21:47:15.254+0300] {dag.py:3954} INFO - Setting next_dagrun for example_dag_decorator to None, run_after=None
[2026-06-21T21:47:15.287+0300] {processor.py:183} INFO - Processing /media/data/omar/programming course/DEPI/DEPI project/anomx/venv/lib/python3.12/site-packages/airflow/example_dags/example_dag_decorator.py took 0.373 seconds
[2026-06-21T21:48:16.423+0300] {processor.py:161} INFO - Started process (PID=16202) to work on /media/data/omar/programming course/DEPI/DEPI project/anomx/venv/lib/python3.12/site-packages/airflow/example_dags/example_dag_decorator.py
[2026-06-21T21:48:16.424+0300] {processor.py:830} INFO - Processing file /media/data/omar/programming course/DEPI/DEPI project/anomx/venv/lib/python3.12/site-packages/airflow/example_dags/example_dag_decorator.py for tasks to queue
[2026-06-21T21:48:16.427+0300] {logging_mixin.py:188} INFO - [2026-06-21T21:48:16.426+0300] {dagbag.py:540} INFO - Filling up the DagBag from /media/data/omar/programming course/DEPI/DEPI project/anomx/venv/lib/python3.12/site-packages/airflow/example_dags/example_dag_decorator.py
[2026-06-21T21:48:16.576+0300] {processor.py:840} INFO - DAG(s) 'example_dag_decorator' retrieved from /media/data/omar/programming course/DEPI/DEPI project/anomx/venv/lib/python3.12/site-packages/airflow/example_dags/example_dag_decorator.py
[2026-06-21T21:48:16.825+0300] {logging_mixin.py:188} INFO - [2026-06-21T21:48:16.824+0300] {dag.py:3096} INFO - Sync 1 DAGs
[2026-06-21T21:48:16.832+0300] {logging_mixin.py:188} INFO - [2026-06-21T21:48:16.832+0300] {dag.py:3954} INFO - Setting next_dagrun for example_dag_decorator to None, run_after=None
[2026-06-21T21:48:16.862+0300] {processor.py:183} INFO - Processing /media/data/omar/programming course/DEPI/DEPI project/anomx/venv/lib/python3.12/site-packages/airflow/example_dags/example_dag_decorator.py took 0.447 seconds
[2026-06-21T21:49:15.211+0300] {processor.py:161} INFO - Started process (PID=16294) to work on /media/data/omar/programming course/DEPI/DEPI project/anomx/venv/lib/python3.12/site-packages/airflow/example_dags/example_dag_decorator.py
[2026-06-21T21:49:15.212+0300] {processor.py:830} INFO - Processing file /media/data/omar/programming course/DEPI/DEPI project/anomx/venv/lib/python3.12/site-packages/airflow/example_dags/example_dag_decorator.py for tasks to queue
[2026-06-21T21:49:15.215+0300] {logging_mixin.py:188} INFO - [2026-06-21T21:49:15.214+0300] {dagbag.py:540} INFO - Filling up the DagBag from /media/data/omar/programming course/DEPI/DEPI project/anomx/venv/lib/python3.12/site-packages/airflow/example_dags/example_dag_decorator.py
[2026-06-21T21:49:15.394+0300] {processor.py:840} INFO - DAG(s) 'example_dag_decorator' retrieved from /media/data/omar/programming course/DEPI/DEPI project/anomx/venv/lib/python3.12/site-packages/airflow/example_dags/example_dag_decorator.py
[2026-06-21T21:49:15.589+0300] {logging_mixin.py:188} INFO - [2026-06-21T21:49:15.589+0300] {dag.py:3096} INFO - Sync 1 DAGs
[2026-06-21T21:49:15.686+0300] {logging_mixin.py:188} INFO - [2026-06-21T21:49:15.686+0300] {dag.py:3954} INFO - Setting next_dagrun for example_dag_decorator to None, run_after=None
[2026-06-21T21:49:15.712+0300] {processor.py:183} INFO - Processing /media/data/omar/programming course/DEPI/DEPI project/anomx/venv/lib/python3.12/site-packages/airflow/example_dags/example_dag_decorator.py took 0.513 seconds
[2026-06-21T21:51:26.932+0300] {processor.py:161} INFO - Started process (PID=16537) to work on /media/data/omar/programming course/DEPI/DEPI project/anomx/venv/lib/python3.12/site-packages/airflow/example_dags/example_dag_decorator.py
[2026-06-21T21:51:26.933+0300] {processor.py:830} INFO - Processing file /media/data/omar/programming course/DEPI/DEPI project/anomx/venv/lib/python3.12/site-packages/airflow/example_dags/example_dag_decorator.py for tasks to queue
[2026-06-21T21:51:26.935+0300] {logging_mixin.py:188} INFO - [2026-06-21T21:51:26.935+0300] {dagbag.py:540} INFO - Filling up the DagBag from /media/data/omar/programming course/DEPI/DEPI project/anomx/venv/lib/python3.12/site-packages/airflow/example_dags/example_dag_decorator.py
[2026-06-21T21:51:27.079+0300] {processor.py:840} INFO - DAG(s) 'example_dag_decorator' retrieved from /media/data/omar/programming course/DEPI/DEPI project/anomx/venv/lib/python3.12/site-packages/airflow/example_dags/example_dag_decorator.py
[2026-06-21T21:51:27.242+0300] {logging_mixin.py:188} INFO - [2026-06-21T21:51:27.241+0300] {dag.py:3096} INFO - Sync 1 DAGs
[2026-06-21T21:51:27.250+0300] {logging_mixin.py:188} INFO - [2026-06-21T21:51:27.250+0300] {dag.py:3954} INFO - Setting next_dagrun for example_dag_decorator to None, run_after=None
[2026-06-21T21:51:27.375+0300] {processor.py:183} INFO - Processing /media/data/omar/programming course/DEPI/DEPI project/anomx/venv/lib/python3.12/site-packages/airflow/example_dags/example_dag_decorator.py took 0.448 seconds
[2026-06-21T21:53:02.886+0300] {processor.py:161} INFO - Started process (PID=16715) to work on /media/data/omar/programming course/DEPI/DEPI project/anomx/venv/lib/python3.12/site-packages/airflow/example_dags/example_dag_decorator.py
[2026-06-21T21:53:02.888+0300] {processor.py:830} INFO - Processing file /media/data/omar/programming course/DEPI/DEPI project/anomx/venv/lib/python3.12/site-packages/airflow/example_dags/example_dag_decorator.py for tasks to queue
[2026-06-21T21:53:02.892+0300] {logging_mixin.py:188} INFO - [2026-06-21T21:53:02.890+0300] {dagbag.py:540} INFO - Filling up the DagBag from /media/data/omar/programming course/DEPI/DEPI project/anomx/venv/lib/python3.12/site-packages/airflow/example_dags/example_dag_decorator.py
[2026-06-21T21:53:03.029+0300] {processor.py:840} INFO - DAG(s) 'example_dag_decorator' retrieved from /media/data/omar/programming course/DEPI/DEPI project/anomx/venv/lib/python3.12/site-packages/airflow/example_dags/example_dag_decorator.py
[2026-06-21T21:53:03.190+0300] {logging_mixin.py:188} INFO - [2026-06-21T21:53:03.190+0300] {dag.py:3096} INFO - Sync 1 DAGs
[2026-06-21T21:53:03.198+0300] {logging_mixin.py:188} INFO - [2026-06-21T21:53:03.198+0300] {dag.py:3954} INFO - Setting next_dagrun for example_dag_decorator to None, run_after=None
[2026-06-21T21:53:03.226+0300] {processor.py:183} INFO - Processing /media/data/omar/programming course/DEPI/DEPI project/anomx/venv/lib/python3.12/site-packages/airflow/example_dags/example_dag_decorator.py took 0.351 seconds
[2026-06-21T21:53:57.895+0300] {processor.py:161} INFO - Started process (PID=16795) to work on /media/data/omar/programming course/DEPI/DEPI project/anomx/venv/lib/python3.12/site-packages/airflow/example_dags/example_dag_decorator.py
[2026-06-21T21:53:57.897+0300] {processor.py:830} INFO - Processing file /media/data/omar/programming course/DEPI/DEPI project/anomx/venv/lib/python3.12/site-packages/airflow/example_dags/example_dag_decorator.py for tasks to queue
[2026-06-21T21:53:57.901+0300] {logging_mixin.py:188} INFO - [2026-06-21T21:53:57.900+0300] {dagbag.py:540} INFO - Filling up the DagBag from /media/data/omar/programming course/DEPI/DEPI project/anomx/venv/lib/python3.12/site-packages/airflow/example_dags/example_dag_decorator.py
[2026-06-21T21:53:58.036+0300] {processor.py:840} INFO - DAG(s) 'example_dag_decorator' retrieved from /media/data/omar/programming course/DEPI/DEPI project/anomx/venv/lib/python3.12/site-packages/airflow/example_dags/example_dag_decorator.py
[2026-06-21T21:53:58.282+0300] {logging_mixin.py:188} INFO - [2026-06-21T21:53:58.281+0300] {dag.py:3096} INFO - Sync 1 DAGs
[2026-06-21T21:53:58.289+0300] {logging_mixin.py:188} INFO - [2026-06-21T21:53:58.289+0300] {dag.py:3954} INFO - Setting next_dagrun for example_dag_decorator to None, run_after=None
[2026-06-21T21:53:58.316+0300] {processor.py:183} INFO - Processing /media/data/omar/programming course/DEPI/DEPI project/anomx/venv/lib/python3.12/site-packages/airflow/example_dags/example_dag_decorator.py took 0.441 seconds
[2026-06-21T21:54:55.715+0300] {processor.py:161} INFO - Started process (PID=16897) to work on /media/data/omar/programming course/DEPI/DEPI project/anomx/venv/lib/python3.12/site-packages/airflow/example_dags/example_dag_decorator.py
[2026-06-21T21:54:55.718+0300] {processor.py:830} INFO - Processing file /media/data/omar/programming course/DEPI/DEPI project/anomx/venv/lib/python3.12/site-packages/airflow/example_dags/example_dag_decorator.py for tasks to queue
[2026-06-21T21:54:55.724+0300] {logging_mixin.py:188} INFO - [2026-06-21T21:54:55.722+0300] {dagbag.py:540} INFO - Filling up the DagBag from /media/data/omar/programming course/DEPI/DEPI project/anomx/venv/lib/python3.12/site-packages/airflow/example_dags/example_dag_decorator.py
[2026-06-21T21:54:55.912+0300] {processor.py:840} INFO - DAG(s) 'example_dag_decorator' retrieved from /media/data/omar/programming course/DEPI/DEPI project/anomx/venv/lib/python3.12/site-packages/airflow/example_dags/example_dag_decorator.py
[2026-06-21T21:54:56.151+0300] {logging_mixin.py:188} INFO - [2026-06-21T21:54:56.151+0300] {dag.py:3096} INFO - Sync 1 DAGs
[2026-06-21T21:54:56.159+0300] {logging_mixin.py:188} INFO - [2026-06-21T21:54:56.158+0300] {dag.py:3954} INFO - Setting next_dagrun for example_dag_decorator to None, run_after=None
[2026-06-21T21:54:56.184+0300] {processor.py:183} INFO - Processing /media/data/omar/programming course/DEPI/DEPI project/anomx/venv/lib/python3.12/site-packages/airflow/example_dags/example_dag_decorator.py took 0.488 seconds
[2026-06-21T21:55:51.257+0300] {processor.py:161} INFO - Started process (PID=16992) to work on /media/data/omar/programming course/DEPI/DEPI project/anomx/venv/lib/python3.12/site-packages/airflow/example_dags/example_dag_decorator.py
[2026-06-21T21:55:51.258+0300] {processor.py:830} INFO - Processing file /media/data/omar/programming course/DEPI/DEPI project/anomx/venv/lib/python3.12/site-packages/airflow/example_dags/example_dag_decorator.py for tasks to queue
[2026-06-21T21:55:51.261+0300] {logging_mixin.py:188} INFO - [2026-06-21T21:55:51.260+0300] {dagbag.py:540} INFO - Filling up the DagBag from /media/data/omar/programming course/DEPI/DEPI project/anomx/venv/lib/python3.12/site-packages/airflow/example_dags/example_dag_decorator.py
[2026-06-21T21:55:51.441+0300] {processor.py:840} INFO - DAG(s) 'example_dag_decorator' retrieved from /media/data/omar/programming course/DEPI/DEPI project/anomx/venv/lib/python3.12/site-packages/airflow/example_dags/example_dag_decorator.py
[2026-06-21T21:55:51.678+0300] {logging_mixin.py:188} INFO - [2026-06-21T21:55:51.677+0300] {dag.py:3096} INFO - Sync 1 DAGs
[2026-06-21T21:55:51.684+0300] {logging_mixin.py:188} INFO - [2026-06-21T21:55:51.684+0300] {dag.py:3954} INFO - Setting next_dagrun for example_dag_decorator to None, run_after=None
[2026-06-21T21:55:51.710+0300] {processor.py:183} INFO - Processing /media/data/omar/programming course/DEPI/DEPI project/anomx/venv/lib/python3.12/site-packages/airflow/example_dags/example_dag_decorator.py took 0.463 seconds
[2026-06-21T21:56:43.412+0300] {processor.py:161} INFO - Started process (PID=17081) to work on /media/data/omar/programming course/DEPI/DEPI project/anomx/venv/lib/python3.12/site-packages/airflow/example_dags/example_dag_decorator.py
[2026-06-21T21:56:43.413+0300] {processor.py:830} INFO - Processing file /media/data/omar/programming course/DEPI/DEPI project/anomx/venv/lib/python3.12/site-packages/airflow/example_dags/example_dag_decorator.py for tasks to queue
[2026-06-21T21:56:43.415+0300] {logging_mixin.py:188} INFO - [2026-06-21T21:56:43.414+0300] {dagbag.py:540} INFO - Filling up the DagBag from /media/data/omar/programming course/DEPI/DEPI project/anomx/venv/lib/python3.12/site-packages/airflow/example_dags/example_dag_decorator.py
[2026-06-21T21:56:43.542+0300] {processor.py:840} INFO - DAG(s) 'example_dag_decorator' retrieved from /media/data/omar/programming course/DEPI/DEPI project/anomx/venv/lib/python3.12/site-packages/airflow/example_dags/example_dag_decorator.py
[2026-06-21T21:56:43.769+0300] {logging_mixin.py:188} INFO - [2026-06-21T21:56:43.769+0300] {dag.py:3096} INFO - Sync 1 DAGs
[2026-06-21T21:56:43.776+0300] {logging_mixin.py:188} INFO - [2026-06-21T21:56:43.776+0300] {dag.py:3954} INFO - Setting next_dagrun for example_dag_decorator to None, run_after=None
[2026-06-21T21:56:43.804+0300] {processor.py:183} INFO - Processing /media/data/omar/programming course/DEPI/DEPI project/anomx/venv/lib/python3.12/site-packages/airflow/example_dags/example_dag_decorator.py took 0.400 seconds
[2026-06-21T21:57:39.115+0300] {processor.py:161} INFO - Started process (PID=17181) to work on /media/data/omar/programming course/DEPI/DEPI project/anomx/venv/lib/python3.12/site-packages/airflow/example_dags/example_dag_decorator.py
[2026-06-21T21:57:39.117+0300] {processor.py:830} INFO - Processing file /media/data/omar/programming course/DEPI/DEPI project/anomx/venv/lib/python3.12/site-packages/airflow/example_dags/example_dag_decorator.py for tasks to queue
[2026-06-21T21:57:39.119+0300] {logging_mixin.py:188} INFO - [2026-06-21T21:57:39.118+0300] {dagbag.py:540} INFO - Filling up the DagBag from /media/data/omar/programming course/DEPI/DEPI project/anomx/venv/lib/python3.12/site-packages/airflow/example_dags/example_dag_decorator.py
[2026-06-21T21:57:39.257+0300] {processor.py:840} INFO - DAG(s) 'example_dag_decorator' retrieved from /media/data/omar/programming course/DEPI/DEPI project/anomx/venv/lib/python3.12/site-packages/airflow/example_dags/example_dag_decorator.py
[2026-06-21T21:57:39.492+0300] {logging_mixin.py:188} INFO - [2026-06-21T21:57:39.492+0300] {dag.py:3096} INFO - Sync 1 DAGs
[2026-06-21T21:57:39.501+0300] {logging_mixin.py:188} INFO - [2026-06-21T21:57:39.501+0300] {dag.py:3954} INFO - Setting next_dagrun for example_dag_decorator to None, run_after=None
[2026-06-21T21:57:39.526+0300] {processor.py:183} INFO - Processing /media/data/omar/programming course/DEPI/DEPI project/anomx/venv/lib/python3.12/site-packages/airflow/example_dags/example_dag_decorator.py took 0.425 seconds
[2026-06-21T21:58:32.430+0300] {processor.py:161} INFO - Started process (PID=17260) to work on /media/data/omar/programming course/DEPI/DEPI project/anomx/venv/lib/python3.12/site-packages/airflow/example_dags/example_dag_decorator.py
[2026-06-21T21:58:32.431+0300] {processor.py:830} INFO - Processing file /media/data/omar/programming course/DEPI/DEPI project/anomx/venv/lib/python3.12/site-packages/airflow/example_dags/example_dag_decorator.py for tasks to queue
[2026-06-21T21:58:32.434+0300] {logging_mixin.py:188} INFO - [2026-06-21T21:58:32.433+0300] {dagbag.py:540} INFO - Filling up the DagBag from /media/data/omar/programming course/DEPI/DEPI project/anomx/venv/lib/python3.12/site-packages/airflow/example_dags/example_dag_decorator.py
[2026-06-21T21:58:32.559+0300] {processor.py:840} INFO - DAG(s) 'example_dag_decorator' retrieved from /media/data/omar/programming course/DEPI/DEPI project/anomx/venv/lib/python3.12/site-packages/airflow/example_dags/example_dag_decorator.py
[2026-06-21T21:58:32.574+0300] {logging_mixin.py:188} INFO - [2026-06-21T21:58:32.574+0300] {dag.py:3096} INFO - Sync 1 DAGs
[2026-06-21T21:58:32.583+0300] {logging_mixin.py:188} INFO - [2026-06-21T21:58:32.583+0300] {dag.py:3954} INFO - Setting next_dagrun for example_dag_decorator to None, run_after=None
[2026-06-21T21:58:32.610+0300] {processor.py:183} INFO - Processing /media/data/omar/programming course/DEPI/DEPI project/anomx/venv/lib/python3.12/site-packages/airflow/example_dags/example_dag_decorator.py took 0.189 seconds
[2026-06-21T21:59:29.119+0300] {processor.py:161} INFO - Started process (PID=17350) to work on /media/data/omar/programming course/DEPI/DEPI project/anomx/venv/lib/python3.12/site-packages/airflow/example_dags/example_dag_decorator.py
[2026-06-21T21:59:29.123+0300] {processor.py:830} INFO - Processing file /media/data/omar/programming course/DEPI/DEPI project/anomx/venv/lib/python3.12/site-packages/airflow/example_dags/example_dag_decorator.py for tasks to queue
[2026-06-21T21:59:29.128+0300] {logging_mixin.py:188} INFO - [2026-06-21T21:59:29.127+0300] {dagbag.py:540} INFO - Filling up the DagBag from /media/data/omar/programming course/DEPI/DEPI project/anomx/venv/lib/python3.12/site-packages/airflow/example_dags/example_dag_decorator.py
[2026-06-21T21:59:29.262+0300] {processor.py:840} INFO - DAG(s) 'example_dag_decorator' retrieved from /media/data/omar/programming course/DEPI/DEPI project/anomx/venv/lib/python3.12/site-packages/airflow/example_dags/example_dag_decorator.py
[2026-06-21T21:59:29.507+0300] {logging_mixin.py:188} INFO - [2026-06-21T21:59:29.507+0300] {dag.py:3096} INFO - Sync 1 DAGs
[2026-06-21T21:59:29.515+0300] {logging_mixin.py:188} INFO - [2026-06-21T21:59:29.514+0300] {dag.py:3954} INFO - Setting next_dagrun for example_dag_decorator to None, run_after=None
[2026-06-21T21:59:29.541+0300] {processor.py:183} INFO - Processing /media/data/omar/programming course/DEPI/DEPI project/anomx/venv/lib/python3.12/site-packages/airflow/example_dags/example_dag_decorator.py took 0.444 seconds
[2026-06-21T22:00:24.977+0300] {processor.py:161} INFO - Started process (PID=17445) to work on /media/data/omar/programming course/DEPI/DEPI project/anomx/venv/lib/python3.12/site-packages/airflow/example_dags/example_dag_decorator.py
[2026-06-21T22:00:24.979+0300] {processor.py:830} INFO - Processing file /media/data/omar/programming course/DEPI/DEPI project/anomx/venv/lib/python3.12/site-packages/airflow/example_dags/example_dag_decorator.py for tasks to queue
[2026-06-21T22:00:24.982+0300] {logging_mixin.py:188} INFO - [2026-06-21T22:00:24.981+0300] {dagbag.py:540} INFO - Filling up the DagBag from /media/data/omar/programming course/DEPI/DEPI project/anomx/venv/lib/python3.12/site-packages/airflow/example_dags/example_dag_decorator.py
[2026-06-21T22:00:25.117+0300] {processor.py:840} INFO - DAG(s) 'example_dag_decorator' retrieved from /media/data/omar/programming course/DEPI/DEPI project/anomx/venv/lib/python3.12/site-packages/airflow/example_dags/example_dag_decorator.py
[2026-06-21T22:00:25.352+0300] {logging_mixin.py:188} INFO - [2026-06-21T22:00:25.352+0300] {dag.py:3096} INFO - Sync 1 DAGs
[2026-06-21T22:00:25.361+0300] {logging_mixin.py:188} INFO - [2026-06-21T22:00:25.360+0300] {dag.py:3954} INFO - Setting next_dagrun for example_dag_decorator to None, run_after=None
[2026-06-21T22:00:25.387+0300] {processor.py:183} INFO - Processing /media/data/omar/programming course/DEPI/DEPI project/anomx/venv/lib/python3.12/site-packages/airflow/example_dags/example_dag_decorator.py took 0.425 seconds
[2026-06-21T22:01:23.435+0300] {processor.py:161} INFO - Started process (PID=17539) to work on /media/data/omar/programming course/DEPI/DEPI project/anomx/venv/lib/python3.12/site-packages/airflow/example_dags/example_dag_decorator.py
[2026-06-21T22:01:23.437+0300] {processor.py:830} INFO - Processing file /media/data/omar/programming course/DEPI/DEPI project/anomx/venv/lib/python3.12/site-packages/airflow/example_dags/example_dag_decorator.py for tasks to queue
[2026-06-21T22:01:23.442+0300] {logging_mixin.py:188} INFO - [2026-06-21T22:01:23.440+0300] {dagbag.py:540} INFO - Filling up the DagBag from /media/data/omar/programming course/DEPI/DEPI project/anomx/venv/lib/python3.12/site-packages/airflow/example_dags/example_dag_decorator.py
[2026-06-21T22:01:23.602+0300] {processor.py:840} INFO - DAG(s) 'example_dag_decorator' retrieved from /media/data/omar/programming course/DEPI/DEPI project/anomx/venv/lib/python3.12/site-packages/airflow/example_dags/example_dag_decorator.py
[2026-06-21T22:01:23.834+0300] {logging_mixin.py:188} INFO - [2026-06-21T22:01:23.833+0300] {dag.py:3096} INFO - Sync 1 DAGs
[2026-06-21T22:01:23.842+0300] {logging_mixin.py:188} INFO - [2026-06-21T22:01:23.842+0300] {dag.py:3954} INFO - Setting next_dagrun for example_dag_decorator to None, run_after=None
[2026-06-21T22:01:23.867+0300] {processor.py:183} INFO - Processing /media/data/omar/programming course/DEPI/DEPI project/anomx/venv/lib/python3.12/site-packages/airflow/example_dags/example_dag_decorator.py took 0.450 seconds
[2026-06-21T22:02:19.722+0300] {processor.py:161} INFO - Started process (PID=17630) to work on /media/data/omar/programming course/DEPI/DEPI project/anomx/venv/lib/python3.12/site-packages/airflow/example_dags/example_dag_decorator.py
[2026-06-21T22:02:19.723+0300] {processor.py:830} INFO - Processing file /media/data/omar/programming course/DEPI/DEPI project/anomx/venv/lib/python3.12/site-packages/airflow/example_dags/example_dag_decorator.py for tasks to queue
[2026-06-21T22:02:19.726+0300] {logging_mixin.py:188} INFO - [2026-06-21T22:02:19.725+0300] {dagbag.py:540} INFO - Filling up the DagBag from /media/data/omar/programming course/DEPI/DEPI project/anomx/venv/lib/python3.12/site-packages/airflow/example_dags/example_dag_decorator.py
[2026-06-21T22:02:19.862+0300] {processor.py:840} INFO - DAG(s) 'example_dag_decorator' retrieved from /media/data/omar/programming course/DEPI/DEPI project/anomx/venv/lib/python3.12/site-packages/airflow/example_dags/example_dag_decorator.py
[2026-06-21T22:02:20.092+0300] {logging_mixin.py:188} INFO - [2026-06-21T22:02:20.092+0300] {dag.py:3096} INFO - Sync 1 DAGs
[2026-06-21T22:02:20.099+0300] {logging_mixin.py:188} INFO - [2026-06-21T22:02:20.099+0300] {dag.py:3954} INFO - Setting next_dagrun for example_dag_decorator to None, run_after=None
[2026-06-21T22:02:20.128+0300] {processor.py:183} INFO - Processing /media/data/omar/programming course/DEPI/DEPI project/anomx/venv/lib/python3.12/site-packages/airflow/example_dags/example_dag_decorator.py took 0.419 seconds
[2026-06-21T22:03:19.116+0300] {processor.py:161} INFO - Started process (PID=17779) to work on /media/data/omar/programming course/DEPI/DEPI project/anomx/venv/lib/python3.12/site-packages/airflow/example_dags/example_dag_decorator.py
[2026-06-21T22:03:19.119+0300] {processor.py:830} INFO - Processing file /media/data/omar/programming course/DEPI/DEPI project/anomx/venv/lib/python3.12/site-packages/airflow/example_dags/example_dag_decorator.py for tasks to queue
[2026-06-21T22:03:19.123+0300] {logging_mixin.py:188} INFO - [2026-06-21T22:03:19.122+0300] {dagbag.py:540} INFO - Filling up the DagBag from /media/data/omar/programming course/DEPI/DEPI project/anomx/venv/lib/python3.12/site-packages/airflow/example_dags/example_dag_decorator.py
[2026-06-21T22:03:19.272+0300] {processor.py:840} INFO - DAG(s) 'example_dag_decorator' retrieved from /media/data/omar/programming course/DEPI/DEPI project/anomx/venv/lib/python3.12/site-packages/airflow/example_dags/example_dag_decorator.py
[2026-06-21T22:03:19.562+0300] {logging_mixin.py:188} INFO - [2026-06-21T22:03:19.561+0300] {dag.py:3096} INFO - Sync 1 DAGs
[2026-06-21T22:03:19.569+0300] {logging_mixin.py:188} INFO - [2026-06-21T22:03:19.569+0300] {dag.py:3954} INFO - Setting next_dagrun for example_dag_decorator to None, run_after=None
[2026-06-21T22:03:19.594+0300] {processor.py:183} INFO - Processing /media/data/omar/programming course/DEPI/DEPI project/anomx/venv/lib/python3.12/site-packages/airflow/example_dags/example_dag_decorator.py took 0.500 seconds
[2026-06-21T22:04:15.340+0300] {processor.py:161} INFO - Started process (PID=17869) to work on /media/data/omar/programming course/DEPI/DEPI project/anomx/venv/lib/python3.12/site-packages/airflow/example_dags/example_dag_decorator.py
[2026-06-21T22:04:15.341+0300] {processor.py:830} INFO - Processing file /media/data/omar/programming course/DEPI/DEPI project/anomx/venv/lib/python3.12/site-packages/airflow/example_dags/example_dag_decorator.py for tasks to queue
[2026-06-21T22:04:15.343+0300] {logging_mixin.py:188} INFO - [2026-06-21T22:04:15.343+0300] {dagbag.py:540} INFO - Filling up the DagBag from /media/data/omar/programming course/DEPI/DEPI project/anomx/venv/lib/python3.12/site-packages/airflow/example_dags/example_dag_decorator.py
[2026-06-21T22:04:15.473+0300] {processor.py:840} INFO - DAG(s) 'example_dag_decorator' retrieved from /media/data/omar/programming course/DEPI/DEPI project/anomx/venv/lib/python3.12/site-packages/airflow/example_dags/example_dag_decorator.py
[2026-06-21T22:04:15.699+0300] {logging_mixin.py:188} INFO - [2026-06-21T22:04:15.698+0300] {dag.py:3096} INFO - Sync 1 DAGs
[2026-06-21T22:04:15.705+0300] {logging_mixin.py:188} INFO - [2026-06-21T22:04:15.705+0300] {dag.py:3954} INFO - Setting next_dagrun for example_dag_decorator to None, run_after=None
[2026-06-21T22:04:15.731+0300] {processor.py:183} INFO - Processing /media/data/omar/programming course/DEPI/DEPI project/anomx/venv/lib/python3.12/site-packages/airflow/example_dags/example_dag_decorator.py took 0.397 seconds
[2026-06-21T22:05:36.877+0300] {processor.py:161} INFO - Started process (PID=18001) to work on /media/data/omar/programming course/DEPI/DEPI project/anomx/venv/lib/python3.12/site-packages/airflow/example_dags/example_dag_decorator.py
[2026-06-21T22:05:36.878+0300] {processor.py:830} INFO - Processing file /media/data/omar/programming course/DEPI/DEPI project/anomx/venv/lib/python3.12/site-packages/airflow/example_dags/example_dag_decorator.py for tasks to queue
[2026-06-21T22:05:36.880+0300] {logging_mixin.py:188} INFO - [2026-06-21T22:05:36.879+0300] {dagbag.py:540} INFO - Filling up the DagBag from /media/data/omar/programming course/DEPI/DEPI project/anomx/venv/lib/python3.12/site-packages/airflow/example_dags/example_dag_decorator.py
[2026-06-21T22:05:37.101+0300] {processor.py:840} INFO - DAG(s) 'example_dag_decorator' retrieved from /media/data/omar/programming course/DEPI/DEPI project/anomx/venv/lib/python3.12/site-packages/airflow/example_dags/example_dag_decorator.py
[2026-06-21T22:05:37.251+0300] {logging_mixin.py:188} INFO - [2026-06-21T22:05:37.251+0300] {dag.py:3096} INFO - Sync 1 DAGs
[2026-06-21T22:05:37.260+0300] {logging_mixin.py:188} INFO - [2026-06-21T22:05:37.259+0300] {dag.py:3954} INFO - Setting next_dagrun for example_dag_decorator to None, run_after=None
[2026-06-21T22:05:37.286+0300] {processor.py:183} INFO - Processing /media/data/omar/programming course/DEPI/DEPI project/anomx/venv/lib/python3.12/site-packages/airflow/example_dags/example_dag_decorator.py took 0.417 seconds
[2026-06-21T22:06:35.239+0300] {processor.py:161} INFO - Started process (PID=18091) to work on /media/data/omar/programming course/DEPI/DEPI project/anomx/venv/lib/python3.12/site-packages/airflow/example_dags/example_dag_decorator.py
[2026-06-21T22:06:35.240+0300] {processor.py:830} INFO - Processing file /media/data/omar/programming course/DEPI/DEPI project/anomx/venv/lib/python3.12/site-packages/airflow/example_dags/example_dag_decorator.py for tasks to queue
[2026-06-21T22:06:35.243+0300] {logging_mixin.py:188} INFO - [2026-06-21T22:06:35.242+0300] {dagbag.py:540} INFO - Filling up the DagBag from /media/data/omar/programming course/DEPI/DEPI project/anomx/venv/lib/python3.12/site-packages/airflow/example_dags/example_dag_decorator.py
[2026-06-21T22:06:35.490+0300] {processor.py:840} INFO - DAG(s) 'example_dag_decorator' retrieved from /media/data/omar/programming course/DEPI/DEPI project/anomx/venv/lib/python3.12/site-packages/airflow/example_dags/example_dag_decorator.py
[2026-06-21T22:06:35.638+0300] {logging_mixin.py:188} INFO - [2026-06-21T22:06:35.637+0300] {dag.py:3096} INFO - Sync 1 DAGs
[2026-06-21T22:06:35.644+0300] {logging_mixin.py:188} INFO - [2026-06-21T22:06:35.644+0300] {dag.py:3954} INFO - Setting next_dagrun for example_dag_decorator to None, run_after=None
[2026-06-21T22:06:35.670+0300] {processor.py:183} INFO - Processing /media/data/omar/programming course/DEPI/DEPI project/anomx/venv/lib/python3.12/site-packages/airflow/example_dags/example_dag_decorator.py took 0.446 seconds
[2026-06-21T22:07:32.639+0300] {processor.py:161} INFO - Started process (PID=18182) to work on /media/data/omar/programming course/DEPI/DEPI project/anomx/venv/lib/python3.12/site-packages/airflow/example_dags/example_dag_decorator.py
[2026-06-21T22:07:32.640+0300] {processor.py:830} INFO - Processing file /media/data/omar/programming course/DEPI/DEPI project/anomx/venv/lib/python3.12/site-packages/airflow/example_dags/example_dag_decorator.py for tasks to queue
[2026-06-21T22:07:32.642+0300] {logging_mixin.py:188} INFO - [2026-06-21T22:07:32.641+0300] {dagbag.py:540} INFO - Filling up the DagBag from /media/data/omar/programming course/DEPI/DEPI project/anomx/venv/lib/python3.12/site-packages/airflow/example_dags/example_dag_decorator.py
[2026-06-21T22:07:32.766+0300] {processor.py:840} INFO - DAG(s) 'example_dag_decorator' retrieved from /media/data/omar/programming course/DEPI/DEPI project/anomx/venv/lib/python3.12/site-packages/airflow/example_dags/example_dag_decorator.py
[2026-06-21T22:07:32.997+0300] {logging_mixin.py:188} INFO - [2026-06-21T22:07:32.997+0300] {dag.py:3096} INFO - Sync 1 DAGs
[2026-06-21T22:07:33.004+0300] {logging_mixin.py:188} INFO - [2026-06-21T22:07:33.004+0300] {dag.py:3954} INFO - Setting next_dagrun for example_dag_decorator to None, run_after=None
[2026-06-21T22:07:33.030+0300] {processor.py:183} INFO - Processing /media/data/omar/programming course/DEPI/DEPI project/anomx/venv/lib/python3.12/site-packages/airflow/example_dags/example_dag_decorator.py took 0.400 seconds
[2026-06-21T22:08:30.014+0300] {processor.py:161} INFO - Started process (PID=18264) to work on /media/data/omar/programming course/DEPI/DEPI project/anomx/venv/lib/python3.12/site-packages/airflow/example_dags/example_dag_decorator.py
[2026-06-21T22:08:30.017+0300] {processor.py:830} INFO - Processing file /media/data/omar/programming course/DEPI/DEPI project/anomx/venv/lib/python3.12/site-packages/airflow/example_dags/example_dag_decorator.py for tasks to queue
[2026-06-21T22:08:30.022+0300] {logging_mixin.py:188} INFO - [2026-06-21T22:08:30.021+0300] {dagbag.py:540} INFO - Filling up the DagBag from /media/data/omar/programming course/DEPI/DEPI project/anomx/venv/lib/python3.12/site-packages/airflow/example_dags/example_dag_decorator.py
[2026-06-21T22:08:30.239+0300] {processor.py:840} INFO - DAG(s) 'example_dag_decorator' retrieved from /media/data/omar/programming course/DEPI/DEPI project/anomx/venv/lib/python3.12/site-packages/airflow/example_dags/example_dag_decorator.py
[2026-06-21T22:08:30.382+0300] {logging_mixin.py:188} INFO - [2026-06-21T22:08:30.382+0300] {dag.py:3096} INFO - Sync 1 DAGs
[2026-06-21T22:08:30.391+0300] {logging_mixin.py:188} INFO - [2026-06-21T22:08:30.390+0300] {dag.py:3954} INFO - Setting next_dagrun for example_dag_decorator to None, run_after=None
[2026-06-21T22:08:30.417+0300] {processor.py:183} INFO - Processing /media/data/omar/programming course/DEPI/DEPI project/anomx/venv/lib/python3.12/site-packages/airflow/example_dags/example_dag_decorator.py took 0.421 seconds
[2026-06-21T22:09:26.872+0300] {processor.py:161} INFO - Started process (PID=18458) to work on /media/data/omar/programming course/DEPI/DEPI project/anomx/venv/lib/python3.12/site-packages/airflow/example_dags/example_dag_decorator.py
[2026-06-21T22:09:26.877+0300] {processor.py:830} INFO - Processing file /media/data/omar/programming course/DEPI/DEPI project/anomx/venv/lib/python3.12/site-packages/airflow/example_dags/example_dag_decorator.py for tasks to queue
[2026-06-21T22:09:26.884+0300] {logging_mixin.py:188} INFO - [2026-06-21T22:09:26.882+0300] {dagbag.py:540} INFO - Filling up the DagBag from /media/data/omar/programming course/DEPI/DEPI project/anomx/venv/lib/python3.12/site-packages/airflow/example_dags/example_dag_decorator.py
[2026-06-21T22:09:27.109+0300] {processor.py:840} INFO - DAG(s) 'example_dag_decorator' retrieved from /media/data/omar/programming course/DEPI/DEPI project/anomx/venv/lib/python3.12/site-packages/airflow/example_dags/example_dag_decorator.py
[2026-06-21T22:09:27.257+0300] {logging_mixin.py:188} INFO - [2026-06-21T22:09:27.256+0300] {dag.py:3096} INFO - Sync 1 DAGs
[2026-06-21T22:09:27.264+0300] {logging_mixin.py:188} INFO - [2026-06-21T22:09:27.263+0300] {dag.py:3954} INFO - Setting next_dagrun for example_dag_decorator to None, run_after=None
[2026-06-21T22:09:27.292+0300] {processor.py:183} INFO - Processing /media/data/omar/programming course/DEPI/DEPI project/anomx/venv/lib/python3.12/site-packages/airflow/example_dags/example_dag_decorator.py took 0.430 seconds
[2026-06-21T22:10:33.923+0300] {processor.py:161} INFO - Started process (PID=18693) to work on /media/data/omar/programming course/DEPI/DEPI project/anomx/venv/lib/python3.12/site-packages/airflow/example_dags/example_dag_decorator.py
[2026-06-21T22:10:33.925+0300] {processor.py:830} INFO - Processing file /media/data/omar/programming course/DEPI/DEPI project/anomx/venv/lib/python3.12/site-packages/airflow/example_dags/example_dag_decorator.py for tasks to queue
[2026-06-21T22:10:33.928+0300] {logging_mixin.py:188} INFO - [2026-06-21T22:10:33.927+0300] {dagbag.py:540} INFO - Filling up the DagBag from /media/data/omar/programming course/DEPI/DEPI project/anomx/venv/lib/python3.12/site-packages/airflow/example_dags/example_dag_decorator.py
[2026-06-21T22:10:34.179+0300] {processor.py:840} INFO - DAG(s) 'example_dag_decorator' retrieved from /media/data/omar/programming course/DEPI/DEPI project/anomx/venv/lib/python3.12/site-packages/airflow/example_dags/example_dag_decorator.py
[2026-06-21T22:10:34.337+0300] {logging_mixin.py:188} INFO - [2026-06-21T22:10:34.336+0300] {dag.py:3096} INFO - Sync 1 DAGs
[2026-06-21T22:10:34.345+0300] {logging_mixin.py:188} INFO - [2026-06-21T22:10:34.344+0300] {dag.py:3954} INFO - Setting next_dagrun for example_dag_decorator to None, run_after=None
[2026-06-21T22:10:34.373+0300] {processor.py:183} INFO - Processing /media/data/omar/programming course/DEPI/DEPI project/anomx/venv/lib/python3.12/site-packages/airflow/example_dags/example_dag_decorator.py took 0.460 seconds
[2026-06-21T22:11:31.483+0300] {processor.py:161} INFO - Started process (PID=18834) to work on /media/data/omar/programming course/DEPI/DEPI project/anomx/venv/lib/python3.12/site-packages/airflow/example_dags/example_dag_decorator.py
[2026-06-21T22:11:31.484+0300] {processor.py:830} INFO - Processing file /media/data/omar/programming course/DEPI/DEPI project/anomx/venv/lib/python3.12/site-packages/airflow/example_dags/example_dag_decorator.py for tasks to queue
[2026-06-21T22:11:31.486+0300] {logging_mixin.py:188} INFO - [2026-06-21T22:11:31.485+0300] {dagbag.py:540} INFO - Filling up the DagBag from /media/data/omar/programming course/DEPI/DEPI project/anomx/venv/lib/python3.12/site-packages/airflow/example_dags/example_dag_decorator.py
[2026-06-21T22:11:31.620+0300] {processor.py:840} INFO - DAG(s) 'example_dag_decorator' retrieved from /media/data/omar/programming course/DEPI/DEPI project/anomx/venv/lib/python3.12/site-packages/airflow/example_dags/example_dag_decorator.py
[2026-06-21T22:11:31.774+0300] {logging_mixin.py:188} INFO - [2026-06-21T22:11:31.774+0300] {dag.py:3096} INFO - Sync 1 DAGs
[2026-06-21T22:11:31.784+0300] {logging_mixin.py:188} INFO - [2026-06-21T22:11:31.784+0300] {dag.py:3954} INFO - Setting next_dagrun for example_dag_decorator to None, run_after=None
[2026-06-21T22:11:31.815+0300] {processor.py:183} INFO - Processing /media/data/omar/programming course/DEPI/DEPI project/anomx/venv/lib/python3.12/site-packages/airflow/example_dags/example_dag_decorator.py took 0.340 seconds
[2026-06-21T22:12:24.089+0300] {processor.py:161} INFO - Started process (PID=18929) to work on /media/data/omar/programming course/DEPI/DEPI project/anomx/venv/lib/python3.12/site-packages/airflow/example_dags/example_dag_decorator.py
[2026-06-21T22:12:24.090+0300] {processor.py:830} INFO - Processing file /media/data/omar/programming course/DEPI/DEPI project/anomx/venv/lib/python3.12/site-packages/airflow/example_dags/example_dag_decorator.py for tasks to queue
[2026-06-21T22:12:24.092+0300] {logging_mixin.py:188} INFO - [2026-06-21T22:12:24.092+0300] {dagbag.py:540} INFO - Filling up the DagBag from /media/data/omar/programming course/DEPI/DEPI project/anomx/venv/lib/python3.12/site-packages/airflow/example_dags/example_dag_decorator.py
[2026-06-21T22:12:24.259+0300] {processor.py:840} INFO - DAG(s) 'example_dag_decorator' retrieved from /media/data/omar/programming course/DEPI/DEPI project/anomx/venv/lib/python3.12/site-packages/airflow/example_dags/example_dag_decorator.py
[2026-06-21T22:12:24.444+0300] {logging_mixin.py:188} INFO - [2026-06-21T22:12:24.444+0300] {dag.py:3096} INFO - Sync 1 DAGs
[2026-06-21T22:12:24.456+0300] {logging_mixin.py:188} INFO - [2026-06-21T22:12:24.456+0300] {dag.py:3954} INFO - Setting next_dagrun for example_dag_decorator to None, run_after=None
[2026-06-21T22:12:24.486+0300] {processor.py:183} INFO - Processing /media/data/omar/programming course/DEPI/DEPI project/anomx/venv/lib/python3.12/site-packages/airflow/example_dags/example_dag_decorator.py took 0.404 seconds
[2026-06-21T22:14:08.605+0300] {processor.py:161} INFO - Started process (PID=19146) to work on /media/data/omar/programming course/DEPI/DEPI project/anomx/venv/lib/python3.12/site-packages/airflow/example_dags/example_dag_decorator.py
[2026-06-21T22:14:08.606+0300] {processor.py:830} INFO - Processing file /media/data/omar/programming course/DEPI/DEPI project/anomx/venv/lib/python3.12/site-packages/airflow/example_dags/example_dag_decorator.py for tasks to queue
[2026-06-21T22:14:08.609+0300] {logging_mixin.py:188} INFO - [2026-06-21T22:14:08.608+0300] {dagbag.py:540} INFO - Filling up the DagBag from /media/data/omar/programming course/DEPI/DEPI project/anomx/venv/lib/python3.12/site-packages/airflow/example_dags/example_dag_decorator.py
[2026-06-21T22:14:08.750+0300] {processor.py:840} INFO - DAG(s) 'example_dag_decorator' retrieved from /media/data/omar/programming course/DEPI/DEPI project/anomx/venv/lib/python3.12/site-packages/airflow/example_dags/example_dag_decorator.py
[2026-06-21T22:14:08.953+0300] {logging_mixin.py:188} INFO - [2026-06-21T22:14:08.953+0300] {dag.py:3096} INFO - Sync 1 DAGs
[2026-06-21T22:14:08.965+0300] {logging_mixin.py:188} INFO - [2026-06-21T22:14:08.964+0300] {dag.py:3954} INFO - Setting next_dagrun for example_dag_decorator to None, run_after=None
[2026-06-21T22:14:08.995+0300] {processor.py:183} INFO - Processing /media/data/omar/programming course/DEPI/DEPI project/anomx/venv/lib/python3.12/site-packages/airflow/example_dags/example_dag_decorator.py took 0.396 seconds
[2026-06-21T22:15:06.318+0300] {processor.py:161} INFO - Started process (PID=19256) to work on /media/data/omar/programming course/DEPI/DEPI project/anomx/venv/lib/python3.12/site-packages/airflow/example_dags/example_dag_decorator.py
[2026-06-21T22:15:06.320+0300] {processor.py:830} INFO - Processing file /media/data/omar/programming course/DEPI/DEPI project/anomx/venv/lib/python3.12/site-packages/airflow/example_dags/example_dag_decorator.py for tasks to queue
[2026-06-21T22:15:06.323+0300] {logging_mixin.py:188} INFO - [2026-06-21T22:15:06.322+0300] {dagbag.py:540} INFO - Filling up the DagBag from /media/data/omar/programming course/DEPI/DEPI project/anomx/venv/lib/python3.12/site-packages/airflow/example_dags/example_dag_decorator.py
[2026-06-21T22:15:06.467+0300] {processor.py:840} INFO - DAG(s) 'example_dag_decorator' retrieved from /media/data/omar/programming course/DEPI/DEPI project/anomx/venv/lib/python3.12/site-packages/airflow/example_dags/example_dag_decorator.py
[2026-06-21T22:15:06.630+0300] {logging_mixin.py:188} INFO - [2026-06-21T22:15:06.629+0300] {dag.py:3096} INFO - Sync 1 DAGs
[2026-06-21T22:15:06.638+0300] {logging_mixin.py:188} INFO - [2026-06-21T22:15:06.637+0300] {dag.py:3954} INFO - Setting next_dagrun for example_dag_decorator to None, run_after=None
[2026-06-21T22:15:06.664+0300] {processor.py:183} INFO - Processing /media/data/omar/programming course/DEPI/DEPI project/anomx/venv/lib/python3.12/site-packages/airflow/example_dags/example_dag_decorator.py took 0.356 seconds
[2026-06-21T22:16:02.804+0300] {processor.py:161} INFO - Started process (PID=19618) to work on /media/data/omar/programming course/DEPI/DEPI project/anomx/venv/lib/python3.12/site-packages/airflow/example_dags/example_dag_decorator.py
[2026-06-21T22:16:02.806+0300] {processor.py:830} INFO - Processing file /media/data/omar/programming course/DEPI/DEPI project/anomx/venv/lib/python3.12/site-packages/airflow/example_dags/example_dag_decorator.py for tasks to queue
[2026-06-21T22:16:02.808+0300] {logging_mixin.py:188} INFO - [2026-06-21T22:16:02.807+0300] {dagbag.py:540} INFO - Filling up the DagBag from /media/data/omar/programming course/DEPI/DEPI project/anomx/venv/lib/python3.12/site-packages/airflow/example_dags/example_dag_decorator.py
[2026-06-21T22:16:03.005+0300] {processor.py:840} INFO - DAG(s) 'example_dag_decorator' retrieved from /media/data/omar/programming course/DEPI/DEPI project/anomx/venv/lib/python3.12/site-packages/airflow/example_dags/example_dag_decorator.py
[2026-06-21T22:16:03.300+0300] {logging_mixin.py:188} INFO - [2026-06-21T22:16:03.299+0300] {dag.py:3096} INFO - Sync 1 DAGs
[2026-06-21T22:16:03.317+0300] {logging_mixin.py:188} INFO - [2026-06-21T22:16:03.317+0300] {dag.py:3954} INFO - Setting next_dagrun for example_dag_decorator to None, run_after=None
[2026-06-21T22:16:03.361+0300] {processor.py:183} INFO - Processing /media/data/omar/programming course/DEPI/DEPI project/anomx/venv/lib/python3.12/site-packages/airflow/example_dags/example_dag_decorator.py took 0.570 seconds
[2026-06-21T22:17:01.718+0300] {processor.py:161} INFO - Started process (PID=19745) to work on /media/data/omar/programming course/DEPI/DEPI project/anomx/venv/lib/python3.12/site-packages/airflow/example_dags/example_dag_decorator.py
[2026-06-21T22:17:01.720+0300] {processor.py:830} INFO - Processing file /media/data/omar/programming course/DEPI/DEPI project/anomx/venv/lib/python3.12/site-packages/airflow/example_dags/example_dag_decorator.py for tasks to queue
[2026-06-21T22:17:01.723+0300] {logging_mixin.py:188} INFO - [2026-06-21T22:17:01.722+0300] {dagbag.py:540} INFO - Filling up the DagBag from /media/data/omar/programming course/DEPI/DEPI project/anomx/venv/lib/python3.12/site-packages/airflow/example_dags/example_dag_decorator.py
[2026-06-21T22:17:01.978+0300] {processor.py:840} INFO - DAG(s) 'example_dag_decorator' retrieved from /media/data/omar/programming course/DEPI/DEPI project/anomx/venv/lib/python3.12/site-packages/airflow/example_dags/example_dag_decorator.py
[2026-06-21T22:17:02.246+0300] {logging_mixin.py:188} INFO - [2026-06-21T22:17:02.246+0300] {dag.py:3096} INFO - Sync 1 DAGs
[2026-06-21T22:17:02.256+0300] {logging_mixin.py:188} INFO - [2026-06-21T22:17:02.255+0300] {dag.py:3954} INFO - Setting next_dagrun for example_dag_decorator to None, run_after=None
[2026-06-21T22:17:02.296+0300] {processor.py:183} INFO - Processing /media/data/omar/programming course/DEPI/DEPI project/anomx/venv/lib/python3.12/site-packages/airflow/example_dags/example_dag_decorator.py took 0.588 seconds
[2026-06-21T22:18:01.508+0300] {processor.py:161} INFO - Started process (PID=19922) to work on /media/data/omar/programming course/DEPI/DEPI project/anomx/venv/lib/python3.12/site-packages/airflow/example_dags/example_dag_decorator.py
[2026-06-21T22:18:01.510+0300] {processor.py:830} INFO - Processing file /media/data/omar/programming course/DEPI/DEPI project/anomx/venv/lib/python3.12/site-packages/airflow/example_dags/example_dag_decorator.py for tasks to queue
[2026-06-21T22:18:01.513+0300] {logging_mixin.py:188} INFO - [2026-06-21T22:18:01.512+0300] {dagbag.py:540} INFO - Filling up the DagBag from /media/data/omar/programming course/DEPI/DEPI project/anomx/venv/lib/python3.12/site-packages/airflow/example_dags/example_dag_decorator.py
[2026-06-21T22:18:01.643+0300] {processor.py:840} INFO - DAG(s) 'example_dag_decorator' retrieved from /media/data/omar/programming course/DEPI/DEPI project/anomx/venv/lib/python3.12/site-packages/airflow/example_dags/example_dag_decorator.py
[2026-06-21T22:18:01.804+0300] {logging_mixin.py:188} INFO - [2026-06-21T22:18:01.803+0300] {dag.py:3096} INFO - Sync 1 DAGs
[2026-06-21T22:18:01.815+0300] {logging_mixin.py:188} INFO - [2026-06-21T22:18:01.815+0300] {dag.py:3954} INFO - Setting next_dagrun for example_dag_decorator to None, run_after=None
[2026-06-21T22:18:01.842+0300] {processor.py:183} INFO - Processing /media/data/omar/programming course/DEPI/DEPI project/anomx/venv/lib/python3.12/site-packages/airflow/example_dags/example_dag_decorator.py took 0.348 seconds
[2026-06-21T22:18:56.737+0300] {processor.py:161} INFO - Started process (PID=20002) to work on /media/data/omar/programming course/DEPI/DEPI project/anomx/venv/lib/python3.12/site-packages/airflow/example_dags/example_dag_decorator.py
[2026-06-21T22:18:56.738+0300] {processor.py:830} INFO - Processing file /media/data/omar/programming course/DEPI/DEPI project/anomx/venv/lib/python3.12/site-packages/airflow/example_dags/example_dag_decorator.py for tasks to queue
[2026-06-21T22:18:56.742+0300] {logging_mixin.py:188} INFO - [2026-06-21T22:18:56.741+0300] {dagbag.py:540} INFO - Filling up the DagBag from /media/data/omar/programming course/DEPI/DEPI project/anomx/venv/lib/python3.12/site-packages/airflow/example_dags/example_dag_decorator.py
[2026-06-21T22:18:56.886+0300] {processor.py:840} INFO - DAG(s) 'example_dag_decorator' retrieved from /media/data/omar/programming course/DEPI/DEPI project/anomx/venv/lib/python3.12/site-packages/airflow/example_dags/example_dag_decorator.py
[2026-06-21T22:18:57.133+0300] {logging_mixin.py:188} INFO - [2026-06-21T22:18:57.133+0300] {dag.py:3096} INFO - Sync 1 DAGs
[2026-06-21T22:18:57.149+0300] {logging_mixin.py:188} INFO - [2026-06-21T22:18:57.149+0300] {dag.py:3954} INFO - Setting next_dagrun for example_dag_decorator to None, run_after=None
[2026-06-21T22:18:57.207+0300] {processor.py:183} INFO - Processing /media/data/omar/programming course/DEPI/DEPI project/anomx/venv/lib/python3.12/site-packages/airflow/example_dags/example_dag_decorator.py took 0.486 seconds
[2026-06-21T22:19:53.964+0300] {processor.py:161} INFO - Started process (PID=20112) to work on /media/data/omar/programming course/DEPI/DEPI project/anomx/venv/lib/python3.12/site-packages/airflow/example_dags/example_dag_decorator.py
[2026-06-21T22:19:53.965+0300] {processor.py:830} INFO - Processing file /media/data/omar/programming course/DEPI/DEPI project/anomx/venv/lib/python3.12/site-packages/airflow/example_dags/example_dag_decorator.py for tasks to queue
[2026-06-21T22:19:53.967+0300] {logging_mixin.py:188} INFO - [2026-06-21T22:19:53.967+0300] {dagbag.py:540} INFO - Filling up the DagBag from /media/data/omar/programming course/DEPI/DEPI project/anomx/venv/lib/python3.12/site-packages/airflow/example_dags/example_dag_decorator.py
[2026-06-21T22:19:54.133+0300] {processor.py:840} INFO - DAG(s) 'example_dag_decorator' retrieved from /media/data/omar/programming course/DEPI/DEPI project/anomx/venv/lib/python3.12/site-packages/airflow/example_dags/example_dag_decorator.py
[2026-06-21T22:19:54.151+0300] {logging_mixin.py:188} INFO - [2026-06-21T22:19:54.151+0300] {dag.py:3096} INFO - Sync 1 DAGs
[2026-06-21T22:19:54.161+0300] {logging_mixin.py:188} INFO - [2026-06-21T22:19:54.161+0300] {dag.py:3954} INFO - Setting next_dagrun for example_dag_decorator to None, run_after=None
[2026-06-21T22:19:54.192+0300] {processor.py:183} INFO - Processing /media/data/omar/programming course/DEPI/DEPI project/anomx/venv/lib/python3.12/site-packages/airflow/example_dags/example_dag_decorator.py took 0.236 seconds
[2026-06-21T22:21:27.581+0300] {processor.py:161} INFO - Started process (PID=20272) to work on /media/data/omar/programming course/DEPI/DEPI project/anomx/venv/lib/python3.12/site-packages/airflow/example_dags/example_dag_decorator.py
[2026-06-21T22:21:27.581+0300] {processor.py:830} INFO - Processing file /media/data/omar/programming course/DEPI/DEPI project/anomx/venv/lib/python3.12/site-packages/airflow/example_dags/example_dag_decorator.py for tasks to queue
[2026-06-21T22:21:27.583+0300] {logging_mixin.py:188} INFO - [2026-06-21T22:21:27.582+0300] {dagbag.py:540} INFO - Filling up the DagBag from /media/data/omar/programming course/DEPI/DEPI project/anomx/venv/lib/python3.12/site-packages/airflow/example_dags/example_dag_decorator.py
[2026-06-21T22:21:27.704+0300] {processor.py:840} INFO - DAG(s) 'example_dag_decorator' retrieved from /media/data/omar/programming course/DEPI/DEPI project/anomx/venv/lib/python3.12/site-packages/airflow/example_dags/example_dag_decorator.py
[2026-06-21T22:21:27.859+0300] {logging_mixin.py:188} INFO - [2026-06-21T22:21:27.858+0300] {dag.py:3096} INFO - Sync 1 DAGs
[2026-06-21T22:21:27.866+0300] {logging_mixin.py:188} INFO - [2026-06-21T22:21:27.866+0300] {dag.py:3954} INFO - Setting next_dagrun for example_dag_decorator to None, run_after=None
[2026-06-21T22:21:27.894+0300] {processor.py:183} INFO - Processing /media/data/omar/programming course/DEPI/DEPI project/anomx/venv/lib/python3.12/site-packages/airflow/example_dags/example_dag_decorator.py took 0.318 seconds
[2026-06-21T22:23:39.823+0300] {processor.py:161} INFO - Started process (PID=20512) to work on /media/data/omar/programming course/DEPI/DEPI project/anomx/venv/lib/python3.12/site-packages/airflow/example_dags/example_dag_decorator.py
[2026-06-21T22:23:39.826+0300] {processor.py:830} INFO - Processing file /media/data/omar/programming course/DEPI/DEPI project/anomx/venv/lib/python3.12/site-packages/airflow/example_dags/example_dag_decorator.py for tasks to queue
[2026-06-21T22:23:39.831+0300] {logging_mixin.py:188} INFO - [2026-06-21T22:23:39.830+0300] {dagbag.py:540} INFO - Filling up the DagBag from /media/data/omar/programming course/DEPI/DEPI project/anomx/venv/lib/python3.12/site-packages/airflow/example_dags/example_dag_decorator.py
[2026-06-21T22:23:40.020+0300] {processor.py:840} INFO - DAG(s) 'example_dag_decorator' retrieved from /media/data/omar/programming course/DEPI/DEPI project/anomx/venv/lib/python3.12/site-packages/airflow/example_dags/example_dag_decorator.py
[2026-06-21T22:23:40.183+0300] {logging_mixin.py:188} INFO - [2026-06-21T22:23:40.183+0300] {dag.py:3096} INFO - Sync 1 DAGs
[2026-06-21T22:23:40.191+0300] {logging_mixin.py:188} INFO - [2026-06-21T22:23:40.191+0300] {dag.py:3954} INFO - Setting next_dagrun for example_dag_decorator to None, run_after=None
[2026-06-21T22:23:40.220+0300] {processor.py:183} INFO - Processing /media/data/omar/programming course/DEPI/DEPI project/anomx/venv/lib/python3.12/site-packages/airflow/example_dags/example_dag_decorator.py took 0.415 seconds
[2026-06-21T22:24:36.047+0300] {processor.py:161} INFO - Started process (PID=20683) to work on /media/data/omar/programming course/DEPI/DEPI project/anomx/venv/lib/python3.12/site-packages/airflow/example_dags/example_dag_decorator.py
[2026-06-21T22:24:36.048+0300] {processor.py:830} INFO - Processing file /media/data/omar/programming course/DEPI/DEPI project/anomx/venv/lib/python3.12/site-packages/airflow/example_dags/example_dag_decorator.py for tasks to queue
[2026-06-21T22:24:36.050+0300] {logging_mixin.py:188} INFO - [2026-06-21T22:24:36.049+0300] {dagbag.py:540} INFO - Filling up the DagBag from /media/data/omar/programming course/DEPI/DEPI project/anomx/venv/lib/python3.12/site-packages/airflow/example_dags/example_dag_decorator.py
[2026-06-21T22:24:36.292+0300] {processor.py:840} INFO - DAG(s) 'example_dag_decorator' retrieved from /media/data/omar/programming course/DEPI/DEPI project/anomx/venv/lib/python3.12/site-packages/airflow/example_dags/example_dag_decorator.py
[2026-06-21T22:24:36.742+0300] {logging_mixin.py:188} INFO - [2026-06-21T22:24:36.741+0300] {dag.py:3096} INFO - Sync 1 DAGs
[2026-06-21T22:24:36.764+0300] {logging_mixin.py:188} INFO - [2026-06-21T22:24:36.764+0300] {dag.py:3954} INFO - Setting next_dagrun for example_dag_decorator to None, run_after=None
[2026-06-21T22:24:36.821+0300] {processor.py:183} INFO - Processing /media/data/omar/programming course/DEPI/DEPI project/anomx/venv/lib/python3.12/site-packages/airflow/example_dags/example_dag_decorator.py took 0.780 seconds
[2026-06-21T22:48:26.917+0300] {processor.py:161} INFO - Started process (PID=22162) to work on /media/data/omar/programming course/DEPI/DEPI project/anomx/venv/lib/python3.12/site-packages/airflow/example_dags/example_dag_decorator.py
[2026-06-21T22:48:26.918+0300] {processor.py:830} INFO - Processing file /media/data/omar/programming course/DEPI/DEPI project/anomx/venv/lib/python3.12/site-packages/airflow/example_dags/example_dag_decorator.py for tasks to queue
[2026-06-21T22:48:26.921+0300] {logging_mixin.py:188} INFO - [2026-06-21T22:48:26.920+0300] {dagbag.py:540} INFO - Filling up the DagBag from /media/data/omar/programming course/DEPI/DEPI project/anomx/venv/lib/python3.12/site-packages/airflow/example_dags/example_dag_decorator.py
[2026-06-21T22:48:27.081+0300] {processor.py:840} INFO - DAG(s) 'example_dag_decorator' retrieved from /media/data/omar/programming course/DEPI/DEPI project/anomx/venv/lib/python3.12/site-packages/airflow/example_dags/example_dag_decorator.py
[2026-06-21T22:48:27.248+0300] {logging_mixin.py:188} INFO - [2026-06-21T22:48:27.247+0300] {dag.py:3096} INFO - Sync 1 DAGs
[2026-06-21T22:48:27.256+0300] {logging_mixin.py:188} INFO - [2026-06-21T22:48:27.256+0300] {dag.py:3118} INFO - Creating ORM DAG for example_dag_decorator
[2026-06-21T22:48:27.257+0300] {logging_mixin.py:188} INFO - [2026-06-21T22:48:27.257+0300] {dag.py:3954} INFO - Setting next_dagrun for example_dag_decorator to None, run_after=None
[2026-06-21T22:48:27.289+0300] {processor.py:183} INFO - Processing /media/data/omar/programming course/DEPI/DEPI project/anomx/venv/lib/python3.12/site-packages/airflow/example_dags/example_dag_decorator.py took 0.379 seconds
[2026-06-21T22:49:26.144+0300] {processor.py:161} INFO - Started process (PID=22254) to work on /media/data/omar/programming course/DEPI/DEPI project/anomx/venv/lib/python3.12/site-packages/airflow/example_dags/example_dag_decorator.py
[2026-06-21T22:49:26.145+0300] {processor.py:830} INFO - Processing file /media/data/omar/programming course/DEPI/DEPI project/anomx/venv/lib/python3.12/site-packages/airflow/example_dags/example_dag_decorator.py for tasks to queue
[2026-06-21T22:49:26.148+0300] {logging_mixin.py:188} INFO - [2026-06-21T22:49:26.147+0300] {dagbag.py:540} INFO - Filling up the DagBag from /media/data/omar/programming course/DEPI/DEPI project/anomx/venv/lib/python3.12/site-packages/airflow/example_dags/example_dag_decorator.py
[2026-06-21T22:49:26.283+0300] {processor.py:840} INFO - DAG(s) 'example_dag_decorator' retrieved from /media/data/omar/programming course/DEPI/DEPI project/anomx/venv/lib/python3.12/site-packages/airflow/example_dags/example_dag_decorator.py
[2026-06-21T22:49:26.449+0300] {logging_mixin.py:188} INFO - [2026-06-21T22:49:26.448+0300] {dag.py:3096} INFO - Sync 1 DAGs
[2026-06-21T22:49:26.458+0300] {logging_mixin.py:188} INFO - [2026-06-21T22:49:26.457+0300] {dag.py:3954} INFO - Setting next_dagrun for example_dag_decorator to None, run_after=None
[2026-06-21T22:49:26.487+0300] {processor.py:183} INFO - Processing /media/data/omar/programming course/DEPI/DEPI project/anomx/venv/lib/python3.12/site-packages/airflow/example_dags/example_dag_decorator.py took 0.354 seconds
[2026-06-21T22:50:23.803+0300] {processor.py:161} INFO - Started process (PID=22381) to work on /media/data/omar/programming course/DEPI/DEPI project/anomx/venv/lib/python3.12/site-packages/airflow/example_dags/example_dag_decorator.py
[2026-06-21T22:50:23.804+0300] {processor.py:830} INFO - Processing file /media/data/omar/programming course/DEPI/DEPI project/anomx/venv/lib/python3.12/site-packages/airflow/example_dags/example_dag_decorator.py for tasks to queue
[2026-06-21T22:50:23.805+0300] {logging_mixin.py:188} INFO - [2026-06-21T22:50:23.805+0300] {dagbag.py:540} INFO - Filling up the DagBag from /media/data/omar/programming course/DEPI/DEPI project/anomx/venv/lib/python3.12/site-packages/airflow/example_dags/example_dag_decorator.py
[2026-06-21T22:50:24.031+0300] {processor.py:840} INFO - DAG(s) 'example_dag_decorator' retrieved from /media/data/omar/programming course/DEPI/DEPI project/anomx/venv/lib/python3.12/site-packages/airflow/example_dags/example_dag_decorator.py
[2026-06-21T22:50:24.268+0300] {logging_mixin.py:188} INFO - [2026-06-21T22:50:24.268+0300] {dag.py:3096} INFO - Sync 1 DAGs
[2026-06-21T22:50:24.276+0300] {logging_mixin.py:188} INFO - [2026-06-21T22:50:24.275+0300] {dag.py:3954} INFO - Setting next_dagrun for example_dag_decorator to None, run_after=None
[2026-06-21T22:50:24.309+0300] {processor.py:183} INFO - Processing /media/data/omar/programming course/DEPI/DEPI project/anomx/venv/lib/python3.12/site-packages/airflow/example_dags/example_dag_decorator.py took 0.512 seconds
