[2026-06-21T21:39:20.321+0300] {processor.py:161} INFO - Started process (PID=15124) to work on /media/data/omar/programming course/DEPI/DEPI project/anomx/venv/lib/python3.12/site-packages/airflow/example_dags/example_kubernetes_executor.py
[2026-06-21T21:39:20.324+0300] {processor.py:830} INFO - Processing file /media/data/omar/programming course/DEPI/DEPI project/anomx/venv/lib/python3.12/site-packages/airflow/example_dags/example_kubernetes_executor.py for tasks to queue
[2026-06-21T21:39:20.327+0300] {logging_mixin.py:188} INFO - [2026-06-21T21:39:20.326+0300] {dagbag.py:540} INFO - Filling up the DagBag from /media/data/omar/programming course/DEPI/DEPI project/anomx/venv/lib/python3.12/site-packages/airflow/example_dags/example_kubernetes_executor.py
[2026-06-21T21:39:20.330+0300] {logging_mixin.py:188} INFO - [2026-06-21T21:39:20.330+0300] {example_kubernetes_executor.py:39} WARNING - The example_kubernetes_executor example DAG requires the kubernetes provider. Please install it with: pip install apache-airflow[cncf.kubernetes]
[2026-06-21T21:39:20.331+0300] {processor.py:842} WARNING - No viable dags retrieved from /media/data/omar/programming course/DEPI/DEPI project/anomx/venv/lib/python3.12/site-packages/airflow/example_dags/example_kubernetes_executor.py
[2026-06-21T21:39:20.341+0300] {processor.py:183} INFO - Processing /media/data/omar/programming course/DEPI/DEPI project/anomx/venv/lib/python3.12/site-packages/airflow/example_dags/example_kubernetes_executor.py took 0.039 seconds
[2026-06-21T21:40:24.608+0300] {processor.py:161} INFO - Started process (PID=15227) to work on /media/data/omar/programming course/DEPI/DEPI project/anomx/venv/lib/python3.12/site-packages/airflow/example_dags/example_kubernetes_executor.py
[2026-06-21T21:40:24.609+0300] {processor.py:830} INFO - Processing file /media/data/omar/programming course/DEPI/DEPI project/anomx/venv/lib/python3.12/site-packages/airflow/example_dags/example_kubernetes_executor.py for tasks to queue
[2026-06-21T21:40:24.611+0300] {logging_mixin.py:188} INFO - [2026-06-21T21:40:24.610+0300] {dagbag.py:540} INFO - Filling up the DagBag from /media/data/omar/programming course/DEPI/DEPI project/anomx/venv/lib/python3.12/site-packages/airflow/example_dags/example_kubernetes_executor.py
[2026-06-21T21:40:24.616+0300] {logging_mixin.py:188} INFO - [2026-06-21T21:40:24.616+0300] {example_kubernetes_executor.py:39} WARNING - The example_kubernetes_executor example DAG requires the kubernetes provider. Please install it with: pip install apache-airflow[cncf.kubernetes]
[2026-06-21T21:40:24.617+0300] {processor.py:842} WARNING - No viable dags retrieved from /media/data/omar/programming course/DEPI/DEPI project/anomx/venv/lib/python3.12/site-packages/airflow/example_dags/example_kubernetes_executor.py
[2026-06-21T21:40:24.628+0300] {processor.py:183} INFO - Processing /media/data/omar/programming course/DEPI/DEPI project/anomx/venv/lib/python3.12/site-packages/airflow/example_dags/example_kubernetes_executor.py took 0.026 seconds
[2026-06-21T21:41:27.775+0300] {processor.py:161} INFO - Started process (PID=15349) to work on /media/data/omar/programming course/DEPI/DEPI project/anomx/venv/lib/python3.12/site-packages/airflow/example_dags/example_kubernetes_executor.py
[2026-06-21T21:41:27.776+0300] {processor.py:830} INFO - Processing file /media/data/omar/programming course/DEPI/DEPI project/anomx/venv/lib/python3.12/site-packages/airflow/example_dags/example_kubernetes_executor.py for tasks to queue
[2026-06-21T21:41:27.779+0300] {logging_mixin.py:188} INFO - [2026-06-21T21:41:27.778+0300] {dagbag.py:540} INFO - Filling up the DagBag from /media/data/omar/programming course/DEPI/DEPI project/anomx/venv/lib/python3.12/site-packages/airflow/example_dags/example_kubernetes_executor.py
[2026-06-21T21:41:27.784+0300] {logging_mixin.py:188} INFO - [2026-06-21T21:41:27.783+0300] {example_kubernetes_executor.py:39} WARNING - The example_kubernetes_executor example DAG requires the kubernetes provider. Please install it with: pip install apache-airflow[cncf.kubernetes]
[2026-06-21T21:41:27.784+0300] {processor.py:842} WARNING - No viable dags retrieved from /media/data/omar/programming course/DEPI/DEPI project/anomx/venv/lib/python3.12/site-packages/airflow/example_dags/example_kubernetes_executor.py
[2026-06-21T21:41:27.799+0300] {processor.py:183} INFO - Processing /media/data/omar/programming course/DEPI/DEPI project/anomx/venv/lib/python3.12/site-packages/airflow/example_dags/example_kubernetes_executor.py took 0.031 seconds
[2026-06-21T21:42:34.337+0300] {processor.py:161} INFO - Started process (PID=15475) to work on /media/data/omar/programming course/DEPI/DEPI project/anomx/venv/lib/python3.12/site-packages/airflow/example_dags/example_kubernetes_executor.py
[2026-06-21T21:42:34.338+0300] {processor.py:830} INFO - Processing file /media/data/omar/programming course/DEPI/DEPI project/anomx/venv/lib/python3.12/site-packages/airflow/example_dags/example_kubernetes_executor.py for tasks to queue
[2026-06-21T21:42:34.339+0300] {logging_mixin.py:188} INFO - [2026-06-21T21:42:34.339+0300] {dagbag.py:540} INFO - Filling up the DagBag from /media/data/omar/programming course/DEPI/DEPI project/anomx/venv/lib/python3.12/site-packages/airflow/example_dags/example_kubernetes_executor.py
[2026-06-21T21:42:34.344+0300] {logging_mixin.py:188} INFO - [2026-06-21T21:42:34.344+0300] {example_kubernetes_executor.py:39} WARNING - The example_kubernetes_executor example DAG requires the kubernetes provider. Please install it with: pip install apache-airflow[cncf.kubernetes]
[2026-06-21T21:42:34.345+0300] {processor.py:842} WARNING - No viable dags retrieved from /media/data/omar/programming course/DEPI/DEPI project/anomx/venv/lib/python3.12/site-packages/airflow/example_dags/example_kubernetes_executor.py
[2026-06-21T21:42:34.356+0300] {processor.py:183} INFO - Processing /media/data/omar/programming course/DEPI/DEPI project/anomx/venv/lib/python3.12/site-packages/airflow/example_dags/example_kubernetes_executor.py took 0.024 seconds
[2026-06-21T21:43:34.680+0300] {processor.py:161} INFO - Started process (PID=15677) to work on /media/data/omar/programming course/DEPI/DEPI project/anomx/venv/lib/python3.12/site-packages/airflow/example_dags/example_kubernetes_executor.py
[2026-06-21T21:43:34.681+0300] {processor.py:830} INFO - Processing file /media/data/omar/programming course/DEPI/DEPI project/anomx/venv/lib/python3.12/site-packages/airflow/example_dags/example_kubernetes_executor.py for tasks to queue
[2026-06-21T21:43:34.684+0300] {logging_mixin.py:188} INFO - [2026-06-21T21:43:34.683+0300] {dagbag.py:540} INFO - Filling up the DagBag from /media/data/omar/programming course/DEPI/DEPI project/anomx/venv/lib/python3.12/site-packages/airflow/example_dags/example_kubernetes_executor.py
[2026-06-21T21:43:34.691+0300] {logging_mixin.py:188} INFO - [2026-06-21T21:43:34.691+0300] {example_kubernetes_executor.py:39} WARNING - The example_kubernetes_executor example DAG requires the kubernetes provider. Please install it with: pip install apache-airflow[cncf.kubernetes]
[2026-06-21T21:43:34.692+0300] {processor.py:842} WARNING - No viable dags retrieved from /media/data/omar/programming course/DEPI/DEPI project/anomx/venv/lib/python3.12/site-packages/airflow/example_dags/example_kubernetes_executor.py
[2026-06-21T21:43:34.706+0300] {processor.py:183} INFO - Processing /media/data/omar/programming course/DEPI/DEPI project/anomx/venv/lib/python3.12/site-packages/airflow/example_dags/example_kubernetes_executor.py took 0.034 seconds
[2026-06-21T21:44:32.933+0300] {processor.py:161} INFO - Started process (PID=15796) to work on /media/data/omar/programming course/DEPI/DEPI project/anomx/venv/lib/python3.12/site-packages/airflow/example_dags/example_kubernetes_executor.py
[2026-06-21T21:44:32.935+0300] {processor.py:830} INFO - Processing file /media/data/omar/programming course/DEPI/DEPI project/anomx/venv/lib/python3.12/site-packages/airflow/example_dags/example_kubernetes_executor.py for tasks to queue
[2026-06-21T21:44:32.939+0300] {logging_mixin.py:188} INFO - [2026-06-21T21:44:32.938+0300] {dagbag.py:540} INFO - Filling up the DagBag from /media/data/omar/programming course/DEPI/DEPI project/anomx/venv/lib/python3.12/site-packages/airflow/example_dags/example_kubernetes_executor.py
[2026-06-21T21:44:32.948+0300] {logging_mixin.py:188} INFO - [2026-06-21T21:44:32.948+0300] {example_kubernetes_executor.py:39} WARNING - The example_kubernetes_executor example DAG requires the kubernetes provider. Please install it with: pip install apache-airflow[cncf.kubernetes]
[2026-06-21T21:44:32.949+0300] {processor.py:842} WARNING - No viable dags retrieved from /media/data/omar/programming course/DEPI/DEPI project/anomx/venv/lib/python3.12/site-packages/airflow/example_dags/example_kubernetes_executor.py
[2026-06-21T21:44:32.965+0300] {processor.py:183} INFO - Processing /media/data/omar/programming course/DEPI/DEPI project/anomx/venv/lib/python3.12/site-packages/airflow/example_dags/example_kubernetes_executor.py took 0.044 seconds
[2026-06-21T21:47:09.052+0300] {processor.py:161} INFO - Started process (PID=16103) to work on /media/data/omar/programming course/DEPI/DEPI project/anomx/venv/lib/python3.12/site-packages/airflow/example_dags/example_kubernetes_executor.py
[2026-06-21T21:47:09.054+0300] {processor.py:830} INFO - Processing file /media/data/omar/programming course/DEPI/DEPI project/anomx/venv/lib/python3.12/site-packages/airflow/example_dags/example_kubernetes_executor.py for tasks to queue
[2026-06-21T21:47:09.056+0300] {logging_mixin.py:188} INFO - [2026-06-21T21:47:09.055+0300] {dagbag.py:540} INFO - Filling up the DagBag from /media/data/omar/programming course/DEPI/DEPI project/anomx/venv/lib/python3.12/site-packages/airflow/example_dags/example_kubernetes_executor.py
[2026-06-21T21:47:09.062+0300] {logging_mixin.py:188} INFO - [2026-06-21T21:47:09.062+0300] {example_kubernetes_executor.py:39} WARNING - The example_kubernetes_executor example DAG requires the kubernetes provider. Please install it with: pip install apache-airflow[cncf.kubernetes]
[2026-06-21T21:47:09.063+0300] {processor.py:842} WARNING - No viable dags retrieved from /media/data/omar/programming course/DEPI/DEPI project/anomx/venv/lib/python3.12/site-packages/airflow/example_dags/example_kubernetes_executor.py
[2026-06-21T21:47:09.079+0300] {processor.py:183} INFO - Processing /media/data/omar/programming course/DEPI/DEPI project/anomx/venv/lib/python3.12/site-packages/airflow/example_dags/example_kubernetes_executor.py took 0.036 seconds
[2026-06-21T21:48:09.066+0300] {processor.py:161} INFO - Started process (PID=16195) to work on /media/data/omar/programming course/DEPI/DEPI project/anomx/venv/lib/python3.12/site-packages/airflow/example_dags/example_kubernetes_executor.py
[2026-06-21T21:48:09.067+0300] {processor.py:830} INFO - Processing file /media/data/omar/programming course/DEPI/DEPI project/anomx/venv/lib/python3.12/site-packages/airflow/example_dags/example_kubernetes_executor.py for tasks to queue
[2026-06-21T21:48:09.070+0300] {logging_mixin.py:188} INFO - [2026-06-21T21:48:09.069+0300] {dagbag.py:540} INFO - Filling up the DagBag from /media/data/omar/programming course/DEPI/DEPI project/anomx/venv/lib/python3.12/site-packages/airflow/example_dags/example_kubernetes_executor.py
[2026-06-21T21:48:09.074+0300] {logging_mixin.py:188} INFO - [2026-06-21T21:48:09.074+0300] {example_kubernetes_executor.py:39} WARNING - The example_kubernetes_executor example DAG requires the kubernetes provider. Please install it with: pip install apache-airflow[cncf.kubernetes]
[2026-06-21T21:48:09.074+0300] {processor.py:842} WARNING - No viable dags retrieved from /media/data/omar/programming course/DEPI/DEPI project/anomx/venv/lib/python3.12/site-packages/airflow/example_dags/example_kubernetes_executor.py
[2026-06-21T21:48:09.086+0300] {processor.py:183} INFO - Processing /media/data/omar/programming course/DEPI/DEPI project/anomx/venv/lib/python3.12/site-packages/airflow/example_dags/example_kubernetes_executor.py took 0.026 seconds
[2026-06-21T21:49:07.550+0300] {processor.py:161} INFO - Started process (PID=16285) to work on /media/data/omar/programming course/DEPI/DEPI project/anomx/venv/lib/python3.12/site-packages/airflow/example_dags/example_kubernetes_executor.py
[2026-06-21T21:49:07.552+0300] {processor.py:830} INFO - Processing file /media/data/omar/programming course/DEPI/DEPI project/anomx/venv/lib/python3.12/site-packages/airflow/example_dags/example_kubernetes_executor.py for tasks to queue
[2026-06-21T21:49:07.555+0300] {logging_mixin.py:188} INFO - [2026-06-21T21:49:07.554+0300] {dagbag.py:540} INFO - Filling up the DagBag from /media/data/omar/programming course/DEPI/DEPI project/anomx/venv/lib/python3.12/site-packages/airflow/example_dags/example_kubernetes_executor.py
[2026-06-21T21:49:07.562+0300] {logging_mixin.py:188} INFO - [2026-06-21T21:49:07.562+0300] {example_kubernetes_executor.py:39} WARNING - The example_kubernetes_executor example DAG requires the kubernetes provider. Please install it with: pip install apache-airflow[cncf.kubernetes]
[2026-06-21T21:49:07.562+0300] {processor.py:842} WARNING - No viable dags retrieved from /media/data/omar/programming course/DEPI/DEPI project/anomx/venv/lib/python3.12/site-packages/airflow/example_dags/example_kubernetes_executor.py
[2026-06-21T21:49:07.574+0300] {processor.py:183} INFO - Processing /media/data/omar/programming course/DEPI/DEPI project/anomx/venv/lib/python3.12/site-packages/airflow/example_dags/example_kubernetes_executor.py took 0.039 seconds
[2026-06-21T21:51:14.668+0300] {processor.py:161} INFO - Started process (PID=16510) to work on /media/data/omar/programming course/DEPI/DEPI project/anomx/venv/lib/python3.12/site-packages/airflow/example_dags/example_kubernetes_executor.py
[2026-06-21T21:51:14.670+0300] {processor.py:830} INFO - Processing file /media/data/omar/programming course/DEPI/DEPI project/anomx/venv/lib/python3.12/site-packages/airflow/example_dags/example_kubernetes_executor.py for tasks to queue
[2026-06-21T21:51:14.674+0300] {logging_mixin.py:188} INFO - [2026-06-21T21:51:14.673+0300] {dagbag.py:540} INFO - Filling up the DagBag from /media/data/omar/programming course/DEPI/DEPI project/anomx/venv/lib/python3.12/site-packages/airflow/example_dags/example_kubernetes_executor.py
[2026-06-21T21:51:14.681+0300] {logging_mixin.py:188} INFO - [2026-06-21T21:51:14.680+0300] {example_kubernetes_executor.py:39} WARNING - The example_kubernetes_executor example DAG requires the kubernetes provider. Please install it with: pip install apache-airflow[cncf.kubernetes]
[2026-06-21T21:51:14.682+0300] {processor.py:842} WARNING - No viable dags retrieved from /media/data/omar/programming course/DEPI/DEPI project/anomx/venv/lib/python3.12/site-packages/airflow/example_dags/example_kubernetes_executor.py
[2026-06-21T21:51:14.694+0300] {processor.py:183} INFO - Processing /media/data/omar/programming course/DEPI/DEPI project/anomx/venv/lib/python3.12/site-packages/airflow/example_dags/example_kubernetes_executor.py took 0.043 seconds
[2026-06-21T21:52:30.069+0300] {processor.py:161} INFO - Started process (PID=16660) to work on /media/data/omar/programming course/DEPI/DEPI project/anomx/venv/lib/python3.12/site-packages/airflow/example_dags/example_kubernetes_executor.py
[2026-06-21T21:52:30.073+0300] {processor.py:830} INFO - Processing file /media/data/omar/programming course/DEPI/DEPI project/anomx/venv/lib/python3.12/site-packages/airflow/example_dags/example_kubernetes_executor.py for tasks to queue
[2026-06-21T21:52:30.079+0300] {logging_mixin.py:188} INFO - [2026-06-21T21:52:30.078+0300] {dagbag.py:540} INFO - Filling up the DagBag from /media/data/omar/programming course/DEPI/DEPI project/anomx/venv/lib/python3.12/site-packages/airflow/example_dags/example_kubernetes_executor.py
[2026-06-21T21:52:30.085+0300] {logging_mixin.py:188} INFO - [2026-06-21T21:52:30.085+0300] {example_kubernetes_executor.py:39} WARNING - The example_kubernetes_executor example DAG requires the kubernetes provider. Please install it with: pip install apache-airflow[cncf.kubernetes]
[2026-06-21T21:52:30.086+0300] {processor.py:842} WARNING - No viable dags retrieved from /media/data/omar/programming course/DEPI/DEPI project/anomx/venv/lib/python3.12/site-packages/airflow/example_dags/example_kubernetes_executor.py
[2026-06-21T21:52:30.100+0300] {processor.py:183} INFO - Processing /media/data/omar/programming course/DEPI/DEPI project/anomx/venv/lib/python3.12/site-packages/airflow/example_dags/example_kubernetes_executor.py took 0.040 seconds
[2026-06-21T21:53:27.511+0300] {processor.py:161} INFO - Started process (PID=16742) to work on /media/data/omar/programming course/DEPI/DEPI project/anomx/venv/lib/python3.12/site-packages/airflow/example_dags/example_kubernetes_executor.py
[2026-06-21T21:53:27.512+0300] {processor.py:830} INFO - Processing file /media/data/omar/programming course/DEPI/DEPI project/anomx/venv/lib/python3.12/site-packages/airflow/example_dags/example_kubernetes_executor.py for tasks to queue
[2026-06-21T21:53:27.514+0300] {logging_mixin.py:188} INFO - [2026-06-21T21:53:27.513+0300] {dagbag.py:540} INFO - Filling up the DagBag from /media/data/omar/programming course/DEPI/DEPI project/anomx/venv/lib/python3.12/site-packages/airflow/example_dags/example_kubernetes_executor.py
[2026-06-21T21:53:27.518+0300] {logging_mixin.py:188} INFO - [2026-06-21T21:53:27.518+0300] {example_kubernetes_executor.py:39} WARNING - The example_kubernetes_executor example DAG requires the kubernetes provider. Please install it with: pip install apache-airflow[cncf.kubernetes]
[2026-06-21T21:53:27.518+0300] {processor.py:842} WARNING - No viable dags retrieved from /media/data/omar/programming course/DEPI/DEPI project/anomx/venv/lib/python3.12/site-packages/airflow/example_dags/example_kubernetes_executor.py
[2026-06-21T21:53:27.528+0300] {processor.py:183} INFO - Processing /media/data/omar/programming course/DEPI/DEPI project/anomx/venv/lib/python3.12/site-packages/airflow/example_dags/example_kubernetes_executor.py took 0.023 seconds
[2026-06-21T21:54:24.489+0300] {processor.py:161} INFO - Started process (PID=16845) to work on /media/data/omar/programming course/DEPI/DEPI project/anomx/venv/lib/python3.12/site-packages/airflow/example_dags/example_kubernetes_executor.py
[2026-06-21T21:54:24.490+0300] {processor.py:830} INFO - Processing file /media/data/omar/programming course/DEPI/DEPI project/anomx/venv/lib/python3.12/site-packages/airflow/example_dags/example_kubernetes_executor.py for tasks to queue
[2026-06-21T21:54:24.494+0300] {logging_mixin.py:188} INFO - [2026-06-21T21:54:24.493+0300] {dagbag.py:540} INFO - Filling up the DagBag from /media/data/omar/programming course/DEPI/DEPI project/anomx/venv/lib/python3.12/site-packages/airflow/example_dags/example_kubernetes_executor.py
[2026-06-21T21:54:24.501+0300] {logging_mixin.py:188} INFO - [2026-06-21T21:54:24.501+0300] {example_kubernetes_executor.py:39} WARNING - The example_kubernetes_executor example DAG requires the kubernetes provider. Please install it with: pip install apache-airflow[cncf.kubernetes]
[2026-06-21T21:54:24.502+0300] {processor.py:842} WARNING - No viable dags retrieved from /media/data/omar/programming course/DEPI/DEPI project/anomx/venv/lib/python3.12/site-packages/airflow/example_dags/example_kubernetes_executor.py
[2026-06-21T21:54:24.520+0300] {processor.py:183} INFO - Processing /media/data/omar/programming course/DEPI/DEPI project/anomx/venv/lib/python3.12/site-packages/airflow/example_dags/example_kubernetes_executor.py took 0.042 seconds
[2026-06-21T21:55:22.507+0300] {processor.py:161} INFO - Started process (PID=16939) to work on /media/data/omar/programming course/DEPI/DEPI project/anomx/venv/lib/python3.12/site-packages/airflow/example_dags/example_kubernetes_executor.py
[2026-06-21T21:55:22.509+0300] {processor.py:830} INFO - Processing file /media/data/omar/programming course/DEPI/DEPI project/anomx/venv/lib/python3.12/site-packages/airflow/example_dags/example_kubernetes_executor.py for tasks to queue
[2026-06-21T21:55:22.512+0300] {logging_mixin.py:188} INFO - [2026-06-21T21:55:22.511+0300] {dagbag.py:540} INFO - Filling up the DagBag from /media/data/omar/programming course/DEPI/DEPI project/anomx/venv/lib/python3.12/site-packages/airflow/example_dags/example_kubernetes_executor.py
[2026-06-21T21:55:22.520+0300] {logging_mixin.py:188} INFO - [2026-06-21T21:55:22.519+0300] {example_kubernetes_executor.py:39} WARNING - The example_kubernetes_executor example DAG requires the kubernetes provider. Please install it with: pip install apache-airflow[cncf.kubernetes]
[2026-06-21T21:55:22.520+0300] {processor.py:842} WARNING - No viable dags retrieved from /media/data/omar/programming course/DEPI/DEPI project/anomx/venv/lib/python3.12/site-packages/airflow/example_dags/example_kubernetes_executor.py
[2026-06-21T21:55:22.535+0300] {processor.py:183} INFO - Processing /media/data/omar/programming course/DEPI/DEPI project/anomx/venv/lib/python3.12/site-packages/airflow/example_dags/example_kubernetes_executor.py took 0.038 seconds
[2026-06-21T21:56:16.394+0300] {processor.py:161} INFO - Started process (PID=17030) to work on /media/data/omar/programming course/DEPI/DEPI project/anomx/venv/lib/python3.12/site-packages/airflow/example_dags/example_kubernetes_executor.py
[2026-06-21T21:56:16.395+0300] {processor.py:830} INFO - Processing file /media/data/omar/programming course/DEPI/DEPI project/anomx/venv/lib/python3.12/site-packages/airflow/example_dags/example_kubernetes_executor.py for tasks to queue
[2026-06-21T21:56:16.397+0300] {logging_mixin.py:188} INFO - [2026-06-21T21:56:16.396+0300] {dagbag.py:540} INFO - Filling up the DagBag from /media/data/omar/programming course/DEPI/DEPI project/anomx/venv/lib/python3.12/site-packages/airflow/example_dags/example_kubernetes_executor.py
[2026-06-21T21:56:16.401+0300] {logging_mixin.py:188} INFO - [2026-06-21T21:56:16.400+0300] {example_kubernetes_executor.py:39} WARNING - The example_kubernetes_executor example DAG requires the kubernetes provider. Please install it with: pip install apache-airflow[cncf.kubernetes]
[2026-06-21T21:56:16.401+0300] {processor.py:842} WARNING - No viable dags retrieved from /media/data/omar/programming course/DEPI/DEPI project/anomx/venv/lib/python3.12/site-packages/airflow/example_dags/example_kubernetes_executor.py
[2026-06-21T21:56:16.410+0300] {processor.py:183} INFO - Processing /media/data/omar/programming course/DEPI/DEPI project/anomx/venv/lib/python3.12/site-packages/airflow/example_dags/example_kubernetes_executor.py took 0.021 seconds
[2026-06-21T21:57:06.430+0300] {processor.py:161} INFO - Started process (PID=17115) to work on /media/data/omar/programming course/DEPI/DEPI project/anomx/venv/lib/python3.12/site-packages/airflow/example_dags/example_kubernetes_executor.py
[2026-06-21T21:57:06.432+0300] {processor.py:830} INFO - Processing file /media/data/omar/programming course/DEPI/DEPI project/anomx/venv/lib/python3.12/site-packages/airflow/example_dags/example_kubernetes_executor.py for tasks to queue
[2026-06-21T21:57:06.437+0300] {logging_mixin.py:188} INFO - [2026-06-21T21:57:06.436+0300] {dagbag.py:540} INFO - Filling up the DagBag from /media/data/omar/programming course/DEPI/DEPI project/anomx/venv/lib/python3.12/site-packages/airflow/example_dags/example_kubernetes_executor.py
[2026-06-21T21:57:06.448+0300] {logging_mixin.py:188} INFO - [2026-06-21T21:57:06.447+0300] {example_kubernetes_executor.py:39} WARNING - The example_kubernetes_executor example DAG requires the kubernetes provider. Please install it with: pip install apache-airflow[cncf.kubernetes]
[2026-06-21T21:57:06.449+0300] {processor.py:842} WARNING - No viable dags retrieved from /media/data/omar/programming course/DEPI/DEPI project/anomx/venv/lib/python3.12/site-packages/airflow/example_dags/example_kubernetes_executor.py
[2026-06-21T21:57:06.463+0300] {processor.py:183} INFO - Processing /media/data/omar/programming course/DEPI/DEPI project/anomx/venv/lib/python3.12/site-packages/airflow/example_dags/example_kubernetes_executor.py took 0.046 seconds
[2026-06-21T21:58:00.390+0300] {processor.py:161} INFO - Started process (PID=17204) to work on /media/data/omar/programming course/DEPI/DEPI project/anomx/venv/lib/python3.12/site-packages/airflow/example_dags/example_kubernetes_executor.py
[2026-06-21T21:58:00.392+0300] {processor.py:830} INFO - Processing file /media/data/omar/programming course/DEPI/DEPI project/anomx/venv/lib/python3.12/site-packages/airflow/example_dags/example_kubernetes_executor.py for tasks to queue
[2026-06-21T21:58:00.396+0300] {logging_mixin.py:188} INFO - [2026-06-21T21:58:00.395+0300] {dagbag.py:540} INFO - Filling up the DagBag from /media/data/omar/programming course/DEPI/DEPI project/anomx/venv/lib/python3.12/site-packages/airflow/example_dags/example_kubernetes_executor.py
[2026-06-21T21:58:00.406+0300] {logging_mixin.py:188} INFO - [2026-06-21T21:58:00.405+0300] {example_kubernetes_executor.py:39} WARNING - The example_kubernetes_executor example DAG requires the kubernetes provider. Please install it with: pip install apache-airflow[cncf.kubernetes]
[2026-06-21T21:58:00.407+0300] {processor.py:842} WARNING - No viable dags retrieved from /media/data/omar/programming course/DEPI/DEPI project/anomx/venv/lib/python3.12/site-packages/airflow/example_dags/example_kubernetes_executor.py
[2026-06-21T21:58:00.428+0300] {processor.py:183} INFO - Processing /media/data/omar/programming course/DEPI/DEPI project/anomx/venv/lib/python3.12/site-packages/airflow/example_dags/example_kubernetes_executor.py took 0.052 seconds
[2026-06-21T21:58:57.159+0300] {processor.py:161} INFO - Started process (PID=17294) to work on /media/data/omar/programming course/DEPI/DEPI project/anomx/venv/lib/python3.12/site-packages/airflow/example_dags/example_kubernetes_executor.py
[2026-06-21T21:58:57.160+0300] {processor.py:830} INFO - Processing file /media/data/omar/programming course/DEPI/DEPI project/anomx/venv/lib/python3.12/site-packages/airflow/example_dags/example_kubernetes_executor.py for tasks to queue
[2026-06-21T21:58:57.163+0300] {logging_mixin.py:188} INFO - [2026-06-21T21:58:57.162+0300] {dagbag.py:540} INFO - Filling up the DagBag from /media/data/omar/programming course/DEPI/DEPI project/anomx/venv/lib/python3.12/site-packages/airflow/example_dags/example_kubernetes_executor.py
[2026-06-21T21:58:57.170+0300] {logging_mixin.py:188} INFO - [2026-06-21T21:58:57.170+0300] {example_kubernetes_executor.py:39} WARNING - The example_kubernetes_executor example DAG requires the kubernetes provider. Please install it with: pip install apache-airflow[cncf.kubernetes]
[2026-06-21T21:58:57.171+0300] {processor.py:842} WARNING - No viable dags retrieved from /media/data/omar/programming course/DEPI/DEPI project/anomx/venv/lib/python3.12/site-packages/airflow/example_dags/example_kubernetes_executor.py
[2026-06-21T21:58:57.185+0300] {processor.py:183} INFO - Processing /media/data/omar/programming course/DEPI/DEPI project/anomx/venv/lib/python3.12/site-packages/airflow/example_dags/example_kubernetes_executor.py took 0.034 seconds
[2026-06-21T21:59:53.813+0300] {processor.py:161} INFO - Started process (PID=17385) to work on /media/data/omar/programming course/DEPI/DEPI project/anomx/venv/lib/python3.12/site-packages/airflow/example_dags/example_kubernetes_executor.py
[2026-06-21T21:59:53.815+0300] {processor.py:830} INFO - Processing file /media/data/omar/programming course/DEPI/DEPI project/anomx/venv/lib/python3.12/site-packages/airflow/example_dags/example_kubernetes_executor.py for tasks to queue
[2026-06-21T21:59:53.818+0300] {logging_mixin.py:188} INFO - [2026-06-21T21:59:53.817+0300] {dagbag.py:540} INFO - Filling up the DagBag from /media/data/omar/programming course/DEPI/DEPI project/anomx/venv/lib/python3.12/site-packages/airflow/example_dags/example_kubernetes_executor.py
[2026-06-21T21:59:53.824+0300] {logging_mixin.py:188} INFO - [2026-06-21T21:59:53.823+0300] {example_kubernetes_executor.py:39} WARNING - The example_kubernetes_executor example DAG requires the kubernetes provider. Please install it with: pip install apache-airflow[cncf.kubernetes]
[2026-06-21T21:59:53.824+0300] {processor.py:842} WARNING - No viable dags retrieved from /media/data/omar/programming course/DEPI/DEPI project/anomx/venv/lib/python3.12/site-packages/airflow/example_dags/example_kubernetes_executor.py
[2026-06-21T21:59:53.836+0300] {processor.py:183} INFO - Processing /media/data/omar/programming course/DEPI/DEPI project/anomx/venv/lib/python3.12/site-packages/airflow/example_dags/example_kubernetes_executor.py took 0.036 seconds
[2026-06-21T22:00:51.580+0300] {processor.py:161} INFO - Started process (PID=17482) to work on /media/data/omar/programming course/DEPI/DEPI project/anomx/venv/lib/python3.12/site-packages/airflow/example_dags/example_kubernetes_executor.py
[2026-06-21T22:00:51.581+0300] {processor.py:830} INFO - Processing file /media/data/omar/programming course/DEPI/DEPI project/anomx/venv/lib/python3.12/site-packages/airflow/example_dags/example_kubernetes_executor.py for tasks to queue
[2026-06-21T22:00:51.582+0300] {logging_mixin.py:188} INFO - [2026-06-21T22:00:51.582+0300] {dagbag.py:540} INFO - Filling up the DagBag from /media/data/omar/programming course/DEPI/DEPI project/anomx/venv/lib/python3.12/site-packages/airflow/example_dags/example_kubernetes_executor.py
[2026-06-21T22:00:51.586+0300] {logging_mixin.py:188} INFO - [2026-06-21T22:00:51.585+0300] {example_kubernetes_executor.py:39} WARNING - The example_kubernetes_executor example DAG requires the kubernetes provider. Please install it with: pip install apache-airflow[cncf.kubernetes]
[2026-06-21T22:00:51.586+0300] {processor.py:842} WARNING - No viable dags retrieved from /media/data/omar/programming course/DEPI/DEPI project/anomx/venv/lib/python3.12/site-packages/airflow/example_dags/example_kubernetes_executor.py
[2026-06-21T22:00:51.595+0300] {processor.py:183} INFO - Processing /media/data/omar/programming course/DEPI/DEPI project/anomx/venv/lib/python3.12/site-packages/airflow/example_dags/example_kubernetes_executor.py took 0.020 seconds
[2026-06-21T22:01:49.942+0300] {processor.py:161} INFO - Started process (PID=17574) to work on /media/data/omar/programming course/DEPI/DEPI project/anomx/venv/lib/python3.12/site-packages/airflow/example_dags/example_kubernetes_executor.py
[2026-06-21T22:01:49.942+0300] {processor.py:830} INFO - Processing file /media/data/omar/programming course/DEPI/DEPI project/anomx/venv/lib/python3.12/site-packages/airflow/example_dags/example_kubernetes_executor.py for tasks to queue
[2026-06-21T22:01:49.944+0300] {logging_mixin.py:188} INFO - [2026-06-21T22:01:49.944+0300] {dagbag.py:540} INFO - Filling up the DagBag from /media/data/omar/programming course/DEPI/DEPI project/anomx/venv/lib/python3.12/site-packages/airflow/example_dags/example_kubernetes_executor.py
[2026-06-21T22:01:49.947+0300] {logging_mixin.py:188} INFO - [2026-06-21T22:01:49.947+0300] {example_kubernetes_executor.py:39} WARNING - The example_kubernetes_executor example DAG requires the kubernetes provider. Please install it with: pip install apache-airflow[cncf.kubernetes]
[2026-06-21T22:01:49.948+0300] {processor.py:842} WARNING - No viable dags retrieved from /media/data/omar/programming course/DEPI/DEPI project/anomx/venv/lib/python3.12/site-packages/airflow/example_dags/example_kubernetes_executor.py
[2026-06-21T22:01:49.958+0300] {processor.py:183} INFO - Processing /media/data/omar/programming course/DEPI/DEPI project/anomx/venv/lib/python3.12/site-packages/airflow/example_dags/example_kubernetes_executor.py took 0.021 seconds
[2026-06-21T22:02:47.638+0300] {processor.py:161} INFO - Started process (PID=17722) to work on /media/data/omar/programming course/DEPI/DEPI project/anomx/venv/lib/python3.12/site-packages/airflow/example_dags/example_kubernetes_executor.py
[2026-06-21T22:02:47.640+0300] {processor.py:830} INFO - Processing file /media/data/omar/programming course/DEPI/DEPI project/anomx/venv/lib/python3.12/site-packages/airflow/example_dags/example_kubernetes_executor.py for tasks to queue
[2026-06-21T22:02:47.644+0300] {logging_mixin.py:188} INFO - [2026-06-21T22:02:47.643+0300] {dagbag.py:540} INFO - Filling up the DagBag from /media/data/omar/programming course/DEPI/DEPI project/anomx/venv/lib/python3.12/site-packages/airflow/example_dags/example_kubernetes_executor.py
[2026-06-21T22:02:47.651+0300] {logging_mixin.py:188} INFO - [2026-06-21T22:02:47.651+0300] {example_kubernetes_executor.py:39} WARNING - The example_kubernetes_executor example DAG requires the kubernetes provider. Please install it with: pip install apache-airflow[cncf.kubernetes]
[2026-06-21T22:02:47.652+0300] {processor.py:842} WARNING - No viable dags retrieved from /media/data/omar/programming course/DEPI/DEPI project/anomx/venv/lib/python3.12/site-packages/airflow/example_dags/example_kubernetes_executor.py
[2026-06-21T22:02:47.664+0300] {processor.py:183} INFO - Processing /media/data/omar/programming course/DEPI/DEPI project/anomx/venv/lib/python3.12/site-packages/airflow/example_dags/example_kubernetes_executor.py took 0.045 seconds
[2026-06-21T22:03:44.133+0300] {processor.py:161} INFO - Started process (PID=17813) to work on /media/data/omar/programming course/DEPI/DEPI project/anomx/venv/lib/python3.12/site-packages/airflow/example_dags/example_kubernetes_executor.py
[2026-06-21T22:03:44.134+0300] {processor.py:830} INFO - Processing file /media/data/omar/programming course/DEPI/DEPI project/anomx/venv/lib/python3.12/site-packages/airflow/example_dags/example_kubernetes_executor.py for tasks to queue
[2026-06-21T22:03:44.136+0300] {logging_mixin.py:188} INFO - [2026-06-21T22:03:44.135+0300] {dagbag.py:540} INFO - Filling up the DagBag from /media/data/omar/programming course/DEPI/DEPI project/anomx/venv/lib/python3.12/site-packages/airflow/example_dags/example_kubernetes_executor.py
[2026-06-21T22:03:44.140+0300] {logging_mixin.py:188} INFO - [2026-06-21T22:03:44.140+0300] {example_kubernetes_executor.py:39} WARNING - The example_kubernetes_executor example DAG requires the kubernetes provider. Please install it with: pip install apache-airflow[cncf.kubernetes]
[2026-06-21T22:03:44.140+0300] {processor.py:842} WARNING - No viable dags retrieved from /media/data/omar/programming course/DEPI/DEPI project/anomx/venv/lib/python3.12/site-packages/airflow/example_dags/example_kubernetes_executor.py
[2026-06-21T22:03:44.150+0300] {processor.py:183} INFO - Processing /media/data/omar/programming course/DEPI/DEPI project/anomx/venv/lib/python3.12/site-packages/airflow/example_dags/example_kubernetes_executor.py took 0.025 seconds
[2026-06-21T22:04:37.149+0300] {processor.py:161} INFO - Started process (PID=17902) to work on /media/data/omar/programming course/DEPI/DEPI project/anomx/venv/lib/python3.12/site-packages/airflow/example_dags/example_kubernetes_executor.py
[2026-06-21T22:04:37.150+0300] {processor.py:830} INFO - Processing file /media/data/omar/programming course/DEPI/DEPI project/anomx/venv/lib/python3.12/site-packages/airflow/example_dags/example_kubernetes_executor.py for tasks to queue
[2026-06-21T22:04:37.153+0300] {logging_mixin.py:188} INFO - [2026-06-21T22:04:37.152+0300] {dagbag.py:540} INFO - Filling up the DagBag from /media/data/omar/programming course/DEPI/DEPI project/anomx/venv/lib/python3.12/site-packages/airflow/example_dags/example_kubernetes_executor.py
[2026-06-21T22:04:37.160+0300] {logging_mixin.py:188} INFO - [2026-06-21T22:04:37.160+0300] {example_kubernetes_executor.py:39} WARNING - The example_kubernetes_executor example DAG requires the kubernetes provider. Please install it with: pip install apache-airflow[cncf.kubernetes]
[2026-06-21T22:04:37.161+0300] {processor.py:842} WARNING - No viable dags retrieved from /media/data/omar/programming course/DEPI/DEPI project/anomx/venv/lib/python3.12/site-packages/airflow/example_dags/example_kubernetes_executor.py
[2026-06-21T22:04:37.175+0300] {processor.py:183} INFO - Processing /media/data/omar/programming course/DEPI/DEPI project/anomx/venv/lib/python3.12/site-packages/airflow/example_dags/example_kubernetes_executor.py took 0.035 seconds
[2026-06-21T22:05:33.087+0300] {processor.py:161} INFO - Started process (PID=17996) to work on /media/data/omar/programming course/DEPI/DEPI project/anomx/venv/lib/python3.12/site-packages/airflow/example_dags/example_kubernetes_executor.py
[2026-06-21T22:05:33.089+0300] {processor.py:830} INFO - Processing file /media/data/omar/programming course/DEPI/DEPI project/anomx/venv/lib/python3.12/site-packages/airflow/example_dags/example_kubernetes_executor.py for tasks to queue
[2026-06-21T22:05:33.091+0300] {logging_mixin.py:188} INFO - [2026-06-21T22:05:33.091+0300] {dagbag.py:540} INFO - Filling up the DagBag from /media/data/omar/programming course/DEPI/DEPI project/anomx/venv/lib/python3.12/site-packages/airflow/example_dags/example_kubernetes_executor.py
[2026-06-21T22:05:33.097+0300] {logging_mixin.py:188} INFO - [2026-06-21T22:05:33.096+0300] {example_kubernetes_executor.py:39} WARNING - The example_kubernetes_executor example DAG requires the kubernetes provider. Please install it with: pip install apache-airflow[cncf.kubernetes]
[2026-06-21T22:05:33.097+0300] {processor.py:842} WARNING - No viable dags retrieved from /media/data/omar/programming course/DEPI/DEPI project/anomx/venv/lib/python3.12/site-packages/airflow/example_dags/example_kubernetes_executor.py
[2026-06-21T22:05:33.108+0300] {processor.py:183} INFO - Processing /media/data/omar/programming course/DEPI/DEPI project/anomx/venv/lib/python3.12/site-packages/airflow/example_dags/example_kubernetes_executor.py took 0.032 seconds
[2026-06-21T22:06:30.240+0300] {processor.py:161} INFO - Started process (PID=18086) to work on /media/data/omar/programming course/DEPI/DEPI project/anomx/venv/lib/python3.12/site-packages/airflow/example_dags/example_kubernetes_executor.py
[2026-06-21T22:06:30.241+0300] {processor.py:830} INFO - Processing file /media/data/omar/programming course/DEPI/DEPI project/anomx/venv/lib/python3.12/site-packages/airflow/example_dags/example_kubernetes_executor.py for tasks to queue
[2026-06-21T22:06:30.244+0300] {logging_mixin.py:188} INFO - [2026-06-21T22:06:30.243+0300] {dagbag.py:540} INFO - Filling up the DagBag from /media/data/omar/programming course/DEPI/DEPI project/anomx/venv/lib/python3.12/site-packages/airflow/example_dags/example_kubernetes_executor.py
[2026-06-21T22:06:30.249+0300] {logging_mixin.py:188} INFO - [2026-06-21T22:06:30.248+0300] {example_kubernetes_executor.py:39} WARNING - The example_kubernetes_executor example DAG requires the kubernetes provider. Please install it with: pip install apache-airflow[cncf.kubernetes]
[2026-06-21T22:06:30.249+0300] {processor.py:842} WARNING - No viable dags retrieved from /media/data/omar/programming course/DEPI/DEPI project/anomx/venv/lib/python3.12/site-packages/airflow/example_dags/example_kubernetes_executor.py
[2026-06-21T22:06:30.260+0300] {processor.py:183} INFO - Processing /media/data/omar/programming course/DEPI/DEPI project/anomx/venv/lib/python3.12/site-packages/airflow/example_dags/example_kubernetes_executor.py took 0.030 seconds
[2026-06-21T22:07:28.747+0300] {processor.py:161} INFO - Started process (PID=18178) to work on /media/data/omar/programming course/DEPI/DEPI project/anomx/venv/lib/python3.12/site-packages/airflow/example_dags/example_kubernetes_executor.py
[2026-06-21T22:07:28.748+0300] {processor.py:830} INFO - Processing file /media/data/omar/programming course/DEPI/DEPI project/anomx/venv/lib/python3.12/site-packages/airflow/example_dags/example_kubernetes_executor.py for tasks to queue
[2026-06-21T22:07:28.751+0300] {logging_mixin.py:188} INFO - [2026-06-21T22:07:28.750+0300] {dagbag.py:540} INFO - Filling up the DagBag from /media/data/omar/programming course/DEPI/DEPI project/anomx/venv/lib/python3.12/site-packages/airflow/example_dags/example_kubernetes_executor.py
[2026-06-21T22:07:28.757+0300] {logging_mixin.py:188} INFO - [2026-06-21T22:07:28.757+0300] {example_kubernetes_executor.py:39} WARNING - The example_kubernetes_executor example DAG requires the kubernetes provider. Please install it with: pip install apache-airflow[cncf.kubernetes]
[2026-06-21T22:07:28.758+0300] {processor.py:842} WARNING - No viable dags retrieved from /media/data/omar/programming course/DEPI/DEPI project/anomx/venv/lib/python3.12/site-packages/airflow/example_dags/example_kubernetes_executor.py
[2026-06-21T22:07:28.769+0300] {processor.py:183} INFO - Processing /media/data/omar/programming course/DEPI/DEPI project/anomx/venv/lib/python3.12/site-packages/airflow/example_dags/example_kubernetes_executor.py took 0.035 seconds
[2026-06-21T22:08:25.355+0300] {processor.py:161} INFO - Started process (PID=18260) to work on /media/data/omar/programming course/DEPI/DEPI project/anomx/venv/lib/python3.12/site-packages/airflow/example_dags/example_kubernetes_executor.py
[2026-06-21T22:08:25.357+0300] {processor.py:830} INFO - Processing file /media/data/omar/programming course/DEPI/DEPI project/anomx/venv/lib/python3.12/site-packages/airflow/example_dags/example_kubernetes_executor.py for tasks to queue
[2026-06-21T22:08:25.360+0300] {logging_mixin.py:188} INFO - [2026-06-21T22:08:25.359+0300] {dagbag.py:540} INFO - Filling up the DagBag from /media/data/omar/programming course/DEPI/DEPI project/anomx/venv/lib/python3.12/site-packages/airflow/example_dags/example_kubernetes_executor.py
[2026-06-21T22:08:25.368+0300] {logging_mixin.py:188} INFO - [2026-06-21T22:08:25.367+0300] {example_kubernetes_executor.py:39} WARNING - The example_kubernetes_executor example DAG requires the kubernetes provider. Please install it with: pip install apache-airflow[cncf.kubernetes]
[2026-06-21T22:08:25.368+0300] {processor.py:842} WARNING - No viable dags retrieved from /media/data/omar/programming course/DEPI/DEPI project/anomx/venv/lib/python3.12/site-packages/airflow/example_dags/example_kubernetes_executor.py
[2026-06-21T22:08:25.385+0300] {processor.py:183} INFO - Processing /media/data/omar/programming course/DEPI/DEPI project/anomx/venv/lib/python3.12/site-packages/airflow/example_dags/example_kubernetes_executor.py took 0.040 seconds
[2026-06-21T22:09:22.640+0300] {processor.py:161} INFO - Started process (PID=18454) to work on /media/data/omar/programming course/DEPI/DEPI project/anomx/venv/lib/python3.12/site-packages/airflow/example_dags/example_kubernetes_executor.py
[2026-06-21T22:09:22.641+0300] {processor.py:830} INFO - Processing file /media/data/omar/programming course/DEPI/DEPI project/anomx/venv/lib/python3.12/site-packages/airflow/example_dags/example_kubernetes_executor.py for tasks to queue
[2026-06-21T22:09:22.643+0300] {logging_mixin.py:188} INFO - [2026-06-21T22:09:22.643+0300] {dagbag.py:540} INFO - Filling up the DagBag from /media/data/omar/programming course/DEPI/DEPI project/anomx/venv/lib/python3.12/site-packages/airflow/example_dags/example_kubernetes_executor.py
[2026-06-21T22:09:22.647+0300] {logging_mixin.py:188} INFO - [2026-06-21T22:09:22.647+0300] {example_kubernetes_executor.py:39} WARNING - The example_kubernetes_executor example DAG requires the kubernetes provider. Please install it with: pip install apache-airflow[cncf.kubernetes]
[2026-06-21T22:09:22.648+0300] {processor.py:842} WARNING - No viable dags retrieved from /media/data/omar/programming course/DEPI/DEPI project/anomx/venv/lib/python3.12/site-packages/airflow/example_dags/example_kubernetes_executor.py
[2026-06-21T22:09:22.658+0300] {processor.py:183} INFO - Processing /media/data/omar/programming course/DEPI/DEPI project/anomx/venv/lib/python3.12/site-packages/airflow/example_dags/example_kubernetes_executor.py took 0.024 seconds
[2026-06-21T22:10:28.713+0300] {processor.py:161} INFO - Started process (PID=18677) to work on /media/data/omar/programming course/DEPI/DEPI project/anomx/venv/lib/python3.12/site-packages/airflow/example_dags/example_kubernetes_executor.py
[2026-06-21T22:10:28.715+0300] {processor.py:830} INFO - Processing file /media/data/omar/programming course/DEPI/DEPI project/anomx/venv/lib/python3.12/site-packages/airflow/example_dags/example_kubernetes_executor.py for tasks to queue
[2026-06-21T22:10:28.718+0300] {logging_mixin.py:188} INFO - [2026-06-21T22:10:28.717+0300] {dagbag.py:540} INFO - Filling up the DagBag from /media/data/omar/programming course/DEPI/DEPI project/anomx/venv/lib/python3.12/site-packages/airflow/example_dags/example_kubernetes_executor.py
[2026-06-21T22:10:28.724+0300] {logging_mixin.py:188} INFO - [2026-06-21T22:10:28.724+0300] {example_kubernetes_executor.py:39} WARNING - The example_kubernetes_executor example DAG requires the kubernetes provider. Please install it with: pip install apache-airflow[cncf.kubernetes]
[2026-06-21T22:10:28.725+0300] {processor.py:842} WARNING - No viable dags retrieved from /media/data/omar/programming course/DEPI/DEPI project/anomx/venv/lib/python3.12/site-packages/airflow/example_dags/example_kubernetes_executor.py
[2026-06-21T22:10:28.741+0300] {processor.py:183} INFO - Processing /media/data/omar/programming course/DEPI/DEPI project/anomx/venv/lib/python3.12/site-packages/airflow/example_dags/example_kubernetes_executor.py took 0.043 seconds
[2026-06-21T22:11:28.166+0300] {processor.py:161} INFO - Started process (PID=18830) to work on /media/data/omar/programming course/DEPI/DEPI project/anomx/venv/lib/python3.12/site-packages/airflow/example_dags/example_kubernetes_executor.py
[2026-06-21T22:11:28.167+0300] {processor.py:830} INFO - Processing file /media/data/omar/programming course/DEPI/DEPI project/anomx/venv/lib/python3.12/site-packages/airflow/example_dags/example_kubernetes_executor.py for tasks to queue
[2026-06-21T22:11:28.171+0300] {logging_mixin.py:188} INFO - [2026-06-21T22:11:28.169+0300] {dagbag.py:540} INFO - Filling up the DagBag from /media/data/omar/programming course/DEPI/DEPI project/anomx/venv/lib/python3.12/site-packages/airflow/example_dags/example_kubernetes_executor.py
[2026-06-21T22:11:28.176+0300] {logging_mixin.py:188} INFO - [2026-06-21T22:11:28.176+0300] {example_kubernetes_executor.py:39} WARNING - The example_kubernetes_executor example DAG requires the kubernetes provider. Please install it with: pip install apache-airflow[cncf.kubernetes]
[2026-06-21T22:11:28.177+0300] {processor.py:842} WARNING - No viable dags retrieved from /media/data/omar/programming course/DEPI/DEPI project/anomx/venv/lib/python3.12/site-packages/airflow/example_dags/example_kubernetes_executor.py
[2026-06-21T22:11:28.191+0300] {processor.py:183} INFO - Processing /media/data/omar/programming course/DEPI/DEPI project/anomx/venv/lib/python3.12/site-packages/airflow/example_dags/example_kubernetes_executor.py took 0.033 seconds
[2026-06-21T22:12:18.637+0300] {processor.py:161} INFO - Started process (PID=18924) to work on /media/data/omar/programming course/DEPI/DEPI project/anomx/venv/lib/python3.12/site-packages/airflow/example_dags/example_kubernetes_executor.py
[2026-06-21T22:12:18.638+0300] {processor.py:830} INFO - Processing file /media/data/omar/programming course/DEPI/DEPI project/anomx/venv/lib/python3.12/site-packages/airflow/example_dags/example_kubernetes_executor.py for tasks to queue
[2026-06-21T22:12:18.640+0300] {logging_mixin.py:188} INFO - [2026-06-21T22:12:18.639+0300] {dagbag.py:540} INFO - Filling up the DagBag from /media/data/omar/programming course/DEPI/DEPI project/anomx/venv/lib/python3.12/site-packages/airflow/example_dags/example_kubernetes_executor.py
[2026-06-21T22:12:18.644+0300] {logging_mixin.py:188} INFO - [2026-06-21T22:12:18.643+0300] {example_kubernetes_executor.py:39} WARNING - The example_kubernetes_executor example DAG requires the kubernetes provider. Please install it with: pip install apache-airflow[cncf.kubernetes]
[2026-06-21T22:12:18.644+0300] {processor.py:842} WARNING - No viable dags retrieved from /media/data/omar/programming course/DEPI/DEPI project/anomx/venv/lib/python3.12/site-packages/airflow/example_dags/example_kubernetes_executor.py
[2026-06-21T22:12:18.657+0300] {processor.py:183} INFO - Processing /media/data/omar/programming course/DEPI/DEPI project/anomx/venv/lib/python3.12/site-packages/airflow/example_dags/example_kubernetes_executor.py took 0.026 seconds
[2026-06-21T22:14:02.167+0300] {processor.py:161} INFO - Started process (PID=19138) to work on /media/data/omar/programming course/DEPI/DEPI project/anomx/venv/lib/python3.12/site-packages/airflow/example_dags/example_kubernetes_executor.py
[2026-06-21T22:14:02.168+0300] {processor.py:830} INFO - Processing file /media/data/omar/programming course/DEPI/DEPI project/anomx/venv/lib/python3.12/site-packages/airflow/example_dags/example_kubernetes_executor.py for tasks to queue
[2026-06-21T22:14:02.170+0300] {logging_mixin.py:188} INFO - [2026-06-21T22:14:02.170+0300] {dagbag.py:540} INFO - Filling up the DagBag from /media/data/omar/programming course/DEPI/DEPI project/anomx/venv/lib/python3.12/site-packages/airflow/example_dags/example_kubernetes_executor.py
[2026-06-21T22:14:02.175+0300] {logging_mixin.py:188} INFO - [2026-06-21T22:14:02.175+0300] {example_kubernetes_executor.py:39} WARNING - The example_kubernetes_executor example DAG requires the kubernetes provider. Please install it with: pip install apache-airflow[cncf.kubernetes]
[2026-06-21T22:14:02.176+0300] {processor.py:842} WARNING - No viable dags retrieved from /media/data/omar/programming course/DEPI/DEPI project/anomx/venv/lib/python3.12/site-packages/airflow/example_dags/example_kubernetes_executor.py
[2026-06-21T22:14:02.186+0300] {processor.py:183} INFO - Processing /media/data/omar/programming course/DEPI/DEPI project/anomx/venv/lib/python3.12/site-packages/airflow/example_dags/example_kubernetes_executor.py took 0.025 seconds
[2026-06-21T22:15:00.070+0300] {processor.py:161} INFO - Started process (PID=19247) to work on /media/data/omar/programming course/DEPI/DEPI project/anomx/venv/lib/python3.12/site-packages/airflow/example_dags/example_kubernetes_executor.py
[2026-06-21T22:15:00.071+0300] {processor.py:830} INFO - Processing file /media/data/omar/programming course/DEPI/DEPI project/anomx/venv/lib/python3.12/site-packages/airflow/example_dags/example_kubernetes_executor.py for tasks to queue
[2026-06-21T22:15:00.074+0300] {logging_mixin.py:188} INFO - [2026-06-21T22:15:00.073+0300] {dagbag.py:540} INFO - Filling up the DagBag from /media/data/omar/programming course/DEPI/DEPI project/anomx/venv/lib/python3.12/site-packages/airflow/example_dags/example_kubernetes_executor.py
[2026-06-21T22:15:00.080+0300] {logging_mixin.py:188} INFO - [2026-06-21T22:15:00.079+0300] {example_kubernetes_executor.py:39} WARNING - The example_kubernetes_executor example DAG requires the kubernetes provider. Please install it with: pip install apache-airflow[cncf.kubernetes]
[2026-06-21T22:15:00.080+0300] {processor.py:842} WARNING - No viable dags retrieved from /media/data/omar/programming course/DEPI/DEPI project/anomx/venv/lib/python3.12/site-packages/airflow/example_dags/example_kubernetes_executor.py
[2026-06-21T22:15:00.095+0300] {processor.py:183} INFO - Processing /media/data/omar/programming course/DEPI/DEPI project/anomx/venv/lib/python3.12/site-packages/airflow/example_dags/example_kubernetes_executor.py took 0.033 seconds
[2026-06-21T22:15:56.353+0300] {processor.py:161} INFO - Started process (PID=19608) to work on /media/data/omar/programming course/DEPI/DEPI project/anomx/venv/lib/python3.12/site-packages/airflow/example_dags/example_kubernetes_executor.py
[2026-06-21T22:15:56.355+0300] {processor.py:830} INFO - Processing file /media/data/omar/programming course/DEPI/DEPI project/anomx/venv/lib/python3.12/site-packages/airflow/example_dags/example_kubernetes_executor.py for tasks to queue
[2026-06-21T22:15:56.358+0300] {logging_mixin.py:188} INFO - [2026-06-21T22:15:56.357+0300] {dagbag.py:540} INFO - Filling up the DagBag from /media/data/omar/programming course/DEPI/DEPI project/anomx/venv/lib/python3.12/site-packages/airflow/example_dags/example_kubernetes_executor.py
[2026-06-21T22:15:56.365+0300] {logging_mixin.py:188} INFO - [2026-06-21T22:15:56.364+0300] {example_kubernetes_executor.py:39} WARNING - The example_kubernetes_executor example DAG requires the kubernetes provider. Please install it with: pip install apache-airflow[cncf.kubernetes]
[2026-06-21T22:15:56.365+0300] {processor.py:842} WARNING - No viable dags retrieved from /media/data/omar/programming course/DEPI/DEPI project/anomx/venv/lib/python3.12/site-packages/airflow/example_dags/example_kubernetes_executor.py
[2026-06-21T22:15:56.381+0300] {processor.py:183} INFO - Processing /media/data/omar/programming course/DEPI/DEPI project/anomx/venv/lib/python3.12/site-packages/airflow/example_dags/example_kubernetes_executor.py took 0.039 seconds
[2026-06-21T22:16:53.794+0300] {processor.py:161} INFO - Started process (PID=19737) to work on /media/data/omar/programming course/DEPI/DEPI project/anomx/venv/lib/python3.12/site-packages/airflow/example_dags/example_kubernetes_executor.py
[2026-06-21T22:16:53.797+0300] {processor.py:830} INFO - Processing file /media/data/omar/programming course/DEPI/DEPI project/anomx/venv/lib/python3.12/site-packages/airflow/example_dags/example_kubernetes_executor.py for tasks to queue
[2026-06-21T22:16:53.803+0300] {logging_mixin.py:188} INFO - [2026-06-21T22:16:53.801+0300] {dagbag.py:540} INFO - Filling up the DagBag from /media/data/omar/programming course/DEPI/DEPI project/anomx/venv/lib/python3.12/site-packages/airflow/example_dags/example_kubernetes_executor.py
[2026-06-21T22:16:53.819+0300] {logging_mixin.py:188} INFO - [2026-06-21T22:16:53.818+0300] {example_kubernetes_executor.py:39} WARNING - The example_kubernetes_executor example DAG requires the kubernetes provider. Please install it with: pip install apache-airflow[cncf.kubernetes]
[2026-06-21T22:16:53.821+0300] {processor.py:842} WARNING - No viable dags retrieved from /media/data/omar/programming course/DEPI/DEPI project/anomx/venv/lib/python3.12/site-packages/airflow/example_dags/example_kubernetes_executor.py
[2026-06-21T22:16:53.859+0300] {processor.py:183} INFO - Processing /media/data/omar/programming course/DEPI/DEPI project/anomx/venv/lib/python3.12/site-packages/airflow/example_dags/example_kubernetes_executor.py took 0.085 seconds
[2026-06-21T22:17:54.060+0300] {processor.py:161} INFO - Started process (PID=19902) to work on /media/data/omar/programming course/DEPI/DEPI project/anomx/venv/lib/python3.12/site-packages/airflow/example_dags/example_kubernetes_executor.py
[2026-06-21T22:17:54.062+0300] {processor.py:830} INFO - Processing file /media/data/omar/programming course/DEPI/DEPI project/anomx/venv/lib/python3.12/site-packages/airflow/example_dags/example_kubernetes_executor.py for tasks to queue
[2026-06-21T22:17:54.064+0300] {logging_mixin.py:188} INFO - [2026-06-21T22:17:54.064+0300] {dagbag.py:540} INFO - Filling up the DagBag from /media/data/omar/programming course/DEPI/DEPI project/anomx/venv/lib/python3.12/site-packages/airflow/example_dags/example_kubernetes_executor.py
[2026-06-21T22:17:54.068+0300] {logging_mixin.py:188} INFO - [2026-06-21T22:17:54.068+0300] {example_kubernetes_executor.py:39} WARNING - The example_kubernetes_executor example DAG requires the kubernetes provider. Please install it with: pip install apache-airflow[cncf.kubernetes]
[2026-06-21T22:17:54.069+0300] {processor.py:842} WARNING - No viable dags retrieved from /media/data/omar/programming course/DEPI/DEPI project/anomx/venv/lib/python3.12/site-packages/airflow/example_dags/example_kubernetes_executor.py
[2026-06-21T22:17:54.085+0300] {processor.py:183} INFO - Processing /media/data/omar/programming course/DEPI/DEPI project/anomx/venv/lib/python3.12/site-packages/airflow/example_dags/example_kubernetes_executor.py took 0.036 seconds
[2026-06-21T22:18:51.271+0300] {processor.py:161} INFO - Started process (PID=19995) to work on /media/data/omar/programming course/DEPI/DEPI project/anomx/venv/lib/python3.12/site-packages/airflow/example_dags/example_kubernetes_executor.py
[2026-06-21T22:18:51.272+0300] {processor.py:830} INFO - Processing file /media/data/omar/programming course/DEPI/DEPI project/anomx/venv/lib/python3.12/site-packages/airflow/example_dags/example_kubernetes_executor.py for tasks to queue
[2026-06-21T22:18:51.274+0300] {logging_mixin.py:188} INFO - [2026-06-21T22:18:51.273+0300] {dagbag.py:540} INFO - Filling up the DagBag from /media/data/omar/programming course/DEPI/DEPI project/anomx/venv/lib/python3.12/site-packages/airflow/example_dags/example_kubernetes_executor.py
[2026-06-21T22:18:51.277+0300] {logging_mixin.py:188} INFO - [2026-06-21T22:18:51.277+0300] {example_kubernetes_executor.py:39} WARNING - The example_kubernetes_executor example DAG requires the kubernetes provider. Please install it with: pip install apache-airflow[cncf.kubernetes]
[2026-06-21T22:18:51.278+0300] {processor.py:842} WARNING - No viable dags retrieved from /media/data/omar/programming course/DEPI/DEPI project/anomx/venv/lib/python3.12/site-packages/airflow/example_dags/example_kubernetes_executor.py
[2026-06-21T22:18:51.287+0300] {processor.py:183} INFO - Processing /media/data/omar/programming course/DEPI/DEPI project/anomx/venv/lib/python3.12/site-packages/airflow/example_dags/example_kubernetes_executor.py took 0.021 seconds
[2026-06-21T22:19:48.029+0300] {processor.py:161} INFO - Started process (PID=20106) to work on /media/data/omar/programming course/DEPI/DEPI project/anomx/venv/lib/python3.12/site-packages/airflow/example_dags/example_kubernetes_executor.py
[2026-06-21T22:19:48.031+0300] {processor.py:830} INFO - Processing file /media/data/omar/programming course/DEPI/DEPI project/anomx/venv/lib/python3.12/site-packages/airflow/example_dags/example_kubernetes_executor.py for tasks to queue
[2026-06-21T22:19:48.036+0300] {logging_mixin.py:188} INFO - [2026-06-21T22:19:48.035+0300] {dagbag.py:540} INFO - Filling up the DagBag from /media/data/omar/programming course/DEPI/DEPI project/anomx/venv/lib/python3.12/site-packages/airflow/example_dags/example_kubernetes_executor.py
[2026-06-21T22:19:48.045+0300] {logging_mixin.py:188} INFO - [2026-06-21T22:19:48.045+0300] {example_kubernetes_executor.py:39} WARNING - The example_kubernetes_executor example DAG requires the kubernetes provider. Please install it with: pip install apache-airflow[cncf.kubernetes]
[2026-06-21T22:19:48.047+0300] {processor.py:842} WARNING - No viable dags retrieved from /media/data/omar/programming course/DEPI/DEPI project/anomx/venv/lib/python3.12/site-packages/airflow/example_dags/example_kubernetes_executor.py
[2026-06-21T22:19:48.061+0300] {processor.py:183} INFO - Processing /media/data/omar/programming course/DEPI/DEPI project/anomx/venv/lib/python3.12/site-packages/airflow/example_dags/example_kubernetes_executor.py took 0.044 seconds
[2026-06-21T22:21:21.133+0300] {processor.py:161} INFO - Started process (PID=20265) to work on /media/data/omar/programming course/DEPI/DEPI project/anomx/venv/lib/python3.12/site-packages/airflow/example_dags/example_kubernetes_executor.py
[2026-06-21T22:21:21.135+0300] {processor.py:830} INFO - Processing file /media/data/omar/programming course/DEPI/DEPI project/anomx/venv/lib/python3.12/site-packages/airflow/example_dags/example_kubernetes_executor.py for tasks to queue
[2026-06-21T22:21:21.139+0300] {logging_mixin.py:188} INFO - [2026-06-21T22:21:21.138+0300] {dagbag.py:540} INFO - Filling up the DagBag from /media/data/omar/programming course/DEPI/DEPI project/anomx/venv/lib/python3.12/site-packages/airflow/example_dags/example_kubernetes_executor.py
[2026-06-21T22:21:21.146+0300] {logging_mixin.py:188} INFO - [2026-06-21T22:21:21.146+0300] {example_kubernetes_executor.py:39} WARNING - The example_kubernetes_executor example DAG requires the kubernetes provider. Please install it with: pip install apache-airflow[cncf.kubernetes]
[2026-06-21T22:21:21.147+0300] {processor.py:842} WARNING - No viable dags retrieved from /media/data/omar/programming course/DEPI/DEPI project/anomx/venv/lib/python3.12/site-packages/airflow/example_dags/example_kubernetes_executor.py
[2026-06-21T22:21:21.159+0300] {processor.py:183} INFO - Processing /media/data/omar/programming course/DEPI/DEPI project/anomx/venv/lib/python3.12/site-packages/airflow/example_dags/example_kubernetes_executor.py took 0.042 seconds
[2026-06-21T22:23:33.265+0300] {processor.py:161} INFO - Started process (PID=20494) to work on /media/data/omar/programming course/DEPI/DEPI project/anomx/venv/lib/python3.12/site-packages/airflow/example_dags/example_kubernetes_executor.py
[2026-06-21T22:23:33.266+0300] {processor.py:830} INFO - Processing file /media/data/omar/programming course/DEPI/DEPI project/anomx/venv/lib/python3.12/site-packages/airflow/example_dags/example_kubernetes_executor.py for tasks to queue
[2026-06-21T22:23:33.268+0300] {logging_mixin.py:188} INFO - [2026-06-21T22:23:33.267+0300] {dagbag.py:540} INFO - Filling up the DagBag from /media/data/omar/programming course/DEPI/DEPI project/anomx/venv/lib/python3.12/site-packages/airflow/example_dags/example_kubernetes_executor.py
[2026-06-21T22:23:33.273+0300] {logging_mixin.py:188} INFO - [2026-06-21T22:23:33.272+0300] {example_kubernetes_executor.py:39} WARNING - The example_kubernetes_executor example DAG requires the kubernetes provider. Please install it with: pip install apache-airflow[cncf.kubernetes]
[2026-06-21T22:23:33.273+0300] {processor.py:842} WARNING - No viable dags retrieved from /media/data/omar/programming course/DEPI/DEPI project/anomx/venv/lib/python3.12/site-packages/airflow/example_dags/example_kubernetes_executor.py
[2026-06-21T22:23:33.290+0300] {processor.py:183} INFO - Processing /media/data/omar/programming course/DEPI/DEPI project/anomx/venv/lib/python3.12/site-packages/airflow/example_dags/example_kubernetes_executor.py took 0.033 seconds
[2026-06-21T22:24:30.269+0300] {processor.py:161} INFO - Started process (PID=20587) to work on /media/data/omar/programming course/DEPI/DEPI project/anomx/venv/lib/python3.12/site-packages/airflow/example_dags/example_kubernetes_executor.py
[2026-06-21T22:24:30.270+0300] {processor.py:830} INFO - Processing file /media/data/omar/programming course/DEPI/DEPI project/anomx/venv/lib/python3.12/site-packages/airflow/example_dags/example_kubernetes_executor.py for tasks to queue
[2026-06-21T22:24:30.272+0300] {logging_mixin.py:188} INFO - [2026-06-21T22:24:30.271+0300] {dagbag.py:540} INFO - Filling up the DagBag from /media/data/omar/programming course/DEPI/DEPI project/anomx/venv/lib/python3.12/site-packages/airflow/example_dags/example_kubernetes_executor.py
[2026-06-21T22:24:30.276+0300] {logging_mixin.py:188} INFO - [2026-06-21T22:24:30.276+0300] {example_kubernetes_executor.py:39} WARNING - The example_kubernetes_executor example DAG requires the kubernetes provider. Please install it with: pip install apache-airflow[cncf.kubernetes]
[2026-06-21T22:24:30.277+0300] {processor.py:842} WARNING - No viable dags retrieved from /media/data/omar/programming course/DEPI/DEPI project/anomx/venv/lib/python3.12/site-packages/airflow/example_dags/example_kubernetes_executor.py
[2026-06-21T22:24:30.287+0300] {processor.py:183} INFO - Processing /media/data/omar/programming course/DEPI/DEPI project/anomx/venv/lib/python3.12/site-packages/airflow/example_dags/example_kubernetes_executor.py took 0.024 seconds
[2026-06-21T22:48:20.826+0300] {processor.py:161} INFO - Started process (PID=22156) to work on /media/data/omar/programming course/DEPI/DEPI project/anomx/venv/lib/python3.12/site-packages/airflow/example_dags/example_kubernetes_executor.py
[2026-06-21T22:48:20.828+0300] {processor.py:830} INFO - Processing file /media/data/omar/programming course/DEPI/DEPI project/anomx/venv/lib/python3.12/site-packages/airflow/example_dags/example_kubernetes_executor.py for tasks to queue
[2026-06-21T22:48:20.831+0300] {logging_mixin.py:188} INFO - [2026-06-21T22:48:20.830+0300] {dagbag.py:540} INFO - Filling up the DagBag from /media/data/omar/programming course/DEPI/DEPI project/anomx/venv/lib/python3.12/site-packages/airflow/example_dags/example_kubernetes_executor.py
[2026-06-21T22:48:20.836+0300] {logging_mixin.py:188} INFO - [2026-06-21T22:48:20.836+0300] {example_kubernetes_executor.py:39} WARNING - The example_kubernetes_executor example DAG requires the kubernetes provider. Please install it with: pip install apache-airflow[cncf.kubernetes]
[2026-06-21T22:48:20.836+0300] {processor.py:842} WARNING - No viable dags retrieved from /media/data/omar/programming course/DEPI/DEPI project/anomx/venv/lib/python3.12/site-packages/airflow/example_dags/example_kubernetes_executor.py
[2026-06-21T22:48:20.848+0300] {processor.py:183} INFO - Processing /media/data/omar/programming course/DEPI/DEPI project/anomx/venv/lib/python3.12/site-packages/airflow/example_dags/example_kubernetes_executor.py took 0.035 seconds
[2026-06-21T22:49:19.372+0300] {processor.py:161} INFO - Started process (PID=22248) to work on /media/data/omar/programming course/DEPI/DEPI project/anomx/venv/lib/python3.12/site-packages/airflow/example_dags/example_kubernetes_executor.py
[2026-06-21T22:49:19.373+0300] {processor.py:830} INFO - Processing file /media/data/omar/programming course/DEPI/DEPI project/anomx/venv/lib/python3.12/site-packages/airflow/example_dags/example_kubernetes_executor.py for tasks to queue
[2026-06-21T22:49:19.375+0300] {logging_mixin.py:188} INFO - [2026-06-21T22:49:19.375+0300] {dagbag.py:540} INFO - Filling up the DagBag from /media/data/omar/programming course/DEPI/DEPI project/anomx/venv/lib/python3.12/site-packages/airflow/example_dags/example_kubernetes_executor.py
[2026-06-21T22:49:19.381+0300] {logging_mixin.py:188} INFO - [2026-06-21T22:49:19.380+0300] {example_kubernetes_executor.py:39} WARNING - The example_kubernetes_executor example DAG requires the kubernetes provider. Please install it with: pip install apache-airflow[cncf.kubernetes]
[2026-06-21T22:49:19.381+0300] {processor.py:842} WARNING - No viable dags retrieved from /media/data/omar/programming course/DEPI/DEPI project/anomx/venv/lib/python3.12/site-packages/airflow/example_dags/example_kubernetes_executor.py
[2026-06-21T22:49:19.393+0300] {processor.py:183} INFO - Processing /media/data/omar/programming course/DEPI/DEPI project/anomx/venv/lib/python3.12/site-packages/airflow/example_dags/example_kubernetes_executor.py took 0.028 seconds
[2026-06-21T22:50:17.176+0300] {processor.py:161} INFO - Started process (PID=22340) to work on /media/data/omar/programming course/DEPI/DEPI project/anomx/venv/lib/python3.12/site-packages/airflow/example_dags/example_kubernetes_executor.py
[2026-06-21T22:50:17.177+0300] {processor.py:830} INFO - Processing file /media/data/omar/programming course/DEPI/DEPI project/anomx/venv/lib/python3.12/site-packages/airflow/example_dags/example_kubernetes_executor.py for tasks to queue
[2026-06-21T22:50:17.180+0300] {logging_mixin.py:188} INFO - [2026-06-21T22:50:17.179+0300] {dagbag.py:540} INFO - Filling up the DagBag from /media/data/omar/programming course/DEPI/DEPI project/anomx/venv/lib/python3.12/site-packages/airflow/example_dags/example_kubernetes_executor.py
[2026-06-21T22:50:17.186+0300] {logging_mixin.py:188} INFO - [2026-06-21T22:50:17.185+0300] {example_kubernetes_executor.py:39} WARNING - The example_kubernetes_executor example DAG requires the kubernetes provider. Please install it with: pip install apache-airflow[cncf.kubernetes]
[2026-06-21T22:50:17.186+0300] {processor.py:842} WARNING - No viable dags retrieved from /media/data/omar/programming course/DEPI/DEPI project/anomx/venv/lib/python3.12/site-packages/airflow/example_dags/example_kubernetes_executor.py
[2026-06-21T22:50:17.200+0300] {processor.py:183} INFO - Processing /media/data/omar/programming course/DEPI/DEPI project/anomx/venv/lib/python3.12/site-packages/airflow/example_dags/example_kubernetes_executor.py took 0.035 seconds
[2026-06-21T22:51:17.038+0300] {processor.py:161} INFO - Started process (PID=22602) to work on /media/data/omar/programming course/DEPI/DEPI project/anomx/venv/lib/python3.12/site-packages/airflow/example_dags/example_kubernetes_executor.py
[2026-06-21T22:51:17.039+0300] {processor.py:830} INFO - Processing file /media/data/omar/programming course/DEPI/DEPI project/anomx/venv/lib/python3.12/site-packages/airflow/example_dags/example_kubernetes_executor.py for tasks to queue
[2026-06-21T22:51:17.045+0300] {logging_mixin.py:188} INFO - [2026-06-21T22:51:17.043+0300] {dagbag.py:540} INFO - Filling up the DagBag from /media/data/omar/programming course/DEPI/DEPI project/anomx/venv/lib/python3.12/site-packages/airflow/example_dags/example_kubernetes_executor.py
[2026-06-21T22:51:17.051+0300] {logging_mixin.py:188} INFO - [2026-06-21T22:51:17.051+0300] {example_kubernetes_executor.py:39} WARNING - The example_kubernetes_executor example DAG requires the kubernetes provider. Please install it with: pip install apache-airflow[cncf.kubernetes]
[2026-06-21T22:51:17.052+0300] {processor.py:842} WARNING - No viable dags retrieved from /media/data/omar/programming course/DEPI/DEPI project/anomx/venv/lib/python3.12/site-packages/airflow/example_dags/example_kubernetes_executor.py
[2026-06-21T22:51:17.072+0300] {processor.py:183} INFO - Processing /media/data/omar/programming course/DEPI/DEPI project/anomx/venv/lib/python3.12/site-packages/airflow/example_dags/example_kubernetes_executor.py took 0.042 seconds
