[2026-06-21T21:38:46.242+0300] {processor.py:161} INFO - Started process (PID=15081) to work on /media/data/omar/programming course/DEPI/DEPI project/anomx/venv/lib/python3.12/site-packages/airflow/example_dags/tutorial.py
[2026-06-21T21:38:46.243+0300] {processor.py:830} INFO - Processing file /media/data/omar/programming course/DEPI/DEPI project/anomx/venv/lib/python3.12/site-packages/airflow/example_dags/tutorial.py for tasks to queue
[2026-06-21T21:38:46.245+0300] {logging_mixin.py:188} INFO - [2026-06-21T21:38:46.245+0300] {dagbag.py:540} INFO - Filling up the DagBag from /media/data/omar/programming course/DEPI/DEPI project/anomx/venv/lib/python3.12/site-packages/airflow/example_dags/tutorial.py
[2026-06-21T21:38:46.264+0300] {processor.py:840} INFO - DAG(s) 'tutorial' retrieved from /media/data/omar/programming course/DEPI/DEPI project/anomx/venv/lib/python3.12/site-packages/airflow/example_dags/tutorial.py
[2026-06-21T21:38:46.509+0300] {logging_mixin.py:188} INFO - [2026-06-21T21:38:46.509+0300] {override.py:1829} INFO - Created Permission View: can edit on DAG:tutorial
[2026-06-21T21:38:46.527+0300] {logging_mixin.py:188} INFO - [2026-06-21T21:38:46.527+0300] {override.py:1829} INFO - Created Permission View: can read on DAG:tutorial
[2026-06-21T21:38:46.542+0300] {logging_mixin.py:188} INFO - [2026-06-21T21:38:46.542+0300] {override.py:1829} INFO - Created Permission View: can delete on DAG:tutorial
[2026-06-21T21:38:46.543+0300] {logging_mixin.py:188} INFO - [2026-06-21T21:38:46.543+0300] {dag.py:3096} INFO - Sync 1 DAGs
[2026-06-21T21:38:46.553+0300] {logging_mixin.py:188} INFO - [2026-06-21T21:38:46.552+0300] {dag.py:3118} INFO - Creating ORM DAG for tutorial
[2026-06-21T21:38:46.563+0300] {logging_mixin.py:188} INFO - [2026-06-21T21:38:46.562+0300] {dag.py:3954} INFO - Setting next_dagrun for tutorial to 2026-06-20 00:00:00+00:00, run_after=2026-06-21 00:00:00+00:00
[2026-06-21T21:38:46.590+0300] {processor.py:183} INFO - Processing /media/data/omar/programming course/DEPI/DEPI project/anomx/venv/lib/python3.12/site-packages/airflow/example_dags/tutorial.py took 0.363 seconds
[2026-06-21T21:39:53.984+0300] {processor.py:161} INFO - Started process (PID=15176) to work on /media/data/omar/programming course/DEPI/DEPI project/anomx/venv/lib/python3.12/site-packages/airflow/example_dags/tutorial.py
[2026-06-21T21:39:53.985+0300] {processor.py:830} INFO - Processing file /media/data/omar/programming course/DEPI/DEPI project/anomx/venv/lib/python3.12/site-packages/airflow/example_dags/tutorial.py for tasks to queue
[2026-06-21T21:39:53.989+0300] {logging_mixin.py:188} INFO - [2026-06-21T21:39:53.988+0300] {dagbag.py:540} INFO - Filling up the DagBag from /media/data/omar/programming course/DEPI/DEPI project/anomx/venv/lib/python3.12/site-packages/airflow/example_dags/tutorial.py
[2026-06-21T21:39:54.002+0300] {processor.py:840} INFO - DAG(s) 'tutorial' retrieved from /media/data/omar/programming course/DEPI/DEPI project/anomx/venv/lib/python3.12/site-packages/airflow/example_dags/tutorial.py
[2026-06-21T21:39:54.026+0300] {logging_mixin.py:188} INFO - [2026-06-21T21:39:54.025+0300] {dag.py:3096} INFO - Sync 1 DAGs
[2026-06-21T21:39:54.045+0300] {logging_mixin.py:188} INFO - [2026-06-21T21:39:54.044+0300] {dag.py:3954} INFO - Setting next_dagrun for tutorial to 2026-06-20 00:00:00+00:00, run_after=2026-06-21 00:00:00+00:00
[2026-06-21T21:39:54.075+0300] {processor.py:183} INFO - Processing /media/data/omar/programming course/DEPI/DEPI project/anomx/venv/lib/python3.12/site-packages/airflow/example_dags/tutorial.py took 0.102 seconds
[2026-06-21T21:40:53.768+0300] {processor.py:161} INFO - Started process (PID=15274) to work on /media/data/omar/programming course/DEPI/DEPI project/anomx/venv/lib/python3.12/site-packages/airflow/example_dags/tutorial.py
[2026-06-21T21:40:53.770+0300] {processor.py:830} INFO - Processing file /media/data/omar/programming course/DEPI/DEPI project/anomx/venv/lib/python3.12/site-packages/airflow/example_dags/tutorial.py for tasks to queue
[2026-06-21T21:40:53.774+0300] {logging_mixin.py:188} INFO - [2026-06-21T21:40:53.773+0300] {dagbag.py:540} INFO - Filling up the DagBag from /media/data/omar/programming course/DEPI/DEPI project/anomx/venv/lib/python3.12/site-packages/airflow/example_dags/tutorial.py
[2026-06-21T21:40:53.789+0300] {processor.py:840} INFO - DAG(s) 'tutorial' retrieved from /media/data/omar/programming course/DEPI/DEPI project/anomx/venv/lib/python3.12/site-packages/airflow/example_dags/tutorial.py
[2026-06-21T21:40:53.806+0300] {logging_mixin.py:188} INFO - [2026-06-21T21:40:53.806+0300] {dag.py:3096} INFO - Sync 1 DAGs
[2026-06-21T21:40:53.824+0300] {logging_mixin.py:188} INFO - [2026-06-21T21:40:53.823+0300] {dag.py:3954} INFO - Setting next_dagrun for tutorial to 2026-06-20 00:00:00+00:00, run_after=2026-06-21 00:00:00+00:00
[2026-06-21T21:40:53.855+0300] {processor.py:183} INFO - Processing /media/data/omar/programming course/DEPI/DEPI project/anomx/venv/lib/python3.12/site-packages/airflow/example_dags/tutorial.py took 0.102 seconds
[2026-06-21T21:41:55.420+0300] {processor.py:161} INFO - Started process (PID=15409) to work on /media/data/omar/programming course/DEPI/DEPI project/anomx/venv/lib/python3.12/site-packages/airflow/example_dags/tutorial.py
[2026-06-21T21:41:55.421+0300] {processor.py:830} INFO - Processing file /media/data/omar/programming course/DEPI/DEPI project/anomx/venv/lib/python3.12/site-packages/airflow/example_dags/tutorial.py for tasks to queue
[2026-06-21T21:41:55.423+0300] {logging_mixin.py:188} INFO - [2026-06-21T21:41:55.423+0300] {dagbag.py:540} INFO - Filling up the DagBag from /media/data/omar/programming course/DEPI/DEPI project/anomx/venv/lib/python3.12/site-packages/airflow/example_dags/tutorial.py
[2026-06-21T21:41:55.440+0300] {processor.py:840} INFO - DAG(s) 'tutorial' retrieved from /media/data/omar/programming course/DEPI/DEPI project/anomx/venv/lib/python3.12/site-packages/airflow/example_dags/tutorial.py
[2026-06-21T21:41:55.482+0300] {logging_mixin.py:188} INFO - [2026-06-21T21:41:55.482+0300] {dag.py:3096} INFO - Sync 1 DAGs
[2026-06-21T21:41:55.536+0300] {logging_mixin.py:188} INFO - [2026-06-21T21:41:55.535+0300] {dag.py:3954} INFO - Setting next_dagrun for tutorial to 2026-06-20 00:00:00+00:00, run_after=2026-06-21 00:00:00+00:00
[2026-06-21T21:41:55.617+0300] {processor.py:183} INFO - Processing /media/data/omar/programming course/DEPI/DEPI project/anomx/venv/lib/python3.12/site-packages/airflow/example_dags/tutorial.py took 0.210 seconds
[2026-06-21T21:43:02.807+0300] {processor.py:161} INFO - Started process (PID=15629) to work on /media/data/omar/programming course/DEPI/DEPI project/anomx/venv/lib/python3.12/site-packages/airflow/example_dags/tutorial.py
[2026-06-21T21:43:02.809+0300] {processor.py:830} INFO - Processing file /media/data/omar/programming course/DEPI/DEPI project/anomx/venv/lib/python3.12/site-packages/airflow/example_dags/tutorial.py for tasks to queue
[2026-06-21T21:43:02.819+0300] {logging_mixin.py:188} INFO - [2026-06-21T21:43:02.816+0300] {dagbag.py:540} INFO - Filling up the DagBag from /media/data/omar/programming course/DEPI/DEPI project/anomx/venv/lib/python3.12/site-packages/airflow/example_dags/tutorial.py
[2026-06-21T21:43:02.840+0300] {processor.py:840} INFO - DAG(s) 'tutorial' retrieved from /media/data/omar/programming course/DEPI/DEPI project/anomx/venv/lib/python3.12/site-packages/airflow/example_dags/tutorial.py
[2026-06-21T21:43:02.912+0300] {logging_mixin.py:188} INFO - [2026-06-21T21:43:02.911+0300] {dag.py:3096} INFO - Sync 1 DAGs
[2026-06-21T21:43:02.968+0300] {logging_mixin.py:188} INFO - [2026-06-21T21:43:02.967+0300] {dag.py:3954} INFO - Setting next_dagrun for tutorial to 2026-06-20 00:00:00+00:00, run_after=2026-06-21 00:00:00+00:00
[2026-06-21T21:43:03.004+0300] {processor.py:183} INFO - Processing /media/data/omar/programming course/DEPI/DEPI project/anomx/venv/lib/python3.12/site-packages/airflow/example_dags/tutorial.py took 0.212 seconds
[2026-06-21T21:44:02.365+0300] {processor.py:161} INFO - Started process (PID=15742) to work on /media/data/omar/programming course/DEPI/DEPI project/anomx/venv/lib/python3.12/site-packages/airflow/example_dags/tutorial.py
[2026-06-21T21:44:02.367+0300] {processor.py:830} INFO - Processing file /media/data/omar/programming course/DEPI/DEPI project/anomx/venv/lib/python3.12/site-packages/airflow/example_dags/tutorial.py for tasks to queue
[2026-06-21T21:44:02.369+0300] {logging_mixin.py:188} INFO - [2026-06-21T21:44:02.368+0300] {dagbag.py:540} INFO - Filling up the DagBag from /media/data/omar/programming course/DEPI/DEPI project/anomx/venv/lib/python3.12/site-packages/airflow/example_dags/tutorial.py
[2026-06-21T21:44:02.377+0300] {processor.py:840} INFO - DAG(s) 'tutorial' retrieved from /media/data/omar/programming course/DEPI/DEPI project/anomx/venv/lib/python3.12/site-packages/airflow/example_dags/tutorial.py
[2026-06-21T21:44:02.394+0300] {logging_mixin.py:188} INFO - [2026-06-21T21:44:02.393+0300] {dag.py:3096} INFO - Sync 1 DAGs
[2026-06-21T21:44:02.412+0300] {logging_mixin.py:188} INFO - [2026-06-21T21:44:02.412+0300] {dag.py:3954} INFO - Setting next_dagrun for tutorial to 2026-06-20 00:00:00+00:00, run_after=2026-06-21 00:00:00+00:00
[2026-06-21T21:44:02.444+0300] {processor.py:183} INFO - Processing /media/data/omar/programming course/DEPI/DEPI project/anomx/venv/lib/python3.12/site-packages/airflow/example_dags/tutorial.py took 0.088 seconds
[2026-06-21T21:46:07.350+0300] {processor.py:161} INFO - Started process (PID=15986) to work on /media/data/omar/programming course/DEPI/DEPI project/anomx/venv/lib/python3.12/site-packages/airflow/example_dags/tutorial.py
[2026-06-21T21:46:07.352+0300] {processor.py:830} INFO - Processing file /media/data/omar/programming course/DEPI/DEPI project/anomx/venv/lib/python3.12/site-packages/airflow/example_dags/tutorial.py for tasks to queue
[2026-06-21T21:46:07.355+0300] {logging_mixin.py:188} INFO - [2026-06-21T21:46:07.354+0300] {dagbag.py:540} INFO - Filling up the DagBag from /media/data/omar/programming course/DEPI/DEPI project/anomx/venv/lib/python3.12/site-packages/airflow/example_dags/tutorial.py
[2026-06-21T21:46:07.364+0300] {processor.py:840} INFO - DAG(s) 'tutorial' retrieved from /media/data/omar/programming course/DEPI/DEPI project/anomx/venv/lib/python3.12/site-packages/airflow/example_dags/tutorial.py
[2026-06-21T21:46:07.381+0300] {logging_mixin.py:188} INFO - [2026-06-21T21:46:07.380+0300] {dag.py:3096} INFO - Sync 1 DAGs
[2026-06-21T21:46:07.400+0300] {logging_mixin.py:188} INFO - [2026-06-21T21:46:07.400+0300] {dag.py:3954} INFO - Setting next_dagrun for tutorial to 2026-06-20 00:00:00+00:00, run_after=2026-06-21 00:00:00+00:00
[2026-06-21T21:46:07.430+0300] {processor.py:183} INFO - Processing /media/data/omar/programming course/DEPI/DEPI project/anomx/venv/lib/python3.12/site-packages/airflow/example_dags/tutorial.py took 0.095 seconds
[2026-06-21T21:47:35.240+0300] {processor.py:161} INFO - Started process (PID=16152) to work on /media/data/omar/programming course/DEPI/DEPI project/anomx/venv/lib/python3.12/site-packages/airflow/example_dags/tutorial.py
[2026-06-21T21:47:35.245+0300] {processor.py:830} INFO - Processing file /media/data/omar/programming course/DEPI/DEPI project/anomx/venv/lib/python3.12/site-packages/airflow/example_dags/tutorial.py for tasks to queue
[2026-06-21T21:47:35.248+0300] {logging_mixin.py:188} INFO - [2026-06-21T21:47:35.248+0300] {dagbag.py:540} INFO - Filling up the DagBag from /media/data/omar/programming course/DEPI/DEPI project/anomx/venv/lib/python3.12/site-packages/airflow/example_dags/tutorial.py
[2026-06-21T21:47:35.268+0300] {processor.py:840} INFO - DAG(s) 'tutorial' retrieved from /media/data/omar/programming course/DEPI/DEPI project/anomx/venv/lib/python3.12/site-packages/airflow/example_dags/tutorial.py
[2026-06-21T21:47:35.318+0300] {logging_mixin.py:188} INFO - [2026-06-21T21:47:35.317+0300] {dag.py:3096} INFO - Sync 1 DAGs
[2026-06-21T21:47:35.363+0300] {logging_mixin.py:188} INFO - [2026-06-21T21:47:35.363+0300] {dag.py:3954} INFO - Setting next_dagrun for tutorial to 2026-06-20 00:00:00+00:00, run_after=2026-06-21 00:00:00+00:00
[2026-06-21T21:47:35.407+0300] {processor.py:183} INFO - Processing /media/data/omar/programming course/DEPI/DEPI project/anomx/venv/lib/python3.12/site-packages/airflow/example_dags/tutorial.py took 0.182 seconds
[2026-06-21T21:48:34.895+0300] {processor.py:161} INFO - Started process (PID=16244) to work on /media/data/omar/programming course/DEPI/DEPI project/anomx/venv/lib/python3.12/site-packages/airflow/example_dags/tutorial.py
[2026-06-21T21:48:34.896+0300] {processor.py:830} INFO - Processing file /media/data/omar/programming course/DEPI/DEPI project/anomx/venv/lib/python3.12/site-packages/airflow/example_dags/tutorial.py for tasks to queue
[2026-06-21T21:48:34.900+0300] {logging_mixin.py:188} INFO - [2026-06-21T21:48:34.899+0300] {dagbag.py:540} INFO - Filling up the DagBag from /media/data/omar/programming course/DEPI/DEPI project/anomx/venv/lib/python3.12/site-packages/airflow/example_dags/tutorial.py
[2026-06-21T21:48:34.910+0300] {processor.py:840} INFO - DAG(s) 'tutorial' retrieved from /media/data/omar/programming course/DEPI/DEPI project/anomx/venv/lib/python3.12/site-packages/airflow/example_dags/tutorial.py
[2026-06-21T21:48:34.927+0300] {logging_mixin.py:188} INFO - [2026-06-21T21:48:34.926+0300] {dag.py:3096} INFO - Sync 1 DAGs
[2026-06-21T21:48:34.945+0300] {logging_mixin.py:188} INFO - [2026-06-21T21:48:34.945+0300] {dag.py:3954} INFO - Setting next_dagrun for tutorial to 2026-06-20 00:00:00+00:00, run_after=2026-06-21 00:00:00+00:00
[2026-06-21T21:48:34.975+0300] {processor.py:183} INFO - Processing /media/data/omar/programming course/DEPI/DEPI project/anomx/venv/lib/python3.12/site-packages/airflow/example_dags/tutorial.py took 0.091 seconds
[2026-06-21T21:49:35.551+0300] {processor.py:161} INFO - Started process (PID=16339) to work on /media/data/omar/programming course/DEPI/DEPI project/anomx/venv/lib/python3.12/site-packages/airflow/example_dags/tutorial.py
[2026-06-21T21:49:35.553+0300] {processor.py:830} INFO - Processing file /media/data/omar/programming course/DEPI/DEPI project/anomx/venv/lib/python3.12/site-packages/airflow/example_dags/tutorial.py for tasks to queue
[2026-06-21T21:49:35.556+0300] {logging_mixin.py:188} INFO - [2026-06-21T21:49:35.555+0300] {dagbag.py:540} INFO - Filling up the DagBag from /media/data/omar/programming course/DEPI/DEPI project/anomx/venv/lib/python3.12/site-packages/airflow/example_dags/tutorial.py
[2026-06-21T21:49:35.566+0300] {processor.py:840} INFO - DAG(s) 'tutorial' retrieved from /media/data/omar/programming course/DEPI/DEPI project/anomx/venv/lib/python3.12/site-packages/airflow/example_dags/tutorial.py
[2026-06-21T21:49:35.588+0300] {logging_mixin.py:188} INFO - [2026-06-21T21:49:35.588+0300] {dag.py:3096} INFO - Sync 1 DAGs
[2026-06-21T21:49:35.605+0300] {logging_mixin.py:188} INFO - [2026-06-21T21:49:35.605+0300] {dag.py:3954} INFO - Setting next_dagrun for tutorial to 2026-06-20 00:00:00+00:00, run_after=2026-06-21 00:00:00+00:00
[2026-06-21T21:49:35.633+0300] {processor.py:183} INFO - Processing /media/data/omar/programming course/DEPI/DEPI project/anomx/venv/lib/python3.12/site-packages/airflow/example_dags/tutorial.py took 0.100 seconds
[2026-06-21T21:50:57.554+0300] {processor.py:161} INFO - Started process (PID=16493) to work on /media/data/omar/programming course/DEPI/DEPI project/anomx/venv/lib/python3.12/site-packages/airflow/example_dags/tutorial.py
[2026-06-21T21:50:57.555+0300] {processor.py:830} INFO - Processing file /media/data/omar/programming course/DEPI/DEPI project/anomx/venv/lib/python3.12/site-packages/airflow/example_dags/tutorial.py for tasks to queue
[2026-06-21T21:50:57.557+0300] {logging_mixin.py:188} INFO - [2026-06-21T21:50:57.556+0300] {dagbag.py:540} INFO - Filling up the DagBag from /media/data/omar/programming course/DEPI/DEPI project/anomx/venv/lib/python3.12/site-packages/airflow/example_dags/tutorial.py
[2026-06-21T21:50:57.563+0300] {processor.py:840} INFO - DAG(s) 'tutorial' retrieved from /media/data/omar/programming course/DEPI/DEPI project/anomx/venv/lib/python3.12/site-packages/airflow/example_dags/tutorial.py
[2026-06-21T21:50:57.578+0300] {logging_mixin.py:188} INFO - [2026-06-21T21:50:57.578+0300] {dag.py:3096} INFO - Sync 1 DAGs
[2026-06-21T21:50:57.595+0300] {logging_mixin.py:188} INFO - [2026-06-21T21:50:57.595+0300] {dag.py:3954} INFO - Setting next_dagrun for tutorial to 2026-06-20 00:00:00+00:00, run_after=2026-06-21 00:00:00+00:00
[2026-06-21T21:50:57.623+0300] {processor.py:183} INFO - Processing /media/data/omar/programming course/DEPI/DEPI project/anomx/venv/lib/python3.12/site-packages/airflow/example_dags/tutorial.py took 0.074 seconds
[2026-06-21T21:52:02.999+0300] {processor.py:161} INFO - Started process (PID=16609) to work on /media/data/omar/programming course/DEPI/DEPI project/anomx/venv/lib/python3.12/site-packages/airflow/example_dags/tutorial.py
[2026-06-21T21:52:03.000+0300] {processor.py:830} INFO - Processing file /media/data/omar/programming course/DEPI/DEPI project/anomx/venv/lib/python3.12/site-packages/airflow/example_dags/tutorial.py for tasks to queue
[2026-06-21T21:52:03.002+0300] {logging_mixin.py:188} INFO - [2026-06-21T21:52:03.001+0300] {dagbag.py:540} INFO - Filling up the DagBag from /media/data/omar/programming course/DEPI/DEPI project/anomx/venv/lib/python3.12/site-packages/airflow/example_dags/tutorial.py
[2026-06-21T21:52:03.009+0300] {processor.py:840} INFO - DAG(s) 'tutorial' retrieved from /media/data/omar/programming course/DEPI/DEPI project/anomx/venv/lib/python3.12/site-packages/airflow/example_dags/tutorial.py
[2026-06-21T21:52:03.027+0300] {logging_mixin.py:188} INFO - [2026-06-21T21:52:03.026+0300] {dag.py:3096} INFO - Sync 1 DAGs
[2026-06-21T21:52:03.050+0300] {logging_mixin.py:188} INFO - [2026-06-21T21:52:03.050+0300] {dag.py:3954} INFO - Setting next_dagrun for tutorial to 2026-06-20 00:00:00+00:00, run_after=2026-06-21 00:00:00+00:00
[2026-06-21T21:52:03.080+0300] {processor.py:183} INFO - Processing /media/data/omar/programming course/DEPI/DEPI project/anomx/venv/lib/python3.12/site-packages/airflow/example_dags/tutorial.py took 0.089 seconds
[2026-06-21T21:52:53.905+0300] {processor.py:161} INFO - Started process (PID=16696) to work on /media/data/omar/programming course/DEPI/DEPI project/anomx/venv/lib/python3.12/site-packages/airflow/example_dags/tutorial.py
[2026-06-21T21:52:53.907+0300] {processor.py:830} INFO - Processing file /media/data/omar/programming course/DEPI/DEPI project/anomx/venv/lib/python3.12/site-packages/airflow/example_dags/tutorial.py for tasks to queue
[2026-06-21T21:52:53.910+0300] {logging_mixin.py:188} INFO - [2026-06-21T21:52:53.909+0300] {dagbag.py:540} INFO - Filling up the DagBag from /media/data/omar/programming course/DEPI/DEPI project/anomx/venv/lib/python3.12/site-packages/airflow/example_dags/tutorial.py
[2026-06-21T21:52:53.920+0300] {processor.py:840} INFO - DAG(s) 'tutorial' retrieved from /media/data/omar/programming course/DEPI/DEPI project/anomx/venv/lib/python3.12/site-packages/airflow/example_dags/tutorial.py
[2026-06-21T21:52:53.944+0300] {logging_mixin.py:188} INFO - [2026-06-21T21:52:53.943+0300] {dag.py:3096} INFO - Sync 1 DAGs
[2026-06-21T21:52:53.963+0300] {logging_mixin.py:188} INFO - [2026-06-21T21:52:53.962+0300] {dag.py:3954} INFO - Setting next_dagrun for tutorial to 2026-06-20 00:00:00+00:00, run_after=2026-06-21 00:00:00+00:00
[2026-06-21T21:52:53.989+0300] {processor.py:183} INFO - Processing /media/data/omar/programming course/DEPI/DEPI project/anomx/venv/lib/python3.12/site-packages/airflow/example_dags/tutorial.py took 0.093 seconds
[2026-06-21T21:53:50.039+0300] {processor.py:161} INFO - Started process (PID=16786) to work on /media/data/omar/programming course/DEPI/DEPI project/anomx/venv/lib/python3.12/site-packages/airflow/example_dags/tutorial.py
[2026-06-21T21:53:50.040+0300] {processor.py:830} INFO - Processing file /media/data/omar/programming course/DEPI/DEPI project/anomx/venv/lib/python3.12/site-packages/airflow/example_dags/tutorial.py for tasks to queue
[2026-06-21T21:53:50.043+0300] {logging_mixin.py:188} INFO - [2026-06-21T21:53:50.042+0300] {dagbag.py:540} INFO - Filling up the DagBag from /media/data/omar/programming course/DEPI/DEPI project/anomx/venv/lib/python3.12/site-packages/airflow/example_dags/tutorial.py
[2026-06-21T21:53:50.050+0300] {processor.py:840} INFO - DAG(s) 'tutorial' retrieved from /media/data/omar/programming course/DEPI/DEPI project/anomx/venv/lib/python3.12/site-packages/airflow/example_dags/tutorial.py
[2026-06-21T21:53:50.064+0300] {logging_mixin.py:188} INFO - [2026-06-21T21:53:50.064+0300] {dag.py:3096} INFO - Sync 1 DAGs
[2026-06-21T21:53:50.081+0300] {logging_mixin.py:188} INFO - [2026-06-21T21:53:50.080+0300] {dag.py:3954} INFO - Setting next_dagrun for tutorial to 2026-06-20 00:00:00+00:00, run_after=2026-06-21 00:00:00+00:00
[2026-06-21T21:53:50.107+0300] {processor.py:183} INFO - Processing /media/data/omar/programming course/DEPI/DEPI project/anomx/venv/lib/python3.12/site-packages/airflow/example_dags/tutorial.py took 0.078 seconds
[2026-06-21T21:54:46.712+0300] {processor.py:161} INFO - Started process (PID=16888) to work on /media/data/omar/programming course/DEPI/DEPI project/anomx/venv/lib/python3.12/site-packages/airflow/example_dags/tutorial.py
[2026-06-21T21:54:46.714+0300] {processor.py:830} INFO - Processing file /media/data/omar/programming course/DEPI/DEPI project/anomx/venv/lib/python3.12/site-packages/airflow/example_dags/tutorial.py for tasks to queue
[2026-06-21T21:54:46.717+0300] {logging_mixin.py:188} INFO - [2026-06-21T21:54:46.716+0300] {dagbag.py:540} INFO - Filling up the DagBag from /media/data/omar/programming course/DEPI/DEPI project/anomx/venv/lib/python3.12/site-packages/airflow/example_dags/tutorial.py
[2026-06-21T21:54:46.726+0300] {processor.py:840} INFO - DAG(s) 'tutorial' retrieved from /media/data/omar/programming course/DEPI/DEPI project/anomx/venv/lib/python3.12/site-packages/airflow/example_dags/tutorial.py
[2026-06-21T21:54:46.741+0300] {logging_mixin.py:188} INFO - [2026-06-21T21:54:46.741+0300] {dag.py:3096} INFO - Sync 1 DAGs
[2026-06-21T21:54:46.758+0300] {logging_mixin.py:188} INFO - [2026-06-21T21:54:46.757+0300] {dag.py:3954} INFO - Setting next_dagrun for tutorial to 2026-06-20 00:00:00+00:00, run_after=2026-06-21 00:00:00+00:00
[2026-06-21T21:54:46.786+0300] {processor.py:183} INFO - Processing /media/data/omar/programming course/DEPI/DEPI project/anomx/venv/lib/python3.12/site-packages/airflow/example_dags/tutorial.py took 0.088 seconds
[2026-06-21T21:55:43.248+0300] {processor.py:161} INFO - Started process (PID=16984) to work on /media/data/omar/programming course/DEPI/DEPI project/anomx/venv/lib/python3.12/site-packages/airflow/example_dags/tutorial.py
[2026-06-21T21:55:43.251+0300] {processor.py:830} INFO - Processing file /media/data/omar/programming course/DEPI/DEPI project/anomx/venv/lib/python3.12/site-packages/airflow/example_dags/tutorial.py for tasks to queue
[2026-06-21T21:55:43.258+0300] {logging_mixin.py:188} INFO - [2026-06-21T21:55:43.256+0300] {dagbag.py:540} INFO - Filling up the DagBag from /media/data/omar/programming course/DEPI/DEPI project/anomx/venv/lib/python3.12/site-packages/airflow/example_dags/tutorial.py
[2026-06-21T21:55:43.281+0300] {processor.py:840} INFO - DAG(s) 'tutorial' retrieved from /media/data/omar/programming course/DEPI/DEPI project/anomx/venv/lib/python3.12/site-packages/airflow/example_dags/tutorial.py
[2026-06-21T21:55:43.304+0300] {logging_mixin.py:188} INFO - [2026-06-21T21:55:43.304+0300] {dag.py:3096} INFO - Sync 1 DAGs
[2026-06-21T21:55:43.321+0300] {logging_mixin.py:188} INFO - [2026-06-21T21:55:43.321+0300] {dag.py:3954} INFO - Setting next_dagrun for tutorial to 2026-06-20 00:00:00+00:00, run_after=2026-06-21 00:00:00+00:00
[2026-06-21T21:55:43.349+0300] {processor.py:183} INFO - Processing /media/data/omar/programming course/DEPI/DEPI project/anomx/venv/lib/python3.12/site-packages/airflow/example_dags/tutorial.py took 0.119 seconds
[2026-06-21T21:56:34.841+0300] {processor.py:161} INFO - Started process (PID=17073) to work on /media/data/omar/programming course/DEPI/DEPI project/anomx/venv/lib/python3.12/site-packages/airflow/example_dags/tutorial.py
[2026-06-21T21:56:34.842+0300] {processor.py:830} INFO - Processing file /media/data/omar/programming course/DEPI/DEPI project/anomx/venv/lib/python3.12/site-packages/airflow/example_dags/tutorial.py for tasks to queue
[2026-06-21T21:56:34.844+0300] {logging_mixin.py:188} INFO - [2026-06-21T21:56:34.844+0300] {dagbag.py:540} INFO - Filling up the DagBag from /media/data/omar/programming course/DEPI/DEPI project/anomx/venv/lib/python3.12/site-packages/airflow/example_dags/tutorial.py
[2026-06-21T21:56:34.851+0300] {processor.py:840} INFO - DAG(s) 'tutorial' retrieved from /media/data/omar/programming course/DEPI/DEPI project/anomx/venv/lib/python3.12/site-packages/airflow/example_dags/tutorial.py
[2026-06-21T21:56:34.867+0300] {logging_mixin.py:188} INFO - [2026-06-21T21:56:34.866+0300] {dag.py:3096} INFO - Sync 1 DAGs
[2026-06-21T21:56:34.884+0300] {logging_mixin.py:188} INFO - [2026-06-21T21:56:34.883+0300] {dag.py:3954} INFO - Setting next_dagrun for tutorial to 2026-06-20 00:00:00+00:00, run_after=2026-06-21 00:00:00+00:00
[2026-06-21T21:56:34.916+0300] {processor.py:183} INFO - Processing /media/data/omar/programming course/DEPI/DEPI project/anomx/venv/lib/python3.12/site-packages/airflow/example_dags/tutorial.py took 0.081 seconds
[2026-06-21T21:57:27.371+0300] {processor.py:161} INFO - Started process (PID=17157) to work on /media/data/omar/programming course/DEPI/DEPI project/anomx/venv/lib/python3.12/site-packages/airflow/example_dags/tutorial.py
[2026-06-21T21:57:27.371+0300] {processor.py:830} INFO - Processing file /media/data/omar/programming course/DEPI/DEPI project/anomx/venv/lib/python3.12/site-packages/airflow/example_dags/tutorial.py for tasks to queue
[2026-06-21T21:57:27.373+0300] {logging_mixin.py:188} INFO - [2026-06-21T21:57:27.373+0300] {dagbag.py:540} INFO - Filling up the DagBag from /media/data/omar/programming course/DEPI/DEPI project/anomx/venv/lib/python3.12/site-packages/airflow/example_dags/tutorial.py
[2026-06-21T21:57:27.379+0300] {processor.py:840} INFO - DAG(s) 'tutorial' retrieved from /media/data/omar/programming course/DEPI/DEPI project/anomx/venv/lib/python3.12/site-packages/airflow/example_dags/tutorial.py
[2026-06-21T21:57:27.394+0300] {logging_mixin.py:188} INFO - [2026-06-21T21:57:27.394+0300] {dag.py:3096} INFO - Sync 1 DAGs
[2026-06-21T21:57:27.413+0300] {logging_mixin.py:188} INFO - [2026-06-21T21:57:27.412+0300] {dag.py:3954} INFO - Setting next_dagrun for tutorial to 2026-06-20 00:00:00+00:00, run_after=2026-06-21 00:00:00+00:00
[2026-06-21T21:57:27.443+0300] {processor.py:183} INFO - Processing /media/data/omar/programming course/DEPI/DEPI project/anomx/venv/lib/python3.12/site-packages/airflow/example_dags/tutorial.py took 0.078 seconds
[2026-06-21T21:58:22.561+0300] {processor.py:161} INFO - Started process (PID=17250) to work on /media/data/omar/programming course/DEPI/DEPI project/anomx/venv/lib/python3.12/site-packages/airflow/example_dags/tutorial.py
[2026-06-21T21:58:22.563+0300] {processor.py:830} INFO - Processing file /media/data/omar/programming course/DEPI/DEPI project/anomx/venv/lib/python3.12/site-packages/airflow/example_dags/tutorial.py for tasks to queue
[2026-06-21T21:58:22.566+0300] {logging_mixin.py:188} INFO - [2026-06-21T21:58:22.565+0300] {dagbag.py:540} INFO - Filling up the DagBag from /media/data/omar/programming course/DEPI/DEPI project/anomx/venv/lib/python3.12/site-packages/airflow/example_dags/tutorial.py
[2026-06-21T21:58:22.576+0300] {processor.py:840} INFO - DAG(s) 'tutorial' retrieved from /media/data/omar/programming course/DEPI/DEPI project/anomx/venv/lib/python3.12/site-packages/airflow/example_dags/tutorial.py
[2026-06-21T21:58:22.591+0300] {logging_mixin.py:188} INFO - [2026-06-21T21:58:22.591+0300] {dag.py:3096} INFO - Sync 1 DAGs
[2026-06-21T21:58:22.607+0300] {logging_mixin.py:188} INFO - [2026-06-21T21:58:22.607+0300] {dag.py:3954} INFO - Setting next_dagrun for tutorial to 2026-06-20 00:00:00+00:00, run_after=2026-06-21 00:00:00+00:00
[2026-06-21T21:58:22.636+0300] {processor.py:183} INFO - Processing /media/data/omar/programming course/DEPI/DEPI project/anomx/venv/lib/python3.12/site-packages/airflow/example_dags/tutorial.py took 0.085 seconds
[2026-06-21T21:59:17.414+0300] {processor.py:161} INFO - Started process (PID=17340) to work on /media/data/omar/programming course/DEPI/DEPI project/anomx/venv/lib/python3.12/site-packages/airflow/example_dags/tutorial.py
[2026-06-21T21:59:17.416+0300] {processor.py:830} INFO - Processing file /media/data/omar/programming course/DEPI/DEPI project/anomx/venv/lib/python3.12/site-packages/airflow/example_dags/tutorial.py for tasks to queue
[2026-06-21T21:59:17.419+0300] {logging_mixin.py:188} INFO - [2026-06-21T21:59:17.418+0300] {dagbag.py:540} INFO - Filling up the DagBag from /media/data/omar/programming course/DEPI/DEPI project/anomx/venv/lib/python3.12/site-packages/airflow/example_dags/tutorial.py
[2026-06-21T21:59:17.429+0300] {processor.py:840} INFO - DAG(s) 'tutorial' retrieved from /media/data/omar/programming course/DEPI/DEPI project/anomx/venv/lib/python3.12/site-packages/airflow/example_dags/tutorial.py
[2026-06-21T21:59:17.444+0300] {logging_mixin.py:188} INFO - [2026-06-21T21:59:17.444+0300] {dag.py:3096} INFO - Sync 1 DAGs
[2026-06-21T21:59:17.465+0300] {logging_mixin.py:188} INFO - [2026-06-21T21:59:17.464+0300] {dag.py:3954} INFO - Setting next_dagrun for tutorial to 2026-06-20 00:00:00+00:00, run_after=2026-06-21 00:00:00+00:00
[2026-06-21T21:59:17.492+0300] {processor.py:183} INFO - Processing /media/data/omar/programming course/DEPI/DEPI project/anomx/venv/lib/python3.12/site-packages/airflow/example_dags/tutorial.py took 0.095 seconds
[2026-06-21T22:00:14.479+0300] {processor.py:161} INFO - Started process (PID=17434) to work on /media/data/omar/programming course/DEPI/DEPI project/anomx/venv/lib/python3.12/site-packages/airflow/example_dags/tutorial.py
[2026-06-21T22:00:14.482+0300] {processor.py:830} INFO - Processing file /media/data/omar/programming course/DEPI/DEPI project/anomx/venv/lib/python3.12/site-packages/airflow/example_dags/tutorial.py for tasks to queue
[2026-06-21T22:00:14.487+0300] {logging_mixin.py:188} INFO - [2026-06-21T22:00:14.486+0300] {dagbag.py:540} INFO - Filling up the DagBag from /media/data/omar/programming course/DEPI/DEPI project/anomx/venv/lib/python3.12/site-packages/airflow/example_dags/tutorial.py
[2026-06-21T22:00:14.499+0300] {processor.py:840} INFO - DAG(s) 'tutorial' retrieved from /media/data/omar/programming course/DEPI/DEPI project/anomx/venv/lib/python3.12/site-packages/airflow/example_dags/tutorial.py
[2026-06-21T22:00:14.515+0300] {logging_mixin.py:188} INFO - [2026-06-21T22:00:14.515+0300] {dag.py:3096} INFO - Sync 1 DAGs
[2026-06-21T22:00:14.533+0300] {logging_mixin.py:188} INFO - [2026-06-21T22:00:14.532+0300] {dag.py:3954} INFO - Setting next_dagrun for tutorial to 2026-06-20 00:00:00+00:00, run_after=2026-06-21 00:00:00+00:00
[2026-06-21T22:00:14.559+0300] {processor.py:183} INFO - Processing /media/data/omar/programming course/DEPI/DEPI project/anomx/venv/lib/python3.12/site-packages/airflow/example_dags/tutorial.py took 0.100 seconds
[2026-06-21T22:01:11.597+0300] {processor.py:161} INFO - Started process (PID=17515) to work on /media/data/omar/programming course/DEPI/DEPI project/anomx/venv/lib/python3.12/site-packages/airflow/example_dags/tutorial.py
[2026-06-21T22:01:11.599+0300] {processor.py:830} INFO - Processing file /media/data/omar/programming course/DEPI/DEPI project/anomx/venv/lib/python3.12/site-packages/airflow/example_dags/tutorial.py for tasks to queue
[2026-06-21T22:01:11.603+0300] {logging_mixin.py:188} INFO - [2026-06-21T22:01:11.602+0300] {dagbag.py:540} INFO - Filling up the DagBag from /media/data/omar/programming course/DEPI/DEPI project/anomx/venv/lib/python3.12/site-packages/airflow/example_dags/tutorial.py
[2026-06-21T22:01:11.620+0300] {processor.py:840} INFO - DAG(s) 'tutorial' retrieved from /media/data/omar/programming course/DEPI/DEPI project/anomx/venv/lib/python3.12/site-packages/airflow/example_dags/tutorial.py
[2026-06-21T22:01:11.638+0300] {logging_mixin.py:188} INFO - [2026-06-21T22:01:11.638+0300] {dag.py:3096} INFO - Sync 1 DAGs
[2026-06-21T22:01:11.654+0300] {logging_mixin.py:188} INFO - [2026-06-21T22:01:11.654+0300] {dag.py:3954} INFO - Setting next_dagrun for tutorial to 2026-06-20 00:00:00+00:00, run_after=2026-06-21 00:00:00+00:00
[2026-06-21T22:01:11.680+0300] {processor.py:183} INFO - Processing /media/data/omar/programming course/DEPI/DEPI project/anomx/venv/lib/python3.12/site-packages/airflow/example_dags/tutorial.py took 0.096 seconds
[2026-06-21T22:02:10.058+0300] {processor.py:161} INFO - Started process (PID=17608) to work on /media/data/omar/programming course/DEPI/DEPI project/anomx/venv/lib/python3.12/site-packages/airflow/example_dags/tutorial.py
[2026-06-21T22:02:10.060+0300] {processor.py:830} INFO - Processing file /media/data/omar/programming course/DEPI/DEPI project/anomx/venv/lib/python3.12/site-packages/airflow/example_dags/tutorial.py for tasks to queue
[2026-06-21T22:02:10.064+0300] {logging_mixin.py:188} INFO - [2026-06-21T22:02:10.063+0300] {dagbag.py:540} INFO - Filling up the DagBag from /media/data/omar/programming course/DEPI/DEPI project/anomx/venv/lib/python3.12/site-packages/airflow/example_dags/tutorial.py
[2026-06-21T22:02:10.074+0300] {processor.py:840} INFO - DAG(s) 'tutorial' retrieved from /media/data/omar/programming course/DEPI/DEPI project/anomx/venv/lib/python3.12/site-packages/airflow/example_dags/tutorial.py
[2026-06-21T22:02:10.089+0300] {logging_mixin.py:188} INFO - [2026-06-21T22:02:10.089+0300] {dag.py:3096} INFO - Sync 1 DAGs
[2026-06-21T22:02:10.106+0300] {logging_mixin.py:188} INFO - [2026-06-21T22:02:10.105+0300] {dag.py:3954} INFO - Setting next_dagrun for tutorial to 2026-06-20 00:00:00+00:00, run_after=2026-06-21 00:00:00+00:00
[2026-06-21T22:02:10.133+0300] {processor.py:183} INFO - Processing /media/data/omar/programming course/DEPI/DEPI project/anomx/venv/lib/python3.12/site-packages/airflow/example_dags/tutorial.py took 0.093 seconds
[2026-06-21T22:03:07.518+0300] {processor.py:161} INFO - Started process (PID=17755) to work on /media/data/omar/programming course/DEPI/DEPI project/anomx/venv/lib/python3.12/site-packages/airflow/example_dags/tutorial.py
[2026-06-21T22:03:07.520+0300] {processor.py:830} INFO - Processing file /media/data/omar/programming course/DEPI/DEPI project/anomx/venv/lib/python3.12/site-packages/airflow/example_dags/tutorial.py for tasks to queue
[2026-06-21T22:03:07.522+0300] {logging_mixin.py:188} INFO - [2026-06-21T22:03:07.521+0300] {dagbag.py:540} INFO - Filling up the DagBag from /media/data/omar/programming course/DEPI/DEPI project/anomx/venv/lib/python3.12/site-packages/airflow/example_dags/tutorial.py
[2026-06-21T22:03:07.531+0300] {processor.py:840} INFO - DAG(s) 'tutorial' retrieved from /media/data/omar/programming course/DEPI/DEPI project/anomx/venv/lib/python3.12/site-packages/airflow/example_dags/tutorial.py
[2026-06-21T22:03:07.554+0300] {logging_mixin.py:188} INFO - [2026-06-21T22:03:07.553+0300] {dag.py:3096} INFO - Sync 1 DAGs
[2026-06-21T22:03:07.572+0300] {logging_mixin.py:188} INFO - [2026-06-21T22:03:07.571+0300] {dag.py:3954} INFO - Setting next_dagrun for tutorial to 2026-06-20 00:00:00+00:00, run_after=2026-06-21 00:00:00+00:00
[2026-06-21T22:03:07.600+0300] {processor.py:183} INFO - Processing /media/data/omar/programming course/DEPI/DEPI project/anomx/venv/lib/python3.12/site-packages/airflow/example_dags/tutorial.py took 0.095 seconds
[2026-06-21T22:04:03.581+0300] {processor.py:161} INFO - Started process (PID=17858) to work on /media/data/omar/programming course/DEPI/DEPI project/anomx/venv/lib/python3.12/site-packages/airflow/example_dags/tutorial.py
[2026-06-21T22:04:03.584+0300] {processor.py:830} INFO - Processing file /media/data/omar/programming course/DEPI/DEPI project/anomx/venv/lib/python3.12/site-packages/airflow/example_dags/tutorial.py for tasks to queue
[2026-06-21T22:04:03.590+0300] {logging_mixin.py:188} INFO - [2026-06-21T22:04:03.588+0300] {dagbag.py:540} INFO - Filling up the DagBag from /media/data/omar/programming course/DEPI/DEPI project/anomx/venv/lib/python3.12/site-packages/airflow/example_dags/tutorial.py
[2026-06-21T22:04:03.610+0300] {processor.py:840} INFO - DAG(s) 'tutorial' retrieved from /media/data/omar/programming course/DEPI/DEPI project/anomx/venv/lib/python3.12/site-packages/airflow/example_dags/tutorial.py
[2026-06-21T22:04:03.633+0300] {logging_mixin.py:188} INFO - [2026-06-21T22:04:03.633+0300] {dag.py:3096} INFO - Sync 1 DAGs
[2026-06-21T22:04:03.652+0300] {logging_mixin.py:188} INFO - [2026-06-21T22:04:03.651+0300] {dag.py:3954} INFO - Setting next_dagrun for tutorial to 2026-06-20 00:00:00+00:00, run_after=2026-06-21 00:00:00+00:00
[2026-06-21T22:04:03.678+0300] {processor.py:183} INFO - Processing /media/data/omar/programming course/DEPI/DEPI project/anomx/venv/lib/python3.12/site-packages/airflow/example_dags/tutorial.py took 0.114 seconds
[2026-06-21T22:04:56.187+0300] {processor.py:161} INFO - Started process (PID=17945) to work on /media/data/omar/programming course/DEPI/DEPI project/anomx/venv/lib/python3.12/site-packages/airflow/example_dags/tutorial.py
[2026-06-21T22:04:56.189+0300] {processor.py:830} INFO - Processing file /media/data/omar/programming course/DEPI/DEPI project/anomx/venv/lib/python3.12/site-packages/airflow/example_dags/tutorial.py for tasks to queue
[2026-06-21T22:04:56.192+0300] {logging_mixin.py:188} INFO - [2026-06-21T22:04:56.191+0300] {dagbag.py:540} INFO - Filling up the DagBag from /media/data/omar/programming course/DEPI/DEPI project/anomx/venv/lib/python3.12/site-packages/airflow/example_dags/tutorial.py
[2026-06-21T22:04:56.202+0300] {processor.py:840} INFO - DAG(s) 'tutorial' retrieved from /media/data/omar/programming course/DEPI/DEPI project/anomx/venv/lib/python3.12/site-packages/airflow/example_dags/tutorial.py
[2026-06-21T22:04:56.218+0300] {logging_mixin.py:188} INFO - [2026-06-21T22:04:56.218+0300] {dag.py:3096} INFO - Sync 1 DAGs
[2026-06-21T22:04:56.235+0300] {logging_mixin.py:188} INFO - [2026-06-21T22:04:56.235+0300] {dag.py:3954} INFO - Setting next_dagrun for tutorial to 2026-06-20 00:00:00+00:00, run_after=2026-06-21 00:00:00+00:00
[2026-06-21T22:04:56.262+0300] {processor.py:183} INFO - Processing /media/data/omar/programming course/DEPI/DEPI project/anomx/venv/lib/python3.12/site-packages/airflow/example_dags/tutorial.py took 0.096 seconds
[2026-06-21T22:05:53.279+0300] {processor.py:161} INFO - Started process (PID=18030) to work on /media/data/omar/programming course/DEPI/DEPI project/anomx/venv/lib/python3.12/site-packages/airflow/example_dags/tutorial.py
[2026-06-21T22:05:53.280+0300] {processor.py:830} INFO - Processing file /media/data/omar/programming course/DEPI/DEPI project/anomx/venv/lib/python3.12/site-packages/airflow/example_dags/tutorial.py for tasks to queue
[2026-06-21T22:05:53.282+0300] {logging_mixin.py:188} INFO - [2026-06-21T22:05:53.282+0300] {dagbag.py:540} INFO - Filling up the DagBag from /media/data/omar/programming course/DEPI/DEPI project/anomx/venv/lib/python3.12/site-packages/airflow/example_dags/tutorial.py
[2026-06-21T22:05:53.290+0300] {processor.py:840} INFO - DAG(s) 'tutorial' retrieved from /media/data/omar/programming course/DEPI/DEPI project/anomx/venv/lib/python3.12/site-packages/airflow/example_dags/tutorial.py
[2026-06-21T22:05:53.307+0300] {logging_mixin.py:188} INFO - [2026-06-21T22:05:53.307+0300] {dag.py:3096} INFO - Sync 1 DAGs
[2026-06-21T22:05:53.407+0300] {logging_mixin.py:188} INFO - [2026-06-21T22:05:53.407+0300] {dag.py:3954} INFO - Setting next_dagrun for tutorial to 2026-06-20 00:00:00+00:00, run_after=2026-06-21 00:00:00+00:00
[2026-06-21T22:05:53.435+0300] {processor.py:183} INFO - Processing /media/data/omar/programming course/DEPI/DEPI project/anomx/venv/lib/python3.12/site-packages/airflow/example_dags/tutorial.py took 0.164 seconds
[2026-06-21T22:06:51.571+0300] {processor.py:161} INFO - Started process (PID=18120) to work on /media/data/omar/programming course/DEPI/DEPI project/anomx/venv/lib/python3.12/site-packages/airflow/example_dags/tutorial.py
[2026-06-21T22:06:51.573+0300] {processor.py:830} INFO - Processing file /media/data/omar/programming course/DEPI/DEPI project/anomx/venv/lib/python3.12/site-packages/airflow/example_dags/tutorial.py for tasks to queue
[2026-06-21T22:06:51.576+0300] {logging_mixin.py:188} INFO - [2026-06-21T22:06:51.575+0300] {dagbag.py:540} INFO - Filling up the DagBag from /media/data/omar/programming course/DEPI/DEPI project/anomx/venv/lib/python3.12/site-packages/airflow/example_dags/tutorial.py
[2026-06-21T22:06:51.584+0300] {processor.py:840} INFO - DAG(s) 'tutorial' retrieved from /media/data/omar/programming course/DEPI/DEPI project/anomx/venv/lib/python3.12/site-packages/airflow/example_dags/tutorial.py
[2026-06-21T22:06:51.599+0300] {logging_mixin.py:188} INFO - [2026-06-21T22:06:51.599+0300] {dag.py:3096} INFO - Sync 1 DAGs
[2026-06-21T22:06:51.617+0300] {logging_mixin.py:188} INFO - [2026-06-21T22:06:51.617+0300] {dag.py:3954} INFO - Setting next_dagrun for tutorial to 2026-06-20 00:00:00+00:00, run_after=2026-06-21 00:00:00+00:00
[2026-06-21T22:06:51.642+0300] {processor.py:183} INFO - Processing /media/data/omar/programming course/DEPI/DEPI project/anomx/venv/lib/python3.12/site-packages/airflow/example_dags/tutorial.py took 0.087 seconds
[2026-06-21T22:07:49.491+0300] {processor.py:161} INFO - Started process (PID=18211) to work on /media/data/omar/programming course/DEPI/DEPI project/anomx/venv/lib/python3.12/site-packages/airflow/example_dags/tutorial.py
[2026-06-21T22:07:49.492+0300] {processor.py:830} INFO - Processing file /media/data/omar/programming course/DEPI/DEPI project/anomx/venv/lib/python3.12/site-packages/airflow/example_dags/tutorial.py for tasks to queue
[2026-06-21T22:07:49.495+0300] {logging_mixin.py:188} INFO - [2026-06-21T22:07:49.494+0300] {dagbag.py:540} INFO - Filling up the DagBag from /media/data/omar/programming course/DEPI/DEPI project/anomx/venv/lib/python3.12/site-packages/airflow/example_dags/tutorial.py
[2026-06-21T22:07:49.505+0300] {processor.py:840} INFO - DAG(s) 'tutorial' retrieved from /media/data/omar/programming course/DEPI/DEPI project/anomx/venv/lib/python3.12/site-packages/airflow/example_dags/tutorial.py
[2026-06-21T22:07:49.522+0300] {logging_mixin.py:188} INFO - [2026-06-21T22:07:49.522+0300] {dag.py:3096} INFO - Sync 1 DAGs
[2026-06-21T22:07:49.539+0300] {logging_mixin.py:188} INFO - [2026-06-21T22:07:49.539+0300] {dag.py:3954} INFO - Setting next_dagrun for tutorial to 2026-06-20 00:00:00+00:00, run_after=2026-06-21 00:00:00+00:00
[2026-06-21T22:07:49.565+0300] {processor.py:183} INFO - Processing /media/data/omar/programming course/DEPI/DEPI project/anomx/venv/lib/python3.12/site-packages/airflow/example_dags/tutorial.py took 0.081 seconds
[2026-06-21T22:08:46.500+0300] {processor.py:161} INFO - Started process (PID=18303) to work on /media/data/omar/programming course/DEPI/DEPI project/anomx/venv/lib/python3.12/site-packages/airflow/example_dags/tutorial.py
[2026-06-21T22:08:46.502+0300] {processor.py:830} INFO - Processing file /media/data/omar/programming course/DEPI/DEPI project/anomx/venv/lib/python3.12/site-packages/airflow/example_dags/tutorial.py for tasks to queue
[2026-06-21T22:08:46.504+0300] {logging_mixin.py:188} INFO - [2026-06-21T22:08:46.504+0300] {dagbag.py:540} INFO - Filling up the DagBag from /media/data/omar/programming course/DEPI/DEPI project/anomx/venv/lib/python3.12/site-packages/airflow/example_dags/tutorial.py
[2026-06-21T22:08:46.513+0300] {processor.py:840} INFO - DAG(s) 'tutorial' retrieved from /media/data/omar/programming course/DEPI/DEPI project/anomx/venv/lib/python3.12/site-packages/airflow/example_dags/tutorial.py
[2026-06-21T22:08:46.528+0300] {logging_mixin.py:188} INFO - [2026-06-21T22:08:46.528+0300] {dag.py:3096} INFO - Sync 1 DAGs
[2026-06-21T22:08:46.625+0300] {logging_mixin.py:188} INFO - [2026-06-21T22:08:46.624+0300] {dag.py:3954} INFO - Setting next_dagrun for tutorial to 2026-06-20 00:00:00+00:00, run_after=2026-06-21 00:00:00+00:00
[2026-06-21T22:08:46.648+0300] {processor.py:183} INFO - Processing /media/data/omar/programming course/DEPI/DEPI project/anomx/venv/lib/python3.12/site-packages/airflow/example_dags/tutorial.py took 0.161 seconds
[2026-06-21T22:09:43.571+0300] {processor.py:161} INFO - Started process (PID=18537) to work on /media/data/omar/programming course/DEPI/DEPI project/anomx/venv/lib/python3.12/site-packages/airflow/example_dags/tutorial.py
[2026-06-21T22:09:43.572+0300] {processor.py:830} INFO - Processing file /media/data/omar/programming course/DEPI/DEPI project/anomx/venv/lib/python3.12/site-packages/airflow/example_dags/tutorial.py for tasks to queue
[2026-06-21T22:09:43.575+0300] {logging_mixin.py:188} INFO - [2026-06-21T22:09:43.574+0300] {dagbag.py:540} INFO - Filling up the DagBag from /media/data/omar/programming course/DEPI/DEPI project/anomx/venv/lib/python3.12/site-packages/airflow/example_dags/tutorial.py
[2026-06-21T22:09:43.587+0300] {processor.py:840} INFO - DAG(s) 'tutorial' retrieved from /media/data/omar/programming course/DEPI/DEPI project/anomx/venv/lib/python3.12/site-packages/airflow/example_dags/tutorial.py
[2026-06-21T22:09:43.604+0300] {logging_mixin.py:188} INFO - [2026-06-21T22:09:43.604+0300] {dag.py:3096} INFO - Sync 1 DAGs
[2026-06-21T22:09:43.623+0300] {logging_mixin.py:188} INFO - [2026-06-21T22:09:43.623+0300] {dag.py:3954} INFO - Setting next_dagrun for tutorial to 2026-06-20 00:00:00+00:00, run_after=2026-06-21 00:00:00+00:00
[2026-06-21T22:09:43.655+0300] {processor.py:183} INFO - Processing /media/data/omar/programming course/DEPI/DEPI project/anomx/venv/lib/python3.12/site-packages/airflow/example_dags/tutorial.py took 0.095 seconds
[2026-06-21T22:10:52.785+0300] {processor.py:161} INFO - Started process (PID=18734) to work on /media/data/omar/programming course/DEPI/DEPI project/anomx/venv/lib/python3.12/site-packages/airflow/example_dags/tutorial.py
[2026-06-21T22:10:52.786+0300] {processor.py:830} INFO - Processing file /media/data/omar/programming course/DEPI/DEPI project/anomx/venv/lib/python3.12/site-packages/airflow/example_dags/tutorial.py for tasks to queue
[2026-06-21T22:10:52.788+0300] {logging_mixin.py:188} INFO - [2026-06-21T22:10:52.787+0300] {dagbag.py:540} INFO - Filling up the DagBag from /media/data/omar/programming course/DEPI/DEPI project/anomx/venv/lib/python3.12/site-packages/airflow/example_dags/tutorial.py
[2026-06-21T22:10:52.796+0300] {processor.py:840} INFO - DAG(s) 'tutorial' retrieved from /media/data/omar/programming course/DEPI/DEPI project/anomx/venv/lib/python3.12/site-packages/airflow/example_dags/tutorial.py
[2026-06-21T22:10:52.815+0300] {logging_mixin.py:188} INFO - [2026-06-21T22:10:52.815+0300] {dag.py:3096} INFO - Sync 1 DAGs
[2026-06-21T22:10:52.836+0300] {logging_mixin.py:188} INFO - [2026-06-21T22:10:52.836+0300] {dag.py:3954} INFO - Setting next_dagrun for tutorial to 2026-06-20 00:00:00+00:00, run_after=2026-06-21 00:00:00+00:00
[2026-06-21T22:10:52.872+0300] {processor.py:183} INFO - Processing /media/data/omar/programming course/DEPI/DEPI project/anomx/venv/lib/python3.12/site-packages/airflow/example_dags/tutorial.py took 0.094 seconds
[2026-06-21T22:11:49.964+0300] {processor.py:161} INFO - Started process (PID=18871) to work on /media/data/omar/programming course/DEPI/DEPI project/anomx/venv/lib/python3.12/site-packages/airflow/example_dags/tutorial.py
[2026-06-21T22:11:49.968+0300] {processor.py:830} INFO - Processing file /media/data/omar/programming course/DEPI/DEPI project/anomx/venv/lib/python3.12/site-packages/airflow/example_dags/tutorial.py for tasks to queue
[2026-06-21T22:11:49.974+0300] {logging_mixin.py:188} INFO - [2026-06-21T22:11:49.972+0300] {dagbag.py:540} INFO - Filling up the DagBag from /media/data/omar/programming course/DEPI/DEPI project/anomx/venv/lib/python3.12/site-packages/airflow/example_dags/tutorial.py
[2026-06-21T22:11:49.991+0300] {processor.py:840} INFO - DAG(s) 'tutorial' retrieved from /media/data/omar/programming course/DEPI/DEPI project/anomx/venv/lib/python3.12/site-packages/airflow/example_dags/tutorial.py
[2026-06-21T22:11:50.010+0300] {logging_mixin.py:188} INFO - [2026-06-21T22:11:50.010+0300] {dag.py:3096} INFO - Sync 1 DAGs
[2026-06-21T22:11:50.026+0300] {logging_mixin.py:188} INFO - [2026-06-21T22:11:50.026+0300] {dag.py:3954} INFO - Setting next_dagrun for tutorial to 2026-06-20 00:00:00+00:00, run_after=2026-06-21 00:00:00+00:00
[2026-06-21T22:11:50.055+0300] {processor.py:183} INFO - Processing /media/data/omar/programming course/DEPI/DEPI project/anomx/venv/lib/python3.12/site-packages/airflow/example_dags/tutorial.py took 0.109 seconds
[2026-06-21T22:12:43.194+0300] {processor.py:161} INFO - Started process (PID=18954) to work on /media/data/omar/programming course/DEPI/DEPI project/anomx/venv/lib/python3.12/site-packages/airflow/example_dags/tutorial.py
[2026-06-21T22:12:43.199+0300] {processor.py:830} INFO - Processing file /media/data/omar/programming course/DEPI/DEPI project/anomx/venv/lib/python3.12/site-packages/airflow/example_dags/tutorial.py for tasks to queue
[2026-06-21T22:12:43.207+0300] {logging_mixin.py:188} INFO - [2026-06-21T22:12:43.205+0300] {dagbag.py:540} INFO - Filling up the DagBag from /media/data/omar/programming course/DEPI/DEPI project/anomx/venv/lib/python3.12/site-packages/airflow/example_dags/tutorial.py
[2026-06-21T22:12:43.242+0300] {processor.py:840} INFO - DAG(s) 'tutorial' retrieved from /media/data/omar/programming course/DEPI/DEPI project/anomx/venv/lib/python3.12/site-packages/airflow/example_dags/tutorial.py
[2026-06-21T22:12:43.327+0300] {logging_mixin.py:188} INFO - [2026-06-21T22:12:43.325+0300] {dag.py:3096} INFO - Sync 1 DAGs
[2026-06-21T22:12:43.456+0300] {logging_mixin.py:188} INFO - [2026-06-21T22:12:43.453+0300] {dag.py:3954} INFO - Setting next_dagrun for tutorial to 2026-06-20 00:00:00+00:00, run_after=2026-06-21 00:00:00+00:00
[2026-06-21T22:12:43.515+0300] {processor.py:183} INFO - Processing /media/data/omar/programming course/DEPI/DEPI project/anomx/venv/lib/python3.12/site-packages/airflow/example_dags/tutorial.py took 0.352 seconds
[2026-06-21T22:13:32.934+0300] {processor.py:161} INFO - Started process (PID=19078) to work on /media/data/omar/programming course/DEPI/DEPI project/anomx/venv/lib/python3.12/site-packages/airflow/example_dags/tutorial.py
[2026-06-21T22:13:32.937+0300] {processor.py:830} INFO - Processing file /media/data/omar/programming course/DEPI/DEPI project/anomx/venv/lib/python3.12/site-packages/airflow/example_dags/tutorial.py for tasks to queue
[2026-06-21T22:13:32.943+0300] {logging_mixin.py:188} INFO - [2026-06-21T22:13:32.941+0300] {dagbag.py:540} INFO - Filling up the DagBag from /media/data/omar/programming course/DEPI/DEPI project/anomx/venv/lib/python3.12/site-packages/airflow/example_dags/tutorial.py
[2026-06-21T22:13:32.990+0300] {processor.py:840} INFO - DAG(s) 'tutorial' retrieved from /media/data/omar/programming course/DEPI/DEPI project/anomx/venv/lib/python3.12/site-packages/airflow/example_dags/tutorial.py
[2026-06-21T22:13:33.109+0300] {logging_mixin.py:188} INFO - [2026-06-21T22:13:33.108+0300] {dag.py:3096} INFO - Sync 1 DAGs
[2026-06-21T22:13:33.179+0300] {logging_mixin.py:188} INFO - [2026-06-21T22:13:33.177+0300] {dag.py:3954} INFO - Setting next_dagrun for tutorial to 2026-06-20 00:00:00+00:00, run_after=2026-06-21 00:00:00+00:00
[2026-06-21T22:13:33.261+0300] {processor.py:183} INFO - Processing /media/data/omar/programming course/DEPI/DEPI project/anomx/venv/lib/python3.12/site-packages/airflow/example_dags/tutorial.py took 0.347 seconds
[2026-06-21T22:14:32.524+0300] {processor.py:161} INFO - Started process (PID=19202) to work on /media/data/omar/programming course/DEPI/DEPI project/anomx/venv/lib/python3.12/site-packages/airflow/example_dags/tutorial.py
[2026-06-21T22:14:32.525+0300] {processor.py:830} INFO - Processing file /media/data/omar/programming course/DEPI/DEPI project/anomx/venv/lib/python3.12/site-packages/airflow/example_dags/tutorial.py for tasks to queue
[2026-06-21T22:14:32.526+0300] {logging_mixin.py:188} INFO - [2026-06-21T22:14:32.526+0300] {dagbag.py:540} INFO - Filling up the DagBag from /media/data/omar/programming course/DEPI/DEPI project/anomx/venv/lib/python3.12/site-packages/airflow/example_dags/tutorial.py
[2026-06-21T22:14:32.533+0300] {processor.py:840} INFO - DAG(s) 'tutorial' retrieved from /media/data/omar/programming course/DEPI/DEPI project/anomx/venv/lib/python3.12/site-packages/airflow/example_dags/tutorial.py
[2026-06-21T22:14:32.550+0300] {logging_mixin.py:188} INFO - [2026-06-21T22:14:32.550+0300] {dag.py:3096} INFO - Sync 1 DAGs
[2026-06-21T22:14:32.568+0300] {logging_mixin.py:188} INFO - [2026-06-21T22:14:32.567+0300] {dag.py:3954} INFO - Setting next_dagrun for tutorial to 2026-06-20 00:00:00+00:00, run_after=2026-06-21 00:00:00+00:00
[2026-06-21T22:14:32.595+0300] {processor.py:183} INFO - Processing /media/data/omar/programming course/DEPI/DEPI project/anomx/venv/lib/python3.12/site-packages/airflow/example_dags/tutorial.py took 0.077 seconds
[2026-06-21T22:15:29.615+0300] {processor.py:161} INFO - Started process (PID=19307) to work on /media/data/omar/programming course/DEPI/DEPI project/anomx/venv/lib/python3.12/site-packages/airflow/example_dags/tutorial.py
[2026-06-21T22:15:29.616+0300] {processor.py:830} INFO - Processing file /media/data/omar/programming course/DEPI/DEPI project/anomx/venv/lib/python3.12/site-packages/airflow/example_dags/tutorial.py for tasks to queue
[2026-06-21T22:15:29.617+0300] {logging_mixin.py:188} INFO - [2026-06-21T22:15:29.617+0300] {dagbag.py:540} INFO - Filling up the DagBag from /media/data/omar/programming course/DEPI/DEPI project/anomx/venv/lib/python3.12/site-packages/airflow/example_dags/tutorial.py
[2026-06-21T22:15:29.623+0300] {processor.py:840} INFO - DAG(s) 'tutorial' retrieved from /media/data/omar/programming course/DEPI/DEPI project/anomx/venv/lib/python3.12/site-packages/airflow/example_dags/tutorial.py
[2026-06-21T22:15:29.639+0300] {logging_mixin.py:188} INFO - [2026-06-21T22:15:29.638+0300] {dag.py:3096} INFO - Sync 1 DAGs
[2026-06-21T22:15:29.656+0300] {logging_mixin.py:188} INFO - [2026-06-21T22:15:29.656+0300] {dag.py:3954} INFO - Setting next_dagrun for tutorial to 2026-06-20 00:00:00+00:00, run_after=2026-06-21 00:00:00+00:00
[2026-06-21T22:15:29.695+0300] {processor.py:183} INFO - Processing /media/data/omar/programming course/DEPI/DEPI project/anomx/venv/lib/python3.12/site-packages/airflow/example_dags/tutorial.py took 0.086 seconds
[2026-06-21T22:16:21.868+0300] {processor.py:161} INFO - Started process (PID=19672) to work on /media/data/omar/programming course/DEPI/DEPI project/anomx/venv/lib/python3.12/site-packages/airflow/example_dags/tutorial.py
[2026-06-21T22:16:21.871+0300] {processor.py:830} INFO - Processing file /media/data/omar/programming course/DEPI/DEPI project/anomx/venv/lib/python3.12/site-packages/airflow/example_dags/tutorial.py for tasks to queue
[2026-06-21T22:16:21.874+0300] {logging_mixin.py:188} INFO - [2026-06-21T22:16:21.873+0300] {dagbag.py:540} INFO - Filling up the DagBag from /media/data/omar/programming course/DEPI/DEPI project/anomx/venv/lib/python3.12/site-packages/airflow/example_dags/tutorial.py
[2026-06-21T22:16:21.881+0300] {processor.py:840} INFO - DAG(s) 'tutorial' retrieved from /media/data/omar/programming course/DEPI/DEPI project/anomx/venv/lib/python3.12/site-packages/airflow/example_dags/tutorial.py
[2026-06-21T22:16:21.915+0300] {logging_mixin.py:188} INFO - [2026-06-21T22:16:21.915+0300] {dag.py:3096} INFO - Sync 1 DAGs
[2026-06-21T22:16:21.943+0300] {logging_mixin.py:188} INFO - [2026-06-21T22:16:21.943+0300] {dag.py:3954} INFO - Setting next_dagrun for tutorial to 2026-06-20 00:00:00+00:00, run_after=2026-06-21 00:00:00+00:00
[2026-06-21T22:16:21.977+0300] {processor.py:183} INFO - Processing /media/data/omar/programming course/DEPI/DEPI project/anomx/venv/lib/python3.12/site-packages/airflow/example_dags/tutorial.py took 0.119 seconds
[2026-06-21T22:17:19.160+0300] {processor.py:161} INFO - Started process (PID=19795) to work on /media/data/omar/programming course/DEPI/DEPI project/anomx/venv/lib/python3.12/site-packages/airflow/example_dags/tutorial.py
[2026-06-21T22:17:19.161+0300] {processor.py:830} INFO - Processing file /media/data/omar/programming course/DEPI/DEPI project/anomx/venv/lib/python3.12/site-packages/airflow/example_dags/tutorial.py for tasks to queue
[2026-06-21T22:17:19.164+0300] {logging_mixin.py:188} INFO - [2026-06-21T22:17:19.163+0300] {dagbag.py:540} INFO - Filling up the DagBag from /media/data/omar/programming course/DEPI/DEPI project/anomx/venv/lib/python3.12/site-packages/airflow/example_dags/tutorial.py
[2026-06-21T22:17:19.172+0300] {processor.py:840} INFO - DAG(s) 'tutorial' retrieved from /media/data/omar/programming course/DEPI/DEPI project/anomx/venv/lib/python3.12/site-packages/airflow/example_dags/tutorial.py
[2026-06-21T22:17:19.190+0300] {logging_mixin.py:188} INFO - [2026-06-21T22:17:19.189+0300] {dag.py:3096} INFO - Sync 1 DAGs
[2026-06-21T22:17:19.212+0300] {logging_mixin.py:188} INFO - [2026-06-21T22:17:19.212+0300] {dag.py:3954} INFO - Setting next_dagrun for tutorial to 2026-06-20 00:00:00+00:00, run_after=2026-06-21 00:00:00+00:00
[2026-06-21T22:17:19.239+0300] {processor.py:183} INFO - Processing /media/data/omar/programming course/DEPI/DEPI project/anomx/venv/lib/python3.12/site-packages/airflow/example_dags/tutorial.py took 0.092 seconds
[2026-06-21T22:18:18.542+0300] {processor.py:161} INFO - Started process (PID=19952) to work on /media/data/omar/programming course/DEPI/DEPI project/anomx/venv/lib/python3.12/site-packages/airflow/example_dags/tutorial.py
[2026-06-21T22:18:18.543+0300] {processor.py:830} INFO - Processing file /media/data/omar/programming course/DEPI/DEPI project/anomx/venv/lib/python3.12/site-packages/airflow/example_dags/tutorial.py for tasks to queue
[2026-06-21T22:18:18.546+0300] {logging_mixin.py:188} INFO - [2026-06-21T22:18:18.545+0300] {dagbag.py:540} INFO - Filling up the DagBag from /media/data/omar/programming course/DEPI/DEPI project/anomx/venv/lib/python3.12/site-packages/airflow/example_dags/tutorial.py
[2026-06-21T22:18:18.556+0300] {processor.py:840} INFO - DAG(s) 'tutorial' retrieved from /media/data/omar/programming course/DEPI/DEPI project/anomx/venv/lib/python3.12/site-packages/airflow/example_dags/tutorial.py
[2026-06-21T22:18:18.576+0300] {logging_mixin.py:188} INFO - [2026-06-21T22:18:18.576+0300] {dag.py:3096} INFO - Sync 1 DAGs
[2026-06-21T22:18:18.593+0300] {logging_mixin.py:188} INFO - [2026-06-21T22:18:18.593+0300] {dag.py:3954} INFO - Setting next_dagrun for tutorial to 2026-06-20 00:00:00+00:00, run_after=2026-06-21 00:00:00+00:00
[2026-06-21T22:18:18.623+0300] {processor.py:183} INFO - Processing /media/data/omar/programming course/DEPI/DEPI project/anomx/venv/lib/python3.12/site-packages/airflow/example_dags/tutorial.py took 0.089 seconds
[2026-06-21T22:19:15.570+0300] {processor.py:161} INFO - Started process (PID=20046) to work on /media/data/omar/programming course/DEPI/DEPI project/anomx/venv/lib/python3.12/site-packages/airflow/example_dags/tutorial.py
[2026-06-21T22:19:15.576+0300] {processor.py:830} INFO - Processing file /media/data/omar/programming course/DEPI/DEPI project/anomx/venv/lib/python3.12/site-packages/airflow/example_dags/tutorial.py for tasks to queue
[2026-06-21T22:19:15.582+0300] {logging_mixin.py:188} INFO - [2026-06-21T22:19:15.580+0300] {dagbag.py:540} INFO - Filling up the DagBag from /media/data/omar/programming course/DEPI/DEPI project/anomx/venv/lib/python3.12/site-packages/airflow/example_dags/tutorial.py
[2026-06-21T22:19:15.613+0300] {processor.py:840} INFO - DAG(s) 'tutorial' retrieved from /media/data/omar/programming course/DEPI/DEPI project/anomx/venv/lib/python3.12/site-packages/airflow/example_dags/tutorial.py
[2026-06-21T22:19:15.690+0300] {logging_mixin.py:188} INFO - [2026-06-21T22:19:15.688+0300] {dag.py:3096} INFO - Sync 1 DAGs
[2026-06-21T22:19:15.816+0300] {logging_mixin.py:188} INFO - [2026-06-21T22:19:15.812+0300] {dag.py:3954} INFO - Setting next_dagrun for tutorial to 2026-06-20 00:00:00+00:00, run_after=2026-06-21 00:00:00+00:00
[2026-06-21T22:19:15.974+0300] {processor.py:183} INFO - Processing /media/data/omar/programming course/DEPI/DEPI project/anomx/venv/lib/python3.12/site-packages/airflow/example_dags/tutorial.py took 0.429 seconds
[2026-06-21T22:20:14.943+0300] {processor.py:161} INFO - Started process (PID=20160) to work on /media/data/omar/programming course/DEPI/DEPI project/anomx/venv/lib/python3.12/site-packages/airflow/example_dags/tutorial.py
[2026-06-21T22:20:14.946+0300] {processor.py:830} INFO - Processing file /media/data/omar/programming course/DEPI/DEPI project/anomx/venv/lib/python3.12/site-packages/airflow/example_dags/tutorial.py for tasks to queue
[2026-06-21T22:20:14.951+0300] {logging_mixin.py:188} INFO - [2026-06-21T22:20:14.950+0300] {dagbag.py:540} INFO - Filling up the DagBag from /media/data/omar/programming course/DEPI/DEPI project/anomx/venv/lib/python3.12/site-packages/airflow/example_dags/tutorial.py
[2026-06-21T22:20:14.961+0300] {processor.py:840} INFO - DAG(s) 'tutorial' retrieved from /media/data/omar/programming course/DEPI/DEPI project/anomx/venv/lib/python3.12/site-packages/airflow/example_dags/tutorial.py
[2026-06-21T22:20:14.976+0300] {logging_mixin.py:188} INFO - [2026-06-21T22:20:14.976+0300] {dag.py:3096} INFO - Sync 1 DAGs
[2026-06-21T22:20:14.991+0300] {logging_mixin.py:188} INFO - [2026-06-21T22:20:14.991+0300] {dag.py:3954} INFO - Setting next_dagrun for tutorial to 2026-06-20 00:00:00+00:00, run_after=2026-06-21 00:00:00+00:00
[2026-06-21T22:20:15.016+0300] {processor.py:183} INFO - Processing /media/data/omar/programming course/DEPI/DEPI project/anomx/venv/lib/python3.12/site-packages/airflow/example_dags/tutorial.py took 0.090 seconds
[2026-06-21T22:20:52.936+0300] {processor.py:161} INFO - Started process (PID=20222) to work on /media/data/omar/programming course/DEPI/DEPI project/anomx/venv/lib/python3.12/site-packages/airflow/example_dags/tutorial.py
[2026-06-21T22:20:52.939+0300] {processor.py:830} INFO - Processing file /media/data/omar/programming course/DEPI/DEPI project/anomx/venv/lib/python3.12/site-packages/airflow/example_dags/tutorial.py for tasks to queue
[2026-06-21T22:20:52.944+0300] {logging_mixin.py:188} INFO - [2026-06-21T22:20:52.943+0300] {dagbag.py:540} INFO - Filling up the DagBag from /media/data/omar/programming course/DEPI/DEPI project/anomx/venv/lib/python3.12/site-packages/airflow/example_dags/tutorial.py
[2026-06-21T22:20:52.965+0300] {processor.py:840} INFO - DAG(s) 'tutorial' retrieved from /media/data/omar/programming course/DEPI/DEPI project/anomx/venv/lib/python3.12/site-packages/airflow/example_dags/tutorial.py
[2026-06-21T22:20:52.993+0300] {logging_mixin.py:188} INFO - [2026-06-21T22:20:52.993+0300] {dag.py:3096} INFO - Sync 1 DAGs
[2026-06-21T22:20:53.008+0300] {logging_mixin.py:188} INFO - [2026-06-21T22:20:53.008+0300] {dag.py:3954} INFO - Setting next_dagrun for tutorial to 2026-06-20 00:00:00+00:00, run_after=2026-06-21 00:00:00+00:00
[2026-06-21T22:20:53.034+0300] {processor.py:183} INFO - Processing /media/data/omar/programming course/DEPI/DEPI project/anomx/venv/lib/python3.12/site-packages/airflow/example_dags/tutorial.py took 0.115 seconds
[2026-06-21T22:21:52.654+0300] {processor.py:161} INFO - Started process (PID=20317) to work on /media/data/omar/programming course/DEPI/DEPI project/anomx/venv/lib/python3.12/site-packages/airflow/example_dags/tutorial.py
[2026-06-21T22:21:52.655+0300] {processor.py:830} INFO - Processing file /media/data/omar/programming course/DEPI/DEPI project/anomx/venv/lib/python3.12/site-packages/airflow/example_dags/tutorial.py for tasks to queue
[2026-06-21T22:21:52.656+0300] {logging_mixin.py:188} INFO - [2026-06-21T22:21:52.656+0300] {dagbag.py:540} INFO - Filling up the DagBag from /media/data/omar/programming course/DEPI/DEPI project/anomx/venv/lib/python3.12/site-packages/airflow/example_dags/tutorial.py
[2026-06-21T22:21:52.665+0300] {processor.py:840} INFO - DAG(s) 'tutorial' retrieved from /media/data/omar/programming course/DEPI/DEPI project/anomx/venv/lib/python3.12/site-packages/airflow/example_dags/tutorial.py
[2026-06-21T22:21:52.685+0300] {logging_mixin.py:188} INFO - [2026-06-21T22:21:52.685+0300] {dag.py:3096} INFO - Sync 1 DAGs
[2026-06-21T22:21:52.707+0300] {logging_mixin.py:188} INFO - [2026-06-21T22:21:52.707+0300] {dag.py:3954} INFO - Setting next_dagrun for tutorial to 2026-06-20 00:00:00+00:00, run_after=2026-06-21 00:00:00+00:00
[2026-06-21T22:21:52.743+0300] {processor.py:183} INFO - Processing /media/data/omar/programming course/DEPI/DEPI project/anomx/venv/lib/python3.12/site-packages/airflow/example_dags/tutorial.py took 0.100 seconds
[2026-06-21T22:23:03.599+0300] {processor.py:161} INFO - Started process (PID=20453) to work on /media/data/omar/programming course/DEPI/DEPI project/anomx/venv/lib/python3.12/site-packages/airflow/example_dags/tutorial.py
[2026-06-21T22:23:03.600+0300] {processor.py:830} INFO - Processing file /media/data/omar/programming course/DEPI/DEPI project/anomx/venv/lib/python3.12/site-packages/airflow/example_dags/tutorial.py for tasks to queue
[2026-06-21T22:23:03.604+0300] {logging_mixin.py:188} INFO - [2026-06-21T22:23:03.603+0300] {dagbag.py:540} INFO - Filling up the DagBag from /media/data/omar/programming course/DEPI/DEPI project/anomx/venv/lib/python3.12/site-packages/airflow/example_dags/tutorial.py
[2026-06-21T22:23:03.627+0300] {processor.py:840} INFO - DAG(s) 'tutorial' retrieved from /media/data/omar/programming course/DEPI/DEPI project/anomx/venv/lib/python3.12/site-packages/airflow/example_dags/tutorial.py
[2026-06-21T22:23:03.680+0300] {logging_mixin.py:188} INFO - [2026-06-21T22:23:03.680+0300] {dag.py:3096} INFO - Sync 1 DAGs
[2026-06-21T22:23:03.725+0300] {logging_mixin.py:188} INFO - [2026-06-21T22:23:03.723+0300] {dag.py:3954} INFO - Setting next_dagrun for tutorial to 2026-06-20 00:00:00+00:00, run_after=2026-06-21 00:00:00+00:00
[2026-06-21T22:23:03.779+0300] {processor.py:183} INFO - Processing /media/data/omar/programming course/DEPI/DEPI project/anomx/venv/lib/python3.12/site-packages/airflow/example_dags/tutorial.py took 0.193 seconds
[2026-06-21T22:24:04.445+0300] {processor.py:161} INFO - Started process (PID=20548) to work on /media/data/omar/programming course/DEPI/DEPI project/anomx/venv/lib/python3.12/site-packages/airflow/example_dags/tutorial.py
[2026-06-21T22:24:04.447+0300] {processor.py:830} INFO - Processing file /media/data/omar/programming course/DEPI/DEPI project/anomx/venv/lib/python3.12/site-packages/airflow/example_dags/tutorial.py for tasks to queue
[2026-06-21T22:24:04.449+0300] {logging_mixin.py:188} INFO - [2026-06-21T22:24:04.448+0300] {dagbag.py:540} INFO - Filling up the DagBag from /media/data/omar/programming course/DEPI/DEPI project/anomx/venv/lib/python3.12/site-packages/airflow/example_dags/tutorial.py
[2026-06-21T22:24:04.457+0300] {processor.py:840} INFO - DAG(s) 'tutorial' retrieved from /media/data/omar/programming course/DEPI/DEPI project/anomx/venv/lib/python3.12/site-packages/airflow/example_dags/tutorial.py
[2026-06-21T22:24:04.471+0300] {logging_mixin.py:188} INFO - [2026-06-21T22:24:04.471+0300] {dag.py:3096} INFO - Sync 1 DAGs
[2026-06-21T22:24:04.487+0300] {logging_mixin.py:188} INFO - [2026-06-21T22:24:04.487+0300] {dag.py:3954} INFO - Setting next_dagrun for tutorial to 2026-06-20 00:00:00+00:00, run_after=2026-06-21 00:00:00+00:00
[2026-06-21T22:24:04.513+0300] {processor.py:183} INFO - Processing /media/data/omar/programming course/DEPI/DEPI project/anomx/venv/lib/python3.12/site-packages/airflow/example_dags/tutorial.py took 0.078 seconds
[2026-06-21T22:47:53.792+0300] {processor.py:161} INFO - Started process (PID=22116) to work on /media/data/omar/programming course/DEPI/DEPI project/anomx/venv/lib/python3.12/site-packages/airflow/example_dags/tutorial.py
[2026-06-21T22:47:53.794+0300] {processor.py:830} INFO - Processing file /media/data/omar/programming course/DEPI/DEPI project/anomx/venv/lib/python3.12/site-packages/airflow/example_dags/tutorial.py for tasks to queue
[2026-06-21T22:47:53.798+0300] {logging_mixin.py:188} INFO - [2026-06-21T22:47:53.797+0300] {dagbag.py:540} INFO - Filling up the DagBag from /media/data/omar/programming course/DEPI/DEPI project/anomx/venv/lib/python3.12/site-packages/airflow/example_dags/tutorial.py
[2026-06-21T22:47:53.826+0300] {processor.py:840} INFO - DAG(s) 'tutorial' retrieved from /media/data/omar/programming course/DEPI/DEPI project/anomx/venv/lib/python3.12/site-packages/airflow/example_dags/tutorial.py
[2026-06-21T22:47:53.867+0300] {logging_mixin.py:188} INFO - [2026-06-21T22:47:53.867+0300] {dag.py:3096} INFO - Sync 1 DAGs
[2026-06-21T22:47:53.878+0300] {logging_mixin.py:188} INFO - [2026-06-21T22:47:53.877+0300] {dag.py:3118} INFO - Creating ORM DAG for tutorial
[2026-06-21T22:47:53.888+0300] {logging_mixin.py:188} INFO - [2026-06-21T22:47:53.888+0300] {dag.py:3954} INFO - Setting next_dagrun for tutorial to 2026-06-20 00:00:00+00:00, run_after=2026-06-21 00:00:00+00:00
[2026-06-21T22:47:53.919+0300] {processor.py:183} INFO - Processing /media/data/omar/programming course/DEPI/DEPI project/anomx/venv/lib/python3.12/site-packages/airflow/example_dags/tutorial.py took 0.137 seconds
[2026-06-21T22:48:51.565+0300] {processor.py:161} INFO - Started process (PID=22207) to work on /media/data/omar/programming course/DEPI/DEPI project/anomx/venv/lib/python3.12/site-packages/airflow/example_dags/tutorial.py
[2026-06-21T22:48:51.567+0300] {processor.py:830} INFO - Processing file /media/data/omar/programming course/DEPI/DEPI project/anomx/venv/lib/python3.12/site-packages/airflow/example_dags/tutorial.py for tasks to queue
[2026-06-21T22:48:51.570+0300] {logging_mixin.py:188} INFO - [2026-06-21T22:48:51.569+0300] {dagbag.py:540} INFO - Filling up the DagBag from /media/data/omar/programming course/DEPI/DEPI project/anomx/venv/lib/python3.12/site-packages/airflow/example_dags/tutorial.py
[2026-06-21T22:48:51.579+0300] {processor.py:840} INFO - DAG(s) 'tutorial' retrieved from /media/data/omar/programming course/DEPI/DEPI project/anomx/venv/lib/python3.12/site-packages/airflow/example_dags/tutorial.py
[2026-06-21T22:48:51.596+0300] {logging_mixin.py:188} INFO - [2026-06-21T22:48:51.595+0300] {dag.py:3096} INFO - Sync 1 DAGs
[2026-06-21T22:48:51.613+0300] {logging_mixin.py:188} INFO - [2026-06-21T22:48:51.612+0300] {dag.py:3954} INFO - Setting next_dagrun for tutorial to 2026-06-20 00:00:00+00:00, run_after=2026-06-21 00:00:00+00:00
[2026-06-21T22:48:51.650+0300] {processor.py:183} INFO - Processing /media/data/omar/programming course/DEPI/DEPI project/anomx/venv/lib/python3.12/site-packages/airflow/example_dags/tutorial.py took 0.100 seconds
[2026-06-21T22:49:48.120+0300] {processor.py:161} INFO - Started process (PID=22299) to work on /media/data/omar/programming course/DEPI/DEPI project/anomx/venv/lib/python3.12/site-packages/airflow/example_dags/tutorial.py
[2026-06-21T22:49:48.122+0300] {processor.py:830} INFO - Processing file /media/data/omar/programming course/DEPI/DEPI project/anomx/venv/lib/python3.12/site-packages/airflow/example_dags/tutorial.py for tasks to queue
[2026-06-21T22:49:48.126+0300] {logging_mixin.py:188} INFO - [2026-06-21T22:49:48.125+0300] {dagbag.py:540} INFO - Filling up the DagBag from /media/data/omar/programming course/DEPI/DEPI project/anomx/venv/lib/python3.12/site-packages/airflow/example_dags/tutorial.py
[2026-06-21T22:49:48.138+0300] {processor.py:840} INFO - DAG(s) 'tutorial' retrieved from /media/data/omar/programming course/DEPI/DEPI project/anomx/venv/lib/python3.12/site-packages/airflow/example_dags/tutorial.py
[2026-06-21T22:49:48.155+0300] {logging_mixin.py:188} INFO - [2026-06-21T22:49:48.154+0300] {dag.py:3096} INFO - Sync 1 DAGs
[2026-06-21T22:49:48.172+0300] {logging_mixin.py:188} INFO - [2026-06-21T22:49:48.172+0300] {dag.py:3954} INFO - Setting next_dagrun for tutorial to 2026-06-20 00:00:00+00:00, run_after=2026-06-21 00:00:00+00:00
[2026-06-21T22:49:48.203+0300] {processor.py:183} INFO - Processing /media/data/omar/programming course/DEPI/DEPI project/anomx/venv/lib/python3.12/site-packages/airflow/example_dags/tutorial.py took 0.098 seconds
[2026-06-21T22:50:44.228+0300] {processor.py:161} INFO - Started process (PID=22454) to work on /media/data/omar/programming course/DEPI/DEPI project/anomx/venv/lib/python3.12/site-packages/airflow/example_dags/tutorial.py
[2026-06-21T22:50:44.233+0300] {processor.py:830} INFO - Processing file /media/data/omar/programming course/DEPI/DEPI project/anomx/venv/lib/python3.12/site-packages/airflow/example_dags/tutorial.py for tasks to queue
[2026-06-21T22:50:44.238+0300] {logging_mixin.py:188} INFO - [2026-06-21T22:50:44.238+0300] {dagbag.py:540} INFO - Filling up the DagBag from /media/data/omar/programming course/DEPI/DEPI project/anomx/venv/lib/python3.12/site-packages/airflow/example_dags/tutorial.py
[2026-06-21T22:50:44.255+0300] {processor.py:840} INFO - DAG(s) 'tutorial' retrieved from /media/data/omar/programming course/DEPI/DEPI project/anomx/venv/lib/python3.12/site-packages/airflow/example_dags/tutorial.py
[2026-06-21T22:50:44.275+0300] {logging_mixin.py:188} INFO - [2026-06-21T22:50:44.275+0300] {dag.py:3096} INFO - Sync 1 DAGs
[2026-06-21T22:50:44.318+0300] {logging_mixin.py:188} INFO - [2026-06-21T22:50:44.316+0300] {dag.py:3954} INFO - Setting next_dagrun for tutorial to 2026-06-20 00:00:00+00:00, run_after=2026-06-21 00:00:00+00:00
[2026-06-21T22:50:44.416+0300] {processor.py:183} INFO - Processing /media/data/omar/programming course/DEPI/DEPI project/anomx/venv/lib/python3.12/site-packages/airflow/example_dags/tutorial.py took 0.206 seconds
