[2026-06-21T21:38:44.734+0300] {processor.py:161} INFO - Started process (PID=15080) to work on /media/data/omar/programming course/DEPI/DEPI project/anomx/venv/lib/python3.12/site-packages/airflow/example_dags/tutorial_dag.py
[2026-06-21T21:38:44.734+0300] {processor.py:830} INFO - Processing file /media/data/omar/programming course/DEPI/DEPI project/anomx/venv/lib/python3.12/site-packages/airflow/example_dags/tutorial_dag.py for tasks to queue
[2026-06-21T21:38:44.736+0300] {logging_mixin.py:188} INFO - [2026-06-21T21:38:44.736+0300] {dagbag.py:540} INFO - Filling up the DagBag from /media/data/omar/programming course/DEPI/DEPI project/anomx/venv/lib/python3.12/site-packages/airflow/example_dags/tutorial_dag.py
[2026-06-21T21:38:44.749+0300] {processor.py:840} INFO - DAG(s) 'tutorial_dag' retrieved from /media/data/omar/programming course/DEPI/DEPI project/anomx/venv/lib/python3.12/site-packages/airflow/example_dags/tutorial_dag.py
[2026-06-21T21:38:44.962+0300] {logging_mixin.py:188} INFO - [2026-06-21T21:38:44.962+0300] {override.py:1829} INFO - Created Permission View: can edit on DAG:tutorial_dag
[2026-06-21T21:38:44.980+0300] {logging_mixin.py:188} INFO - [2026-06-21T21:38:44.980+0300] {override.py:1829} INFO - Created Permission View: can read on DAG:tutorial_dag
[2026-06-21T21:38:44.996+0300] {logging_mixin.py:188} INFO - [2026-06-21T21:38:44.995+0300] {override.py:1829} INFO - Created Permission View: can delete on DAG:tutorial_dag
[2026-06-21T21:38:44.996+0300] {logging_mixin.py:188} INFO - [2026-06-21T21:38:44.996+0300] {dag.py:3096} INFO - Sync 1 DAGs
[2026-06-21T21:38:45.008+0300] {logging_mixin.py:188} INFO - [2026-06-21T21:38:45.007+0300] {dag.py:3118} INFO - Creating ORM DAG for tutorial_dag
[2026-06-21T21:38:45.009+0300] {logging_mixin.py:188} INFO - [2026-06-21T21:38:45.009+0300] {dag.py:3954} INFO - Setting next_dagrun for tutorial_dag to None, run_after=None
[2026-06-21T21:38:45.036+0300] {processor.py:183} INFO - Processing /media/data/omar/programming course/DEPI/DEPI project/anomx/venv/lib/python3.12/site-packages/airflow/example_dags/tutorial_dag.py took 0.311 seconds
[2026-06-21T21:39:53.066+0300] {processor.py:161} INFO - Started process (PID=15174) to work on /media/data/omar/programming course/DEPI/DEPI project/anomx/venv/lib/python3.12/site-packages/airflow/example_dags/tutorial_dag.py
[2026-06-21T21:39:53.067+0300] {processor.py:830} INFO - Processing file /media/data/omar/programming course/DEPI/DEPI project/anomx/venv/lib/python3.12/site-packages/airflow/example_dags/tutorial_dag.py for tasks to queue
[2026-06-21T21:39:53.070+0300] {logging_mixin.py:188} INFO - [2026-06-21T21:39:53.070+0300] {dagbag.py:540} INFO - Filling up the DagBag from /media/data/omar/programming course/DEPI/DEPI project/anomx/venv/lib/python3.12/site-packages/airflow/example_dags/tutorial_dag.py
[2026-06-21T21:39:53.081+0300] {processor.py:840} INFO - DAG(s) 'tutorial_dag' retrieved from /media/data/omar/programming course/DEPI/DEPI project/anomx/venv/lib/python3.12/site-packages/airflow/example_dags/tutorial_dag.py
[2026-06-21T21:39:53.099+0300] {logging_mixin.py:188} INFO - [2026-06-21T21:39:53.099+0300] {dag.py:3096} INFO - Sync 1 DAGs
[2026-06-21T21:39:53.110+0300] {logging_mixin.py:188} INFO - [2026-06-21T21:39:53.110+0300] {dag.py:3954} INFO - Setting next_dagrun for tutorial_dag to None, run_after=None
[2026-06-21T21:39:53.146+0300] {processor.py:183} INFO - Processing /media/data/omar/programming course/DEPI/DEPI project/anomx/venv/lib/python3.12/site-packages/airflow/example_dags/tutorial_dag.py took 0.090 seconds
[2026-06-21T21:40:52.599+0300] {processor.py:161} INFO - Started process (PID=15273) to work on /media/data/omar/programming course/DEPI/DEPI project/anomx/venv/lib/python3.12/site-packages/airflow/example_dags/tutorial_dag.py
[2026-06-21T21:40:52.601+0300] {processor.py:830} INFO - Processing file /media/data/omar/programming course/DEPI/DEPI project/anomx/venv/lib/python3.12/site-packages/airflow/example_dags/tutorial_dag.py for tasks to queue
[2026-06-21T21:40:52.605+0300] {logging_mixin.py:188} INFO - [2026-06-21T21:40:52.604+0300] {dagbag.py:540} INFO - Filling up the DagBag from /media/data/omar/programming course/DEPI/DEPI project/anomx/venv/lib/python3.12/site-packages/airflow/example_dags/tutorial_dag.py
[2026-06-21T21:40:52.617+0300] {processor.py:840} INFO - DAG(s) 'tutorial_dag' retrieved from /media/data/omar/programming course/DEPI/DEPI project/anomx/venv/lib/python3.12/site-packages/airflow/example_dags/tutorial_dag.py
[2026-06-21T21:40:52.636+0300] {logging_mixin.py:188} INFO - [2026-06-21T21:40:52.635+0300] {dag.py:3096} INFO - Sync 1 DAGs
[2026-06-21T21:40:52.647+0300] {logging_mixin.py:188} INFO - [2026-06-21T21:40:52.646+0300] {dag.py:3954} INFO - Setting next_dagrun for tutorial_dag to None, run_after=None
[2026-06-21T21:40:52.672+0300] {processor.py:183} INFO - Processing /media/data/omar/programming course/DEPI/DEPI project/anomx/venv/lib/python3.12/site-packages/airflow/example_dags/tutorial_dag.py took 0.087 seconds
[2026-06-21T21:41:53.611+0300] {processor.py:161} INFO - Started process (PID=15407) to work on /media/data/omar/programming course/DEPI/DEPI project/anomx/venv/lib/python3.12/site-packages/airflow/example_dags/tutorial_dag.py
[2026-06-21T21:41:53.613+0300] {processor.py:830} INFO - Processing file /media/data/omar/programming course/DEPI/DEPI project/anomx/venv/lib/python3.12/site-packages/airflow/example_dags/tutorial_dag.py for tasks to queue
[2026-06-21T21:41:53.616+0300] {logging_mixin.py:188} INFO - [2026-06-21T21:41:53.615+0300] {dagbag.py:540} INFO - Filling up the DagBag from /media/data/omar/programming course/DEPI/DEPI project/anomx/venv/lib/python3.12/site-packages/airflow/example_dags/tutorial_dag.py
[2026-06-21T21:41:53.631+0300] {processor.py:840} INFO - DAG(s) 'tutorial_dag' retrieved from /media/data/omar/programming course/DEPI/DEPI project/anomx/venv/lib/python3.12/site-packages/airflow/example_dags/tutorial_dag.py
[2026-06-21T21:41:53.739+0300] {logging_mixin.py:188} INFO - [2026-06-21T21:41:53.738+0300] {dag.py:3096} INFO - Sync 1 DAGs
[2026-06-21T21:41:53.769+0300] {logging_mixin.py:188} INFO - [2026-06-21T21:41:53.768+0300] {dag.py:3954} INFO - Setting next_dagrun for tutorial_dag to None, run_after=None
[2026-06-21T21:41:53.855+0300] {processor.py:183} INFO - Processing /media/data/omar/programming course/DEPI/DEPI project/anomx/venv/lib/python3.12/site-packages/airflow/example_dags/tutorial_dag.py took 0.258 seconds
[2026-06-21T21:43:01.559+0300] {processor.py:161} INFO - Started process (PID=15628) to work on /media/data/omar/programming course/DEPI/DEPI project/anomx/venv/lib/python3.12/site-packages/airflow/example_dags/tutorial_dag.py
[2026-06-21T21:43:01.561+0300] {processor.py:830} INFO - Processing file /media/data/omar/programming course/DEPI/DEPI project/anomx/venv/lib/python3.12/site-packages/airflow/example_dags/tutorial_dag.py for tasks to queue
[2026-06-21T21:43:01.565+0300] {logging_mixin.py:188} INFO - [2026-06-21T21:43:01.564+0300] {dagbag.py:540} INFO - Filling up the DagBag from /media/data/omar/programming course/DEPI/DEPI project/anomx/venv/lib/python3.12/site-packages/airflow/example_dags/tutorial_dag.py
[2026-06-21T21:43:01.581+0300] {processor.py:840} INFO - DAG(s) 'tutorial_dag' retrieved from /media/data/omar/programming course/DEPI/DEPI project/anomx/venv/lib/python3.12/site-packages/airflow/example_dags/tutorial_dag.py
[2026-06-21T21:43:01.609+0300] {logging_mixin.py:188} INFO - [2026-06-21T21:43:01.608+0300] {dag.py:3096} INFO - Sync 1 DAGs
[2026-06-21T21:43:01.624+0300] {logging_mixin.py:188} INFO - [2026-06-21T21:43:01.623+0300] {dag.py:3954} INFO - Setting next_dagrun for tutorial_dag to None, run_after=None
[2026-06-21T21:43:01.682+0300] {processor.py:183} INFO - Processing /media/data/omar/programming course/DEPI/DEPI project/anomx/venv/lib/python3.12/site-packages/airflow/example_dags/tutorial_dag.py took 0.137 seconds
[2026-06-21T21:44:01.860+0300] {processor.py:161} INFO - Started process (PID=15741) to work on /media/data/omar/programming course/DEPI/DEPI project/anomx/venv/lib/python3.12/site-packages/airflow/example_dags/tutorial_dag.py
[2026-06-21T21:44:01.861+0300] {processor.py:830} INFO - Processing file /media/data/omar/programming course/DEPI/DEPI project/anomx/venv/lib/python3.12/site-packages/airflow/example_dags/tutorial_dag.py for tasks to queue
[2026-06-21T21:44:01.863+0300] {logging_mixin.py:188} INFO - [2026-06-21T21:44:01.862+0300] {dagbag.py:540} INFO - Filling up the DagBag from /media/data/omar/programming course/DEPI/DEPI project/anomx/venv/lib/python3.12/site-packages/airflow/example_dags/tutorial_dag.py
[2026-06-21T21:44:01.869+0300] {processor.py:840} INFO - DAG(s) 'tutorial_dag' retrieved from /media/data/omar/programming course/DEPI/DEPI project/anomx/venv/lib/python3.12/site-packages/airflow/example_dags/tutorial_dag.py
[2026-06-21T21:44:01.886+0300] {logging_mixin.py:188} INFO - [2026-06-21T21:44:01.885+0300] {dag.py:3096} INFO - Sync 1 DAGs
[2026-06-21T21:44:01.898+0300] {logging_mixin.py:188} INFO - [2026-06-21T21:44:01.897+0300] {dag.py:3954} INFO - Setting next_dagrun for tutorial_dag to None, run_after=None
[2026-06-21T21:44:01.929+0300] {processor.py:183} INFO - Processing /media/data/omar/programming course/DEPI/DEPI project/anomx/venv/lib/python3.12/site-packages/airflow/example_dags/tutorial_dag.py took 0.078 seconds
[2026-06-21T21:46:06.792+0300] {processor.py:161} INFO - Started process (PID=15985) to work on /media/data/omar/programming course/DEPI/DEPI project/anomx/venv/lib/python3.12/site-packages/airflow/example_dags/tutorial_dag.py
[2026-06-21T21:46:06.793+0300] {processor.py:830} INFO - Processing file /media/data/omar/programming course/DEPI/DEPI project/anomx/venv/lib/python3.12/site-packages/airflow/example_dags/tutorial_dag.py for tasks to queue
[2026-06-21T21:46:06.795+0300] {logging_mixin.py:188} INFO - [2026-06-21T21:46:06.794+0300] {dagbag.py:540} INFO - Filling up the DagBag from /media/data/omar/programming course/DEPI/DEPI project/anomx/venv/lib/python3.12/site-packages/airflow/example_dags/tutorial_dag.py
[2026-06-21T21:46:06.801+0300] {processor.py:840} INFO - DAG(s) 'tutorial_dag' retrieved from /media/data/omar/programming course/DEPI/DEPI project/anomx/venv/lib/python3.12/site-packages/airflow/example_dags/tutorial_dag.py
[2026-06-21T21:46:06.817+0300] {logging_mixin.py:188} INFO - [2026-06-21T21:46:06.816+0300] {dag.py:3096} INFO - Sync 1 DAGs
[2026-06-21T21:46:06.828+0300] {logging_mixin.py:188} INFO - [2026-06-21T21:46:06.827+0300] {dag.py:3954} INFO - Setting next_dagrun for tutorial_dag to None, run_after=None
[2026-06-21T21:46:06.858+0300] {processor.py:183} INFO - Processing /media/data/omar/programming course/DEPI/DEPI project/anomx/venv/lib/python3.12/site-packages/airflow/example_dags/tutorial_dag.py took 0.072 seconds
[2026-06-21T21:47:34.021+0300] {processor.py:161} INFO - Started process (PID=16151) to work on /media/data/omar/programming course/DEPI/DEPI project/anomx/venv/lib/python3.12/site-packages/airflow/example_dags/tutorial_dag.py
[2026-06-21T21:47:34.022+0300] {processor.py:830} INFO - Processing file /media/data/omar/programming course/DEPI/DEPI project/anomx/venv/lib/python3.12/site-packages/airflow/example_dags/tutorial_dag.py for tasks to queue
[2026-06-21T21:47:34.025+0300] {logging_mixin.py:188} INFO - [2026-06-21T21:47:34.024+0300] {dagbag.py:540} INFO - Filling up the DagBag from /media/data/omar/programming course/DEPI/DEPI project/anomx/venv/lib/python3.12/site-packages/airflow/example_dags/tutorial_dag.py
[2026-06-21T21:47:34.034+0300] {processor.py:840} INFO - DAG(s) 'tutorial_dag' retrieved from /media/data/omar/programming course/DEPI/DEPI project/anomx/venv/lib/python3.12/site-packages/airflow/example_dags/tutorial_dag.py
[2026-06-21T21:47:34.053+0300] {logging_mixin.py:188} INFO - [2026-06-21T21:47:34.052+0300] {dag.py:3096} INFO - Sync 1 DAGs
[2026-06-21T21:47:34.065+0300] {logging_mixin.py:188} INFO - [2026-06-21T21:47:34.064+0300] {dag.py:3954} INFO - Setting next_dagrun for tutorial_dag to None, run_after=None
[2026-06-21T21:47:34.099+0300] {processor.py:183} INFO - Processing /media/data/omar/programming course/DEPI/DEPI project/anomx/venv/lib/python3.12/site-packages/airflow/example_dags/tutorial_dag.py took 0.086 seconds
[2026-06-21T21:48:34.497+0300] {processor.py:161} INFO - Started process (PID=16243) to work on /media/data/omar/programming course/DEPI/DEPI project/anomx/venv/lib/python3.12/site-packages/airflow/example_dags/tutorial_dag.py
[2026-06-21T21:48:34.499+0300] {processor.py:830} INFO - Processing file /media/data/omar/programming course/DEPI/DEPI project/anomx/venv/lib/python3.12/site-packages/airflow/example_dags/tutorial_dag.py for tasks to queue
[2026-06-21T21:48:34.502+0300] {logging_mixin.py:188} INFO - [2026-06-21T21:48:34.501+0300] {dagbag.py:540} INFO - Filling up the DagBag from /media/data/omar/programming course/DEPI/DEPI project/anomx/venv/lib/python3.12/site-packages/airflow/example_dags/tutorial_dag.py
[2026-06-21T21:48:34.511+0300] {processor.py:840} INFO - DAG(s) 'tutorial_dag' retrieved from /media/data/omar/programming course/DEPI/DEPI project/anomx/venv/lib/python3.12/site-packages/airflow/example_dags/tutorial_dag.py
[2026-06-21T21:48:34.527+0300] {logging_mixin.py:188} INFO - [2026-06-21T21:48:34.527+0300] {dag.py:3096} INFO - Sync 1 DAGs
[2026-06-21T21:48:34.538+0300] {logging_mixin.py:188} INFO - [2026-06-21T21:48:34.537+0300] {dag.py:3954} INFO - Setting next_dagrun for tutorial_dag to None, run_after=None
[2026-06-21T21:48:34.566+0300] {processor.py:183} INFO - Processing /media/data/omar/programming course/DEPI/DEPI project/anomx/venv/lib/python3.12/site-packages/airflow/example_dags/tutorial_dag.py took 0.085 seconds
[2026-06-21T21:49:34.224+0300] {processor.py:161} INFO - Started process (PID=16338) to work on /media/data/omar/programming course/DEPI/DEPI project/anomx/venv/lib/python3.12/site-packages/airflow/example_dags/tutorial_dag.py
[2026-06-21T21:49:34.227+0300] {processor.py:830} INFO - Processing file /media/data/omar/programming course/DEPI/DEPI project/anomx/venv/lib/python3.12/site-packages/airflow/example_dags/tutorial_dag.py for tasks to queue
[2026-06-21T21:49:34.232+0300] {logging_mixin.py:188} INFO - [2026-06-21T21:49:34.231+0300] {dagbag.py:540} INFO - Filling up the DagBag from /media/data/omar/programming course/DEPI/DEPI project/anomx/venv/lib/python3.12/site-packages/airflow/example_dags/tutorial_dag.py
[2026-06-21T21:49:34.243+0300] {processor.py:840} INFO - DAG(s) 'tutorial_dag' retrieved from /media/data/omar/programming course/DEPI/DEPI project/anomx/venv/lib/python3.12/site-packages/airflow/example_dags/tutorial_dag.py
[2026-06-21T21:49:34.267+0300] {logging_mixin.py:188} INFO - [2026-06-21T21:49:34.267+0300] {dag.py:3096} INFO - Sync 1 DAGs
[2026-06-21T21:49:34.278+0300] {logging_mixin.py:188} INFO - [2026-06-21T21:49:34.278+0300] {dag.py:3954} INFO - Setting next_dagrun for tutorial_dag to None, run_after=None
[2026-06-21T21:49:34.307+0300] {processor.py:183} INFO - Processing /media/data/omar/programming course/DEPI/DEPI project/anomx/venv/lib/python3.12/site-packages/airflow/example_dags/tutorial_dag.py took 0.104 seconds
[2026-06-21T21:50:49.840+0300] {processor.py:161} INFO - Started process (PID=16472) to work on /media/data/omar/programming course/DEPI/DEPI project/anomx/venv/lib/python3.12/site-packages/airflow/example_dags/tutorial_dag.py
[2026-06-21T21:50:49.841+0300] {processor.py:830} INFO - Processing file /media/data/omar/programming course/DEPI/DEPI project/anomx/venv/lib/python3.12/site-packages/airflow/example_dags/tutorial_dag.py for tasks to queue
[2026-06-21T21:50:49.842+0300] {logging_mixin.py:188} INFO - [2026-06-21T21:50:49.842+0300] {dagbag.py:540} INFO - Filling up the DagBag from /media/data/omar/programming course/DEPI/DEPI project/anomx/venv/lib/python3.12/site-packages/airflow/example_dags/tutorial_dag.py
[2026-06-21T21:50:49.849+0300] {processor.py:840} INFO - DAG(s) 'tutorial_dag' retrieved from /media/data/omar/programming course/DEPI/DEPI project/anomx/venv/lib/python3.12/site-packages/airflow/example_dags/tutorial_dag.py
[2026-06-21T21:50:49.865+0300] {logging_mixin.py:188} INFO - [2026-06-21T21:50:49.864+0300] {dag.py:3096} INFO - Sync 1 DAGs
[2026-06-21T21:50:49.875+0300] {logging_mixin.py:188} INFO - [2026-06-21T21:50:49.875+0300] {dag.py:3954} INFO - Setting next_dagrun for tutorial_dag to None, run_after=None
[2026-06-21T21:50:49.903+0300] {processor.py:183} INFO - Processing /media/data/omar/programming course/DEPI/DEPI project/anomx/venv/lib/python3.12/site-packages/airflow/example_dags/tutorial_dag.py took 0.069 seconds
[2026-06-21T21:52:01.832+0300] {processor.py:161} INFO - Started process (PID=16605) to work on /media/data/omar/programming course/DEPI/DEPI project/anomx/venv/lib/python3.12/site-packages/airflow/example_dags/tutorial_dag.py
[2026-06-21T21:52:01.833+0300] {processor.py:830} INFO - Processing file /media/data/omar/programming course/DEPI/DEPI project/anomx/venv/lib/python3.12/site-packages/airflow/example_dags/tutorial_dag.py for tasks to queue
[2026-06-21T21:52:01.834+0300] {logging_mixin.py:188} INFO - [2026-06-21T21:52:01.834+0300] {dagbag.py:540} INFO - Filling up the DagBag from /media/data/omar/programming course/DEPI/DEPI project/anomx/venv/lib/python3.12/site-packages/airflow/example_dags/tutorial_dag.py
[2026-06-21T21:52:01.846+0300] {processor.py:840} INFO - DAG(s) 'tutorial_dag' retrieved from /media/data/omar/programming course/DEPI/DEPI project/anomx/venv/lib/python3.12/site-packages/airflow/example_dags/tutorial_dag.py
[2026-06-21T21:52:01.870+0300] {logging_mixin.py:188} INFO - [2026-06-21T21:52:01.869+0300] {dag.py:3096} INFO - Sync 1 DAGs
[2026-06-21T21:52:01.881+0300] {logging_mixin.py:188} INFO - [2026-06-21T21:52:01.880+0300] {dag.py:3954} INFO - Setting next_dagrun for tutorial_dag to None, run_after=None
[2026-06-21T21:52:01.911+0300] {processor.py:183} INFO - Processing /media/data/omar/programming course/DEPI/DEPI project/anomx/venv/lib/python3.12/site-packages/airflow/example_dags/tutorial_dag.py took 0.088 seconds
[2026-06-21T21:52:53.030+0300] {processor.py:161} INFO - Started process (PID=16695) to work on /media/data/omar/programming course/DEPI/DEPI project/anomx/venv/lib/python3.12/site-packages/airflow/example_dags/tutorial_dag.py
[2026-06-21T21:52:53.034+0300] {processor.py:830} INFO - Processing file /media/data/omar/programming course/DEPI/DEPI project/anomx/venv/lib/python3.12/site-packages/airflow/example_dags/tutorial_dag.py for tasks to queue
[2026-06-21T21:52:53.040+0300] {logging_mixin.py:188} INFO - [2026-06-21T21:52:53.038+0300] {dagbag.py:540} INFO - Filling up the DagBag from /media/data/omar/programming course/DEPI/DEPI project/anomx/venv/lib/python3.12/site-packages/airflow/example_dags/tutorial_dag.py
[2026-06-21T21:52:53.058+0300] {processor.py:840} INFO - DAG(s) 'tutorial_dag' retrieved from /media/data/omar/programming course/DEPI/DEPI project/anomx/venv/lib/python3.12/site-packages/airflow/example_dags/tutorial_dag.py
[2026-06-21T21:52:53.077+0300] {logging_mixin.py:188} INFO - [2026-06-21T21:52:53.077+0300] {dag.py:3096} INFO - Sync 1 DAGs
[2026-06-21T21:52:53.087+0300] {logging_mixin.py:188} INFO - [2026-06-21T21:52:53.086+0300] {dag.py:3954} INFO - Setting next_dagrun for tutorial_dag to None, run_after=None
[2026-06-21T21:52:53.117+0300] {processor.py:183} INFO - Processing /media/data/omar/programming course/DEPI/DEPI project/anomx/venv/lib/python3.12/site-packages/airflow/example_dags/tutorial_dag.py took 0.107 seconds
[2026-06-21T21:53:48.747+0300] {processor.py:161} INFO - Started process (PID=16785) to work on /media/data/omar/programming course/DEPI/DEPI project/anomx/venv/lib/python3.12/site-packages/airflow/example_dags/tutorial_dag.py
[2026-06-21T21:53:48.749+0300] {processor.py:830} INFO - Processing file /media/data/omar/programming course/DEPI/DEPI project/anomx/venv/lib/python3.12/site-packages/airflow/example_dags/tutorial_dag.py for tasks to queue
[2026-06-21T21:53:48.752+0300] {logging_mixin.py:188} INFO - [2026-06-21T21:53:48.751+0300] {dagbag.py:540} INFO - Filling up the DagBag from /media/data/omar/programming course/DEPI/DEPI project/anomx/venv/lib/python3.12/site-packages/airflow/example_dags/tutorial_dag.py
[2026-06-21T21:53:48.762+0300] {processor.py:840} INFO - DAG(s) 'tutorial_dag' retrieved from /media/data/omar/programming course/DEPI/DEPI project/anomx/venv/lib/python3.12/site-packages/airflow/example_dags/tutorial_dag.py
[2026-06-21T21:53:48.783+0300] {logging_mixin.py:188} INFO - [2026-06-21T21:53:48.782+0300] {dag.py:3096} INFO - Sync 1 DAGs
[2026-06-21T21:53:48.794+0300] {logging_mixin.py:188} INFO - [2026-06-21T21:53:48.794+0300] {dag.py:3954} INFO - Setting next_dagrun for tutorial_dag to None, run_after=None
[2026-06-21T21:53:48.821+0300] {processor.py:183} INFO - Processing /media/data/omar/programming course/DEPI/DEPI project/anomx/venv/lib/python3.12/site-packages/airflow/example_dags/tutorial_dag.py took 0.092 seconds
[2026-06-21T21:54:45.530+0300] {processor.py:161} INFO - Started process (PID=16887) to work on /media/data/omar/programming course/DEPI/DEPI project/anomx/venv/lib/python3.12/site-packages/airflow/example_dags/tutorial_dag.py
[2026-06-21T21:54:45.532+0300] {processor.py:830} INFO - Processing file /media/data/omar/programming course/DEPI/DEPI project/anomx/venv/lib/python3.12/site-packages/airflow/example_dags/tutorial_dag.py for tasks to queue
[2026-06-21T21:54:45.535+0300] {logging_mixin.py:188} INFO - [2026-06-21T21:54:45.534+0300] {dagbag.py:540} INFO - Filling up the DagBag from /media/data/omar/programming course/DEPI/DEPI project/anomx/venv/lib/python3.12/site-packages/airflow/example_dags/tutorial_dag.py
[2026-06-21T21:54:45.545+0300] {processor.py:840} INFO - DAG(s) 'tutorial_dag' retrieved from /media/data/omar/programming course/DEPI/DEPI project/anomx/venv/lib/python3.12/site-packages/airflow/example_dags/tutorial_dag.py
[2026-06-21T21:54:45.563+0300] {logging_mixin.py:188} INFO - [2026-06-21T21:54:45.562+0300] {dag.py:3096} INFO - Sync 1 DAGs
[2026-06-21T21:54:45.573+0300] {logging_mixin.py:188} INFO - [2026-06-21T21:54:45.572+0300] {dag.py:3954} INFO - Setting next_dagrun for tutorial_dag to None, run_after=None
[2026-06-21T21:54:45.599+0300] {processor.py:183} INFO - Processing /media/data/omar/programming course/DEPI/DEPI project/anomx/venv/lib/python3.12/site-packages/airflow/example_dags/tutorial_dag.py took 0.079 seconds
[2026-06-21T21:55:42.047+0300] {processor.py:161} INFO - Started process (PID=16983) to work on /media/data/omar/programming course/DEPI/DEPI project/anomx/venv/lib/python3.12/site-packages/airflow/example_dags/tutorial_dag.py
[2026-06-21T21:55:42.048+0300] {processor.py:830} INFO - Processing file /media/data/omar/programming course/DEPI/DEPI project/anomx/venv/lib/python3.12/site-packages/airflow/example_dags/tutorial_dag.py for tasks to queue
[2026-06-21T21:55:42.049+0300] {logging_mixin.py:188} INFO - [2026-06-21T21:55:42.049+0300] {dagbag.py:540} INFO - Filling up the DagBag from /media/data/omar/programming course/DEPI/DEPI project/anomx/venv/lib/python3.12/site-packages/airflow/example_dags/tutorial_dag.py
[2026-06-21T21:55:42.055+0300] {processor.py:840} INFO - DAG(s) 'tutorial_dag' retrieved from /media/data/omar/programming course/DEPI/DEPI project/anomx/venv/lib/python3.12/site-packages/airflow/example_dags/tutorial_dag.py
[2026-06-21T21:55:42.070+0300] {logging_mixin.py:188} INFO - [2026-06-21T21:55:42.070+0300] {dag.py:3096} INFO - Sync 1 DAGs
[2026-06-21T21:55:42.079+0300] {logging_mixin.py:188} INFO - [2026-06-21T21:55:42.079+0300] {dag.py:3954} INFO - Setting next_dagrun for tutorial_dag to None, run_after=None
[2026-06-21T21:55:42.109+0300] {processor.py:183} INFO - Processing /media/data/omar/programming course/DEPI/DEPI project/anomx/venv/lib/python3.12/site-packages/airflow/example_dags/tutorial_dag.py took 0.067 seconds
[2026-06-21T21:56:34.318+0300] {processor.py:161} INFO - Started process (PID=17072) to work on /media/data/omar/programming course/DEPI/DEPI project/anomx/venv/lib/python3.12/site-packages/airflow/example_dags/tutorial_dag.py
[2026-06-21T21:56:34.319+0300] {processor.py:830} INFO - Processing file /media/data/omar/programming course/DEPI/DEPI project/anomx/venv/lib/python3.12/site-packages/airflow/example_dags/tutorial_dag.py for tasks to queue
[2026-06-21T21:56:34.321+0300] {logging_mixin.py:188} INFO - [2026-06-21T21:56:34.320+0300] {dagbag.py:540} INFO - Filling up the DagBag from /media/data/omar/programming course/DEPI/DEPI project/anomx/venv/lib/python3.12/site-packages/airflow/example_dags/tutorial_dag.py
[2026-06-21T21:56:34.327+0300] {processor.py:840} INFO - DAG(s) 'tutorial_dag' retrieved from /media/data/omar/programming course/DEPI/DEPI project/anomx/venv/lib/python3.12/site-packages/airflow/example_dags/tutorial_dag.py
[2026-06-21T21:56:34.342+0300] {logging_mixin.py:188} INFO - [2026-06-21T21:56:34.342+0300] {dag.py:3096} INFO - Sync 1 DAGs
[2026-06-21T21:56:34.352+0300] {logging_mixin.py:188} INFO - [2026-06-21T21:56:34.352+0300] {dag.py:3954} INFO - Setting next_dagrun for tutorial_dag to None, run_after=None
[2026-06-21T21:56:34.383+0300] {processor.py:183} INFO - Processing /media/data/omar/programming course/DEPI/DEPI project/anomx/venv/lib/python3.12/site-packages/airflow/example_dags/tutorial_dag.py took 0.071 seconds
[2026-06-21T21:57:27.038+0300] {processor.py:161} INFO - Started process (PID=17156) to work on /media/data/omar/programming course/DEPI/DEPI project/anomx/venv/lib/python3.12/site-packages/airflow/example_dags/tutorial_dag.py
[2026-06-21T21:57:27.039+0300] {processor.py:830} INFO - Processing file /media/data/omar/programming course/DEPI/DEPI project/anomx/venv/lib/python3.12/site-packages/airflow/example_dags/tutorial_dag.py for tasks to queue
[2026-06-21T21:57:27.041+0300] {logging_mixin.py:188} INFO - [2026-06-21T21:57:27.040+0300] {dagbag.py:540} INFO - Filling up the DagBag from /media/data/omar/programming course/DEPI/DEPI project/anomx/venv/lib/python3.12/site-packages/airflow/example_dags/tutorial_dag.py
[2026-06-21T21:57:27.047+0300] {processor.py:840} INFO - DAG(s) 'tutorial_dag' retrieved from /media/data/omar/programming course/DEPI/DEPI project/anomx/venv/lib/python3.12/site-packages/airflow/example_dags/tutorial_dag.py
[2026-06-21T21:57:27.065+0300] {logging_mixin.py:188} INFO - [2026-06-21T21:57:27.064+0300] {dag.py:3096} INFO - Sync 1 DAGs
[2026-06-21T21:57:27.075+0300] {logging_mixin.py:188} INFO - [2026-06-21T21:57:27.075+0300] {dag.py:3954} INFO - Setting next_dagrun for tutorial_dag to None, run_after=None
[2026-06-21T21:57:27.104+0300] {processor.py:183} INFO - Processing /media/data/omar/programming course/DEPI/DEPI project/anomx/venv/lib/python3.12/site-packages/airflow/example_dags/tutorial_dag.py took 0.072 seconds
[2026-06-21T21:58:21.404+0300] {processor.py:161} INFO - Started process (PID=17249) to work on /media/data/omar/programming course/DEPI/DEPI project/anomx/venv/lib/python3.12/site-packages/airflow/example_dags/tutorial_dag.py
[2026-06-21T21:58:21.406+0300] {processor.py:830} INFO - Processing file /media/data/omar/programming course/DEPI/DEPI project/anomx/venv/lib/python3.12/site-packages/airflow/example_dags/tutorial_dag.py for tasks to queue
[2026-06-21T21:58:21.409+0300] {logging_mixin.py:188} INFO - [2026-06-21T21:58:21.408+0300] {dagbag.py:540} INFO - Filling up the DagBag from /media/data/omar/programming course/DEPI/DEPI project/anomx/venv/lib/python3.12/site-packages/airflow/example_dags/tutorial_dag.py
[2026-06-21T21:58:21.418+0300] {processor.py:840} INFO - DAG(s) 'tutorial_dag' retrieved from /media/data/omar/programming course/DEPI/DEPI project/anomx/venv/lib/python3.12/site-packages/airflow/example_dags/tutorial_dag.py
[2026-06-21T21:58:21.434+0300] {logging_mixin.py:188} INFO - [2026-06-21T21:58:21.433+0300] {dag.py:3096} INFO - Sync 1 DAGs
[2026-06-21T21:58:21.443+0300] {logging_mixin.py:188} INFO - [2026-06-21T21:58:21.443+0300] {dag.py:3954} INFO - Setting next_dagrun for tutorial_dag to None, run_after=None
[2026-06-21T21:58:21.472+0300] {processor.py:183} INFO - Processing /media/data/omar/programming course/DEPI/DEPI project/anomx/venv/lib/python3.12/site-packages/airflow/example_dags/tutorial_dag.py took 0.085 seconds
[2026-06-21T21:59:16.988+0300] {processor.py:161} INFO - Started process (PID=17339) to work on /media/data/omar/programming course/DEPI/DEPI project/anomx/venv/lib/python3.12/site-packages/airflow/example_dags/tutorial_dag.py
[2026-06-21T21:59:16.989+0300] {processor.py:830} INFO - Processing file /media/data/omar/programming course/DEPI/DEPI project/anomx/venv/lib/python3.12/site-packages/airflow/example_dags/tutorial_dag.py for tasks to queue
[2026-06-21T21:59:16.990+0300] {logging_mixin.py:188} INFO - [2026-06-21T21:59:16.990+0300] {dagbag.py:540} INFO - Filling up the DagBag from /media/data/omar/programming course/DEPI/DEPI project/anomx/venv/lib/python3.12/site-packages/airflow/example_dags/tutorial_dag.py
[2026-06-21T21:59:16.996+0300] {processor.py:840} INFO - DAG(s) 'tutorial_dag' retrieved from /media/data/omar/programming course/DEPI/DEPI project/anomx/venv/lib/python3.12/site-packages/airflow/example_dags/tutorial_dag.py
[2026-06-21T21:59:17.011+0300] {logging_mixin.py:188} INFO - [2026-06-21T21:59:17.011+0300] {dag.py:3096} INFO - Sync 1 DAGs
[2026-06-21T21:59:17.021+0300] {logging_mixin.py:188} INFO - [2026-06-21T21:59:17.020+0300] {dag.py:3954} INFO - Setting next_dagrun for tutorial_dag to None, run_after=None
[2026-06-21T21:59:17.049+0300] {processor.py:183} INFO - Processing /media/data/omar/programming course/DEPI/DEPI project/anomx/venv/lib/python3.12/site-packages/airflow/example_dags/tutorial_dag.py took 0.066 seconds
[2026-06-21T22:00:13.985+0300] {processor.py:161} INFO - Started process (PID=17432) to work on /media/data/omar/programming course/DEPI/DEPI project/anomx/venv/lib/python3.12/site-packages/airflow/example_dags/tutorial_dag.py
[2026-06-21T22:00:13.986+0300] {processor.py:830} INFO - Processing file /media/data/omar/programming course/DEPI/DEPI project/anomx/venv/lib/python3.12/site-packages/airflow/example_dags/tutorial_dag.py for tasks to queue
[2026-06-21T22:00:13.989+0300] {logging_mixin.py:188} INFO - [2026-06-21T22:00:13.988+0300] {dagbag.py:540} INFO - Filling up the DagBag from /media/data/omar/programming course/DEPI/DEPI project/anomx/venv/lib/python3.12/site-packages/airflow/example_dags/tutorial_dag.py
[2026-06-21T22:00:13.999+0300] {processor.py:840} INFO - DAG(s) 'tutorial_dag' retrieved from /media/data/omar/programming course/DEPI/DEPI project/anomx/venv/lib/python3.12/site-packages/airflow/example_dags/tutorial_dag.py
[2026-06-21T22:00:14.016+0300] {logging_mixin.py:188} INFO - [2026-06-21T22:00:14.015+0300] {dag.py:3096} INFO - Sync 1 DAGs
[2026-06-21T22:00:14.025+0300] {logging_mixin.py:188} INFO - [2026-06-21T22:00:14.025+0300] {dag.py:3954} INFO - Setting next_dagrun for tutorial_dag to None, run_after=None
[2026-06-21T22:00:14.055+0300] {processor.py:183} INFO - Processing /media/data/omar/programming course/DEPI/DEPI project/anomx/venv/lib/python3.12/site-packages/airflow/example_dags/tutorial_dag.py took 0.080 seconds
[2026-06-21T22:01:10.311+0300] {processor.py:161} INFO - Started process (PID=17514) to work on /media/data/omar/programming course/DEPI/DEPI project/anomx/venv/lib/python3.12/site-packages/airflow/example_dags/tutorial_dag.py
[2026-06-21T22:01:10.314+0300] {processor.py:830} INFO - Processing file /media/data/omar/programming course/DEPI/DEPI project/anomx/venv/lib/python3.12/site-packages/airflow/example_dags/tutorial_dag.py for tasks to queue
[2026-06-21T22:01:10.320+0300] {logging_mixin.py:188} INFO - [2026-06-21T22:01:10.318+0300] {dagbag.py:540} INFO - Filling up the DagBag from /media/data/omar/programming course/DEPI/DEPI project/anomx/venv/lib/python3.12/site-packages/airflow/example_dags/tutorial_dag.py
[2026-06-21T22:01:10.343+0300] {processor.py:840} INFO - DAG(s) 'tutorial_dag' retrieved from /media/data/omar/programming course/DEPI/DEPI project/anomx/venv/lib/python3.12/site-packages/airflow/example_dags/tutorial_dag.py
[2026-06-21T22:01:10.366+0300] {logging_mixin.py:188} INFO - [2026-06-21T22:01:10.366+0300] {dag.py:3096} INFO - Sync 1 DAGs
[2026-06-21T22:01:10.377+0300] {logging_mixin.py:188} INFO - [2026-06-21T22:01:10.376+0300] {dag.py:3954} INFO - Setting next_dagrun for tutorial_dag to None, run_after=None
[2026-06-21T22:01:10.403+0300] {processor.py:183} INFO - Processing /media/data/omar/programming course/DEPI/DEPI project/anomx/venv/lib/python3.12/site-packages/airflow/example_dags/tutorial_dag.py took 0.111 seconds
[2026-06-21T22:02:08.875+0300] {processor.py:161} INFO - Started process (PID=17607) to work on /media/data/omar/programming course/DEPI/DEPI project/anomx/venv/lib/python3.12/site-packages/airflow/example_dags/tutorial_dag.py
[2026-06-21T22:02:08.876+0300] {processor.py:830} INFO - Processing file /media/data/omar/programming course/DEPI/DEPI project/anomx/venv/lib/python3.12/site-packages/airflow/example_dags/tutorial_dag.py for tasks to queue
[2026-06-21T22:02:08.878+0300] {logging_mixin.py:188} INFO - [2026-06-21T22:02:08.878+0300] {dagbag.py:540} INFO - Filling up the DagBag from /media/data/omar/programming course/DEPI/DEPI project/anomx/venv/lib/python3.12/site-packages/airflow/example_dags/tutorial_dag.py
[2026-06-21T22:02:08.887+0300] {processor.py:840} INFO - DAG(s) 'tutorial_dag' retrieved from /media/data/omar/programming course/DEPI/DEPI project/anomx/venv/lib/python3.12/site-packages/airflow/example_dags/tutorial_dag.py
[2026-06-21T22:02:08.902+0300] {logging_mixin.py:188} INFO - [2026-06-21T22:02:08.901+0300] {dag.py:3096} INFO - Sync 1 DAGs
[2026-06-21T22:02:08.911+0300] {logging_mixin.py:188} INFO - [2026-06-21T22:02:08.911+0300] {dag.py:3954} INFO - Setting next_dagrun for tutorial_dag to None, run_after=None
[2026-06-21T22:02:08.938+0300] {processor.py:183} INFO - Processing /media/data/omar/programming course/DEPI/DEPI project/anomx/venv/lib/python3.12/site-packages/airflow/example_dags/tutorial_dag.py took 0.071 seconds
[2026-06-21T22:03:06.338+0300] {processor.py:161} INFO - Started process (PID=17754) to work on /media/data/omar/programming course/DEPI/DEPI project/anomx/venv/lib/python3.12/site-packages/airflow/example_dags/tutorial_dag.py
[2026-06-21T22:03:06.339+0300] {processor.py:830} INFO - Processing file /media/data/omar/programming course/DEPI/DEPI project/anomx/venv/lib/python3.12/site-packages/airflow/example_dags/tutorial_dag.py for tasks to queue
[2026-06-21T22:03:06.342+0300] {logging_mixin.py:188} INFO - [2026-06-21T22:03:06.341+0300] {dagbag.py:540} INFO - Filling up the DagBag from /media/data/omar/programming course/DEPI/DEPI project/anomx/venv/lib/python3.12/site-packages/airflow/example_dags/tutorial_dag.py
[2026-06-21T22:03:06.351+0300] {processor.py:840} INFO - DAG(s) 'tutorial_dag' retrieved from /media/data/omar/programming course/DEPI/DEPI project/anomx/venv/lib/python3.12/site-packages/airflow/example_dags/tutorial_dag.py
[2026-06-21T22:03:06.369+0300] {logging_mixin.py:188} INFO - [2026-06-21T22:03:06.369+0300] {dag.py:3096} INFO - Sync 1 DAGs
[2026-06-21T22:03:06.379+0300] {logging_mixin.py:188} INFO - [2026-06-21T22:03:06.378+0300] {dag.py:3954} INFO - Setting next_dagrun for tutorial_dag to None, run_after=None
[2026-06-21T22:03:06.407+0300] {processor.py:183} INFO - Processing /media/data/omar/programming course/DEPI/DEPI project/anomx/venv/lib/python3.12/site-packages/airflow/example_dags/tutorial_dag.py took 0.077 seconds
[2026-06-21T22:04:03.049+0300] {processor.py:161} INFO - Started process (PID=17857) to work on /media/data/omar/programming course/DEPI/DEPI project/anomx/venv/lib/python3.12/site-packages/airflow/example_dags/tutorial_dag.py
[2026-06-21T22:04:03.050+0300] {processor.py:830} INFO - Processing file /media/data/omar/programming course/DEPI/DEPI project/anomx/venv/lib/python3.12/site-packages/airflow/example_dags/tutorial_dag.py for tasks to queue
[2026-06-21T22:04:03.053+0300] {logging_mixin.py:188} INFO - [2026-06-21T22:04:03.052+0300] {dagbag.py:540} INFO - Filling up the DagBag from /media/data/omar/programming course/DEPI/DEPI project/anomx/venv/lib/python3.12/site-packages/airflow/example_dags/tutorial_dag.py
[2026-06-21T22:04:03.063+0300] {processor.py:840} INFO - DAG(s) 'tutorial_dag' retrieved from /media/data/omar/programming course/DEPI/DEPI project/anomx/venv/lib/python3.12/site-packages/airflow/example_dags/tutorial_dag.py
[2026-06-21T22:04:03.079+0300] {logging_mixin.py:188} INFO - [2026-06-21T22:04:03.079+0300] {dag.py:3096} INFO - Sync 1 DAGs
[2026-06-21T22:04:03.089+0300] {logging_mixin.py:188} INFO - [2026-06-21T22:04:03.089+0300] {dag.py:3954} INFO - Setting next_dagrun for tutorial_dag to None, run_after=None
[2026-06-21T22:04:03.147+0300] {processor.py:183} INFO - Processing /media/data/omar/programming course/DEPI/DEPI project/anomx/venv/lib/python3.12/site-packages/airflow/example_dags/tutorial_dag.py took 0.107 seconds
[2026-06-21T22:04:54.852+0300] {processor.py:161} INFO - Started process (PID=17944) to work on /media/data/omar/programming course/DEPI/DEPI project/anomx/venv/lib/python3.12/site-packages/airflow/example_dags/tutorial_dag.py
[2026-06-21T22:04:54.854+0300] {processor.py:830} INFO - Processing file /media/data/omar/programming course/DEPI/DEPI project/anomx/venv/lib/python3.12/site-packages/airflow/example_dags/tutorial_dag.py for tasks to queue
[2026-06-21T22:04:54.858+0300] {logging_mixin.py:188} INFO - [2026-06-21T22:04:54.857+0300] {dagbag.py:540} INFO - Filling up the DagBag from /media/data/omar/programming course/DEPI/DEPI project/anomx/venv/lib/python3.12/site-packages/airflow/example_dags/tutorial_dag.py
[2026-06-21T22:04:54.873+0300] {processor.py:840} INFO - DAG(s) 'tutorial_dag' retrieved from /media/data/omar/programming course/DEPI/DEPI project/anomx/venv/lib/python3.12/site-packages/airflow/example_dags/tutorial_dag.py
[2026-06-21T22:04:54.904+0300] {logging_mixin.py:188} INFO - [2026-06-21T22:04:54.904+0300] {dag.py:3096} INFO - Sync 1 DAGs
[2026-06-21T22:04:54.915+0300] {logging_mixin.py:188} INFO - [2026-06-21T22:04:54.915+0300] {dag.py:3954} INFO - Setting next_dagrun for tutorial_dag to None, run_after=None
[2026-06-21T22:04:54.943+0300] {processor.py:183} INFO - Processing /media/data/omar/programming course/DEPI/DEPI project/anomx/venv/lib/python3.12/site-packages/airflow/example_dags/tutorial_dag.py took 0.104 seconds
[2026-06-21T22:05:52.004+0300] {processor.py:161} INFO - Started process (PID=18028) to work on /media/data/omar/programming course/DEPI/DEPI project/anomx/venv/lib/python3.12/site-packages/airflow/example_dags/tutorial_dag.py
[2026-06-21T22:05:52.005+0300] {processor.py:830} INFO - Processing file /media/data/omar/programming course/DEPI/DEPI project/anomx/venv/lib/python3.12/site-packages/airflow/example_dags/tutorial_dag.py for tasks to queue
[2026-06-21T22:05:52.007+0300] {logging_mixin.py:188} INFO - [2026-06-21T22:05:52.007+0300] {dagbag.py:540} INFO - Filling up the DagBag from /media/data/omar/programming course/DEPI/DEPI project/anomx/venv/lib/python3.12/site-packages/airflow/example_dags/tutorial_dag.py
[2026-06-21T22:05:52.013+0300] {processor.py:840} INFO - DAG(s) 'tutorial_dag' retrieved from /media/data/omar/programming course/DEPI/DEPI project/anomx/venv/lib/python3.12/site-packages/airflow/example_dags/tutorial_dag.py
[2026-06-21T22:05:52.029+0300] {logging_mixin.py:188} INFO - [2026-06-21T22:05:52.028+0300] {dag.py:3096} INFO - Sync 1 DAGs
[2026-06-21T22:05:52.038+0300] {logging_mixin.py:188} INFO - [2026-06-21T22:05:52.038+0300] {dag.py:3954} INFO - Setting next_dagrun for tutorial_dag to None, run_after=None
[2026-06-21T22:05:52.152+0300] {processor.py:183} INFO - Processing /media/data/omar/programming course/DEPI/DEPI project/anomx/venv/lib/python3.12/site-packages/airflow/example_dags/tutorial_dag.py took 0.156 seconds
[2026-06-21T22:06:50.769+0300] {processor.py:161} INFO - Started process (PID=18118) to work on /media/data/omar/programming course/DEPI/DEPI project/anomx/venv/lib/python3.12/site-packages/airflow/example_dags/tutorial_dag.py
[2026-06-21T22:06:50.771+0300] {processor.py:830} INFO - Processing file /media/data/omar/programming course/DEPI/DEPI project/anomx/venv/lib/python3.12/site-packages/airflow/example_dags/tutorial_dag.py for tasks to queue
[2026-06-21T22:06:50.774+0300] {logging_mixin.py:188} INFO - [2026-06-21T22:06:50.773+0300] {dagbag.py:540} INFO - Filling up the DagBag from /media/data/omar/programming course/DEPI/DEPI project/anomx/venv/lib/python3.12/site-packages/airflow/example_dags/tutorial_dag.py
[2026-06-21T22:06:50.784+0300] {processor.py:840} INFO - DAG(s) 'tutorial_dag' retrieved from /media/data/omar/programming course/DEPI/DEPI project/anomx/venv/lib/python3.12/site-packages/airflow/example_dags/tutorial_dag.py
[2026-06-21T22:06:50.804+0300] {logging_mixin.py:188} INFO - [2026-06-21T22:06:50.804+0300] {dag.py:3096} INFO - Sync 1 DAGs
[2026-06-21T22:06:50.815+0300] {logging_mixin.py:188} INFO - [2026-06-21T22:06:50.814+0300] {dag.py:3954} INFO - Setting next_dagrun for tutorial_dag to None, run_after=None
[2026-06-21T22:06:50.842+0300] {processor.py:183} INFO - Processing /media/data/omar/programming course/DEPI/DEPI project/anomx/venv/lib/python3.12/site-packages/airflow/example_dags/tutorial_dag.py took 0.083 seconds
[2026-06-21T22:07:48.194+0300] {processor.py:161} INFO - Started process (PID=18210) to work on /media/data/omar/programming course/DEPI/DEPI project/anomx/venv/lib/python3.12/site-packages/airflow/example_dags/tutorial_dag.py
[2026-06-21T22:07:48.196+0300] {processor.py:830} INFO - Processing file /media/data/omar/programming course/DEPI/DEPI project/anomx/venv/lib/python3.12/site-packages/airflow/example_dags/tutorial_dag.py for tasks to queue
[2026-06-21T22:07:48.200+0300] {logging_mixin.py:188} INFO - [2026-06-21T22:07:48.199+0300] {dagbag.py:540} INFO - Filling up the DagBag from /media/data/omar/programming course/DEPI/DEPI project/anomx/venv/lib/python3.12/site-packages/airflow/example_dags/tutorial_dag.py
[2026-06-21T22:07:48.210+0300] {processor.py:840} INFO - DAG(s) 'tutorial_dag' retrieved from /media/data/omar/programming course/DEPI/DEPI project/anomx/venv/lib/python3.12/site-packages/airflow/example_dags/tutorial_dag.py
[2026-06-21T22:07:48.230+0300] {logging_mixin.py:188} INFO - [2026-06-21T22:07:48.229+0300] {dag.py:3096} INFO - Sync 1 DAGs
[2026-06-21T22:07:48.244+0300] {logging_mixin.py:188} INFO - [2026-06-21T22:07:48.243+0300] {dag.py:3954} INFO - Setting next_dagrun for tutorial_dag to None, run_after=None
[2026-06-21T22:07:48.274+0300] {processor.py:183} INFO - Processing /media/data/omar/programming course/DEPI/DEPI project/anomx/venv/lib/python3.12/site-packages/airflow/example_dags/tutorial_dag.py took 0.093 seconds
[2026-06-21T22:08:46.116+0300] {processor.py:161} INFO - Started process (PID=18302) to work on /media/data/omar/programming course/DEPI/DEPI project/anomx/venv/lib/python3.12/site-packages/airflow/example_dags/tutorial_dag.py
[2026-06-21T22:08:46.118+0300] {processor.py:830} INFO - Processing file /media/data/omar/programming course/DEPI/DEPI project/anomx/venv/lib/python3.12/site-packages/airflow/example_dags/tutorial_dag.py for tasks to queue
[2026-06-21T22:08:46.121+0300] {logging_mixin.py:188} INFO - [2026-06-21T22:08:46.120+0300] {dagbag.py:540} INFO - Filling up the DagBag from /media/data/omar/programming course/DEPI/DEPI project/anomx/venv/lib/python3.12/site-packages/airflow/example_dags/tutorial_dag.py
[2026-06-21T22:08:46.132+0300] {processor.py:840} INFO - DAG(s) 'tutorial_dag' retrieved from /media/data/omar/programming course/DEPI/DEPI project/anomx/venv/lib/python3.12/site-packages/airflow/example_dags/tutorial_dag.py
[2026-06-21T22:08:46.150+0300] {logging_mixin.py:188} INFO - [2026-06-21T22:08:46.149+0300] {dag.py:3096} INFO - Sync 1 DAGs
[2026-06-21T22:08:46.251+0300] {logging_mixin.py:188} INFO - [2026-06-21T22:08:46.250+0300] {dag.py:3954} INFO - Setting next_dagrun for tutorial_dag to None, run_after=None
[2026-06-21T22:08:46.278+0300] {processor.py:183} INFO - Processing /media/data/omar/programming course/DEPI/DEPI project/anomx/venv/lib/python3.12/site-packages/airflow/example_dags/tutorial_dag.py took 0.173 seconds
[2026-06-21T22:09:42.262+0300] {processor.py:161} INFO - Started process (PID=18536) to work on /media/data/omar/programming course/DEPI/DEPI project/anomx/venv/lib/python3.12/site-packages/airflow/example_dags/tutorial_dag.py
[2026-06-21T22:09:42.264+0300] {processor.py:830} INFO - Processing file /media/data/omar/programming course/DEPI/DEPI project/anomx/venv/lib/python3.12/site-packages/airflow/example_dags/tutorial_dag.py for tasks to queue
[2026-06-21T22:09:42.268+0300] {logging_mixin.py:188} INFO - [2026-06-21T22:09:42.267+0300] {dagbag.py:540} INFO - Filling up the DagBag from /media/data/omar/programming course/DEPI/DEPI project/anomx/venv/lib/python3.12/site-packages/airflow/example_dags/tutorial_dag.py
[2026-06-21T22:09:42.277+0300] {processor.py:840} INFO - DAG(s) 'tutorial_dag' retrieved from /media/data/omar/programming course/DEPI/DEPI project/anomx/venv/lib/python3.12/site-packages/airflow/example_dags/tutorial_dag.py
[2026-06-21T22:09:42.295+0300] {logging_mixin.py:188} INFO - [2026-06-21T22:09:42.294+0300] {dag.py:3096} INFO - Sync 1 DAGs
[2026-06-21T22:09:42.306+0300] {logging_mixin.py:188} INFO - [2026-06-21T22:09:42.306+0300] {dag.py:3954} INFO - Setting next_dagrun for tutorial_dag to None, run_after=None
[2026-06-21T22:09:42.336+0300] {processor.py:183} INFO - Processing /media/data/omar/programming course/DEPI/DEPI project/anomx/venv/lib/python3.12/site-packages/airflow/example_dags/tutorial_dag.py took 0.092 seconds
[2026-06-21T22:10:52.115+0300] {processor.py:161} INFO - Started process (PID=18733) to work on /media/data/omar/programming course/DEPI/DEPI project/anomx/venv/lib/python3.12/site-packages/airflow/example_dags/tutorial_dag.py
[2026-06-21T22:10:52.116+0300] {processor.py:830} INFO - Processing file /media/data/omar/programming course/DEPI/DEPI project/anomx/venv/lib/python3.12/site-packages/airflow/example_dags/tutorial_dag.py for tasks to queue
[2026-06-21T22:10:52.118+0300] {logging_mixin.py:188} INFO - [2026-06-21T22:10:52.118+0300] {dagbag.py:540} INFO - Filling up the DagBag from /media/data/omar/programming course/DEPI/DEPI project/anomx/venv/lib/python3.12/site-packages/airflow/example_dags/tutorial_dag.py
[2026-06-21T22:10:52.125+0300] {processor.py:840} INFO - DAG(s) 'tutorial_dag' retrieved from /media/data/omar/programming course/DEPI/DEPI project/anomx/venv/lib/python3.12/site-packages/airflow/example_dags/tutorial_dag.py
[2026-06-21T22:10:52.142+0300] {logging_mixin.py:188} INFO - [2026-06-21T22:10:52.141+0300] {dag.py:3096} INFO - Sync 1 DAGs
[2026-06-21T22:10:52.152+0300] {logging_mixin.py:188} INFO - [2026-06-21T22:10:52.152+0300] {dag.py:3954} INFO - Setting next_dagrun for tutorial_dag to None, run_after=None
[2026-06-21T22:10:52.185+0300] {processor.py:183} INFO - Processing /media/data/omar/programming course/DEPI/DEPI project/anomx/venv/lib/python3.12/site-packages/airflow/example_dags/tutorial_dag.py took 0.078 seconds
[2026-06-21T22:11:48.802+0300] {processor.py:161} INFO - Started process (PID=18870) to work on /media/data/omar/programming course/DEPI/DEPI project/anomx/venv/lib/python3.12/site-packages/airflow/example_dags/tutorial_dag.py
[2026-06-21T22:11:48.804+0300] {processor.py:830} INFO - Processing file /media/data/omar/programming course/DEPI/DEPI project/anomx/venv/lib/python3.12/site-packages/airflow/example_dags/tutorial_dag.py for tasks to queue
[2026-06-21T22:11:48.808+0300] {logging_mixin.py:188} INFO - [2026-06-21T22:11:48.807+0300] {dagbag.py:540} INFO - Filling up the DagBag from /media/data/omar/programming course/DEPI/DEPI project/anomx/venv/lib/python3.12/site-packages/airflow/example_dags/tutorial_dag.py
[2026-06-21T22:11:48.818+0300] {processor.py:840} INFO - DAG(s) 'tutorial_dag' retrieved from /media/data/omar/programming course/DEPI/DEPI project/anomx/venv/lib/python3.12/site-packages/airflow/example_dags/tutorial_dag.py
[2026-06-21T22:11:48.834+0300] {logging_mixin.py:188} INFO - [2026-06-21T22:11:48.833+0300] {dag.py:3096} INFO - Sync 1 DAGs
[2026-06-21T22:11:48.843+0300] {logging_mixin.py:188} INFO - [2026-06-21T22:11:48.842+0300] {dag.py:3954} INFO - Setting next_dagrun for tutorial_dag to None, run_after=None
[2026-06-21T22:11:48.867+0300] {processor.py:183} INFO - Processing /media/data/omar/programming course/DEPI/DEPI project/anomx/venv/lib/python3.12/site-packages/airflow/example_dags/tutorial_dag.py took 0.078 seconds
[2026-06-21T22:12:41.698+0300] {processor.py:161} INFO - Started process (PID=18953) to work on /media/data/omar/programming course/DEPI/DEPI project/anomx/venv/lib/python3.12/site-packages/airflow/example_dags/tutorial_dag.py
[2026-06-21T22:12:41.700+0300] {processor.py:830} INFO - Processing file /media/data/omar/programming course/DEPI/DEPI project/anomx/venv/lib/python3.12/site-packages/airflow/example_dags/tutorial_dag.py for tasks to queue
[2026-06-21T22:12:41.706+0300] {logging_mixin.py:188} INFO - [2026-06-21T22:12:41.705+0300] {dagbag.py:540} INFO - Filling up the DagBag from /media/data/omar/programming course/DEPI/DEPI project/anomx/venv/lib/python3.12/site-packages/airflow/example_dags/tutorial_dag.py
[2026-06-21T22:12:41.744+0300] {processor.py:840} INFO - DAG(s) 'tutorial_dag' retrieved from /media/data/omar/programming course/DEPI/DEPI project/anomx/venv/lib/python3.12/site-packages/airflow/example_dags/tutorial_dag.py
[2026-06-21T22:12:41.813+0300] {logging_mixin.py:188} INFO - [2026-06-21T22:12:41.810+0300] {dag.py:3096} INFO - Sync 1 DAGs
[2026-06-21T22:12:41.863+0300] {logging_mixin.py:188} INFO - [2026-06-21T22:12:41.862+0300] {dag.py:3954} INFO - Setting next_dagrun for tutorial_dag to None, run_after=None
[2026-06-21T22:12:41.959+0300] {processor.py:183} INFO - Processing /media/data/omar/programming course/DEPI/DEPI project/anomx/venv/lib/python3.12/site-packages/airflow/example_dags/tutorial_dag.py took 0.271 seconds
[2026-06-21T22:13:31.743+0300] {processor.py:161} INFO - Started process (PID=19076) to work on /media/data/omar/programming course/DEPI/DEPI project/anomx/venv/lib/python3.12/site-packages/airflow/example_dags/tutorial_dag.py
[2026-06-21T22:13:31.743+0300] {processor.py:830} INFO - Processing file /media/data/omar/programming course/DEPI/DEPI project/anomx/venv/lib/python3.12/site-packages/airflow/example_dags/tutorial_dag.py for tasks to queue
[2026-06-21T22:13:31.745+0300] {logging_mixin.py:188} INFO - [2026-06-21T22:13:31.744+0300] {dagbag.py:540} INFO - Filling up the DagBag from /media/data/omar/programming course/DEPI/DEPI project/anomx/venv/lib/python3.12/site-packages/airflow/example_dags/tutorial_dag.py
[2026-06-21T22:13:31.756+0300] {processor.py:840} INFO - DAG(s) 'tutorial_dag' retrieved from /media/data/omar/programming course/DEPI/DEPI project/anomx/venv/lib/python3.12/site-packages/airflow/example_dags/tutorial_dag.py
[2026-06-21T22:13:31.782+0300] {logging_mixin.py:188} INFO - [2026-06-21T22:13:31.782+0300] {dag.py:3096} INFO - Sync 1 DAGs
[2026-06-21T22:13:31.791+0300] {logging_mixin.py:188} INFO - [2026-06-21T22:13:31.791+0300] {dag.py:3954} INFO - Setting next_dagrun for tutorial_dag to None, run_after=None
[2026-06-21T22:13:31.817+0300] {processor.py:183} INFO - Processing /media/data/omar/programming course/DEPI/DEPI project/anomx/venv/lib/python3.12/site-packages/airflow/example_dags/tutorial_dag.py took 0.079 seconds
[2026-06-21T22:14:31.915+0300] {processor.py:161} INFO - Started process (PID=19201) to work on /media/data/omar/programming course/DEPI/DEPI project/anomx/venv/lib/python3.12/site-packages/airflow/example_dags/tutorial_dag.py
[2026-06-21T22:14:31.917+0300] {processor.py:830} INFO - Processing file /media/data/omar/programming course/DEPI/DEPI project/anomx/venv/lib/python3.12/site-packages/airflow/example_dags/tutorial_dag.py for tasks to queue
[2026-06-21T22:14:31.919+0300] {logging_mixin.py:188} INFO - [2026-06-21T22:14:31.918+0300] {dagbag.py:540} INFO - Filling up the DagBag from /media/data/omar/programming course/DEPI/DEPI project/anomx/venv/lib/python3.12/site-packages/airflow/example_dags/tutorial_dag.py
[2026-06-21T22:14:31.926+0300] {processor.py:840} INFO - DAG(s) 'tutorial_dag' retrieved from /media/data/omar/programming course/DEPI/DEPI project/anomx/venv/lib/python3.12/site-packages/airflow/example_dags/tutorial_dag.py
[2026-06-21T22:14:31.947+0300] {logging_mixin.py:188} INFO - [2026-06-21T22:14:31.947+0300] {dag.py:3096} INFO - Sync 1 DAGs
[2026-06-21T22:14:31.962+0300] {logging_mixin.py:188} INFO - [2026-06-21T22:14:31.962+0300] {dag.py:3954} INFO - Setting next_dagrun for tutorial_dag to None, run_after=None
[2026-06-21T22:14:31.999+0300] {processor.py:183} INFO - Processing /media/data/omar/programming course/DEPI/DEPI project/anomx/venv/lib/python3.12/site-packages/airflow/example_dags/tutorial_dag.py took 0.093 seconds
[2026-06-21T22:15:28.363+0300] {processor.py:161} INFO - Started process (PID=19306) to work on /media/data/omar/programming course/DEPI/DEPI project/anomx/venv/lib/python3.12/site-packages/airflow/example_dags/tutorial_dag.py
[2026-06-21T22:15:28.365+0300] {processor.py:830} INFO - Processing file /media/data/omar/programming course/DEPI/DEPI project/anomx/venv/lib/python3.12/site-packages/airflow/example_dags/tutorial_dag.py for tasks to queue
[2026-06-21T22:15:28.370+0300] {logging_mixin.py:188} INFO - [2026-06-21T22:15:28.368+0300] {dagbag.py:540} INFO - Filling up the DagBag from /media/data/omar/programming course/DEPI/DEPI project/anomx/venv/lib/python3.12/site-packages/airflow/example_dags/tutorial_dag.py
[2026-06-21T22:15:28.377+0300] {processor.py:840} INFO - DAG(s) 'tutorial_dag' retrieved from /media/data/omar/programming course/DEPI/DEPI project/anomx/venv/lib/python3.12/site-packages/airflow/example_dags/tutorial_dag.py
[2026-06-21T22:15:28.393+0300] {logging_mixin.py:188} INFO - [2026-06-21T22:15:28.393+0300] {dag.py:3096} INFO - Sync 1 DAGs
[2026-06-21T22:15:28.404+0300] {logging_mixin.py:188} INFO - [2026-06-21T22:15:28.403+0300] {dag.py:3954} INFO - Setting next_dagrun for tutorial_dag to None, run_after=None
[2026-06-21T22:15:28.434+0300] {processor.py:183} INFO - Processing /media/data/omar/programming course/DEPI/DEPI project/anomx/venv/lib/python3.12/site-packages/airflow/example_dags/tutorial_dag.py took 0.089 seconds
[2026-06-21T22:16:21.694+0300] {processor.py:161} INFO - Started process (PID=19671) to work on /media/data/omar/programming course/DEPI/DEPI project/anomx/venv/lib/python3.12/site-packages/airflow/example_dags/tutorial_dag.py
[2026-06-21T22:16:21.695+0300] {processor.py:830} INFO - Processing file /media/data/omar/programming course/DEPI/DEPI project/anomx/venv/lib/python3.12/site-packages/airflow/example_dags/tutorial_dag.py for tasks to queue
[2026-06-21T22:16:21.696+0300] {logging_mixin.py:188} INFO - [2026-06-21T22:16:21.696+0300] {dagbag.py:540} INFO - Filling up the DagBag from /media/data/omar/programming course/DEPI/DEPI project/anomx/venv/lib/python3.12/site-packages/airflow/example_dags/tutorial_dag.py
[2026-06-21T22:16:21.703+0300] {processor.py:840} INFO - DAG(s) 'tutorial_dag' retrieved from /media/data/omar/programming course/DEPI/DEPI project/anomx/venv/lib/python3.12/site-packages/airflow/example_dags/tutorial_dag.py
[2026-06-21T22:16:21.727+0300] {logging_mixin.py:188} INFO - [2026-06-21T22:16:21.726+0300] {dag.py:3096} INFO - Sync 1 DAGs
[2026-06-21T22:16:21.737+0300] {logging_mixin.py:188} INFO - [2026-06-21T22:16:21.737+0300] {dag.py:3954} INFO - Setting next_dagrun for tutorial_dag to None, run_after=None
[2026-06-21T22:16:21.768+0300] {processor.py:183} INFO - Processing /media/data/omar/programming course/DEPI/DEPI project/anomx/venv/lib/python3.12/site-packages/airflow/example_dags/tutorial_dag.py took 0.081 seconds
[2026-06-21T22:17:17.847+0300] {processor.py:161} INFO - Started process (PID=19792) to work on /media/data/omar/programming course/DEPI/DEPI project/anomx/venv/lib/python3.12/site-packages/airflow/example_dags/tutorial_dag.py
[2026-06-21T22:17:17.849+0300] {processor.py:830} INFO - Processing file /media/data/omar/programming course/DEPI/DEPI project/anomx/venv/lib/python3.12/site-packages/airflow/example_dags/tutorial_dag.py for tasks to queue
[2026-06-21T22:17:17.853+0300] {logging_mixin.py:188} INFO - [2026-06-21T22:17:17.852+0300] {dagbag.py:540} INFO - Filling up the DagBag from /media/data/omar/programming course/DEPI/DEPI project/anomx/venv/lib/python3.12/site-packages/airflow/example_dags/tutorial_dag.py
[2026-06-21T22:17:17.863+0300] {processor.py:840} INFO - DAG(s) 'tutorial_dag' retrieved from /media/data/omar/programming course/DEPI/DEPI project/anomx/venv/lib/python3.12/site-packages/airflow/example_dags/tutorial_dag.py
[2026-06-21T22:17:17.880+0300] {logging_mixin.py:188} INFO - [2026-06-21T22:17:17.880+0300] {dag.py:3096} INFO - Sync 1 DAGs
[2026-06-21T22:17:17.895+0300] {logging_mixin.py:188} INFO - [2026-06-21T22:17:17.894+0300] {dag.py:3954} INFO - Setting next_dagrun for tutorial_dag to None, run_after=None
[2026-06-21T22:17:17.930+0300] {processor.py:183} INFO - Processing /media/data/omar/programming course/DEPI/DEPI project/anomx/venv/lib/python3.12/site-packages/airflow/example_dags/tutorial_dag.py took 0.101 seconds
[2026-06-21T22:18:18.024+0300] {processor.py:161} INFO - Started process (PID=19951) to work on /media/data/omar/programming course/DEPI/DEPI project/anomx/venv/lib/python3.12/site-packages/airflow/example_dags/tutorial_dag.py
[2026-06-21T22:18:18.026+0300] {processor.py:830} INFO - Processing file /media/data/omar/programming course/DEPI/DEPI project/anomx/venv/lib/python3.12/site-packages/airflow/example_dags/tutorial_dag.py for tasks to queue
[2026-06-21T22:18:18.029+0300] {logging_mixin.py:188} INFO - [2026-06-21T22:18:18.028+0300] {dagbag.py:540} INFO - Filling up the DagBag from /media/data/omar/programming course/DEPI/DEPI project/anomx/venv/lib/python3.12/site-packages/airflow/example_dags/tutorial_dag.py
[2026-06-21T22:18:18.038+0300] {processor.py:840} INFO - DAG(s) 'tutorial_dag' retrieved from /media/data/omar/programming course/DEPI/DEPI project/anomx/venv/lib/python3.12/site-packages/airflow/example_dags/tutorial_dag.py
[2026-06-21T22:18:18.054+0300] {logging_mixin.py:188} INFO - [2026-06-21T22:18:18.054+0300] {dag.py:3096} INFO - Sync 1 DAGs
[2026-06-21T22:18:18.065+0300] {logging_mixin.py:188} INFO - [2026-06-21T22:18:18.065+0300] {dag.py:3954} INFO - Setting next_dagrun for tutorial_dag to None, run_after=None
[2026-06-21T22:18:18.094+0300] {processor.py:183} INFO - Processing /media/data/omar/programming course/DEPI/DEPI project/anomx/venv/lib/python3.12/site-packages/airflow/example_dags/tutorial_dag.py took 0.090 seconds
[2026-06-21T22:19:13.686+0300] {processor.py:161} INFO - Started process (PID=20044) to work on /media/data/omar/programming course/DEPI/DEPI project/anomx/venv/lib/python3.12/site-packages/airflow/example_dags/tutorial_dag.py
[2026-06-21T22:19:13.697+0300] {processor.py:830} INFO - Processing file /media/data/omar/programming course/DEPI/DEPI project/anomx/venv/lib/python3.12/site-packages/airflow/example_dags/tutorial_dag.py for tasks to queue
[2026-06-21T22:19:13.703+0300] {logging_mixin.py:188} INFO - [2026-06-21T22:19:13.701+0300] {dagbag.py:540} INFO - Filling up the DagBag from /media/data/omar/programming course/DEPI/DEPI project/anomx/venv/lib/python3.12/site-packages/airflow/example_dags/tutorial_dag.py
[2026-06-21T22:19:13.725+0300] {processor.py:840} INFO - DAG(s) 'tutorial_dag' retrieved from /media/data/omar/programming course/DEPI/DEPI project/anomx/venv/lib/python3.12/site-packages/airflow/example_dags/tutorial_dag.py
[2026-06-21T22:19:13.772+0300] {logging_mixin.py:188} INFO - [2026-06-21T22:19:13.771+0300] {dag.py:3096} INFO - Sync 1 DAGs
[2026-06-21T22:19:13.815+0300] {logging_mixin.py:188} INFO - [2026-06-21T22:19:13.814+0300] {dag.py:3954} INFO - Setting next_dagrun for tutorial_dag to None, run_after=None
[2026-06-21T22:19:14.339+0300] {processor.py:183} INFO - Processing /media/data/omar/programming course/DEPI/DEPI project/anomx/venv/lib/python3.12/site-packages/airflow/example_dags/tutorial_dag.py took 0.686 seconds
[2026-06-21T22:20:14.117+0300] {processor.py:161} INFO - Started process (PID=20158) to work on /media/data/omar/programming course/DEPI/DEPI project/anomx/venv/lib/python3.12/site-packages/airflow/example_dags/tutorial_dag.py
[2026-06-21T22:20:14.118+0300] {processor.py:830} INFO - Processing file /media/data/omar/programming course/DEPI/DEPI project/anomx/venv/lib/python3.12/site-packages/airflow/example_dags/tutorial_dag.py for tasks to queue
[2026-06-21T22:20:14.123+0300] {logging_mixin.py:188} INFO - [2026-06-21T22:20:14.121+0300] {dagbag.py:540} INFO - Filling up the DagBag from /media/data/omar/programming course/DEPI/DEPI project/anomx/venv/lib/python3.12/site-packages/airflow/example_dags/tutorial_dag.py
[2026-06-21T22:20:14.132+0300] {processor.py:840} INFO - DAG(s) 'tutorial_dag' retrieved from /media/data/omar/programming course/DEPI/DEPI project/anomx/venv/lib/python3.12/site-packages/airflow/example_dags/tutorial_dag.py
[2026-06-21T22:20:14.146+0300] {logging_mixin.py:188} INFO - [2026-06-21T22:20:14.146+0300] {dag.py:3096} INFO - Sync 1 DAGs
[2026-06-21T22:20:14.156+0300] {logging_mixin.py:188} INFO - [2026-06-21T22:20:14.156+0300] {dag.py:3954} INFO - Setting next_dagrun for tutorial_dag to None, run_after=None
[2026-06-21T22:20:14.183+0300] {processor.py:183} INFO - Processing /media/data/omar/programming course/DEPI/DEPI project/anomx/venv/lib/python3.12/site-packages/airflow/example_dags/tutorial_dag.py took 0.074 seconds
[2026-06-21T22:20:51.611+0300] {processor.py:161} INFO - Started process (PID=20221) to work on /media/data/omar/programming course/DEPI/DEPI project/anomx/venv/lib/python3.12/site-packages/airflow/example_dags/tutorial_dag.py
[2026-06-21T22:20:51.612+0300] {processor.py:830} INFO - Processing file /media/data/omar/programming course/DEPI/DEPI project/anomx/venv/lib/python3.12/site-packages/airflow/example_dags/tutorial_dag.py for tasks to queue
[2026-06-21T22:20:51.615+0300] {logging_mixin.py:188} INFO - [2026-06-21T22:20:51.614+0300] {dagbag.py:540} INFO - Filling up the DagBag from /media/data/omar/programming course/DEPI/DEPI project/anomx/venv/lib/python3.12/site-packages/airflow/example_dags/tutorial_dag.py
[2026-06-21T22:20:51.632+0300] {processor.py:840} INFO - DAG(s) 'tutorial_dag' retrieved from /media/data/omar/programming course/DEPI/DEPI project/anomx/venv/lib/python3.12/site-packages/airflow/example_dags/tutorial_dag.py
[2026-06-21T22:20:51.671+0300] {logging_mixin.py:188} INFO - [2026-06-21T22:20:51.671+0300] {dag.py:3096} INFO - Sync 1 DAGs
[2026-06-21T22:20:51.682+0300] {logging_mixin.py:188} INFO - [2026-06-21T22:20:51.682+0300] {dag.py:3954} INFO - Setting next_dagrun for tutorial_dag to None, run_after=None
[2026-06-21T22:20:51.716+0300] {processor.py:183} INFO - Processing /media/data/omar/programming course/DEPI/DEPI project/anomx/venv/lib/python3.12/site-packages/airflow/example_dags/tutorial_dag.py took 0.114 seconds
[2026-06-21T22:21:51.674+0300] {processor.py:161} INFO - Started process (PID=20316) to work on /media/data/omar/programming course/DEPI/DEPI project/anomx/venv/lib/python3.12/site-packages/airflow/example_dags/tutorial_dag.py
[2026-06-21T22:21:51.675+0300] {processor.py:830} INFO - Processing file /media/data/omar/programming course/DEPI/DEPI project/anomx/venv/lib/python3.12/site-packages/airflow/example_dags/tutorial_dag.py for tasks to queue
[2026-06-21T22:21:51.677+0300] {logging_mixin.py:188} INFO - [2026-06-21T22:21:51.676+0300] {dagbag.py:540} INFO - Filling up the DagBag from /media/data/omar/programming course/DEPI/DEPI project/anomx/venv/lib/python3.12/site-packages/airflow/example_dags/tutorial_dag.py
[2026-06-21T22:21:51.683+0300] {processor.py:840} INFO - DAG(s) 'tutorial_dag' retrieved from /media/data/omar/programming course/DEPI/DEPI project/anomx/venv/lib/python3.12/site-packages/airflow/example_dags/tutorial_dag.py
[2026-06-21T22:21:51.701+0300] {logging_mixin.py:188} INFO - [2026-06-21T22:21:51.700+0300] {dag.py:3096} INFO - Sync 1 DAGs
[2026-06-21T22:21:51.714+0300] {logging_mixin.py:188} INFO - [2026-06-21T22:21:51.713+0300] {dag.py:3954} INFO - Setting next_dagrun for tutorial_dag to None, run_after=None
[2026-06-21T22:21:51.747+0300] {processor.py:183} INFO - Processing /media/data/omar/programming course/DEPI/DEPI project/anomx/venv/lib/python3.12/site-packages/airflow/example_dags/tutorial_dag.py took 0.079 seconds
[2026-06-21T22:23:02.307+0300] {processor.py:161} INFO - Started process (PID=20452) to work on /media/data/omar/programming course/DEPI/DEPI project/anomx/venv/lib/python3.12/site-packages/airflow/example_dags/tutorial_dag.py
[2026-06-21T22:23:02.308+0300] {processor.py:830} INFO - Processing file /media/data/omar/programming course/DEPI/DEPI project/anomx/venv/lib/python3.12/site-packages/airflow/example_dags/tutorial_dag.py for tasks to queue
[2026-06-21T22:23:02.312+0300] {logging_mixin.py:188} INFO - [2026-06-21T22:23:02.311+0300] {dagbag.py:540} INFO - Filling up the DagBag from /media/data/omar/programming course/DEPI/DEPI project/anomx/venv/lib/python3.12/site-packages/airflow/example_dags/tutorial_dag.py
[2026-06-21T22:23:02.337+0300] {processor.py:840} INFO - DAG(s) 'tutorial_dag' retrieved from /media/data/omar/programming course/DEPI/DEPI project/anomx/venv/lib/python3.12/site-packages/airflow/example_dags/tutorial_dag.py
[2026-06-21T22:23:02.402+0300] {logging_mixin.py:188} INFO - [2026-06-21T22:23:02.402+0300] {dag.py:3096} INFO - Sync 1 DAGs
[2026-06-21T22:23:02.422+0300] {logging_mixin.py:188} INFO - [2026-06-21T22:23:02.421+0300] {dag.py:3954} INFO - Setting next_dagrun for tutorial_dag to None, run_after=None
[2026-06-21T22:23:02.460+0300] {processor.py:183} INFO - Processing /media/data/omar/programming course/DEPI/DEPI project/anomx/venv/lib/python3.12/site-packages/airflow/example_dags/tutorial_dag.py took 0.165 seconds
[2026-06-21T22:24:03.144+0300] {processor.py:161} INFO - Started process (PID=20547) to work on /media/data/omar/programming course/DEPI/DEPI project/anomx/venv/lib/python3.12/site-packages/airflow/example_dags/tutorial_dag.py
[2026-06-21T22:24:03.146+0300] {processor.py:830} INFO - Processing file /media/data/omar/programming course/DEPI/DEPI project/anomx/venv/lib/python3.12/site-packages/airflow/example_dags/tutorial_dag.py for tasks to queue
[2026-06-21T22:24:03.149+0300] {logging_mixin.py:188} INFO - [2026-06-21T22:24:03.148+0300] {dagbag.py:540} INFO - Filling up the DagBag from /media/data/omar/programming course/DEPI/DEPI project/anomx/venv/lib/python3.12/site-packages/airflow/example_dags/tutorial_dag.py
[2026-06-21T22:24:03.157+0300] {processor.py:840} INFO - DAG(s) 'tutorial_dag' retrieved from /media/data/omar/programming course/DEPI/DEPI project/anomx/venv/lib/python3.12/site-packages/airflow/example_dags/tutorial_dag.py
[2026-06-21T22:24:03.174+0300] {logging_mixin.py:188} INFO - [2026-06-21T22:24:03.173+0300] {dag.py:3096} INFO - Sync 1 DAGs
[2026-06-21T22:24:03.183+0300] {logging_mixin.py:188} INFO - [2026-06-21T22:24:03.183+0300] {dag.py:3954} INFO - Setting next_dagrun for tutorial_dag to None, run_after=None
[2026-06-21T22:24:03.210+0300] {processor.py:183} INFO - Processing /media/data/omar/programming course/DEPI/DEPI project/anomx/venv/lib/python3.12/site-packages/airflow/example_dags/tutorial_dag.py took 0.090 seconds
[2026-06-21T22:47:52.490+0300] {processor.py:161} INFO - Started process (PID=22115) to work on /media/data/omar/programming course/DEPI/DEPI project/anomx/venv/lib/python3.12/site-packages/airflow/example_dags/tutorial_dag.py
[2026-06-21T22:47:52.491+0300] {processor.py:830} INFO - Processing file /media/data/omar/programming course/DEPI/DEPI project/anomx/venv/lib/python3.12/site-packages/airflow/example_dags/tutorial_dag.py for tasks to queue
[2026-06-21T22:47:52.494+0300] {logging_mixin.py:188} INFO - [2026-06-21T22:47:52.493+0300] {dagbag.py:540} INFO - Filling up the DagBag from /media/data/omar/programming course/DEPI/DEPI project/anomx/venv/lib/python3.12/site-packages/airflow/example_dags/tutorial_dag.py
[2026-06-21T22:47:52.512+0300] {processor.py:840} INFO - DAG(s) 'tutorial_dag' retrieved from /media/data/omar/programming course/DEPI/DEPI project/anomx/venv/lib/python3.12/site-packages/airflow/example_dags/tutorial_dag.py
[2026-06-21T22:47:52.542+0300] {logging_mixin.py:188} INFO - [2026-06-21T22:47:52.542+0300] {dag.py:3096} INFO - Sync 1 DAGs
[2026-06-21T22:47:52.552+0300] {logging_mixin.py:188} INFO - [2026-06-21T22:47:52.551+0300] {dag.py:3118} INFO - Creating ORM DAG for tutorial_dag
[2026-06-21T22:47:52.552+0300] {logging_mixin.py:188} INFO - [2026-06-21T22:47:52.552+0300] {dag.py:3954} INFO - Setting next_dagrun for tutorial_dag to None, run_after=None
[2026-06-21T22:47:52.580+0300] {processor.py:183} INFO - Processing /media/data/omar/programming course/DEPI/DEPI project/anomx/venv/lib/python3.12/site-packages/airflow/example_dags/tutorial_dag.py took 0.099 seconds
[2026-06-21T22:48:50.892+0300] {processor.py:161} INFO - Started process (PID=22206) to work on /media/data/omar/programming course/DEPI/DEPI project/anomx/venv/lib/python3.12/site-packages/airflow/example_dags/tutorial_dag.py
[2026-06-21T22:48:50.895+0300] {processor.py:830} INFO - Processing file /media/data/omar/programming course/DEPI/DEPI project/anomx/venv/lib/python3.12/site-packages/airflow/example_dags/tutorial_dag.py for tasks to queue
[2026-06-21T22:48:50.899+0300] {logging_mixin.py:188} INFO - [2026-06-21T22:48:50.898+0300] {dagbag.py:540} INFO - Filling up the DagBag from /media/data/omar/programming course/DEPI/DEPI project/anomx/venv/lib/python3.12/site-packages/airflow/example_dags/tutorial_dag.py
[2026-06-21T22:48:50.911+0300] {processor.py:840} INFO - DAG(s) 'tutorial_dag' retrieved from /media/data/omar/programming course/DEPI/DEPI project/anomx/venv/lib/python3.12/site-packages/airflow/example_dags/tutorial_dag.py
[2026-06-21T22:48:50.934+0300] {logging_mixin.py:188} INFO - [2026-06-21T22:48:50.933+0300] {dag.py:3096} INFO - Sync 1 DAGs
[2026-06-21T22:48:50.945+0300] {logging_mixin.py:188} INFO - [2026-06-21T22:48:50.945+0300] {dag.py:3954} INFO - Setting next_dagrun for tutorial_dag to None, run_after=None
[2026-06-21T22:48:50.974+0300] {processor.py:183} INFO - Processing /media/data/omar/programming course/DEPI/DEPI project/anomx/venv/lib/python3.12/site-packages/airflow/example_dags/tutorial_dag.py took 0.106 seconds
[2026-06-21T22:49:46.798+0300] {processor.py:161} INFO - Started process (PID=22298) to work on /media/data/omar/programming course/DEPI/DEPI project/anomx/venv/lib/python3.12/site-packages/airflow/example_dags/tutorial_dag.py
[2026-06-21T22:49:46.800+0300] {processor.py:830} INFO - Processing file /media/data/omar/programming course/DEPI/DEPI project/anomx/venv/lib/python3.12/site-packages/airflow/example_dags/tutorial_dag.py for tasks to queue
[2026-06-21T22:49:46.804+0300] {logging_mixin.py:188} INFO - [2026-06-21T22:49:46.803+0300] {dagbag.py:540} INFO - Filling up the DagBag from /media/data/omar/programming course/DEPI/DEPI project/anomx/venv/lib/python3.12/site-packages/airflow/example_dags/tutorial_dag.py
[2026-06-21T22:49:46.816+0300] {processor.py:840} INFO - DAG(s) 'tutorial_dag' retrieved from /media/data/omar/programming course/DEPI/DEPI project/anomx/venv/lib/python3.12/site-packages/airflow/example_dags/tutorial_dag.py
[2026-06-21T22:49:46.833+0300] {logging_mixin.py:188} INFO - [2026-06-21T22:49:46.833+0300] {dag.py:3096} INFO - Sync 1 DAGs
[2026-06-21T22:49:46.844+0300] {logging_mixin.py:188} INFO - [2026-06-21T22:49:46.844+0300] {dag.py:3954} INFO - Setting next_dagrun for tutorial_dag to None, run_after=None
[2026-06-21T22:49:46.874+0300] {processor.py:183} INFO - Processing /media/data/omar/programming course/DEPI/DEPI project/anomx/venv/lib/python3.12/site-packages/airflow/example_dags/tutorial_dag.py took 0.091 seconds
[2026-06-21T22:50:43.043+0300] {processor.py:161} INFO - Started process (PID=22452) to work on /media/data/omar/programming course/DEPI/DEPI project/anomx/venv/lib/python3.12/site-packages/airflow/example_dags/tutorial_dag.py
[2026-06-21T22:50:43.044+0300] {processor.py:830} INFO - Processing file /media/data/omar/programming course/DEPI/DEPI project/anomx/venv/lib/python3.12/site-packages/airflow/example_dags/tutorial_dag.py for tasks to queue
[2026-06-21T22:50:43.047+0300] {logging_mixin.py:188} INFO - [2026-06-21T22:50:43.046+0300] {dagbag.py:540} INFO - Filling up the DagBag from /media/data/omar/programming course/DEPI/DEPI project/anomx/venv/lib/python3.12/site-packages/airflow/example_dags/tutorial_dag.py
[2026-06-21T22:50:43.053+0300] {processor.py:840} INFO - DAG(s) 'tutorial_dag' retrieved from /media/data/omar/programming course/DEPI/DEPI project/anomx/venv/lib/python3.12/site-packages/airflow/example_dags/tutorial_dag.py
[2026-06-21T22:50:43.071+0300] {logging_mixin.py:188} INFO - [2026-06-21T22:50:43.071+0300] {dag.py:3096} INFO - Sync 1 DAGs
[2026-06-21T22:50:43.083+0300] {logging_mixin.py:188} INFO - [2026-06-21T22:50:43.083+0300] {dag.py:3954} INFO - Setting next_dagrun for tutorial_dag to None, run_after=None
[2026-06-21T22:50:43.115+0300] {processor.py:183} INFO - Processing /media/data/omar/programming course/DEPI/DEPI project/anomx/venv/lib/python3.12/site-packages/airflow/example_dags/tutorial_dag.py took 0.078 seconds
