[2026-06-21T21:38:43.244+0300] {processor.py:161} INFO - Started process (PID=15079) to work on /media/data/omar/programming course/DEPI/DEPI project/anomx/venv/lib/python3.12/site-packages/airflow/example_dags/tutorial_objectstorage.py
[2026-06-21T21:38:43.245+0300] {processor.py:830} INFO - Processing file /media/data/omar/programming course/DEPI/DEPI project/anomx/venv/lib/python3.12/site-packages/airflow/example_dags/tutorial_objectstorage.py for tasks to queue
[2026-06-21T21:38:43.247+0300] {logging_mixin.py:188} INFO - [2026-06-21T21:38:43.247+0300] {dagbag.py:540} INFO - Filling up the DagBag from /media/data/omar/programming course/DEPI/DEPI project/anomx/venv/lib/python3.12/site-packages/airflow/example_dags/tutorial_objectstorage.py
[2026-06-21T21:38:43.263+0300] {processor.py:840} INFO - DAG(s) 'tutorial_objectstorage' retrieved from /media/data/omar/programming course/DEPI/DEPI project/anomx/venv/lib/python3.12/site-packages/airflow/example_dags/tutorial_objectstorage.py
[2026-06-21T21:38:43.478+0300] {logging_mixin.py:188} INFO - [2026-06-21T21:38:43.477+0300] {override.py:1829} INFO - Created Permission View: can edit on DAG:tutorial_objectstorage
[2026-06-21T21:38:43.498+0300] {logging_mixin.py:188} INFO - [2026-06-21T21:38:43.497+0300] {override.py:1829} INFO - Created Permission View: can read on DAG:tutorial_objectstorage
[2026-06-21T21:38:43.512+0300] {logging_mixin.py:188} INFO - [2026-06-21T21:38:43.512+0300] {override.py:1829} INFO - Created Permission View: can delete on DAG:tutorial_objectstorage
[2026-06-21T21:38:43.513+0300] {logging_mixin.py:188} INFO - [2026-06-21T21:38:43.513+0300] {dag.py:3096} INFO - Sync 1 DAGs
[2026-06-21T21:38:43.523+0300] {logging_mixin.py:188} INFO - [2026-06-21T21:38:43.523+0300] {dag.py:3118} INFO - Creating ORM DAG for tutorial_objectstorage
[2026-06-21T21:38:43.524+0300] {logging_mixin.py:188} INFO - [2026-06-21T21:38:43.523+0300] {dag.py:3954} INFO - Setting next_dagrun for tutorial_objectstorage to None, run_after=None
[2026-06-21T21:38:43.551+0300] {processor.py:183} INFO - Processing /media/data/omar/programming course/DEPI/DEPI project/anomx/venv/lib/python3.12/site-packages/airflow/example_dags/tutorial_objectstorage.py took 0.313 seconds
[2026-06-21T21:39:51.896+0300] {processor.py:161} INFO - Started process (PID=15173) to work on /media/data/omar/programming course/DEPI/DEPI project/anomx/venv/lib/python3.12/site-packages/airflow/example_dags/tutorial_objectstorage.py
[2026-06-21T21:39:51.898+0300] {processor.py:830} INFO - Processing file /media/data/omar/programming course/DEPI/DEPI project/anomx/venv/lib/python3.12/site-packages/airflow/example_dags/tutorial_objectstorage.py for tasks to queue
[2026-06-21T21:39:51.899+0300] {logging_mixin.py:188} INFO - [2026-06-21T21:39:51.899+0300] {dagbag.py:540} INFO - Filling up the DagBag from /media/data/omar/programming course/DEPI/DEPI project/anomx/venv/lib/python3.12/site-packages/airflow/example_dags/tutorial_objectstorage.py
[2026-06-21T21:39:51.908+0300] {processor.py:840} INFO - DAG(s) 'tutorial_objectstorage' retrieved from /media/data/omar/programming course/DEPI/DEPI project/anomx/venv/lib/python3.12/site-packages/airflow/example_dags/tutorial_objectstorage.py
[2026-06-21T21:39:51.923+0300] {logging_mixin.py:188} INFO - [2026-06-21T21:39:51.923+0300] {dag.py:3096} INFO - Sync 1 DAGs
[2026-06-21T21:39:51.934+0300] {logging_mixin.py:188} INFO - [2026-06-21T21:39:51.934+0300] {dag.py:3954} INFO - Setting next_dagrun for tutorial_objectstorage to None, run_after=None
[2026-06-21T21:39:51.964+0300] {processor.py:183} INFO - Processing /media/data/omar/programming course/DEPI/DEPI project/anomx/venv/lib/python3.12/site-packages/airflow/example_dags/tutorial_objectstorage.py took 0.075 seconds
[2026-06-21T21:40:51.421+0300] {processor.py:161} INFO - Started process (PID=15272) to work on /media/data/omar/programming course/DEPI/DEPI project/anomx/venv/lib/python3.12/site-packages/airflow/example_dags/tutorial_objectstorage.py
[2026-06-21T21:40:51.422+0300] {processor.py:830} INFO - Processing file /media/data/omar/programming course/DEPI/DEPI project/anomx/venv/lib/python3.12/site-packages/airflow/example_dags/tutorial_objectstorage.py for tasks to queue
[2026-06-21T21:40:51.425+0300] {logging_mixin.py:188} INFO - [2026-06-21T21:40:51.424+0300] {dagbag.py:540} INFO - Filling up the DagBag from /media/data/omar/programming course/DEPI/DEPI project/anomx/venv/lib/python3.12/site-packages/airflow/example_dags/tutorial_objectstorage.py
[2026-06-21T21:40:51.444+0300] {processor.py:840} INFO - DAG(s) 'tutorial_objectstorage' retrieved from /media/data/omar/programming course/DEPI/DEPI project/anomx/venv/lib/python3.12/site-packages/airflow/example_dags/tutorial_objectstorage.py
[2026-06-21T21:40:51.460+0300] {logging_mixin.py:188} INFO - [2026-06-21T21:40:51.459+0300] {dag.py:3096} INFO - Sync 1 DAGs
[2026-06-21T21:40:51.471+0300] {logging_mixin.py:188} INFO - [2026-06-21T21:40:51.471+0300] {dag.py:3954} INFO - Setting next_dagrun for tutorial_objectstorage to None, run_after=None
[2026-06-21T21:40:51.502+0300] {processor.py:183} INFO - Processing /media/data/omar/programming course/DEPI/DEPI project/anomx/venv/lib/python3.12/site-packages/airflow/example_dags/tutorial_objectstorage.py took 0.088 seconds
[2026-06-21T21:41:49.040+0300] {processor.py:161} INFO - Started process (PID=15406) to work on /media/data/omar/programming course/DEPI/DEPI project/anomx/venv/lib/python3.12/site-packages/airflow/example_dags/tutorial_objectstorage.py
[2026-06-21T21:41:49.041+0300] {processor.py:830} INFO - Processing file /media/data/omar/programming course/DEPI/DEPI project/anomx/venv/lib/python3.12/site-packages/airflow/example_dags/tutorial_objectstorage.py for tasks to queue
[2026-06-21T21:41:49.043+0300] {logging_mixin.py:188} INFO - [2026-06-21T21:41:49.042+0300] {dagbag.py:540} INFO - Filling up the DagBag from /media/data/omar/programming course/DEPI/DEPI project/anomx/venv/lib/python3.12/site-packages/airflow/example_dags/tutorial_objectstorage.py
[2026-06-21T21:41:49.050+0300] {processor.py:840} INFO - DAG(s) 'tutorial_objectstorage' retrieved from /media/data/omar/programming course/DEPI/DEPI project/anomx/venv/lib/python3.12/site-packages/airflow/example_dags/tutorial_objectstorage.py
[2026-06-21T21:41:49.065+0300] {logging_mixin.py:188} INFO - [2026-06-21T21:41:49.065+0300] {dag.py:3096} INFO - Sync 1 DAGs
[2026-06-21T21:41:49.075+0300] {logging_mixin.py:188} INFO - [2026-06-21T21:41:49.075+0300] {dag.py:3954} INFO - Setting next_dagrun for tutorial_objectstorage to None, run_after=None
[2026-06-21T21:41:49.104+0300] {processor.py:183} INFO - Processing /media/data/omar/programming course/DEPI/DEPI project/anomx/venv/lib/python3.12/site-packages/airflow/example_dags/tutorial_objectstorage.py took 0.070 seconds
[2026-06-21T21:43:00.385+0300] {processor.py:161} INFO - Started process (PID=15627) to work on /media/data/omar/programming course/DEPI/DEPI project/anomx/venv/lib/python3.12/site-packages/airflow/example_dags/tutorial_objectstorage.py
[2026-06-21T21:43:00.386+0300] {processor.py:830} INFO - Processing file /media/data/omar/programming course/DEPI/DEPI project/anomx/venv/lib/python3.12/site-packages/airflow/example_dags/tutorial_objectstorage.py for tasks to queue
[2026-06-21T21:43:00.388+0300] {logging_mixin.py:188} INFO - [2026-06-21T21:43:00.388+0300] {dagbag.py:540} INFO - Filling up the DagBag from /media/data/omar/programming course/DEPI/DEPI project/anomx/venv/lib/python3.12/site-packages/airflow/example_dags/tutorial_objectstorage.py
[2026-06-21T21:43:00.402+0300] {processor.py:840} INFO - DAG(s) 'tutorial_objectstorage' retrieved from /media/data/omar/programming course/DEPI/DEPI project/anomx/venv/lib/python3.12/site-packages/airflow/example_dags/tutorial_objectstorage.py
[2026-06-21T21:43:00.420+0300] {logging_mixin.py:188} INFO - [2026-06-21T21:43:00.420+0300] {dag.py:3096} INFO - Sync 1 DAGs
[2026-06-21T21:43:00.432+0300] {logging_mixin.py:188} INFO - [2026-06-21T21:43:00.431+0300] {dag.py:3954} INFO - Setting next_dagrun for tutorial_objectstorage to None, run_after=None
[2026-06-21T21:43:00.463+0300] {processor.py:183} INFO - Processing /media/data/omar/programming course/DEPI/DEPI project/anomx/venv/lib/python3.12/site-packages/airflow/example_dags/tutorial_objectstorage.py took 0.089 seconds
[2026-06-21T21:44:00.685+0300] {processor.py:161} INFO - Started process (PID=15740) to work on /media/data/omar/programming course/DEPI/DEPI project/anomx/venv/lib/python3.12/site-packages/airflow/example_dags/tutorial_objectstorage.py
[2026-06-21T21:44:00.687+0300] {processor.py:830} INFO - Processing file /media/data/omar/programming course/DEPI/DEPI project/anomx/venv/lib/python3.12/site-packages/airflow/example_dags/tutorial_objectstorage.py for tasks to queue
[2026-06-21T21:44:00.689+0300] {logging_mixin.py:188} INFO - [2026-06-21T21:44:00.688+0300] {dagbag.py:540} INFO - Filling up the DagBag from /media/data/omar/programming course/DEPI/DEPI project/anomx/venv/lib/python3.12/site-packages/airflow/example_dags/tutorial_objectstorage.py
[2026-06-21T21:44:00.699+0300] {processor.py:840} INFO - DAG(s) 'tutorial_objectstorage' retrieved from /media/data/omar/programming course/DEPI/DEPI project/anomx/venv/lib/python3.12/site-packages/airflow/example_dags/tutorial_objectstorage.py
[2026-06-21T21:44:00.716+0300] {logging_mixin.py:188} INFO - [2026-06-21T21:44:00.715+0300] {dag.py:3096} INFO - Sync 1 DAGs
[2026-06-21T21:44:00.727+0300] {logging_mixin.py:188} INFO - [2026-06-21T21:44:00.726+0300] {dag.py:3954} INFO - Setting next_dagrun for tutorial_objectstorage to None, run_after=None
[2026-06-21T21:44:00.760+0300] {processor.py:183} INFO - Processing /media/data/omar/programming course/DEPI/DEPI project/anomx/venv/lib/python3.12/site-packages/airflow/example_dags/tutorial_objectstorage.py took 0.083 seconds
[2026-06-21T21:46:05.604+0300] {processor.py:161} INFO - Started process (PID=15984) to work on /media/data/omar/programming course/DEPI/DEPI project/anomx/venv/lib/python3.12/site-packages/airflow/example_dags/tutorial_objectstorage.py
[2026-06-21T21:46:05.605+0300] {processor.py:830} INFO - Processing file /media/data/omar/programming course/DEPI/DEPI project/anomx/venv/lib/python3.12/site-packages/airflow/example_dags/tutorial_objectstorage.py for tasks to queue
[2026-06-21T21:46:05.607+0300] {logging_mixin.py:188} INFO - [2026-06-21T21:46:05.606+0300] {dagbag.py:540} INFO - Filling up the DagBag from /media/data/omar/programming course/DEPI/DEPI project/anomx/venv/lib/python3.12/site-packages/airflow/example_dags/tutorial_objectstorage.py
[2026-06-21T21:46:05.619+0300] {processor.py:840} INFO - DAG(s) 'tutorial_objectstorage' retrieved from /media/data/omar/programming course/DEPI/DEPI project/anomx/venv/lib/python3.12/site-packages/airflow/example_dags/tutorial_objectstorage.py
[2026-06-21T21:46:05.637+0300] {logging_mixin.py:188} INFO - [2026-06-21T21:46:05.637+0300] {dag.py:3096} INFO - Sync 1 DAGs
[2026-06-21T21:46:05.652+0300] {logging_mixin.py:188} INFO - [2026-06-21T21:46:05.651+0300] {dag.py:3954} INFO - Setting next_dagrun for tutorial_objectstorage to None, run_after=None
[2026-06-21T21:46:05.686+0300] {processor.py:183} INFO - Processing /media/data/omar/programming course/DEPI/DEPI project/anomx/venv/lib/python3.12/site-packages/airflow/example_dags/tutorial_objectstorage.py took 0.087 seconds
[2026-06-21T21:47:32.709+0300] {processor.py:161} INFO - Started process (PID=16149) to work on /media/data/omar/programming course/DEPI/DEPI project/anomx/venv/lib/python3.12/site-packages/airflow/example_dags/tutorial_objectstorage.py
[2026-06-21T21:47:32.711+0300] {processor.py:830} INFO - Processing file /media/data/omar/programming course/DEPI/DEPI project/anomx/venv/lib/python3.12/site-packages/airflow/example_dags/tutorial_objectstorage.py for tasks to queue
[2026-06-21T21:47:32.716+0300] {logging_mixin.py:188} INFO - [2026-06-21T21:47:32.715+0300] {dagbag.py:540} INFO - Filling up the DagBag from /media/data/omar/programming course/DEPI/DEPI project/anomx/venv/lib/python3.12/site-packages/airflow/example_dags/tutorial_objectstorage.py
[2026-06-21T21:47:32.732+0300] {processor.py:840} INFO - DAG(s) 'tutorial_objectstorage' retrieved from /media/data/omar/programming course/DEPI/DEPI project/anomx/venv/lib/python3.12/site-packages/airflow/example_dags/tutorial_objectstorage.py
[2026-06-21T21:47:32.749+0300] {logging_mixin.py:188} INFO - [2026-06-21T21:47:32.749+0300] {dag.py:3096} INFO - Sync 1 DAGs
[2026-06-21T21:47:32.758+0300] {logging_mixin.py:188} INFO - [2026-06-21T21:47:32.758+0300] {dag.py:3954} INFO - Setting next_dagrun for tutorial_objectstorage to None, run_after=None
[2026-06-21T21:47:32.787+0300] {processor.py:183} INFO - Processing /media/data/omar/programming course/DEPI/DEPI project/anomx/venv/lib/python3.12/site-packages/airflow/example_dags/tutorial_objectstorage.py took 0.091 seconds
[2026-06-21T21:48:33.275+0300] {processor.py:161} INFO - Started process (PID=16241) to work on /media/data/omar/programming course/DEPI/DEPI project/anomx/venv/lib/python3.12/site-packages/airflow/example_dags/tutorial_objectstorage.py
[2026-06-21T21:48:33.276+0300] {processor.py:830} INFO - Processing file /media/data/omar/programming course/DEPI/DEPI project/anomx/venv/lib/python3.12/site-packages/airflow/example_dags/tutorial_objectstorage.py for tasks to queue
[2026-06-21T21:48:33.278+0300] {logging_mixin.py:188} INFO - [2026-06-21T21:48:33.277+0300] {dagbag.py:540} INFO - Filling up the DagBag from /media/data/omar/programming course/DEPI/DEPI project/anomx/venv/lib/python3.12/site-packages/airflow/example_dags/tutorial_objectstorage.py
[2026-06-21T21:48:33.285+0300] {processor.py:840} INFO - DAG(s) 'tutorial_objectstorage' retrieved from /media/data/omar/programming course/DEPI/DEPI project/anomx/venv/lib/python3.12/site-packages/airflow/example_dags/tutorial_objectstorage.py
[2026-06-21T21:48:33.301+0300] {logging_mixin.py:188} INFO - [2026-06-21T21:48:33.301+0300] {dag.py:3096} INFO - Sync 1 DAGs
[2026-06-21T21:48:33.312+0300] {logging_mixin.py:188} INFO - [2026-06-21T21:48:33.311+0300] {dag.py:3954} INFO - Setting next_dagrun for tutorial_objectstorage to None, run_after=None
[2026-06-21T21:48:33.341+0300] {processor.py:183} INFO - Processing /media/data/omar/programming course/DEPI/DEPI project/anomx/venv/lib/python3.12/site-packages/airflow/example_dags/tutorial_objectstorage.py took 0.072 seconds
[2026-06-21T21:49:32.990+0300] {processor.py:161} INFO - Started process (PID=16336) to work on /media/data/omar/programming course/DEPI/DEPI project/anomx/venv/lib/python3.12/site-packages/airflow/example_dags/tutorial_objectstorage.py
[2026-06-21T21:49:32.991+0300] {processor.py:830} INFO - Processing file /media/data/omar/programming course/DEPI/DEPI project/anomx/venv/lib/python3.12/site-packages/airflow/example_dags/tutorial_objectstorage.py for tasks to queue
[2026-06-21T21:49:32.994+0300] {logging_mixin.py:188} INFO - [2026-06-21T21:49:32.993+0300] {dagbag.py:540} INFO - Filling up the DagBag from /media/data/omar/programming course/DEPI/DEPI project/anomx/venv/lib/python3.12/site-packages/airflow/example_dags/tutorial_objectstorage.py
[2026-06-21T21:49:33.004+0300] {processor.py:840} INFO - DAG(s) 'tutorial_objectstorage' retrieved from /media/data/omar/programming course/DEPI/DEPI project/anomx/venv/lib/python3.12/site-packages/airflow/example_dags/tutorial_objectstorage.py
[2026-06-21T21:49:33.021+0300] {logging_mixin.py:188} INFO - [2026-06-21T21:49:33.021+0300] {dag.py:3096} INFO - Sync 1 DAGs
[2026-06-21T21:49:33.032+0300] {logging_mixin.py:188} INFO - [2026-06-21T21:49:33.031+0300] {dag.py:3954} INFO - Setting next_dagrun for tutorial_objectstorage to None, run_after=None
[2026-06-21T21:49:33.063+0300] {processor.py:183} INFO - Processing /media/data/omar/programming course/DEPI/DEPI project/anomx/venv/lib/python3.12/site-packages/airflow/example_dags/tutorial_objectstorage.py took 0.084 seconds
[2026-06-21T21:50:42.597+0300] {processor.py:161} INFO - Started process (PID=16462) to work on /media/data/omar/programming course/DEPI/DEPI project/anomx/venv/lib/python3.12/site-packages/airflow/example_dags/tutorial_objectstorage.py
[2026-06-21T21:50:42.599+0300] {processor.py:830} INFO - Processing file /media/data/omar/programming course/DEPI/DEPI project/anomx/venv/lib/python3.12/site-packages/airflow/example_dags/tutorial_objectstorage.py for tasks to queue
[2026-06-21T21:50:42.602+0300] {logging_mixin.py:188} INFO - [2026-06-21T21:50:42.601+0300] {dagbag.py:540} INFO - Filling up the DagBag from /media/data/omar/programming course/DEPI/DEPI project/anomx/venv/lib/python3.12/site-packages/airflow/example_dags/tutorial_objectstorage.py
[2026-06-21T21:50:42.613+0300] {processor.py:840} INFO - DAG(s) 'tutorial_objectstorage' retrieved from /media/data/omar/programming course/DEPI/DEPI project/anomx/venv/lib/python3.12/site-packages/airflow/example_dags/tutorial_objectstorage.py
[2026-06-21T21:50:42.629+0300] {logging_mixin.py:188} INFO - [2026-06-21T21:50:42.629+0300] {dag.py:3096} INFO - Sync 1 DAGs
[2026-06-21T21:50:42.640+0300] {logging_mixin.py:188} INFO - [2026-06-21T21:50:42.640+0300] {dag.py:3954} INFO - Setting next_dagrun for tutorial_objectstorage to None, run_after=None
[2026-06-21T21:50:42.667+0300] {processor.py:183} INFO - Processing /media/data/omar/programming course/DEPI/DEPI project/anomx/venv/lib/python3.12/site-packages/airflow/example_dags/tutorial_objectstorage.py took 0.088 seconds
[2026-06-21T21:52:01.652+0300] {processor.py:161} INFO - Started process (PID=16604) to work on /media/data/omar/programming course/DEPI/DEPI project/anomx/venv/lib/python3.12/site-packages/airflow/example_dags/tutorial_objectstorage.py
[2026-06-21T21:52:01.653+0300] {processor.py:830} INFO - Processing file /media/data/omar/programming course/DEPI/DEPI project/anomx/venv/lib/python3.12/site-packages/airflow/example_dags/tutorial_objectstorage.py for tasks to queue
[2026-06-21T21:52:01.655+0300] {logging_mixin.py:188} INFO - [2026-06-21T21:52:01.655+0300] {dagbag.py:540} INFO - Filling up the DagBag from /media/data/omar/programming course/DEPI/DEPI project/anomx/venv/lib/python3.12/site-packages/airflow/example_dags/tutorial_objectstorage.py
[2026-06-21T21:52:01.663+0300] {processor.py:840} INFO - DAG(s) 'tutorial_objectstorage' retrieved from /media/data/omar/programming course/DEPI/DEPI project/anomx/venv/lib/python3.12/site-packages/airflow/example_dags/tutorial_objectstorage.py
[2026-06-21T21:52:01.677+0300] {logging_mixin.py:188} INFO - [2026-06-21T21:52:01.677+0300] {dag.py:3096} INFO - Sync 1 DAGs
[2026-06-21T21:52:01.692+0300] {logging_mixin.py:188} INFO - [2026-06-21T21:52:01.691+0300] {dag.py:3954} INFO - Setting next_dagrun for tutorial_objectstorage to None, run_after=None
[2026-06-21T21:52:01.722+0300] {processor.py:183} INFO - Processing /media/data/omar/programming course/DEPI/DEPI project/anomx/venv/lib/python3.12/site-packages/airflow/example_dags/tutorial_objectstorage.py took 0.078 seconds
[2026-06-21T21:52:52.355+0300] {processor.py:161} INFO - Started process (PID=16694) to work on /media/data/omar/programming course/DEPI/DEPI project/anomx/venv/lib/python3.12/site-packages/airflow/example_dags/tutorial_objectstorage.py
[2026-06-21T21:52:52.356+0300] {processor.py:830} INFO - Processing file /media/data/omar/programming course/DEPI/DEPI project/anomx/venv/lib/python3.12/site-packages/airflow/example_dags/tutorial_objectstorage.py for tasks to queue
[2026-06-21T21:52:52.360+0300] {logging_mixin.py:188} INFO - [2026-06-21T21:52:52.359+0300] {dagbag.py:540} INFO - Filling up the DagBag from /media/data/omar/programming course/DEPI/DEPI project/anomx/venv/lib/python3.12/site-packages/airflow/example_dags/tutorial_objectstorage.py
[2026-06-21T21:52:52.370+0300] {processor.py:840} INFO - DAG(s) 'tutorial_objectstorage' retrieved from /media/data/omar/programming course/DEPI/DEPI project/anomx/venv/lib/python3.12/site-packages/airflow/example_dags/tutorial_objectstorage.py
[2026-06-21T21:52:52.384+0300] {logging_mixin.py:188} INFO - [2026-06-21T21:52:52.384+0300] {dag.py:3096} INFO - Sync 1 DAGs
[2026-06-21T21:52:52.394+0300] {logging_mixin.py:188} INFO - [2026-06-21T21:52:52.393+0300] {dag.py:3954} INFO - Setting next_dagrun for tutorial_objectstorage to None, run_after=None
[2026-06-21T21:52:52.420+0300] {processor.py:183} INFO - Processing /media/data/omar/programming course/DEPI/DEPI project/anomx/venv/lib/python3.12/site-packages/airflow/example_dags/tutorial_objectstorage.py took 0.082 seconds
[2026-06-21T21:53:47.579+0300] {processor.py:161} INFO - Started process (PID=16784) to work on /media/data/omar/programming course/DEPI/DEPI project/anomx/venv/lib/python3.12/site-packages/airflow/example_dags/tutorial_objectstorage.py
[2026-06-21T21:53:47.580+0300] {processor.py:830} INFO - Processing file /media/data/omar/programming course/DEPI/DEPI project/anomx/venv/lib/python3.12/site-packages/airflow/example_dags/tutorial_objectstorage.py for tasks to queue
[2026-06-21T21:53:47.583+0300] {logging_mixin.py:188} INFO - [2026-06-21T21:53:47.582+0300] {dagbag.py:540} INFO - Filling up the DagBag from /media/data/omar/programming course/DEPI/DEPI project/anomx/venv/lib/python3.12/site-packages/airflow/example_dags/tutorial_objectstorage.py
[2026-06-21T21:53:47.594+0300] {processor.py:840} INFO - DAG(s) 'tutorial_objectstorage' retrieved from /media/data/omar/programming course/DEPI/DEPI project/anomx/venv/lib/python3.12/site-packages/airflow/example_dags/tutorial_objectstorage.py
[2026-06-21T21:53:47.608+0300] {logging_mixin.py:188} INFO - [2026-06-21T21:53:47.608+0300] {dag.py:3096} INFO - Sync 1 DAGs
[2026-06-21T21:53:47.618+0300] {logging_mixin.py:188} INFO - [2026-06-21T21:53:47.618+0300] {dag.py:3954} INFO - Setting next_dagrun for tutorial_objectstorage to None, run_after=None
[2026-06-21T21:53:47.645+0300] {processor.py:183} INFO - Processing /media/data/omar/programming course/DEPI/DEPI project/anomx/venv/lib/python3.12/site-packages/airflow/example_dags/tutorial_objectstorage.py took 0.081 seconds
[2026-06-21T21:54:44.885+0300] {processor.py:161} INFO - Started process (PID=16886) to work on /media/data/omar/programming course/DEPI/DEPI project/anomx/venv/lib/python3.12/site-packages/airflow/example_dags/tutorial_objectstorage.py
[2026-06-21T21:54:44.887+0300] {processor.py:830} INFO - Processing file /media/data/omar/programming course/DEPI/DEPI project/anomx/venv/lib/python3.12/site-packages/airflow/example_dags/tutorial_objectstorage.py for tasks to queue
[2026-06-21T21:54:44.890+0300] {logging_mixin.py:188} INFO - [2026-06-21T21:54:44.889+0300] {dagbag.py:540} INFO - Filling up the DagBag from /media/data/omar/programming course/DEPI/DEPI project/anomx/venv/lib/python3.12/site-packages/airflow/example_dags/tutorial_objectstorage.py
[2026-06-21T21:54:44.899+0300] {processor.py:840} INFO - DAG(s) 'tutorial_objectstorage' retrieved from /media/data/omar/programming course/DEPI/DEPI project/anomx/venv/lib/python3.12/site-packages/airflow/example_dags/tutorial_objectstorage.py
[2026-06-21T21:54:44.914+0300] {logging_mixin.py:188} INFO - [2026-06-21T21:54:44.914+0300] {dag.py:3096} INFO - Sync 1 DAGs
[2026-06-21T21:54:44.925+0300] {logging_mixin.py:188} INFO - [2026-06-21T21:54:44.925+0300] {dag.py:3954} INFO - Setting next_dagrun for tutorial_objectstorage to None, run_after=None
[2026-06-21T21:54:44.972+0300] {processor.py:183} INFO - Processing /media/data/omar/programming course/DEPI/DEPI project/anomx/venv/lib/python3.12/site-packages/airflow/example_dags/tutorial_objectstorage.py took 0.102 seconds
[2026-06-21T21:55:40.780+0300] {processor.py:161} INFO - Started process (PID=16982) to work on /media/data/omar/programming course/DEPI/DEPI project/anomx/venv/lib/python3.12/site-packages/airflow/example_dags/tutorial_objectstorage.py
[2026-06-21T21:55:40.783+0300] {processor.py:830} INFO - Processing file /media/data/omar/programming course/DEPI/DEPI project/anomx/venv/lib/python3.12/site-packages/airflow/example_dags/tutorial_objectstorage.py for tasks to queue
[2026-06-21T21:55:40.788+0300] {logging_mixin.py:188} INFO - [2026-06-21T21:55:40.787+0300] {dagbag.py:540} INFO - Filling up the DagBag from /media/data/omar/programming course/DEPI/DEPI project/anomx/venv/lib/python3.12/site-packages/airflow/example_dags/tutorial_objectstorage.py
[2026-06-21T21:55:40.801+0300] {processor.py:840} INFO - DAG(s) 'tutorial_objectstorage' retrieved from /media/data/omar/programming course/DEPI/DEPI project/anomx/venv/lib/python3.12/site-packages/airflow/example_dags/tutorial_objectstorage.py
[2026-06-21T21:55:40.817+0300] {logging_mixin.py:188} INFO - [2026-06-21T21:55:40.816+0300] {dag.py:3096} INFO - Sync 1 DAGs
[2026-06-21T21:55:40.827+0300] {logging_mixin.py:188} INFO - [2026-06-21T21:55:40.826+0300] {dag.py:3954} INFO - Setting next_dagrun for tutorial_objectstorage to None, run_after=None
[2026-06-21T21:55:40.855+0300] {processor.py:183} INFO - Processing /media/data/omar/programming course/DEPI/DEPI project/anomx/venv/lib/python3.12/site-packages/airflow/example_dags/tutorial_objectstorage.py took 0.093 seconds
[2026-06-21T21:56:33.176+0300] {processor.py:161} INFO - Started process (PID=17060) to work on /media/data/omar/programming course/DEPI/DEPI project/anomx/venv/lib/python3.12/site-packages/airflow/example_dags/tutorial_objectstorage.py
[2026-06-21T21:56:33.177+0300] {processor.py:830} INFO - Processing file /media/data/omar/programming course/DEPI/DEPI project/anomx/venv/lib/python3.12/site-packages/airflow/example_dags/tutorial_objectstorage.py for tasks to queue
[2026-06-21T21:56:33.178+0300] {logging_mixin.py:188} INFO - [2026-06-21T21:56:33.178+0300] {dagbag.py:540} INFO - Filling up the DagBag from /media/data/omar/programming course/DEPI/DEPI project/anomx/venv/lib/python3.12/site-packages/airflow/example_dags/tutorial_objectstorage.py
[2026-06-21T21:56:33.186+0300] {processor.py:840} INFO - DAG(s) 'tutorial_objectstorage' retrieved from /media/data/omar/programming course/DEPI/DEPI project/anomx/venv/lib/python3.12/site-packages/airflow/example_dags/tutorial_objectstorage.py
[2026-06-21T21:56:33.201+0300] {logging_mixin.py:188} INFO - [2026-06-21T21:56:33.201+0300] {dag.py:3096} INFO - Sync 1 DAGs
[2026-06-21T21:56:33.211+0300] {logging_mixin.py:188} INFO - [2026-06-21T21:56:33.211+0300] {dag.py:3954} INFO - Setting next_dagrun for tutorial_objectstorage to None, run_after=None
[2026-06-21T21:56:33.241+0300] {processor.py:183} INFO - Processing /media/data/omar/programming course/DEPI/DEPI project/anomx/venv/lib/python3.12/site-packages/airflow/example_dags/tutorial_objectstorage.py took 0.072 seconds
[2026-06-21T21:57:25.884+0300] {processor.py:161} INFO - Started process (PID=17154) to work on /media/data/omar/programming course/DEPI/DEPI project/anomx/venv/lib/python3.12/site-packages/airflow/example_dags/tutorial_objectstorage.py
[2026-06-21T21:57:25.885+0300] {processor.py:830} INFO - Processing file /media/data/omar/programming course/DEPI/DEPI project/anomx/venv/lib/python3.12/site-packages/airflow/example_dags/tutorial_objectstorage.py for tasks to queue
[2026-06-21T21:57:25.888+0300] {logging_mixin.py:188} INFO - [2026-06-21T21:57:25.887+0300] {dagbag.py:540} INFO - Filling up the DagBag from /media/data/omar/programming course/DEPI/DEPI project/anomx/venv/lib/python3.12/site-packages/airflow/example_dags/tutorial_objectstorage.py
[2026-06-21T21:57:25.900+0300] {processor.py:840} INFO - DAG(s) 'tutorial_objectstorage' retrieved from /media/data/omar/programming course/DEPI/DEPI project/anomx/venv/lib/python3.12/site-packages/airflow/example_dags/tutorial_objectstorage.py
[2026-06-21T21:57:25.915+0300] {logging_mixin.py:188} INFO - [2026-06-21T21:57:25.914+0300] {dag.py:3096} INFO - Sync 1 DAGs
[2026-06-21T21:57:25.924+0300] {logging_mixin.py:188} INFO - [2026-06-21T21:57:25.924+0300] {dag.py:3954} INFO - Setting next_dagrun for tutorial_objectstorage to None, run_after=None
[2026-06-21T21:57:25.954+0300] {processor.py:183} INFO - Processing /media/data/omar/programming course/DEPI/DEPI project/anomx/venv/lib/python3.12/site-packages/airflow/example_dags/tutorial_objectstorage.py took 0.080 seconds
[2026-06-21T21:58:20.684+0300] {processor.py:161} INFO - Started process (PID=17248) to work on /media/data/omar/programming course/DEPI/DEPI project/anomx/venv/lib/python3.12/site-packages/airflow/example_dags/tutorial_objectstorage.py
[2026-06-21T21:58:20.687+0300] {processor.py:830} INFO - Processing file /media/data/omar/programming course/DEPI/DEPI project/anomx/venv/lib/python3.12/site-packages/airflow/example_dags/tutorial_objectstorage.py for tasks to queue
[2026-06-21T21:58:20.691+0300] {logging_mixin.py:188} INFO - [2026-06-21T21:58:20.690+0300] {dagbag.py:540} INFO - Filling up the DagBag from /media/data/omar/programming course/DEPI/DEPI project/anomx/venv/lib/python3.12/site-packages/airflow/example_dags/tutorial_objectstorage.py
[2026-06-21T21:58:20.708+0300] {processor.py:840} INFO - DAG(s) 'tutorial_objectstorage' retrieved from /media/data/omar/programming course/DEPI/DEPI project/anomx/venv/lib/python3.12/site-packages/airflow/example_dags/tutorial_objectstorage.py
[2026-06-21T21:58:20.726+0300] {logging_mixin.py:188} INFO - [2026-06-21T21:58:20.726+0300] {dag.py:3096} INFO - Sync 1 DAGs
[2026-06-21T21:58:20.736+0300] {logging_mixin.py:188} INFO - [2026-06-21T21:58:20.736+0300] {dag.py:3954} INFO - Setting next_dagrun for tutorial_objectstorage to None, run_after=None
[2026-06-21T21:58:20.764+0300] {processor.py:183} INFO - Processing /media/data/omar/programming course/DEPI/DEPI project/anomx/venv/lib/python3.12/site-packages/airflow/example_dags/tutorial_objectstorage.py took 0.093 seconds
[2026-06-21T21:59:15.859+0300] {processor.py:161} INFO - Started process (PID=17337) to work on /media/data/omar/programming course/DEPI/DEPI project/anomx/venv/lib/python3.12/site-packages/airflow/example_dags/tutorial_objectstorage.py
[2026-06-21T21:59:15.860+0300] {processor.py:830} INFO - Processing file /media/data/omar/programming course/DEPI/DEPI project/anomx/venv/lib/python3.12/site-packages/airflow/example_dags/tutorial_objectstorage.py for tasks to queue
[2026-06-21T21:59:15.863+0300] {logging_mixin.py:188} INFO - [2026-06-21T21:59:15.862+0300] {dagbag.py:540} INFO - Filling up the DagBag from /media/data/omar/programming course/DEPI/DEPI project/anomx/venv/lib/python3.12/site-packages/airflow/example_dags/tutorial_objectstorage.py
[2026-06-21T21:59:15.875+0300] {processor.py:840} INFO - DAG(s) 'tutorial_objectstorage' retrieved from /media/data/omar/programming course/DEPI/DEPI project/anomx/venv/lib/python3.12/site-packages/airflow/example_dags/tutorial_objectstorage.py
[2026-06-21T21:59:15.891+0300] {logging_mixin.py:188} INFO - [2026-06-21T21:59:15.890+0300] {dag.py:3096} INFO - Sync 1 DAGs
[2026-06-21T21:59:15.901+0300] {logging_mixin.py:188} INFO - [2026-06-21T21:59:15.900+0300] {dag.py:3954} INFO - Setting next_dagrun for tutorial_objectstorage to None, run_after=None
[2026-06-21T21:59:15.928+0300] {processor.py:183} INFO - Processing /media/data/omar/programming course/DEPI/DEPI project/anomx/venv/lib/python3.12/site-packages/airflow/example_dags/tutorial_objectstorage.py took 0.080 seconds
[2026-06-21T22:00:12.775+0300] {processor.py:161} INFO - Started process (PID=17431) to work on /media/data/omar/programming course/DEPI/DEPI project/anomx/venv/lib/python3.12/site-packages/airflow/example_dags/tutorial_objectstorage.py
[2026-06-21T22:00:12.777+0300] {processor.py:830} INFO - Processing file /media/data/omar/programming course/DEPI/DEPI project/anomx/venv/lib/python3.12/site-packages/airflow/example_dags/tutorial_objectstorage.py for tasks to queue
[2026-06-21T22:00:12.781+0300] {logging_mixin.py:188} INFO - [2026-06-21T22:00:12.780+0300] {dagbag.py:540} INFO - Filling up the DagBag from /media/data/omar/programming course/DEPI/DEPI project/anomx/venv/lib/python3.12/site-packages/airflow/example_dags/tutorial_objectstorage.py
[2026-06-21T22:00:12.797+0300] {processor.py:840} INFO - DAG(s) 'tutorial_objectstorage' retrieved from /media/data/omar/programming course/DEPI/DEPI project/anomx/venv/lib/python3.12/site-packages/airflow/example_dags/tutorial_objectstorage.py
[2026-06-21T22:00:12.814+0300] {logging_mixin.py:188} INFO - [2026-06-21T22:00:12.814+0300] {dag.py:3096} INFO - Sync 1 DAGs
[2026-06-21T22:00:12.824+0300] {logging_mixin.py:188} INFO - [2026-06-21T22:00:12.823+0300] {dag.py:3954} INFO - Setting next_dagrun for tutorial_objectstorage to None, run_after=None
[2026-06-21T22:00:12.852+0300] {processor.py:183} INFO - Processing /media/data/omar/programming course/DEPI/DEPI project/anomx/venv/lib/python3.12/site-packages/airflow/example_dags/tutorial_objectstorage.py took 0.091 seconds
[2026-06-21T22:01:09.137+0300] {processor.py:161} INFO - Started process (PID=17513) to work on /media/data/omar/programming course/DEPI/DEPI project/anomx/venv/lib/python3.12/site-packages/airflow/example_dags/tutorial_objectstorage.py
[2026-06-21T22:01:09.139+0300] {processor.py:830} INFO - Processing file /media/data/omar/programming course/DEPI/DEPI project/anomx/venv/lib/python3.12/site-packages/airflow/example_dags/tutorial_objectstorage.py for tasks to queue
[2026-06-21T22:01:09.142+0300] {logging_mixin.py:188} INFO - [2026-06-21T22:01:09.141+0300] {dagbag.py:540} INFO - Filling up the DagBag from /media/data/omar/programming course/DEPI/DEPI project/anomx/venv/lib/python3.12/site-packages/airflow/example_dags/tutorial_objectstorage.py
[2026-06-21T22:01:09.153+0300] {processor.py:840} INFO - DAG(s) 'tutorial_objectstorage' retrieved from /media/data/omar/programming course/DEPI/DEPI project/anomx/venv/lib/python3.12/site-packages/airflow/example_dags/tutorial_objectstorage.py
[2026-06-21T22:01:09.167+0300] {logging_mixin.py:188} INFO - [2026-06-21T22:01:09.167+0300] {dag.py:3096} INFO - Sync 1 DAGs
[2026-06-21T22:01:09.177+0300] {logging_mixin.py:188} INFO - [2026-06-21T22:01:09.177+0300] {dag.py:3954} INFO - Setting next_dagrun for tutorial_objectstorage to None, run_after=None
[2026-06-21T22:01:09.204+0300] {processor.py:183} INFO - Processing /media/data/omar/programming course/DEPI/DEPI project/anomx/venv/lib/python3.12/site-packages/airflow/example_dags/tutorial_objectstorage.py took 0.084 seconds
[2026-06-21T22:02:07.711+0300] {processor.py:161} INFO - Started process (PID=17606) to work on /media/data/omar/programming course/DEPI/DEPI project/anomx/venv/lib/python3.12/site-packages/airflow/example_dags/tutorial_objectstorage.py
[2026-06-21T22:02:07.711+0300] {processor.py:830} INFO - Processing file /media/data/omar/programming course/DEPI/DEPI project/anomx/venv/lib/python3.12/site-packages/airflow/example_dags/tutorial_objectstorage.py for tasks to queue
[2026-06-21T22:02:07.713+0300] {logging_mixin.py:188} INFO - [2026-06-21T22:02:07.713+0300] {dagbag.py:540} INFO - Filling up the DagBag from /media/data/omar/programming course/DEPI/DEPI project/anomx/venv/lib/python3.12/site-packages/airflow/example_dags/tutorial_objectstorage.py
[2026-06-21T22:02:07.721+0300] {processor.py:840} INFO - DAG(s) 'tutorial_objectstorage' retrieved from /media/data/omar/programming course/DEPI/DEPI project/anomx/venv/lib/python3.12/site-packages/airflow/example_dags/tutorial_objectstorage.py
[2026-06-21T22:02:07.734+0300] {logging_mixin.py:188} INFO - [2026-06-21T22:02:07.734+0300] {dag.py:3096} INFO - Sync 1 DAGs
[2026-06-21T22:02:07.744+0300] {logging_mixin.py:188} INFO - [2026-06-21T22:02:07.743+0300] {dag.py:3954} INFO - Setting next_dagrun for tutorial_objectstorage to None, run_after=None
[2026-06-21T22:02:07.771+0300] {processor.py:183} INFO - Processing /media/data/omar/programming course/DEPI/DEPI project/anomx/venv/lib/python3.12/site-packages/airflow/example_dags/tutorial_objectstorage.py took 0.066 seconds
[2026-06-21T22:03:05.176+0300] {processor.py:161} INFO - Started process (PID=17753) to work on /media/data/omar/programming course/DEPI/DEPI project/anomx/venv/lib/python3.12/site-packages/airflow/example_dags/tutorial_objectstorage.py
[2026-06-21T22:03:05.177+0300] {processor.py:830} INFO - Processing file /media/data/omar/programming course/DEPI/DEPI project/anomx/venv/lib/python3.12/site-packages/airflow/example_dags/tutorial_objectstorage.py for tasks to queue
[2026-06-21T22:03:05.180+0300] {logging_mixin.py:188} INFO - [2026-06-21T22:03:05.179+0300] {dagbag.py:540} INFO - Filling up the DagBag from /media/data/omar/programming course/DEPI/DEPI project/anomx/venv/lib/python3.12/site-packages/airflow/example_dags/tutorial_objectstorage.py
[2026-06-21T22:03:05.190+0300] {processor.py:840} INFO - DAG(s) 'tutorial_objectstorage' retrieved from /media/data/omar/programming course/DEPI/DEPI project/anomx/venv/lib/python3.12/site-packages/airflow/example_dags/tutorial_objectstorage.py
[2026-06-21T22:03:05.204+0300] {logging_mixin.py:188} INFO - [2026-06-21T22:03:05.204+0300] {dag.py:3096} INFO - Sync 1 DAGs
[2026-06-21T22:03:05.214+0300] {logging_mixin.py:188} INFO - [2026-06-21T22:03:05.214+0300] {dag.py:3954} INFO - Setting next_dagrun for tutorial_objectstorage to None, run_after=None
[2026-06-21T22:03:05.241+0300] {processor.py:183} INFO - Processing /media/data/omar/programming course/DEPI/DEPI project/anomx/venv/lib/python3.12/site-packages/airflow/example_dags/tutorial_objectstorage.py took 0.079 seconds
[2026-06-21T22:04:01.874+0300] {processor.py:161} INFO - Started process (PID=17856) to work on /media/data/omar/programming course/DEPI/DEPI project/anomx/venv/lib/python3.12/site-packages/airflow/example_dags/tutorial_objectstorage.py
[2026-06-21T22:04:01.875+0300] {processor.py:830} INFO - Processing file /media/data/omar/programming course/DEPI/DEPI project/anomx/venv/lib/python3.12/site-packages/airflow/example_dags/tutorial_objectstorage.py for tasks to queue
[2026-06-21T22:04:01.877+0300] {logging_mixin.py:188} INFO - [2026-06-21T22:04:01.876+0300] {dagbag.py:540} INFO - Filling up the DagBag from /media/data/omar/programming course/DEPI/DEPI project/anomx/venv/lib/python3.12/site-packages/airflow/example_dags/tutorial_objectstorage.py
[2026-06-21T22:04:01.886+0300] {processor.py:840} INFO - DAG(s) 'tutorial_objectstorage' retrieved from /media/data/omar/programming course/DEPI/DEPI project/anomx/venv/lib/python3.12/site-packages/airflow/example_dags/tutorial_objectstorage.py
[2026-06-21T22:04:01.901+0300] {logging_mixin.py:188} INFO - [2026-06-21T22:04:01.900+0300] {dag.py:3096} INFO - Sync 1 DAGs
[2026-06-21T22:04:01.911+0300] {logging_mixin.py:188} INFO - [2026-06-21T22:04:01.910+0300] {dag.py:3954} INFO - Setting next_dagrun for tutorial_objectstorage to None, run_after=None
[2026-06-21T22:04:01.940+0300] {processor.py:183} INFO - Processing /media/data/omar/programming course/DEPI/DEPI project/anomx/venv/lib/python3.12/site-packages/airflow/example_dags/tutorial_objectstorage.py took 0.072 seconds
[2026-06-21T22:04:53.662+0300] {processor.py:161} INFO - Started process (PID=17942) to work on /media/data/omar/programming course/DEPI/DEPI project/anomx/venv/lib/python3.12/site-packages/airflow/example_dags/tutorial_objectstorage.py
[2026-06-21T22:04:53.664+0300] {processor.py:830} INFO - Processing file /media/data/omar/programming course/DEPI/DEPI project/anomx/venv/lib/python3.12/site-packages/airflow/example_dags/tutorial_objectstorage.py for tasks to queue
[2026-06-21T22:04:53.666+0300] {logging_mixin.py:188} INFO - [2026-06-21T22:04:53.666+0300] {dagbag.py:540} INFO - Filling up the DagBag from /media/data/omar/programming course/DEPI/DEPI project/anomx/venv/lib/python3.12/site-packages/airflow/example_dags/tutorial_objectstorage.py
[2026-06-21T22:04:53.678+0300] {processor.py:840} INFO - DAG(s) 'tutorial_objectstorage' retrieved from /media/data/omar/programming course/DEPI/DEPI project/anomx/venv/lib/python3.12/site-packages/airflow/example_dags/tutorial_objectstorage.py
[2026-06-21T22:04:53.696+0300] {logging_mixin.py:188} INFO - [2026-06-21T22:04:53.696+0300] {dag.py:3096} INFO - Sync 1 DAGs
[2026-06-21T22:04:53.706+0300] {logging_mixin.py:188} INFO - [2026-06-21T22:04:53.705+0300] {dag.py:3954} INFO - Setting next_dagrun for tutorial_objectstorage to None, run_after=None
[2026-06-21T22:04:53.733+0300] {processor.py:183} INFO - Processing /media/data/omar/programming course/DEPI/DEPI project/anomx/venv/lib/python3.12/site-packages/airflow/example_dags/tutorial_objectstorage.py took 0.078 seconds
[2026-06-21T22:05:51.025+0300] {processor.py:161} INFO - Started process (PID=18027) to work on /media/data/omar/programming course/DEPI/DEPI project/anomx/venv/lib/python3.12/site-packages/airflow/example_dags/tutorial_objectstorage.py
[2026-06-21T22:05:51.027+0300] {processor.py:830} INFO - Processing file /media/data/omar/programming course/DEPI/DEPI project/anomx/venv/lib/python3.12/site-packages/airflow/example_dags/tutorial_objectstorage.py for tasks to queue
[2026-06-21T22:05:51.030+0300] {logging_mixin.py:188} INFO - [2026-06-21T22:05:51.029+0300] {dagbag.py:540} INFO - Filling up the DagBag from /media/data/omar/programming course/DEPI/DEPI project/anomx/venv/lib/python3.12/site-packages/airflow/example_dags/tutorial_objectstorage.py
[2026-06-21T22:05:51.041+0300] {processor.py:840} INFO - DAG(s) 'tutorial_objectstorage' retrieved from /media/data/omar/programming course/DEPI/DEPI project/anomx/venv/lib/python3.12/site-packages/airflow/example_dags/tutorial_objectstorage.py
[2026-06-21T22:05:51.056+0300] {logging_mixin.py:188} INFO - [2026-06-21T22:05:51.056+0300] {dag.py:3096} INFO - Sync 1 DAGs
[2026-06-21T22:05:51.066+0300] {logging_mixin.py:188} INFO - [2026-06-21T22:05:51.066+0300] {dag.py:3954} INFO - Setting next_dagrun for tutorial_objectstorage to None, run_after=None
[2026-06-21T22:05:51.178+0300] {processor.py:183} INFO - Processing /media/data/omar/programming course/DEPI/DEPI project/anomx/venv/lib/python3.12/site-packages/airflow/example_dags/tutorial_objectstorage.py took 0.171 seconds
[2026-06-21T22:06:49.611+0300] {processor.py:161} INFO - Started process (PID=18117) to work on /media/data/omar/programming course/DEPI/DEPI project/anomx/venv/lib/python3.12/site-packages/airflow/example_dags/tutorial_objectstorage.py
[2026-06-21T22:06:49.613+0300] {processor.py:830} INFO - Processing file /media/data/omar/programming course/DEPI/DEPI project/anomx/venv/lib/python3.12/site-packages/airflow/example_dags/tutorial_objectstorage.py for tasks to queue
[2026-06-21T22:06:49.617+0300] {logging_mixin.py:188} INFO - [2026-06-21T22:06:49.616+0300] {dagbag.py:540} INFO - Filling up the DagBag from /media/data/omar/programming course/DEPI/DEPI project/anomx/venv/lib/python3.12/site-packages/airflow/example_dags/tutorial_objectstorage.py
[2026-06-21T22:06:49.628+0300] {processor.py:840} INFO - DAG(s) 'tutorial_objectstorage' retrieved from /media/data/omar/programming course/DEPI/DEPI project/anomx/venv/lib/python3.12/site-packages/airflow/example_dags/tutorial_objectstorage.py
[2026-06-21T22:06:49.643+0300] {logging_mixin.py:188} INFO - [2026-06-21T22:06:49.643+0300] {dag.py:3096} INFO - Sync 1 DAGs
[2026-06-21T22:06:49.652+0300] {logging_mixin.py:188} INFO - [2026-06-21T22:06:49.652+0300] {dag.py:3954} INFO - Setting next_dagrun for tutorial_objectstorage to None, run_after=None
[2026-06-21T22:06:49.677+0300] {processor.py:183} INFO - Processing /media/data/omar/programming course/DEPI/DEPI project/anomx/venv/lib/python3.12/site-packages/airflow/example_dags/tutorial_objectstorage.py took 0.084 seconds
[2026-06-21T22:07:47.025+0300] {processor.py:161} INFO - Started process (PID=18209) to work on /media/data/omar/programming course/DEPI/DEPI project/anomx/venv/lib/python3.12/site-packages/airflow/example_dags/tutorial_objectstorage.py
[2026-06-21T22:07:47.026+0300] {processor.py:830} INFO - Processing file /media/data/omar/programming course/DEPI/DEPI project/anomx/venv/lib/python3.12/site-packages/airflow/example_dags/tutorial_objectstorage.py for tasks to queue
[2026-06-21T22:07:47.029+0300] {logging_mixin.py:188} INFO - [2026-06-21T22:07:47.028+0300] {dagbag.py:540} INFO - Filling up the DagBag from /media/data/omar/programming course/DEPI/DEPI project/anomx/venv/lib/python3.12/site-packages/airflow/example_dags/tutorial_objectstorage.py
[2026-06-21T22:07:47.037+0300] {processor.py:840} INFO - DAG(s) 'tutorial_objectstorage' retrieved from /media/data/omar/programming course/DEPI/DEPI project/anomx/venv/lib/python3.12/site-packages/airflow/example_dags/tutorial_objectstorage.py
[2026-06-21T22:07:47.052+0300] {logging_mixin.py:188} INFO - [2026-06-21T22:07:47.051+0300] {dag.py:3096} INFO - Sync 1 DAGs
[2026-06-21T22:07:47.061+0300] {logging_mixin.py:188} INFO - [2026-06-21T22:07:47.061+0300] {dag.py:3954} INFO - Setting next_dagrun for tutorial_objectstorage to None, run_after=None
[2026-06-21T22:07:47.088+0300] {processor.py:183} INFO - Processing /media/data/omar/programming course/DEPI/DEPI project/anomx/venv/lib/python3.12/site-packages/airflow/example_dags/tutorial_objectstorage.py took 0.072 seconds
[2026-06-21T22:08:44.837+0300] {processor.py:161} INFO - Started process (PID=18301) to work on /media/data/omar/programming course/DEPI/DEPI project/anomx/venv/lib/python3.12/site-packages/airflow/example_dags/tutorial_objectstorage.py
[2026-06-21T22:08:44.838+0300] {processor.py:830} INFO - Processing file /media/data/omar/programming course/DEPI/DEPI project/anomx/venv/lib/python3.12/site-packages/airflow/example_dags/tutorial_objectstorage.py for tasks to queue
[2026-06-21T22:08:44.840+0300] {logging_mixin.py:188} INFO - [2026-06-21T22:08:44.839+0300] {dagbag.py:540} INFO - Filling up the DagBag from /media/data/omar/programming course/DEPI/DEPI project/anomx/venv/lib/python3.12/site-packages/airflow/example_dags/tutorial_objectstorage.py
[2026-06-21T22:08:44.846+0300] {processor.py:840} INFO - DAG(s) 'tutorial_objectstorage' retrieved from /media/data/omar/programming course/DEPI/DEPI project/anomx/venv/lib/python3.12/site-packages/airflow/example_dags/tutorial_objectstorage.py
[2026-06-21T22:08:44.860+0300] {logging_mixin.py:188} INFO - [2026-06-21T22:08:44.859+0300] {dag.py:3096} INFO - Sync 1 DAGs
[2026-06-21T22:08:44.951+0300] {logging_mixin.py:188} INFO - [2026-06-21T22:08:44.951+0300] {dag.py:3954} INFO - Setting next_dagrun for tutorial_objectstorage to None, run_after=None
[2026-06-21T22:08:44.977+0300] {processor.py:183} INFO - Processing /media/data/omar/programming course/DEPI/DEPI project/anomx/venv/lib/python3.12/site-packages/airflow/example_dags/tutorial_objectstorage.py took 0.145 seconds
[2026-06-21T22:09:41.267+0300] {processor.py:161} INFO - Started process (PID=18534) to work on /media/data/omar/programming course/DEPI/DEPI project/anomx/venv/lib/python3.12/site-packages/airflow/example_dags/tutorial_objectstorage.py
[2026-06-21T22:09:41.269+0300] {processor.py:830} INFO - Processing file /media/data/omar/programming course/DEPI/DEPI project/anomx/venv/lib/python3.12/site-packages/airflow/example_dags/tutorial_objectstorage.py for tasks to queue
[2026-06-21T22:09:41.272+0300] {logging_mixin.py:188} INFO - [2026-06-21T22:09:41.271+0300] {dagbag.py:540} INFO - Filling up the DagBag from /media/data/omar/programming course/DEPI/DEPI project/anomx/venv/lib/python3.12/site-packages/airflow/example_dags/tutorial_objectstorage.py
[2026-06-21T22:09:41.288+0300] {processor.py:840} INFO - DAG(s) 'tutorial_objectstorage' retrieved from /media/data/omar/programming course/DEPI/DEPI project/anomx/venv/lib/python3.12/site-packages/airflow/example_dags/tutorial_objectstorage.py
[2026-06-21T22:09:41.312+0300] {logging_mixin.py:188} INFO - [2026-06-21T22:09:41.311+0300] {dag.py:3096} INFO - Sync 1 DAGs
[2026-06-21T22:09:41.323+0300] {logging_mixin.py:188} INFO - [2026-06-21T22:09:41.322+0300] {dag.py:3954} INFO - Setting next_dagrun for tutorial_objectstorage to None, run_after=None
[2026-06-21T22:09:41.353+0300] {processor.py:183} INFO - Processing /media/data/omar/programming course/DEPI/DEPI project/anomx/venv/lib/python3.12/site-packages/airflow/example_dags/tutorial_objectstorage.py took 0.097 seconds
[2026-06-21T22:10:51.605+0300] {processor.py:161} INFO - Started process (PID=18732) to work on /media/data/omar/programming course/DEPI/DEPI project/anomx/venv/lib/python3.12/site-packages/airflow/example_dags/tutorial_objectstorage.py
[2026-06-21T22:10:51.607+0300] {processor.py:830} INFO - Processing file /media/data/omar/programming course/DEPI/DEPI project/anomx/venv/lib/python3.12/site-packages/airflow/example_dags/tutorial_objectstorage.py for tasks to queue
[2026-06-21T22:10:51.608+0300] {logging_mixin.py:188} INFO - [2026-06-21T22:10:51.608+0300] {dagbag.py:540} INFO - Filling up the DagBag from /media/data/omar/programming course/DEPI/DEPI project/anomx/venv/lib/python3.12/site-packages/airflow/example_dags/tutorial_objectstorage.py
[2026-06-21T22:10:51.616+0300] {processor.py:840} INFO - DAG(s) 'tutorial_objectstorage' retrieved from /media/data/omar/programming course/DEPI/DEPI project/anomx/venv/lib/python3.12/site-packages/airflow/example_dags/tutorial_objectstorage.py
[2026-06-21T22:10:51.633+0300] {logging_mixin.py:188} INFO - [2026-06-21T22:10:51.632+0300] {dag.py:3096} INFO - Sync 1 DAGs
[2026-06-21T22:10:51.644+0300] {logging_mixin.py:188} INFO - [2026-06-21T22:10:51.644+0300] {dag.py:3954} INFO - Setting next_dagrun for tutorial_objectstorage to None, run_after=None
[2026-06-21T22:10:51.674+0300] {processor.py:183} INFO - Processing /media/data/omar/programming course/DEPI/DEPI project/anomx/venv/lib/python3.12/site-packages/airflow/example_dags/tutorial_objectstorage.py took 0.078 seconds
[2026-06-21T22:11:47.518+0300] {processor.py:161} INFO - Started process (PID=18869) to work on /media/data/omar/programming course/DEPI/DEPI project/anomx/venv/lib/python3.12/site-packages/airflow/example_dags/tutorial_objectstorage.py
[2026-06-21T22:11:47.519+0300] {processor.py:830} INFO - Processing file /media/data/omar/programming course/DEPI/DEPI project/anomx/venv/lib/python3.12/site-packages/airflow/example_dags/tutorial_objectstorage.py for tasks to queue
[2026-06-21T22:11:47.521+0300] {logging_mixin.py:188} INFO - [2026-06-21T22:11:47.520+0300] {dagbag.py:540} INFO - Filling up the DagBag from /media/data/omar/programming course/DEPI/DEPI project/anomx/venv/lib/python3.12/site-packages/airflow/example_dags/tutorial_objectstorage.py
[2026-06-21T22:11:47.529+0300] {processor.py:840} INFO - DAG(s) 'tutorial_objectstorage' retrieved from /media/data/omar/programming course/DEPI/DEPI project/anomx/venv/lib/python3.12/site-packages/airflow/example_dags/tutorial_objectstorage.py
[2026-06-21T22:11:47.552+0300] {logging_mixin.py:188} INFO - [2026-06-21T22:11:47.552+0300] {dag.py:3096} INFO - Sync 1 DAGs
[2026-06-21T22:11:47.576+0300] {logging_mixin.py:188} INFO - [2026-06-21T22:11:47.576+0300] {dag.py:3954} INFO - Setting next_dagrun for tutorial_objectstorage to None, run_after=None
[2026-06-21T22:11:47.618+0300] {processor.py:183} INFO - Processing /media/data/omar/programming course/DEPI/DEPI project/anomx/venv/lib/python3.12/site-packages/airflow/example_dags/tutorial_objectstorage.py took 0.106 seconds
[2026-06-21T22:12:40.517+0300] {processor.py:161} INFO - Started process (PID=18952) to work on /media/data/omar/programming course/DEPI/DEPI project/anomx/venv/lib/python3.12/site-packages/airflow/example_dags/tutorial_objectstorage.py
[2026-06-21T22:12:40.518+0300] {processor.py:830} INFO - Processing file /media/data/omar/programming course/DEPI/DEPI project/anomx/venv/lib/python3.12/site-packages/airflow/example_dags/tutorial_objectstorage.py for tasks to queue
[2026-06-21T22:12:40.519+0300] {logging_mixin.py:188} INFO - [2026-06-21T22:12:40.519+0300] {dagbag.py:540} INFO - Filling up the DagBag from /media/data/omar/programming course/DEPI/DEPI project/anomx/venv/lib/python3.12/site-packages/airflow/example_dags/tutorial_objectstorage.py
[2026-06-21T22:12:40.528+0300] {processor.py:840} INFO - DAG(s) 'tutorial_objectstorage' retrieved from /media/data/omar/programming course/DEPI/DEPI project/anomx/venv/lib/python3.12/site-packages/airflow/example_dags/tutorial_objectstorage.py
[2026-06-21T22:12:40.546+0300] {logging_mixin.py:188} INFO - [2026-06-21T22:12:40.546+0300] {dag.py:3096} INFO - Sync 1 DAGs
[2026-06-21T22:12:40.557+0300] {logging_mixin.py:188} INFO - [2026-06-21T22:12:40.557+0300] {dag.py:3954} INFO - Setting next_dagrun for tutorial_objectstorage to None, run_after=None
[2026-06-21T22:12:40.588+0300] {processor.py:183} INFO - Processing /media/data/omar/programming course/DEPI/DEPI project/anomx/venv/lib/python3.12/site-packages/airflow/example_dags/tutorial_objectstorage.py took 0.077 seconds
[2026-06-21T22:13:30.505+0300] {processor.py:161} INFO - Started process (PID=19075) to work on /media/data/omar/programming course/DEPI/DEPI project/anomx/venv/lib/python3.12/site-packages/airflow/example_dags/tutorial_objectstorage.py
[2026-06-21T22:13:30.506+0300] {processor.py:830} INFO - Processing file /media/data/omar/programming course/DEPI/DEPI project/anomx/venv/lib/python3.12/site-packages/airflow/example_dags/tutorial_objectstorage.py for tasks to queue
[2026-06-21T22:13:30.507+0300] {logging_mixin.py:188} INFO - [2026-06-21T22:13:30.507+0300] {dagbag.py:540} INFO - Filling up the DagBag from /media/data/omar/programming course/DEPI/DEPI project/anomx/venv/lib/python3.12/site-packages/airflow/example_dags/tutorial_objectstorage.py
[2026-06-21T22:13:30.522+0300] {processor.py:840} INFO - DAG(s) 'tutorial_objectstorage' retrieved from /media/data/omar/programming course/DEPI/DEPI project/anomx/venv/lib/python3.12/site-packages/airflow/example_dags/tutorial_objectstorage.py
[2026-06-21T22:13:30.559+0300] {logging_mixin.py:188} INFO - [2026-06-21T22:13:30.558+0300] {dag.py:3096} INFO - Sync 1 DAGs
[2026-06-21T22:13:30.568+0300] {logging_mixin.py:188} INFO - [2026-06-21T22:13:30.568+0300] {dag.py:3954} INFO - Setting next_dagrun for tutorial_objectstorage to None, run_after=None
[2026-06-21T22:13:30.599+0300] {processor.py:183} INFO - Processing /media/data/omar/programming course/DEPI/DEPI project/anomx/venv/lib/python3.12/site-packages/airflow/example_dags/tutorial_objectstorage.py took 0.099 seconds
[2026-06-21T22:14:30.770+0300] {processor.py:161} INFO - Started process (PID=19200) to work on /media/data/omar/programming course/DEPI/DEPI project/anomx/venv/lib/python3.12/site-packages/airflow/example_dags/tutorial_objectstorage.py
[2026-06-21T22:14:30.771+0300] {processor.py:830} INFO - Processing file /media/data/omar/programming course/DEPI/DEPI project/anomx/venv/lib/python3.12/site-packages/airflow/example_dags/tutorial_objectstorage.py for tasks to queue
[2026-06-21T22:14:30.773+0300] {logging_mixin.py:188} INFO - [2026-06-21T22:14:30.773+0300] {dagbag.py:540} INFO - Filling up the DagBag from /media/data/omar/programming course/DEPI/DEPI project/anomx/venv/lib/python3.12/site-packages/airflow/example_dags/tutorial_objectstorage.py
[2026-06-21T22:14:30.783+0300] {processor.py:840} INFO - DAG(s) 'tutorial_objectstorage' retrieved from /media/data/omar/programming course/DEPI/DEPI project/anomx/venv/lib/python3.12/site-packages/airflow/example_dags/tutorial_objectstorage.py
[2026-06-21T22:14:30.798+0300] {logging_mixin.py:188} INFO - [2026-06-21T22:14:30.797+0300] {dag.py:3096} INFO - Sync 1 DAGs
[2026-06-21T22:14:30.811+0300] {logging_mixin.py:188} INFO - [2026-06-21T22:14:30.810+0300] {dag.py:3954} INFO - Setting next_dagrun for tutorial_objectstorage to None, run_after=None
[2026-06-21T22:14:30.844+0300] {processor.py:183} INFO - Processing /media/data/omar/programming course/DEPI/DEPI project/anomx/venv/lib/python3.12/site-packages/airflow/example_dags/tutorial_objectstorage.py took 0.084 seconds
[2026-06-21T22:15:27.167+0300] {processor.py:161} INFO - Started process (PID=19305) to work on /media/data/omar/programming course/DEPI/DEPI project/anomx/venv/lib/python3.12/site-packages/airflow/example_dags/tutorial_objectstorage.py
[2026-06-21T22:15:27.168+0300] {processor.py:830} INFO - Processing file /media/data/omar/programming course/DEPI/DEPI project/anomx/venv/lib/python3.12/site-packages/airflow/example_dags/tutorial_objectstorage.py for tasks to queue
[2026-06-21T22:15:27.170+0300] {logging_mixin.py:188} INFO - [2026-06-21T22:15:27.169+0300] {dagbag.py:540} INFO - Filling up the DagBag from /media/data/omar/programming course/DEPI/DEPI project/anomx/venv/lib/python3.12/site-packages/airflow/example_dags/tutorial_objectstorage.py
[2026-06-21T22:15:27.178+0300] {processor.py:840} INFO - DAG(s) 'tutorial_objectstorage' retrieved from /media/data/omar/programming course/DEPI/DEPI project/anomx/venv/lib/python3.12/site-packages/airflow/example_dags/tutorial_objectstorage.py
[2026-06-21T22:15:27.196+0300] {logging_mixin.py:188} INFO - [2026-06-21T22:15:27.195+0300] {dag.py:3096} INFO - Sync 1 DAGs
[2026-06-21T22:15:27.212+0300] {logging_mixin.py:188} INFO - [2026-06-21T22:15:27.212+0300] {dag.py:3954} INFO - Setting next_dagrun for tutorial_objectstorage to None, run_after=None
[2026-06-21T22:15:27.249+0300] {processor.py:183} INFO - Processing /media/data/omar/programming course/DEPI/DEPI project/anomx/venv/lib/python3.12/site-packages/airflow/example_dags/tutorial_objectstorage.py took 0.088 seconds
[2026-06-21T22:16:20.548+0300] {processor.py:161} INFO - Started process (PID=19670) to work on /media/data/omar/programming course/DEPI/DEPI project/anomx/venv/lib/python3.12/site-packages/airflow/example_dags/tutorial_objectstorage.py
[2026-06-21T22:16:20.549+0300] {processor.py:830} INFO - Processing file /media/data/omar/programming course/DEPI/DEPI project/anomx/venv/lib/python3.12/site-packages/airflow/example_dags/tutorial_objectstorage.py for tasks to queue
[2026-06-21T22:16:20.551+0300] {logging_mixin.py:188} INFO - [2026-06-21T22:16:20.551+0300] {dagbag.py:540} INFO - Filling up the DagBag from /media/data/omar/programming course/DEPI/DEPI project/anomx/venv/lib/python3.12/site-packages/airflow/example_dags/tutorial_objectstorage.py
[2026-06-21T22:16:20.559+0300] {processor.py:840} INFO - DAG(s) 'tutorial_objectstorage' retrieved from /media/data/omar/programming course/DEPI/DEPI project/anomx/venv/lib/python3.12/site-packages/airflow/example_dags/tutorial_objectstorage.py
[2026-06-21T22:16:20.575+0300] {logging_mixin.py:188} INFO - [2026-06-21T22:16:20.575+0300] {dag.py:3096} INFO - Sync 1 DAGs
[2026-06-21T22:16:20.591+0300] {logging_mixin.py:188} INFO - [2026-06-21T22:16:20.591+0300] {dag.py:3954} INFO - Setting next_dagrun for tutorial_objectstorage to None, run_after=None
[2026-06-21T22:16:20.634+0300] {processor.py:183} INFO - Processing /media/data/omar/programming course/DEPI/DEPI project/anomx/venv/lib/python3.12/site-packages/airflow/example_dags/tutorial_objectstorage.py took 0.093 seconds
[2026-06-21T22:17:16.657+0300] {processor.py:161} INFO - Started process (PID=19790) to work on /media/data/omar/programming course/DEPI/DEPI project/anomx/venv/lib/python3.12/site-packages/airflow/example_dags/tutorial_objectstorage.py
[2026-06-21T22:17:16.658+0300] {processor.py:830} INFO - Processing file /media/data/omar/programming course/DEPI/DEPI project/anomx/venv/lib/python3.12/site-packages/airflow/example_dags/tutorial_objectstorage.py for tasks to queue
[2026-06-21T22:17:16.660+0300] {logging_mixin.py:188} INFO - [2026-06-21T22:17:16.660+0300] {dagbag.py:540} INFO - Filling up the DagBag from /media/data/omar/programming course/DEPI/DEPI project/anomx/venv/lib/python3.12/site-packages/airflow/example_dags/tutorial_objectstorage.py
[2026-06-21T22:17:16.671+0300] {processor.py:840} INFO - DAG(s) 'tutorial_objectstorage' retrieved from /media/data/omar/programming course/DEPI/DEPI project/anomx/venv/lib/python3.12/site-packages/airflow/example_dags/tutorial_objectstorage.py
[2026-06-21T22:17:16.691+0300] {logging_mixin.py:188} INFO - [2026-06-21T22:17:16.690+0300] {dag.py:3096} INFO - Sync 1 DAGs
[2026-06-21T22:17:16.700+0300] {logging_mixin.py:188} INFO - [2026-06-21T22:17:16.700+0300] {dag.py:3954} INFO - Setting next_dagrun for tutorial_objectstorage to None, run_after=None
[2026-06-21T22:17:16.728+0300] {processor.py:183} INFO - Processing /media/data/omar/programming course/DEPI/DEPI project/anomx/venv/lib/python3.12/site-packages/airflow/example_dags/tutorial_objectstorage.py took 0.078 seconds
[2026-06-21T22:18:16.812+0300] {processor.py:161} INFO - Started process (PID=19949) to work on /media/data/omar/programming course/DEPI/DEPI project/anomx/venv/lib/python3.12/site-packages/airflow/example_dags/tutorial_objectstorage.py
[2026-06-21T22:18:16.813+0300] {processor.py:830} INFO - Processing file /media/data/omar/programming course/DEPI/DEPI project/anomx/venv/lib/python3.12/site-packages/airflow/example_dags/tutorial_objectstorage.py for tasks to queue
[2026-06-21T22:18:16.814+0300] {logging_mixin.py:188} INFO - [2026-06-21T22:18:16.814+0300] {dagbag.py:540} INFO - Filling up the DagBag from /media/data/omar/programming course/DEPI/DEPI project/anomx/venv/lib/python3.12/site-packages/airflow/example_dags/tutorial_objectstorage.py
[2026-06-21T22:18:16.821+0300] {processor.py:840} INFO - DAG(s) 'tutorial_objectstorage' retrieved from /media/data/omar/programming course/DEPI/DEPI project/anomx/venv/lib/python3.12/site-packages/airflow/example_dags/tutorial_objectstorage.py
[2026-06-21T22:18:16.840+0300] {logging_mixin.py:188} INFO - [2026-06-21T22:18:16.839+0300] {dag.py:3096} INFO - Sync 1 DAGs
[2026-06-21T22:18:16.852+0300] {logging_mixin.py:188} INFO - [2026-06-21T22:18:16.852+0300] {dag.py:3954} INFO - Setting next_dagrun for tutorial_objectstorage to None, run_after=None
[2026-06-21T22:18:16.880+0300] {processor.py:183} INFO - Processing /media/data/omar/programming course/DEPI/DEPI project/anomx/venv/lib/python3.12/site-packages/airflow/example_dags/tutorial_objectstorage.py took 0.074 seconds
[2026-06-21T22:19:12.473+0300] {processor.py:161} INFO - Started process (PID=20042) to work on /media/data/omar/programming course/DEPI/DEPI project/anomx/venv/lib/python3.12/site-packages/airflow/example_dags/tutorial_objectstorage.py
[2026-06-21T22:19:12.474+0300] {processor.py:830} INFO - Processing file /media/data/omar/programming course/DEPI/DEPI project/anomx/venv/lib/python3.12/site-packages/airflow/example_dags/tutorial_objectstorage.py for tasks to queue
[2026-06-21T22:19:12.476+0300] {logging_mixin.py:188} INFO - [2026-06-21T22:19:12.476+0300] {dagbag.py:540} INFO - Filling up the DagBag from /media/data/omar/programming course/DEPI/DEPI project/anomx/venv/lib/python3.12/site-packages/airflow/example_dags/tutorial_objectstorage.py
[2026-06-21T22:19:12.484+0300] {processor.py:840} INFO - DAG(s) 'tutorial_objectstorage' retrieved from /media/data/omar/programming course/DEPI/DEPI project/anomx/venv/lib/python3.12/site-packages/airflow/example_dags/tutorial_objectstorage.py
[2026-06-21T22:19:12.502+0300] {logging_mixin.py:188} INFO - [2026-06-21T22:19:12.501+0300] {dag.py:3096} INFO - Sync 1 DAGs
[2026-06-21T22:19:12.518+0300] {logging_mixin.py:188} INFO - [2026-06-21T22:19:12.517+0300] {dag.py:3954} INFO - Setting next_dagrun for tutorial_objectstorage to None, run_after=None
[2026-06-21T22:19:12.548+0300] {processor.py:183} INFO - Processing /media/data/omar/programming course/DEPI/DEPI project/anomx/venv/lib/python3.12/site-packages/airflow/example_dags/tutorial_objectstorage.py took 0.082 seconds
[2026-06-21T22:20:12.962+0300] {processor.py:161} INFO - Started process (PID=20153) to work on /media/data/omar/programming course/DEPI/DEPI project/anomx/venv/lib/python3.12/site-packages/airflow/example_dags/tutorial_objectstorage.py
[2026-06-21T22:20:12.964+0300] {processor.py:830} INFO - Processing file /media/data/omar/programming course/DEPI/DEPI project/anomx/venv/lib/python3.12/site-packages/airflow/example_dags/tutorial_objectstorage.py for tasks to queue
[2026-06-21T22:20:12.967+0300] {logging_mixin.py:188} INFO - [2026-06-21T22:20:12.966+0300] {dagbag.py:540} INFO - Filling up the DagBag from /media/data/omar/programming course/DEPI/DEPI project/anomx/venv/lib/python3.12/site-packages/airflow/example_dags/tutorial_objectstorage.py
[2026-06-21T22:20:12.978+0300] {processor.py:840} INFO - DAG(s) 'tutorial_objectstorage' retrieved from /media/data/omar/programming course/DEPI/DEPI project/anomx/venv/lib/python3.12/site-packages/airflow/example_dags/tutorial_objectstorage.py
[2026-06-21T22:20:12.992+0300] {logging_mixin.py:188} INFO - [2026-06-21T22:20:12.992+0300] {dag.py:3096} INFO - Sync 1 DAGs
[2026-06-21T22:20:13.002+0300] {logging_mixin.py:188} INFO - [2026-06-21T22:20:13.001+0300] {dag.py:3954} INFO - Setting next_dagrun for tutorial_objectstorage to None, run_after=None
[2026-06-21T22:20:13.029+0300] {processor.py:183} INFO - Processing /media/data/omar/programming course/DEPI/DEPI project/anomx/venv/lib/python3.12/site-packages/airflow/example_dags/tutorial_objectstorage.py took 0.074 seconds
[2026-06-21T22:20:50.435+0300] {processor.py:161} INFO - Started process (PID=20220) to work on /media/data/omar/programming course/DEPI/DEPI project/anomx/venv/lib/python3.12/site-packages/airflow/example_dags/tutorial_objectstorage.py
[2026-06-21T22:20:50.436+0300] {processor.py:830} INFO - Processing file /media/data/omar/programming course/DEPI/DEPI project/anomx/venv/lib/python3.12/site-packages/airflow/example_dags/tutorial_objectstorage.py for tasks to queue
[2026-06-21T22:20:50.438+0300] {logging_mixin.py:188} INFO - [2026-06-21T22:20:50.438+0300] {dagbag.py:540} INFO - Filling up the DagBag from /media/data/omar/programming course/DEPI/DEPI project/anomx/venv/lib/python3.12/site-packages/airflow/example_dags/tutorial_objectstorage.py
[2026-06-21T22:20:50.452+0300] {processor.py:840} INFO - DAG(s) 'tutorial_objectstorage' retrieved from /media/data/omar/programming course/DEPI/DEPI project/anomx/venv/lib/python3.12/site-packages/airflow/example_dags/tutorial_objectstorage.py
[2026-06-21T22:20:50.480+0300] {logging_mixin.py:188} INFO - [2026-06-21T22:20:50.480+0300] {dag.py:3096} INFO - Sync 1 DAGs
[2026-06-21T22:20:50.491+0300] {logging_mixin.py:188} INFO - [2026-06-21T22:20:50.491+0300] {dag.py:3954} INFO - Setting next_dagrun for tutorial_objectstorage to None, run_after=None
[2026-06-21T22:20:50.519+0300] {processor.py:183} INFO - Processing /media/data/omar/programming course/DEPI/DEPI project/anomx/venv/lib/python3.12/site-packages/airflow/example_dags/tutorial_objectstorage.py took 0.089 seconds
[2026-06-21T22:21:51.069+0300] {processor.py:161} INFO - Started process (PID=20315) to work on /media/data/omar/programming course/DEPI/DEPI project/anomx/venv/lib/python3.12/site-packages/airflow/example_dags/tutorial_objectstorage.py
[2026-06-21T22:21:51.070+0300] {processor.py:830} INFO - Processing file /media/data/omar/programming course/DEPI/DEPI project/anomx/venv/lib/python3.12/site-packages/airflow/example_dags/tutorial_objectstorage.py for tasks to queue
[2026-06-21T22:21:51.073+0300] {logging_mixin.py:188} INFO - [2026-06-21T22:21:51.072+0300] {dagbag.py:540} INFO - Filling up the DagBag from /media/data/omar/programming course/DEPI/DEPI project/anomx/venv/lib/python3.12/site-packages/airflow/example_dags/tutorial_objectstorage.py
[2026-06-21T22:21:51.084+0300] {processor.py:840} INFO - DAG(s) 'tutorial_objectstorage' retrieved from /media/data/omar/programming course/DEPI/DEPI project/anomx/venv/lib/python3.12/site-packages/airflow/example_dags/tutorial_objectstorage.py
[2026-06-21T22:21:51.102+0300] {logging_mixin.py:188} INFO - [2026-06-21T22:21:51.102+0300] {dag.py:3096} INFO - Sync 1 DAGs
[2026-06-21T22:21:51.114+0300] {logging_mixin.py:188} INFO - [2026-06-21T22:21:51.114+0300] {dag.py:3954} INFO - Setting next_dagrun for tutorial_objectstorage to None, run_after=None
[2026-06-21T22:21:51.172+0300] {processor.py:183} INFO - Processing /media/data/omar/programming course/DEPI/DEPI project/anomx/venv/lib/python3.12/site-packages/airflow/example_dags/tutorial_objectstorage.py took 0.112 seconds
[2026-06-21T22:23:01.006+0300] {processor.py:161} INFO - Started process (PID=20451) to work on /media/data/omar/programming course/DEPI/DEPI project/anomx/venv/lib/python3.12/site-packages/airflow/example_dags/tutorial_objectstorage.py
[2026-06-21T22:23:01.007+0300] {processor.py:830} INFO - Processing file /media/data/omar/programming course/DEPI/DEPI project/anomx/venv/lib/python3.12/site-packages/airflow/example_dags/tutorial_objectstorage.py for tasks to queue
[2026-06-21T22:23:01.008+0300] {logging_mixin.py:188} INFO - [2026-06-21T22:23:01.008+0300] {dagbag.py:540} INFO - Filling up the DagBag from /media/data/omar/programming course/DEPI/DEPI project/anomx/venv/lib/python3.12/site-packages/airflow/example_dags/tutorial_objectstorage.py
[2026-06-21T22:23:01.022+0300] {processor.py:840} INFO - DAG(s) 'tutorial_objectstorage' retrieved from /media/data/omar/programming course/DEPI/DEPI project/anomx/venv/lib/python3.12/site-packages/airflow/example_dags/tutorial_objectstorage.py
[2026-06-21T22:23:01.058+0300] {logging_mixin.py:188} INFO - [2026-06-21T22:23:01.057+0300] {dag.py:3096} INFO - Sync 1 DAGs
[2026-06-21T22:23:01.086+0300] {logging_mixin.py:188} INFO - [2026-06-21T22:23:01.083+0300] {dag.py:3954} INFO - Setting next_dagrun for tutorial_objectstorage to None, run_after=None
[2026-06-21T22:23:01.135+0300] {processor.py:183} INFO - Processing /media/data/omar/programming course/DEPI/DEPI project/anomx/venv/lib/python3.12/site-packages/airflow/example_dags/tutorial_objectstorage.py took 0.134 seconds
[2026-06-21T22:24:01.963+0300] {processor.py:161} INFO - Started process (PID=20546) to work on /media/data/omar/programming course/DEPI/DEPI project/anomx/venv/lib/python3.12/site-packages/airflow/example_dags/tutorial_objectstorage.py
[2026-06-21T22:24:01.965+0300] {processor.py:830} INFO - Processing file /media/data/omar/programming course/DEPI/DEPI project/anomx/venv/lib/python3.12/site-packages/airflow/example_dags/tutorial_objectstorage.py for tasks to queue
[2026-06-21T22:24:01.967+0300] {logging_mixin.py:188} INFO - [2026-06-21T22:24:01.967+0300] {dagbag.py:540} INFO - Filling up the DagBag from /media/data/omar/programming course/DEPI/DEPI project/anomx/venv/lib/python3.12/site-packages/airflow/example_dags/tutorial_objectstorage.py
[2026-06-21T22:24:01.977+0300] {processor.py:840} INFO - DAG(s) 'tutorial_objectstorage' retrieved from /media/data/omar/programming course/DEPI/DEPI project/anomx/venv/lib/python3.12/site-packages/airflow/example_dags/tutorial_objectstorage.py
[2026-06-21T22:24:01.991+0300] {logging_mixin.py:188} INFO - [2026-06-21T22:24:01.990+0300] {dag.py:3096} INFO - Sync 1 DAGs
[2026-06-21T22:24:02.000+0300] {logging_mixin.py:188} INFO - [2026-06-21T22:24:02.000+0300] {dag.py:3954} INFO - Setting next_dagrun for tutorial_objectstorage to None, run_after=None
[2026-06-21T22:24:02.029+0300] {processor.py:183} INFO - Processing /media/data/omar/programming course/DEPI/DEPI project/anomx/venv/lib/python3.12/site-packages/airflow/example_dags/tutorial_objectstorage.py took 0.078 seconds
[2026-06-21T22:47:51.305+0300] {processor.py:161} INFO - Started process (PID=22114) to work on /media/data/omar/programming course/DEPI/DEPI project/anomx/venv/lib/python3.12/site-packages/airflow/example_dags/tutorial_objectstorage.py
[2026-06-21T22:47:51.306+0300] {processor.py:830} INFO - Processing file /media/data/omar/programming course/DEPI/DEPI project/anomx/venv/lib/python3.12/site-packages/airflow/example_dags/tutorial_objectstorage.py for tasks to queue
[2026-06-21T22:47:51.308+0300] {logging_mixin.py:188} INFO - [2026-06-21T22:47:51.307+0300] {dagbag.py:540} INFO - Filling up the DagBag from /media/data/omar/programming course/DEPI/DEPI project/anomx/venv/lib/python3.12/site-packages/airflow/example_dags/tutorial_objectstorage.py
[2026-06-21T22:47:51.323+0300] {processor.py:840} INFO - DAG(s) 'tutorial_objectstorage' retrieved from /media/data/omar/programming course/DEPI/DEPI project/anomx/venv/lib/python3.12/site-packages/airflow/example_dags/tutorial_objectstorage.py
[2026-06-21T22:47:51.352+0300] {logging_mixin.py:188} INFO - [2026-06-21T22:47:51.352+0300] {dag.py:3096} INFO - Sync 1 DAGs
[2026-06-21T22:47:51.363+0300] {logging_mixin.py:188} INFO - [2026-06-21T22:47:51.362+0300] {dag.py:3118} INFO - Creating ORM DAG for tutorial_objectstorage
[2026-06-21T22:47:51.363+0300] {logging_mixin.py:188} INFO - [2026-06-21T22:47:51.363+0300] {dag.py:3954} INFO - Setting next_dagrun for tutorial_objectstorage to None, run_after=None
[2026-06-21T22:47:51.394+0300] {processor.py:183} INFO - Processing /media/data/omar/programming course/DEPI/DEPI project/anomx/venv/lib/python3.12/site-packages/airflow/example_dags/tutorial_objectstorage.py took 0.095 seconds
[2026-06-21T22:48:49.695+0300] {processor.py:161} INFO - Started process (PID=22205) to work on /media/data/omar/programming course/DEPI/DEPI project/anomx/venv/lib/python3.12/site-packages/airflow/example_dags/tutorial_objectstorage.py
[2026-06-21T22:48:49.696+0300] {processor.py:830} INFO - Processing file /media/data/omar/programming course/DEPI/DEPI project/anomx/venv/lib/python3.12/site-packages/airflow/example_dags/tutorial_objectstorage.py for tasks to queue
[2026-06-21T22:48:49.698+0300] {logging_mixin.py:188} INFO - [2026-06-21T22:48:49.698+0300] {dagbag.py:540} INFO - Filling up the DagBag from /media/data/omar/programming course/DEPI/DEPI project/anomx/venv/lib/python3.12/site-packages/airflow/example_dags/tutorial_objectstorage.py
[2026-06-21T22:48:49.708+0300] {processor.py:840} INFO - DAG(s) 'tutorial_objectstorage' retrieved from /media/data/omar/programming course/DEPI/DEPI project/anomx/venv/lib/python3.12/site-packages/airflow/example_dags/tutorial_objectstorage.py
[2026-06-21T22:48:49.725+0300] {logging_mixin.py:188} INFO - [2026-06-21T22:48:49.725+0300] {dag.py:3096} INFO - Sync 1 DAGs
[2026-06-21T22:48:49.735+0300] {logging_mixin.py:188} INFO - [2026-06-21T22:48:49.734+0300] {dag.py:3954} INFO - Setting next_dagrun for tutorial_objectstorage to None, run_after=None
[2026-06-21T22:48:49.761+0300] {processor.py:183} INFO - Processing /media/data/omar/programming course/DEPI/DEPI project/anomx/venv/lib/python3.12/site-packages/airflow/example_dags/tutorial_objectstorage.py took 0.073 seconds
[2026-06-21T22:49:45.613+0300] {processor.py:161} INFO - Started process (PID=22297) to work on /media/data/omar/programming course/DEPI/DEPI project/anomx/venv/lib/python3.12/site-packages/airflow/example_dags/tutorial_objectstorage.py
[2026-06-21T22:49:45.615+0300] {processor.py:830} INFO - Processing file /media/data/omar/programming course/DEPI/DEPI project/anomx/venv/lib/python3.12/site-packages/airflow/example_dags/tutorial_objectstorage.py for tasks to queue
[2026-06-21T22:49:45.618+0300] {logging_mixin.py:188} INFO - [2026-06-21T22:49:45.617+0300] {dagbag.py:540} INFO - Filling up the DagBag from /media/data/omar/programming course/DEPI/DEPI project/anomx/venv/lib/python3.12/site-packages/airflow/example_dags/tutorial_objectstorage.py
[2026-06-21T22:49:45.628+0300] {processor.py:840} INFO - DAG(s) 'tutorial_objectstorage' retrieved from /media/data/omar/programming course/DEPI/DEPI project/anomx/venv/lib/python3.12/site-packages/airflow/example_dags/tutorial_objectstorage.py
[2026-06-21T22:49:45.646+0300] {logging_mixin.py:188} INFO - [2026-06-21T22:49:45.646+0300] {dag.py:3096} INFO - Sync 1 DAGs
[2026-06-21T22:49:45.657+0300] {logging_mixin.py:188} INFO - [2026-06-21T22:49:45.656+0300] {dag.py:3954} INFO - Setting next_dagrun for tutorial_objectstorage to None, run_after=None
[2026-06-21T22:49:45.684+0300] {processor.py:183} INFO - Processing /media/data/omar/programming course/DEPI/DEPI project/anomx/venv/lib/python3.12/site-packages/airflow/example_dags/tutorial_objectstorage.py took 0.084 seconds
[2026-06-21T22:50:42.468+0300] {processor.py:161} INFO - Started process (PID=22451) to work on /media/data/omar/programming course/DEPI/DEPI project/anomx/venv/lib/python3.12/site-packages/airflow/example_dags/tutorial_objectstorage.py
[2026-06-21T22:50:42.469+0300] {processor.py:830} INFO - Processing file /media/data/omar/programming course/DEPI/DEPI project/anomx/venv/lib/python3.12/site-packages/airflow/example_dags/tutorial_objectstorage.py for tasks to queue
[2026-06-21T22:50:42.471+0300] {logging_mixin.py:188} INFO - [2026-06-21T22:50:42.471+0300] {dagbag.py:540} INFO - Filling up the DagBag from /media/data/omar/programming course/DEPI/DEPI project/anomx/venv/lib/python3.12/site-packages/airflow/example_dags/tutorial_objectstorage.py
[2026-06-21T22:50:42.481+0300] {processor.py:840} INFO - DAG(s) 'tutorial_objectstorage' retrieved from /media/data/omar/programming course/DEPI/DEPI project/anomx/venv/lib/python3.12/site-packages/airflow/example_dags/tutorial_objectstorage.py
[2026-06-21T22:50:42.504+0300] {logging_mixin.py:188} INFO - [2026-06-21T22:50:42.504+0300] {dag.py:3096} INFO - Sync 1 DAGs
[2026-06-21T22:50:42.520+0300] {logging_mixin.py:188} INFO - [2026-06-21T22:50:42.520+0300] {dag.py:3954} INFO - Setting next_dagrun for tutorial_objectstorage to None, run_after=None
[2026-06-21T22:50:42.562+0300] {processor.py:183} INFO - Processing /media/data/omar/programming course/DEPI/DEPI project/anomx/venv/lib/python3.12/site-packages/airflow/example_dags/tutorial_objectstorage.py took 0.103 seconds
