[2026-06-21T21:38:41.627+0300] {processor.py:161} INFO - Started process (PID=15078) to work on /media/data/omar/programming course/DEPI/DEPI project/anomx/venv/lib/python3.12/site-packages/airflow/example_dags/tutorial_taskflow_api.py
[2026-06-21T21:38:41.629+0300] {processor.py:830} INFO - Processing file /media/data/omar/programming course/DEPI/DEPI project/anomx/venv/lib/python3.12/site-packages/airflow/example_dags/tutorial_taskflow_api.py for tasks to queue
[2026-06-21T21:38:41.632+0300] {logging_mixin.py:188} INFO - [2026-06-21T21:38:41.631+0300] {dagbag.py:540} INFO - Filling up the DagBag from /media/data/omar/programming course/DEPI/DEPI project/anomx/venv/lib/python3.12/site-packages/airflow/example_dags/tutorial_taskflow_api.py
[2026-06-21T21:38:41.647+0300] {processor.py:840} INFO - DAG(s) 'tutorial_taskflow_api' retrieved from /media/data/omar/programming course/DEPI/DEPI project/anomx/venv/lib/python3.12/site-packages/airflow/example_dags/tutorial_taskflow_api.py
[2026-06-21T21:38:41.853+0300] {logging_mixin.py:188} INFO - [2026-06-21T21:38:41.852+0300] {override.py:1829} INFO - Created Permission View: can edit on DAG:tutorial_taskflow_api
[2026-06-21T21:38:41.871+0300] {logging_mixin.py:188} INFO - [2026-06-21T21:38:41.871+0300] {override.py:1829} INFO - Created Permission View: can read on DAG:tutorial_taskflow_api
[2026-06-21T21:38:41.887+0300] {logging_mixin.py:188} INFO - [2026-06-21T21:38:41.886+0300] {override.py:1829} INFO - Created Permission View: can delete on DAG:tutorial_taskflow_api
[2026-06-21T21:38:41.888+0300] {logging_mixin.py:188} INFO - [2026-06-21T21:38:41.887+0300] {dag.py:3096} INFO - Sync 1 DAGs
[2026-06-21T21:38:41.900+0300] {logging_mixin.py:188} INFO - [2026-06-21T21:38:41.899+0300] {dag.py:3118} INFO - Creating ORM DAG for tutorial_taskflow_api
[2026-06-21T21:38:41.900+0300] {logging_mixin.py:188} INFO - [2026-06-21T21:38:41.900+0300] {dag.py:3954} INFO - Setting next_dagrun for tutorial_taskflow_api to None, run_after=None
[2026-06-21T21:38:41.932+0300] {processor.py:183} INFO - Processing /media/data/omar/programming course/DEPI/DEPI project/anomx/venv/lib/python3.12/site-packages/airflow/example_dags/tutorial_taskflow_api.py took 0.324 seconds
[2026-06-21T21:39:50.736+0300] {processor.py:161} INFO - Started process (PID=15172) to work on /media/data/omar/programming course/DEPI/DEPI project/anomx/venv/lib/python3.12/site-packages/airflow/example_dags/tutorial_taskflow_api.py
[2026-06-21T21:39:50.738+0300] {processor.py:830} INFO - Processing file /media/data/omar/programming course/DEPI/DEPI project/anomx/venv/lib/python3.12/site-packages/airflow/example_dags/tutorial_taskflow_api.py for tasks to queue
[2026-06-21T21:39:50.740+0300] {logging_mixin.py:188} INFO - [2026-06-21T21:39:50.740+0300] {dagbag.py:540} INFO - Filling up the DagBag from /media/data/omar/programming course/DEPI/DEPI project/anomx/venv/lib/python3.12/site-packages/airflow/example_dags/tutorial_taskflow_api.py
[2026-06-21T21:39:50.749+0300] {processor.py:840} INFO - DAG(s) 'tutorial_taskflow_api' retrieved from /media/data/omar/programming course/DEPI/DEPI project/anomx/venv/lib/python3.12/site-packages/airflow/example_dags/tutorial_taskflow_api.py
[2026-06-21T21:39:50.764+0300] {logging_mixin.py:188} INFO - [2026-06-21T21:39:50.764+0300] {dag.py:3096} INFO - Sync 1 DAGs
[2026-06-21T21:39:50.775+0300] {logging_mixin.py:188} INFO - [2026-06-21T21:39:50.775+0300] {dag.py:3954} INFO - Setting next_dagrun for tutorial_taskflow_api to None, run_after=None
[2026-06-21T21:39:50.806+0300] {processor.py:183} INFO - Processing /media/data/omar/programming course/DEPI/DEPI project/anomx/venv/lib/python3.12/site-packages/airflow/example_dags/tutorial_taskflow_api.py took 0.081 seconds
[2026-06-21T21:40:50.092+0300] {processor.py:161} INFO - Started process (PID=15271) to work on /media/data/omar/programming course/DEPI/DEPI project/anomx/venv/lib/python3.12/site-packages/airflow/example_dags/tutorial_taskflow_api.py
[2026-06-21T21:40:50.094+0300] {processor.py:830} INFO - Processing file /media/data/omar/programming course/DEPI/DEPI project/anomx/venv/lib/python3.12/site-packages/airflow/example_dags/tutorial_taskflow_api.py for tasks to queue
[2026-06-21T21:40:50.098+0300] {logging_mixin.py:188} INFO - [2026-06-21T21:40:50.097+0300] {dagbag.py:540} INFO - Filling up the DagBag from /media/data/omar/programming course/DEPI/DEPI project/anomx/venv/lib/python3.12/site-packages/airflow/example_dags/tutorial_taskflow_api.py
[2026-06-21T21:40:50.108+0300] {processor.py:840} INFO - DAG(s) 'tutorial_taskflow_api' retrieved from /media/data/omar/programming course/DEPI/DEPI project/anomx/venv/lib/python3.12/site-packages/airflow/example_dags/tutorial_taskflow_api.py
[2026-06-21T21:40:50.125+0300] {logging_mixin.py:188} INFO - [2026-06-21T21:40:50.125+0300] {dag.py:3096} INFO - Sync 1 DAGs
[2026-06-21T21:40:50.137+0300] {logging_mixin.py:188} INFO - [2026-06-21T21:40:50.136+0300] {dag.py:3954} INFO - Setting next_dagrun for tutorial_taskflow_api to None, run_after=None
[2026-06-21T21:40:50.168+0300] {processor.py:183} INFO - Processing /media/data/omar/programming course/DEPI/DEPI project/anomx/venv/lib/python3.12/site-packages/airflow/example_dags/tutorial_taskflow_api.py took 0.093 seconds
[2026-06-21T21:41:47.744+0300] {processor.py:161} INFO - Started process (PID=15405) to work on /media/data/omar/programming course/DEPI/DEPI project/anomx/venv/lib/python3.12/site-packages/airflow/example_dags/tutorial_taskflow_api.py
[2026-06-21T21:41:47.745+0300] {processor.py:830} INFO - Processing file /media/data/omar/programming course/DEPI/DEPI project/anomx/venv/lib/python3.12/site-packages/airflow/example_dags/tutorial_taskflow_api.py for tasks to queue
[2026-06-21T21:41:47.748+0300] {logging_mixin.py:188} INFO - [2026-06-21T21:41:47.747+0300] {dagbag.py:540} INFO - Filling up the DagBag from /media/data/omar/programming course/DEPI/DEPI project/anomx/venv/lib/python3.12/site-packages/airflow/example_dags/tutorial_taskflow_api.py
[2026-06-21T21:41:47.760+0300] {processor.py:840} INFO - DAG(s) 'tutorial_taskflow_api' retrieved from /media/data/omar/programming course/DEPI/DEPI project/anomx/venv/lib/python3.12/site-packages/airflow/example_dags/tutorial_taskflow_api.py
[2026-06-21T21:41:47.802+0300] {logging_mixin.py:188} INFO - [2026-06-21T21:41:47.801+0300] {dag.py:3096} INFO - Sync 1 DAGs
[2026-06-21T21:41:47.816+0300] {logging_mixin.py:188} INFO - [2026-06-21T21:41:47.816+0300] {dag.py:3954} INFO - Setting next_dagrun for tutorial_taskflow_api to None, run_after=None
[2026-06-21T21:41:47.884+0300] {processor.py:183} INFO - Processing /media/data/omar/programming course/DEPI/DEPI project/anomx/venv/lib/python3.12/site-packages/airflow/example_dags/tutorial_taskflow_api.py took 0.155 seconds
[2026-06-21T21:42:59.058+0300] {processor.py:161} INFO - Started process (PID=15626) to work on /media/data/omar/programming course/DEPI/DEPI project/anomx/venv/lib/python3.12/site-packages/airflow/example_dags/tutorial_taskflow_api.py
[2026-06-21T21:42:59.060+0300] {processor.py:830} INFO - Processing file /media/data/omar/programming course/DEPI/DEPI project/anomx/venv/lib/python3.12/site-packages/airflow/example_dags/tutorial_taskflow_api.py for tasks to queue
[2026-06-21T21:42:59.063+0300] {logging_mixin.py:188} INFO - [2026-06-21T21:42:59.062+0300] {dagbag.py:540} INFO - Filling up the DagBag from /media/data/omar/programming course/DEPI/DEPI project/anomx/venv/lib/python3.12/site-packages/airflow/example_dags/tutorial_taskflow_api.py
[2026-06-21T21:42:59.072+0300] {processor.py:840} INFO - DAG(s) 'tutorial_taskflow_api' retrieved from /media/data/omar/programming course/DEPI/DEPI project/anomx/venv/lib/python3.12/site-packages/airflow/example_dags/tutorial_taskflow_api.py
[2026-06-21T21:42:59.091+0300] {logging_mixin.py:188} INFO - [2026-06-21T21:42:59.091+0300] {dag.py:3096} INFO - Sync 1 DAGs
[2026-06-21T21:42:59.104+0300] {logging_mixin.py:188} INFO - [2026-06-21T21:42:59.103+0300] {dag.py:3954} INFO - Setting next_dagrun for tutorial_taskflow_api to None, run_after=None
[2026-06-21T21:42:59.142+0300] {processor.py:183} INFO - Processing /media/data/omar/programming course/DEPI/DEPI project/anomx/venv/lib/python3.12/site-packages/airflow/example_dags/tutorial_taskflow_api.py took 0.094 seconds
[2026-06-21T21:43:59.541+0300] {processor.py:161} INFO - Started process (PID=15739) to work on /media/data/omar/programming course/DEPI/DEPI project/anomx/venv/lib/python3.12/site-packages/airflow/example_dags/tutorial_taskflow_api.py
[2026-06-21T21:43:59.542+0300] {processor.py:830} INFO - Processing file /media/data/omar/programming course/DEPI/DEPI project/anomx/venv/lib/python3.12/site-packages/airflow/example_dags/tutorial_taskflow_api.py for tasks to queue
[2026-06-21T21:43:59.545+0300] {logging_mixin.py:188} INFO - [2026-06-21T21:43:59.544+0300] {dagbag.py:540} INFO - Filling up the DagBag from /media/data/omar/programming course/DEPI/DEPI project/anomx/venv/lib/python3.12/site-packages/airflow/example_dags/tutorial_taskflow_api.py
[2026-06-21T21:43:59.552+0300] {processor.py:840} INFO - DAG(s) 'tutorial_taskflow_api' retrieved from /media/data/omar/programming course/DEPI/DEPI project/anomx/venv/lib/python3.12/site-packages/airflow/example_dags/tutorial_taskflow_api.py
[2026-06-21T21:43:59.568+0300] {logging_mixin.py:188} INFO - [2026-06-21T21:43:59.568+0300] {dag.py:3096} INFO - Sync 1 DAGs
[2026-06-21T21:43:59.579+0300] {logging_mixin.py:188} INFO - [2026-06-21T21:43:59.579+0300] {dag.py:3954} INFO - Setting next_dagrun for tutorial_taskflow_api to None, run_after=None
[2026-06-21T21:43:59.610+0300] {processor.py:183} INFO - Processing /media/data/omar/programming course/DEPI/DEPI project/anomx/venv/lib/python3.12/site-packages/airflow/example_dags/tutorial_taskflow_api.py took 0.078 seconds
[2026-06-21T21:46:04.467+0300] {processor.py:161} INFO - Started process (PID=15983) to work on /media/data/omar/programming course/DEPI/DEPI project/anomx/venv/lib/python3.12/site-packages/airflow/example_dags/tutorial_taskflow_api.py
[2026-06-21T21:46:04.468+0300] {processor.py:830} INFO - Processing file /media/data/omar/programming course/DEPI/DEPI project/anomx/venv/lib/python3.12/site-packages/airflow/example_dags/tutorial_taskflow_api.py for tasks to queue
[2026-06-21T21:46:04.470+0300] {logging_mixin.py:188} INFO - [2026-06-21T21:46:04.469+0300] {dagbag.py:540} INFO - Filling up the DagBag from /media/data/omar/programming course/DEPI/DEPI project/anomx/venv/lib/python3.12/site-packages/airflow/example_dags/tutorial_taskflow_api.py
[2026-06-21T21:46:04.478+0300] {processor.py:840} INFO - DAG(s) 'tutorial_taskflow_api' retrieved from /media/data/omar/programming course/DEPI/DEPI project/anomx/venv/lib/python3.12/site-packages/airflow/example_dags/tutorial_taskflow_api.py
[2026-06-21T21:46:04.495+0300] {logging_mixin.py:188} INFO - [2026-06-21T21:46:04.495+0300] {dag.py:3096} INFO - Sync 1 DAGs
[2026-06-21T21:46:04.508+0300] {logging_mixin.py:188} INFO - [2026-06-21T21:46:04.507+0300] {dag.py:3954} INFO - Setting next_dagrun for tutorial_taskflow_api to None, run_after=None
[2026-06-21T21:46:04.538+0300] {processor.py:183} INFO - Processing /media/data/omar/programming course/DEPI/DEPI project/anomx/venv/lib/python3.12/site-packages/airflow/example_dags/tutorial_taskflow_api.py took 0.078 seconds
[2026-06-21T21:47:31.496+0300] {processor.py:161} INFO - Started process (PID=16148) to work on /media/data/omar/programming course/DEPI/DEPI project/anomx/venv/lib/python3.12/site-packages/airflow/example_dags/tutorial_taskflow_api.py
[2026-06-21T21:47:31.498+0300] {processor.py:830} INFO - Processing file /media/data/omar/programming course/DEPI/DEPI project/anomx/venv/lib/python3.12/site-packages/airflow/example_dags/tutorial_taskflow_api.py for tasks to queue
[2026-06-21T21:47:31.500+0300] {logging_mixin.py:188} INFO - [2026-06-21T21:47:31.500+0300] {dagbag.py:540} INFO - Filling up the DagBag from /media/data/omar/programming course/DEPI/DEPI project/anomx/venv/lib/python3.12/site-packages/airflow/example_dags/tutorial_taskflow_api.py
[2026-06-21T21:47:31.511+0300] {processor.py:840} INFO - DAG(s) 'tutorial_taskflow_api' retrieved from /media/data/omar/programming course/DEPI/DEPI project/anomx/venv/lib/python3.12/site-packages/airflow/example_dags/tutorial_taskflow_api.py
[2026-06-21T21:47:31.527+0300] {logging_mixin.py:188} INFO - [2026-06-21T21:47:31.526+0300] {dag.py:3096} INFO - Sync 1 DAGs
[2026-06-21T21:47:31.538+0300] {logging_mixin.py:188} INFO - [2026-06-21T21:47:31.537+0300] {dag.py:3954} INFO - Setting next_dagrun for tutorial_taskflow_api to None, run_after=None
[2026-06-21T21:47:31.566+0300] {processor.py:183} INFO - Processing /media/data/omar/programming course/DEPI/DEPI project/anomx/venv/lib/python3.12/site-packages/airflow/example_dags/tutorial_taskflow_api.py took 0.080 seconds
[2026-06-21T21:48:31.798+0300] {processor.py:161} INFO - Started process (PID=16240) to work on /media/data/omar/programming course/DEPI/DEPI project/anomx/venv/lib/python3.12/site-packages/airflow/example_dags/tutorial_taskflow_api.py
[2026-06-21T21:48:31.800+0300] {processor.py:830} INFO - Processing file /media/data/omar/programming course/DEPI/DEPI project/anomx/venv/lib/python3.12/site-packages/airflow/example_dags/tutorial_taskflow_api.py for tasks to queue
[2026-06-21T21:48:31.804+0300] {logging_mixin.py:188} INFO - [2026-06-21T21:48:31.803+0300] {dagbag.py:540} INFO - Filling up the DagBag from /media/data/omar/programming course/DEPI/DEPI project/anomx/venv/lib/python3.12/site-packages/airflow/example_dags/tutorial_taskflow_api.py
[2026-06-21T21:48:31.815+0300] {processor.py:840} INFO - DAG(s) 'tutorial_taskflow_api' retrieved from /media/data/omar/programming course/DEPI/DEPI project/anomx/venv/lib/python3.12/site-packages/airflow/example_dags/tutorial_taskflow_api.py
[2026-06-21T21:48:31.831+0300] {logging_mixin.py:188} INFO - [2026-06-21T21:48:31.831+0300] {dag.py:3096} INFO - Sync 1 DAGs
[2026-06-21T21:48:31.842+0300] {logging_mixin.py:188} INFO - [2026-06-21T21:48:31.842+0300] {dag.py:3954} INFO - Setting next_dagrun for tutorial_taskflow_api to None, run_after=None
[2026-06-21T21:48:31.871+0300] {processor.py:183} INFO - Processing /media/data/omar/programming course/DEPI/DEPI project/anomx/venv/lib/python3.12/site-packages/airflow/example_dags/tutorial_taskflow_api.py took 0.092 seconds
[2026-06-21T21:49:31.724+0300] {processor.py:161} INFO - Started process (PID=16335) to work on /media/data/omar/programming course/DEPI/DEPI project/anomx/venv/lib/python3.12/site-packages/airflow/example_dags/tutorial_taskflow_api.py
[2026-06-21T21:49:31.726+0300] {processor.py:830} INFO - Processing file /media/data/omar/programming course/DEPI/DEPI project/anomx/venv/lib/python3.12/site-packages/airflow/example_dags/tutorial_taskflow_api.py for tasks to queue
[2026-06-21T21:49:31.730+0300] {logging_mixin.py:188} INFO - [2026-06-21T21:49:31.729+0300] {dagbag.py:540} INFO - Filling up the DagBag from /media/data/omar/programming course/DEPI/DEPI project/anomx/venv/lib/python3.12/site-packages/airflow/example_dags/tutorial_taskflow_api.py
[2026-06-21T21:49:31.742+0300] {processor.py:840} INFO - DAG(s) 'tutorial_taskflow_api' retrieved from /media/data/omar/programming course/DEPI/DEPI project/anomx/venv/lib/python3.12/site-packages/airflow/example_dags/tutorial_taskflow_api.py
[2026-06-21T21:49:31.764+0300] {logging_mixin.py:188} INFO - [2026-06-21T21:49:31.763+0300] {dag.py:3096} INFO - Sync 1 DAGs
[2026-06-21T21:49:31.776+0300] {logging_mixin.py:188} INFO - [2026-06-21T21:49:31.775+0300] {dag.py:3954} INFO - Setting next_dagrun for tutorial_taskflow_api to None, run_after=None
[2026-06-21T21:49:31.809+0300] {processor.py:183} INFO - Processing /media/data/omar/programming course/DEPI/DEPI project/anomx/venv/lib/python3.12/site-packages/airflow/example_dags/tutorial_taskflow_api.py took 0.103 seconds
[2026-06-21T21:50:41.383+0300] {processor.py:161} INFO - Started process (PID=16461) to work on /media/data/omar/programming course/DEPI/DEPI project/anomx/venv/lib/python3.12/site-packages/airflow/example_dags/tutorial_taskflow_api.py
[2026-06-21T21:50:41.384+0300] {processor.py:830} INFO - Processing file /media/data/omar/programming course/DEPI/DEPI project/anomx/venv/lib/python3.12/site-packages/airflow/example_dags/tutorial_taskflow_api.py for tasks to queue
[2026-06-21T21:50:41.386+0300] {logging_mixin.py:188} INFO - [2026-06-21T21:50:41.385+0300] {dagbag.py:540} INFO - Filling up the DagBag from /media/data/omar/programming course/DEPI/DEPI project/anomx/venv/lib/python3.12/site-packages/airflow/example_dags/tutorial_taskflow_api.py
[2026-06-21T21:50:41.392+0300] {processor.py:840} INFO - DAG(s) 'tutorial_taskflow_api' retrieved from /media/data/omar/programming course/DEPI/DEPI project/anomx/venv/lib/python3.12/site-packages/airflow/example_dags/tutorial_taskflow_api.py
[2026-06-21T21:50:41.408+0300] {logging_mixin.py:188} INFO - [2026-06-21T21:50:41.407+0300] {dag.py:3096} INFO - Sync 1 DAGs
[2026-06-21T21:50:41.418+0300] {logging_mixin.py:188} INFO - [2026-06-21T21:50:41.418+0300] {dag.py:3954} INFO - Setting next_dagrun for tutorial_taskflow_api to None, run_after=None
[2026-06-21T21:50:41.449+0300] {processor.py:183} INFO - Processing /media/data/omar/programming course/DEPI/DEPI project/anomx/venv/lib/python3.12/site-packages/airflow/example_dags/tutorial_taskflow_api.py took 0.071 seconds
[2026-06-21T21:52:01.246+0300] {processor.py:161} INFO - Started process (PID=16603) to work on /media/data/omar/programming course/DEPI/DEPI project/anomx/venv/lib/python3.12/site-packages/airflow/example_dags/tutorial_taskflow_api.py
[2026-06-21T21:52:01.247+0300] {processor.py:830} INFO - Processing file /media/data/omar/programming course/DEPI/DEPI project/anomx/venv/lib/python3.12/site-packages/airflow/example_dags/tutorial_taskflow_api.py for tasks to queue
[2026-06-21T21:52:01.249+0300] {logging_mixin.py:188} INFO - [2026-06-21T21:52:01.248+0300] {dagbag.py:540} INFO - Filling up the DagBag from /media/data/omar/programming course/DEPI/DEPI project/anomx/venv/lib/python3.12/site-packages/airflow/example_dags/tutorial_taskflow_api.py
[2026-06-21T21:52:01.263+0300] {processor.py:840} INFO - DAG(s) 'tutorial_taskflow_api' retrieved from /media/data/omar/programming course/DEPI/DEPI project/anomx/venv/lib/python3.12/site-packages/airflow/example_dags/tutorial_taskflow_api.py
[2026-06-21T21:52:01.286+0300] {logging_mixin.py:188} INFO - [2026-06-21T21:52:01.286+0300] {dag.py:3096} INFO - Sync 1 DAGs
[2026-06-21T21:52:01.297+0300] {logging_mixin.py:188} INFO - [2026-06-21T21:52:01.297+0300] {dag.py:3954} INFO - Setting next_dagrun for tutorial_taskflow_api to None, run_after=None
[2026-06-21T21:52:01.331+0300] {processor.py:183} INFO - Processing /media/data/omar/programming course/DEPI/DEPI project/anomx/venv/lib/python3.12/site-packages/airflow/example_dags/tutorial_taskflow_api.py took 0.097 seconds
[2026-06-21T21:52:51.050+0300] {processor.py:161} INFO - Started process (PID=16693) to work on /media/data/omar/programming course/DEPI/DEPI project/anomx/venv/lib/python3.12/site-packages/airflow/example_dags/tutorial_taskflow_api.py
[2026-06-21T21:52:51.052+0300] {processor.py:830} INFO - Processing file /media/data/omar/programming course/DEPI/DEPI project/anomx/venv/lib/python3.12/site-packages/airflow/example_dags/tutorial_taskflow_api.py for tasks to queue
[2026-06-21T21:52:51.056+0300] {logging_mixin.py:188} INFO - [2026-06-21T21:52:51.055+0300] {dagbag.py:540} INFO - Filling up the DagBag from /media/data/omar/programming course/DEPI/DEPI project/anomx/venv/lib/python3.12/site-packages/airflow/example_dags/tutorial_taskflow_api.py
[2026-06-21T21:52:51.074+0300] {processor.py:840} INFO - DAG(s) 'tutorial_taskflow_api' retrieved from /media/data/omar/programming course/DEPI/DEPI project/anomx/venv/lib/python3.12/site-packages/airflow/example_dags/tutorial_taskflow_api.py
[2026-06-21T21:52:51.096+0300] {logging_mixin.py:188} INFO - [2026-06-21T21:52:51.096+0300] {dag.py:3096} INFO - Sync 1 DAGs
[2026-06-21T21:52:51.106+0300] {logging_mixin.py:188} INFO - [2026-06-21T21:52:51.106+0300] {dag.py:3954} INFO - Setting next_dagrun for tutorial_taskflow_api to None, run_after=None
[2026-06-21T21:52:51.135+0300] {processor.py:183} INFO - Processing /media/data/omar/programming course/DEPI/DEPI project/anomx/venv/lib/python3.12/site-packages/airflow/example_dags/tutorial_taskflow_api.py took 0.102 seconds
[2026-06-21T21:53:46.389+0300] {processor.py:161} INFO - Started process (PID=16783) to work on /media/data/omar/programming course/DEPI/DEPI project/anomx/venv/lib/python3.12/site-packages/airflow/example_dags/tutorial_taskflow_api.py
[2026-06-21T21:53:46.390+0300] {processor.py:830} INFO - Processing file /media/data/omar/programming course/DEPI/DEPI project/anomx/venv/lib/python3.12/site-packages/airflow/example_dags/tutorial_taskflow_api.py for tasks to queue
[2026-06-21T21:53:46.393+0300] {logging_mixin.py:188} INFO - [2026-06-21T21:53:46.392+0300] {dagbag.py:540} INFO - Filling up the DagBag from /media/data/omar/programming course/DEPI/DEPI project/anomx/venv/lib/python3.12/site-packages/airflow/example_dags/tutorial_taskflow_api.py
[2026-06-21T21:53:46.403+0300] {processor.py:840} INFO - DAG(s) 'tutorial_taskflow_api' retrieved from /media/data/omar/programming course/DEPI/DEPI project/anomx/venv/lib/python3.12/site-packages/airflow/example_dags/tutorial_taskflow_api.py
[2026-06-21T21:53:46.424+0300] {logging_mixin.py:188} INFO - [2026-06-21T21:53:46.424+0300] {dag.py:3096} INFO - Sync 1 DAGs
[2026-06-21T21:53:46.435+0300] {logging_mixin.py:188} INFO - [2026-06-21T21:53:46.435+0300] {dag.py:3954} INFO - Setting next_dagrun for tutorial_taskflow_api to None, run_after=None
[2026-06-21T21:53:46.464+0300] {processor.py:183} INFO - Processing /media/data/omar/programming course/DEPI/DEPI project/anomx/venv/lib/python3.12/site-packages/airflow/example_dags/tutorial_taskflow_api.py took 0.086 seconds
[2026-06-21T21:54:43.551+0300] {processor.py:161} INFO - Started process (PID=16885) to work on /media/data/omar/programming course/DEPI/DEPI project/anomx/venv/lib/python3.12/site-packages/airflow/example_dags/tutorial_taskflow_api.py
[2026-06-21T21:54:43.552+0300] {processor.py:830} INFO - Processing file /media/data/omar/programming course/DEPI/DEPI project/anomx/venv/lib/python3.12/site-packages/airflow/example_dags/tutorial_taskflow_api.py for tasks to queue
[2026-06-21T21:54:43.555+0300] {logging_mixin.py:188} INFO - [2026-06-21T21:54:43.554+0300] {dagbag.py:540} INFO - Filling up the DagBag from /media/data/omar/programming course/DEPI/DEPI project/anomx/venv/lib/python3.12/site-packages/airflow/example_dags/tutorial_taskflow_api.py
[2026-06-21T21:54:43.564+0300] {processor.py:840} INFO - DAG(s) 'tutorial_taskflow_api' retrieved from /media/data/omar/programming course/DEPI/DEPI project/anomx/venv/lib/python3.12/site-packages/airflow/example_dags/tutorial_taskflow_api.py
[2026-06-21T21:54:43.580+0300] {logging_mixin.py:188} INFO - [2026-06-21T21:54:43.579+0300] {dag.py:3096} INFO - Sync 1 DAGs
[2026-06-21T21:54:43.590+0300] {logging_mixin.py:188} INFO - [2026-06-21T21:54:43.589+0300] {dag.py:3954} INFO - Setting next_dagrun for tutorial_taskflow_api to None, run_after=None
[2026-06-21T21:54:43.620+0300] {processor.py:183} INFO - Processing /media/data/omar/programming course/DEPI/DEPI project/anomx/venv/lib/python3.12/site-packages/airflow/example_dags/tutorial_taskflow_api.py took 0.085 seconds
[2026-06-21T21:55:40.517+0300] {processor.py:161} INFO - Started process (PID=16981) to work on /media/data/omar/programming course/DEPI/DEPI project/anomx/venv/lib/python3.12/site-packages/airflow/example_dags/tutorial_taskflow_api.py
[2026-06-21T21:55:40.519+0300] {processor.py:830} INFO - Processing file /media/data/omar/programming course/DEPI/DEPI project/anomx/venv/lib/python3.12/site-packages/airflow/example_dags/tutorial_taskflow_api.py for tasks to queue
[2026-06-21T21:55:40.523+0300] {logging_mixin.py:188} INFO - [2026-06-21T21:55:40.522+0300] {dagbag.py:540} INFO - Filling up the DagBag from /media/data/omar/programming course/DEPI/DEPI project/anomx/venv/lib/python3.12/site-packages/airflow/example_dags/tutorial_taskflow_api.py
[2026-06-21T21:55:40.534+0300] {processor.py:840} INFO - DAG(s) 'tutorial_taskflow_api' retrieved from /media/data/omar/programming course/DEPI/DEPI project/anomx/venv/lib/python3.12/site-packages/airflow/example_dags/tutorial_taskflow_api.py
[2026-06-21T21:55:40.550+0300] {logging_mixin.py:188} INFO - [2026-06-21T21:55:40.550+0300] {dag.py:3096} INFO - Sync 1 DAGs
[2026-06-21T21:55:40.559+0300] {logging_mixin.py:188} INFO - [2026-06-21T21:55:40.559+0300] {dag.py:3954} INFO - Setting next_dagrun for tutorial_taskflow_api to None, run_after=None
[2026-06-21T21:55:40.587+0300] {processor.py:183} INFO - Processing /media/data/omar/programming course/DEPI/DEPI project/anomx/venv/lib/python3.12/site-packages/airflow/example_dags/tutorial_taskflow_api.py took 0.085 seconds
[2026-06-21T21:56:31.997+0300] {processor.py:161} INFO - Started process (PID=17059) to work on /media/data/omar/programming course/DEPI/DEPI project/anomx/venv/lib/python3.12/site-packages/airflow/example_dags/tutorial_taskflow_api.py
[2026-06-21T21:56:31.998+0300] {processor.py:830} INFO - Processing file /media/data/omar/programming course/DEPI/DEPI project/anomx/venv/lib/python3.12/site-packages/airflow/example_dags/tutorial_taskflow_api.py for tasks to queue
[2026-06-21T21:56:32.000+0300] {logging_mixin.py:188} INFO - [2026-06-21T21:56:31.999+0300] {dagbag.py:540} INFO - Filling up the DagBag from /media/data/omar/programming course/DEPI/DEPI project/anomx/venv/lib/python3.12/site-packages/airflow/example_dags/tutorial_taskflow_api.py
[2026-06-21T21:56:32.007+0300] {processor.py:840} INFO - DAG(s) 'tutorial_taskflow_api' retrieved from /media/data/omar/programming course/DEPI/DEPI project/anomx/venv/lib/python3.12/site-packages/airflow/example_dags/tutorial_taskflow_api.py
[2026-06-21T21:56:32.023+0300] {logging_mixin.py:188} INFO - [2026-06-21T21:56:32.022+0300] {dag.py:3096} INFO - Sync 1 DAGs
[2026-06-21T21:56:32.033+0300] {logging_mixin.py:188} INFO - [2026-06-21T21:56:32.032+0300] {dag.py:3954} INFO - Setting next_dagrun for tutorial_taskflow_api to None, run_after=None
[2026-06-21T21:56:32.059+0300] {processor.py:183} INFO - Processing /media/data/omar/programming course/DEPI/DEPI project/anomx/venv/lib/python3.12/site-packages/airflow/example_dags/tutorial_taskflow_api.py took 0.068 seconds
[2026-06-21T21:57:24.720+0300] {processor.py:161} INFO - Started process (PID=17153) to work on /media/data/omar/programming course/DEPI/DEPI project/anomx/venv/lib/python3.12/site-packages/airflow/example_dags/tutorial_taskflow_api.py
[2026-06-21T21:57:24.722+0300] {processor.py:830} INFO - Processing file /media/data/omar/programming course/DEPI/DEPI project/anomx/venv/lib/python3.12/site-packages/airflow/example_dags/tutorial_taskflow_api.py for tasks to queue
[2026-06-21T21:57:24.725+0300] {logging_mixin.py:188} INFO - [2026-06-21T21:57:24.724+0300] {dagbag.py:540} INFO - Filling up the DagBag from /media/data/omar/programming course/DEPI/DEPI project/anomx/venv/lib/python3.12/site-packages/airflow/example_dags/tutorial_taskflow_api.py
[2026-06-21T21:57:24.737+0300] {processor.py:840} INFO - DAG(s) 'tutorial_taskflow_api' retrieved from /media/data/omar/programming course/DEPI/DEPI project/anomx/venv/lib/python3.12/site-packages/airflow/example_dags/tutorial_taskflow_api.py
[2026-06-21T21:57:24.756+0300] {logging_mixin.py:188} INFO - [2026-06-21T21:57:24.756+0300] {dag.py:3096} INFO - Sync 1 DAGs
[2026-06-21T21:57:24.766+0300] {logging_mixin.py:188} INFO - [2026-06-21T21:57:24.765+0300] {dag.py:3954} INFO - Setting next_dagrun for tutorial_taskflow_api to None, run_after=None
[2026-06-21T21:57:24.794+0300] {processor.py:183} INFO - Processing /media/data/omar/programming course/DEPI/DEPI project/anomx/venv/lib/python3.12/site-packages/airflow/example_dags/tutorial_taskflow_api.py took 0.083 seconds
[2026-06-21T21:58:19.340+0300] {processor.py:161} INFO - Started process (PID=17247) to work on /media/data/omar/programming course/DEPI/DEPI project/anomx/venv/lib/python3.12/site-packages/airflow/example_dags/tutorial_taskflow_api.py
[2026-06-21T21:58:19.342+0300] {processor.py:830} INFO - Processing file /media/data/omar/programming course/DEPI/DEPI project/anomx/venv/lib/python3.12/site-packages/airflow/example_dags/tutorial_taskflow_api.py for tasks to queue
[2026-06-21T21:58:19.346+0300] {logging_mixin.py:188} INFO - [2026-06-21T21:58:19.345+0300] {dagbag.py:540} INFO - Filling up the DagBag from /media/data/omar/programming course/DEPI/DEPI project/anomx/venv/lib/python3.12/site-packages/airflow/example_dags/tutorial_taskflow_api.py
[2026-06-21T21:58:19.357+0300] {processor.py:840} INFO - DAG(s) 'tutorial_taskflow_api' retrieved from /media/data/omar/programming course/DEPI/DEPI project/anomx/venv/lib/python3.12/site-packages/airflow/example_dags/tutorial_taskflow_api.py
[2026-06-21T21:58:19.374+0300] {logging_mixin.py:188} INFO - [2026-06-21T21:58:19.373+0300] {dag.py:3096} INFO - Sync 1 DAGs
[2026-06-21T21:58:19.384+0300] {logging_mixin.py:188} INFO - [2026-06-21T21:58:19.383+0300] {dag.py:3954} INFO - Setting next_dagrun for tutorial_taskflow_api to None, run_after=None
[2026-06-21T21:58:19.413+0300] {processor.py:183} INFO - Processing /media/data/omar/programming course/DEPI/DEPI project/anomx/venv/lib/python3.12/site-packages/airflow/example_dags/tutorial_taskflow_api.py took 0.090 seconds
[2026-06-21T21:59:14.694+0300] {processor.py:161} INFO - Started process (PID=17334) to work on /media/data/omar/programming course/DEPI/DEPI project/anomx/venv/lib/python3.12/site-packages/airflow/example_dags/tutorial_taskflow_api.py
[2026-06-21T21:59:14.695+0300] {processor.py:830} INFO - Processing file /media/data/omar/programming course/DEPI/DEPI project/anomx/venv/lib/python3.12/site-packages/airflow/example_dags/tutorial_taskflow_api.py for tasks to queue
[2026-06-21T21:59:14.698+0300] {logging_mixin.py:188} INFO - [2026-06-21T21:59:14.697+0300] {dagbag.py:540} INFO - Filling up the DagBag from /media/data/omar/programming course/DEPI/DEPI project/anomx/venv/lib/python3.12/site-packages/airflow/example_dags/tutorial_taskflow_api.py
[2026-06-21T21:59:14.707+0300] {processor.py:840} INFO - DAG(s) 'tutorial_taskflow_api' retrieved from /media/data/omar/programming course/DEPI/DEPI project/anomx/venv/lib/python3.12/site-packages/airflow/example_dags/tutorial_taskflow_api.py
[2026-06-21T21:59:14.722+0300] {logging_mixin.py:188} INFO - [2026-06-21T21:59:14.721+0300] {dag.py:3096} INFO - Sync 1 DAGs
[2026-06-21T21:59:14.731+0300] {logging_mixin.py:188} INFO - [2026-06-21T21:59:14.731+0300] {dag.py:3954} INFO - Setting next_dagrun for tutorial_taskflow_api to None, run_after=None
[2026-06-21T21:59:14.758+0300] {processor.py:183} INFO - Processing /media/data/omar/programming course/DEPI/DEPI project/anomx/venv/lib/python3.12/site-packages/airflow/example_dags/tutorial_taskflow_api.py took 0.077 seconds
[2026-06-21T22:00:11.593+0300] {processor.py:161} INFO - Started process (PID=17430) to work on /media/data/omar/programming course/DEPI/DEPI project/anomx/venv/lib/python3.12/site-packages/airflow/example_dags/tutorial_taskflow_api.py
[2026-06-21T22:00:11.594+0300] {processor.py:830} INFO - Processing file /media/data/omar/programming course/DEPI/DEPI project/anomx/venv/lib/python3.12/site-packages/airflow/example_dags/tutorial_taskflow_api.py for tasks to queue
[2026-06-21T22:00:11.596+0300] {logging_mixin.py:188} INFO - [2026-06-21T22:00:11.595+0300] {dagbag.py:540} INFO - Filling up the DagBag from /media/data/omar/programming course/DEPI/DEPI project/anomx/venv/lib/python3.12/site-packages/airflow/example_dags/tutorial_taskflow_api.py
[2026-06-21T22:00:11.603+0300] {processor.py:840} INFO - DAG(s) 'tutorial_taskflow_api' retrieved from /media/data/omar/programming course/DEPI/DEPI project/anomx/venv/lib/python3.12/site-packages/airflow/example_dags/tutorial_taskflow_api.py
[2026-06-21T22:00:11.620+0300] {logging_mixin.py:188} INFO - [2026-06-21T22:00:11.620+0300] {dag.py:3096} INFO - Sync 1 DAGs
[2026-06-21T22:00:11.629+0300] {logging_mixin.py:188} INFO - [2026-06-21T22:00:11.629+0300] {dag.py:3954} INFO - Setting next_dagrun for tutorial_taskflow_api to None, run_after=None
[2026-06-21T22:00:11.656+0300] {processor.py:183} INFO - Processing /media/data/omar/programming course/DEPI/DEPI project/anomx/venv/lib/python3.12/site-packages/airflow/example_dags/tutorial_taskflow_api.py took 0.068 seconds
[2026-06-21T22:01:07.933+0300] {processor.py:161} INFO - Started process (PID=17512) to work on /media/data/omar/programming course/DEPI/DEPI project/anomx/venv/lib/python3.12/site-packages/airflow/example_dags/tutorial_taskflow_api.py
[2026-06-21T22:01:07.934+0300] {processor.py:830} INFO - Processing file /media/data/omar/programming course/DEPI/DEPI project/anomx/venv/lib/python3.12/site-packages/airflow/example_dags/tutorial_taskflow_api.py for tasks to queue
[2026-06-21T22:01:07.936+0300] {logging_mixin.py:188} INFO - [2026-06-21T22:01:07.936+0300] {dagbag.py:540} INFO - Filling up the DagBag from /media/data/omar/programming course/DEPI/DEPI project/anomx/venv/lib/python3.12/site-packages/airflow/example_dags/tutorial_taskflow_api.py
[2026-06-21T22:01:07.945+0300] {processor.py:840} INFO - DAG(s) 'tutorial_taskflow_api' retrieved from /media/data/omar/programming course/DEPI/DEPI project/anomx/venv/lib/python3.12/site-packages/airflow/example_dags/tutorial_taskflow_api.py
[2026-06-21T22:01:07.960+0300] {logging_mixin.py:188} INFO - [2026-06-21T22:01:07.960+0300] {dag.py:3096} INFO - Sync 1 DAGs
[2026-06-21T22:01:07.970+0300] {logging_mixin.py:188} INFO - [2026-06-21T22:01:07.969+0300] {dag.py:3954} INFO - Setting next_dagrun for tutorial_taskflow_api to None, run_after=None
[2026-06-21T22:01:07.998+0300] {processor.py:183} INFO - Processing /media/data/omar/programming course/DEPI/DEPI project/anomx/venv/lib/python3.12/site-packages/airflow/example_dags/tutorial_taskflow_api.py took 0.072 seconds
[2026-06-21T22:02:06.574+0300] {processor.py:161} INFO - Started process (PID=17605) to work on /media/data/omar/programming course/DEPI/DEPI project/anomx/venv/lib/python3.12/site-packages/airflow/example_dags/tutorial_taskflow_api.py
[2026-06-21T22:02:06.575+0300] {processor.py:830} INFO - Processing file /media/data/omar/programming course/DEPI/DEPI project/anomx/venv/lib/python3.12/site-packages/airflow/example_dags/tutorial_taskflow_api.py for tasks to queue
[2026-06-21T22:02:06.577+0300] {logging_mixin.py:188} INFO - [2026-06-21T22:02:06.576+0300] {dagbag.py:540} INFO - Filling up the DagBag from /media/data/omar/programming course/DEPI/DEPI project/anomx/venv/lib/python3.12/site-packages/airflow/example_dags/tutorial_taskflow_api.py
[2026-06-21T22:02:06.584+0300] {processor.py:840} INFO - DAG(s) 'tutorial_taskflow_api' retrieved from /media/data/omar/programming course/DEPI/DEPI project/anomx/venv/lib/python3.12/site-packages/airflow/example_dags/tutorial_taskflow_api.py
[2026-06-21T22:02:06.597+0300] {logging_mixin.py:188} INFO - [2026-06-21T22:02:06.597+0300] {dag.py:3096} INFO - Sync 1 DAGs
[2026-06-21T22:02:06.606+0300] {logging_mixin.py:188} INFO - [2026-06-21T22:02:06.606+0300] {dag.py:3954} INFO - Setting next_dagrun for tutorial_taskflow_api to None, run_after=None
[2026-06-21T22:02:06.633+0300] {processor.py:183} INFO - Processing /media/data/omar/programming course/DEPI/DEPI project/anomx/venv/lib/python3.12/site-packages/airflow/example_dags/tutorial_taskflow_api.py took 0.066 seconds
[2026-06-21T22:03:03.978+0300] {processor.py:161} INFO - Started process (PID=17752) to work on /media/data/omar/programming course/DEPI/DEPI project/anomx/venv/lib/python3.12/site-packages/airflow/example_dags/tutorial_taskflow_api.py
[2026-06-21T22:03:03.980+0300] {processor.py:830} INFO - Processing file /media/data/omar/programming course/DEPI/DEPI project/anomx/venv/lib/python3.12/site-packages/airflow/example_dags/tutorial_taskflow_api.py for tasks to queue
[2026-06-21T22:03:03.982+0300] {logging_mixin.py:188} INFO - [2026-06-21T22:03:03.982+0300] {dagbag.py:540} INFO - Filling up the DagBag from /media/data/omar/programming course/DEPI/DEPI project/anomx/venv/lib/python3.12/site-packages/airflow/example_dags/tutorial_taskflow_api.py
[2026-06-21T22:03:03.991+0300] {processor.py:840} INFO - DAG(s) 'tutorial_taskflow_api' retrieved from /media/data/omar/programming course/DEPI/DEPI project/anomx/venv/lib/python3.12/site-packages/airflow/example_dags/tutorial_taskflow_api.py
[2026-06-21T22:03:04.005+0300] {logging_mixin.py:188} INFO - [2026-06-21T22:03:04.005+0300] {dag.py:3096} INFO - Sync 1 DAGs
[2026-06-21T22:03:04.015+0300] {logging_mixin.py:188} INFO - [2026-06-21T22:03:04.015+0300] {dag.py:3954} INFO - Setting next_dagrun for tutorial_taskflow_api to None, run_after=None
[2026-06-21T22:03:04.045+0300] {processor.py:183} INFO - Processing /media/data/omar/programming course/DEPI/DEPI project/anomx/venv/lib/python3.12/site-packages/airflow/example_dags/tutorial_taskflow_api.py took 0.074 seconds
[2026-06-21T22:04:01.309+0300] {processor.py:161} INFO - Started process (PID=17855) to work on /media/data/omar/programming course/DEPI/DEPI project/anomx/venv/lib/python3.12/site-packages/airflow/example_dags/tutorial_taskflow_api.py
[2026-06-21T22:04:01.311+0300] {processor.py:830} INFO - Processing file /media/data/omar/programming course/DEPI/DEPI project/anomx/venv/lib/python3.12/site-packages/airflow/example_dags/tutorial_taskflow_api.py for tasks to queue
[2026-06-21T22:04:01.317+0300] {logging_mixin.py:188} INFO - [2026-06-21T22:04:01.315+0300] {dagbag.py:540} INFO - Filling up the DagBag from /media/data/omar/programming course/DEPI/DEPI project/anomx/venv/lib/python3.12/site-packages/airflow/example_dags/tutorial_taskflow_api.py
[2026-06-21T22:04:01.332+0300] {processor.py:840} INFO - DAG(s) 'tutorial_taskflow_api' retrieved from /media/data/omar/programming course/DEPI/DEPI project/anomx/venv/lib/python3.12/site-packages/airflow/example_dags/tutorial_taskflow_api.py
[2026-06-21T22:04:01.350+0300] {logging_mixin.py:188} INFO - [2026-06-21T22:04:01.349+0300] {dag.py:3096} INFO - Sync 1 DAGs
[2026-06-21T22:04:01.359+0300] {logging_mixin.py:188} INFO - [2026-06-21T22:04:01.359+0300] {dag.py:3954} INFO - Setting next_dagrun for tutorial_taskflow_api to None, run_after=None
[2026-06-21T22:04:01.385+0300] {processor.py:183} INFO - Processing /media/data/omar/programming course/DEPI/DEPI project/anomx/venv/lib/python3.12/site-packages/airflow/example_dags/tutorial_taskflow_api.py took 0.089 seconds
[2026-06-21T22:04:52.553+0300] {processor.py:161} INFO - Started process (PID=17940) to work on /media/data/omar/programming course/DEPI/DEPI project/anomx/venv/lib/python3.12/site-packages/airflow/example_dags/tutorial_taskflow_api.py
[2026-06-21T22:04:52.554+0300] {processor.py:830} INFO - Processing file /media/data/omar/programming course/DEPI/DEPI project/anomx/venv/lib/python3.12/site-packages/airflow/example_dags/tutorial_taskflow_api.py for tasks to queue
[2026-06-21T22:04:52.556+0300] {logging_mixin.py:188} INFO - [2026-06-21T22:04:52.555+0300] {dagbag.py:540} INFO - Filling up the DagBag from /media/data/omar/programming course/DEPI/DEPI project/anomx/venv/lib/python3.12/site-packages/airflow/example_dags/tutorial_taskflow_api.py
[2026-06-21T22:04:52.563+0300] {processor.py:840} INFO - DAG(s) 'tutorial_taskflow_api' retrieved from /media/data/omar/programming course/DEPI/DEPI project/anomx/venv/lib/python3.12/site-packages/airflow/example_dags/tutorial_taskflow_api.py
[2026-06-21T22:04:52.576+0300] {logging_mixin.py:188} INFO - [2026-06-21T22:04:52.576+0300] {dag.py:3096} INFO - Sync 1 DAGs
[2026-06-21T22:04:52.586+0300] {logging_mixin.py:188} INFO - [2026-06-21T22:04:52.585+0300] {dag.py:3954} INFO - Setting next_dagrun for tutorial_taskflow_api to None, run_after=None
[2026-06-21T22:04:52.613+0300] {processor.py:183} INFO - Processing /media/data/omar/programming course/DEPI/DEPI project/anomx/venv/lib/python3.12/site-packages/airflow/example_dags/tutorial_taskflow_api.py took 0.066 seconds
[2026-06-21T22:05:50.669+0300] {processor.py:161} INFO - Started process (PID=18026) to work on /media/data/omar/programming course/DEPI/DEPI project/anomx/venv/lib/python3.12/site-packages/airflow/example_dags/tutorial_taskflow_api.py
[2026-06-21T22:05:50.670+0300] {processor.py:830} INFO - Processing file /media/data/omar/programming course/DEPI/DEPI project/anomx/venv/lib/python3.12/site-packages/airflow/example_dags/tutorial_taskflow_api.py for tasks to queue
[2026-06-21T22:05:50.672+0300] {logging_mixin.py:188} INFO - [2026-06-21T22:05:50.672+0300] {dagbag.py:540} INFO - Filling up the DagBag from /media/data/omar/programming course/DEPI/DEPI project/anomx/venv/lib/python3.12/site-packages/airflow/example_dags/tutorial_taskflow_api.py
[2026-06-21T22:05:50.680+0300] {processor.py:840} INFO - DAG(s) 'tutorial_taskflow_api' retrieved from /media/data/omar/programming course/DEPI/DEPI project/anomx/venv/lib/python3.12/site-packages/airflow/example_dags/tutorial_taskflow_api.py
[2026-06-21T22:05:50.694+0300] {logging_mixin.py:188} INFO - [2026-06-21T22:05:50.694+0300] {dag.py:3096} INFO - Sync 1 DAGs
[2026-06-21T22:05:50.704+0300] {logging_mixin.py:188} INFO - [2026-06-21T22:05:50.704+0300] {dag.py:3954} INFO - Setting next_dagrun for tutorial_taskflow_api to None, run_after=None
[2026-06-21T22:05:50.814+0300] {processor.py:183} INFO - Processing /media/data/omar/programming course/DEPI/DEPI project/anomx/venv/lib/python3.12/site-packages/airflow/example_dags/tutorial_taskflow_api.py took 0.154 seconds
[2026-06-21T22:06:48.419+0300] {processor.py:161} INFO - Started process (PID=18116) to work on /media/data/omar/programming course/DEPI/DEPI project/anomx/venv/lib/python3.12/site-packages/airflow/example_dags/tutorial_taskflow_api.py
[2026-06-21T22:06:48.421+0300] {processor.py:830} INFO - Processing file /media/data/omar/programming course/DEPI/DEPI project/anomx/venv/lib/python3.12/site-packages/airflow/example_dags/tutorial_taskflow_api.py for tasks to queue
[2026-06-21T22:06:48.425+0300] {logging_mixin.py:188} INFO - [2026-06-21T22:06:48.424+0300] {dagbag.py:540} INFO - Filling up the DagBag from /media/data/omar/programming course/DEPI/DEPI project/anomx/venv/lib/python3.12/site-packages/airflow/example_dags/tutorial_taskflow_api.py
[2026-06-21T22:06:48.436+0300] {processor.py:840} INFO - DAG(s) 'tutorial_taskflow_api' retrieved from /media/data/omar/programming course/DEPI/DEPI project/anomx/venv/lib/python3.12/site-packages/airflow/example_dags/tutorial_taskflow_api.py
[2026-06-21T22:06:48.451+0300] {logging_mixin.py:188} INFO - [2026-06-21T22:06:48.451+0300] {dag.py:3096} INFO - Sync 1 DAGs
[2026-06-21T22:06:48.461+0300] {logging_mixin.py:188} INFO - [2026-06-21T22:06:48.461+0300] {dag.py:3954} INFO - Setting next_dagrun for tutorial_taskflow_api to None, run_after=None
[2026-06-21T22:06:48.490+0300] {processor.py:183} INFO - Processing /media/data/omar/programming course/DEPI/DEPI project/anomx/venv/lib/python3.12/site-packages/airflow/example_dags/tutorial_taskflow_api.py took 0.084 seconds
[2026-06-21T22:07:45.726+0300] {processor.py:161} INFO - Started process (PID=18208) to work on /media/data/omar/programming course/DEPI/DEPI project/anomx/venv/lib/python3.12/site-packages/airflow/example_dags/tutorial_taskflow_api.py
[2026-06-21T22:07:45.728+0300] {processor.py:830} INFO - Processing file /media/data/omar/programming course/DEPI/DEPI project/anomx/venv/lib/python3.12/site-packages/airflow/example_dags/tutorial_taskflow_api.py for tasks to queue
[2026-06-21T22:07:45.732+0300] {logging_mixin.py:188} INFO - [2026-06-21T22:07:45.731+0300] {dagbag.py:540} INFO - Filling up the DagBag from /media/data/omar/programming course/DEPI/DEPI project/anomx/venv/lib/python3.12/site-packages/airflow/example_dags/tutorial_taskflow_api.py
[2026-06-21T22:07:45.743+0300] {processor.py:840} INFO - DAG(s) 'tutorial_taskflow_api' retrieved from /media/data/omar/programming course/DEPI/DEPI project/anomx/venv/lib/python3.12/site-packages/airflow/example_dags/tutorial_taskflow_api.py
[2026-06-21T22:07:45.759+0300] {logging_mixin.py:188} INFO - [2026-06-21T22:07:45.758+0300] {dag.py:3096} INFO - Sync 1 DAGs
[2026-06-21T22:07:45.768+0300] {logging_mixin.py:188} INFO - [2026-06-21T22:07:45.768+0300] {dag.py:3954} INFO - Setting next_dagrun for tutorial_taskflow_api to None, run_after=None
[2026-06-21T22:07:45.804+0300] {processor.py:183} INFO - Processing /media/data/omar/programming course/DEPI/DEPI project/anomx/venv/lib/python3.12/site-packages/airflow/example_dags/tutorial_taskflow_api.py took 0.096 seconds
[2026-06-21T22:08:43.574+0300] {processor.py:161} INFO - Started process (PID=18300) to work on /media/data/omar/programming course/DEPI/DEPI project/anomx/venv/lib/python3.12/site-packages/airflow/example_dags/tutorial_taskflow_api.py
[2026-06-21T22:08:43.576+0300] {processor.py:830} INFO - Processing file /media/data/omar/programming course/DEPI/DEPI project/anomx/venv/lib/python3.12/site-packages/airflow/example_dags/tutorial_taskflow_api.py for tasks to queue
[2026-06-21T22:08:43.578+0300] {logging_mixin.py:188} INFO - [2026-06-21T22:08:43.578+0300] {dagbag.py:540} INFO - Filling up the DagBag from /media/data/omar/programming course/DEPI/DEPI project/anomx/venv/lib/python3.12/site-packages/airflow/example_dags/tutorial_taskflow_api.py
[2026-06-21T22:08:43.589+0300] {processor.py:840} INFO - DAG(s) 'tutorial_taskflow_api' retrieved from /media/data/omar/programming course/DEPI/DEPI project/anomx/venv/lib/python3.12/site-packages/airflow/example_dags/tutorial_taskflow_api.py
[2026-06-21T22:08:43.604+0300] {logging_mixin.py:188} INFO - [2026-06-21T22:08:43.603+0300] {dag.py:3096} INFO - Sync 1 DAGs
[2026-06-21T22:08:43.692+0300] {logging_mixin.py:188} INFO - [2026-06-21T22:08:43.691+0300] {dag.py:3954} INFO - Setting next_dagrun for tutorial_taskflow_api to None, run_after=None
[2026-06-21T22:08:43.715+0300] {processor.py:183} INFO - Processing /media/data/omar/programming course/DEPI/DEPI project/anomx/venv/lib/python3.12/site-packages/airflow/example_dags/tutorial_taskflow_api.py took 0.158 seconds
[2026-06-21T22:09:39.868+0300] {processor.py:161} INFO - Started process (PID=18533) to work on /media/data/omar/programming course/DEPI/DEPI project/anomx/venv/lib/python3.12/site-packages/airflow/example_dags/tutorial_taskflow_api.py
[2026-06-21T22:09:39.870+0300] {processor.py:830} INFO - Processing file /media/data/omar/programming course/DEPI/DEPI project/anomx/venv/lib/python3.12/site-packages/airflow/example_dags/tutorial_taskflow_api.py for tasks to queue
[2026-06-21T22:09:39.876+0300] {logging_mixin.py:188} INFO - [2026-06-21T22:09:39.874+0300] {dagbag.py:540} INFO - Filling up the DagBag from /media/data/omar/programming course/DEPI/DEPI project/anomx/venv/lib/python3.12/site-packages/airflow/example_dags/tutorial_taskflow_api.py
[2026-06-21T22:09:39.888+0300] {processor.py:840} INFO - DAG(s) 'tutorial_taskflow_api' retrieved from /media/data/omar/programming course/DEPI/DEPI project/anomx/venv/lib/python3.12/site-packages/airflow/example_dags/tutorial_taskflow_api.py
[2026-06-21T22:09:39.905+0300] {logging_mixin.py:188} INFO - [2026-06-21T22:09:39.904+0300] {dag.py:3096} INFO - Sync 1 DAGs
[2026-06-21T22:09:39.940+0300] {logging_mixin.py:188} INFO - [2026-06-21T22:09:39.935+0300] {dag.py:3954} INFO - Setting next_dagrun for tutorial_taskflow_api to None, run_after=None
[2026-06-21T22:09:40.053+0300] {processor.py:183} INFO - Processing /media/data/omar/programming course/DEPI/DEPI project/anomx/venv/lib/python3.12/site-packages/airflow/example_dags/tutorial_taskflow_api.py took 0.200 seconds
[2026-06-21T22:10:50.438+0300] {processor.py:161} INFO - Started process (PID=18731) to work on /media/data/omar/programming course/DEPI/DEPI project/anomx/venv/lib/python3.12/site-packages/airflow/example_dags/tutorial_taskflow_api.py
[2026-06-21T22:10:50.438+0300] {processor.py:830} INFO - Processing file /media/data/omar/programming course/DEPI/DEPI project/anomx/venv/lib/python3.12/site-packages/airflow/example_dags/tutorial_taskflow_api.py for tasks to queue
[2026-06-21T22:10:50.440+0300] {logging_mixin.py:188} INFO - [2026-06-21T22:10:50.440+0300] {dagbag.py:540} INFO - Filling up the DagBag from /media/data/omar/programming course/DEPI/DEPI project/anomx/venv/lib/python3.12/site-packages/airflow/example_dags/tutorial_taskflow_api.py
[2026-06-21T22:10:50.450+0300] {processor.py:840} INFO - DAG(s) 'tutorial_taskflow_api' retrieved from /media/data/omar/programming course/DEPI/DEPI project/anomx/venv/lib/python3.12/site-packages/airflow/example_dags/tutorial_taskflow_api.py
[2026-06-21T22:10:50.468+0300] {logging_mixin.py:188} INFO - [2026-06-21T22:10:50.468+0300] {dag.py:3096} INFO - Sync 1 DAGs
[2026-06-21T22:10:50.481+0300] {logging_mixin.py:188} INFO - [2026-06-21T22:10:50.480+0300] {dag.py:3954} INFO - Setting next_dagrun for tutorial_taskflow_api to None, run_after=None
[2026-06-21T22:10:50.522+0300] {processor.py:183} INFO - Processing /media/data/omar/programming course/DEPI/DEPI project/anomx/venv/lib/python3.12/site-packages/airflow/example_dags/tutorial_taskflow_api.py took 0.091 seconds
[2026-06-21T22:11:46.246+0300] {processor.py:161} INFO - Started process (PID=18868) to work on /media/data/omar/programming course/DEPI/DEPI project/anomx/venv/lib/python3.12/site-packages/airflow/example_dags/tutorial_taskflow_api.py
[2026-06-21T22:11:46.249+0300] {processor.py:830} INFO - Processing file /media/data/omar/programming course/DEPI/DEPI project/anomx/venv/lib/python3.12/site-packages/airflow/example_dags/tutorial_taskflow_api.py for tasks to queue
[2026-06-21T22:11:46.255+0300] {logging_mixin.py:188} INFO - [2026-06-21T22:11:46.253+0300] {dagbag.py:540} INFO - Filling up the DagBag from /media/data/omar/programming course/DEPI/DEPI project/anomx/venv/lib/python3.12/site-packages/airflow/example_dags/tutorial_taskflow_api.py
[2026-06-21T22:11:46.277+0300] {processor.py:840} INFO - DAG(s) 'tutorial_taskflow_api' retrieved from /media/data/omar/programming course/DEPI/DEPI project/anomx/venv/lib/python3.12/site-packages/airflow/example_dags/tutorial_taskflow_api.py
[2026-06-21T22:11:46.301+0300] {logging_mixin.py:188} INFO - [2026-06-21T22:11:46.300+0300] {dag.py:3096} INFO - Sync 1 DAGs
[2026-06-21T22:11:46.317+0300] {logging_mixin.py:188} INFO - [2026-06-21T22:11:46.317+0300] {dag.py:3954} INFO - Setting next_dagrun for tutorial_taskflow_api to None, run_after=None
[2026-06-21T22:11:46.352+0300] {processor.py:183} INFO - Processing /media/data/omar/programming course/DEPI/DEPI project/anomx/venv/lib/python3.12/site-packages/airflow/example_dags/tutorial_taskflow_api.py took 0.126 seconds
[2026-06-21T22:12:39.276+0300] {processor.py:161} INFO - Started process (PID=18951) to work on /media/data/omar/programming course/DEPI/DEPI project/anomx/venv/lib/python3.12/site-packages/airflow/example_dags/tutorial_taskflow_api.py
[2026-06-21T22:12:39.279+0300] {processor.py:830} INFO - Processing file /media/data/omar/programming course/DEPI/DEPI project/anomx/venv/lib/python3.12/site-packages/airflow/example_dags/tutorial_taskflow_api.py for tasks to queue
[2026-06-21T22:12:39.284+0300] {logging_mixin.py:188} INFO - [2026-06-21T22:12:39.283+0300] {dagbag.py:540} INFO - Filling up the DagBag from /media/data/omar/programming course/DEPI/DEPI project/anomx/venv/lib/python3.12/site-packages/airflow/example_dags/tutorial_taskflow_api.py
[2026-06-21T22:12:39.299+0300] {processor.py:840} INFO - DAG(s) 'tutorial_taskflow_api' retrieved from /media/data/omar/programming course/DEPI/DEPI project/anomx/venv/lib/python3.12/site-packages/airflow/example_dags/tutorial_taskflow_api.py
[2026-06-21T22:12:39.324+0300] {logging_mixin.py:188} INFO - [2026-06-21T22:12:39.323+0300] {dag.py:3096} INFO - Sync 1 DAGs
[2026-06-21T22:12:39.343+0300] {logging_mixin.py:188} INFO - [2026-06-21T22:12:39.342+0300] {dag.py:3954} INFO - Setting next_dagrun for tutorial_taskflow_api to None, run_after=None
[2026-06-21T22:12:39.388+0300] {processor.py:183} INFO - Processing /media/data/omar/programming course/DEPI/DEPI project/anomx/venv/lib/python3.12/site-packages/airflow/example_dags/tutorial_taskflow_api.py took 0.140 seconds
[2026-06-21T22:13:29.126+0300] {processor.py:161} INFO - Started process (PID=19073) to work on /media/data/omar/programming course/DEPI/DEPI project/anomx/venv/lib/python3.12/site-packages/airflow/example_dags/tutorial_taskflow_api.py
[2026-06-21T22:13:29.127+0300] {processor.py:830} INFO - Processing file /media/data/omar/programming course/DEPI/DEPI project/anomx/venv/lib/python3.12/site-packages/airflow/example_dags/tutorial_taskflow_api.py for tasks to queue
[2026-06-21T22:13:29.130+0300] {logging_mixin.py:188} INFO - [2026-06-21T22:13:29.129+0300] {dagbag.py:540} INFO - Filling up the DagBag from /media/data/omar/programming course/DEPI/DEPI project/anomx/venv/lib/python3.12/site-packages/airflow/example_dags/tutorial_taskflow_api.py
[2026-06-21T22:13:29.150+0300] {processor.py:840} INFO - DAG(s) 'tutorial_taskflow_api' retrieved from /media/data/omar/programming course/DEPI/DEPI project/anomx/venv/lib/python3.12/site-packages/airflow/example_dags/tutorial_taskflow_api.py
[2026-06-21T22:13:29.179+0300] {logging_mixin.py:188} INFO - [2026-06-21T22:13:29.179+0300] {dag.py:3096} INFO - Sync 1 DAGs
[2026-06-21T22:13:29.188+0300] {logging_mixin.py:188} INFO - [2026-06-21T22:13:29.188+0300] {dag.py:3954} INFO - Setting next_dagrun for tutorial_taskflow_api to None, run_after=None
[2026-06-21T22:13:29.214+0300] {processor.py:183} INFO - Processing /media/data/omar/programming course/DEPI/DEPI project/anomx/venv/lib/python3.12/site-packages/airflow/example_dags/tutorial_taskflow_api.py took 0.096 seconds
[2026-06-21T22:14:29.610+0300] {processor.py:161} INFO - Started process (PID=19199) to work on /media/data/omar/programming course/DEPI/DEPI project/anomx/venv/lib/python3.12/site-packages/airflow/example_dags/tutorial_taskflow_api.py
[2026-06-21T22:14:29.611+0300] {processor.py:830} INFO - Processing file /media/data/omar/programming course/DEPI/DEPI project/anomx/venv/lib/python3.12/site-packages/airflow/example_dags/tutorial_taskflow_api.py for tasks to queue
[2026-06-21T22:14:29.613+0300] {logging_mixin.py:188} INFO - [2026-06-21T22:14:29.613+0300] {dagbag.py:540} INFO - Filling up the DagBag from /media/data/omar/programming course/DEPI/DEPI project/anomx/venv/lib/python3.12/site-packages/airflow/example_dags/tutorial_taskflow_api.py
[2026-06-21T22:14:29.620+0300] {processor.py:840} INFO - DAG(s) 'tutorial_taskflow_api' retrieved from /media/data/omar/programming course/DEPI/DEPI project/anomx/venv/lib/python3.12/site-packages/airflow/example_dags/tutorial_taskflow_api.py
[2026-06-21T22:14:29.635+0300] {logging_mixin.py:188} INFO - [2026-06-21T22:14:29.634+0300] {dag.py:3096} INFO - Sync 1 DAGs
[2026-06-21T22:14:29.645+0300] {logging_mixin.py:188} INFO - [2026-06-21T22:14:29.644+0300] {dag.py:3954} INFO - Setting next_dagrun for tutorial_taskflow_api to None, run_after=None
[2026-06-21T22:14:29.673+0300] {processor.py:183} INFO - Processing /media/data/omar/programming course/DEPI/DEPI project/anomx/venv/lib/python3.12/site-packages/airflow/example_dags/tutorial_taskflow_api.py took 0.071 seconds
[2026-06-21T22:15:26.029+0300] {processor.py:161} INFO - Started process (PID=19304) to work on /media/data/omar/programming course/DEPI/DEPI project/anomx/venv/lib/python3.12/site-packages/airflow/example_dags/tutorial_taskflow_api.py
[2026-06-21T22:15:26.031+0300] {processor.py:830} INFO - Processing file /media/data/omar/programming course/DEPI/DEPI project/anomx/venv/lib/python3.12/site-packages/airflow/example_dags/tutorial_taskflow_api.py for tasks to queue
[2026-06-21T22:15:26.034+0300] {logging_mixin.py:188} INFO - [2026-06-21T22:15:26.033+0300] {dagbag.py:540} INFO - Filling up the DagBag from /media/data/omar/programming course/DEPI/DEPI project/anomx/venv/lib/python3.12/site-packages/airflow/example_dags/tutorial_taskflow_api.py
[2026-06-21T22:15:26.047+0300] {processor.py:840} INFO - DAG(s) 'tutorial_taskflow_api' retrieved from /media/data/omar/programming course/DEPI/DEPI project/anomx/venv/lib/python3.12/site-packages/airflow/example_dags/tutorial_taskflow_api.py
[2026-06-21T22:15:26.065+0300] {logging_mixin.py:188} INFO - [2026-06-21T22:15:26.064+0300] {dag.py:3096} INFO - Sync 1 DAGs
[2026-06-21T22:15:26.076+0300] {logging_mixin.py:188} INFO - [2026-06-21T22:15:26.075+0300] {dag.py:3954} INFO - Setting next_dagrun for tutorial_taskflow_api to None, run_after=None
[2026-06-21T22:15:26.107+0300] {processor.py:183} INFO - Processing /media/data/omar/programming course/DEPI/DEPI project/anomx/venv/lib/python3.12/site-packages/airflow/example_dags/tutorial_taskflow_api.py took 0.090 seconds
[2026-06-21T22:16:19.391+0300] {processor.py:161} INFO - Started process (PID=19669) to work on /media/data/omar/programming course/DEPI/DEPI project/anomx/venv/lib/python3.12/site-packages/airflow/example_dags/tutorial_taskflow_api.py
[2026-06-21T22:16:19.392+0300] {processor.py:830} INFO - Processing file /media/data/omar/programming course/DEPI/DEPI project/anomx/venv/lib/python3.12/site-packages/airflow/example_dags/tutorial_taskflow_api.py for tasks to queue
[2026-06-21T22:16:19.394+0300] {logging_mixin.py:188} INFO - [2026-06-21T22:16:19.394+0300] {dagbag.py:540} INFO - Filling up the DagBag from /media/data/omar/programming course/DEPI/DEPI project/anomx/venv/lib/python3.12/site-packages/airflow/example_dags/tutorial_taskflow_api.py
[2026-06-21T22:16:19.402+0300] {processor.py:840} INFO - DAG(s) 'tutorial_taskflow_api' retrieved from /media/data/omar/programming course/DEPI/DEPI project/anomx/venv/lib/python3.12/site-packages/airflow/example_dags/tutorial_taskflow_api.py
[2026-06-21T22:16:19.421+0300] {logging_mixin.py:188} INFO - [2026-06-21T22:16:19.420+0300] {dag.py:3096} INFO - Sync 1 DAGs
[2026-06-21T22:16:19.434+0300] {logging_mixin.py:188} INFO - [2026-06-21T22:16:19.434+0300] {dag.py:3954} INFO - Setting next_dagrun for tutorial_taskflow_api to None, run_after=None
[2026-06-21T22:16:19.467+0300] {processor.py:183} INFO - Processing /media/data/omar/programming course/DEPI/DEPI project/anomx/venv/lib/python3.12/site-packages/airflow/example_dags/tutorial_taskflow_api.py took 0.081 seconds
[2026-06-21T22:17:15.392+0300] {processor.py:161} INFO - Started process (PID=19789) to work on /media/data/omar/programming course/DEPI/DEPI project/anomx/venv/lib/python3.12/site-packages/airflow/example_dags/tutorial_taskflow_api.py
[2026-06-21T22:17:15.395+0300] {processor.py:830} INFO - Processing file /media/data/omar/programming course/DEPI/DEPI project/anomx/venv/lib/python3.12/site-packages/airflow/example_dags/tutorial_taskflow_api.py for tasks to queue
[2026-06-21T22:17:15.400+0300] {logging_mixin.py:188} INFO - [2026-06-21T22:17:15.398+0300] {dagbag.py:540} INFO - Filling up the DagBag from /media/data/omar/programming course/DEPI/DEPI project/anomx/venv/lib/python3.12/site-packages/airflow/example_dags/tutorial_taskflow_api.py
[2026-06-21T22:17:15.411+0300] {processor.py:840} INFO - DAG(s) 'tutorial_taskflow_api' retrieved from /media/data/omar/programming course/DEPI/DEPI project/anomx/venv/lib/python3.12/site-packages/airflow/example_dags/tutorial_taskflow_api.py
[2026-06-21T22:17:15.429+0300] {logging_mixin.py:188} INFO - [2026-06-21T22:17:15.429+0300] {dag.py:3096} INFO - Sync 1 DAGs
[2026-06-21T22:17:15.442+0300] {logging_mixin.py:188} INFO - [2026-06-21T22:17:15.441+0300] {dag.py:3954} INFO - Setting next_dagrun for tutorial_taskflow_api to None, run_after=None
[2026-06-21T22:17:15.472+0300] {processor.py:183} INFO - Processing /media/data/omar/programming course/DEPI/DEPI project/anomx/venv/lib/python3.12/site-packages/airflow/example_dags/tutorial_taskflow_api.py took 0.097 seconds
[2026-06-21T22:18:15.569+0300] {processor.py:161} INFO - Started process (PID=19948) to work on /media/data/omar/programming course/DEPI/DEPI project/anomx/venv/lib/python3.12/site-packages/airflow/example_dags/tutorial_taskflow_api.py
[2026-06-21T22:18:15.571+0300] {processor.py:830} INFO - Processing file /media/data/omar/programming course/DEPI/DEPI project/anomx/venv/lib/python3.12/site-packages/airflow/example_dags/tutorial_taskflow_api.py for tasks to queue
[2026-06-21T22:18:15.575+0300] {logging_mixin.py:188} INFO - [2026-06-21T22:18:15.574+0300] {dagbag.py:540} INFO - Filling up the DagBag from /media/data/omar/programming course/DEPI/DEPI project/anomx/venv/lib/python3.12/site-packages/airflow/example_dags/tutorial_taskflow_api.py
[2026-06-21T22:18:15.591+0300] {processor.py:840} INFO - DAG(s) 'tutorial_taskflow_api' retrieved from /media/data/omar/programming course/DEPI/DEPI project/anomx/venv/lib/python3.12/site-packages/airflow/example_dags/tutorial_taskflow_api.py
[2026-06-21T22:18:15.620+0300] {logging_mixin.py:188} INFO - [2026-06-21T22:18:15.620+0300] {dag.py:3096} INFO - Sync 1 DAGs
[2026-06-21T22:18:15.631+0300] {logging_mixin.py:188} INFO - [2026-06-21T22:18:15.631+0300] {dag.py:3954} INFO - Setting next_dagrun for tutorial_taskflow_api to None, run_after=None
[2026-06-21T22:18:15.691+0300] {processor.py:183} INFO - Processing /media/data/omar/programming course/DEPI/DEPI project/anomx/venv/lib/python3.12/site-packages/airflow/example_dags/tutorial_taskflow_api.py took 0.134 seconds
[2026-06-21T22:19:11.157+0300] {processor.py:161} INFO - Started process (PID=20041) to work on /media/data/omar/programming course/DEPI/DEPI project/anomx/venv/lib/python3.12/site-packages/airflow/example_dags/tutorial_taskflow_api.py
[2026-06-21T22:19:11.158+0300] {processor.py:830} INFO - Processing file /media/data/omar/programming course/DEPI/DEPI project/anomx/venv/lib/python3.12/site-packages/airflow/example_dags/tutorial_taskflow_api.py for tasks to queue
[2026-06-21T22:19:11.161+0300] {logging_mixin.py:188} INFO - [2026-06-21T22:19:11.160+0300] {dagbag.py:540} INFO - Filling up the DagBag from /media/data/omar/programming course/DEPI/DEPI project/anomx/venv/lib/python3.12/site-packages/airflow/example_dags/tutorial_taskflow_api.py
[2026-06-21T22:19:11.173+0300] {processor.py:840} INFO - DAG(s) 'tutorial_taskflow_api' retrieved from /media/data/omar/programming course/DEPI/DEPI project/anomx/venv/lib/python3.12/site-packages/airflow/example_dags/tutorial_taskflow_api.py
[2026-06-21T22:19:11.196+0300] {logging_mixin.py:188} INFO - [2026-06-21T22:19:11.195+0300] {dag.py:3096} INFO - Sync 1 DAGs
[2026-06-21T22:19:11.212+0300] {logging_mixin.py:188} INFO - [2026-06-21T22:19:11.212+0300] {dag.py:3954} INFO - Setting next_dagrun for tutorial_taskflow_api to None, run_after=None
[2026-06-21T22:19:11.252+0300] {processor.py:183} INFO - Processing /media/data/omar/programming course/DEPI/DEPI project/anomx/venv/lib/python3.12/site-packages/airflow/example_dags/tutorial_taskflow_api.py took 0.106 seconds
[2026-06-21T22:20:11.786+0300] {processor.py:161} INFO - Started process (PID=20152) to work on /media/data/omar/programming course/DEPI/DEPI project/anomx/venv/lib/python3.12/site-packages/airflow/example_dags/tutorial_taskflow_api.py
[2026-06-21T22:20:11.787+0300] {processor.py:830} INFO - Processing file /media/data/omar/programming course/DEPI/DEPI project/anomx/venv/lib/python3.12/site-packages/airflow/example_dags/tutorial_taskflow_api.py for tasks to queue
[2026-06-21T22:20:11.790+0300] {logging_mixin.py:188} INFO - [2026-06-21T22:20:11.790+0300] {dagbag.py:540} INFO - Filling up the DagBag from /media/data/omar/programming course/DEPI/DEPI project/anomx/venv/lib/python3.12/site-packages/airflow/example_dags/tutorial_taskflow_api.py
[2026-06-21T22:20:11.798+0300] {processor.py:840} INFO - DAG(s) 'tutorial_taskflow_api' retrieved from /media/data/omar/programming course/DEPI/DEPI project/anomx/venv/lib/python3.12/site-packages/airflow/example_dags/tutorial_taskflow_api.py
[2026-06-21T22:20:11.814+0300] {logging_mixin.py:188} INFO - [2026-06-21T22:20:11.814+0300] {dag.py:3096} INFO - Sync 1 DAGs
[2026-06-21T22:20:11.826+0300] {logging_mixin.py:188} INFO - [2026-06-21T22:20:11.825+0300] {dag.py:3954} INFO - Setting next_dagrun for tutorial_taskflow_api to None, run_after=None
[2026-06-21T22:20:11.857+0300] {processor.py:183} INFO - Processing /media/data/omar/programming course/DEPI/DEPI project/anomx/venv/lib/python3.12/site-packages/airflow/example_dags/tutorial_taskflow_api.py took 0.079 seconds
[2026-06-21T22:20:49.015+0300] {processor.py:161} INFO - Started process (PID=20219) to work on /media/data/omar/programming course/DEPI/DEPI project/anomx/venv/lib/python3.12/site-packages/airflow/example_dags/tutorial_taskflow_api.py
[2026-06-21T22:20:49.017+0300] {processor.py:830} INFO - Processing file /media/data/omar/programming course/DEPI/DEPI project/anomx/venv/lib/python3.12/site-packages/airflow/example_dags/tutorial_taskflow_api.py for tasks to queue
[2026-06-21T22:20:49.021+0300] {logging_mixin.py:188} INFO - [2026-06-21T22:20:49.020+0300] {dagbag.py:540} INFO - Filling up the DagBag from /media/data/omar/programming course/DEPI/DEPI project/anomx/venv/lib/python3.12/site-packages/airflow/example_dags/tutorial_taskflow_api.py
[2026-06-21T22:20:49.041+0300] {processor.py:840} INFO - DAG(s) 'tutorial_taskflow_api' retrieved from /media/data/omar/programming course/DEPI/DEPI project/anomx/venv/lib/python3.12/site-packages/airflow/example_dags/tutorial_taskflow_api.py
[2026-06-21T22:20:49.068+0300] {logging_mixin.py:188} INFO - [2026-06-21T22:20:49.067+0300] {dag.py:3096} INFO - Sync 1 DAGs
[2026-06-21T22:20:49.077+0300] {logging_mixin.py:188} INFO - [2026-06-21T22:20:49.076+0300] {dag.py:3954} INFO - Setting next_dagrun for tutorial_taskflow_api to None, run_after=None
[2026-06-21T22:20:49.104+0300] {processor.py:183} INFO - Processing /media/data/omar/programming course/DEPI/DEPI project/anomx/venv/lib/python3.12/site-packages/airflow/example_dags/tutorial_taskflow_api.py took 0.106 seconds
[2026-06-21T22:21:49.789+0300] {processor.py:161} INFO - Started process (PID=20314) to work on /media/data/omar/programming course/DEPI/DEPI project/anomx/venv/lib/python3.12/site-packages/airflow/example_dags/tutorial_taskflow_api.py
[2026-06-21T22:21:49.792+0300] {processor.py:830} INFO - Processing file /media/data/omar/programming course/DEPI/DEPI project/anomx/venv/lib/python3.12/site-packages/airflow/example_dags/tutorial_taskflow_api.py for tasks to queue
[2026-06-21T22:21:49.795+0300] {logging_mixin.py:188} INFO - [2026-06-21T22:21:49.795+0300] {dagbag.py:540} INFO - Filling up the DagBag from /media/data/omar/programming course/DEPI/DEPI project/anomx/venv/lib/python3.12/site-packages/airflow/example_dags/tutorial_taskflow_api.py
[2026-06-21T22:21:49.806+0300] {processor.py:840} INFO - DAG(s) 'tutorial_taskflow_api' retrieved from /media/data/omar/programming course/DEPI/DEPI project/anomx/venv/lib/python3.12/site-packages/airflow/example_dags/tutorial_taskflow_api.py
[2026-06-21T22:21:49.833+0300] {logging_mixin.py:188} INFO - [2026-06-21T22:21:49.832+0300] {dag.py:3096} INFO - Sync 1 DAGs
[2026-06-21T22:21:49.855+0300] {logging_mixin.py:188} INFO - [2026-06-21T22:21:49.854+0300] {dag.py:3954} INFO - Setting next_dagrun for tutorial_taskflow_api to None, run_after=None
[2026-06-21T22:21:49.899+0300] {processor.py:183} INFO - Processing /media/data/omar/programming course/DEPI/DEPI project/anomx/venv/lib/python3.12/site-packages/airflow/example_dags/tutorial_taskflow_api.py took 0.117 seconds
[2026-06-21T22:22:59.574+0300] {processor.py:161} INFO - Started process (PID=20447) to work on /media/data/omar/programming course/DEPI/DEPI project/anomx/venv/lib/python3.12/site-packages/airflow/example_dags/tutorial_taskflow_api.py
[2026-06-21T22:22:59.575+0300] {processor.py:830} INFO - Processing file /media/data/omar/programming course/DEPI/DEPI project/anomx/venv/lib/python3.12/site-packages/airflow/example_dags/tutorial_taskflow_api.py for tasks to queue
[2026-06-21T22:22:59.578+0300] {logging_mixin.py:188} INFO - [2026-06-21T22:22:59.578+0300] {dagbag.py:540} INFO - Filling up the DagBag from /media/data/omar/programming course/DEPI/DEPI project/anomx/venv/lib/python3.12/site-packages/airflow/example_dags/tutorial_taskflow_api.py
[2026-06-21T22:22:59.598+0300] {processor.py:840} INFO - DAG(s) 'tutorial_taskflow_api' retrieved from /media/data/omar/programming course/DEPI/DEPI project/anomx/venv/lib/python3.12/site-packages/airflow/example_dags/tutorial_taskflow_api.py
[2026-06-21T22:22:59.628+0300] {logging_mixin.py:188} INFO - [2026-06-21T22:22:59.628+0300] {dag.py:3096} INFO - Sync 1 DAGs
[2026-06-21T22:22:59.639+0300] {logging_mixin.py:188} INFO - [2026-06-21T22:22:59.638+0300] {dag.py:3954} INFO - Setting next_dagrun for tutorial_taskflow_api to None, run_after=None
[2026-06-21T22:22:59.667+0300] {processor.py:183} INFO - Processing /media/data/omar/programming course/DEPI/DEPI project/anomx/venv/lib/python3.12/site-packages/airflow/example_dags/tutorial_taskflow_api.py took 0.104 seconds
[2026-06-21T22:24:00.644+0300] {processor.py:161} INFO - Started process (PID=20545) to work on /media/data/omar/programming course/DEPI/DEPI project/anomx/venv/lib/python3.12/site-packages/airflow/example_dags/tutorial_taskflow_api.py
[2026-06-21T22:24:00.647+0300] {processor.py:830} INFO - Processing file /media/data/omar/programming course/DEPI/DEPI project/anomx/venv/lib/python3.12/site-packages/airflow/example_dags/tutorial_taskflow_api.py for tasks to queue
[2026-06-21T22:24:00.651+0300] {logging_mixin.py:188} INFO - [2026-06-21T22:24:00.650+0300] {dagbag.py:540} INFO - Filling up the DagBag from /media/data/omar/programming course/DEPI/DEPI project/anomx/venv/lib/python3.12/site-packages/airflow/example_dags/tutorial_taskflow_api.py
[2026-06-21T22:24:00.662+0300] {processor.py:840} INFO - DAG(s) 'tutorial_taskflow_api' retrieved from /media/data/omar/programming course/DEPI/DEPI project/anomx/venv/lib/python3.12/site-packages/airflow/example_dags/tutorial_taskflow_api.py
[2026-06-21T22:24:00.677+0300] {logging_mixin.py:188} INFO - [2026-06-21T22:24:00.676+0300] {dag.py:3096} INFO - Sync 1 DAGs
[2026-06-21T22:24:00.686+0300] {logging_mixin.py:188} INFO - [2026-06-21T22:24:00.685+0300] {dag.py:3954} INFO - Setting next_dagrun for tutorial_taskflow_api to None, run_after=None
[2026-06-21T22:24:00.713+0300] {processor.py:183} INFO - Processing /media/data/omar/programming course/DEPI/DEPI project/anomx/venv/lib/python3.12/site-packages/airflow/example_dags/tutorial_taskflow_api.py took 0.087 seconds
[2026-06-21T22:47:49.806+0300] {processor.py:161} INFO - Started process (PID=22113) to work on /media/data/omar/programming course/DEPI/DEPI project/anomx/venv/lib/python3.12/site-packages/airflow/example_dags/tutorial_taskflow_api.py
[2026-06-21T22:47:49.808+0300] {processor.py:830} INFO - Processing file /media/data/omar/programming course/DEPI/DEPI project/anomx/venv/lib/python3.12/site-packages/airflow/example_dags/tutorial_taskflow_api.py for tasks to queue
[2026-06-21T22:47:49.812+0300] {logging_mixin.py:188} INFO - [2026-06-21T22:47:49.811+0300] {dagbag.py:540} INFO - Filling up the DagBag from /media/data/omar/programming course/DEPI/DEPI project/anomx/venv/lib/python3.12/site-packages/airflow/example_dags/tutorial_taskflow_api.py
[2026-06-21T22:47:49.837+0300] {processor.py:840} INFO - DAG(s) 'tutorial_taskflow_api' retrieved from /media/data/omar/programming course/DEPI/DEPI project/anomx/venv/lib/python3.12/site-packages/airflow/example_dags/tutorial_taskflow_api.py
[2026-06-21T22:47:49.867+0300] {logging_mixin.py:188} INFO - [2026-06-21T22:47:49.867+0300] {dag.py:3096} INFO - Sync 1 DAGs
[2026-06-21T22:47:49.877+0300] {logging_mixin.py:188} INFO - [2026-06-21T22:47:49.876+0300] {dag.py:3118} INFO - Creating ORM DAG for tutorial_taskflow_api
[2026-06-21T22:47:49.877+0300] {logging_mixin.py:188} INFO - [2026-06-21T22:47:49.877+0300] {dag.py:3954} INFO - Setting next_dagrun for tutorial_taskflow_api to None, run_after=None
[2026-06-21T22:47:49.908+0300] {processor.py:183} INFO - Processing /media/data/omar/programming course/DEPI/DEPI project/anomx/venv/lib/python3.12/site-packages/airflow/example_dags/tutorial_taskflow_api.py took 0.116 seconds
[2026-06-21T22:48:48.385+0300] {processor.py:161} INFO - Started process (PID=22204) to work on /media/data/omar/programming course/DEPI/DEPI project/anomx/venv/lib/python3.12/site-packages/airflow/example_dags/tutorial_taskflow_api.py
[2026-06-21T22:48:48.387+0300] {processor.py:830} INFO - Processing file /media/data/omar/programming course/DEPI/DEPI project/anomx/venv/lib/python3.12/site-packages/airflow/example_dags/tutorial_taskflow_api.py for tasks to queue
[2026-06-21T22:48:48.391+0300] {logging_mixin.py:188} INFO - [2026-06-21T22:48:48.390+0300] {dagbag.py:540} INFO - Filling up the DagBag from /media/data/omar/programming course/DEPI/DEPI project/anomx/venv/lib/python3.12/site-packages/airflow/example_dags/tutorial_taskflow_api.py
[2026-06-21T22:48:48.402+0300] {processor.py:840} INFO - DAG(s) 'tutorial_taskflow_api' retrieved from /media/data/omar/programming course/DEPI/DEPI project/anomx/venv/lib/python3.12/site-packages/airflow/example_dags/tutorial_taskflow_api.py
[2026-06-21T22:48:48.419+0300] {logging_mixin.py:188} INFO - [2026-06-21T22:48:48.418+0300] {dag.py:3096} INFO - Sync 1 DAGs
[2026-06-21T22:48:48.429+0300] {logging_mixin.py:188} INFO - [2026-06-21T22:48:48.429+0300] {dag.py:3954} INFO - Setting next_dagrun for tutorial_taskflow_api to None, run_after=None
[2026-06-21T22:48:48.459+0300] {processor.py:183} INFO - Processing /media/data/omar/programming course/DEPI/DEPI project/anomx/venv/lib/python3.12/site-packages/airflow/example_dags/tutorial_taskflow_api.py took 0.089 seconds
[2026-06-21T22:49:45.312+0300] {processor.py:161} INFO - Started process (PID=22296) to work on /media/data/omar/programming course/DEPI/DEPI project/anomx/venv/lib/python3.12/site-packages/airflow/example_dags/tutorial_taskflow_api.py
[2026-06-21T22:49:45.314+0300] {processor.py:830} INFO - Processing file /media/data/omar/programming course/DEPI/DEPI project/anomx/venv/lib/python3.12/site-packages/airflow/example_dags/tutorial_taskflow_api.py for tasks to queue
[2026-06-21T22:49:45.317+0300] {logging_mixin.py:188} INFO - [2026-06-21T22:49:45.316+0300] {dagbag.py:540} INFO - Filling up the DagBag from /media/data/omar/programming course/DEPI/DEPI project/anomx/venv/lib/python3.12/site-packages/airflow/example_dags/tutorial_taskflow_api.py
[2026-06-21T22:49:45.331+0300] {processor.py:840} INFO - DAG(s) 'tutorial_taskflow_api' retrieved from /media/data/omar/programming course/DEPI/DEPI project/anomx/venv/lib/python3.12/site-packages/airflow/example_dags/tutorial_taskflow_api.py
[2026-06-21T22:49:45.352+0300] {logging_mixin.py:188} INFO - [2026-06-21T22:49:45.352+0300] {dag.py:3096} INFO - Sync 1 DAGs
[2026-06-21T22:49:45.363+0300] {logging_mixin.py:188} INFO - [2026-06-21T22:49:45.362+0300] {dag.py:3954} INFO - Setting next_dagrun for tutorial_taskflow_api to None, run_after=None
[2026-06-21T22:49:45.392+0300] {processor.py:183} INFO - Processing /media/data/omar/programming course/DEPI/DEPI project/anomx/venv/lib/python3.12/site-packages/airflow/example_dags/tutorial_taskflow_api.py took 0.091 seconds
[2026-06-21T22:50:41.190+0300] {processor.py:161} INFO - Started process (PID=22450) to work on /media/data/omar/programming course/DEPI/DEPI project/anomx/venv/lib/python3.12/site-packages/airflow/example_dags/tutorial_taskflow_api.py
[2026-06-21T22:50:41.191+0300] {processor.py:830} INFO - Processing file /media/data/omar/programming course/DEPI/DEPI project/anomx/venv/lib/python3.12/site-packages/airflow/example_dags/tutorial_taskflow_api.py for tasks to queue
[2026-06-21T22:50:41.194+0300] {logging_mixin.py:188} INFO - [2026-06-21T22:50:41.193+0300] {dagbag.py:540} INFO - Filling up the DagBag from /media/data/omar/programming course/DEPI/DEPI project/anomx/venv/lib/python3.12/site-packages/airflow/example_dags/tutorial_taskflow_api.py
[2026-06-21T22:50:41.207+0300] {processor.py:840} INFO - DAG(s) 'tutorial_taskflow_api' retrieved from /media/data/omar/programming course/DEPI/DEPI project/anomx/venv/lib/python3.12/site-packages/airflow/example_dags/tutorial_taskflow_api.py
[2026-06-21T22:50:41.234+0300] {logging_mixin.py:188} INFO - [2026-06-21T22:50:41.233+0300] {dag.py:3096} INFO - Sync 1 DAGs
[2026-06-21T22:50:41.251+0300] {logging_mixin.py:188} INFO - [2026-06-21T22:50:41.251+0300] {dag.py:3954} INFO - Setting next_dagrun for tutorial_taskflow_api to None, run_after=None
[2026-06-21T22:50:41.293+0300] {processor.py:183} INFO - Processing /media/data/omar/programming course/DEPI/DEPI project/anomx/venv/lib/python3.12/site-packages/airflow/example_dags/tutorial_taskflow_api.py took 0.113 seconds
