[2026-06-21T22:23:25.904+0000] {local_task_job_runner.py:123} INFO - ::group::Pre task execution logs
[2026-06-21T22:23:25.927+0000] {taskinstance.py:2614} INFO - Dependencies all met for dep_context=non-requeueable deps ti=<TaskInstance: anomx_first_kafka_pipeline.check_kafka manual__2026-06-21T22:23:23.845967+00:00 [queued]>
[2026-06-21T22:23:26.060+0000] {taskinstance.py:2614} INFO - Dependencies all met for dep_context=requeueable deps ti=<TaskInstance: anomx_first_kafka_pipeline.check_kafka manual__2026-06-21T22:23:23.845967+00:00 [queued]>
[2026-06-21T22:23:26.061+0000] {taskinstance.py:2867} INFO - Starting attempt 1 of 1
[2026-06-21T22:23:26.070+0000] {taskinstance.py:2890} INFO - Executing <Task(PythonOperator): check_kafka> on 2026-06-21 22:23:23.845967+00:00
[2026-06-21T22:23:26.086+0000] {standard_task_runner.py:104} INFO - Running: ['***', 'tasks', 'run', 'anomx_first_kafka_pipeline', 'check_kafka', 'manual__2026-06-21T22:23:23.845967+00:00', '--job-id', '5', '--raw', '--subdir', 'DAGS_FOLDER/anomx_first_pipeline.py', '--cfg-path', '/tmp/tmpyli9c_3j']
[2026-06-21T22:23:26.089+0000] {logging_mixin.py:190} WARNING - /home/***/.local/lib/python3.12/site-packages/***/task/task_runner/standard_task_runner.py:70 DeprecationWarning: This process (pid=947) is multi-threaded, use of fork() may lead to deadlocks in the child.
[2026-06-21T22:23:26.089+0000] {standard_task_runner.py:105} INFO - Job 5: Subtask check_kafka
[2026-06-21T22:23:26.089+0000] {standard_task_runner.py:72} INFO - Started process 948 to run task
[2026-06-21T22:23:26.133+0000] {task_command.py:467} INFO - Running <TaskInstance: anomx_first_kafka_pipeline.check_kafka manual__2026-06-21T22:23:23.845967+00:00 [running]> on host 05254a7375e1
[2026-06-21T22:23:26.186+0000] {taskinstance.py:3134} INFO - Exporting env vars: AIRFLOW_CTX_DAG_OWNER='anomx-phase3' AIRFLOW_CTX_DAG_ID='anomx_first_kafka_pipeline' AIRFLOW_CTX_TASK_ID='check_kafka' AIRFLOW_CTX_EXECUTION_DATE='2026-06-21T22:23:23.845967+00:00' AIRFLOW_CTX_TRY_NUMBER='1' AIRFLOW_CTX_DAG_RUN_ID='manual__2026-06-21T22:23:23.845967+00:00'
[2026-06-21T22:23:26.187+0000] {taskinstance.py:732} INFO - ::endgroup::
[2026-06-21T22:23:26.198+0000] {logging_mixin.py:190} INFO - Checking Kafka TCP connection: host.docker.internal:9092
[2026-06-21T22:23:26.204+0000] {logging_mixin.py:190} INFO - Kafka TCP check passed.
[2026-06-21T22:23:26.204+0000] {logging_mixin.py:190} INFO - Checking Kafka client bootstrap: host.docker.internal:9092
[2026-06-21T22:23:26.206+0000] {manager.py:78} WARNING - socks5_proxy is deprecated, use proxy_url instead
[2026-06-21T22:23:26.207+0000] {selector.py:219} INFO - IO loop starting (client_id=anomx_***_phase3_check)
[2026-06-21T22:23:26.221+0000] {connection.py:403} INFO - <KafkaConnection node_id=bootstrap-0 host=[192.168.65.254:9092<-55688] broker_version=unknown (initializing)>: Broker version identified as 3.4
[2026-06-21T22:23:26.222+0000] {cluster.py:171} INFO - Metadata refresh (node_id=bootstrap-0)
[2026-06-21T22:23:26.228+0000] {cluster.py:640} INFO - Updated metadata: ClusterMetadata(brokers: 1, topics: 0, coordinators: 0)
[2026-06-21T22:23:26.229+0000] {manager.py:158} INFO - Bootstrap complete: ClusterMetadata(brokers: 1, topics: 0, coordinators: 0)
[2026-06-21T22:23:26.229+0000] {transport.py:46} INFO - <KafkaTCPTransport [192.168.65.254:9092<-55688]>: Closing transport
[2026-06-21T22:23:26.230+0000] {cluster.py:120} INFO - Starting metadata refresh loop
[2026-06-21T22:23:26.232+0000] {manager.py:247} ERROR - Connection failed: KafkaConnectionError: 111 ECONNREFUSED
[2026-06-21T22:23:26.233+0000] {taskinstance.py:3313} ERROR - Task failed with exception
Traceback (most recent call last):
  File "/opt/airflow/dags/anomx_first_pipeline.py", line 64, in check_kafka
    topics = admin_client.list_topics()
             ^^^^^^^^^^^^^^^^^^^^^^^^^^
  File "/home/airflow/.local/lib/python3.12/site-packages/kafka/admin/_topics.py", line 35, in list_topics
    metadata = self._manager.run(self._get_cluster_metadata, None)
               ^^^^^^^^^^^^^^^^^^^^^^^^^^^^^^^^^^^^^^^^^^^^^^^^^^^
  File "/home/airflow/.local/lib/python3.12/site-packages/kafka/net/manager.py", line 451, in run
    return self._net.run(coro, *args)
           ^^^^^^^^^^^^^^^^^^^^^^^^^^
  File "/home/airflow/.local/lib/python3.12/site-packages/kafka/net/selector.py", line 311, in run
    raise state['exception']  # pylint: disable=E0702
    ^^^^^^^^^^^^^^^^^^^^^^^^
  File "/home/airflow/.local/lib/python3.12/site-packages/kafka/net/selector.py", line 299, in waiter
    state['value'] = await self._invoke(coro, *args)
                     ^^^^^^^^^^^^^^^^^^^^^^^^^^^^^^^
  File "/home/airflow/.local/lib/python3.12/site-packages/kafka/net/selector.py", line 370, in _invoke
    result = await coro(*args)
             ^^^^^^^^^^^^^^^^^
  File "/home/airflow/.local/lib/python3.12/site-packages/kafka/admin/_cluster.py", line 53, in _get_cluster_metadata
    response = await self._manager.send(request)
               ^^^^^^^^^^^^^^^^^^^^^^^^^^^^^^^^^
  File "/home/airflow/.local/lib/python3.12/site-packages/kafka/future.py", line 165, in __await__
    raise self.exception
  File "/home/airflow/.local/lib/python3.12/site-packages/kafka/net/manager.py", line 243, in _connect
    transport = await self._build_transport(node, timeout_at=timeout_at)
                ^^^^^^^^^^^^^^^^^^^^^^^^^^^^^^^^^^^^^^^^^^^^^^^^^^^^^^^^
  File "/home/airflow/.local/lib/python3.12/site-packages/kafka/net/manager.py", line 224, in _build_transport
    sock = await create_connection(self._net, node.host, node.port,
           ^^^^^^^^^^^^^^^^^^^^^^^^^^^^^^^^^^^^^^^^^^^^^^^^^^^^^^^^
  File "/home/airflow/.local/lib/python3.12/site-packages/kafka/net/inet.py", line 32, in create_connection
    raise exceptions[-1]
  File "/home/airflow/.local/lib/python3.12/site-packages/kafka/net/inet.py", line 21, in create_connection
    sock = await socket_factory.connect(net, res, socket_options, timeout_at=timeout_at)
           ^^^^^^^^^^^^^^^^^^^^^^^^^^^^^^^^^^^^^^^^^^^^^^^^^^^^^^^^^^^^^^^^^^^^^^^^^^^^^
  File "/home/airflow/.local/lib/python3.12/site-packages/kafka/net/inet.py", line 92, in connect
    return await self.sock_connect(net, sock, sockaddr, timeout_at=timeout_at)
           ^^^^^^^^^^^^^^^^^^^^^^^^^^^^^^^^^^^^^^^^^^^^^^^^^^^^^^^^^^^^^^^^^^^
  File "/home/airflow/.local/lib/python3.12/site-packages/kafka/net/inet.py", line 117, in sock_connect
    raise Errors.KafkaConnectionError('{} {}'.format(ret, errstr))
kafka.errors.KafkaConnectionError: KafkaConnectionError: 111 ECONNREFUSED

The above exception was the direct cause of the following exception:

Traceback (most recent call last):
  File "/home/airflow/.local/lib/python3.12/site-packages/airflow/models/taskinstance.py", line 768, in _execute_task
    result = _execute_callable(context=context, **execute_callable_kwargs)
             ^^^^^^^^^^^^^^^^^^^^^^^^^^^^^^^^^^^^^^^^^^^^^^^^^^^^^^^^^^^^^
  File "/home/airflow/.local/lib/python3.12/site-packages/airflow/models/taskinstance.py", line 734, in _execute_callable
    return ExecutionCallableRunner(
           ^^^^^^^^^^^^^^^^^^^^^^^^
  File "/home/airflow/.local/lib/python3.12/site-packages/airflow/utils/operator_helpers.py", line 252, in run
    return self.func(*args, **kwargs)
           ^^^^^^^^^^^^^^^^^^^^^^^^^^
  File "/home/airflow/.local/lib/python3.12/site-packages/airflow/models/baseoperator.py", line 424, in wrapper
    return func(self, *args, **kwargs)
           ^^^^^^^^^^^^^^^^^^^^^^^^^^^
  File "/home/airflow/.local/lib/python3.12/site-packages/airflow/operators/python.py", line 238, in execute
    return_value = self.execute_callable()
                   ^^^^^^^^^^^^^^^^^^^^^^^
  File "/home/airflow/.local/lib/python3.12/site-packages/airflow/operators/python.py", line 256, in execute_callable
    return runner.run(*self.op_args, **self.op_kwargs)
           ^^^^^^^^^^^^^^^^^^^^^^^^^^^^^^^^^^^^^^^^^^^
  File "/home/airflow/.local/lib/python3.12/site-packages/airflow/utils/operator_helpers.py", line 252, in run
    return self.func(*args, **kwargs)
           ^^^^^^^^^^^^^^^^^^^^^^^^^^
  File "/opt/airflow/dags/anomx_first_pipeline.py", line 71, in check_kafka
    raise AirflowFailException(
airflow.exceptions.AirflowFailException: Kafka client check failed using host.docker.internal:9092. Error: KafkaConnectionError: 111 ECONNREFUSED
[2026-06-21T22:23:26.247+0000] {taskinstance.py:1226} INFO - Immediate failure requested. Marking task as FAILED. dag_id=anomx_first_kafka_pipeline, task_id=check_kafka, run_id=manual__2026-06-21T22:23:23.845967+00:00, execution_date=20260621T222323, start_date=20260621T222325, end_date=20260621T222326
[2026-06-21T22:23:26.267+0000] {taskinstance.py:341} INFO - ::group::Post task execution logs
[2026-06-21T22:23:26.268+0000] {standard_task_runner.py:124} ERROR - Failed to execute job 5 for task check_kafka (Kafka client check failed using host.docker.internal:9092. Error: KafkaConnectionError: 111 ECONNREFUSED; 948)
Traceback (most recent call last):
  File "/opt/airflow/dags/anomx_first_pipeline.py", line 64, in check_kafka
    topics = admin_client.list_topics()
             ^^^^^^^^^^^^^^^^^^^^^^^^^^
  File "/home/airflow/.local/lib/python3.12/site-packages/kafka/admin/_topics.py", line 35, in list_topics
    metadata = self._manager.run(self._get_cluster_metadata, None)
               ^^^^^^^^^^^^^^^^^^^^^^^^^^^^^^^^^^^^^^^^^^^^^^^^^^^
  File "/home/airflow/.local/lib/python3.12/site-packages/kafka/net/manager.py", line 451, in run
    return self._net.run(coro, *args)
           ^^^^^^^^^^^^^^^^^^^^^^^^^^
  File "/home/airflow/.local/lib/python3.12/site-packages/kafka/net/selector.py", line 311, in run
    raise state['exception']  # pylint: disable=E0702
    ^^^^^^^^^^^^^^^^^^^^^^^^
  File "/home/airflow/.local/lib/python3.12/site-packages/kafka/net/selector.py", line 299, in waiter
    state['value'] = await self._invoke(coro, *args)
                     ^^^^^^^^^^^^^^^^^^^^^^^^^^^^^^^
  File "/home/airflow/.local/lib/python3.12/site-packages/kafka/net/selector.py", line 370, in _invoke
    result = await coro(*args)
             ^^^^^^^^^^^^^^^^^
  File "/home/airflow/.local/lib/python3.12/site-packages/kafka/admin/_cluster.py", line 53, in _get_cluster_metadata
    response = await self._manager.send(request)
               ^^^^^^^^^^^^^^^^^^^^^^^^^^^^^^^^^
  File "/home/airflow/.local/lib/python3.12/site-packages/kafka/future.py", line 165, in __await__
    raise self.exception
  File "/home/airflow/.local/lib/python3.12/site-packages/kafka/net/manager.py", line 243, in _connect
    transport = await self._build_transport(node, timeout_at=timeout_at)
                ^^^^^^^^^^^^^^^^^^^^^^^^^^^^^^^^^^^^^^^^^^^^^^^^^^^^^^^^
  File "/home/airflow/.local/lib/python3.12/site-packages/kafka/net/manager.py", line 224, in _build_transport
    sock = await create_connection(self._net, node.host, node.port,
           ^^^^^^^^^^^^^^^^^^^^^^^^^^^^^^^^^^^^^^^^^^^^^^^^^^^^^^^^
  File "/home/airflow/.local/lib/python3.12/site-packages/kafka/net/inet.py", line 32, in create_connection
    raise exceptions[-1]
  File "/home/airflow/.local/lib/python3.12/site-packages/kafka/net/inet.py", line 21, in create_connection
    sock = await socket_factory.connect(net, res, socket_options, timeout_at=timeout_at)
           ^^^^^^^^^^^^^^^^^^^^^^^^^^^^^^^^^^^^^^^^^^^^^^^^^^^^^^^^^^^^^^^^^^^^^^^^^^^^^
  File "/home/airflow/.local/lib/python3.12/site-packages/kafka/net/inet.py", line 92, in connect
    return await self.sock_connect(net, sock, sockaddr, timeout_at=timeout_at)
           ^^^^^^^^^^^^^^^^^^^^^^^^^^^^^^^^^^^^^^^^^^^^^^^^^^^^^^^^^^^^^^^^^^^
  File "/home/airflow/.local/lib/python3.12/site-packages/kafka/net/inet.py", line 117, in sock_connect
    raise Errors.KafkaConnectionError('{} {}'.format(ret, errstr))
kafka.errors.KafkaConnectionError: KafkaConnectionError: 111 ECONNREFUSED

The above exception was the direct cause of the following exception:

Traceback (most recent call last):
  File "/home/airflow/.local/lib/python3.12/site-packages/airflow/task/task_runner/standard_task_runner.py", line 117, in _start_by_fork
    ret = args.func(args, dag=self.dag)
          ^^^^^^^^^^^^^^^^^^^^^^^^^^^^^
  File "/home/airflow/.local/lib/python3.12/site-packages/airflow/cli/cli_config.py", line 49, in command
    return func(*args, **kwargs)
           ^^^^^^^^^^^^^^^^^^^^^
  File "/home/airflow/.local/lib/python3.12/site-packages/airflow/utils/cli.py", line 116, in wrapper
    return f(*args, **kwargs)
           ^^^^^^^^^^^^^^^^^^
  File "/home/airflow/.local/lib/python3.12/site-packages/airflow/cli/commands/task_command.py", line 483, in task_run
    task_return_code = _run_task_by_selected_method(args, _dag, ti)
                       ^^^^^^^^^^^^^^^^^^^^^^^^^^^^^^^^^^^^^^^^^^^^
  File "/home/airflow/.local/lib/python3.12/site-packages/airflow/cli/commands/task_command.py", line 256, in _run_task_by_selected_method
    return _run_raw_task(args, ti)
           ^^^^^^^^^^^^^^^^^^^^^^^
  File "/home/airflow/.local/lib/python3.12/site-packages/airflow/cli/commands/task_command.py", line 341, in _run_raw_task
    return ti._run_raw_task(
           ^^^^^^^^^^^^^^^^^
  File "/home/airflow/.local/lib/python3.12/site-packages/airflow/utils/session.py", line 97, in wrapper
    return func(*args, session=session, **kwargs)
           ^^^^^^^^^^^^^^^^^^^^^^^^^^^^^^^^^^^^^^
  File "/home/airflow/.local/lib/python3.12/site-packages/airflow/models/taskinstance.py", line 3006, in _run_raw_task
    return _run_raw_task(
           ^^^^^^^^^^^^^^
  File "/home/airflow/.local/lib/python3.12/site-packages/airflow/models/taskinstance.py", line 274, in _run_raw_task
    TaskInstance._execute_task_with_callbacks(
  File "/home/airflow/.local/lib/python3.12/site-packages/airflow/models/taskinstance.py", line 3161, in _execute_task_with_callbacks
    result = self._execute_task(context, task_orig)
             ^^^^^^^^^^^^^^^^^^^^^^^^^^^^^^^^^^^^^^
  File "/home/airflow/.local/lib/python3.12/site-packages/airflow/models/taskinstance.py", line 3185, in _execute_task
    return _execute_task(self, context, task_orig)
           ^^^^^^^^^^^^^^^^^^^^^^^^^^^^^^^^^^^^^^^
  File "/home/airflow/.local/lib/python3.12/site-packages/airflow/models/taskinstance.py", line 768, in _execute_task
    result = _execute_callable(context=context, **execute_callable_kwargs)
             ^^^^^^^^^^^^^^^^^^^^^^^^^^^^^^^^^^^^^^^^^^^^^^^^^^^^^^^^^^^^^
  File "/home/airflow/.local/lib/python3.12/site-packages/airflow/models/taskinstance.py", line 734, in _execute_callable
    return ExecutionCallableRunner(
           ^^^^^^^^^^^^^^^^^^^^^^^^
  File "/home/airflow/.local/lib/python3.12/site-packages/airflow/utils/operator_helpers.py", line 252, in run
    return self.func(*args, **kwargs)
           ^^^^^^^^^^^^^^^^^^^^^^^^^^
  File "/home/airflow/.local/lib/python3.12/site-packages/airflow/models/baseoperator.py", line 424, in wrapper
    return func(self, *args, **kwargs)
           ^^^^^^^^^^^^^^^^^^^^^^^^^^^
  File "/home/airflow/.local/lib/python3.12/site-packages/airflow/operators/python.py", line 238, in execute
    return_value = self.execute_callable()
                   ^^^^^^^^^^^^^^^^^^^^^^^
  File "/home/airflow/.local/lib/python3.12/site-packages/airflow/operators/python.py", line 256, in execute_callable
    return runner.run(*self.op_args, **self.op_kwargs)
           ^^^^^^^^^^^^^^^^^^^^^^^^^^^^^^^^^^^^^^^^^^^
  File "/home/airflow/.local/lib/python3.12/site-packages/airflow/utils/operator_helpers.py", line 252, in run
    return self.func(*args, **kwargs)
           ^^^^^^^^^^^^^^^^^^^^^^^^^^
  File "/opt/airflow/dags/anomx_first_pipeline.py", line 71, in check_kafka
    raise AirflowFailException(
airflow.exceptions.AirflowFailException: Kafka client check failed using host.docker.internal:9092. Error: KafkaConnectionError: 111 ECONNREFUSED
[2026-06-21T22:23:26.304+0000] {local_task_job_runner.py:266} INFO - Task exited with return code 1
[2026-06-21T22:23:26.319+0000] {taskinstance.py:3901} INFO - 0 downstream tasks scheduled from follow-on schedule check
[2026-06-21T22:23:26.322+0000] {local_task_job_runner.py:245} INFO - ::endgroup::
