[2026-06-21T21:38:34.466+0300] {processor.py:161} INFO - Started process (PID=15065) to work on /media/data/omar/programming course/DEPI/DEPI project/anomx/venv/lib/python3.12/site-packages/airflow/example_dags/subdags/subdag.py
[2026-06-21T21:38:34.468+0300] {processor.py:830} INFO - Processing file /media/data/omar/programming course/DEPI/DEPI project/anomx/venv/lib/python3.12/site-packages/airflow/example_dags/subdags/subdag.py for tasks to queue
[2026-06-21T21:38:34.477+0300] {logging_mixin.py:188} INFO - [2026-06-21T21:38:34.476+0300] {dagbag.py:540} INFO - Filling up the DagBag from /media/data/omar/programming course/DEPI/DEPI project/anomx/venv/lib/python3.12/site-packages/airflow/example_dags/subdags/subdag.py
[2026-06-21T21:38:34.481+0300] {processor.py:842} WARNING - No viable dags retrieved from /media/data/omar/programming course/DEPI/DEPI project/anomx/venv/lib/python3.12/site-packages/airflow/example_dags/subdags/subdag.py
[2026-06-21T21:38:34.492+0300] {processor.py:183} INFO - Processing /media/data/omar/programming course/DEPI/DEPI project/anomx/venv/lib/python3.12/site-packages/airflow/example_dags/subdags/subdag.py took 0.043 seconds
[2026-06-21T21:39:43.763+0300] {processor.py:161} INFO - Started process (PID=15159) to work on /media/data/omar/programming course/DEPI/DEPI project/anomx/venv/lib/python3.12/site-packages/airflow/example_dags/subdags/subdag.py
[2026-06-21T21:39:43.764+0300] {processor.py:830} INFO - Processing file /media/data/omar/programming course/DEPI/DEPI project/anomx/venv/lib/python3.12/site-packages/airflow/example_dags/subdags/subdag.py for tasks to queue
[2026-06-21T21:39:43.767+0300] {logging_mixin.py:188} INFO - [2026-06-21T21:39:43.766+0300] {dagbag.py:540} INFO - Filling up the DagBag from /media/data/omar/programming course/DEPI/DEPI project/anomx/venv/lib/python3.12/site-packages/airflow/example_dags/subdags/subdag.py
[2026-06-21T21:39:43.772+0300] {processor.py:842} WARNING - No viable dags retrieved from /media/data/omar/programming course/DEPI/DEPI project/anomx/venv/lib/python3.12/site-packages/airflow/example_dags/subdags/subdag.py
[2026-06-21T21:39:43.785+0300] {processor.py:183} INFO - Processing /media/data/omar/programming course/DEPI/DEPI project/anomx/venv/lib/python3.12/site-packages/airflow/example_dags/subdags/subdag.py took 0.032 seconds
[2026-06-21T21:40:17.790+0300] {processor.py:161} INFO - Started process (PID=15218) to work on /media/data/omar/programming course/DEPI/DEPI project/anomx/venv/lib/python3.12/site-packages/airflow/example_dags/subdags/subdag.py
[2026-06-21T21:40:17.791+0300] {processor.py:830} INFO - Processing file /media/data/omar/programming course/DEPI/DEPI project/anomx/venv/lib/python3.12/site-packages/airflow/example_dags/subdags/subdag.py for tasks to queue
[2026-06-21T21:40:17.792+0300] {logging_mixin.py:188} INFO - [2026-06-21T21:40:17.792+0300] {dagbag.py:540} INFO - Filling up the DagBag from /media/data/omar/programming course/DEPI/DEPI project/anomx/venv/lib/python3.12/site-packages/airflow/example_dags/subdags/subdag.py
[2026-06-21T21:40:17.795+0300] {processor.py:842} WARNING - No viable dags retrieved from /media/data/omar/programming course/DEPI/DEPI project/anomx/venv/lib/python3.12/site-packages/airflow/example_dags/subdags/subdag.py
[2026-06-21T21:40:17.808+0300] {processor.py:183} INFO - Processing /media/data/omar/programming course/DEPI/DEPI project/anomx/venv/lib/python3.12/site-packages/airflow/example_dags/subdags/subdag.py took 0.024 seconds
[2026-06-21T21:41:17.280+0300] {processor.py:161} INFO - Started process (PID=15330) to work on /media/data/omar/programming course/DEPI/DEPI project/anomx/venv/lib/python3.12/site-packages/airflow/example_dags/subdags/subdag.py
[2026-06-21T21:41:17.283+0300] {processor.py:830} INFO - Processing file /media/data/omar/programming course/DEPI/DEPI project/anomx/venv/lib/python3.12/site-packages/airflow/example_dags/subdags/subdag.py for tasks to queue
[2026-06-21T21:41:17.288+0300] {logging_mixin.py:188} INFO - [2026-06-21T21:41:17.287+0300] {dagbag.py:540} INFO - Filling up the DagBag from /media/data/omar/programming course/DEPI/DEPI project/anomx/venv/lib/python3.12/site-packages/airflow/example_dags/subdags/subdag.py
[2026-06-21T21:41:17.295+0300] {processor.py:842} WARNING - No viable dags retrieved from /media/data/omar/programming course/DEPI/DEPI project/anomx/venv/lib/python3.12/site-packages/airflow/example_dags/subdags/subdag.py
[2026-06-21T21:41:17.308+0300] {processor.py:183} INFO - Processing /media/data/omar/programming course/DEPI/DEPI project/anomx/venv/lib/python3.12/site-packages/airflow/example_dags/subdags/subdag.py took 0.045 seconds
[2026-06-21T21:42:19.525+0300] {processor.py:161} INFO - Started process (PID=15453) to work on /media/data/omar/programming course/DEPI/DEPI project/anomx/venv/lib/python3.12/site-packages/airflow/example_dags/subdags/subdag.py
[2026-06-21T21:42:19.528+0300] {processor.py:830} INFO - Processing file /media/data/omar/programming course/DEPI/DEPI project/anomx/venv/lib/python3.12/site-packages/airflow/example_dags/subdags/subdag.py for tasks to queue
[2026-06-21T21:42:19.531+0300] {logging_mixin.py:188} INFO - [2026-06-21T21:42:19.530+0300] {dagbag.py:540} INFO - Filling up the DagBag from /media/data/omar/programming course/DEPI/DEPI project/anomx/venv/lib/python3.12/site-packages/airflow/example_dags/subdags/subdag.py
[2026-06-21T21:42:19.535+0300] {processor.py:842} WARNING - No viable dags retrieved from /media/data/omar/programming course/DEPI/DEPI project/anomx/venv/lib/python3.12/site-packages/airflow/example_dags/subdags/subdag.py
[2026-06-21T21:42:19.552+0300] {processor.py:183} INFO - Processing /media/data/omar/programming course/DEPI/DEPI project/anomx/venv/lib/python3.12/site-packages/airflow/example_dags/subdags/subdag.py took 0.048 seconds
[2026-06-21T21:42:54.873+0300] {processor.py:161} INFO - Started process (PID=15615) to work on /media/data/omar/programming course/DEPI/DEPI project/anomx/venv/lib/python3.12/site-packages/airflow/example_dags/subdags/subdag.py
[2026-06-21T21:42:54.874+0300] {processor.py:830} INFO - Processing file /media/data/omar/programming course/DEPI/DEPI project/anomx/venv/lib/python3.12/site-packages/airflow/example_dags/subdags/subdag.py for tasks to queue
[2026-06-21T21:42:54.877+0300] {logging_mixin.py:188} INFO - [2026-06-21T21:42:54.877+0300] {dagbag.py:540} INFO - Filling up the DagBag from /media/data/omar/programming course/DEPI/DEPI project/anomx/venv/lib/python3.12/site-packages/airflow/example_dags/subdags/subdag.py
[2026-06-21T21:42:54.882+0300] {processor.py:842} WARNING - No viable dags retrieved from /media/data/omar/programming course/DEPI/DEPI project/anomx/venv/lib/python3.12/site-packages/airflow/example_dags/subdags/subdag.py
[2026-06-21T21:42:54.905+0300] {processor.py:183} INFO - Processing /media/data/omar/programming course/DEPI/DEPI project/anomx/venv/lib/python3.12/site-packages/airflow/example_dags/subdags/subdag.py took 0.046 seconds
[2026-06-21T21:43:55.416+0300] {processor.py:161} INFO - Started process (PID=15728) to work on /media/data/omar/programming course/DEPI/DEPI project/anomx/venv/lib/python3.12/site-packages/airflow/example_dags/subdags/subdag.py
[2026-06-21T21:43:55.418+0300] {processor.py:830} INFO - Processing file /media/data/omar/programming course/DEPI/DEPI project/anomx/venv/lib/python3.12/site-packages/airflow/example_dags/subdags/subdag.py for tasks to queue
[2026-06-21T21:43:55.420+0300] {logging_mixin.py:188} INFO - [2026-06-21T21:43:55.419+0300] {dagbag.py:540} INFO - Filling up the DagBag from /media/data/omar/programming course/DEPI/DEPI project/anomx/venv/lib/python3.12/site-packages/airflow/example_dags/subdags/subdag.py
[2026-06-21T21:43:55.424+0300] {processor.py:842} WARNING - No viable dags retrieved from /media/data/omar/programming course/DEPI/DEPI project/anomx/venv/lib/python3.12/site-packages/airflow/example_dags/subdags/subdag.py
[2026-06-21T21:43:55.436+0300] {processor.py:183} INFO - Processing /media/data/omar/programming course/DEPI/DEPI project/anomx/venv/lib/python3.12/site-packages/airflow/example_dags/subdags/subdag.py took 0.031 seconds
[2026-06-21T21:45:58.113+0300] {processor.py:161} INFO - Started process (PID=15970) to work on /media/data/omar/programming course/DEPI/DEPI project/anomx/venv/lib/python3.12/site-packages/airflow/example_dags/subdags/subdag.py
[2026-06-21T21:45:58.114+0300] {processor.py:830} INFO - Processing file /media/data/omar/programming course/DEPI/DEPI project/anomx/venv/lib/python3.12/site-packages/airflow/example_dags/subdags/subdag.py for tasks to queue
[2026-06-21T21:45:58.117+0300] {logging_mixin.py:188} INFO - [2026-06-21T21:45:58.116+0300] {dagbag.py:540} INFO - Filling up the DagBag from /media/data/omar/programming course/DEPI/DEPI project/anomx/venv/lib/python3.12/site-packages/airflow/example_dags/subdags/subdag.py
[2026-06-21T21:45:58.121+0300] {processor.py:842} WARNING - No viable dags retrieved from /media/data/omar/programming course/DEPI/DEPI project/anomx/venv/lib/python3.12/site-packages/airflow/example_dags/subdags/subdag.py
[2026-06-21T21:45:58.135+0300] {processor.py:183} INFO - Processing /media/data/omar/programming course/DEPI/DEPI project/anomx/venv/lib/python3.12/site-packages/airflow/example_dags/subdags/subdag.py took 0.028 seconds
[2026-06-21T21:47:24.505+0300] {processor.py:161} INFO - Started process (PID=16135) to work on /media/data/omar/programming course/DEPI/DEPI project/anomx/venv/lib/python3.12/site-packages/airflow/example_dags/subdags/subdag.py
[2026-06-21T21:47:24.507+0300] {processor.py:830} INFO - Processing file /media/data/omar/programming course/DEPI/DEPI project/anomx/venv/lib/python3.12/site-packages/airflow/example_dags/subdags/subdag.py for tasks to queue
[2026-06-21T21:47:24.510+0300] {logging_mixin.py:188} INFO - [2026-06-21T21:47:24.509+0300] {dagbag.py:540} INFO - Filling up the DagBag from /media/data/omar/programming course/DEPI/DEPI project/anomx/venv/lib/python3.12/site-packages/airflow/example_dags/subdags/subdag.py
[2026-06-21T21:47:24.515+0300] {processor.py:842} WARNING - No viable dags retrieved from /media/data/omar/programming course/DEPI/DEPI project/anomx/venv/lib/python3.12/site-packages/airflow/example_dags/subdags/subdag.py
[2026-06-21T21:47:24.527+0300] {processor.py:183} INFO - Processing /media/data/omar/programming course/DEPI/DEPI project/anomx/venv/lib/python3.12/site-packages/airflow/example_dags/subdags/subdag.py took 0.039 seconds
[2026-06-21T21:48:25.675+0300] {processor.py:161} INFO - Started process (PID=16227) to work on /media/data/omar/programming course/DEPI/DEPI project/anomx/venv/lib/python3.12/site-packages/airflow/example_dags/subdags/subdag.py
[2026-06-21T21:48:25.676+0300] {processor.py:830} INFO - Processing file /media/data/omar/programming course/DEPI/DEPI project/anomx/venv/lib/python3.12/site-packages/airflow/example_dags/subdags/subdag.py for tasks to queue
[2026-06-21T21:48:25.679+0300] {logging_mixin.py:188} INFO - [2026-06-21T21:48:25.678+0300] {dagbag.py:540} INFO - Filling up the DagBag from /media/data/omar/programming course/DEPI/DEPI project/anomx/venv/lib/python3.12/site-packages/airflow/example_dags/subdags/subdag.py
[2026-06-21T21:48:25.684+0300] {processor.py:842} WARNING - No viable dags retrieved from /media/data/omar/programming course/DEPI/DEPI project/anomx/venv/lib/python3.12/site-packages/airflow/example_dags/subdags/subdag.py
[2026-06-21T21:48:25.695+0300] {processor.py:183} INFO - Processing /media/data/omar/programming course/DEPI/DEPI project/anomx/venv/lib/python3.12/site-packages/airflow/example_dags/subdags/subdag.py took 0.033 seconds
[2026-06-21T21:49:23.898+0300] {processor.py:161} INFO - Started process (PID=16320) to work on /media/data/omar/programming course/DEPI/DEPI project/anomx/venv/lib/python3.12/site-packages/airflow/example_dags/subdags/subdag.py
[2026-06-21T21:49:23.899+0300] {processor.py:830} INFO - Processing file /media/data/omar/programming course/DEPI/DEPI project/anomx/venv/lib/python3.12/site-packages/airflow/example_dags/subdags/subdag.py for tasks to queue
[2026-06-21T21:49:23.901+0300] {logging_mixin.py:188} INFO - [2026-06-21T21:49:23.900+0300] {dagbag.py:540} INFO - Filling up the DagBag from /media/data/omar/programming course/DEPI/DEPI project/anomx/venv/lib/python3.12/site-packages/airflow/example_dags/subdags/subdag.py
[2026-06-21T21:49:23.904+0300] {processor.py:842} WARNING - No viable dags retrieved from /media/data/omar/programming course/DEPI/DEPI project/anomx/venv/lib/python3.12/site-packages/airflow/example_dags/subdags/subdag.py
[2026-06-21T21:49:23.916+0300] {processor.py:183} INFO - Processing /media/data/omar/programming course/DEPI/DEPI project/anomx/venv/lib/python3.12/site-packages/airflow/example_dags/subdags/subdag.py took 0.027 seconds
[2026-06-21T21:50:16.176+0300] {processor.py:161} INFO - Started process (PID=16408) to work on /media/data/omar/programming course/DEPI/DEPI project/anomx/venv/lib/python3.12/site-packages/airflow/example_dags/subdags/subdag.py
[2026-06-21T21:50:16.177+0300] {processor.py:830} INFO - Processing file /media/data/omar/programming course/DEPI/DEPI project/anomx/venv/lib/python3.12/site-packages/airflow/example_dags/subdags/subdag.py for tasks to queue
[2026-06-21T21:50:16.179+0300] {logging_mixin.py:188} INFO - [2026-06-21T21:50:16.178+0300] {dagbag.py:540} INFO - Filling up the DagBag from /media/data/omar/programming course/DEPI/DEPI project/anomx/venv/lib/python3.12/site-packages/airflow/example_dags/subdags/subdag.py
[2026-06-21T21:50:16.182+0300] {processor.py:842} WARNING - No viable dags retrieved from /media/data/omar/programming course/DEPI/DEPI project/anomx/venv/lib/python3.12/site-packages/airflow/example_dags/subdags/subdag.py
[2026-06-21T21:50:16.194+0300] {processor.py:183} INFO - Processing /media/data/omar/programming course/DEPI/DEPI project/anomx/venv/lib/python3.12/site-packages/airflow/example_dags/subdags/subdag.py took 0.023 seconds
[2026-06-21T21:51:53.691+0300] {processor.py:161} INFO - Started process (PID=16579) to work on /media/data/omar/programming course/DEPI/DEPI project/anomx/venv/lib/python3.12/site-packages/airflow/example_dags/subdags/subdag.py
[2026-06-21T21:51:53.692+0300] {processor.py:830} INFO - Processing file /media/data/omar/programming course/DEPI/DEPI project/anomx/venv/lib/python3.12/site-packages/airflow/example_dags/subdags/subdag.py for tasks to queue
[2026-06-21T21:51:53.694+0300] {logging_mixin.py:188} INFO - [2026-06-21T21:51:53.693+0300] {dagbag.py:540} INFO - Filling up the DagBag from /media/data/omar/programming course/DEPI/DEPI project/anomx/venv/lib/python3.12/site-packages/airflow/example_dags/subdags/subdag.py
[2026-06-21T21:51:53.697+0300] {processor.py:842} WARNING - No viable dags retrieved from /media/data/omar/programming course/DEPI/DEPI project/anomx/venv/lib/python3.12/site-packages/airflow/example_dags/subdags/subdag.py
[2026-06-21T21:51:53.709+0300] {processor.py:183} INFO - Processing /media/data/omar/programming course/DEPI/DEPI project/anomx/venv/lib/python3.12/site-packages/airflow/example_dags/subdags/subdag.py took 0.026 seconds
[2026-06-21T21:52:43.419+0300] {processor.py:161} INFO - Started process (PID=16680) to work on /media/data/omar/programming course/DEPI/DEPI project/anomx/venv/lib/python3.12/site-packages/airflow/example_dags/subdags/subdag.py
[2026-06-21T21:52:43.420+0300] {processor.py:830} INFO - Processing file /media/data/omar/programming course/DEPI/DEPI project/anomx/venv/lib/python3.12/site-packages/airflow/example_dags/subdags/subdag.py for tasks to queue
[2026-06-21T21:52:43.422+0300] {logging_mixin.py:188} INFO - [2026-06-21T21:52:43.421+0300] {dagbag.py:540} INFO - Filling up the DagBag from /media/data/omar/programming course/DEPI/DEPI project/anomx/venv/lib/python3.12/site-packages/airflow/example_dags/subdags/subdag.py
[2026-06-21T21:52:43.426+0300] {processor.py:842} WARNING - No viable dags retrieved from /media/data/omar/programming course/DEPI/DEPI project/anomx/venv/lib/python3.12/site-packages/airflow/example_dags/subdags/subdag.py
[2026-06-21T21:52:43.438+0300] {processor.py:183} INFO - Processing /media/data/omar/programming course/DEPI/DEPI project/anomx/venv/lib/python3.12/site-packages/airflow/example_dags/subdags/subdag.py took 0.024 seconds
[2026-06-21T21:53:40.085+0300] {processor.py:161} INFO - Started process (PID=16770) to work on /media/data/omar/programming course/DEPI/DEPI project/anomx/venv/lib/python3.12/site-packages/airflow/example_dags/subdags/subdag.py
[2026-06-21T21:53:40.087+0300] {processor.py:830} INFO - Processing file /media/data/omar/programming course/DEPI/DEPI project/anomx/venv/lib/python3.12/site-packages/airflow/example_dags/subdags/subdag.py for tasks to queue
[2026-06-21T21:53:40.091+0300] {logging_mixin.py:188} INFO - [2026-06-21T21:53:40.090+0300] {dagbag.py:540} INFO - Filling up the DagBag from /media/data/omar/programming course/DEPI/DEPI project/anomx/venv/lib/python3.12/site-packages/airflow/example_dags/subdags/subdag.py
[2026-06-21T21:53:40.099+0300] {processor.py:842} WARNING - No viable dags retrieved from /media/data/omar/programming course/DEPI/DEPI project/anomx/venv/lib/python3.12/site-packages/airflow/example_dags/subdags/subdag.py
[2026-06-21T21:53:40.119+0300] {processor.py:183} INFO - Processing /media/data/omar/programming course/DEPI/DEPI project/anomx/venv/lib/python3.12/site-packages/airflow/example_dags/subdags/subdag.py took 0.048 seconds
[2026-06-21T21:54:36.536+0300] {processor.py:161} INFO - Started process (PID=16872) to work on /media/data/omar/programming course/DEPI/DEPI project/anomx/venv/lib/python3.12/site-packages/airflow/example_dags/subdags/subdag.py
[2026-06-21T21:54:36.538+0300] {processor.py:830} INFO - Processing file /media/data/omar/programming course/DEPI/DEPI project/anomx/venv/lib/python3.12/site-packages/airflow/example_dags/subdags/subdag.py for tasks to queue
[2026-06-21T21:54:36.540+0300] {logging_mixin.py:188} INFO - [2026-06-21T21:54:36.540+0300] {dagbag.py:540} INFO - Filling up the DagBag from /media/data/omar/programming course/DEPI/DEPI project/anomx/venv/lib/python3.12/site-packages/airflow/example_dags/subdags/subdag.py
[2026-06-21T21:54:36.545+0300] {processor.py:842} WARNING - No viable dags retrieved from /media/data/omar/programming course/DEPI/DEPI project/anomx/venv/lib/python3.12/site-packages/airflow/example_dags/subdags/subdag.py
[2026-06-21T21:54:36.555+0300] {processor.py:183} INFO - Processing /media/data/omar/programming course/DEPI/DEPI project/anomx/venv/lib/python3.12/site-packages/airflow/example_dags/subdags/subdag.py took 0.030 seconds
[2026-06-21T21:55:33.728+0300] {processor.py:161} INFO - Started process (PID=16966) to work on /media/data/omar/programming course/DEPI/DEPI project/anomx/venv/lib/python3.12/site-packages/airflow/example_dags/subdags/subdag.py
[2026-06-21T21:55:33.729+0300] {processor.py:830} INFO - Processing file /media/data/omar/programming course/DEPI/DEPI project/anomx/venv/lib/python3.12/site-packages/airflow/example_dags/subdags/subdag.py for tasks to queue
[2026-06-21T21:55:33.731+0300] {logging_mixin.py:188} INFO - [2026-06-21T21:55:33.730+0300] {dagbag.py:540} INFO - Filling up the DagBag from /media/data/omar/programming course/DEPI/DEPI project/anomx/venv/lib/python3.12/site-packages/airflow/example_dags/subdags/subdag.py
[2026-06-21T21:55:33.735+0300] {processor.py:842} WARNING - No viable dags retrieved from /media/data/omar/programming course/DEPI/DEPI project/anomx/venv/lib/python3.12/site-packages/airflow/example_dags/subdags/subdag.py
[2026-06-21T21:55:33.745+0300] {processor.py:183} INFO - Processing /media/data/omar/programming course/DEPI/DEPI project/anomx/venv/lib/python3.12/site-packages/airflow/example_dags/subdags/subdag.py took 0.023 seconds
[2026-06-21T21:56:25.635+0300] {processor.py:161} INFO - Started process (PID=17046) to work on /media/data/omar/programming course/DEPI/DEPI project/anomx/venv/lib/python3.12/site-packages/airflow/example_dags/subdags/subdag.py
[2026-06-21T21:56:25.636+0300] {processor.py:830} INFO - Processing file /media/data/omar/programming course/DEPI/DEPI project/anomx/venv/lib/python3.12/site-packages/airflow/example_dags/subdags/subdag.py for tasks to queue
[2026-06-21T21:56:25.637+0300] {logging_mixin.py:188} INFO - [2026-06-21T21:56:25.637+0300] {dagbag.py:540} INFO - Filling up the DagBag from /media/data/omar/programming course/DEPI/DEPI project/anomx/venv/lib/python3.12/site-packages/airflow/example_dags/subdags/subdag.py
[2026-06-21T21:56:25.640+0300] {processor.py:842} WARNING - No viable dags retrieved from /media/data/omar/programming course/DEPI/DEPI project/anomx/venv/lib/python3.12/site-packages/airflow/example_dags/subdags/subdag.py
[2026-06-21T21:56:25.650+0300] {processor.py:183} INFO - Processing /media/data/omar/programming course/DEPI/DEPI project/anomx/venv/lib/python3.12/site-packages/airflow/example_dags/subdags/subdag.py took 0.019 seconds
[2026-06-21T21:57:16.951+0300] {processor.py:161} INFO - Started process (PID=17140) to work on /media/data/omar/programming course/DEPI/DEPI project/anomx/venv/lib/python3.12/site-packages/airflow/example_dags/subdags/subdag.py
[2026-06-21T21:57:16.952+0300] {processor.py:830} INFO - Processing file /media/data/omar/programming course/DEPI/DEPI project/anomx/venv/lib/python3.12/site-packages/airflow/example_dags/subdags/subdag.py for tasks to queue
[2026-06-21T21:57:16.955+0300] {logging_mixin.py:188} INFO - [2026-06-21T21:57:16.954+0300] {dagbag.py:540} INFO - Filling up the DagBag from /media/data/omar/programming course/DEPI/DEPI project/anomx/venv/lib/python3.12/site-packages/airflow/example_dags/subdags/subdag.py
[2026-06-21T21:57:16.964+0300] {processor.py:842} WARNING - No viable dags retrieved from /media/data/omar/programming course/DEPI/DEPI project/anomx/venv/lib/python3.12/site-packages/airflow/example_dags/subdags/subdag.py
[2026-06-21T21:57:16.979+0300] {processor.py:183} INFO - Processing /media/data/omar/programming course/DEPI/DEPI project/anomx/venv/lib/python3.12/site-packages/airflow/example_dags/subdags/subdag.py took 0.038 seconds
[2026-06-21T21:58:12.389+0300] {processor.py:161} INFO - Started process (PID=17231) to work on /media/data/omar/programming course/DEPI/DEPI project/anomx/venv/lib/python3.12/site-packages/airflow/example_dags/subdags/subdag.py
[2026-06-21T21:58:12.390+0300] {processor.py:830} INFO - Processing file /media/data/omar/programming course/DEPI/DEPI project/anomx/venv/lib/python3.12/site-packages/airflow/example_dags/subdags/subdag.py for tasks to queue
[2026-06-21T21:58:12.393+0300] {logging_mixin.py:188} INFO - [2026-06-21T21:58:12.392+0300] {dagbag.py:540} INFO - Filling up the DagBag from /media/data/omar/programming course/DEPI/DEPI project/anomx/venv/lib/python3.12/site-packages/airflow/example_dags/subdags/subdag.py
[2026-06-21T21:58:12.398+0300] {processor.py:842} WARNING - No viable dags retrieved from /media/data/omar/programming course/DEPI/DEPI project/anomx/venv/lib/python3.12/site-packages/airflow/example_dags/subdags/subdag.py
[2026-06-21T21:58:12.409+0300] {processor.py:183} INFO - Processing /media/data/omar/programming course/DEPI/DEPI project/anomx/venv/lib/python3.12/site-packages/airflow/example_dags/subdags/subdag.py took 0.030 seconds
[2026-06-21T21:59:08.184+0300] {processor.py:161} INFO - Started process (PID=17310) to work on /media/data/omar/programming course/DEPI/DEPI project/anomx/venv/lib/python3.12/site-packages/airflow/example_dags/subdags/subdag.py
[2026-06-21T21:59:08.186+0300] {processor.py:830} INFO - Processing file /media/data/omar/programming course/DEPI/DEPI project/anomx/venv/lib/python3.12/site-packages/airflow/example_dags/subdags/subdag.py for tasks to queue
[2026-06-21T21:59:08.190+0300] {logging_mixin.py:188} INFO - [2026-06-21T21:59:08.189+0300] {dagbag.py:540} INFO - Filling up the DagBag from /media/data/omar/programming course/DEPI/DEPI project/anomx/venv/lib/python3.12/site-packages/airflow/example_dags/subdags/subdag.py
[2026-06-21T21:59:08.197+0300] {processor.py:842} WARNING - No viable dags retrieved from /media/data/omar/programming course/DEPI/DEPI project/anomx/venv/lib/python3.12/site-packages/airflow/example_dags/subdags/subdag.py
[2026-06-21T21:59:08.211+0300] {processor.py:183} INFO - Processing /media/data/omar/programming course/DEPI/DEPI project/anomx/venv/lib/python3.12/site-packages/airflow/example_dags/subdags/subdag.py took 0.041 seconds
[2026-06-21T22:00:04.063+0300] {processor.py:161} INFO - Started process (PID=17405) to work on /media/data/omar/programming course/DEPI/DEPI project/anomx/venv/lib/python3.12/site-packages/airflow/example_dags/subdags/subdag.py
[2026-06-21T22:00:04.064+0300] {processor.py:830} INFO - Processing file /media/data/omar/programming course/DEPI/DEPI project/anomx/venv/lib/python3.12/site-packages/airflow/example_dags/subdags/subdag.py for tasks to queue
[2026-06-21T22:00:04.067+0300] {logging_mixin.py:188} INFO - [2026-06-21T22:00:04.066+0300] {dagbag.py:540} INFO - Filling up the DagBag from /media/data/omar/programming course/DEPI/DEPI project/anomx/venv/lib/python3.12/site-packages/airflow/example_dags/subdags/subdag.py
[2026-06-21T22:00:04.070+0300] {processor.py:842} WARNING - No viable dags retrieved from /media/data/omar/programming course/DEPI/DEPI project/anomx/venv/lib/python3.12/site-packages/airflow/example_dags/subdags/subdag.py
[2026-06-21T22:00:04.082+0300] {processor.py:183} INFO - Processing /media/data/omar/programming course/DEPI/DEPI project/anomx/venv/lib/python3.12/site-packages/airflow/example_dags/subdags/subdag.py took 0.027 seconds
[2026-06-21T22:01:01.248+0300] {processor.py:161} INFO - Started process (PID=17499) to work on /media/data/omar/programming course/DEPI/DEPI project/anomx/venv/lib/python3.12/site-packages/airflow/example_dags/subdags/subdag.py
[2026-06-21T22:01:01.249+0300] {processor.py:830} INFO - Processing file /media/data/omar/programming course/DEPI/DEPI project/anomx/venv/lib/python3.12/site-packages/airflow/example_dags/subdags/subdag.py for tasks to queue
[2026-06-21T22:01:01.251+0300] {logging_mixin.py:188} INFO - [2026-06-21T22:01:01.250+0300] {dagbag.py:540} INFO - Filling up the DagBag from /media/data/omar/programming course/DEPI/DEPI project/anomx/venv/lib/python3.12/site-packages/airflow/example_dags/subdags/subdag.py
[2026-06-21T22:01:01.255+0300] {processor.py:842} WARNING - No viable dags retrieved from /media/data/omar/programming course/DEPI/DEPI project/anomx/venv/lib/python3.12/site-packages/airflow/example_dags/subdags/subdag.py
[2026-06-21T22:01:01.265+0300] {processor.py:183} INFO - Processing /media/data/omar/programming course/DEPI/DEPI project/anomx/venv/lib/python3.12/site-packages/airflow/example_dags/subdags/subdag.py took 0.026 seconds
[2026-06-21T22:02:00.333+0300] {processor.py:161} INFO - Started process (PID=17592) to work on /media/data/omar/programming course/DEPI/DEPI project/anomx/venv/lib/python3.12/site-packages/airflow/example_dags/subdags/subdag.py
[2026-06-21T22:02:00.334+0300] {processor.py:830} INFO - Processing file /media/data/omar/programming course/DEPI/DEPI project/anomx/venv/lib/python3.12/site-packages/airflow/example_dags/subdags/subdag.py for tasks to queue
[2026-06-21T22:02:00.336+0300] {logging_mixin.py:188} INFO - [2026-06-21T22:02:00.335+0300] {dagbag.py:540} INFO - Filling up the DagBag from /media/data/omar/programming course/DEPI/DEPI project/anomx/venv/lib/python3.12/site-packages/airflow/example_dags/subdags/subdag.py
[2026-06-21T22:02:00.339+0300] {processor.py:842} WARNING - No viable dags retrieved from /media/data/omar/programming course/DEPI/DEPI project/anomx/venv/lib/python3.12/site-packages/airflow/example_dags/subdags/subdag.py
[2026-06-21T22:02:00.349+0300] {processor.py:183} INFO - Processing /media/data/omar/programming course/DEPI/DEPI project/anomx/venv/lib/python3.12/site-packages/airflow/example_dags/subdags/subdag.py took 0.024 seconds
[2026-06-21T22:02:57.433+0300] {processor.py:161} INFO - Started process (PID=17738) to work on /media/data/omar/programming course/DEPI/DEPI project/anomx/venv/lib/python3.12/site-packages/airflow/example_dags/subdags/subdag.py
[2026-06-21T22:02:57.434+0300] {processor.py:830} INFO - Processing file /media/data/omar/programming course/DEPI/DEPI project/anomx/venv/lib/python3.12/site-packages/airflow/example_dags/subdags/subdag.py for tasks to queue
[2026-06-21T22:02:57.436+0300] {logging_mixin.py:188} INFO - [2026-06-21T22:02:57.436+0300] {dagbag.py:540} INFO - Filling up the DagBag from /media/data/omar/programming course/DEPI/DEPI project/anomx/venv/lib/python3.12/site-packages/airflow/example_dags/subdags/subdag.py
[2026-06-21T22:02:57.440+0300] {processor.py:842} WARNING - No viable dags retrieved from /media/data/omar/programming course/DEPI/DEPI project/anomx/venv/lib/python3.12/site-packages/airflow/example_dags/subdags/subdag.py
[2026-06-21T22:02:57.451+0300] {processor.py:183} INFO - Processing /media/data/omar/programming course/DEPI/DEPI project/anomx/venv/lib/python3.12/site-packages/airflow/example_dags/subdags/subdag.py took 0.025 seconds
[2026-06-21T22:03:54.302+0300] {processor.py:161} INFO - Started process (PID=17842) to work on /media/data/omar/programming course/DEPI/DEPI project/anomx/venv/lib/python3.12/site-packages/airflow/example_dags/subdags/subdag.py
[2026-06-21T22:03:54.304+0300] {processor.py:830} INFO - Processing file /media/data/omar/programming course/DEPI/DEPI project/anomx/venv/lib/python3.12/site-packages/airflow/example_dags/subdags/subdag.py for tasks to queue
[2026-06-21T22:03:54.307+0300] {logging_mixin.py:188} INFO - [2026-06-21T22:03:54.306+0300] {dagbag.py:540} INFO - Filling up the DagBag from /media/data/omar/programming course/DEPI/DEPI project/anomx/venv/lib/python3.12/site-packages/airflow/example_dags/subdags/subdag.py
[2026-06-21T22:03:54.314+0300] {processor.py:842} WARNING - No viable dags retrieved from /media/data/omar/programming course/DEPI/DEPI project/anomx/venv/lib/python3.12/site-packages/airflow/example_dags/subdags/subdag.py
[2026-06-21T22:03:54.332+0300] {processor.py:183} INFO - Processing /media/data/omar/programming course/DEPI/DEPI project/anomx/venv/lib/python3.12/site-packages/airflow/example_dags/subdags/subdag.py took 0.039 seconds
[2026-06-21T22:04:46.648+0300] {processor.py:161} INFO - Started process (PID=17917) to work on /media/data/omar/programming course/DEPI/DEPI project/anomx/venv/lib/python3.12/site-packages/airflow/example_dags/subdags/subdag.py
[2026-06-21T22:04:46.650+0300] {processor.py:830} INFO - Processing file /media/data/omar/programming course/DEPI/DEPI project/anomx/venv/lib/python3.12/site-packages/airflow/example_dags/subdags/subdag.py for tasks to queue
[2026-06-21T22:04:46.655+0300] {logging_mixin.py:188} INFO - [2026-06-21T22:04:46.653+0300] {dagbag.py:540} INFO - Filling up the DagBag from /media/data/omar/programming course/DEPI/DEPI project/anomx/venv/lib/python3.12/site-packages/airflow/example_dags/subdags/subdag.py
[2026-06-21T22:04:46.661+0300] {processor.py:842} WARNING - No viable dags retrieved from /media/data/omar/programming course/DEPI/DEPI project/anomx/venv/lib/python3.12/site-packages/airflow/example_dags/subdags/subdag.py
[2026-06-21T22:04:46.677+0300] {processor.py:183} INFO - Processing /media/data/omar/programming course/DEPI/DEPI project/anomx/venv/lib/python3.12/site-packages/airflow/example_dags/subdags/subdag.py took 0.041 seconds
[2026-06-21T22:05:43.004+0300] {processor.py:161} INFO - Started process (PID=18013) to work on /media/data/omar/programming course/DEPI/DEPI project/anomx/venv/lib/python3.12/site-packages/airflow/example_dags/subdags/subdag.py
[2026-06-21T22:05:43.005+0300] {processor.py:830} INFO - Processing file /media/data/omar/programming course/DEPI/DEPI project/anomx/venv/lib/python3.12/site-packages/airflow/example_dags/subdags/subdag.py for tasks to queue
[2026-06-21T22:05:43.008+0300] {logging_mixin.py:188} INFO - [2026-06-21T22:05:43.007+0300] {dagbag.py:540} INFO - Filling up the DagBag from /media/data/omar/programming course/DEPI/DEPI project/anomx/venv/lib/python3.12/site-packages/airflow/example_dags/subdags/subdag.py
[2026-06-21T22:05:43.012+0300] {processor.py:842} WARNING - No viable dags retrieved from /media/data/omar/programming course/DEPI/DEPI project/anomx/venv/lib/python3.12/site-packages/airflow/example_dags/subdags/subdag.py
[2026-06-21T22:05:43.023+0300] {processor.py:183} INFO - Processing /media/data/omar/programming course/DEPI/DEPI project/anomx/venv/lib/python3.12/site-packages/airflow/example_dags/subdags/subdag.py took 0.028 seconds
[2026-06-21T22:06:41.472+0300] {processor.py:161} INFO - Started process (PID=18103) to work on /media/data/omar/programming course/DEPI/DEPI project/anomx/venv/lib/python3.12/site-packages/airflow/example_dags/subdags/subdag.py
[2026-06-21T22:06:41.474+0300] {processor.py:830} INFO - Processing file /media/data/omar/programming course/DEPI/DEPI project/anomx/venv/lib/python3.12/site-packages/airflow/example_dags/subdags/subdag.py for tasks to queue
[2026-06-21T22:06:41.477+0300] {logging_mixin.py:188} INFO - [2026-06-21T22:06:41.476+0300] {dagbag.py:540} INFO - Filling up the DagBag from /media/data/omar/programming course/DEPI/DEPI project/anomx/venv/lib/python3.12/site-packages/airflow/example_dags/subdags/subdag.py
[2026-06-21T22:06:41.482+0300] {processor.py:842} WARNING - No viable dags retrieved from /media/data/omar/programming course/DEPI/DEPI project/anomx/venv/lib/python3.12/site-packages/airflow/example_dags/subdags/subdag.py
[2026-06-21T22:06:41.495+0300] {processor.py:183} INFO - Processing /media/data/omar/programming course/DEPI/DEPI project/anomx/venv/lib/python3.12/site-packages/airflow/example_dags/subdags/subdag.py took 0.041 seconds
[2026-06-21T22:07:38.912+0300] {processor.py:161} INFO - Started process (PID=18195) to work on /media/data/omar/programming course/DEPI/DEPI project/anomx/venv/lib/python3.12/site-packages/airflow/example_dags/subdags/subdag.py
[2026-06-21T22:07:38.914+0300] {processor.py:830} INFO - Processing file /media/data/omar/programming course/DEPI/DEPI project/anomx/venv/lib/python3.12/site-packages/airflow/example_dags/subdags/subdag.py for tasks to queue
[2026-06-21T22:07:38.917+0300] {logging_mixin.py:188} INFO - [2026-06-21T22:07:38.916+0300] {dagbag.py:540} INFO - Filling up the DagBag from /media/data/omar/programming course/DEPI/DEPI project/anomx/venv/lib/python3.12/site-packages/airflow/example_dags/subdags/subdag.py
[2026-06-21T22:07:38.922+0300] {processor.py:842} WARNING - No viable dags retrieved from /media/data/omar/programming course/DEPI/DEPI project/anomx/venv/lib/python3.12/site-packages/airflow/example_dags/subdags/subdag.py
[2026-06-21T22:07:38.933+0300] {processor.py:183} INFO - Processing /media/data/omar/programming course/DEPI/DEPI project/anomx/venv/lib/python3.12/site-packages/airflow/example_dags/subdags/subdag.py took 0.031 seconds
[2026-06-21T22:08:37.511+0300] {processor.py:161} INFO - Started process (PID=18287) to work on /media/data/omar/programming course/DEPI/DEPI project/anomx/venv/lib/python3.12/site-packages/airflow/example_dags/subdags/subdag.py
[2026-06-21T22:08:37.513+0300] {processor.py:830} INFO - Processing file /media/data/omar/programming course/DEPI/DEPI project/anomx/venv/lib/python3.12/site-packages/airflow/example_dags/subdags/subdag.py for tasks to queue
[2026-06-21T22:08:37.515+0300] {logging_mixin.py:188} INFO - [2026-06-21T22:08:37.515+0300] {dagbag.py:540} INFO - Filling up the DagBag from /media/data/omar/programming course/DEPI/DEPI project/anomx/venv/lib/python3.12/site-packages/airflow/example_dags/subdags/subdag.py
[2026-06-21T22:08:37.520+0300] {processor.py:842} WARNING - No viable dags retrieved from /media/data/omar/programming course/DEPI/DEPI project/anomx/venv/lib/python3.12/site-packages/airflow/example_dags/subdags/subdag.py
[2026-06-21T22:08:37.533+0300] {processor.py:183} INFO - Processing /media/data/omar/programming course/DEPI/DEPI project/anomx/venv/lib/python3.12/site-packages/airflow/example_dags/subdags/subdag.py took 0.038 seconds
[2026-06-21T22:09:33.097+0300] {processor.py:161} INFO - Started process (PID=18507) to work on /media/data/omar/programming course/DEPI/DEPI project/anomx/venv/lib/python3.12/site-packages/airflow/example_dags/subdags/subdag.py
[2026-06-21T22:09:33.098+0300] {processor.py:830} INFO - Processing file /media/data/omar/programming course/DEPI/DEPI project/anomx/venv/lib/python3.12/site-packages/airflow/example_dags/subdags/subdag.py for tasks to queue
[2026-06-21T22:09:33.101+0300] {logging_mixin.py:188} INFO - [2026-06-21T22:09:33.100+0300] {dagbag.py:540} INFO - Filling up the DagBag from /media/data/omar/programming course/DEPI/DEPI project/anomx/venv/lib/python3.12/site-packages/airflow/example_dags/subdags/subdag.py
[2026-06-21T22:09:33.106+0300] {processor.py:842} WARNING - No viable dags retrieved from /media/data/omar/programming course/DEPI/DEPI project/anomx/venv/lib/python3.12/site-packages/airflow/example_dags/subdags/subdag.py
[2026-06-21T22:09:33.120+0300] {processor.py:183} INFO - Processing /media/data/omar/programming course/DEPI/DEPI project/anomx/venv/lib/python3.12/site-packages/airflow/example_dags/subdags/subdag.py took 0.037 seconds
[2026-06-21T22:10:43.645+0300] {processor.py:161} INFO - Started process (PID=18718) to work on /media/data/omar/programming course/DEPI/DEPI project/anomx/venv/lib/python3.12/site-packages/airflow/example_dags/subdags/subdag.py
[2026-06-21T22:10:43.646+0300] {processor.py:830} INFO - Processing file /media/data/omar/programming course/DEPI/DEPI project/anomx/venv/lib/python3.12/site-packages/airflow/example_dags/subdags/subdag.py for tasks to queue
[2026-06-21T22:10:43.648+0300] {logging_mixin.py:188} INFO - [2026-06-21T22:10:43.648+0300] {dagbag.py:540} INFO - Filling up the DagBag from /media/data/omar/programming course/DEPI/DEPI project/anomx/venv/lib/python3.12/site-packages/airflow/example_dags/subdags/subdag.py
[2026-06-21T22:10:43.652+0300] {processor.py:842} WARNING - No viable dags retrieved from /media/data/omar/programming course/DEPI/DEPI project/anomx/venv/lib/python3.12/site-packages/airflow/example_dags/subdags/subdag.py
[2026-06-21T22:10:43.765+0300] {processor.py:183} INFO - Processing /media/data/omar/programming course/DEPI/DEPI project/anomx/venv/lib/python3.12/site-packages/airflow/example_dags/subdags/subdag.py took 0.130 seconds
[2026-06-21T22:11:38.968+0300] {processor.py:161} INFO - Started process (PID=18842) to work on /media/data/omar/programming course/DEPI/DEPI project/anomx/venv/lib/python3.12/site-packages/airflow/example_dags/subdags/subdag.py
[2026-06-21T22:11:38.969+0300] {processor.py:830} INFO - Processing file /media/data/omar/programming course/DEPI/DEPI project/anomx/venv/lib/python3.12/site-packages/airflow/example_dags/subdags/subdag.py for tasks to queue
[2026-06-21T22:11:38.971+0300] {logging_mixin.py:188} INFO - [2026-06-21T22:11:38.970+0300] {dagbag.py:540} INFO - Filling up the DagBag from /media/data/omar/programming course/DEPI/DEPI project/anomx/venv/lib/python3.12/site-packages/airflow/example_dags/subdags/subdag.py
[2026-06-21T22:11:38.974+0300] {processor.py:842} WARNING - No viable dags retrieved from /media/data/omar/programming course/DEPI/DEPI project/anomx/venv/lib/python3.12/site-packages/airflow/example_dags/subdags/subdag.py
[2026-06-21T22:11:38.990+0300] {processor.py:183} INFO - Processing /media/data/omar/programming course/DEPI/DEPI project/anomx/venv/lib/python3.12/site-packages/airflow/example_dags/subdags/subdag.py took 0.032 seconds
[2026-06-21T22:12:33.163+0300] {processor.py:161} INFO - Started process (PID=18937) to work on /media/data/omar/programming course/DEPI/DEPI project/anomx/venv/lib/python3.12/site-packages/airflow/example_dags/subdags/subdag.py
[2026-06-21T22:12:33.166+0300] {processor.py:830} INFO - Processing file /media/data/omar/programming course/DEPI/DEPI project/anomx/venv/lib/python3.12/site-packages/airflow/example_dags/subdags/subdag.py for tasks to queue
[2026-06-21T22:12:33.170+0300] {logging_mixin.py:188} INFO - [2026-06-21T22:12:33.169+0300] {dagbag.py:540} INFO - Filling up the DagBag from /media/data/omar/programming course/DEPI/DEPI project/anomx/venv/lib/python3.12/site-packages/airflow/example_dags/subdags/subdag.py
[2026-06-21T22:12:33.178+0300] {processor.py:842} WARNING - No viable dags retrieved from /media/data/omar/programming course/DEPI/DEPI project/anomx/venv/lib/python3.12/site-packages/airflow/example_dags/subdags/subdag.py
[2026-06-21T22:12:33.203+0300] {processor.py:183} INFO - Processing /media/data/omar/programming course/DEPI/DEPI project/anomx/venv/lib/python3.12/site-packages/airflow/example_dags/subdags/subdag.py took 0.054 seconds
[2026-06-21T22:13:22.418+0300] {processor.py:161} INFO - Started process (PID=19059) to work on /media/data/omar/programming course/DEPI/DEPI project/anomx/venv/lib/python3.12/site-packages/airflow/example_dags/subdags/subdag.py
[2026-06-21T22:13:22.419+0300] {processor.py:830} INFO - Processing file /media/data/omar/programming course/DEPI/DEPI project/anomx/venv/lib/python3.12/site-packages/airflow/example_dags/subdags/subdag.py for tasks to queue
[2026-06-21T22:13:22.420+0300] {logging_mixin.py:188} INFO - [2026-06-21T22:13:22.420+0300] {dagbag.py:540} INFO - Filling up the DagBag from /media/data/omar/programming course/DEPI/DEPI project/anomx/venv/lib/python3.12/site-packages/airflow/example_dags/subdags/subdag.py
[2026-06-21T22:13:22.424+0300] {processor.py:842} WARNING - No viable dags retrieved from /media/data/omar/programming course/DEPI/DEPI project/anomx/venv/lib/python3.12/site-packages/airflow/example_dags/subdags/subdag.py
[2026-06-21T22:13:22.440+0300] {processor.py:183} INFO - Processing /media/data/omar/programming course/DEPI/DEPI project/anomx/venv/lib/python3.12/site-packages/airflow/example_dags/subdags/subdag.py took 0.034 seconds
[2026-06-21T22:14:22.126+0300] {processor.py:161} INFO - Started process (PID=19186) to work on /media/data/omar/programming course/DEPI/DEPI project/anomx/venv/lib/python3.12/site-packages/airflow/example_dags/subdags/subdag.py
[2026-06-21T22:14:22.127+0300] {processor.py:830} INFO - Processing file /media/data/omar/programming course/DEPI/DEPI project/anomx/venv/lib/python3.12/site-packages/airflow/example_dags/subdags/subdag.py for tasks to queue
[2026-06-21T22:14:22.129+0300] {logging_mixin.py:188} INFO - [2026-06-21T22:14:22.129+0300] {dagbag.py:540} INFO - Filling up the DagBag from /media/data/omar/programming course/DEPI/DEPI project/anomx/venv/lib/python3.12/site-packages/airflow/example_dags/subdags/subdag.py
[2026-06-21T22:14:22.140+0300] {processor.py:842} WARNING - No viable dags retrieved from /media/data/omar/programming course/DEPI/DEPI project/anomx/venv/lib/python3.12/site-packages/airflow/example_dags/subdags/subdag.py
[2026-06-21T22:14:22.153+0300] {processor.py:183} INFO - Processing /media/data/omar/programming course/DEPI/DEPI project/anomx/venv/lib/python3.12/site-packages/airflow/example_dags/subdags/subdag.py took 0.034 seconds
[2026-06-21T22:15:19.665+0300] {processor.py:161} INFO - Started process (PID=19291) to work on /media/data/omar/programming course/DEPI/DEPI project/anomx/venv/lib/python3.12/site-packages/airflow/example_dags/subdags/subdag.py
[2026-06-21T22:15:19.667+0300] {processor.py:830} INFO - Processing file /media/data/omar/programming course/DEPI/DEPI project/anomx/venv/lib/python3.12/site-packages/airflow/example_dags/subdags/subdag.py for tasks to queue
[2026-06-21T22:15:19.669+0300] {logging_mixin.py:188} INFO - [2026-06-21T22:15:19.669+0300] {dagbag.py:540} INFO - Filling up the DagBag from /media/data/omar/programming course/DEPI/DEPI project/anomx/venv/lib/python3.12/site-packages/airflow/example_dags/subdags/subdag.py
[2026-06-21T22:15:19.674+0300] {processor.py:842} WARNING - No viable dags retrieved from /media/data/omar/programming course/DEPI/DEPI project/anomx/venv/lib/python3.12/site-packages/airflow/example_dags/subdags/subdag.py
[2026-06-21T22:15:19.691+0300] {processor.py:183} INFO - Processing /media/data/omar/programming course/DEPI/DEPI project/anomx/venv/lib/python3.12/site-packages/airflow/example_dags/subdags/subdag.py took 0.034 seconds
[2026-06-21T22:16:11.805+0300] {processor.py:161} INFO - Started process (PID=19642) to work on /media/data/omar/programming course/DEPI/DEPI project/anomx/venv/lib/python3.12/site-packages/airflow/example_dags/subdags/subdag.py
[2026-06-21T22:16:11.806+0300] {processor.py:830} INFO - Processing file /media/data/omar/programming course/DEPI/DEPI project/anomx/venv/lib/python3.12/site-packages/airflow/example_dags/subdags/subdag.py for tasks to queue
[2026-06-21T22:16:11.808+0300] {logging_mixin.py:188} INFO - [2026-06-21T22:16:11.807+0300] {dagbag.py:540} INFO - Filling up the DagBag from /media/data/omar/programming course/DEPI/DEPI project/anomx/venv/lib/python3.12/site-packages/airflow/example_dags/subdags/subdag.py
[2026-06-21T22:16:11.812+0300] {processor.py:842} WARNING - No viable dags retrieved from /media/data/omar/programming course/DEPI/DEPI project/anomx/venv/lib/python3.12/site-packages/airflow/example_dags/subdags/subdag.py
[2026-06-21T22:16:11.824+0300] {processor.py:183} INFO - Processing /media/data/omar/programming course/DEPI/DEPI project/anomx/venv/lib/python3.12/site-packages/airflow/example_dags/subdags/subdag.py took 0.025 seconds
[2026-06-21T22:17:09.131+0300] {processor.py:161} INFO - Started process (PID=19774) to work on /media/data/omar/programming course/DEPI/DEPI project/anomx/venv/lib/python3.12/site-packages/airflow/example_dags/subdags/subdag.py
[2026-06-21T22:17:09.133+0300] {processor.py:830} INFO - Processing file /media/data/omar/programming course/DEPI/DEPI project/anomx/venv/lib/python3.12/site-packages/airflow/example_dags/subdags/subdag.py for tasks to queue
[2026-06-21T22:17:09.139+0300] {logging_mixin.py:188} INFO - [2026-06-21T22:17:09.137+0300] {dagbag.py:540} INFO - Filling up the DagBag from /media/data/omar/programming course/DEPI/DEPI project/anomx/venv/lib/python3.12/site-packages/airflow/example_dags/subdags/subdag.py
[2026-06-21T22:17:09.149+0300] {processor.py:842} WARNING - No viable dags retrieved from /media/data/omar/programming course/DEPI/DEPI project/anomx/venv/lib/python3.12/site-packages/airflow/example_dags/subdags/subdag.py
[2026-06-21T22:17:09.182+0300] {processor.py:183} INFO - Processing /media/data/omar/programming course/DEPI/DEPI project/anomx/venv/lib/python3.12/site-packages/airflow/example_dags/subdags/subdag.py took 0.064 seconds
[2026-06-21T22:18:08.663+0300] {processor.py:161} INFO - Started process (PID=19934) to work on /media/data/omar/programming course/DEPI/DEPI project/anomx/venv/lib/python3.12/site-packages/airflow/example_dags/subdags/subdag.py
[2026-06-21T22:18:08.664+0300] {processor.py:830} INFO - Processing file /media/data/omar/programming course/DEPI/DEPI project/anomx/venv/lib/python3.12/site-packages/airflow/example_dags/subdags/subdag.py for tasks to queue
[2026-06-21T22:18:08.666+0300] {logging_mixin.py:188} INFO - [2026-06-21T22:18:08.666+0300] {dagbag.py:540} INFO - Filling up the DagBag from /media/data/omar/programming course/DEPI/DEPI project/anomx/venv/lib/python3.12/site-packages/airflow/example_dags/subdags/subdag.py
[2026-06-21T22:18:08.669+0300] {processor.py:842} WARNING - No viable dags retrieved from /media/data/omar/programming course/DEPI/DEPI project/anomx/venv/lib/python3.12/site-packages/airflow/example_dags/subdags/subdag.py
[2026-06-21T22:18:08.683+0300] {processor.py:183} INFO - Processing /media/data/omar/programming course/DEPI/DEPI project/anomx/venv/lib/python3.12/site-packages/airflow/example_dags/subdags/subdag.py took 0.027 seconds
[2026-06-21T22:19:04.026+0300] {processor.py:161} INFO - Started process (PID=20025) to work on /media/data/omar/programming course/DEPI/DEPI project/anomx/venv/lib/python3.12/site-packages/airflow/example_dags/subdags/subdag.py
[2026-06-21T22:19:04.026+0300] {processor.py:830} INFO - Processing file /media/data/omar/programming course/DEPI/DEPI project/anomx/venv/lib/python3.12/site-packages/airflow/example_dags/subdags/subdag.py for tasks to queue
[2026-06-21T22:19:04.028+0300] {logging_mixin.py:188} INFO - [2026-06-21T22:19:04.028+0300] {dagbag.py:540} INFO - Filling up the DagBag from /media/data/omar/programming course/DEPI/DEPI project/anomx/venv/lib/python3.12/site-packages/airflow/example_dags/subdags/subdag.py
[2026-06-21T22:19:04.032+0300] {processor.py:842} WARNING - No viable dags retrieved from /media/data/omar/programming course/DEPI/DEPI project/anomx/venv/lib/python3.12/site-packages/airflow/example_dags/subdags/subdag.py
[2026-06-21T22:19:04.042+0300] {processor.py:183} INFO - Processing /media/data/omar/programming course/DEPI/DEPI project/anomx/venv/lib/python3.12/site-packages/airflow/example_dags/subdags/subdag.py took 0.022 seconds
[2026-06-21T22:20:04.528+0300] {processor.py:161} INFO - Started process (PID=20139) to work on /media/data/omar/programming course/DEPI/DEPI project/anomx/venv/lib/python3.12/site-packages/airflow/example_dags/subdags/subdag.py
[2026-06-21T22:20:04.529+0300] {processor.py:830} INFO - Processing file /media/data/omar/programming course/DEPI/DEPI project/anomx/venv/lib/python3.12/site-packages/airflow/example_dags/subdags/subdag.py for tasks to queue
[2026-06-21T22:20:04.530+0300] {logging_mixin.py:188} INFO - [2026-06-21T22:20:04.530+0300] {dagbag.py:540} INFO - Filling up the DagBag from /media/data/omar/programming course/DEPI/DEPI project/anomx/venv/lib/python3.12/site-packages/airflow/example_dags/subdags/subdag.py
[2026-06-21T22:20:04.533+0300] {processor.py:842} WARNING - No viable dags retrieved from /media/data/omar/programming course/DEPI/DEPI project/anomx/venv/lib/python3.12/site-packages/airflow/example_dags/subdags/subdag.py
[2026-06-21T22:20:04.544+0300] {processor.py:183} INFO - Processing /media/data/omar/programming course/DEPI/DEPI project/anomx/venv/lib/python3.12/site-packages/airflow/example_dags/subdags/subdag.py took 0.021 seconds
[2026-06-21T22:20:41.354+0300] {processor.py:161} INFO - Started process (PID=20202) to work on /media/data/omar/programming course/DEPI/DEPI project/anomx/venv/lib/python3.12/site-packages/airflow/example_dags/subdags/subdag.py
[2026-06-21T22:20:41.357+0300] {processor.py:830} INFO - Processing file /media/data/omar/programming course/DEPI/DEPI project/anomx/venv/lib/python3.12/site-packages/airflow/example_dags/subdags/subdag.py for tasks to queue
[2026-06-21T22:20:41.362+0300] {logging_mixin.py:188} INFO - [2026-06-21T22:20:41.361+0300] {dagbag.py:540} INFO - Filling up the DagBag from /media/data/omar/programming course/DEPI/DEPI project/anomx/venv/lib/python3.12/site-packages/airflow/example_dags/subdags/subdag.py
[2026-06-21T22:20:41.372+0300] {processor.py:842} WARNING - No viable dags retrieved from /media/data/omar/programming course/DEPI/DEPI project/anomx/venv/lib/python3.12/site-packages/airflow/example_dags/subdags/subdag.py
[2026-06-21T22:20:41.410+0300] {processor.py:183} INFO - Processing /media/data/omar/programming course/DEPI/DEPI project/anomx/venv/lib/python3.12/site-packages/airflow/example_dags/subdags/subdag.py took 0.073 seconds
[2026-06-21T22:21:42.234+0300] {processor.py:161} INFO - Started process (PID=20301) to work on /media/data/omar/programming course/DEPI/DEPI project/anomx/venv/lib/python3.12/site-packages/airflow/example_dags/subdags/subdag.py
[2026-06-21T22:21:42.235+0300] {processor.py:830} INFO - Processing file /media/data/omar/programming course/DEPI/DEPI project/anomx/venv/lib/python3.12/site-packages/airflow/example_dags/subdags/subdag.py for tasks to queue
[2026-06-21T22:21:42.238+0300] {logging_mixin.py:188} INFO - [2026-06-21T22:21:42.238+0300] {dagbag.py:540} INFO - Filling up the DagBag from /media/data/omar/programming course/DEPI/DEPI project/anomx/venv/lib/python3.12/site-packages/airflow/example_dags/subdags/subdag.py
[2026-06-21T22:21:42.243+0300] {processor.py:842} WARNING - No viable dags retrieved from /media/data/omar/programming course/DEPI/DEPI project/anomx/venv/lib/python3.12/site-packages/airflow/example_dags/subdags/subdag.py
[2026-06-21T22:21:42.257+0300] {processor.py:183} INFO - Processing /media/data/omar/programming course/DEPI/DEPI project/anomx/venv/lib/python3.12/site-packages/airflow/example_dags/subdags/subdag.py took 0.031 seconds
[2026-06-21T22:22:52.033+0300] {processor.py:161} INFO - Started process (PID=20426) to work on /media/data/omar/programming course/DEPI/DEPI project/anomx/venv/lib/python3.12/site-packages/airflow/example_dags/subdags/subdag.py
[2026-06-21T22:22:52.034+0300] {processor.py:830} INFO - Processing file /media/data/omar/programming course/DEPI/DEPI project/anomx/venv/lib/python3.12/site-packages/airflow/example_dags/subdags/subdag.py for tasks to queue
[2026-06-21T22:22:52.035+0300] {logging_mixin.py:188} INFO - [2026-06-21T22:22:52.035+0300] {dagbag.py:540} INFO - Filling up the DagBag from /media/data/omar/programming course/DEPI/DEPI project/anomx/venv/lib/python3.12/site-packages/airflow/example_dags/subdags/subdag.py
[2026-06-21T22:22:52.039+0300] {processor.py:842} WARNING - No viable dags retrieved from /media/data/omar/programming course/DEPI/DEPI project/anomx/venv/lib/python3.12/site-packages/airflow/example_dags/subdags/subdag.py
[2026-06-21T22:22:52.049+0300] {processor.py:183} INFO - Processing /media/data/omar/programming course/DEPI/DEPI project/anomx/venv/lib/python3.12/site-packages/airflow/example_dags/subdags/subdag.py took 0.022 seconds
[2026-06-21T22:23:53.882+0300] {processor.py:161} INFO - Started process (PID=20530) to work on /media/data/omar/programming course/DEPI/DEPI project/anomx/venv/lib/python3.12/site-packages/airflow/example_dags/subdags/subdag.py
[2026-06-21T22:23:53.883+0300] {processor.py:830} INFO - Processing file /media/data/omar/programming course/DEPI/DEPI project/anomx/venv/lib/python3.12/site-packages/airflow/example_dags/subdags/subdag.py for tasks to queue
[2026-06-21T22:23:53.885+0300] {logging_mixin.py:188} INFO - [2026-06-21T22:23:53.884+0300] {dagbag.py:540} INFO - Filling up the DagBag from /media/data/omar/programming course/DEPI/DEPI project/anomx/venv/lib/python3.12/site-packages/airflow/example_dags/subdags/subdag.py
[2026-06-21T22:23:53.887+0300] {processor.py:842} WARNING - No viable dags retrieved from /media/data/omar/programming course/DEPI/DEPI project/anomx/venv/lib/python3.12/site-packages/airflow/example_dags/subdags/subdag.py
[2026-06-21T22:23:53.896+0300] {processor.py:183} INFO - Processing /media/data/omar/programming course/DEPI/DEPI project/anomx/venv/lib/python3.12/site-packages/airflow/example_dags/subdags/subdag.py took 0.019 seconds
[2026-06-21T22:47:42.086+0300] {processor.py:161} INFO - Started process (PID=22100) to work on /media/data/omar/programming course/DEPI/DEPI project/anomx/venv/lib/python3.12/site-packages/airflow/example_dags/subdags/subdag.py
[2026-06-21T22:47:42.087+0300] {processor.py:830} INFO - Processing file /media/data/omar/programming course/DEPI/DEPI project/anomx/venv/lib/python3.12/site-packages/airflow/example_dags/subdags/subdag.py for tasks to queue
[2026-06-21T22:47:42.096+0300] {logging_mixin.py:188} INFO - [2026-06-21T22:47:42.095+0300] {dagbag.py:540} INFO - Filling up the DagBag from /media/data/omar/programming course/DEPI/DEPI project/anomx/venv/lib/python3.12/site-packages/airflow/example_dags/subdags/subdag.py
[2026-06-21T22:47:42.099+0300] {processor.py:842} WARNING - No viable dags retrieved from /media/data/omar/programming course/DEPI/DEPI project/anomx/venv/lib/python3.12/site-packages/airflow/example_dags/subdags/subdag.py
[2026-06-21T22:47:42.110+0300] {processor.py:183} INFO - Processing /media/data/omar/programming course/DEPI/DEPI project/anomx/venv/lib/python3.12/site-packages/airflow/example_dags/subdags/subdag.py took 0.038 seconds
[2026-06-21T22:48:41.334+0300] {processor.py:161} INFO - Started process (PID=22191) to work on /media/data/omar/programming course/DEPI/DEPI project/anomx/venv/lib/python3.12/site-packages/airflow/example_dags/subdags/subdag.py
[2026-06-21T22:48:41.336+0300] {processor.py:830} INFO - Processing file /media/data/omar/programming course/DEPI/DEPI project/anomx/venv/lib/python3.12/site-packages/airflow/example_dags/subdags/subdag.py for tasks to queue
[2026-06-21T22:48:41.338+0300] {logging_mixin.py:188} INFO - [2026-06-21T22:48:41.337+0300] {dagbag.py:540} INFO - Filling up the DagBag from /media/data/omar/programming course/DEPI/DEPI project/anomx/venv/lib/python3.12/site-packages/airflow/example_dags/subdags/subdag.py
[2026-06-21T22:48:41.342+0300] {processor.py:842} WARNING - No viable dags retrieved from /media/data/omar/programming course/DEPI/DEPI project/anomx/venv/lib/python3.12/site-packages/airflow/example_dags/subdags/subdag.py
[2026-06-21T22:48:41.357+0300] {processor.py:183} INFO - Processing /media/data/omar/programming course/DEPI/DEPI project/anomx/venv/lib/python3.12/site-packages/airflow/example_dags/subdags/subdag.py took 0.030 seconds
[2026-06-21T22:49:38.816+0300] {processor.py:161} INFO - Started process (PID=22283) to work on /media/data/omar/programming course/DEPI/DEPI project/anomx/venv/lib/python3.12/site-packages/airflow/example_dags/subdags/subdag.py
[2026-06-21T22:49:38.818+0300] {processor.py:830} INFO - Processing file /media/data/omar/programming course/DEPI/DEPI project/anomx/venv/lib/python3.12/site-packages/airflow/example_dags/subdags/subdag.py for tasks to queue
[2026-06-21T22:49:38.822+0300] {logging_mixin.py:188} INFO - [2026-06-21T22:49:38.821+0300] {dagbag.py:540} INFO - Filling up the DagBag from /media/data/omar/programming course/DEPI/DEPI project/anomx/venv/lib/python3.12/site-packages/airflow/example_dags/subdags/subdag.py
[2026-06-21T22:49:38.830+0300] {processor.py:842} WARNING - No viable dags retrieved from /media/data/omar/programming course/DEPI/DEPI project/anomx/venv/lib/python3.12/site-packages/airflow/example_dags/subdags/subdag.py
[2026-06-21T22:49:38.851+0300] {processor.py:183} INFO - Processing /media/data/omar/programming course/DEPI/DEPI project/anomx/venv/lib/python3.12/site-packages/airflow/example_dags/subdags/subdag.py took 0.050 seconds
[2026-06-21T22:50:34.543+0300] {processor.py:161} INFO - Started process (PID=22431) to work on /media/data/omar/programming course/DEPI/DEPI project/anomx/venv/lib/python3.12/site-packages/airflow/example_dags/subdags/subdag.py
[2026-06-21T22:50:34.545+0300] {processor.py:830} INFO - Processing file /media/data/omar/programming course/DEPI/DEPI project/anomx/venv/lib/python3.12/site-packages/airflow/example_dags/subdags/subdag.py for tasks to queue
[2026-06-21T22:50:34.548+0300] {logging_mixin.py:188} INFO - [2026-06-21T22:50:34.547+0300] {dagbag.py:540} INFO - Filling up the DagBag from /media/data/omar/programming course/DEPI/DEPI project/anomx/venv/lib/python3.12/site-packages/airflow/example_dags/subdags/subdag.py
[2026-06-21T22:50:34.554+0300] {processor.py:842} WARNING - No viable dags retrieved from /media/data/omar/programming course/DEPI/DEPI project/anomx/venv/lib/python3.12/site-packages/airflow/example_dags/subdags/subdag.py
[2026-06-21T22:50:34.573+0300] {processor.py:183} INFO - Processing /media/data/omar/programming course/DEPI/DEPI project/anomx/venv/lib/python3.12/site-packages/airflow/example_dags/subdags/subdag.py took 0.046 seconds
