[2026-06-21T22:28:11.337+0000] {local_task_job_runner.py:123} INFO - ::group::Pre task execution logs
[2026-06-21T22:28:11.353+0000] {taskinstance.py:2614} INFO - Dependencies all met for dep_context=non-requeueable deps ti=<TaskInstance: anomx_first_kafka_pipeline.check_postgres __airflow_temporary_run_2026-06-21T22:28:09.200649+00:00__ [queued]>
[2026-06-21T22:28:11.360+0000] {taskinstance.py:2614} INFO - Dependencies all met for dep_context=requeueable deps ti=<TaskInstance: anomx_first_kafka_pipeline.check_postgres __airflow_temporary_run_2026-06-21T22:28:09.200649+00:00__ [queued]>
[2026-06-21T22:28:11.361+0000] {taskinstance.py:2867} INFO - Starting attempt 1 of 1
[2026-06-21T22:28:11.369+0000] {taskinstance.py:2890} INFO - Executing <Task(PythonOperator): check_postgres> on 2026-06-21 00:00:00+00:00
[2026-06-21T22:28:11.375+0000] {standard_task_runner.py:104} INFO - Running: ['***', 'tasks', 'run', 'anomx_first_kafka_pipeline', 'check_postgres', '__***_temporary_run_2026-06-21T22:28:09.200649+00:00__', '--job-id', '7', '--raw', '--subdir', 'DAGS_FOLDER/anomx_first_pipeline.py', '--cfg-path', '/tmp/tmpkgbrix7n']
[2026-06-21T22:28:11.378+0000] {standard_task_runner.py:105} INFO - Job 7: Subtask check_postgres
[2026-06-21T22:28:11.378+0000] {logging_mixin.py:190} WARNING - /home/***/.local/lib/python3.12/site-packages/***/task/task_runner/standard_task_runner.py:70 DeprecationWarning: This process (pid=1146) is multi-threaded, use of fork() may lead to deadlocks in the child.
[2026-06-21T22:28:11.378+0000] {standard_task_runner.py:72} INFO - Started process 1147 to run task
[2026-06-21T22:28:11.424+0000] {task_command.py:467} INFO - Running <TaskInstance: anomx_first_kafka_pipeline.check_postgres __airflow_temporary_run_2026-06-21T22:28:09.200649+00:00__ [running]> on host 05254a7375e1
[2026-06-21T22:28:11.480+0000] {taskinstance.py:3134} INFO - Exporting env vars: AIRFLOW_CTX_DAG_OWNER='anomx-phase3' AIRFLOW_CTX_DAG_ID='anomx_first_kafka_pipeline' AIRFLOW_CTX_TASK_ID='check_postgres' AIRFLOW_CTX_EXECUTION_DATE='2026-06-21T00:00:00+00:00' AIRFLOW_CTX_TRY_NUMBER='1' AIRFLOW_CTX_DAG_RUN_ID='__***_temporary_run_2026-06-21T22:28:09.200649+00:00__'
[2026-06-21T22:28:11.481+0000] {taskinstance.py:732} INFO - ::endgroup::
[2026-06-21T22:28:11.491+0000] {logging_mixin.py:190} INFO - Checking PostgreSQL connection: host=host.docker.internal, port=5432, database=anomx_db, user=anomx
[2026-06-21T22:28:11.504+0000] {logging_mixin.py:190} INFO - PostgreSQL check passed.
[2026-06-21T22:28:11.505+0000] {python.py:240} INFO - Done. Returned value was: None
[2026-06-21T22:28:11.513+0000] {taskinstance.py:341} INFO - ::group::Post task execution logs
[2026-06-21T22:28:11.514+0000] {taskinstance.py:353} INFO - Marking task as SUCCESS. dag_id=anomx_first_kafka_pipeline, task_id=check_postgres, run_id=__***_temporary_run_2026-06-21T22:28:09.200649+00:00__, execution_date=20260621T000000, start_date=20260621T222811, end_date=20260621T222811
[2026-06-21T22:28:11.554+0000] {local_task_job_runner.py:266} INFO - Task exited with return code 0
[2026-06-21T22:28:11.571+0000] {taskinstance.py:3901} INFO - 1 downstream tasks scheduled from follow-on schedule check
[2026-06-21T22:28:11.573+0000] {local_task_job_runner.py:245} INFO - ::endgroup::
