[2026-06-24T11:53:12.255+0300] {processor.py:161} INFO - Started process (PID=11040) to work on /media/data/omar/programming course/DEPI/DEPI project/anomx/venv/lib/python3.12/site-packages/airflow/example_dags/example_display_name.py
[2026-06-24T11:53:12.256+0300] {processor.py:830} INFO - Processing file /media/data/omar/programming course/DEPI/DEPI project/anomx/venv/lib/python3.12/site-packages/airflow/example_dags/example_display_name.py for tasks to queue
[2026-06-24T11:53:12.258+0300] {logging_mixin.py:188} INFO - [2026-06-24T11:53:12.258+0300] {dagbag.py:540} INFO - Filling up the DagBag from /media/data/omar/programming course/DEPI/DEPI project/anomx/venv/lib/python3.12/site-packages/airflow/example_dags/example_display_name.py
[2026-06-24T11:53:12.264+0300] {processor.py:840} INFO - DAG(s) 'example_display_name' retrieved from /media/data/omar/programming course/DEPI/DEPI project/anomx/venv/lib/python3.12/site-packages/airflow/example_dags/example_display_name.py
[2026-06-24T11:53:12.279+0300] {logging_mixin.py:188} INFO - [2026-06-24T11:53:12.279+0300] {dag.py:3096} INFO - Sync 1 DAGs
[2026-06-24T11:53:12.290+0300] {logging_mixin.py:188} INFO - [2026-06-24T11:53:12.289+0300] {dag.py:3118} INFO - Creating ORM DAG for example_display_name
[2026-06-24T11:53:12.291+0300] {logging_mixin.py:188} INFO - [2026-06-24T11:53:12.290+0300] {dag.py:3954} INFO - Setting next_dagrun for example_display_name to None, run_after=None
[2026-06-24T11:53:12.320+0300] {processor.py:183} INFO - Processing /media/data/omar/programming course/DEPI/DEPI project/anomx/venv/lib/python3.12/site-packages/airflow/example_dags/example_display_name.py took 0.071 seconds
[2026-06-24T11:54:45.821+0300] {processor.py:161} INFO - Started process (PID=12274) to work on /media/data/omar/programming course/DEPI/DEPI project/anomx/venv/lib/python3.12/site-packages/airflow/example_dags/example_display_name.py
[2026-06-24T11:54:45.823+0300] {processor.py:830} INFO - Processing file /media/data/omar/programming course/DEPI/DEPI project/anomx/venv/lib/python3.12/site-packages/airflow/example_dags/example_display_name.py for tasks to queue
[2026-06-24T11:54:45.828+0300] {logging_mixin.py:188} INFO - [2026-06-24T11:54:45.827+0300] {dagbag.py:540} INFO - Filling up the DagBag from /media/data/omar/programming course/DEPI/DEPI project/anomx/venv/lib/python3.12/site-packages/airflow/example_dags/example_display_name.py
[2026-06-24T11:54:45.839+0300] {processor.py:840} INFO - DAG(s) 'example_display_name' retrieved from /media/data/omar/programming course/DEPI/DEPI project/anomx/venv/lib/python3.12/site-packages/airflow/example_dags/example_display_name.py
[2026-06-24T11:54:45.884+0300] {logging_mixin.py:188} INFO - [2026-06-24T11:54:45.881+0300] {dag.py:3096} INFO - Sync 1 DAGs
[2026-06-24T11:54:45.919+0300] {logging_mixin.py:188} INFO - [2026-06-24T11:54:45.918+0300] {dag.py:3954} INFO - Setting next_dagrun for example_display_name to None, run_after=None
[2026-06-24T11:54:45.974+0300] {processor.py:183} INFO - Processing /media/data/omar/programming course/DEPI/DEPI project/anomx/venv/lib/python3.12/site-packages/airflow/example_dags/example_display_name.py took 0.164 seconds
[2026-06-24T11:56:04.448+0300] {processor.py:161} INFO - Started process (PID=13005) to work on /media/data/omar/programming course/DEPI/DEPI project/anomx/venv/lib/python3.12/site-packages/airflow/example_dags/example_display_name.py
[2026-06-24T11:56:04.450+0300] {processor.py:830} INFO - Processing file /media/data/omar/programming course/DEPI/DEPI project/anomx/venv/lib/python3.12/site-packages/airflow/example_dags/example_display_name.py for tasks to queue
[2026-06-24T11:56:04.453+0300] {logging_mixin.py:188} INFO - [2026-06-24T11:56:04.452+0300] {dagbag.py:540} INFO - Filling up the DagBag from /media/data/omar/programming course/DEPI/DEPI project/anomx/venv/lib/python3.12/site-packages/airflow/example_dags/example_display_name.py
[2026-06-24T11:56:04.464+0300] {processor.py:840} INFO - DAG(s) 'example_display_name' retrieved from /media/data/omar/programming course/DEPI/DEPI project/anomx/venv/lib/python3.12/site-packages/airflow/example_dags/example_display_name.py
[2026-06-24T11:56:04.482+0300] {logging_mixin.py:188} INFO - [2026-06-24T11:56:04.482+0300] {dag.py:3096} INFO - Sync 1 DAGs
[2026-06-24T11:56:04.492+0300] {logging_mixin.py:188} INFO - [2026-06-24T11:56:04.492+0300] {dag.py:3954} INFO - Setting next_dagrun for example_display_name to None, run_after=None
[2026-06-24T11:56:04.519+0300] {processor.py:183} INFO - Processing /media/data/omar/programming course/DEPI/DEPI project/anomx/venv/lib/python3.12/site-packages/airflow/example_dags/example_display_name.py took 0.081 seconds
[2026-06-24T11:56:58.213+0300] {processor.py:161} INFO - Started process (PID=13326) to work on /media/data/omar/programming course/DEPI/DEPI project/anomx/venv/lib/python3.12/site-packages/airflow/example_dags/example_display_name.py
[2026-06-24T11:56:58.213+0300] {processor.py:830} INFO - Processing file /media/data/omar/programming course/DEPI/DEPI project/anomx/venv/lib/python3.12/site-packages/airflow/example_dags/example_display_name.py for tasks to queue
[2026-06-24T11:56:58.215+0300] {logging_mixin.py:188} INFO - [2026-06-24T11:56:58.214+0300] {dagbag.py:540} INFO - Filling up the DagBag from /media/data/omar/programming course/DEPI/DEPI project/anomx/venv/lib/python3.12/site-packages/airflow/example_dags/example_display_name.py
[2026-06-24T11:56:58.220+0300] {processor.py:840} INFO - DAG(s) 'example_display_name' retrieved from /media/data/omar/programming course/DEPI/DEPI project/anomx/venv/lib/python3.12/site-packages/airflow/example_dags/example_display_name.py
[2026-06-24T11:56:58.234+0300] {logging_mixin.py:188} INFO - [2026-06-24T11:56:58.233+0300] {dag.py:3096} INFO - Sync 1 DAGs
[2026-06-24T11:56:58.243+0300] {logging_mixin.py:188} INFO - [2026-06-24T11:56:58.243+0300] {dag.py:3954} INFO - Setting next_dagrun for example_display_name to None, run_after=None
[2026-06-24T11:56:58.272+0300] {processor.py:183} INFO - Processing /media/data/omar/programming course/DEPI/DEPI project/anomx/venv/lib/python3.12/site-packages/airflow/example_dags/example_display_name.py took 0.064 seconds
[2026-06-24T11:58:16.775+0300] {processor.py:161} INFO - Started process (PID=14105) to work on /media/data/omar/programming course/DEPI/DEPI project/anomx/venv/lib/python3.12/site-packages/airflow/example_dags/example_display_name.py
[2026-06-24T11:58:16.776+0300] {processor.py:830} INFO - Processing file /media/data/omar/programming course/DEPI/DEPI project/anomx/venv/lib/python3.12/site-packages/airflow/example_dags/example_display_name.py for tasks to queue
[2026-06-24T11:58:16.778+0300] {logging_mixin.py:188} INFO - [2026-06-24T11:58:16.777+0300] {dagbag.py:540} INFO - Filling up the DagBag from /media/data/omar/programming course/DEPI/DEPI project/anomx/venv/lib/python3.12/site-packages/airflow/example_dags/example_display_name.py
[2026-06-24T11:58:16.785+0300] {processor.py:840} INFO - DAG(s) 'example_display_name' retrieved from /media/data/omar/programming course/DEPI/DEPI project/anomx/venv/lib/python3.12/site-packages/airflow/example_dags/example_display_name.py
[2026-06-24T11:58:16.800+0300] {logging_mixin.py:188} INFO - [2026-06-24T11:58:16.800+0300] {dag.py:3096} INFO - Sync 1 DAGs
[2026-06-24T11:58:16.810+0300] {logging_mixin.py:188} INFO - [2026-06-24T11:58:16.810+0300] {dag.py:3954} INFO - Setting next_dagrun for example_display_name to None, run_after=None
[2026-06-24T11:58:16.842+0300] {processor.py:183} INFO - Processing /media/data/omar/programming course/DEPI/DEPI project/anomx/venv/lib/python3.12/site-packages/airflow/example_dags/example_display_name.py took 0.073 seconds
[2026-06-24T12:36:52.538+0300] {processor.py:161} INFO - Started process (PID=28679) to work on /media/data/omar/programming course/DEPI/DEPI project/anomx/venv/lib/python3.12/site-packages/airflow/example_dags/example_display_name.py
[2026-06-24T12:36:52.540+0300] {processor.py:830} INFO - Processing file /media/data/omar/programming course/DEPI/DEPI project/anomx/venv/lib/python3.12/site-packages/airflow/example_dags/example_display_name.py for tasks to queue
[2026-06-24T12:36:52.542+0300] {logging_mixin.py:188} INFO - [2026-06-24T12:36:52.541+0300] {dagbag.py:540} INFO - Filling up the DagBag from /media/data/omar/programming course/DEPI/DEPI project/anomx/venv/lib/python3.12/site-packages/airflow/example_dags/example_display_name.py
[2026-06-24T12:36:52.550+0300] {processor.py:840} INFO - DAG(s) 'example_display_name' retrieved from /media/data/omar/programming course/DEPI/DEPI project/anomx/venv/lib/python3.12/site-packages/airflow/example_dags/example_display_name.py
[2026-06-24T12:36:52.567+0300] {logging_mixin.py:188} INFO - [2026-06-24T12:36:52.567+0300] {dag.py:3096} INFO - Sync 1 DAGs
[2026-06-24T12:36:52.577+0300] {logging_mixin.py:188} INFO - [2026-06-24T12:36:52.577+0300] {dag.py:3954} INFO - Setting next_dagrun for example_display_name to None, run_after=None
[2026-06-24T12:36:52.606+0300] {processor.py:183} INFO - Processing /media/data/omar/programming course/DEPI/DEPI project/anomx/venv/lib/python3.12/site-packages/airflow/example_dags/example_display_name.py took 0.081 seconds
[2026-06-24T12:37:45.091+0300] {processor.py:161} INFO - Started process (PID=29328) to work on /media/data/omar/programming course/DEPI/DEPI project/anomx/venv/lib/python3.12/site-packages/airflow/example_dags/example_display_name.py
[2026-06-24T12:37:45.092+0300] {processor.py:830} INFO - Processing file /media/data/omar/programming course/DEPI/DEPI project/anomx/venv/lib/python3.12/site-packages/airflow/example_dags/example_display_name.py for tasks to queue
[2026-06-24T12:37:45.093+0300] {logging_mixin.py:188} INFO - [2026-06-24T12:37:45.092+0300] {dagbag.py:540} INFO - Filling up the DagBag from /media/data/omar/programming course/DEPI/DEPI project/anomx/venv/lib/python3.12/site-packages/airflow/example_dags/example_display_name.py
[2026-06-24T12:37:45.099+0300] {processor.py:840} INFO - DAG(s) 'example_display_name' retrieved from /media/data/omar/programming course/DEPI/DEPI project/anomx/venv/lib/python3.12/site-packages/airflow/example_dags/example_display_name.py
[2026-06-24T12:37:45.114+0300] {logging_mixin.py:188} INFO - [2026-06-24T12:37:45.113+0300] {dag.py:3096} INFO - Sync 1 DAGs
[2026-06-24T12:37:45.122+0300] {logging_mixin.py:188} INFO - [2026-06-24T12:37:45.122+0300] {dag.py:3954} INFO - Setting next_dagrun for example_display_name to None, run_after=None
[2026-06-24T12:37:45.150+0300] {processor.py:183} INFO - Processing /media/data/omar/programming course/DEPI/DEPI project/anomx/venv/lib/python3.12/site-packages/airflow/example_dags/example_display_name.py took 0.064 seconds
[2026-06-24T12:38:37.604+0300] {processor.py:161} INFO - Started process (PID=30000) to work on /media/data/omar/programming course/DEPI/DEPI project/anomx/venv/lib/python3.12/site-packages/airflow/example_dags/example_display_name.py
[2026-06-24T12:38:37.605+0300] {processor.py:830} INFO - Processing file /media/data/omar/programming course/DEPI/DEPI project/anomx/venv/lib/python3.12/site-packages/airflow/example_dags/example_display_name.py for tasks to queue
[2026-06-24T12:38:37.606+0300] {logging_mixin.py:188} INFO - [2026-06-24T12:38:37.605+0300] {dagbag.py:540} INFO - Filling up the DagBag from /media/data/omar/programming course/DEPI/DEPI project/anomx/venv/lib/python3.12/site-packages/airflow/example_dags/example_display_name.py
[2026-06-24T12:38:37.611+0300] {processor.py:840} INFO - DAG(s) 'example_display_name' retrieved from /media/data/omar/programming course/DEPI/DEPI project/anomx/venv/lib/python3.12/site-packages/airflow/example_dags/example_display_name.py
[2026-06-24T12:38:37.625+0300] {logging_mixin.py:188} INFO - [2026-06-24T12:38:37.625+0300] {dag.py:3096} INFO - Sync 1 DAGs
[2026-06-24T12:38:37.635+0300] {logging_mixin.py:188} INFO - [2026-06-24T12:38:37.634+0300] {dag.py:3954} INFO - Setting next_dagrun for example_display_name to None, run_after=None
[2026-06-24T12:38:37.663+0300] {processor.py:183} INFO - Processing /media/data/omar/programming course/DEPI/DEPI project/anomx/venv/lib/python3.12/site-packages/airflow/example_dags/example_display_name.py took 0.064 seconds
[2026-06-24T12:39:47.389+0300] {processor.py:161} INFO - Started process (PID=30497) to work on /media/data/omar/programming course/DEPI/DEPI project/anomx/venv/lib/python3.12/site-packages/airflow/example_dags/example_display_name.py
[2026-06-24T12:39:47.389+0300] {processor.py:830} INFO - Processing file /media/data/omar/programming course/DEPI/DEPI project/anomx/venv/lib/python3.12/site-packages/airflow/example_dags/example_display_name.py for tasks to queue
[2026-06-24T12:39:47.390+0300] {logging_mixin.py:188} INFO - [2026-06-24T12:39:47.390+0300] {dagbag.py:540} INFO - Filling up the DagBag from /media/data/omar/programming course/DEPI/DEPI project/anomx/venv/lib/python3.12/site-packages/airflow/example_dags/example_display_name.py
[2026-06-24T12:39:47.396+0300] {processor.py:840} INFO - DAG(s) 'example_display_name' retrieved from /media/data/omar/programming course/DEPI/DEPI project/anomx/venv/lib/python3.12/site-packages/airflow/example_dags/example_display_name.py
[2026-06-24T12:39:47.410+0300] {logging_mixin.py:188} INFO - [2026-06-24T12:39:47.410+0300] {dag.py:3096} INFO - Sync 1 DAGs
[2026-06-24T12:39:47.418+0300] {logging_mixin.py:188} INFO - [2026-06-24T12:39:47.418+0300] {dag.py:3954} INFO - Setting next_dagrun for example_display_name to None, run_after=None
[2026-06-24T12:39:47.449+0300] {processor.py:183} INFO - Processing /media/data/omar/programming course/DEPI/DEPI project/anomx/venv/lib/python3.12/site-packages/airflow/example_dags/example_display_name.py took 0.065 seconds
[2026-06-24T12:40:59.405+0300] {processor.py:161} INFO - Started process (PID=31265) to work on /media/data/omar/programming course/DEPI/DEPI project/anomx/venv/lib/python3.12/site-packages/airflow/example_dags/example_display_name.py
[2026-06-24T12:40:59.406+0300] {processor.py:830} INFO - Processing file /media/data/omar/programming course/DEPI/DEPI project/anomx/venv/lib/python3.12/site-packages/airflow/example_dags/example_display_name.py for tasks to queue
[2026-06-24T12:40:59.407+0300] {logging_mixin.py:188} INFO - [2026-06-24T12:40:59.407+0300] {dagbag.py:540} INFO - Filling up the DagBag from /media/data/omar/programming course/DEPI/DEPI project/anomx/venv/lib/python3.12/site-packages/airflow/example_dags/example_display_name.py
[2026-06-24T12:40:59.413+0300] {processor.py:840} INFO - DAG(s) 'example_display_name' retrieved from /media/data/omar/programming course/DEPI/DEPI project/anomx/venv/lib/python3.12/site-packages/airflow/example_dags/example_display_name.py
[2026-06-24T12:40:59.432+0300] {logging_mixin.py:188} INFO - [2026-06-24T12:40:59.431+0300] {dag.py:3096} INFO - Sync 1 DAGs
[2026-06-24T12:40:59.446+0300] {logging_mixin.py:188} INFO - [2026-06-24T12:40:59.445+0300] {dag.py:3954} INFO - Setting next_dagrun for example_display_name to None, run_after=None
[2026-06-24T12:40:59.477+0300] {processor.py:183} INFO - Processing /media/data/omar/programming course/DEPI/DEPI project/anomx/venv/lib/python3.12/site-packages/airflow/example_dags/example_display_name.py took 0.077 seconds
[2026-06-24T12:42:08.398+0300] {processor.py:161} INFO - Started process (PID=31986) to work on /media/data/omar/programming course/DEPI/DEPI project/anomx/venv/lib/python3.12/site-packages/airflow/example_dags/example_display_name.py
[2026-06-24T12:42:08.399+0300] {processor.py:830} INFO - Processing file /media/data/omar/programming course/DEPI/DEPI project/anomx/venv/lib/python3.12/site-packages/airflow/example_dags/example_display_name.py for tasks to queue
[2026-06-24T12:42:08.400+0300] {logging_mixin.py:188} INFO - [2026-06-24T12:42:08.400+0300] {dagbag.py:540} INFO - Filling up the DagBag from /media/data/omar/programming course/DEPI/DEPI project/anomx/venv/lib/python3.12/site-packages/airflow/example_dags/example_display_name.py
[2026-06-24T12:42:08.407+0300] {processor.py:840} INFO - DAG(s) 'example_display_name' retrieved from /media/data/omar/programming course/DEPI/DEPI project/anomx/venv/lib/python3.12/site-packages/airflow/example_dags/example_display_name.py
[2026-06-24T12:42:08.424+0300] {logging_mixin.py:188} INFO - [2026-06-24T12:42:08.424+0300] {dag.py:3096} INFO - Sync 1 DAGs
[2026-06-24T12:42:08.438+0300] {logging_mixin.py:188} INFO - [2026-06-24T12:42:08.438+0300] {dag.py:3954} INFO - Setting next_dagrun for example_display_name to None, run_after=None
[2026-06-24T12:42:08.472+0300] {processor.py:183} INFO - Processing /media/data/omar/programming course/DEPI/DEPI project/anomx/venv/lib/python3.12/site-packages/airflow/example_dags/example_display_name.py took 0.080 seconds
[2026-06-24T12:43:17.831+0300] {processor.py:161} INFO - Started process (PID=32439) to work on /media/data/omar/programming course/DEPI/DEPI project/anomx/venv/lib/python3.12/site-packages/airflow/example_dags/example_display_name.py
[2026-06-24T12:43:17.832+0300] {processor.py:830} INFO - Processing file /media/data/omar/programming course/DEPI/DEPI project/anomx/venv/lib/python3.12/site-packages/airflow/example_dags/example_display_name.py for tasks to queue
[2026-06-24T12:43:17.833+0300] {logging_mixin.py:188} INFO - [2026-06-24T12:43:17.833+0300] {dagbag.py:540} INFO - Filling up the DagBag from /media/data/omar/programming course/DEPI/DEPI project/anomx/venv/lib/python3.12/site-packages/airflow/example_dags/example_display_name.py
[2026-06-24T12:43:17.839+0300] {processor.py:840} INFO - DAG(s) 'example_display_name' retrieved from /media/data/omar/programming course/DEPI/DEPI project/anomx/venv/lib/python3.12/site-packages/airflow/example_dags/example_display_name.py
[2026-06-24T12:43:17.856+0300] {logging_mixin.py:188} INFO - [2026-06-24T12:43:17.855+0300] {dag.py:3096} INFO - Sync 1 DAGs
[2026-06-24T12:43:17.865+0300] {logging_mixin.py:188} INFO - [2026-06-24T12:43:17.865+0300] {dag.py:3954} INFO - Setting next_dagrun for example_display_name to None, run_after=None
[2026-06-24T12:43:17.895+0300] {processor.py:183} INFO - Processing /media/data/omar/programming course/DEPI/DEPI project/anomx/venv/lib/python3.12/site-packages/airflow/example_dags/example_display_name.py took 0.069 seconds
[2026-06-24T12:44:10.195+0300] {processor.py:161} INFO - Started process (PID=33071) to work on /media/data/omar/programming course/DEPI/DEPI project/anomx/venv/lib/python3.12/site-packages/airflow/example_dags/example_display_name.py
[2026-06-24T12:44:10.195+0300] {processor.py:830} INFO - Processing file /media/data/omar/programming course/DEPI/DEPI project/anomx/venv/lib/python3.12/site-packages/airflow/example_dags/example_display_name.py for tasks to queue
[2026-06-24T12:44:10.197+0300] {logging_mixin.py:188} INFO - [2026-06-24T12:44:10.196+0300] {dagbag.py:540} INFO - Filling up the DagBag from /media/data/omar/programming course/DEPI/DEPI project/anomx/venv/lib/python3.12/site-packages/airflow/example_dags/example_display_name.py
[2026-06-24T12:44:10.202+0300] {processor.py:840} INFO - DAG(s) 'example_display_name' retrieved from /media/data/omar/programming course/DEPI/DEPI project/anomx/venv/lib/python3.12/site-packages/airflow/example_dags/example_display_name.py
[2026-06-24T12:44:10.217+0300] {logging_mixin.py:188} INFO - [2026-06-24T12:44:10.217+0300] {dag.py:3096} INFO - Sync 1 DAGs
[2026-06-24T12:44:10.226+0300] {logging_mixin.py:188} INFO - [2026-06-24T12:44:10.226+0300] {dag.py:3954} INFO - Setting next_dagrun for example_display_name to None, run_after=None
[2026-06-24T12:44:10.254+0300] {processor.py:183} INFO - Processing /media/data/omar/programming course/DEPI/DEPI project/anomx/venv/lib/python3.12/site-packages/airflow/example_dags/example_display_name.py took 0.066 seconds
[2026-06-24T12:45:23.464+0300] {processor.py:161} INFO - Started process (PID=33796) to work on /media/data/omar/programming course/DEPI/DEPI project/anomx/venv/lib/python3.12/site-packages/airflow/example_dags/example_display_name.py
[2026-06-24T12:45:23.464+0300] {processor.py:830} INFO - Processing file /media/data/omar/programming course/DEPI/DEPI project/anomx/venv/lib/python3.12/site-packages/airflow/example_dags/example_display_name.py for tasks to queue
[2026-06-24T12:45:23.465+0300] {logging_mixin.py:188} INFO - [2026-06-24T12:45:23.465+0300] {dagbag.py:540} INFO - Filling up the DagBag from /media/data/omar/programming course/DEPI/DEPI project/anomx/venv/lib/python3.12/site-packages/airflow/example_dags/example_display_name.py
[2026-06-24T12:45:23.471+0300] {processor.py:840} INFO - DAG(s) 'example_display_name' retrieved from /media/data/omar/programming course/DEPI/DEPI project/anomx/venv/lib/python3.12/site-packages/airflow/example_dags/example_display_name.py
[2026-06-24T12:45:23.484+0300] {logging_mixin.py:188} INFO - [2026-06-24T12:45:23.484+0300] {dag.py:3096} INFO - Sync 1 DAGs
[2026-06-24T12:45:23.493+0300] {logging_mixin.py:188} INFO - [2026-06-24T12:45:23.493+0300] {dag.py:3954} INFO - Setting next_dagrun for example_display_name to None, run_after=None
[2026-06-24T12:45:23.520+0300] {processor.py:183} INFO - Processing /media/data/omar/programming course/DEPI/DEPI project/anomx/venv/lib/python3.12/site-packages/airflow/example_dags/example_display_name.py took 0.061 seconds
[2026-06-24T12:46:14.726+0300] {processor.py:161} INFO - Started process (PID=34140) to work on /media/data/omar/programming course/DEPI/DEPI project/anomx/venv/lib/python3.12/site-packages/airflow/example_dags/example_display_name.py
[2026-06-24T12:46:14.727+0300] {processor.py:830} INFO - Processing file /media/data/omar/programming course/DEPI/DEPI project/anomx/venv/lib/python3.12/site-packages/airflow/example_dags/example_display_name.py for tasks to queue
[2026-06-24T12:46:14.728+0300] {logging_mixin.py:188} INFO - [2026-06-24T12:46:14.728+0300] {dagbag.py:540} INFO - Filling up the DagBag from /media/data/omar/programming course/DEPI/DEPI project/anomx/venv/lib/python3.12/site-packages/airflow/example_dags/example_display_name.py
[2026-06-24T12:46:14.733+0300] {processor.py:840} INFO - DAG(s) 'example_display_name' retrieved from /media/data/omar/programming course/DEPI/DEPI project/anomx/venv/lib/python3.12/site-packages/airflow/example_dags/example_display_name.py
[2026-06-24T12:46:14.746+0300] {logging_mixin.py:188} INFO - [2026-06-24T12:46:14.746+0300] {dag.py:3096} INFO - Sync 1 DAGs
[2026-06-24T12:46:14.754+0300] {logging_mixin.py:188} INFO - [2026-06-24T12:46:14.754+0300] {dag.py:3954} INFO - Setting next_dagrun for example_display_name to None, run_after=None
[2026-06-24T12:46:14.780+0300] {processor.py:183} INFO - Processing /media/data/omar/programming course/DEPI/DEPI project/anomx/venv/lib/python3.12/site-packages/airflow/example_dags/example_display_name.py took 0.058 seconds
[2026-06-24T12:47:32.609+0300] {processor.py:161} INFO - Started process (PID=34946) to work on /media/data/omar/programming course/DEPI/DEPI project/anomx/venv/lib/python3.12/site-packages/airflow/example_dags/example_display_name.py
[2026-06-24T12:47:32.610+0300] {processor.py:830} INFO - Processing file /media/data/omar/programming course/DEPI/DEPI project/anomx/venv/lib/python3.12/site-packages/airflow/example_dags/example_display_name.py for tasks to queue
[2026-06-24T12:47:32.611+0300] {logging_mixin.py:188} INFO - [2026-06-24T12:47:32.611+0300] {dagbag.py:540} INFO - Filling up the DagBag from /media/data/omar/programming course/DEPI/DEPI project/anomx/venv/lib/python3.12/site-packages/airflow/example_dags/example_display_name.py
[2026-06-24T12:47:32.617+0300] {processor.py:840} INFO - DAG(s) 'example_display_name' retrieved from /media/data/omar/programming course/DEPI/DEPI project/anomx/venv/lib/python3.12/site-packages/airflow/example_dags/example_display_name.py
[2026-06-24T12:47:32.633+0300] {logging_mixin.py:188} INFO - [2026-06-24T12:47:32.633+0300] {dag.py:3096} INFO - Sync 1 DAGs
[2026-06-24T12:47:32.642+0300] {logging_mixin.py:188} INFO - [2026-06-24T12:47:32.642+0300] {dag.py:3954} INFO - Setting next_dagrun for example_display_name to None, run_after=None
[2026-06-24T12:47:32.679+0300] {processor.py:183} INFO - Processing /media/data/omar/programming course/DEPI/DEPI project/anomx/venv/lib/python3.12/site-packages/airflow/example_dags/example_display_name.py took 0.075 seconds
[2026-06-24T12:48:27.077+0300] {processor.py:161} INFO - Started process (PID=35323) to work on /media/data/omar/programming course/DEPI/DEPI project/anomx/venv/lib/python3.12/site-packages/airflow/example_dags/example_display_name.py
[2026-06-24T12:48:27.078+0300] {processor.py:830} INFO - Processing file /media/data/omar/programming course/DEPI/DEPI project/anomx/venv/lib/python3.12/site-packages/airflow/example_dags/example_display_name.py for tasks to queue
[2026-06-24T12:48:27.079+0300] {logging_mixin.py:188} INFO - [2026-06-24T12:48:27.078+0300] {dagbag.py:540} INFO - Filling up the DagBag from /media/data/omar/programming course/DEPI/DEPI project/anomx/venv/lib/python3.12/site-packages/airflow/example_dags/example_display_name.py
[2026-06-24T12:48:27.087+0300] {processor.py:840} INFO - DAG(s) 'example_display_name' retrieved from /media/data/omar/programming course/DEPI/DEPI project/anomx/venv/lib/python3.12/site-packages/airflow/example_dags/example_display_name.py
[2026-06-24T12:48:27.107+0300] {logging_mixin.py:188} INFO - [2026-06-24T12:48:27.106+0300] {dag.py:3096} INFO - Sync 1 DAGs
[2026-06-24T12:48:27.122+0300] {logging_mixin.py:188} INFO - [2026-06-24T12:48:27.121+0300] {dag.py:3954} INFO - Setting next_dagrun for example_display_name to None, run_after=None
[2026-06-24T12:48:27.177+0300] {processor.py:183} INFO - Processing /media/data/omar/programming course/DEPI/DEPI project/anomx/venv/lib/python3.12/site-packages/airflow/example_dags/example_display_name.py took 0.109 seconds
[2026-06-24T12:49:19.440+0300] {processor.py:161} INFO - Started process (PID=35888) to work on /media/data/omar/programming course/DEPI/DEPI project/anomx/venv/lib/python3.12/site-packages/airflow/example_dags/example_display_name.py
[2026-06-24T12:49:19.441+0300] {processor.py:830} INFO - Processing file /media/data/omar/programming course/DEPI/DEPI project/anomx/venv/lib/python3.12/site-packages/airflow/example_dags/example_display_name.py for tasks to queue
[2026-06-24T12:49:19.443+0300] {logging_mixin.py:188} INFO - [2026-06-24T12:49:19.442+0300] {dagbag.py:540} INFO - Filling up the DagBag from /media/data/omar/programming course/DEPI/DEPI project/anomx/venv/lib/python3.12/site-packages/airflow/example_dags/example_display_name.py
[2026-06-24T12:49:19.450+0300] {processor.py:840} INFO - DAG(s) 'example_display_name' retrieved from /media/data/omar/programming course/DEPI/DEPI project/anomx/venv/lib/python3.12/site-packages/airflow/example_dags/example_display_name.py
[2026-06-24T12:49:19.466+0300] {logging_mixin.py:188} INFO - [2026-06-24T12:49:19.465+0300] {dag.py:3096} INFO - Sync 1 DAGs
[2026-06-24T12:49:19.474+0300] {logging_mixin.py:188} INFO - [2026-06-24T12:49:19.474+0300] {dag.py:3954} INFO - Setting next_dagrun for example_display_name to None, run_after=None
[2026-06-24T12:49:19.501+0300] {processor.py:183} INFO - Processing /media/data/omar/programming course/DEPI/DEPI project/anomx/venv/lib/python3.12/site-packages/airflow/example_dags/example_display_name.py took 0.070 seconds
[2026-06-24T12:50:13.253+0300] {processor.py:161} INFO - Started process (PID=36258) to work on /media/data/omar/programming course/DEPI/DEPI project/anomx/venv/lib/python3.12/site-packages/airflow/example_dags/example_display_name.py
[2026-06-24T12:50:13.254+0300] {processor.py:830} INFO - Processing file /media/data/omar/programming course/DEPI/DEPI project/anomx/venv/lib/python3.12/site-packages/airflow/example_dags/example_display_name.py for tasks to queue
[2026-06-24T12:50:13.255+0300] {logging_mixin.py:188} INFO - [2026-06-24T12:50:13.254+0300] {dagbag.py:540} INFO - Filling up the DagBag from /media/data/omar/programming course/DEPI/DEPI project/anomx/venv/lib/python3.12/site-packages/airflow/example_dags/example_display_name.py
[2026-06-24T12:50:13.263+0300] {processor.py:840} INFO - DAG(s) 'example_display_name' retrieved from /media/data/omar/programming course/DEPI/DEPI project/anomx/venv/lib/python3.12/site-packages/airflow/example_dags/example_display_name.py
[2026-06-24T12:50:13.283+0300] {logging_mixin.py:188} INFO - [2026-06-24T12:50:13.283+0300] {dag.py:3096} INFO - Sync 1 DAGs
[2026-06-24T12:50:13.299+0300] {logging_mixin.py:188} INFO - [2026-06-24T12:50:13.298+0300] {dag.py:3954} INFO - Setting next_dagrun for example_display_name to None, run_after=None
[2026-06-24T12:50:13.334+0300] {processor.py:183} INFO - Processing /media/data/omar/programming course/DEPI/DEPI project/anomx/venv/lib/python3.12/site-packages/airflow/example_dags/example_display_name.py took 0.088 seconds
[2026-06-24T12:51:06.842+0300] {processor.py:161} INFO - Started process (PID=36911) to work on /media/data/omar/programming course/DEPI/DEPI project/anomx/venv/lib/python3.12/site-packages/airflow/example_dags/example_display_name.py
[2026-06-24T12:51:06.843+0300] {processor.py:830} INFO - Processing file /media/data/omar/programming course/DEPI/DEPI project/anomx/venv/lib/python3.12/site-packages/airflow/example_dags/example_display_name.py for tasks to queue
[2026-06-24T12:51:06.844+0300] {logging_mixin.py:188} INFO - [2026-06-24T12:51:06.843+0300] {dagbag.py:540} INFO - Filling up the DagBag from /media/data/omar/programming course/DEPI/DEPI project/anomx/venv/lib/python3.12/site-packages/airflow/example_dags/example_display_name.py
[2026-06-24T12:51:06.850+0300] {processor.py:840} INFO - DAG(s) 'example_display_name' retrieved from /media/data/omar/programming course/DEPI/DEPI project/anomx/venv/lib/python3.12/site-packages/airflow/example_dags/example_display_name.py
[2026-06-24T12:51:06.867+0300] {logging_mixin.py:188} INFO - [2026-06-24T12:51:06.866+0300] {dag.py:3096} INFO - Sync 1 DAGs
[2026-06-24T12:51:06.876+0300] {logging_mixin.py:188} INFO - [2026-06-24T12:51:06.876+0300] {dag.py:3954} INFO - Setting next_dagrun for example_display_name to None, run_after=None
[2026-06-24T12:51:06.905+0300] {processor.py:183} INFO - Processing /media/data/omar/programming course/DEPI/DEPI project/anomx/venv/lib/python3.12/site-packages/airflow/example_dags/example_display_name.py took 0.070 seconds
[2026-06-24T12:51:59.104+0300] {processor.py:161} INFO - Started process (PID=37214) to work on /media/data/omar/programming course/DEPI/DEPI project/anomx/venv/lib/python3.12/site-packages/airflow/example_dags/example_display_name.py
[2026-06-24T12:51:59.105+0300] {processor.py:830} INFO - Processing file /media/data/omar/programming course/DEPI/DEPI project/anomx/venv/lib/python3.12/site-packages/airflow/example_dags/example_display_name.py for tasks to queue
[2026-06-24T12:51:59.106+0300] {logging_mixin.py:188} INFO - [2026-06-24T12:51:59.106+0300] {dagbag.py:540} INFO - Filling up the DagBag from /media/data/omar/programming course/DEPI/DEPI project/anomx/venv/lib/python3.12/site-packages/airflow/example_dags/example_display_name.py
[2026-06-24T12:51:59.113+0300] {processor.py:840} INFO - DAG(s) 'example_display_name' retrieved from /media/data/omar/programming course/DEPI/DEPI project/anomx/venv/lib/python3.12/site-packages/airflow/example_dags/example_display_name.py
[2026-06-24T12:51:59.137+0300] {logging_mixin.py:188} INFO - [2026-06-24T12:51:59.136+0300] {dag.py:3096} INFO - Sync 1 DAGs
[2026-06-24T12:51:59.149+0300] {logging_mixin.py:188} INFO - [2026-06-24T12:51:59.149+0300] {dag.py:3954} INFO - Setting next_dagrun for example_display_name to None, run_after=None
[2026-06-24T12:51:59.188+0300] {processor.py:183} INFO - Processing /media/data/omar/programming course/DEPI/DEPI project/anomx/venv/lib/python3.12/site-packages/airflow/example_dags/example_display_name.py took 0.090 seconds
[2026-06-24T12:53:14.598+0300] {processor.py:161} INFO - Started process (PID=38018) to work on /media/data/omar/programming course/DEPI/DEPI project/anomx/venv/lib/python3.12/site-packages/airflow/example_dags/example_display_name.py
[2026-06-24T12:53:14.600+0300] {processor.py:830} INFO - Processing file /media/data/omar/programming course/DEPI/DEPI project/anomx/venv/lib/python3.12/site-packages/airflow/example_dags/example_display_name.py for tasks to queue
[2026-06-24T12:53:14.602+0300] {logging_mixin.py:188} INFO - [2026-06-24T12:53:14.601+0300] {dagbag.py:540} INFO - Filling up the DagBag from /media/data/omar/programming course/DEPI/DEPI project/anomx/venv/lib/python3.12/site-packages/airflow/example_dags/example_display_name.py
[2026-06-24T12:53:14.614+0300] {processor.py:840} INFO - DAG(s) 'example_display_name' retrieved from /media/data/omar/programming course/DEPI/DEPI project/anomx/venv/lib/python3.12/site-packages/airflow/example_dags/example_display_name.py
[2026-06-24T12:53:14.641+0300] {logging_mixin.py:188} INFO - [2026-06-24T12:53:14.641+0300] {dag.py:3096} INFO - Sync 1 DAGs
[2026-06-24T12:53:14.657+0300] {logging_mixin.py:188} INFO - [2026-06-24T12:53:14.656+0300] {dag.py:3954} INFO - Setting next_dagrun for example_display_name to None, run_after=None
[2026-06-24T12:53:14.728+0300] {processor.py:183} INFO - Processing /media/data/omar/programming course/DEPI/DEPI project/anomx/venv/lib/python3.12/site-packages/airflow/example_dags/example_display_name.py took 0.139 seconds
[2026-06-24T12:54:08.230+0300] {processor.py:161} INFO - Started process (PID=38577) to work on /media/data/omar/programming course/DEPI/DEPI project/anomx/venv/lib/python3.12/site-packages/airflow/example_dags/example_display_name.py
[2026-06-24T12:54:08.231+0300] {processor.py:830} INFO - Processing file /media/data/omar/programming course/DEPI/DEPI project/anomx/venv/lib/python3.12/site-packages/airflow/example_dags/example_display_name.py for tasks to queue
[2026-06-24T12:54:08.231+0300] {logging_mixin.py:188} INFO - [2026-06-24T12:54:08.231+0300] {dagbag.py:540} INFO - Filling up the DagBag from /media/data/omar/programming course/DEPI/DEPI project/anomx/venv/lib/python3.12/site-packages/airflow/example_dags/example_display_name.py
[2026-06-24T12:54:08.237+0300] {processor.py:840} INFO - DAG(s) 'example_display_name' retrieved from /media/data/omar/programming course/DEPI/DEPI project/anomx/venv/lib/python3.12/site-packages/airflow/example_dags/example_display_name.py
[2026-06-24T12:54:08.254+0300] {logging_mixin.py:188} INFO - [2026-06-24T12:54:08.253+0300] {dag.py:3096} INFO - Sync 1 DAGs
[2026-06-24T12:54:08.263+0300] {logging_mixin.py:188} INFO - [2026-06-24T12:54:08.263+0300] {dag.py:3954} INFO - Setting next_dagrun for example_display_name to None, run_after=None
[2026-06-24T12:54:08.292+0300] {processor.py:183} INFO - Processing /media/data/omar/programming course/DEPI/DEPI project/anomx/venv/lib/python3.12/site-packages/airflow/example_dags/example_display_name.py took 0.068 seconds
[2026-06-24T12:55:03.267+0300] {processor.py:161} INFO - Started process (PID=38976) to work on /media/data/omar/programming course/DEPI/DEPI project/anomx/venv/lib/python3.12/site-packages/airflow/example_dags/example_display_name.py
[2026-06-24T12:55:03.268+0300] {processor.py:830} INFO - Processing file /media/data/omar/programming course/DEPI/DEPI project/anomx/venv/lib/python3.12/site-packages/airflow/example_dags/example_display_name.py for tasks to queue
[2026-06-24T12:55:03.270+0300] {logging_mixin.py:188} INFO - [2026-06-24T12:55:03.269+0300] {dagbag.py:540} INFO - Filling up the DagBag from /media/data/omar/programming course/DEPI/DEPI project/anomx/venv/lib/python3.12/site-packages/airflow/example_dags/example_display_name.py
[2026-06-24T12:55:03.277+0300] {processor.py:840} INFO - DAG(s) 'example_display_name' retrieved from /media/data/omar/programming course/DEPI/DEPI project/anomx/venv/lib/python3.12/site-packages/airflow/example_dags/example_display_name.py
[2026-06-24T12:55:03.297+0300] {logging_mixin.py:188} INFO - [2026-06-24T12:55:03.297+0300] {dag.py:3096} INFO - Sync 1 DAGs
[2026-06-24T12:55:03.310+0300] {logging_mixin.py:188} INFO - [2026-06-24T12:55:03.309+0300] {dag.py:3954} INFO - Setting next_dagrun for example_display_name to None, run_after=None
[2026-06-24T12:55:03.346+0300] {processor.py:183} INFO - Processing /media/data/omar/programming course/DEPI/DEPI project/anomx/venv/lib/python3.12/site-packages/airflow/example_dags/example_display_name.py took 0.086 seconds
[2026-06-24T12:56:07.259+0300] {processor.py:161} INFO - Started process (PID=39599) to work on /media/data/omar/programming course/DEPI/DEPI project/anomx/venv/lib/python3.12/site-packages/airflow/example_dags/example_display_name.py
[2026-06-24T12:56:07.265+0300] {processor.py:830} INFO - Processing file /media/data/omar/programming course/DEPI/DEPI project/anomx/venv/lib/python3.12/site-packages/airflow/example_dags/example_display_name.py for tasks to queue
[2026-06-24T12:56:07.277+0300] {logging_mixin.py:188} INFO - [2026-06-24T12:56:07.268+0300] {dagbag.py:540} INFO - Filling up the DagBag from /media/data/omar/programming course/DEPI/DEPI project/anomx/venv/lib/python3.12/site-packages/airflow/example_dags/example_display_name.py
[2026-06-24T12:56:07.321+0300] {processor.py:840} INFO - DAG(s) 'example_display_name' retrieved from /media/data/omar/programming course/DEPI/DEPI project/anomx/venv/lib/python3.12/site-packages/airflow/example_dags/example_display_name.py
[2026-06-24T12:56:07.379+0300] {logging_mixin.py:188} INFO - [2026-06-24T12:56:07.378+0300] {dag.py:3096} INFO - Sync 1 DAGs
[2026-06-24T12:56:07.400+0300] {logging_mixin.py:188} INFO - [2026-06-24T12:56:07.399+0300] {dag.py:3954} INFO - Setting next_dagrun for example_display_name to None, run_after=None
[2026-06-24T12:56:07.440+0300] {processor.py:183} INFO - Processing /media/data/omar/programming course/DEPI/DEPI project/anomx/venv/lib/python3.12/site-packages/airflow/example_dags/example_display_name.py took 0.216 seconds
[2026-06-24T12:57:11.848+0300] {processor.py:161} INFO - Started process (PID=40016) to work on /media/data/omar/programming course/DEPI/DEPI project/anomx/venv/lib/python3.12/site-packages/airflow/example_dags/example_display_name.py
[2026-06-24T12:57:11.849+0300] {processor.py:830} INFO - Processing file /media/data/omar/programming course/DEPI/DEPI project/anomx/venv/lib/python3.12/site-packages/airflow/example_dags/example_display_name.py for tasks to queue
[2026-06-24T12:57:11.851+0300] {logging_mixin.py:188} INFO - [2026-06-24T12:57:11.850+0300] {dagbag.py:540} INFO - Filling up the DagBag from /media/data/omar/programming course/DEPI/DEPI project/anomx/venv/lib/python3.12/site-packages/airflow/example_dags/example_display_name.py
[2026-06-24T12:57:11.860+0300] {processor.py:840} INFO - DAG(s) 'example_display_name' retrieved from /media/data/omar/programming course/DEPI/DEPI project/anomx/venv/lib/python3.12/site-packages/airflow/example_dags/example_display_name.py
[2026-06-24T12:57:11.886+0300] {logging_mixin.py:188} INFO - [2026-06-24T12:57:11.885+0300] {dag.py:3096} INFO - Sync 1 DAGs
[2026-06-24T12:57:11.899+0300] {logging_mixin.py:188} INFO - [2026-06-24T12:57:11.898+0300] {dag.py:3954} INFO - Setting next_dagrun for example_display_name to None, run_after=None
[2026-06-24T12:57:11.933+0300] {processor.py:183} INFO - Processing /media/data/omar/programming course/DEPI/DEPI project/anomx/venv/lib/python3.12/site-packages/airflow/example_dags/example_display_name.py took 0.095 seconds
[2026-06-24T12:58:05.010+0300] {processor.py:161} INFO - Started process (PID=40597) to work on /media/data/omar/programming course/DEPI/DEPI project/anomx/venv/lib/python3.12/site-packages/airflow/example_dags/example_display_name.py
[2026-06-24T12:58:05.011+0300] {processor.py:830} INFO - Processing file /media/data/omar/programming course/DEPI/DEPI project/anomx/venv/lib/python3.12/site-packages/airflow/example_dags/example_display_name.py for tasks to queue
[2026-06-24T12:58:05.012+0300] {logging_mixin.py:188} INFO - [2026-06-24T12:58:05.012+0300] {dagbag.py:540} INFO - Filling up the DagBag from /media/data/omar/programming course/DEPI/DEPI project/anomx/venv/lib/python3.12/site-packages/airflow/example_dags/example_display_name.py
[2026-06-24T12:58:05.018+0300] {processor.py:840} INFO - DAG(s) 'example_display_name' retrieved from /media/data/omar/programming course/DEPI/DEPI project/anomx/venv/lib/python3.12/site-packages/airflow/example_dags/example_display_name.py
[2026-06-24T12:58:05.035+0300] {logging_mixin.py:188} INFO - [2026-06-24T12:58:05.034+0300] {dag.py:3096} INFO - Sync 1 DAGs
[2026-06-24T12:58:05.044+0300] {logging_mixin.py:188} INFO - [2026-06-24T12:58:05.044+0300] {dag.py:3954} INFO - Setting next_dagrun for example_display_name to None, run_after=None
[2026-06-24T12:58:05.080+0300] {processor.py:183} INFO - Processing /media/data/omar/programming course/DEPI/DEPI project/anomx/venv/lib/python3.12/site-packages/airflow/example_dags/example_display_name.py took 0.074 seconds
[2026-06-24T12:58:56.606+0300] {processor.py:161} INFO - Started process (PID=40945) to work on /media/data/omar/programming course/DEPI/DEPI project/anomx/venv/lib/python3.12/site-packages/airflow/example_dags/example_display_name.py
[2026-06-24T12:58:56.607+0300] {processor.py:830} INFO - Processing file /media/data/omar/programming course/DEPI/DEPI project/anomx/venv/lib/python3.12/site-packages/airflow/example_dags/example_display_name.py for tasks to queue
[2026-06-24T12:58:56.608+0300] {logging_mixin.py:188} INFO - [2026-06-24T12:58:56.607+0300] {dagbag.py:540} INFO - Filling up the DagBag from /media/data/omar/programming course/DEPI/DEPI project/anomx/venv/lib/python3.12/site-packages/airflow/example_dags/example_display_name.py
[2026-06-24T12:58:56.614+0300] {processor.py:840} INFO - DAG(s) 'example_display_name' retrieved from /media/data/omar/programming course/DEPI/DEPI project/anomx/venv/lib/python3.12/site-packages/airflow/example_dags/example_display_name.py
[2026-06-24T12:58:56.632+0300] {logging_mixin.py:188} INFO - [2026-06-24T12:58:56.631+0300] {dag.py:3096} INFO - Sync 1 DAGs
[2026-06-24T12:58:56.642+0300] {logging_mixin.py:188} INFO - [2026-06-24T12:58:56.642+0300] {dag.py:3954} INFO - Setting next_dagrun for example_display_name to None, run_after=None
[2026-06-24T12:58:56.673+0300] {processor.py:183} INFO - Processing /media/data/omar/programming course/DEPI/DEPI project/anomx/venv/lib/python3.12/site-packages/airflow/example_dags/example_display_name.py took 0.072 seconds
[2026-06-24T12:59:49.352+0300] {processor.py:161} INFO - Started process (PID=41502) to work on /media/data/omar/programming course/DEPI/DEPI project/anomx/venv/lib/python3.12/site-packages/airflow/example_dags/example_display_name.py
[2026-06-24T12:59:49.353+0300] {processor.py:830} INFO - Processing file /media/data/omar/programming course/DEPI/DEPI project/anomx/venv/lib/python3.12/site-packages/airflow/example_dags/example_display_name.py for tasks to queue
[2026-06-24T12:59:49.355+0300] {logging_mixin.py:188} INFO - [2026-06-24T12:59:49.354+0300] {dagbag.py:540} INFO - Filling up the DagBag from /media/data/omar/programming course/DEPI/DEPI project/anomx/venv/lib/python3.12/site-packages/airflow/example_dags/example_display_name.py
[2026-06-24T12:59:49.362+0300] {processor.py:840} INFO - DAG(s) 'example_display_name' retrieved from /media/data/omar/programming course/DEPI/DEPI project/anomx/venv/lib/python3.12/site-packages/airflow/example_dags/example_display_name.py
[2026-06-24T12:59:49.386+0300] {logging_mixin.py:188} INFO - [2026-06-24T12:59:49.386+0300] {dag.py:3096} INFO - Sync 1 DAGs
[2026-06-24T12:59:49.401+0300] {logging_mixin.py:188} INFO - [2026-06-24T12:59:49.401+0300] {dag.py:3954} INFO - Setting next_dagrun for example_display_name to None, run_after=None
[2026-06-24T12:59:49.439+0300] {processor.py:183} INFO - Processing /media/data/omar/programming course/DEPI/DEPI project/anomx/venv/lib/python3.12/site-packages/airflow/example_dags/example_display_name.py took 0.096 seconds
[2026-06-24T13:01:02.774+0300] {processor.py:161} INFO - Started process (PID=42024) to work on /media/data/omar/programming course/DEPI/DEPI project/anomx/venv/lib/python3.12/site-packages/airflow/example_dags/example_display_name.py
[2026-06-24T13:01:02.775+0300] {processor.py:830} INFO - Processing file /media/data/omar/programming course/DEPI/DEPI project/anomx/venv/lib/python3.12/site-packages/airflow/example_dags/example_display_name.py for tasks to queue
[2026-06-24T13:01:02.776+0300] {logging_mixin.py:188} INFO - [2026-06-24T13:01:02.776+0300] {dagbag.py:540} INFO - Filling up the DagBag from /media/data/omar/programming course/DEPI/DEPI project/anomx/venv/lib/python3.12/site-packages/airflow/example_dags/example_display_name.py
[2026-06-24T13:01:02.782+0300] {processor.py:840} INFO - DAG(s) 'example_display_name' retrieved from /media/data/omar/programming course/DEPI/DEPI project/anomx/venv/lib/python3.12/site-packages/airflow/example_dags/example_display_name.py
[2026-06-24T13:01:02.799+0300] {logging_mixin.py:188} INFO - [2026-06-24T13:01:02.799+0300] {dag.py:3096} INFO - Sync 1 DAGs
[2026-06-24T13:01:02.811+0300] {logging_mixin.py:188} INFO - [2026-06-24T13:01:02.810+0300] {dag.py:3954} INFO - Setting next_dagrun for example_display_name to None, run_after=None
[2026-06-24T13:01:02.844+0300] {processor.py:183} INFO - Processing /media/data/omar/programming course/DEPI/DEPI project/anomx/venv/lib/python3.12/site-packages/airflow/example_dags/example_display_name.py took 0.076 seconds
[2026-06-24T13:01:55.106+0300] {processor.py:161} INFO - Started process (PID=42634) to work on /media/data/omar/programming course/DEPI/DEPI project/anomx/venv/lib/python3.12/site-packages/airflow/example_dags/example_display_name.py
[2026-06-24T13:01:55.106+0300] {processor.py:830} INFO - Processing file /media/data/omar/programming course/DEPI/DEPI project/anomx/venv/lib/python3.12/site-packages/airflow/example_dags/example_display_name.py for tasks to queue
[2026-06-24T13:01:55.107+0300] {logging_mixin.py:188} INFO - [2026-06-24T13:01:55.107+0300] {dagbag.py:540} INFO - Filling up the DagBag from /media/data/omar/programming course/DEPI/DEPI project/anomx/venv/lib/python3.12/site-packages/airflow/example_dags/example_display_name.py
[2026-06-24T13:01:55.112+0300] {processor.py:840} INFO - DAG(s) 'example_display_name' retrieved from /media/data/omar/programming course/DEPI/DEPI project/anomx/venv/lib/python3.12/site-packages/airflow/example_dags/example_display_name.py
[2026-06-24T13:01:55.126+0300] {logging_mixin.py:188} INFO - [2026-06-24T13:01:55.126+0300] {dag.py:3096} INFO - Sync 1 DAGs
[2026-06-24T13:01:55.135+0300] {logging_mixin.py:188} INFO - [2026-06-24T13:01:55.135+0300] {dag.py:3954} INFO - Setting next_dagrun for example_display_name to None, run_after=None
[2026-06-24T13:01:55.164+0300] {processor.py:183} INFO - Processing /media/data/omar/programming course/DEPI/DEPI project/anomx/venv/lib/python3.12/site-packages/airflow/example_dags/example_display_name.py took 0.063 seconds
[2026-06-24T13:03:10.800+0300] {processor.py:161} INFO - Started process (PID=43321) to work on /media/data/omar/programming course/DEPI/DEPI project/anomx/venv/lib/python3.12/site-packages/airflow/example_dags/example_display_name.py
[2026-06-24T13:03:10.801+0300] {processor.py:830} INFO - Processing file /media/data/omar/programming course/DEPI/DEPI project/anomx/venv/lib/python3.12/site-packages/airflow/example_dags/example_display_name.py for tasks to queue
[2026-06-24T13:03:10.802+0300] {logging_mixin.py:188} INFO - [2026-06-24T13:03:10.801+0300] {dagbag.py:540} INFO - Filling up the DagBag from /media/data/omar/programming course/DEPI/DEPI project/anomx/venv/lib/python3.12/site-packages/airflow/example_dags/example_display_name.py
[2026-06-24T13:03:10.807+0300] {processor.py:840} INFO - DAG(s) 'example_display_name' retrieved from /media/data/omar/programming course/DEPI/DEPI project/anomx/venv/lib/python3.12/site-packages/airflow/example_dags/example_display_name.py
[2026-06-24T13:03:10.820+0300] {logging_mixin.py:188} INFO - [2026-06-24T13:03:10.820+0300] {dag.py:3096} INFO - Sync 1 DAGs
[2026-06-24T13:03:10.829+0300] {logging_mixin.py:188} INFO - [2026-06-24T13:03:10.828+0300] {dag.py:3954} INFO - Setting next_dagrun for example_display_name to None, run_after=None
[2026-06-24T13:03:10.857+0300] {processor.py:183} INFO - Processing /media/data/omar/programming course/DEPI/DEPI project/anomx/venv/lib/python3.12/site-packages/airflow/example_dags/example_display_name.py took 0.061 seconds
[2026-06-24T13:04:25.204+0300] {processor.py:161} INFO - Started process (PID=43862) to work on /media/data/omar/programming course/DEPI/DEPI project/anomx/venv/lib/python3.12/site-packages/airflow/example_dags/example_display_name.py
[2026-06-24T13:04:25.205+0300] {processor.py:830} INFO - Processing file /media/data/omar/programming course/DEPI/DEPI project/anomx/venv/lib/python3.12/site-packages/airflow/example_dags/example_display_name.py for tasks to queue
[2026-06-24T13:04:25.206+0300] {logging_mixin.py:188} INFO - [2026-06-24T13:04:25.205+0300] {dagbag.py:540} INFO - Filling up the DagBag from /media/data/omar/programming course/DEPI/DEPI project/anomx/venv/lib/python3.12/site-packages/airflow/example_dags/example_display_name.py
[2026-06-24T13:04:25.211+0300] {processor.py:840} INFO - DAG(s) 'example_display_name' retrieved from /media/data/omar/programming course/DEPI/DEPI project/anomx/venv/lib/python3.12/site-packages/airflow/example_dags/example_display_name.py
[2026-06-24T13:04:25.226+0300] {logging_mixin.py:188} INFO - [2026-06-24T13:04:25.226+0300] {dag.py:3096} INFO - Sync 1 DAGs
[2026-06-24T13:04:25.235+0300] {logging_mixin.py:188} INFO - [2026-06-24T13:04:25.235+0300] {dag.py:3954} INFO - Setting next_dagrun for example_display_name to None, run_after=None
[2026-06-24T13:04:25.263+0300] {processor.py:183} INFO - Processing /media/data/omar/programming course/DEPI/DEPI project/anomx/venv/lib/python3.12/site-packages/airflow/example_dags/example_display_name.py took 0.064 seconds
[2026-06-24T13:05:41.805+0300] {processor.py:161} INFO - Started process (PID=44659) to work on /media/data/omar/programming course/DEPI/DEPI project/anomx/venv/lib/python3.12/site-packages/airflow/example_dags/example_display_name.py
[2026-06-24T13:05:41.807+0300] {processor.py:830} INFO - Processing file /media/data/omar/programming course/DEPI/DEPI project/anomx/venv/lib/python3.12/site-packages/airflow/example_dags/example_display_name.py for tasks to queue
[2026-06-24T13:05:41.808+0300] {logging_mixin.py:188} INFO - [2026-06-24T13:05:41.807+0300] {dagbag.py:540} INFO - Filling up the DagBag from /media/data/omar/programming course/DEPI/DEPI project/anomx/venv/lib/python3.12/site-packages/airflow/example_dags/example_display_name.py
[2026-06-24T13:05:41.815+0300] {processor.py:840} INFO - DAG(s) 'example_display_name' retrieved from /media/data/omar/programming course/DEPI/DEPI project/anomx/venv/lib/python3.12/site-packages/airflow/example_dags/example_display_name.py
[2026-06-24T13:05:41.831+0300] {logging_mixin.py:188} INFO - [2026-06-24T13:05:41.831+0300] {dag.py:3096} INFO - Sync 1 DAGs
[2026-06-24T13:05:41.841+0300] {logging_mixin.py:188} INFO - [2026-06-24T13:05:41.841+0300] {dag.py:3954} INFO - Setting next_dagrun for example_display_name to None, run_after=None
[2026-06-24T13:05:41.873+0300] {processor.py:183} INFO - Processing /media/data/omar/programming course/DEPI/DEPI project/anomx/venv/lib/python3.12/site-packages/airflow/example_dags/example_display_name.py took 0.074 seconds
[2026-06-24T13:06:36.231+0300] {processor.py:161} INFO - Started process (PID=44980) to work on /media/data/omar/programming course/DEPI/DEPI project/anomx/venv/lib/python3.12/site-packages/airflow/example_dags/example_display_name.py
[2026-06-24T13:06:36.232+0300] {processor.py:830} INFO - Processing file /media/data/omar/programming course/DEPI/DEPI project/anomx/venv/lib/python3.12/site-packages/airflow/example_dags/example_display_name.py for tasks to queue
[2026-06-24T13:06:36.233+0300] {logging_mixin.py:188} INFO - [2026-06-24T13:06:36.232+0300] {dagbag.py:540} INFO - Filling up the DagBag from /media/data/omar/programming course/DEPI/DEPI project/anomx/venv/lib/python3.12/site-packages/airflow/example_dags/example_display_name.py
[2026-06-24T13:06:36.240+0300] {processor.py:840} INFO - DAG(s) 'example_display_name' retrieved from /media/data/omar/programming course/DEPI/DEPI project/anomx/venv/lib/python3.12/site-packages/airflow/example_dags/example_display_name.py
[2026-06-24T13:06:36.261+0300] {logging_mixin.py:188} INFO - [2026-06-24T13:06:36.261+0300] {dag.py:3096} INFO - Sync 1 DAGs
[2026-06-24T13:06:36.273+0300] {logging_mixin.py:188} INFO - [2026-06-24T13:06:36.273+0300] {dag.py:3954} INFO - Setting next_dagrun for example_display_name to None, run_after=None
[2026-06-24T13:06:36.301+0300] {processor.py:183} INFO - Processing /media/data/omar/programming course/DEPI/DEPI project/anomx/venv/lib/python3.12/site-packages/airflow/example_dags/example_display_name.py took 0.075 seconds
[2026-06-24T13:08:12.240+0300] {processor.py:161} INFO - Started process (PID=46049) to work on /media/data/omar/programming course/DEPI/DEPI project/anomx/venv/lib/python3.12/site-packages/airflow/example_dags/example_display_name.py
[2026-06-24T13:08:12.241+0300] {processor.py:830} INFO - Processing file /media/data/omar/programming course/DEPI/DEPI project/anomx/venv/lib/python3.12/site-packages/airflow/example_dags/example_display_name.py for tasks to queue
[2026-06-24T13:08:12.242+0300] {logging_mixin.py:188} INFO - [2026-06-24T13:08:12.241+0300] {dagbag.py:540} INFO - Filling up the DagBag from /media/data/omar/programming course/DEPI/DEPI project/anomx/venv/lib/python3.12/site-packages/airflow/example_dags/example_display_name.py
[2026-06-24T13:08:12.249+0300] {processor.py:840} INFO - DAG(s) 'example_display_name' retrieved from /media/data/omar/programming course/DEPI/DEPI project/anomx/venv/lib/python3.12/site-packages/airflow/example_dags/example_display_name.py
[2026-06-24T13:08:12.267+0300] {logging_mixin.py:188} INFO - [2026-06-24T13:08:12.266+0300] {dag.py:3096} INFO - Sync 1 DAGs
[2026-06-24T13:08:12.277+0300] {logging_mixin.py:188} INFO - [2026-06-24T13:08:12.276+0300] {dag.py:3954} INFO - Setting next_dagrun for example_display_name to None, run_after=None
[2026-06-24T13:08:12.309+0300] {processor.py:183} INFO - Processing /media/data/omar/programming course/DEPI/DEPI project/anomx/venv/lib/python3.12/site-packages/airflow/example_dags/example_display_name.py took 0.076 seconds
[2026-06-24T13:12:37.962+0300] {processor.py:161} INFO - Started process (PID=49039) to work on /media/data/omar/programming course/DEPI/DEPI project/anomx/venv/lib/python3.12/site-packages/airflow/example_dags/example_display_name.py
[2026-06-24T13:12:37.962+0300] {processor.py:830} INFO - Processing file /media/data/omar/programming course/DEPI/DEPI project/anomx/venv/lib/python3.12/site-packages/airflow/example_dags/example_display_name.py for tasks to queue
[2026-06-24T13:12:37.963+0300] {logging_mixin.py:188} INFO - [2026-06-24T13:12:37.963+0300] {dagbag.py:540} INFO - Filling up the DagBag from /media/data/omar/programming course/DEPI/DEPI project/anomx/venv/lib/python3.12/site-packages/airflow/example_dags/example_display_name.py
[2026-06-24T13:12:37.969+0300] {processor.py:840} INFO - DAG(s) 'example_display_name' retrieved from /media/data/omar/programming course/DEPI/DEPI project/anomx/venv/lib/python3.12/site-packages/airflow/example_dags/example_display_name.py
[2026-06-24T13:12:37.984+0300] {logging_mixin.py:188} INFO - [2026-06-24T13:12:37.983+0300] {dag.py:3096} INFO - Sync 1 DAGs
[2026-06-24T13:12:37.992+0300] {logging_mixin.py:188} INFO - [2026-06-24T13:12:37.992+0300] {dag.py:3954} INFO - Setting next_dagrun for example_display_name to None, run_after=None
[2026-06-24T13:12:38.023+0300] {processor.py:183} INFO - Processing /media/data/omar/programming course/DEPI/DEPI project/anomx/venv/lib/python3.12/site-packages/airflow/example_dags/example_display_name.py took 0.067 seconds
[2026-06-24T13:13:31.828+0300] {processor.py:161} INFO - Started process (PID=49557) to work on /media/data/omar/programming course/DEPI/DEPI project/anomx/venv/lib/python3.12/site-packages/airflow/example_dags/example_display_name.py
[2026-06-24T13:13:31.829+0300] {processor.py:830} INFO - Processing file /media/data/omar/programming course/DEPI/DEPI project/anomx/venv/lib/python3.12/site-packages/airflow/example_dags/example_display_name.py for tasks to queue
[2026-06-24T13:13:31.829+0300] {logging_mixin.py:188} INFO - [2026-06-24T13:13:31.829+0300] {dagbag.py:540} INFO - Filling up the DagBag from /media/data/omar/programming course/DEPI/DEPI project/anomx/venv/lib/python3.12/site-packages/airflow/example_dags/example_display_name.py
[2026-06-24T13:13:31.835+0300] {processor.py:840} INFO - DAG(s) 'example_display_name' retrieved from /media/data/omar/programming course/DEPI/DEPI project/anomx/venv/lib/python3.12/site-packages/airflow/example_dags/example_display_name.py
[2026-06-24T13:13:31.849+0300] {logging_mixin.py:188} INFO - [2026-06-24T13:13:31.848+0300] {dag.py:3096} INFO - Sync 1 DAGs
[2026-06-24T13:13:31.857+0300] {logging_mixin.py:188} INFO - [2026-06-24T13:13:31.857+0300] {dag.py:3954} INFO - Setting next_dagrun for example_display_name to None, run_after=None
[2026-06-24T13:13:31.884+0300] {processor.py:183} INFO - Processing /media/data/omar/programming course/DEPI/DEPI project/anomx/venv/lib/python3.12/site-packages/airflow/example_dags/example_display_name.py took 0.061 seconds
[2026-06-24T13:14:28.049+0300] {processor.py:161} INFO - Started process (PID=50179) to work on /media/data/omar/programming course/DEPI/DEPI project/anomx/venv/lib/python3.12/site-packages/airflow/example_dags/example_display_name.py
[2026-06-24T13:14:28.050+0300] {processor.py:830} INFO - Processing file /media/data/omar/programming course/DEPI/DEPI project/anomx/venv/lib/python3.12/site-packages/airflow/example_dags/example_display_name.py for tasks to queue
[2026-06-24T13:14:28.051+0300] {logging_mixin.py:188} INFO - [2026-06-24T13:14:28.051+0300] {dagbag.py:540} INFO - Filling up the DagBag from /media/data/omar/programming course/DEPI/DEPI project/anomx/venv/lib/python3.12/site-packages/airflow/example_dags/example_display_name.py
[2026-06-24T13:14:28.057+0300] {processor.py:840} INFO - DAG(s) 'example_display_name' retrieved from /media/data/omar/programming course/DEPI/DEPI project/anomx/venv/lib/python3.12/site-packages/airflow/example_dags/example_display_name.py
[2026-06-24T13:14:28.077+0300] {logging_mixin.py:188} INFO - [2026-06-24T13:14:28.076+0300] {dag.py:3096} INFO - Sync 1 DAGs
[2026-06-24T13:14:28.093+0300] {logging_mixin.py:188} INFO - [2026-06-24T13:14:28.093+0300] {dag.py:3954} INFO - Setting next_dagrun for example_display_name to None, run_after=None
[2026-06-24T13:14:28.134+0300] {processor.py:183} INFO - Processing /media/data/omar/programming course/DEPI/DEPI project/anomx/venv/lib/python3.12/site-packages/airflow/example_dags/example_display_name.py took 0.091 seconds
[2026-06-24T13:15:21.288+0300] {processor.py:161} INFO - Started process (PID=50569) to work on /media/data/omar/programming course/DEPI/DEPI project/anomx/venv/lib/python3.12/site-packages/airflow/example_dags/example_display_name.py
[2026-06-24T13:15:21.289+0300] {processor.py:830} INFO - Processing file /media/data/omar/programming course/DEPI/DEPI project/anomx/venv/lib/python3.12/site-packages/airflow/example_dags/example_display_name.py for tasks to queue
[2026-06-24T13:15:21.290+0300] {logging_mixin.py:188} INFO - [2026-06-24T13:15:21.290+0300] {dagbag.py:540} INFO - Filling up the DagBag from /media/data/omar/programming course/DEPI/DEPI project/anomx/venv/lib/python3.12/site-packages/airflow/example_dags/example_display_name.py
[2026-06-24T13:15:21.299+0300] {processor.py:840} INFO - DAG(s) 'example_display_name' retrieved from /media/data/omar/programming course/DEPI/DEPI project/anomx/venv/lib/python3.12/site-packages/airflow/example_dags/example_display_name.py
[2026-06-24T13:15:21.321+0300] {logging_mixin.py:188} INFO - [2026-06-24T13:15:21.320+0300] {dag.py:3096} INFO - Sync 1 DAGs
[2026-06-24T13:15:21.330+0300] {logging_mixin.py:188} INFO - [2026-06-24T13:15:21.330+0300] {dag.py:3954} INFO - Setting next_dagrun for example_display_name to None, run_after=None
[2026-06-24T13:15:21.361+0300] {processor.py:183} INFO - Processing /media/data/omar/programming course/DEPI/DEPI project/anomx/venv/lib/python3.12/site-packages/airflow/example_dags/example_display_name.py took 0.082 seconds
[2026-06-24T13:16:33.697+0300] {processor.py:161} INFO - Started process (PID=51329) to work on /media/data/omar/programming course/DEPI/DEPI project/anomx/venv/lib/python3.12/site-packages/airflow/example_dags/example_display_name.py
[2026-06-24T13:16:33.699+0300] {processor.py:830} INFO - Processing file /media/data/omar/programming course/DEPI/DEPI project/anomx/venv/lib/python3.12/site-packages/airflow/example_dags/example_display_name.py for tasks to queue
[2026-06-24T13:16:33.700+0300] {logging_mixin.py:188} INFO - [2026-06-24T13:16:33.699+0300] {dagbag.py:540} INFO - Filling up the DagBag from /media/data/omar/programming course/DEPI/DEPI project/anomx/venv/lib/python3.12/site-packages/airflow/example_dags/example_display_name.py
[2026-06-24T13:16:33.706+0300] {processor.py:840} INFO - DAG(s) 'example_display_name' retrieved from /media/data/omar/programming course/DEPI/DEPI project/anomx/venv/lib/python3.12/site-packages/airflow/example_dags/example_display_name.py
[2026-06-24T13:16:33.728+0300] {logging_mixin.py:188} INFO - [2026-06-24T13:16:33.727+0300] {dag.py:3096} INFO - Sync 1 DAGs
[2026-06-24T13:16:33.739+0300] {logging_mixin.py:188} INFO - [2026-06-24T13:16:33.739+0300] {dag.py:3954} INFO - Setting next_dagrun for example_display_name to None, run_after=None
[2026-06-24T13:16:33.771+0300] {processor.py:183} INFO - Processing /media/data/omar/programming course/DEPI/DEPI project/anomx/venv/lib/python3.12/site-packages/airflow/example_dags/example_display_name.py took 0.080 seconds
[2026-06-24T13:17:24.726+0300] {processor.py:161} INFO - Started process (PID=51645) to work on /media/data/omar/programming course/DEPI/DEPI project/anomx/venv/lib/python3.12/site-packages/airflow/example_dags/example_display_name.py
[2026-06-24T13:17:24.727+0300] {processor.py:830} INFO - Processing file /media/data/omar/programming course/DEPI/DEPI project/anomx/venv/lib/python3.12/site-packages/airflow/example_dags/example_display_name.py for tasks to queue
[2026-06-24T13:17:24.729+0300] {logging_mixin.py:188} INFO - [2026-06-24T13:17:24.728+0300] {dagbag.py:540} INFO - Filling up the DagBag from /media/data/omar/programming course/DEPI/DEPI project/anomx/venv/lib/python3.12/site-packages/airflow/example_dags/example_display_name.py
[2026-06-24T13:17:24.736+0300] {processor.py:840} INFO - DAG(s) 'example_display_name' retrieved from /media/data/omar/programming course/DEPI/DEPI project/anomx/venv/lib/python3.12/site-packages/airflow/example_dags/example_display_name.py
[2026-06-24T13:17:24.755+0300] {logging_mixin.py:188} INFO - [2026-06-24T13:17:24.755+0300] {dag.py:3096} INFO - Sync 1 DAGs
[2026-06-24T13:17:24.771+0300] {logging_mixin.py:188} INFO - [2026-06-24T13:17:24.770+0300] {dag.py:3954} INFO - Setting next_dagrun for example_display_name to None, run_after=None
[2026-06-24T13:17:24.812+0300] {processor.py:183} INFO - Processing /media/data/omar/programming course/DEPI/DEPI project/anomx/venv/lib/python3.12/site-packages/airflow/example_dags/example_display_name.py took 0.094 seconds
[2026-06-24T13:18:15.561+0300] {processor.py:161} INFO - Started process (PID=52281) to work on /media/data/omar/programming course/DEPI/DEPI project/anomx/venv/lib/python3.12/site-packages/airflow/example_dags/example_display_name.py
[2026-06-24T13:18:15.562+0300] {processor.py:830} INFO - Processing file /media/data/omar/programming course/DEPI/DEPI project/anomx/venv/lib/python3.12/site-packages/airflow/example_dags/example_display_name.py for tasks to queue
[2026-06-24T13:18:15.563+0300] {logging_mixin.py:188} INFO - [2026-06-24T13:18:15.563+0300] {dagbag.py:540} INFO - Filling up the DagBag from /media/data/omar/programming course/DEPI/DEPI project/anomx/venv/lib/python3.12/site-packages/airflow/example_dags/example_display_name.py
[2026-06-24T13:18:15.569+0300] {processor.py:840} INFO - DAG(s) 'example_display_name' retrieved from /media/data/omar/programming course/DEPI/DEPI project/anomx/venv/lib/python3.12/site-packages/airflow/example_dags/example_display_name.py
[2026-06-24T13:18:15.585+0300] {logging_mixin.py:188} INFO - [2026-06-24T13:18:15.584+0300] {dag.py:3096} INFO - Sync 1 DAGs
[2026-06-24T13:18:15.595+0300] {logging_mixin.py:188} INFO - [2026-06-24T13:18:15.594+0300] {dag.py:3954} INFO - Setting next_dagrun for example_display_name to None, run_after=None
[2026-06-24T13:18:15.626+0300] {processor.py:183} INFO - Processing /media/data/omar/programming course/DEPI/DEPI project/anomx/venv/lib/python3.12/site-packages/airflow/example_dags/example_display_name.py took 0.071 seconds
