[2026-06-24T11:53:17.556+0300] {processor.py:161} INFO - Started process (PID=11069) to work on /media/data/omar/programming course/DEPI/DEPI project/anomx/venv/lib/python3.12/site-packages/airflow/example_dags/example_branch_operator_decorator.py
[2026-06-24T11:53:17.559+0300] {processor.py:830} INFO - Processing file /media/data/omar/programming course/DEPI/DEPI project/anomx/venv/lib/python3.12/site-packages/airflow/example_dags/example_branch_operator_decorator.py for tasks to queue
[2026-06-24T11:53:17.563+0300] {logging_mixin.py:188} INFO - [2026-06-24T11:53:17.562+0300] {dagbag.py:540} INFO - Filling up the DagBag from /media/data/omar/programming course/DEPI/DEPI project/anomx/venv/lib/python3.12/site-packages/airflow/example_dags/example_branch_operator_decorator.py
[2026-06-24T11:53:17.621+0300] {processor.py:840} INFO - DAG(s) 'example_branch_python_operator_decorator' retrieved from /media/data/omar/programming course/DEPI/DEPI project/anomx/venv/lib/python3.12/site-packages/airflow/example_dags/example_branch_operator_decorator.py
[2026-06-24T11:53:17.843+0300] {logging_mixin.py:188} INFO - [2026-06-24T11:53:17.842+0300] {dag.py:3096} INFO - Sync 1 DAGs
[2026-06-24T11:53:17.861+0300] {logging_mixin.py:188} INFO - [2026-06-24T11:53:17.861+0300] {dag.py:3118} INFO - Creating ORM DAG for example_branch_python_operator_decorator
[2026-06-24T11:53:17.874+0300] {logging_mixin.py:188} INFO - [2026-06-24T11:53:17.873+0300] {dag.py:3954} INFO - Setting next_dagrun for example_branch_python_operator_decorator to 2026-06-23 00:00:00+00:00, run_after=2026-06-24 00:00:00+00:00
[2026-06-24T11:53:17.929+0300] {processor.py:183} INFO - Processing /media/data/omar/programming course/DEPI/DEPI project/anomx/venv/lib/python3.12/site-packages/airflow/example_dags/example_branch_operator_decorator.py took 0.383 seconds
[2026-06-24T11:54:54.253+0300] {processor.py:161} INFO - Started process (PID=12337) to work on /media/data/omar/programming course/DEPI/DEPI project/anomx/venv/lib/python3.12/site-packages/airflow/example_dags/example_branch_operator_decorator.py
[2026-06-24T11:54:54.259+0300] {processor.py:830} INFO - Processing file /media/data/omar/programming course/DEPI/DEPI project/anomx/venv/lib/python3.12/site-packages/airflow/example_dags/example_branch_operator_decorator.py for tasks to queue
[2026-06-24T11:54:54.265+0300] {logging_mixin.py:188} INFO - [2026-06-24T11:54:54.264+0300] {dagbag.py:540} INFO - Filling up the DagBag from /media/data/omar/programming course/DEPI/DEPI project/anomx/venv/lib/python3.12/site-packages/airflow/example_dags/example_branch_operator_decorator.py
[2026-06-24T11:54:54.313+0300] {processor.py:840} INFO - DAG(s) 'example_branch_python_operator_decorator' retrieved from /media/data/omar/programming course/DEPI/DEPI project/anomx/venv/lib/python3.12/site-packages/airflow/example_dags/example_branch_operator_decorator.py
[2026-06-24T11:54:54.353+0300] {logging_mixin.py:188} INFO - [2026-06-24T11:54:54.352+0300] {dag.py:3096} INFO - Sync 1 DAGs
[2026-06-24T11:54:54.403+0300] {logging_mixin.py:188} INFO - [2026-06-24T11:54:54.403+0300] {dag.py:3954} INFO - Setting next_dagrun for example_branch_python_operator_decorator to 2026-06-23 00:00:00+00:00, run_after=2026-06-24 00:00:00+00:00
[2026-06-24T11:54:54.478+0300] {processor.py:183} INFO - Processing /media/data/omar/programming course/DEPI/DEPI project/anomx/venv/lib/python3.12/site-packages/airflow/example_dags/example_branch_operator_decorator.py took 0.236 seconds
[2026-06-24T11:56:09.247+0300] {processor.py:161} INFO - Started process (PID=13030) to work on /media/data/omar/programming course/DEPI/DEPI project/anomx/venv/lib/python3.12/site-packages/airflow/example_dags/example_branch_operator_decorator.py
[2026-06-24T11:56:09.248+0300] {processor.py:830} INFO - Processing file /media/data/omar/programming course/DEPI/DEPI project/anomx/venv/lib/python3.12/site-packages/airflow/example_dags/example_branch_operator_decorator.py for tasks to queue
[2026-06-24T11:56:09.250+0300] {logging_mixin.py:188} INFO - [2026-06-24T11:56:09.250+0300] {dagbag.py:540} INFO - Filling up the DagBag from /media/data/omar/programming course/DEPI/DEPI project/anomx/venv/lib/python3.12/site-packages/airflow/example_dags/example_branch_operator_decorator.py
[2026-06-24T11:56:09.271+0300] {processor.py:840} INFO - DAG(s) 'example_branch_python_operator_decorator' retrieved from /media/data/omar/programming course/DEPI/DEPI project/anomx/venv/lib/python3.12/site-packages/airflow/example_dags/example_branch_operator_decorator.py
[2026-06-24T11:56:09.293+0300] {logging_mixin.py:188} INFO - [2026-06-24T11:56:09.293+0300] {dag.py:3096} INFO - Sync 1 DAGs
[2026-06-24T11:56:09.309+0300] {logging_mixin.py:188} INFO - [2026-06-24T11:56:09.308+0300] {dag.py:3954} INFO - Setting next_dagrun for example_branch_python_operator_decorator to 2026-06-23 00:00:00+00:00, run_after=2026-06-24 00:00:00+00:00
[2026-06-24T11:56:09.351+0300] {processor.py:183} INFO - Processing /media/data/omar/programming course/DEPI/DEPI project/anomx/venv/lib/python3.12/site-packages/airflow/example_dags/example_branch_operator_decorator.py took 0.113 seconds
[2026-06-24T11:57:22.473+0300] {processor.py:161} INFO - Started process (PID=13488) to work on /media/data/omar/programming course/DEPI/DEPI project/anomx/venv/lib/python3.12/site-packages/airflow/example_dags/example_branch_operator_decorator.py
[2026-06-24T11:57:22.474+0300] {processor.py:830} INFO - Processing file /media/data/omar/programming course/DEPI/DEPI project/anomx/venv/lib/python3.12/site-packages/airflow/example_dags/example_branch_operator_decorator.py for tasks to queue
[2026-06-24T11:57:22.476+0300] {logging_mixin.py:188} INFO - [2026-06-24T11:57:22.476+0300] {dagbag.py:540} INFO - Filling up the DagBag from /media/data/omar/programming course/DEPI/DEPI project/anomx/venv/lib/python3.12/site-packages/airflow/example_dags/example_branch_operator_decorator.py
[2026-06-24T11:57:22.508+0300] {processor.py:840} INFO - DAG(s) 'example_branch_python_operator_decorator' retrieved from /media/data/omar/programming course/DEPI/DEPI project/anomx/venv/lib/python3.12/site-packages/airflow/example_dags/example_branch_operator_decorator.py
[2026-06-24T11:57:22.549+0300] {logging_mixin.py:188} INFO - [2026-06-24T11:57:22.549+0300] {dag.py:3096} INFO - Sync 1 DAGs
[2026-06-24T11:57:22.567+0300] {logging_mixin.py:188} INFO - [2026-06-24T11:57:22.567+0300] {dag.py:3954} INFO - Setting next_dagrun for example_branch_python_operator_decorator to 2026-06-23 00:00:00+00:00, run_after=2026-06-24 00:00:00+00:00
[2026-06-24T11:57:22.599+0300] {processor.py:183} INFO - Processing /media/data/omar/programming course/DEPI/DEPI project/anomx/venv/lib/python3.12/site-packages/airflow/example_dags/example_branch_operator_decorator.py took 0.132 seconds
[2026-06-24T11:58:22.113+0300] {processor.py:161} INFO - Started process (PID=14231) to work on /media/data/omar/programming course/DEPI/DEPI project/anomx/venv/lib/python3.12/site-packages/airflow/example_dags/example_branch_operator_decorator.py
[2026-06-24T11:58:22.115+0300] {processor.py:830} INFO - Processing file /media/data/omar/programming course/DEPI/DEPI project/anomx/venv/lib/python3.12/site-packages/airflow/example_dags/example_branch_operator_decorator.py for tasks to queue
[2026-06-24T11:58:22.117+0300] {logging_mixin.py:188} INFO - [2026-06-24T11:58:22.116+0300] {dagbag.py:540} INFO - Filling up the DagBag from /media/data/omar/programming course/DEPI/DEPI project/anomx/venv/lib/python3.12/site-packages/airflow/example_dags/example_branch_operator_decorator.py
[2026-06-24T11:58:22.151+0300] {processor.py:840} INFO - DAG(s) 'example_branch_python_operator_decorator' retrieved from /media/data/omar/programming course/DEPI/DEPI project/anomx/venv/lib/python3.12/site-packages/airflow/example_dags/example_branch_operator_decorator.py
[2026-06-24T11:58:22.187+0300] {logging_mixin.py:188} INFO - [2026-06-24T11:58:22.186+0300] {dag.py:3096} INFO - Sync 1 DAGs
[2026-06-24T11:58:22.213+0300] {logging_mixin.py:188} INFO - [2026-06-24T11:58:22.213+0300] {dag.py:3954} INFO - Setting next_dagrun for example_branch_python_operator_decorator to 2026-06-23 00:00:00+00:00, run_after=2026-06-24 00:00:00+00:00
[2026-06-24T11:58:22.248+0300] {processor.py:183} INFO - Processing /media/data/omar/programming course/DEPI/DEPI project/anomx/venv/lib/python3.12/site-packages/airflow/example_dags/example_branch_operator_decorator.py took 0.141 seconds
[2026-06-24T12:36:57.187+0300] {processor.py:161} INFO - Started process (PID=28920) to work on /media/data/omar/programming course/DEPI/DEPI project/anomx/venv/lib/python3.12/site-packages/airflow/example_dags/example_branch_operator_decorator.py
[2026-06-24T12:36:57.188+0300] {processor.py:830} INFO - Processing file /media/data/omar/programming course/DEPI/DEPI project/anomx/venv/lib/python3.12/site-packages/airflow/example_dags/example_branch_operator_decorator.py for tasks to queue
[2026-06-24T12:36:57.190+0300] {logging_mixin.py:188} INFO - [2026-06-24T12:36:57.189+0300] {dagbag.py:540} INFO - Filling up the DagBag from /media/data/omar/programming course/DEPI/DEPI project/anomx/venv/lib/python3.12/site-packages/airflow/example_dags/example_branch_operator_decorator.py
[2026-06-24T12:36:57.219+0300] {processor.py:840} INFO - DAG(s) 'example_branch_python_operator_decorator' retrieved from /media/data/omar/programming course/DEPI/DEPI project/anomx/venv/lib/python3.12/site-packages/airflow/example_dags/example_branch_operator_decorator.py
[2026-06-24T12:36:57.240+0300] {logging_mixin.py:188} INFO - [2026-06-24T12:36:57.240+0300] {dag.py:3096} INFO - Sync 1 DAGs
[2026-06-24T12:36:57.254+0300] {logging_mixin.py:188} INFO - [2026-06-24T12:36:57.254+0300] {dag.py:3954} INFO - Setting next_dagrun for example_branch_python_operator_decorator to 2026-06-23 00:00:00+00:00, run_after=2026-06-24 00:00:00+00:00
[2026-06-24T12:36:57.279+0300] {processor.py:183} INFO - Processing /media/data/omar/programming course/DEPI/DEPI project/anomx/venv/lib/python3.12/site-packages/airflow/example_dags/example_branch_operator_decorator.py took 0.101 seconds
[2026-06-24T12:37:51.556+0300] {processor.py:161} INFO - Started process (PID=29430) to work on /media/data/omar/programming course/DEPI/DEPI project/anomx/venv/lib/python3.12/site-packages/airflow/example_dags/example_branch_operator_decorator.py
[2026-06-24T12:37:51.557+0300] {processor.py:830} INFO - Processing file /media/data/omar/programming course/DEPI/DEPI project/anomx/venv/lib/python3.12/site-packages/airflow/example_dags/example_branch_operator_decorator.py for tasks to queue
[2026-06-24T12:37:51.558+0300] {logging_mixin.py:188} INFO - [2026-06-24T12:37:51.558+0300] {dagbag.py:540} INFO - Filling up the DagBag from /media/data/omar/programming course/DEPI/DEPI project/anomx/venv/lib/python3.12/site-packages/airflow/example_dags/example_branch_operator_decorator.py
[2026-06-24T12:37:51.577+0300] {processor.py:840} INFO - DAG(s) 'example_branch_python_operator_decorator' retrieved from /media/data/omar/programming course/DEPI/DEPI project/anomx/venv/lib/python3.12/site-packages/airflow/example_dags/example_branch_operator_decorator.py
[2026-06-24T12:37:51.599+0300] {logging_mixin.py:188} INFO - [2026-06-24T12:37:51.599+0300] {dag.py:3096} INFO - Sync 1 DAGs
[2026-06-24T12:37:51.614+0300] {logging_mixin.py:188} INFO - [2026-06-24T12:37:51.614+0300] {dag.py:3954} INFO - Setting next_dagrun for example_branch_python_operator_decorator to 2026-06-23 00:00:00+00:00, run_after=2026-06-24 00:00:00+00:00
[2026-06-24T12:37:51.645+0300] {processor.py:183} INFO - Processing /media/data/omar/programming course/DEPI/DEPI project/anomx/venv/lib/python3.12/site-packages/airflow/example_dags/example_branch_operator_decorator.py took 0.094 seconds
[2026-06-24T12:39:00.165+0300] {processor.py:161} INFO - Started process (PID=30192) to work on /media/data/omar/programming course/DEPI/DEPI project/anomx/venv/lib/python3.12/site-packages/airflow/example_dags/example_branch_operator_decorator.py
[2026-06-24T12:39:00.166+0300] {processor.py:830} INFO - Processing file /media/data/omar/programming course/DEPI/DEPI project/anomx/venv/lib/python3.12/site-packages/airflow/example_dags/example_branch_operator_decorator.py for tasks to queue
[2026-06-24T12:39:00.167+0300] {logging_mixin.py:188} INFO - [2026-06-24T12:39:00.167+0300] {dagbag.py:540} INFO - Filling up the DagBag from /media/data/omar/programming course/DEPI/DEPI project/anomx/venv/lib/python3.12/site-packages/airflow/example_dags/example_branch_operator_decorator.py
[2026-06-24T12:39:00.188+0300] {processor.py:840} INFO - DAG(s) 'example_branch_python_operator_decorator' retrieved from /media/data/omar/programming course/DEPI/DEPI project/anomx/venv/lib/python3.12/site-packages/airflow/example_dags/example_branch_operator_decorator.py
[2026-06-24T12:39:00.208+0300] {logging_mixin.py:188} INFO - [2026-06-24T12:39:00.208+0300] {dag.py:3096} INFO - Sync 1 DAGs
[2026-06-24T12:39:00.222+0300] {logging_mixin.py:188} INFO - [2026-06-24T12:39:00.222+0300] {dag.py:3954} INFO - Setting next_dagrun for example_branch_python_operator_decorator to 2026-06-23 00:00:00+00:00, run_after=2026-06-24 00:00:00+00:00
[2026-06-24T12:39:00.250+0300] {processor.py:183} INFO - Processing /media/data/omar/programming course/DEPI/DEPI project/anomx/venv/lib/python3.12/site-packages/airflow/example_dags/example_branch_operator_decorator.py took 0.092 seconds
[2026-06-24T12:40:08.309+0300] {processor.py:161} INFO - Started process (PID=30796) to work on /media/data/omar/programming course/DEPI/DEPI project/anomx/venv/lib/python3.12/site-packages/airflow/example_dags/example_branch_operator_decorator.py
[2026-06-24T12:40:08.310+0300] {processor.py:830} INFO - Processing file /media/data/omar/programming course/DEPI/DEPI project/anomx/venv/lib/python3.12/site-packages/airflow/example_dags/example_branch_operator_decorator.py for tasks to queue
[2026-06-24T12:40:08.311+0300] {logging_mixin.py:188} INFO - [2026-06-24T12:40:08.311+0300] {dagbag.py:540} INFO - Filling up the DagBag from /media/data/omar/programming course/DEPI/DEPI project/anomx/venv/lib/python3.12/site-packages/airflow/example_dags/example_branch_operator_decorator.py
[2026-06-24T12:40:08.335+0300] {processor.py:840} INFO - DAG(s) 'example_branch_python_operator_decorator' retrieved from /media/data/omar/programming course/DEPI/DEPI project/anomx/venv/lib/python3.12/site-packages/airflow/example_dags/example_branch_operator_decorator.py
[2026-06-24T12:40:08.368+0300] {logging_mixin.py:188} INFO - [2026-06-24T12:40:08.367+0300] {dag.py:3096} INFO - Sync 1 DAGs
[2026-06-24T12:40:08.394+0300] {logging_mixin.py:188} INFO - [2026-06-24T12:40:08.394+0300] {dag.py:3954} INFO - Setting next_dagrun for example_branch_python_operator_decorator to 2026-06-23 00:00:00+00:00, run_after=2026-06-24 00:00:00+00:00
[2026-06-24T12:40:08.439+0300] {processor.py:183} INFO - Processing /media/data/omar/programming course/DEPI/DEPI project/anomx/venv/lib/python3.12/site-packages/airflow/example_dags/example_branch_operator_decorator.py took 0.136 seconds
[2026-06-24T12:41:33.949+0300] {processor.py:161} INFO - Started process (PID=31502) to work on /media/data/omar/programming course/DEPI/DEPI project/anomx/venv/lib/python3.12/site-packages/airflow/example_dags/example_branch_operator_decorator.py
[2026-06-24T12:41:33.950+0300] {processor.py:830} INFO - Processing file /media/data/omar/programming course/DEPI/DEPI project/anomx/venv/lib/python3.12/site-packages/airflow/example_dags/example_branch_operator_decorator.py for tasks to queue
[2026-06-24T12:41:33.951+0300] {logging_mixin.py:188} INFO - [2026-06-24T12:41:33.950+0300] {dagbag.py:540} INFO - Filling up the DagBag from /media/data/omar/programming course/DEPI/DEPI project/anomx/venv/lib/python3.12/site-packages/airflow/example_dags/example_branch_operator_decorator.py
[2026-06-24T12:41:33.971+0300] {processor.py:840} INFO - DAG(s) 'example_branch_python_operator_decorator' retrieved from /media/data/omar/programming course/DEPI/DEPI project/anomx/venv/lib/python3.12/site-packages/airflow/example_dags/example_branch_operator_decorator.py
[2026-06-24T12:41:33.993+0300] {logging_mixin.py:188} INFO - [2026-06-24T12:41:33.993+0300] {dag.py:3096} INFO - Sync 1 DAGs
[2026-06-24T12:41:34.008+0300] {logging_mixin.py:188} INFO - [2026-06-24T12:41:34.007+0300] {dag.py:3954} INFO - Setting next_dagrun for example_branch_python_operator_decorator to 2026-06-23 00:00:00+00:00, run_after=2026-06-24 00:00:00+00:00
[2026-06-24T12:41:34.036+0300] {processor.py:183} INFO - Processing /media/data/omar/programming course/DEPI/DEPI project/anomx/venv/lib/python3.12/site-packages/airflow/example_dags/example_branch_operator_decorator.py took 0.093 seconds
[2026-06-24T12:42:27.956+0300] {processor.py:161} INFO - Started process (PID=32130) to work on /media/data/omar/programming course/DEPI/DEPI project/anomx/venv/lib/python3.12/site-packages/airflow/example_dags/example_branch_operator_decorator.py
[2026-06-24T12:42:27.957+0300] {processor.py:830} INFO - Processing file /media/data/omar/programming course/DEPI/DEPI project/anomx/venv/lib/python3.12/site-packages/airflow/example_dags/example_branch_operator_decorator.py for tasks to queue
[2026-06-24T12:42:27.959+0300] {logging_mixin.py:188} INFO - [2026-06-24T12:42:27.958+0300] {dagbag.py:540} INFO - Filling up the DagBag from /media/data/omar/programming course/DEPI/DEPI project/anomx/venv/lib/python3.12/site-packages/airflow/example_dags/example_branch_operator_decorator.py
[2026-06-24T12:42:27.983+0300] {processor.py:840} INFO - DAG(s) 'example_branch_python_operator_decorator' retrieved from /media/data/omar/programming course/DEPI/DEPI project/anomx/venv/lib/python3.12/site-packages/airflow/example_dags/example_branch_operator_decorator.py
[2026-06-24T12:42:28.010+0300] {logging_mixin.py:188} INFO - [2026-06-24T12:42:28.009+0300] {dag.py:3096} INFO - Sync 1 DAGs
[2026-06-24T12:42:28.027+0300] {logging_mixin.py:188} INFO - [2026-06-24T12:42:28.026+0300] {dag.py:3954} INFO - Setting next_dagrun for example_branch_python_operator_decorator to 2026-06-23 00:00:00+00:00, run_after=2026-06-24 00:00:00+00:00
[2026-06-24T12:42:28.056+0300] {processor.py:183} INFO - Processing /media/data/omar/programming course/DEPI/DEPI project/anomx/venv/lib/python3.12/site-packages/airflow/example_dags/example_branch_operator_decorator.py took 0.106 seconds
[2026-06-24T12:43:23.247+0300] {processor.py:161} INFO - Started process (PID=32470) to work on /media/data/omar/programming course/DEPI/DEPI project/anomx/venv/lib/python3.12/site-packages/airflow/example_dags/example_branch_operator_decorator.py
[2026-06-24T12:43:23.248+0300] {processor.py:830} INFO - Processing file /media/data/omar/programming course/DEPI/DEPI project/anomx/venv/lib/python3.12/site-packages/airflow/example_dags/example_branch_operator_decorator.py for tasks to queue
[2026-06-24T12:43:23.249+0300] {logging_mixin.py:188} INFO - [2026-06-24T12:43:23.248+0300] {dagbag.py:540} INFO - Filling up the DagBag from /media/data/omar/programming course/DEPI/DEPI project/anomx/venv/lib/python3.12/site-packages/airflow/example_dags/example_branch_operator_decorator.py
[2026-06-24T12:43:23.269+0300] {processor.py:840} INFO - DAG(s) 'example_branch_python_operator_decorator' retrieved from /media/data/omar/programming course/DEPI/DEPI project/anomx/venv/lib/python3.12/site-packages/airflow/example_dags/example_branch_operator_decorator.py
[2026-06-24T12:43:23.290+0300] {logging_mixin.py:188} INFO - [2026-06-24T12:43:23.290+0300] {dag.py:3096} INFO - Sync 1 DAGs
[2026-06-24T12:43:23.306+0300] {logging_mixin.py:188} INFO - [2026-06-24T12:43:23.305+0300] {dag.py:3954} INFO - Setting next_dagrun for example_branch_python_operator_decorator to 2026-06-23 00:00:00+00:00, run_after=2026-06-24 00:00:00+00:00
[2026-06-24T12:43:23.338+0300] {processor.py:183} INFO - Processing /media/data/omar/programming course/DEPI/DEPI project/anomx/venv/lib/python3.12/site-packages/airflow/example_dags/example_branch_operator_decorator.py took 0.097 seconds
[2026-06-24T12:44:36.713+0300] {processor.py:161} INFO - Started process (PID=33227) to work on /media/data/omar/programming course/DEPI/DEPI project/anomx/venv/lib/python3.12/site-packages/airflow/example_dags/example_branch_operator_decorator.py
[2026-06-24T12:44:36.714+0300] {processor.py:830} INFO - Processing file /media/data/omar/programming course/DEPI/DEPI project/anomx/venv/lib/python3.12/site-packages/airflow/example_dags/example_branch_operator_decorator.py for tasks to queue
[2026-06-24T12:44:36.715+0300] {logging_mixin.py:188} INFO - [2026-06-24T12:44:36.714+0300] {dagbag.py:540} INFO - Filling up the DagBag from /media/data/omar/programming course/DEPI/DEPI project/anomx/venv/lib/python3.12/site-packages/airflow/example_dags/example_branch_operator_decorator.py
[2026-06-24T12:44:36.739+0300] {processor.py:840} INFO - DAG(s) 'example_branch_python_operator_decorator' retrieved from /media/data/omar/programming course/DEPI/DEPI project/anomx/venv/lib/python3.12/site-packages/airflow/example_dags/example_branch_operator_decorator.py
[2026-06-24T12:44:36.759+0300] {logging_mixin.py:188} INFO - [2026-06-24T12:44:36.759+0300] {dag.py:3096} INFO - Sync 1 DAGs
[2026-06-24T12:44:36.773+0300] {logging_mixin.py:188} INFO - [2026-06-24T12:44:36.773+0300] {dag.py:3954} INFO - Setting next_dagrun for example_branch_python_operator_decorator to 2026-06-23 00:00:00+00:00, run_after=2026-06-24 00:00:00+00:00
[2026-06-24T12:44:36.798+0300] {processor.py:183} INFO - Processing /media/data/omar/programming course/DEPI/DEPI project/anomx/venv/lib/python3.12/site-packages/airflow/example_dags/example_branch_operator_decorator.py took 0.092 seconds
[2026-06-24T12:45:51.696+0300] {processor.py:161} INFO - Started process (PID=34022) to work on /media/data/omar/programming course/DEPI/DEPI project/anomx/venv/lib/python3.12/site-packages/airflow/example_dags/example_branch_operator_decorator.py
[2026-06-24T12:45:51.697+0300] {processor.py:830} INFO - Processing file /media/data/omar/programming course/DEPI/DEPI project/anomx/venv/lib/python3.12/site-packages/airflow/example_dags/example_branch_operator_decorator.py for tasks to queue
[2026-06-24T12:45:51.698+0300] {logging_mixin.py:188} INFO - [2026-06-24T12:45:51.698+0300] {dagbag.py:540} INFO - Filling up the DagBag from /media/data/omar/programming course/DEPI/DEPI project/anomx/venv/lib/python3.12/site-packages/airflow/example_dags/example_branch_operator_decorator.py
[2026-06-24T12:45:51.718+0300] {processor.py:840} INFO - DAG(s) 'example_branch_python_operator_decorator' retrieved from /media/data/omar/programming course/DEPI/DEPI project/anomx/venv/lib/python3.12/site-packages/airflow/example_dags/example_branch_operator_decorator.py
[2026-06-24T12:45:51.739+0300] {logging_mixin.py:188} INFO - [2026-06-24T12:45:51.739+0300] {dag.py:3096} INFO - Sync 1 DAGs
[2026-06-24T12:45:51.754+0300] {logging_mixin.py:188} INFO - [2026-06-24T12:45:51.754+0300] {dag.py:3954} INFO - Setting next_dagrun for example_branch_python_operator_decorator to 2026-06-23 00:00:00+00:00, run_after=2026-06-24 00:00:00+00:00
[2026-06-24T12:45:51.783+0300] {processor.py:183} INFO - Processing /media/data/omar/programming course/DEPI/DEPI project/anomx/venv/lib/python3.12/site-packages/airflow/example_dags/example_branch_operator_decorator.py took 0.092 seconds
[2026-06-24T12:47:04.736+0300] {processor.py:161} INFO - Started process (PID=34735) to work on /media/data/omar/programming course/DEPI/DEPI project/anomx/venv/lib/python3.12/site-packages/airflow/example_dags/example_branch_operator_decorator.py
[2026-06-24T12:47:04.737+0300] {processor.py:830} INFO - Processing file /media/data/omar/programming course/DEPI/DEPI project/anomx/venv/lib/python3.12/site-packages/airflow/example_dags/example_branch_operator_decorator.py for tasks to queue
[2026-06-24T12:47:04.739+0300] {logging_mixin.py:188} INFO - [2026-06-24T12:47:04.738+0300] {dagbag.py:540} INFO - Filling up the DagBag from /media/data/omar/programming course/DEPI/DEPI project/anomx/venv/lib/python3.12/site-packages/airflow/example_dags/example_branch_operator_decorator.py
[2026-06-24T12:47:04.763+0300] {processor.py:840} INFO - DAG(s) 'example_branch_python_operator_decorator' retrieved from /media/data/omar/programming course/DEPI/DEPI project/anomx/venv/lib/python3.12/site-packages/airflow/example_dags/example_branch_operator_decorator.py
[2026-06-24T12:47:04.788+0300] {logging_mixin.py:188} INFO - [2026-06-24T12:47:04.787+0300] {dag.py:3096} INFO - Sync 1 DAGs
[2026-06-24T12:47:04.805+0300] {logging_mixin.py:188} INFO - [2026-06-24T12:47:04.805+0300] {dag.py:3954} INFO - Setting next_dagrun for example_branch_python_operator_decorator to 2026-06-23 00:00:00+00:00, run_after=2026-06-24 00:00:00+00:00
[2026-06-24T12:47:04.841+0300] {processor.py:183} INFO - Processing /media/data/omar/programming course/DEPI/DEPI project/anomx/venv/lib/python3.12/site-packages/airflow/example_dags/example_branch_operator_decorator.py took 0.116 seconds
[2026-06-24T12:48:01.951+0300] {processor.py:161} INFO - Started process (PID=35126) to work on /media/data/omar/programming course/DEPI/DEPI project/anomx/venv/lib/python3.12/site-packages/airflow/example_dags/example_branch_operator_decorator.py
[2026-06-24T12:48:01.952+0300] {processor.py:830} INFO - Processing file /media/data/omar/programming course/DEPI/DEPI project/anomx/venv/lib/python3.12/site-packages/airflow/example_dags/example_branch_operator_decorator.py for tasks to queue
[2026-06-24T12:48:01.953+0300] {logging_mixin.py:188} INFO - [2026-06-24T12:48:01.953+0300] {dagbag.py:540} INFO - Filling up the DagBag from /media/data/omar/programming course/DEPI/DEPI project/anomx/venv/lib/python3.12/site-packages/airflow/example_dags/example_branch_operator_decorator.py
[2026-06-24T12:48:01.977+0300] {processor.py:840} INFO - DAG(s) 'example_branch_python_operator_decorator' retrieved from /media/data/omar/programming course/DEPI/DEPI project/anomx/venv/lib/python3.12/site-packages/airflow/example_dags/example_branch_operator_decorator.py
[2026-06-24T12:48:02.008+0300] {logging_mixin.py:188} INFO - [2026-06-24T12:48:02.008+0300] {dag.py:3096} INFO - Sync 1 DAGs
[2026-06-24T12:48:02.025+0300] {logging_mixin.py:188} INFO - [2026-06-24T12:48:02.024+0300] {dag.py:3954} INFO - Setting next_dagrun for example_branch_python_operator_decorator to 2026-06-23 00:00:00+00:00, run_after=2026-06-24 00:00:00+00:00
[2026-06-24T12:48:02.059+0300] {processor.py:183} INFO - Processing /media/data/omar/programming course/DEPI/DEPI project/anomx/venv/lib/python3.12/site-packages/airflow/example_dags/example_branch_operator_decorator.py took 0.115 seconds
[2026-06-24T12:49:20.628+0300] {processor.py:161} INFO - Started process (PID=35889) to work on /media/data/omar/programming course/DEPI/DEPI project/anomx/venv/lib/python3.12/site-packages/airflow/example_dags/example_branch_operator_decorator.py
[2026-06-24T12:49:20.630+0300] {processor.py:830} INFO - Processing file /media/data/omar/programming course/DEPI/DEPI project/anomx/venv/lib/python3.12/site-packages/airflow/example_dags/example_branch_operator_decorator.py for tasks to queue
[2026-06-24T12:49:20.634+0300] {logging_mixin.py:188} INFO - [2026-06-24T12:49:20.632+0300] {dagbag.py:540} INFO - Filling up the DagBag from /media/data/omar/programming course/DEPI/DEPI project/anomx/venv/lib/python3.12/site-packages/airflow/example_dags/example_branch_operator_decorator.py
[2026-06-24T12:49:20.674+0300] {processor.py:840} INFO - DAG(s) 'example_branch_python_operator_decorator' retrieved from /media/data/omar/programming course/DEPI/DEPI project/anomx/venv/lib/python3.12/site-packages/airflow/example_dags/example_branch_operator_decorator.py
[2026-06-24T12:49:20.699+0300] {logging_mixin.py:188} INFO - [2026-06-24T12:49:20.699+0300] {dag.py:3096} INFO - Sync 1 DAGs
[2026-06-24T12:49:20.716+0300] {logging_mixin.py:188} INFO - [2026-06-24T12:49:20.716+0300] {dag.py:3954} INFO - Setting next_dagrun for example_branch_python_operator_decorator to 2026-06-23 00:00:00+00:00, run_after=2026-06-24 00:00:00+00:00
[2026-06-24T12:49:20.751+0300] {processor.py:183} INFO - Processing /media/data/omar/programming course/DEPI/DEPI project/anomx/venv/lib/python3.12/site-packages/airflow/example_dags/example_branch_operator_decorator.py took 0.141 seconds
[2026-06-24T12:50:16.172+0300] {processor.py:161} INFO - Started process (PID=36282) to work on /media/data/omar/programming course/DEPI/DEPI project/anomx/venv/lib/python3.12/site-packages/airflow/example_dags/example_branch_operator_decorator.py
[2026-06-24T12:50:16.172+0300] {processor.py:830} INFO - Processing file /media/data/omar/programming course/DEPI/DEPI project/anomx/venv/lib/python3.12/site-packages/airflow/example_dags/example_branch_operator_decorator.py for tasks to queue
[2026-06-24T12:50:16.173+0300] {logging_mixin.py:188} INFO - [2026-06-24T12:50:16.173+0300] {dagbag.py:540} INFO - Filling up the DagBag from /media/data/omar/programming course/DEPI/DEPI project/anomx/venv/lib/python3.12/site-packages/airflow/example_dags/example_branch_operator_decorator.py
[2026-06-24T12:50:16.195+0300] {processor.py:840} INFO - DAG(s) 'example_branch_python_operator_decorator' retrieved from /media/data/omar/programming course/DEPI/DEPI project/anomx/venv/lib/python3.12/site-packages/airflow/example_dags/example_branch_operator_decorator.py
[2026-06-24T12:50:16.218+0300] {logging_mixin.py:188} INFO - [2026-06-24T12:50:16.218+0300] {dag.py:3096} INFO - Sync 1 DAGs
[2026-06-24T12:50:16.234+0300] {logging_mixin.py:188} INFO - [2026-06-24T12:50:16.234+0300] {dag.py:3954} INFO - Setting next_dagrun for example_branch_python_operator_decorator to 2026-06-23 00:00:00+00:00, run_after=2026-06-24 00:00:00+00:00
[2026-06-24T12:50:16.263+0300] {processor.py:183} INFO - Processing /media/data/omar/programming course/DEPI/DEPI project/anomx/venv/lib/python3.12/site-packages/airflow/example_dags/example_branch_operator_decorator.py took 0.097 seconds
[2026-06-24T12:51:36.651+0300] {processor.py:161} INFO - Started process (PID=37092) to work on /media/data/omar/programming course/DEPI/DEPI project/anomx/venv/lib/python3.12/site-packages/airflow/example_dags/example_branch_operator_decorator.py
[2026-06-24T12:51:36.653+0300] {processor.py:830} INFO - Processing file /media/data/omar/programming course/DEPI/DEPI project/anomx/venv/lib/python3.12/site-packages/airflow/example_dags/example_branch_operator_decorator.py for tasks to queue
[2026-06-24T12:51:36.655+0300] {logging_mixin.py:188} INFO - [2026-06-24T12:51:36.654+0300] {dagbag.py:540} INFO - Filling up the DagBag from /media/data/omar/programming course/DEPI/DEPI project/anomx/venv/lib/python3.12/site-packages/airflow/example_dags/example_branch_operator_decorator.py
[2026-06-24T12:51:36.685+0300] {processor.py:840} INFO - DAG(s) 'example_branch_python_operator_decorator' retrieved from /media/data/omar/programming course/DEPI/DEPI project/anomx/venv/lib/python3.12/site-packages/airflow/example_dags/example_branch_operator_decorator.py
[2026-06-24T12:51:36.710+0300] {logging_mixin.py:188} INFO - [2026-06-24T12:51:36.709+0300] {dag.py:3096} INFO - Sync 1 DAGs
[2026-06-24T12:51:36.725+0300] {logging_mixin.py:188} INFO - [2026-06-24T12:51:36.725+0300] {dag.py:3954} INFO - Setting next_dagrun for example_branch_python_operator_decorator to 2026-06-23 00:00:00+00:00, run_after=2026-06-24 00:00:00+00:00
[2026-06-24T12:51:36.752+0300] {processor.py:183} INFO - Processing /media/data/omar/programming course/DEPI/DEPI project/anomx/venv/lib/python3.12/site-packages/airflow/example_dags/example_branch_operator_decorator.py took 0.112 seconds
[2026-06-24T12:52:52.786+0300] {processor.py:161} INFO - Started process (PID=37854) to work on /media/data/omar/programming course/DEPI/DEPI project/anomx/venv/lib/python3.12/site-packages/airflow/example_dags/example_branch_operator_decorator.py
[2026-06-24T12:52:52.787+0300] {processor.py:830} INFO - Processing file /media/data/omar/programming course/DEPI/DEPI project/anomx/venv/lib/python3.12/site-packages/airflow/example_dags/example_branch_operator_decorator.py for tasks to queue
[2026-06-24T12:52:52.789+0300] {logging_mixin.py:188} INFO - [2026-06-24T12:52:52.788+0300] {dagbag.py:540} INFO - Filling up the DagBag from /media/data/omar/programming course/DEPI/DEPI project/anomx/venv/lib/python3.12/site-packages/airflow/example_dags/example_branch_operator_decorator.py
[2026-06-24T12:52:52.811+0300] {processor.py:840} INFO - DAG(s) 'example_branch_python_operator_decorator' retrieved from /media/data/omar/programming course/DEPI/DEPI project/anomx/venv/lib/python3.12/site-packages/airflow/example_dags/example_branch_operator_decorator.py
[2026-06-24T12:52:52.834+0300] {logging_mixin.py:188} INFO - [2026-06-24T12:52:52.834+0300] {dag.py:3096} INFO - Sync 1 DAGs
[2026-06-24T12:52:52.851+0300] {logging_mixin.py:188} INFO - [2026-06-24T12:52:52.850+0300] {dag.py:3954} INFO - Setting next_dagrun for example_branch_python_operator_decorator to 2026-06-23 00:00:00+00:00, run_after=2026-06-24 00:00:00+00:00
[2026-06-24T12:52:52.885+0300] {processor.py:183} INFO - Processing /media/data/omar/programming course/DEPI/DEPI project/anomx/venv/lib/python3.12/site-packages/airflow/example_dags/example_branch_operator_decorator.py took 0.104 seconds
[2026-06-24T12:54:11.060+0300] {processor.py:161} INFO - Started process (PID=38613) to work on /media/data/omar/programming course/DEPI/DEPI project/anomx/venv/lib/python3.12/site-packages/airflow/example_dags/example_branch_operator_decorator.py
[2026-06-24T12:54:11.061+0300] {processor.py:830} INFO - Processing file /media/data/omar/programming course/DEPI/DEPI project/anomx/venv/lib/python3.12/site-packages/airflow/example_dags/example_branch_operator_decorator.py for tasks to queue
[2026-06-24T12:54:11.062+0300] {logging_mixin.py:188} INFO - [2026-06-24T12:54:11.061+0300] {dagbag.py:540} INFO - Filling up the DagBag from /media/data/omar/programming course/DEPI/DEPI project/anomx/venv/lib/python3.12/site-packages/airflow/example_dags/example_branch_operator_decorator.py
[2026-06-24T12:54:11.080+0300] {processor.py:840} INFO - DAG(s) 'example_branch_python_operator_decorator' retrieved from /media/data/omar/programming course/DEPI/DEPI project/anomx/venv/lib/python3.12/site-packages/airflow/example_dags/example_branch_operator_decorator.py
[2026-06-24T12:54:11.101+0300] {logging_mixin.py:188} INFO - [2026-06-24T12:54:11.100+0300] {dag.py:3096} INFO - Sync 1 DAGs
[2026-06-24T12:54:11.115+0300] {logging_mixin.py:188} INFO - [2026-06-24T12:54:11.114+0300] {dag.py:3954} INFO - Setting next_dagrun for example_branch_python_operator_decorator to 2026-06-23 00:00:00+00:00, run_after=2026-06-24 00:00:00+00:00
[2026-06-24T12:54:11.145+0300] {processor.py:183} INFO - Processing /media/data/omar/programming course/DEPI/DEPI project/anomx/venv/lib/python3.12/site-packages/airflow/example_dags/example_branch_operator_decorator.py took 0.091 seconds
[2026-06-24T12:55:08.490+0300] {processor.py:161} INFO - Started process (PID=38987) to work on /media/data/omar/programming course/DEPI/DEPI project/anomx/venv/lib/python3.12/site-packages/airflow/example_dags/example_branch_operator_decorator.py
[2026-06-24T12:55:08.492+0300] {processor.py:830} INFO - Processing file /media/data/omar/programming course/DEPI/DEPI project/anomx/venv/lib/python3.12/site-packages/airflow/example_dags/example_branch_operator_decorator.py for tasks to queue
[2026-06-24T12:55:08.494+0300] {logging_mixin.py:188} INFO - [2026-06-24T12:55:08.493+0300] {dagbag.py:540} INFO - Filling up the DagBag from /media/data/omar/programming course/DEPI/DEPI project/anomx/venv/lib/python3.12/site-packages/airflow/example_dags/example_branch_operator_decorator.py
[2026-06-24T12:55:08.523+0300] {processor.py:840} INFO - DAG(s) 'example_branch_python_operator_decorator' retrieved from /media/data/omar/programming course/DEPI/DEPI project/anomx/venv/lib/python3.12/site-packages/airflow/example_dags/example_branch_operator_decorator.py
[2026-06-24T12:55:08.544+0300] {logging_mixin.py:188} INFO - [2026-06-24T12:55:08.544+0300] {dag.py:3096} INFO - Sync 1 DAGs
[2026-06-24T12:55:08.562+0300] {logging_mixin.py:188} INFO - [2026-06-24T12:55:08.561+0300] {dag.py:3954} INFO - Setting next_dagrun for example_branch_python_operator_decorator to 2026-06-23 00:00:00+00:00, run_after=2026-06-24 00:00:00+00:00
[2026-06-24T12:55:08.594+0300] {processor.py:183} INFO - Processing /media/data/omar/programming course/DEPI/DEPI project/anomx/venv/lib/python3.12/site-packages/airflow/example_dags/example_branch_operator_decorator.py took 0.115 seconds
[2026-06-24T12:56:13.154+0300] {processor.py:161} INFO - Started process (PID=39637) to work on /media/data/omar/programming course/DEPI/DEPI project/anomx/venv/lib/python3.12/site-packages/airflow/example_dags/example_branch_operator_decorator.py
[2026-06-24T12:56:13.155+0300] {processor.py:830} INFO - Processing file /media/data/omar/programming course/DEPI/DEPI project/anomx/venv/lib/python3.12/site-packages/airflow/example_dags/example_branch_operator_decorator.py for tasks to queue
[2026-06-24T12:56:13.156+0300] {logging_mixin.py:188} INFO - [2026-06-24T12:56:13.155+0300] {dagbag.py:540} INFO - Filling up the DagBag from /media/data/omar/programming course/DEPI/DEPI project/anomx/venv/lib/python3.12/site-packages/airflow/example_dags/example_branch_operator_decorator.py
[2026-06-24T12:56:13.194+0300] {processor.py:840} INFO - DAG(s) 'example_branch_python_operator_decorator' retrieved from /media/data/omar/programming course/DEPI/DEPI project/anomx/venv/lib/python3.12/site-packages/airflow/example_dags/example_branch_operator_decorator.py
[2026-06-24T12:56:13.228+0300] {logging_mixin.py:188} INFO - [2026-06-24T12:56:13.228+0300] {dag.py:3096} INFO - Sync 1 DAGs
[2026-06-24T12:56:13.246+0300] {logging_mixin.py:188} INFO - [2026-06-24T12:56:13.245+0300] {dag.py:3954} INFO - Setting next_dagrun for example_branch_python_operator_decorator to 2026-06-23 00:00:00+00:00, run_after=2026-06-24 00:00:00+00:00
[2026-06-24T12:56:13.280+0300] {processor.py:183} INFO - Processing /media/data/omar/programming course/DEPI/DEPI project/anomx/venv/lib/python3.12/site-packages/airflow/example_dags/example_branch_operator_decorator.py took 0.134 seconds
[2026-06-24T12:57:17.074+0300] {processor.py:161} INFO - Started process (PID=40036) to work on /media/data/omar/programming course/DEPI/DEPI project/anomx/venv/lib/python3.12/site-packages/airflow/example_dags/example_branch_operator_decorator.py
[2026-06-24T12:57:17.076+0300] {processor.py:830} INFO - Processing file /media/data/omar/programming course/DEPI/DEPI project/anomx/venv/lib/python3.12/site-packages/airflow/example_dags/example_branch_operator_decorator.py for tasks to queue
[2026-06-24T12:57:17.077+0300] {logging_mixin.py:188} INFO - [2026-06-24T12:57:17.076+0300] {dagbag.py:540} INFO - Filling up the DagBag from /media/data/omar/programming course/DEPI/DEPI project/anomx/venv/lib/python3.12/site-packages/airflow/example_dags/example_branch_operator_decorator.py
[2026-06-24T12:57:17.107+0300] {processor.py:840} INFO - DAG(s) 'example_branch_python_operator_decorator' retrieved from /media/data/omar/programming course/DEPI/DEPI project/anomx/venv/lib/python3.12/site-packages/airflow/example_dags/example_branch_operator_decorator.py
[2026-06-24T12:57:17.136+0300] {logging_mixin.py:188} INFO - [2026-06-24T12:57:17.136+0300] {dag.py:3096} INFO - Sync 1 DAGs
[2026-06-24T12:57:17.157+0300] {logging_mixin.py:188} INFO - [2026-06-24T12:57:17.157+0300] {dag.py:3954} INFO - Setting next_dagrun for example_branch_python_operator_decorator to 2026-06-23 00:00:00+00:00, run_after=2026-06-24 00:00:00+00:00
[2026-06-24T12:57:17.193+0300] {processor.py:183} INFO - Processing /media/data/omar/programming course/DEPI/DEPI project/anomx/venv/lib/python3.12/site-packages/airflow/example_dags/example_branch_operator_decorator.py took 0.126 seconds
[2026-06-24T12:58:36.016+0300] {processor.py:161} INFO - Started process (PID=40826) to work on /media/data/omar/programming course/DEPI/DEPI project/anomx/venv/lib/python3.12/site-packages/airflow/example_dags/example_branch_operator_decorator.py
[2026-06-24T12:58:36.017+0300] {processor.py:830} INFO - Processing file /media/data/omar/programming course/DEPI/DEPI project/anomx/venv/lib/python3.12/site-packages/airflow/example_dags/example_branch_operator_decorator.py for tasks to queue
[2026-06-24T12:58:36.019+0300] {logging_mixin.py:188} INFO - [2026-06-24T12:58:36.018+0300] {dagbag.py:540} INFO - Filling up the DagBag from /media/data/omar/programming course/DEPI/DEPI project/anomx/venv/lib/python3.12/site-packages/airflow/example_dags/example_branch_operator_decorator.py
[2026-06-24T12:58:36.040+0300] {processor.py:840} INFO - DAG(s) 'example_branch_python_operator_decorator' retrieved from /media/data/omar/programming course/DEPI/DEPI project/anomx/venv/lib/python3.12/site-packages/airflow/example_dags/example_branch_operator_decorator.py
[2026-06-24T12:58:36.064+0300] {logging_mixin.py:188} INFO - [2026-06-24T12:58:36.064+0300] {dag.py:3096} INFO - Sync 1 DAGs
[2026-06-24T12:58:36.081+0300] {logging_mixin.py:188} INFO - [2026-06-24T12:58:36.081+0300] {dag.py:3954} INFO - Setting next_dagrun for example_branch_python_operator_decorator to 2026-06-23 00:00:00+00:00, run_after=2026-06-24 00:00:00+00:00
[2026-06-24T12:58:36.112+0300] {processor.py:183} INFO - Processing /media/data/omar/programming course/DEPI/DEPI project/anomx/venv/lib/python3.12/site-packages/airflow/example_dags/example_branch_operator_decorator.py took 0.102 seconds
[2026-06-24T12:59:52.175+0300] {processor.py:161} INFO - Started process (PID=41527) to work on /media/data/omar/programming course/DEPI/DEPI project/anomx/venv/lib/python3.12/site-packages/airflow/example_dags/example_branch_operator_decorator.py
[2026-06-24T12:59:52.176+0300] {processor.py:830} INFO - Processing file /media/data/omar/programming course/DEPI/DEPI project/anomx/venv/lib/python3.12/site-packages/airflow/example_dags/example_branch_operator_decorator.py for tasks to queue
[2026-06-24T12:59:52.178+0300] {logging_mixin.py:188} INFO - [2026-06-24T12:59:52.177+0300] {dagbag.py:540} INFO - Filling up the DagBag from /media/data/omar/programming course/DEPI/DEPI project/anomx/venv/lib/python3.12/site-packages/airflow/example_dags/example_branch_operator_decorator.py
[2026-06-24T12:59:52.203+0300] {processor.py:840} INFO - DAG(s) 'example_branch_python_operator_decorator' retrieved from /media/data/omar/programming course/DEPI/DEPI project/anomx/venv/lib/python3.12/site-packages/airflow/example_dags/example_branch_operator_decorator.py
[2026-06-24T12:59:52.236+0300] {logging_mixin.py:188} INFO - [2026-06-24T12:59:52.236+0300] {dag.py:3096} INFO - Sync 1 DAGs
[2026-06-24T12:59:52.260+0300] {logging_mixin.py:188} INFO - [2026-06-24T12:59:52.260+0300] {dag.py:3954} INFO - Setting next_dagrun for example_branch_python_operator_decorator to 2026-06-23 00:00:00+00:00, run_after=2026-06-24 00:00:00+00:00
[2026-06-24T12:59:52.295+0300] {processor.py:183} INFO - Processing /media/data/omar/programming course/DEPI/DEPI project/anomx/venv/lib/python3.12/site-packages/airflow/example_dags/example_branch_operator_decorator.py took 0.126 seconds
[2026-06-24T13:01:05.695+0300] {processor.py:161} INFO - Started process (PID=42031) to work on /media/data/omar/programming course/DEPI/DEPI project/anomx/venv/lib/python3.12/site-packages/airflow/example_dags/example_branch_operator_decorator.py
[2026-06-24T13:01:05.696+0300] {processor.py:830} INFO - Processing file /media/data/omar/programming course/DEPI/DEPI project/anomx/venv/lib/python3.12/site-packages/airflow/example_dags/example_branch_operator_decorator.py for tasks to queue
[2026-06-24T13:01:05.698+0300] {logging_mixin.py:188} INFO - [2026-06-24T13:01:05.697+0300] {dagbag.py:540} INFO - Filling up the DagBag from /media/data/omar/programming course/DEPI/DEPI project/anomx/venv/lib/python3.12/site-packages/airflow/example_dags/example_branch_operator_decorator.py
[2026-06-24T13:01:05.723+0300] {processor.py:840} INFO - DAG(s) 'example_branch_python_operator_decorator' retrieved from /media/data/omar/programming course/DEPI/DEPI project/anomx/venv/lib/python3.12/site-packages/airflow/example_dags/example_branch_operator_decorator.py
[2026-06-24T13:01:05.749+0300] {logging_mixin.py:188} INFO - [2026-06-24T13:01:05.748+0300] {dag.py:3096} INFO - Sync 1 DAGs
[2026-06-24T13:01:05.766+0300] {logging_mixin.py:188} INFO - [2026-06-24T13:01:05.766+0300] {dag.py:3954} INFO - Setting next_dagrun for example_branch_python_operator_decorator to 2026-06-23 00:00:00+00:00, run_after=2026-06-24 00:00:00+00:00
[2026-06-24T13:01:05.804+0300] {processor.py:183} INFO - Processing /media/data/omar/programming course/DEPI/DEPI project/anomx/venv/lib/python3.12/site-packages/airflow/example_dags/example_branch_operator_decorator.py took 0.116 seconds
[2026-06-24T13:02:22.489+0300] {processor.py:161} INFO - Started process (PID=42782) to work on /media/data/omar/programming course/DEPI/DEPI project/anomx/venv/lib/python3.12/site-packages/airflow/example_dags/example_branch_operator_decorator.py
[2026-06-24T13:02:22.493+0300] {processor.py:830} INFO - Processing file /media/data/omar/programming course/DEPI/DEPI project/anomx/venv/lib/python3.12/site-packages/airflow/example_dags/example_branch_operator_decorator.py for tasks to queue
[2026-06-24T13:02:22.503+0300] {logging_mixin.py:188} INFO - [2026-06-24T13:02:22.500+0300] {dagbag.py:540} INFO - Filling up the DagBag from /media/data/omar/programming course/DEPI/DEPI project/anomx/venv/lib/python3.12/site-packages/airflow/example_dags/example_branch_operator_decorator.py
[2026-06-24T13:02:22.536+0300] {processor.py:840} INFO - DAG(s) 'example_branch_python_operator_decorator' retrieved from /media/data/omar/programming course/DEPI/DEPI project/anomx/venv/lib/python3.12/site-packages/airflow/example_dags/example_branch_operator_decorator.py
[2026-06-24T13:02:22.568+0300] {logging_mixin.py:188} INFO - [2026-06-24T13:02:22.568+0300] {dag.py:3096} INFO - Sync 1 DAGs
[2026-06-24T13:02:22.584+0300] {logging_mixin.py:188} INFO - [2026-06-24T13:02:22.584+0300] {dag.py:3954} INFO - Setting next_dagrun for example_branch_python_operator_decorator to 2026-06-23 00:00:00+00:00, run_after=2026-06-24 00:00:00+00:00
[2026-06-24T13:02:22.612+0300] {processor.py:183} INFO - Processing /media/data/omar/programming course/DEPI/DEPI project/anomx/venv/lib/python3.12/site-packages/airflow/example_dags/example_branch_operator_decorator.py took 0.134 seconds
[2026-06-24T13:03:38.518+0300] {processor.py:161} INFO - Started process (PID=43586) to work on /media/data/omar/programming course/DEPI/DEPI project/anomx/venv/lib/python3.12/site-packages/airflow/example_dags/example_branch_operator_decorator.py
[2026-06-24T13:03:38.519+0300] {processor.py:830} INFO - Processing file /media/data/omar/programming course/DEPI/DEPI project/anomx/venv/lib/python3.12/site-packages/airflow/example_dags/example_branch_operator_decorator.py for tasks to queue
[2026-06-24T13:03:38.521+0300] {logging_mixin.py:188} INFO - [2026-06-24T13:03:38.520+0300] {dagbag.py:540} INFO - Filling up the DagBag from /media/data/omar/programming course/DEPI/DEPI project/anomx/venv/lib/python3.12/site-packages/airflow/example_dags/example_branch_operator_decorator.py
[2026-06-24T13:03:38.546+0300] {processor.py:840} INFO - DAG(s) 'example_branch_python_operator_decorator' retrieved from /media/data/omar/programming course/DEPI/DEPI project/anomx/venv/lib/python3.12/site-packages/airflow/example_dags/example_branch_operator_decorator.py
[2026-06-24T13:03:38.574+0300] {logging_mixin.py:188} INFO - [2026-06-24T13:03:38.574+0300] {dag.py:3096} INFO - Sync 1 DAGs
[2026-06-24T13:03:38.594+0300] {logging_mixin.py:188} INFO - [2026-06-24T13:03:38.594+0300] {dag.py:3954} INFO - Setting next_dagrun for example_branch_python_operator_decorator to 2026-06-23 00:00:00+00:00, run_after=2026-06-24 00:00:00+00:00
[2026-06-24T13:03:38.631+0300] {processor.py:183} INFO - Processing /media/data/omar/programming course/DEPI/DEPI project/anomx/venv/lib/python3.12/site-packages/airflow/example_dags/example_branch_operator_decorator.py took 0.120 seconds
[2026-06-24T13:04:51.726+0300] {processor.py:161} INFO - Started process (PID=44252) to work on /media/data/omar/programming course/DEPI/DEPI project/anomx/venv/lib/python3.12/site-packages/airflow/example_dags/example_branch_operator_decorator.py
[2026-06-24T13:04:51.727+0300] {processor.py:830} INFO - Processing file /media/data/omar/programming course/DEPI/DEPI project/anomx/venv/lib/python3.12/site-packages/airflow/example_dags/example_branch_operator_decorator.py for tasks to queue
[2026-06-24T13:04:51.728+0300] {logging_mixin.py:188} INFO - [2026-06-24T13:04:51.728+0300] {dagbag.py:540} INFO - Filling up the DagBag from /media/data/omar/programming course/DEPI/DEPI project/anomx/venv/lib/python3.12/site-packages/airflow/example_dags/example_branch_operator_decorator.py
[2026-06-24T13:04:51.746+0300] {processor.py:840} INFO - DAG(s) 'example_branch_python_operator_decorator' retrieved from /media/data/omar/programming course/DEPI/DEPI project/anomx/venv/lib/python3.12/site-packages/airflow/example_dags/example_branch_operator_decorator.py
[2026-06-24T13:04:51.766+0300] {logging_mixin.py:188} INFO - [2026-06-24T13:04:51.766+0300] {dag.py:3096} INFO - Sync 1 DAGs
[2026-06-24T13:04:51.779+0300] {logging_mixin.py:188} INFO - [2026-06-24T13:04:51.779+0300] {dag.py:3954} INFO - Setting next_dagrun for example_branch_python_operator_decorator to 2026-06-23 00:00:00+00:00, run_after=2026-06-24 00:00:00+00:00
[2026-06-24T13:04:51.804+0300] {processor.py:183} INFO - Processing /media/data/omar/programming course/DEPI/DEPI project/anomx/venv/lib/python3.12/site-packages/airflow/example_dags/example_branch_operator_decorator.py took 0.083 seconds
[2026-06-24T13:06:12.276+0300] {processor.py:161} INFO - Started process (PID=44832) to work on /media/data/omar/programming course/DEPI/DEPI project/anomx/venv/lib/python3.12/site-packages/airflow/example_dags/example_branch_operator_decorator.py
[2026-06-24T13:06:12.278+0300] {processor.py:830} INFO - Processing file /media/data/omar/programming course/DEPI/DEPI project/anomx/venv/lib/python3.12/site-packages/airflow/example_dags/example_branch_operator_decorator.py for tasks to queue
[2026-06-24T13:06:12.280+0300] {logging_mixin.py:188} INFO - [2026-06-24T13:06:12.279+0300] {dagbag.py:540} INFO - Filling up the DagBag from /media/data/omar/programming course/DEPI/DEPI project/anomx/venv/lib/python3.12/site-packages/airflow/example_dags/example_branch_operator_decorator.py
[2026-06-24T13:06:12.307+0300] {processor.py:840} INFO - DAG(s) 'example_branch_python_operator_decorator' retrieved from /media/data/omar/programming course/DEPI/DEPI project/anomx/venv/lib/python3.12/site-packages/airflow/example_dags/example_branch_operator_decorator.py
[2026-06-24T13:06:12.331+0300] {logging_mixin.py:188} INFO - [2026-06-24T13:06:12.331+0300] {dag.py:3096} INFO - Sync 1 DAGs
[2026-06-24T13:06:12.346+0300] {logging_mixin.py:188} INFO - [2026-06-24T13:06:12.346+0300] {dag.py:3954} INFO - Setting next_dagrun for example_branch_python_operator_decorator to 2026-06-23 00:00:00+00:00, run_after=2026-06-24 00:00:00+00:00
[2026-06-24T13:06:12.377+0300] {processor.py:183} INFO - Processing /media/data/omar/programming course/DEPI/DEPI project/anomx/venv/lib/python3.12/site-packages/airflow/example_dags/example_branch_operator_decorator.py took 0.117 seconds
[2026-06-24T13:07:10.044+0300] {processor.py:161} INFO - Started process (PID=45474) to work on /media/data/omar/programming course/DEPI/DEPI project/anomx/venv/lib/python3.12/site-packages/airflow/example_dags/example_branch_operator_decorator.py
[2026-06-24T13:07:10.046+0300] {processor.py:830} INFO - Processing file /media/data/omar/programming course/DEPI/DEPI project/anomx/venv/lib/python3.12/site-packages/airflow/example_dags/example_branch_operator_decorator.py for tasks to queue
[2026-06-24T13:07:10.048+0300] {logging_mixin.py:188} INFO - [2026-06-24T13:07:10.047+0300] {dagbag.py:540} INFO - Filling up the DagBag from /media/data/omar/programming course/DEPI/DEPI project/anomx/venv/lib/python3.12/site-packages/airflow/example_dags/example_branch_operator_decorator.py
[2026-06-24T13:07:10.076+0300] {processor.py:840} INFO - DAG(s) 'example_branch_python_operator_decorator' retrieved from /media/data/omar/programming course/DEPI/DEPI project/anomx/venv/lib/python3.12/site-packages/airflow/example_dags/example_branch_operator_decorator.py
[2026-06-24T13:07:10.119+0300] {logging_mixin.py:188} INFO - [2026-06-24T13:07:10.119+0300] {dag.py:3096} INFO - Sync 1 DAGs
[2026-06-24T13:07:10.140+0300] {logging_mixin.py:188} INFO - [2026-06-24T13:07:10.139+0300] {dag.py:3954} INFO - Setting next_dagrun for example_branch_python_operator_decorator to 2026-06-23 00:00:00+00:00, run_after=2026-06-24 00:00:00+00:00
[2026-06-24T13:07:10.177+0300] {processor.py:183} INFO - Processing /media/data/omar/programming course/DEPI/DEPI project/anomx/venv/lib/python3.12/site-packages/airflow/example_dags/example_branch_operator_decorator.py took 0.145 seconds
[2026-06-24T13:08:48.769+0300] {processor.py:161} INFO - Started process (PID=46567) to work on /media/data/omar/programming course/DEPI/DEPI project/anomx/venv/lib/python3.12/site-packages/airflow/example_dags/example_branch_operator_decorator.py
[2026-06-24T13:08:48.770+0300] {processor.py:830} INFO - Processing file /media/data/omar/programming course/DEPI/DEPI project/anomx/venv/lib/python3.12/site-packages/airflow/example_dags/example_branch_operator_decorator.py for tasks to queue
[2026-06-24T13:08:48.772+0300] {logging_mixin.py:188} INFO - [2026-06-24T13:08:48.771+0300] {dagbag.py:540} INFO - Filling up the DagBag from /media/data/omar/programming course/DEPI/DEPI project/anomx/venv/lib/python3.12/site-packages/airflow/example_dags/example_branch_operator_decorator.py
[2026-06-24T13:08:48.799+0300] {processor.py:840} INFO - DAG(s) 'example_branch_python_operator_decorator' retrieved from /media/data/omar/programming course/DEPI/DEPI project/anomx/venv/lib/python3.12/site-packages/airflow/example_dags/example_branch_operator_decorator.py
[2026-06-24T13:08:48.825+0300] {logging_mixin.py:188} INFO - [2026-06-24T13:08:48.825+0300] {dag.py:3096} INFO - Sync 1 DAGs
[2026-06-24T13:08:48.843+0300] {logging_mixin.py:188} INFO - [2026-06-24T13:08:48.842+0300] {dag.py:3954} INFO - Setting next_dagrun for example_branch_python_operator_decorator to 2026-06-23 00:00:00+00:00, run_after=2026-06-24 00:00:00+00:00
[2026-06-24T13:08:48.878+0300] {processor.py:183} INFO - Processing /media/data/omar/programming course/DEPI/DEPI project/anomx/venv/lib/python3.12/site-packages/airflow/example_dags/example_branch_operator_decorator.py took 0.117 seconds
[2026-06-24T13:12:43.131+0300] {processor.py:161} INFO - Started process (PID=49183) to work on /media/data/omar/programming course/DEPI/DEPI project/anomx/venv/lib/python3.12/site-packages/airflow/example_dags/example_branch_operator_decorator.py
[2026-06-24T13:12:43.132+0300] {processor.py:830} INFO - Processing file /media/data/omar/programming course/DEPI/DEPI project/anomx/venv/lib/python3.12/site-packages/airflow/example_dags/example_branch_operator_decorator.py for tasks to queue
[2026-06-24T13:12:43.133+0300] {logging_mixin.py:188} INFO - [2026-06-24T13:12:43.132+0300] {dagbag.py:540} INFO - Filling up the DagBag from /media/data/omar/programming course/DEPI/DEPI project/anomx/venv/lib/python3.12/site-packages/airflow/example_dags/example_branch_operator_decorator.py
[2026-06-24T13:12:43.154+0300] {processor.py:840} INFO - DAG(s) 'example_branch_python_operator_decorator' retrieved from /media/data/omar/programming course/DEPI/DEPI project/anomx/venv/lib/python3.12/site-packages/airflow/example_dags/example_branch_operator_decorator.py
[2026-06-24T13:12:43.176+0300] {logging_mixin.py:188} INFO - [2026-06-24T13:12:43.176+0300] {dag.py:3096} INFO - Sync 1 DAGs
[2026-06-24T13:12:43.190+0300] {logging_mixin.py:188} INFO - [2026-06-24T13:12:43.190+0300] {dag.py:3954} INFO - Setting next_dagrun for example_branch_python_operator_decorator to 2026-06-23 00:00:00+00:00, run_after=2026-06-24 00:00:00+00:00
[2026-06-24T13:12:43.215+0300] {processor.py:183} INFO - Processing /media/data/omar/programming course/DEPI/DEPI project/anomx/venv/lib/python3.12/site-packages/airflow/example_dags/example_branch_operator_decorator.py took 0.090 seconds
[2026-06-24T13:13:36.991+0300] {processor.py:161} INFO - Started process (PID=49605) to work on /media/data/omar/programming course/DEPI/DEPI project/anomx/venv/lib/python3.12/site-packages/airflow/example_dags/example_branch_operator_decorator.py
[2026-06-24T13:13:36.992+0300] {processor.py:830} INFO - Processing file /media/data/omar/programming course/DEPI/DEPI project/anomx/venv/lib/python3.12/site-packages/airflow/example_dags/example_branch_operator_decorator.py for tasks to queue
[2026-06-24T13:13:36.993+0300] {logging_mixin.py:188} INFO - [2026-06-24T13:13:36.992+0300] {dagbag.py:540} INFO - Filling up the DagBag from /media/data/omar/programming course/DEPI/DEPI project/anomx/venv/lib/python3.12/site-packages/airflow/example_dags/example_branch_operator_decorator.py
[2026-06-24T13:13:37.012+0300] {processor.py:840} INFO - DAG(s) 'example_branch_python_operator_decorator' retrieved from /media/data/omar/programming course/DEPI/DEPI project/anomx/venv/lib/python3.12/site-packages/airflow/example_dags/example_branch_operator_decorator.py
[2026-06-24T13:13:37.032+0300] {logging_mixin.py:188} INFO - [2026-06-24T13:13:37.032+0300] {dag.py:3096} INFO - Sync 1 DAGs
[2026-06-24T13:13:37.047+0300] {logging_mixin.py:188} INFO - [2026-06-24T13:13:37.046+0300] {dag.py:3954} INFO - Setting next_dagrun for example_branch_python_operator_decorator to 2026-06-23 00:00:00+00:00, run_after=2026-06-24 00:00:00+00:00
[2026-06-24T13:13:37.074+0300] {processor.py:183} INFO - Processing /media/data/omar/programming course/DEPI/DEPI project/anomx/venv/lib/python3.12/site-packages/airflow/example_dags/example_branch_operator_decorator.py took 0.088 seconds
[2026-06-24T13:14:55.308+0300] {processor.py:161} INFO - Started process (PID=50408) to work on /media/data/omar/programming course/DEPI/DEPI project/anomx/venv/lib/python3.12/site-packages/airflow/example_dags/example_branch_operator_decorator.py
[2026-06-24T13:14:55.310+0300] {processor.py:830} INFO - Processing file /media/data/omar/programming course/DEPI/DEPI project/anomx/venv/lib/python3.12/site-packages/airflow/example_dags/example_branch_operator_decorator.py for tasks to queue
[2026-06-24T13:14:55.311+0300] {logging_mixin.py:188} INFO - [2026-06-24T13:14:55.311+0300] {dagbag.py:540} INFO - Filling up the DagBag from /media/data/omar/programming course/DEPI/DEPI project/anomx/venv/lib/python3.12/site-packages/airflow/example_dags/example_branch_operator_decorator.py
[2026-06-24T13:14:55.341+0300] {processor.py:840} INFO - DAG(s) 'example_branch_python_operator_decorator' retrieved from /media/data/omar/programming course/DEPI/DEPI project/anomx/venv/lib/python3.12/site-packages/airflow/example_dags/example_branch_operator_decorator.py
[2026-06-24T13:14:55.364+0300] {logging_mixin.py:188} INFO - [2026-06-24T13:14:55.364+0300] {dag.py:3096} INFO - Sync 1 DAGs
[2026-06-24T13:14:55.380+0300] {logging_mixin.py:188} INFO - [2026-06-24T13:14:55.380+0300] {dag.py:3954} INFO - Setting next_dagrun for example_branch_python_operator_decorator to 2026-06-23 00:00:00+00:00, run_after=2026-06-24 00:00:00+00:00
[2026-06-24T13:14:55.416+0300] {processor.py:183} INFO - Processing /media/data/omar/programming course/DEPI/DEPI project/anomx/venv/lib/python3.12/site-packages/airflow/example_dags/example_branch_operator_decorator.py took 0.115 seconds
[2026-06-24T13:16:08.845+0300] {processor.py:161} INFO - Started process (PID=51103) to work on /media/data/omar/programming course/DEPI/DEPI project/anomx/venv/lib/python3.12/site-packages/airflow/example_dags/example_branch_operator_decorator.py
[2026-06-24T13:16:08.846+0300] {processor.py:830} INFO - Processing file /media/data/omar/programming course/DEPI/DEPI project/anomx/venv/lib/python3.12/site-packages/airflow/example_dags/example_branch_operator_decorator.py for tasks to queue
[2026-06-24T13:16:08.848+0300] {logging_mixin.py:188} INFO - [2026-06-24T13:16:08.847+0300] {dagbag.py:540} INFO - Filling up the DagBag from /media/data/omar/programming course/DEPI/DEPI project/anomx/venv/lib/python3.12/site-packages/airflow/example_dags/example_branch_operator_decorator.py
[2026-06-24T13:16:08.879+0300] {processor.py:840} INFO - DAG(s) 'example_branch_python_operator_decorator' retrieved from /media/data/omar/programming course/DEPI/DEPI project/anomx/venv/lib/python3.12/site-packages/airflow/example_dags/example_branch_operator_decorator.py
[2026-06-24T13:16:08.915+0300] {logging_mixin.py:188} INFO - [2026-06-24T13:16:08.914+0300] {dag.py:3096} INFO - Sync 1 DAGs
[2026-06-24T13:16:08.937+0300] {logging_mixin.py:188} INFO - [2026-06-24T13:16:08.936+0300] {dag.py:3954} INFO - Setting next_dagrun for example_branch_python_operator_decorator to 2026-06-23 00:00:00+00:00, run_after=2026-06-24 00:00:00+00:00
[2026-06-24T13:16:08.969+0300] {processor.py:183} INFO - Processing /media/data/omar/programming course/DEPI/DEPI project/anomx/venv/lib/python3.12/site-packages/airflow/example_dags/example_branch_operator_decorator.py took 0.132 seconds
[2026-06-24T13:17:25.278+0300] {processor.py:161} INFO - Started process (PID=51647) to work on /media/data/omar/programming course/DEPI/DEPI project/anomx/venv/lib/python3.12/site-packages/airflow/example_dags/example_branch_operator_decorator.py
[2026-06-24T13:17:25.279+0300] {processor.py:830} INFO - Processing file /media/data/omar/programming course/DEPI/DEPI project/anomx/venv/lib/python3.12/site-packages/airflow/example_dags/example_branch_operator_decorator.py for tasks to queue
[2026-06-24T13:17:25.280+0300] {logging_mixin.py:188} INFO - [2026-06-24T13:17:25.279+0300] {dagbag.py:540} INFO - Filling up the DagBag from /media/data/omar/programming course/DEPI/DEPI project/anomx/venv/lib/python3.12/site-packages/airflow/example_dags/example_branch_operator_decorator.py
[2026-06-24T13:17:25.303+0300] {processor.py:840} INFO - DAG(s) 'example_branch_python_operator_decorator' retrieved from /media/data/omar/programming course/DEPI/DEPI project/anomx/venv/lib/python3.12/site-packages/airflow/example_dags/example_branch_operator_decorator.py
[2026-06-24T13:17:25.327+0300] {logging_mixin.py:188} INFO - [2026-06-24T13:17:25.326+0300] {dag.py:3096} INFO - Sync 1 DAGs
[2026-06-24T13:17:25.343+0300] {logging_mixin.py:188} INFO - [2026-06-24T13:17:25.343+0300] {dag.py:3954} INFO - Setting next_dagrun for example_branch_python_operator_decorator to 2026-06-23 00:00:00+00:00, run_after=2026-06-24 00:00:00+00:00
[2026-06-24T13:17:25.373+0300] {processor.py:183} INFO - Processing /media/data/omar/programming course/DEPI/DEPI project/anomx/venv/lib/python3.12/site-packages/airflow/example_dags/example_branch_operator_decorator.py took 0.101 seconds
[2026-06-24T13:18:18.440+0300] {processor.py:161} INFO - Started process (PID=52286) to work on /media/data/omar/programming course/DEPI/DEPI project/anomx/venv/lib/python3.12/site-packages/airflow/example_dags/example_branch_operator_decorator.py
[2026-06-24T13:18:18.441+0300] {processor.py:830} INFO - Processing file /media/data/omar/programming course/DEPI/DEPI project/anomx/venv/lib/python3.12/site-packages/airflow/example_dags/example_branch_operator_decorator.py for tasks to queue
[2026-06-24T13:18:18.443+0300] {logging_mixin.py:188} INFO - [2026-06-24T13:18:18.442+0300] {dagbag.py:540} INFO - Filling up the DagBag from /media/data/omar/programming course/DEPI/DEPI project/anomx/venv/lib/python3.12/site-packages/airflow/example_dags/example_branch_operator_decorator.py
[2026-06-24T13:18:18.468+0300] {processor.py:840} INFO - DAG(s) 'example_branch_python_operator_decorator' retrieved from /media/data/omar/programming course/DEPI/DEPI project/anomx/venv/lib/python3.12/site-packages/airflow/example_dags/example_branch_operator_decorator.py
[2026-06-24T13:18:18.489+0300] {logging_mixin.py:188} INFO - [2026-06-24T13:18:18.488+0300] {dag.py:3096} INFO - Sync 1 DAGs
[2026-06-24T13:18:18.502+0300] {logging_mixin.py:188} INFO - [2026-06-24T13:18:18.502+0300] {dag.py:3954} INFO - Setting next_dagrun for example_branch_python_operator_decorator to 2026-06-23 00:00:00+00:00, run_after=2026-06-24 00:00:00+00:00
[2026-06-24T13:18:18.530+0300] {processor.py:183} INFO - Processing /media/data/omar/programming course/DEPI/DEPI project/anomx/venv/lib/python3.12/site-packages/airflow/example_dags/example_branch_operator_decorator.py took 0.098 seconds
