[2026-06-24T11:52:48.898+0300] {processor.py:161} INFO - Started process (PID=10796) to work on /media/data/omar/programming course/DEPI/DEPI project/anomx/venv/lib/python3.12/site-packages/airflow/example_dags/example_skip_dag.py
[2026-06-24T11:52:48.899+0300] {processor.py:830} INFO - Processing file /media/data/omar/programming course/DEPI/DEPI project/anomx/venv/lib/python3.12/site-packages/airflow/example_dags/example_skip_dag.py for tasks to queue
[2026-06-24T11:52:48.901+0300] {logging_mixin.py:188} INFO - [2026-06-24T11:52:48.900+0300] {dagbag.py:540} INFO - Filling up the DagBag from /media/data/omar/programming course/DEPI/DEPI project/anomx/venv/lib/python3.12/site-packages/airflow/example_dags/example_skip_dag.py
[2026-06-24T11:52:48.908+0300] {processor.py:840} INFO - DAG(s) 'example_skip_dag' retrieved from /media/data/omar/programming course/DEPI/DEPI project/anomx/venv/lib/python3.12/site-packages/airflow/example_dags/example_skip_dag.py
[2026-06-24T11:52:48.930+0300] {logging_mixin.py:188} INFO - [2026-06-24T11:52:48.930+0300] {dag.py:3096} INFO - Sync 1 DAGs
[2026-06-24T11:52:48.941+0300] {logging_mixin.py:188} INFO - [2026-06-24T11:52:48.940+0300] {dag.py:3118} INFO - Creating ORM DAG for example_skip_dag
[2026-06-24T11:52:48.950+0300] {logging_mixin.py:188} INFO - [2026-06-24T11:52:48.950+0300] {dag.py:3954} INFO - Setting next_dagrun for example_skip_dag to 2026-06-23 00:00:00+00:00, run_after=2026-06-24 00:00:00+00:00
[2026-06-24T11:52:48.980+0300] {processor.py:183} INFO - Processing /media/data/omar/programming course/DEPI/DEPI project/anomx/venv/lib/python3.12/site-packages/airflow/example_dags/example_skip_dag.py took 0.093 seconds
[2026-06-24T11:54:23.740+0300] {processor.py:161} INFO - Started process (PID=12045) to work on /media/data/omar/programming course/DEPI/DEPI project/anomx/venv/lib/python3.12/site-packages/airflow/example_dags/example_skip_dag.py
[2026-06-24T11:54:23.742+0300] {processor.py:830} INFO - Processing file /media/data/omar/programming course/DEPI/DEPI project/anomx/venv/lib/python3.12/site-packages/airflow/example_dags/example_skip_dag.py for tasks to queue
[2026-06-24T11:54:23.744+0300] {logging_mixin.py:188} INFO - [2026-06-24T11:54:23.743+0300] {dagbag.py:540} INFO - Filling up the DagBag from /media/data/omar/programming course/DEPI/DEPI project/anomx/venv/lib/python3.12/site-packages/airflow/example_dags/example_skip_dag.py
[2026-06-24T11:54:23.753+0300] {processor.py:840} INFO - DAG(s) 'example_skip_dag' retrieved from /media/data/omar/programming course/DEPI/DEPI project/anomx/venv/lib/python3.12/site-packages/airflow/example_dags/example_skip_dag.py
[2026-06-24T11:54:23.776+0300] {logging_mixin.py:188} INFO - [2026-06-24T11:54:23.776+0300] {dag.py:3096} INFO - Sync 1 DAGs
[2026-06-24T11:54:23.802+0300] {logging_mixin.py:188} INFO - [2026-06-24T11:54:23.801+0300] {dag.py:3954} INFO - Setting next_dagrun for example_skip_dag to 2026-06-23 00:00:00+00:00, run_after=2026-06-24 00:00:00+00:00
[2026-06-24T11:54:23.837+0300] {processor.py:183} INFO - Processing /media/data/omar/programming course/DEPI/DEPI project/anomx/venv/lib/python3.12/site-packages/airflow/example_dags/example_skip_dag.py took 0.105 seconds
[2026-06-24T11:55:29.736+0300] {processor.py:161} INFO - Started process (PID=12511) to work on /media/data/omar/programming course/DEPI/DEPI project/anomx/venv/lib/python3.12/site-packages/airflow/example_dags/example_skip_dag.py
[2026-06-24T11:55:29.738+0300] {processor.py:830} INFO - Processing file /media/data/omar/programming course/DEPI/DEPI project/anomx/venv/lib/python3.12/site-packages/airflow/example_dags/example_skip_dag.py for tasks to queue
[2026-06-24T11:55:29.742+0300] {logging_mixin.py:188} INFO - [2026-06-24T11:55:29.741+0300] {dagbag.py:540} INFO - Filling up the DagBag from /media/data/omar/programming course/DEPI/DEPI project/anomx/venv/lib/python3.12/site-packages/airflow/example_dags/example_skip_dag.py
[2026-06-24T11:55:29.755+0300] {processor.py:840} INFO - DAG(s) 'example_skip_dag' retrieved from /media/data/omar/programming course/DEPI/DEPI project/anomx/venv/lib/python3.12/site-packages/airflow/example_dags/example_skip_dag.py
[2026-06-24T11:55:29.794+0300] {logging_mixin.py:188} INFO - [2026-06-24T11:55:29.793+0300] {dag.py:3096} INFO - Sync 1 DAGs
[2026-06-24T11:55:29.839+0300] {logging_mixin.py:188} INFO - [2026-06-24T11:55:29.838+0300] {dag.py:3954} INFO - Setting next_dagrun for example_skip_dag to 2026-06-23 00:00:00+00:00, run_after=2026-06-24 00:00:00+00:00
[2026-06-24T11:55:29.910+0300] {processor.py:183} INFO - Processing /media/data/omar/programming course/DEPI/DEPI project/anomx/venv/lib/python3.12/site-packages/airflow/example_dags/example_skip_dag.py took 0.187 seconds
[2026-06-24T11:56:27.090+0300] {processor.py:161} INFO - Started process (PID=13152) to work on /media/data/omar/programming course/DEPI/DEPI project/anomx/venv/lib/python3.12/site-packages/airflow/example_dags/example_skip_dag.py
[2026-06-24T11:56:27.091+0300] {processor.py:830} INFO - Processing file /media/data/omar/programming course/DEPI/DEPI project/anomx/venv/lib/python3.12/site-packages/airflow/example_dags/example_skip_dag.py for tasks to queue
[2026-06-24T11:56:27.093+0300] {logging_mixin.py:188} INFO - [2026-06-24T11:56:27.092+0300] {dagbag.py:540} INFO - Filling up the DagBag from /media/data/omar/programming course/DEPI/DEPI project/anomx/venv/lib/python3.12/site-packages/airflow/example_dags/example_skip_dag.py
[2026-06-24T11:56:27.101+0300] {processor.py:840} INFO - DAG(s) 'example_skip_dag' retrieved from /media/data/omar/programming course/DEPI/DEPI project/anomx/venv/lib/python3.12/site-packages/airflow/example_dags/example_skip_dag.py
[2026-06-24T11:56:27.118+0300] {logging_mixin.py:188} INFO - [2026-06-24T11:56:27.117+0300] {dag.py:3096} INFO - Sync 1 DAGs
[2026-06-24T11:56:27.134+0300] {logging_mixin.py:188} INFO - [2026-06-24T11:56:27.134+0300] {dag.py:3954} INFO - Setting next_dagrun for example_skip_dag to 2026-06-23 00:00:00+00:00, run_after=2026-06-24 00:00:00+00:00
[2026-06-24T11:56:27.169+0300] {processor.py:183} INFO - Processing /media/data/omar/programming course/DEPI/DEPI project/anomx/venv/lib/python3.12/site-packages/airflow/example_dags/example_skip_dag.py took 0.085 seconds
[2026-06-24T11:57:16.176+0300] {processor.py:161} INFO - Started process (PID=13453) to work on /media/data/omar/programming course/DEPI/DEPI project/anomx/venv/lib/python3.12/site-packages/airflow/example_dags/example_skip_dag.py
[2026-06-24T11:57:16.177+0300] {processor.py:830} INFO - Processing file /media/data/omar/programming course/DEPI/DEPI project/anomx/venv/lib/python3.12/site-packages/airflow/example_dags/example_skip_dag.py for tasks to queue
[2026-06-24T11:57:16.178+0300] {logging_mixin.py:188} INFO - [2026-06-24T11:57:16.178+0300] {dagbag.py:540} INFO - Filling up the DagBag from /media/data/omar/programming course/DEPI/DEPI project/anomx/venv/lib/python3.12/site-packages/airflow/example_dags/example_skip_dag.py
[2026-06-24T11:57:16.185+0300] {processor.py:840} INFO - DAG(s) 'example_skip_dag' retrieved from /media/data/omar/programming course/DEPI/DEPI project/anomx/venv/lib/python3.12/site-packages/airflow/example_dags/example_skip_dag.py
[2026-06-24T11:57:16.200+0300] {logging_mixin.py:188} INFO - [2026-06-24T11:57:16.200+0300] {dag.py:3096} INFO - Sync 1 DAGs
[2026-06-24T11:57:16.216+0300] {logging_mixin.py:188} INFO - [2026-06-24T11:57:16.215+0300] {dag.py:3954} INFO - Setting next_dagrun for example_skip_dag to 2026-06-23 00:00:00+00:00, run_after=2026-06-24 00:00:00+00:00
[2026-06-24T11:57:16.261+0300] {processor.py:183} INFO - Processing /media/data/omar/programming course/DEPI/DEPI project/anomx/venv/lib/python3.12/site-packages/airflow/example_dags/example_skip_dag.py took 0.090 seconds
[2026-06-24T11:58:11.857+0300] {processor.py:161} INFO - Started process (PID=14076) to work on /media/data/omar/programming course/DEPI/DEPI project/anomx/venv/lib/python3.12/site-packages/airflow/example_dags/example_skip_dag.py
[2026-06-24T11:58:11.857+0300] {processor.py:830} INFO - Processing file /media/data/omar/programming course/DEPI/DEPI project/anomx/venv/lib/python3.12/site-packages/airflow/example_dags/example_skip_dag.py for tasks to queue
[2026-06-24T11:58:11.859+0300] {logging_mixin.py:188} INFO - [2026-06-24T11:58:11.859+0300] {dagbag.py:540} INFO - Filling up the DagBag from /media/data/omar/programming course/DEPI/DEPI project/anomx/venv/lib/python3.12/site-packages/airflow/example_dags/example_skip_dag.py
[2026-06-24T11:58:11.865+0300] {processor.py:840} INFO - DAG(s) 'example_skip_dag' retrieved from /media/data/omar/programming course/DEPI/DEPI project/anomx/venv/lib/python3.12/site-packages/airflow/example_dags/example_skip_dag.py
[2026-06-24T11:58:11.880+0300] {logging_mixin.py:188} INFO - [2026-06-24T11:58:11.879+0300] {dag.py:3096} INFO - Sync 1 DAGs
[2026-06-24T11:58:11.896+0300] {logging_mixin.py:188} INFO - [2026-06-24T11:58:11.895+0300] {dag.py:3954} INFO - Setting next_dagrun for example_skip_dag to 2026-06-23 00:00:00+00:00, run_after=2026-06-24 00:00:00+00:00
[2026-06-24T11:58:11.925+0300] {processor.py:183} INFO - Processing /media/data/omar/programming course/DEPI/DEPI project/anomx/venv/lib/python3.12/site-packages/airflow/example_dags/example_skip_dag.py took 0.074 seconds
[2026-06-24T12:36:33.091+0300] {processor.py:161} INFO - Started process (PID=28561) to work on /media/data/omar/programming course/DEPI/DEPI project/anomx/venv/lib/python3.12/site-packages/airflow/example_dags/example_skip_dag.py
[2026-06-24T12:36:33.092+0300] {processor.py:830} INFO - Processing file /media/data/omar/programming course/DEPI/DEPI project/anomx/venv/lib/python3.12/site-packages/airflow/example_dags/example_skip_dag.py for tasks to queue
[2026-06-24T12:36:33.093+0300] {logging_mixin.py:188} INFO - [2026-06-24T12:36:33.092+0300] {dagbag.py:540} INFO - Filling up the DagBag from /media/data/omar/programming course/DEPI/DEPI project/anomx/venv/lib/python3.12/site-packages/airflow/example_dags/example_skip_dag.py
[2026-06-24T12:36:33.099+0300] {processor.py:840} INFO - DAG(s) 'example_skip_dag' retrieved from /media/data/omar/programming course/DEPI/DEPI project/anomx/venv/lib/python3.12/site-packages/airflow/example_dags/example_skip_dag.py
[2026-06-24T12:36:33.116+0300] {logging_mixin.py:188} INFO - [2026-06-24T12:36:33.116+0300] {dag.py:3096} INFO - Sync 1 DAGs
[2026-06-24T12:36:33.132+0300] {logging_mixin.py:188} INFO - [2026-06-24T12:36:33.132+0300] {dag.py:3954} INFO - Setting next_dagrun for example_skip_dag to 2026-06-23 00:00:00+00:00, run_after=2026-06-24 00:00:00+00:00
[2026-06-24T12:36:33.159+0300] {processor.py:183} INFO - Processing /media/data/omar/programming course/DEPI/DEPI project/anomx/venv/lib/python3.12/site-packages/airflow/example_dags/example_skip_dag.py took 0.074 seconds
[2026-06-24T12:37:25.558+0300] {processor.py:161} INFO - Started process (PID=29194) to work on /media/data/omar/programming course/DEPI/DEPI project/anomx/venv/lib/python3.12/site-packages/airflow/example_dags/example_skip_dag.py
[2026-06-24T12:37:25.559+0300] {processor.py:830} INFO - Processing file /media/data/omar/programming course/DEPI/DEPI project/anomx/venv/lib/python3.12/site-packages/airflow/example_dags/example_skip_dag.py for tasks to queue
[2026-06-24T12:37:25.560+0300] {logging_mixin.py:188} INFO - [2026-06-24T12:37:25.559+0300] {dagbag.py:540} INFO - Filling up the DagBag from /media/data/omar/programming course/DEPI/DEPI project/anomx/venv/lib/python3.12/site-packages/airflow/example_dags/example_skip_dag.py
[2026-06-24T12:37:25.567+0300] {processor.py:840} INFO - DAG(s) 'example_skip_dag' retrieved from /media/data/omar/programming course/DEPI/DEPI project/anomx/venv/lib/python3.12/site-packages/airflow/example_dags/example_skip_dag.py
[2026-06-24T12:37:25.584+0300] {logging_mixin.py:188} INFO - [2026-06-24T12:37:25.584+0300] {dag.py:3096} INFO - Sync 1 DAGs
[2026-06-24T12:37:25.600+0300] {logging_mixin.py:188} INFO - [2026-06-24T12:37:25.599+0300] {dag.py:3954} INFO - Setting next_dagrun for example_skip_dag to 2026-06-23 00:00:00+00:00, run_after=2026-06-24 00:00:00+00:00
[2026-06-24T12:37:25.628+0300] {processor.py:183} INFO - Processing /media/data/omar/programming course/DEPI/DEPI project/anomx/venv/lib/python3.12/site-packages/airflow/example_dags/example_skip_dag.py took 0.075 seconds
[2026-06-24T12:38:18.536+0300] {processor.py:161} INFO - Started process (PID=29649) to work on /media/data/omar/programming course/DEPI/DEPI project/anomx/venv/lib/python3.12/site-packages/airflow/example_dags/example_skip_dag.py
[2026-06-24T12:38:18.537+0300] {processor.py:830} INFO - Processing file /media/data/omar/programming course/DEPI/DEPI project/anomx/venv/lib/python3.12/site-packages/airflow/example_dags/example_skip_dag.py for tasks to queue
[2026-06-24T12:38:18.538+0300] {logging_mixin.py:188} INFO - [2026-06-24T12:38:18.537+0300] {dagbag.py:540} INFO - Filling up the DagBag from /media/data/omar/programming course/DEPI/DEPI project/anomx/venv/lib/python3.12/site-packages/airflow/example_dags/example_skip_dag.py
[2026-06-24T12:38:18.543+0300] {processor.py:840} INFO - DAG(s) 'example_skip_dag' retrieved from /media/data/omar/programming course/DEPI/DEPI project/anomx/venv/lib/python3.12/site-packages/airflow/example_dags/example_skip_dag.py
[2026-06-24T12:38:18.559+0300] {logging_mixin.py:188} INFO - [2026-06-24T12:38:18.559+0300] {dag.py:3096} INFO - Sync 1 DAGs
[2026-06-24T12:38:18.573+0300] {logging_mixin.py:188} INFO - [2026-06-24T12:38:18.572+0300] {dag.py:3954} INFO - Setting next_dagrun for example_skip_dag to 2026-06-23 00:00:00+00:00, run_after=2026-06-24 00:00:00+00:00
[2026-06-24T12:38:18.600+0300] {processor.py:183} INFO - Processing /media/data/omar/programming course/DEPI/DEPI project/anomx/venv/lib/python3.12/site-packages/airflow/example_dags/example_skip_dag.py took 0.069 seconds
[2026-06-24T12:39:05.336+0300] {processor.py:161} INFO - Started process (PID=30250) to work on /media/data/omar/programming course/DEPI/DEPI project/anomx/venv/lib/python3.12/site-packages/airflow/example_dags/example_skip_dag.py
[2026-06-24T12:39:05.337+0300] {processor.py:830} INFO - Processing file /media/data/omar/programming course/DEPI/DEPI project/anomx/venv/lib/python3.12/site-packages/airflow/example_dags/example_skip_dag.py for tasks to queue
[2026-06-24T12:39:05.338+0300] {logging_mixin.py:188} INFO - [2026-06-24T12:39:05.337+0300] {dagbag.py:540} INFO - Filling up the DagBag from /media/data/omar/programming course/DEPI/DEPI project/anomx/venv/lib/python3.12/site-packages/airflow/example_dags/example_skip_dag.py
[2026-06-24T12:39:05.343+0300] {processor.py:840} INFO - DAG(s) 'example_skip_dag' retrieved from /media/data/omar/programming course/DEPI/DEPI project/anomx/venv/lib/python3.12/site-packages/airflow/example_dags/example_skip_dag.py
[2026-06-24T12:39:05.360+0300] {logging_mixin.py:188} INFO - [2026-06-24T12:39:05.360+0300] {dag.py:3096} INFO - Sync 1 DAGs
[2026-06-24T12:39:05.375+0300] {logging_mixin.py:188} INFO - [2026-06-24T12:39:05.375+0300] {dag.py:3954} INFO - Setting next_dagrun for example_skip_dag to 2026-06-23 00:00:00+00:00, run_after=2026-06-24 00:00:00+00:00
[2026-06-24T12:39:05.403+0300] {processor.py:183} INFO - Processing /media/data/omar/programming course/DEPI/DEPI project/anomx/venv/lib/python3.12/site-packages/airflow/example_dags/example_skip_dag.py took 0.072 seconds
[2026-06-24T12:39:52.780+0300] {processor.py:161} INFO - Started process (PID=30548) to work on /media/data/omar/programming course/DEPI/DEPI project/anomx/venv/lib/python3.12/site-packages/airflow/example_dags/example_skip_dag.py
[2026-06-24T12:39:52.781+0300] {processor.py:830} INFO - Processing file /media/data/omar/programming course/DEPI/DEPI project/anomx/venv/lib/python3.12/site-packages/airflow/example_dags/example_skip_dag.py for tasks to queue
[2026-06-24T12:39:52.782+0300] {logging_mixin.py:188} INFO - [2026-06-24T12:39:52.781+0300] {dagbag.py:540} INFO - Filling up the DagBag from /media/data/omar/programming course/DEPI/DEPI project/anomx/venv/lib/python3.12/site-packages/airflow/example_dags/example_skip_dag.py
[2026-06-24T12:39:52.787+0300] {processor.py:840} INFO - DAG(s) 'example_skip_dag' retrieved from /media/data/omar/programming course/DEPI/DEPI project/anomx/venv/lib/python3.12/site-packages/airflow/example_dags/example_skip_dag.py
[2026-06-24T12:39:52.803+0300] {logging_mixin.py:188} INFO - [2026-06-24T12:39:52.802+0300] {dag.py:3096} INFO - Sync 1 DAGs
[2026-06-24T12:39:52.817+0300] {logging_mixin.py:188} INFO - [2026-06-24T12:39:52.817+0300] {dag.py:3954} INFO - Setting next_dagrun for example_skip_dag to 2026-06-23 00:00:00+00:00, run_after=2026-06-24 00:00:00+00:00
[2026-06-24T12:39:52.850+0300] {processor.py:183} INFO - Processing /media/data/omar/programming course/DEPI/DEPI project/anomx/venv/lib/python3.12/site-packages/airflow/example_dags/example_skip_dag.py took 0.075 seconds
[2026-06-24T12:40:38.434+0300] {processor.py:161} INFO - Started process (PID=31136) to work on /media/data/omar/programming course/DEPI/DEPI project/anomx/venv/lib/python3.12/site-packages/airflow/example_dags/example_skip_dag.py
[2026-06-24T12:40:38.435+0300] {processor.py:830} INFO - Processing file /media/data/omar/programming course/DEPI/DEPI project/anomx/venv/lib/python3.12/site-packages/airflow/example_dags/example_skip_dag.py for tasks to queue
[2026-06-24T12:40:38.436+0300] {logging_mixin.py:188} INFO - [2026-06-24T12:40:38.436+0300] {dagbag.py:540} INFO - Filling up the DagBag from /media/data/omar/programming course/DEPI/DEPI project/anomx/venv/lib/python3.12/site-packages/airflow/example_dags/example_skip_dag.py
[2026-06-24T12:40:38.441+0300] {processor.py:840} INFO - DAG(s) 'example_skip_dag' retrieved from /media/data/omar/programming course/DEPI/DEPI project/anomx/venv/lib/python3.12/site-packages/airflow/example_dags/example_skip_dag.py
[2026-06-24T12:40:38.461+0300] {logging_mixin.py:188} INFO - [2026-06-24T12:40:38.461+0300] {dag.py:3096} INFO - Sync 1 DAGs
[2026-06-24T12:40:38.480+0300] {logging_mixin.py:188} INFO - [2026-06-24T12:40:38.480+0300] {dag.py:3954} INFO - Setting next_dagrun for example_skip_dag to 2026-06-23 00:00:00+00:00, run_after=2026-06-24 00:00:00+00:00
[2026-06-24T12:40:38.510+0300] {processor.py:183} INFO - Processing /media/data/omar/programming course/DEPI/DEPI project/anomx/venv/lib/python3.12/site-packages/airflow/example_dags/example_skip_dag.py took 0.080 seconds
[2026-06-24T12:41:53.856+0300] {processor.py:161} INFO - Started process (PID=31881) to work on /media/data/omar/programming course/DEPI/DEPI project/anomx/venv/lib/python3.12/site-packages/airflow/example_dags/example_skip_dag.py
[2026-06-24T12:41:53.857+0300] {processor.py:830} INFO - Processing file /media/data/omar/programming course/DEPI/DEPI project/anomx/venv/lib/python3.12/site-packages/airflow/example_dags/example_skip_dag.py for tasks to queue
[2026-06-24T12:41:53.858+0300] {logging_mixin.py:188} INFO - [2026-06-24T12:41:53.858+0300] {dagbag.py:540} INFO - Filling up the DagBag from /media/data/omar/programming course/DEPI/DEPI project/anomx/venv/lib/python3.12/site-packages/airflow/example_dags/example_skip_dag.py
[2026-06-24T12:41:53.865+0300] {processor.py:840} INFO - DAG(s) 'example_skip_dag' retrieved from /media/data/omar/programming course/DEPI/DEPI project/anomx/venv/lib/python3.12/site-packages/airflow/example_dags/example_skip_dag.py
[2026-06-24T12:41:53.881+0300] {logging_mixin.py:188} INFO - [2026-06-24T12:41:53.881+0300] {dag.py:3096} INFO - Sync 1 DAGs
[2026-06-24T12:41:53.897+0300] {logging_mixin.py:188} INFO - [2026-06-24T12:41:53.896+0300] {dag.py:3954} INFO - Setting next_dagrun for example_skip_dag to 2026-06-23 00:00:00+00:00, run_after=2026-06-24 00:00:00+00:00
[2026-06-24T12:41:53.927+0300] {processor.py:183} INFO - Processing /media/data/omar/programming course/DEPI/DEPI project/anomx/venv/lib/python3.12/site-packages/airflow/example_dags/example_skip_dag.py took 0.076 seconds
[2026-06-24T12:42:47.259+0300] {processor.py:161} INFO - Started process (PID=32268) to work on /media/data/omar/programming course/DEPI/DEPI project/anomx/venv/lib/python3.12/site-packages/airflow/example_dags/example_skip_dag.py
[2026-06-24T12:42:47.260+0300] {processor.py:830} INFO - Processing file /media/data/omar/programming course/DEPI/DEPI project/anomx/venv/lib/python3.12/site-packages/airflow/example_dags/example_skip_dag.py for tasks to queue
[2026-06-24T12:42:47.261+0300] {logging_mixin.py:188} INFO - [2026-06-24T12:42:47.261+0300] {dagbag.py:540} INFO - Filling up the DagBag from /media/data/omar/programming course/DEPI/DEPI project/anomx/venv/lib/python3.12/site-packages/airflow/example_dags/example_skip_dag.py
[2026-06-24T12:42:47.268+0300] {processor.py:840} INFO - DAG(s) 'example_skip_dag' retrieved from /media/data/omar/programming course/DEPI/DEPI project/anomx/venv/lib/python3.12/site-packages/airflow/example_dags/example_skip_dag.py
[2026-06-24T12:42:47.289+0300] {logging_mixin.py:188} INFO - [2026-06-24T12:42:47.288+0300] {dag.py:3096} INFO - Sync 1 DAGs
[2026-06-24T12:42:47.305+0300] {logging_mixin.py:188} INFO - [2026-06-24T12:42:47.305+0300] {dag.py:3954} INFO - Setting next_dagrun for example_skip_dag to 2026-06-23 00:00:00+00:00, run_after=2026-06-24 00:00:00+00:00
[2026-06-24T12:42:47.340+0300] {processor.py:183} INFO - Processing /media/data/omar/programming course/DEPI/DEPI project/anomx/venv/lib/python3.12/site-packages/airflow/example_dags/example_skip_dag.py took 0.088 seconds
[2026-06-24T12:43:39.558+0300] {processor.py:161} INFO - Started process (PID=32821) to work on /media/data/omar/programming course/DEPI/DEPI project/anomx/venv/lib/python3.12/site-packages/airflow/example_dags/example_skip_dag.py
[2026-06-24T12:43:39.558+0300] {processor.py:830} INFO - Processing file /media/data/omar/programming course/DEPI/DEPI project/anomx/venv/lib/python3.12/site-packages/airflow/example_dags/example_skip_dag.py for tasks to queue
[2026-06-24T12:43:39.559+0300] {logging_mixin.py:188} INFO - [2026-06-24T12:43:39.559+0300] {dagbag.py:540} INFO - Filling up the DagBag from /media/data/omar/programming course/DEPI/DEPI project/anomx/venv/lib/python3.12/site-packages/airflow/example_dags/example_skip_dag.py
[2026-06-24T12:43:39.566+0300] {processor.py:840} INFO - DAG(s) 'example_skip_dag' retrieved from /media/data/omar/programming course/DEPI/DEPI project/anomx/venv/lib/python3.12/site-packages/airflow/example_dags/example_skip_dag.py
[2026-06-24T12:43:39.581+0300] {logging_mixin.py:188} INFO - [2026-06-24T12:43:39.580+0300] {dag.py:3096} INFO - Sync 1 DAGs
[2026-06-24T12:43:39.594+0300] {logging_mixin.py:188} INFO - [2026-06-24T12:43:39.594+0300] {dag.py:3954} INFO - Setting next_dagrun for example_skip_dag to 2026-06-23 00:00:00+00:00, run_after=2026-06-24 00:00:00+00:00
[2026-06-24T12:43:39.622+0300] {processor.py:183} INFO - Processing /media/data/omar/programming course/DEPI/DEPI project/anomx/venv/lib/python3.12/site-packages/airflow/example_dags/example_skip_dag.py took 0.070 seconds
[2026-06-24T12:44:28.267+0300] {processor.py:161} INFO - Started process (PID=33189) to work on /media/data/omar/programming course/DEPI/DEPI project/anomx/venv/lib/python3.12/site-packages/airflow/example_dags/example_skip_dag.py
[2026-06-24T12:44:28.268+0300] {processor.py:830} INFO - Processing file /media/data/omar/programming course/DEPI/DEPI project/anomx/venv/lib/python3.12/site-packages/airflow/example_dags/example_skip_dag.py for tasks to queue
[2026-06-24T12:44:28.269+0300] {logging_mixin.py:188} INFO - [2026-06-24T12:44:28.268+0300] {dagbag.py:540} INFO - Filling up the DagBag from /media/data/omar/programming course/DEPI/DEPI project/anomx/venv/lib/python3.12/site-packages/airflow/example_dags/example_skip_dag.py
[2026-06-24T12:44:28.275+0300] {processor.py:840} INFO - DAG(s) 'example_skip_dag' retrieved from /media/data/omar/programming course/DEPI/DEPI project/anomx/venv/lib/python3.12/site-packages/airflow/example_dags/example_skip_dag.py
[2026-06-24T12:44:28.292+0300] {logging_mixin.py:188} INFO - [2026-06-24T12:44:28.292+0300] {dag.py:3096} INFO - Sync 1 DAGs
[2026-06-24T12:44:28.306+0300] {logging_mixin.py:188} INFO - [2026-06-24T12:44:28.306+0300] {dag.py:3954} INFO - Setting next_dagrun for example_skip_dag to 2026-06-23 00:00:00+00:00, run_after=2026-06-24 00:00:00+00:00
[2026-06-24T12:44:28.331+0300] {processor.py:183} INFO - Processing /media/data/omar/programming course/DEPI/DEPI project/anomx/venv/lib/python3.12/site-packages/airflow/example_dags/example_skip_dag.py took 0.070 seconds
[2026-06-24T12:45:18.939+0300] {processor.py:161} INFO - Started process (PID=33766) to work on /media/data/omar/programming course/DEPI/DEPI project/anomx/venv/lib/python3.12/site-packages/airflow/example_dags/example_skip_dag.py
[2026-06-24T12:45:18.940+0300] {processor.py:830} INFO - Processing file /media/data/omar/programming course/DEPI/DEPI project/anomx/venv/lib/python3.12/site-packages/airflow/example_dags/example_skip_dag.py for tasks to queue
[2026-06-24T12:45:18.941+0300] {logging_mixin.py:188} INFO - [2026-06-24T12:45:18.940+0300] {dagbag.py:540} INFO - Filling up the DagBag from /media/data/omar/programming course/DEPI/DEPI project/anomx/venv/lib/python3.12/site-packages/airflow/example_dags/example_skip_dag.py
[2026-06-24T12:45:18.947+0300] {processor.py:840} INFO - DAG(s) 'example_skip_dag' retrieved from /media/data/omar/programming course/DEPI/DEPI project/anomx/venv/lib/python3.12/site-packages/airflow/example_dags/example_skip_dag.py
[2026-06-24T12:45:18.963+0300] {logging_mixin.py:188} INFO - [2026-06-24T12:45:18.963+0300] {dag.py:3096} INFO - Sync 1 DAGs
[2026-06-24T12:45:18.978+0300] {logging_mixin.py:188} INFO - [2026-06-24T12:45:18.978+0300] {dag.py:3954} INFO - Setting next_dagrun for example_skip_dag to 2026-06-23 00:00:00+00:00, run_after=2026-06-24 00:00:00+00:00
[2026-06-24T12:45:19.005+0300] {processor.py:183} INFO - Processing /media/data/omar/programming course/DEPI/DEPI project/anomx/venv/lib/python3.12/site-packages/airflow/example_dags/example_skip_dag.py took 0.071 seconds
[2026-06-24T12:46:07.358+0300] {processor.py:161} INFO - Started process (PID=34125) to work on /media/data/omar/programming course/DEPI/DEPI project/anomx/venv/lib/python3.12/site-packages/airflow/example_dags/example_skip_dag.py
[2026-06-24T12:46:07.359+0300] {processor.py:830} INFO - Processing file /media/data/omar/programming course/DEPI/DEPI project/anomx/venv/lib/python3.12/site-packages/airflow/example_dags/example_skip_dag.py for tasks to queue
[2026-06-24T12:46:07.360+0300] {logging_mixin.py:188} INFO - [2026-06-24T12:46:07.359+0300] {dagbag.py:540} INFO - Filling up the DagBag from /media/data/omar/programming course/DEPI/DEPI project/anomx/venv/lib/python3.12/site-packages/airflow/example_dags/example_skip_dag.py
[2026-06-24T12:46:07.365+0300] {processor.py:840} INFO - DAG(s) 'example_skip_dag' retrieved from /media/data/omar/programming course/DEPI/DEPI project/anomx/venv/lib/python3.12/site-packages/airflow/example_dags/example_skip_dag.py
[2026-06-24T12:46:07.381+0300] {logging_mixin.py:188} INFO - [2026-06-24T12:46:07.380+0300] {dag.py:3096} INFO - Sync 1 DAGs
[2026-06-24T12:46:07.395+0300] {logging_mixin.py:188} INFO - [2026-06-24T12:46:07.395+0300] {dag.py:3954} INFO - Setting next_dagrun for example_skip_dag to 2026-06-23 00:00:00+00:00, run_after=2026-06-24 00:00:00+00:00
[2026-06-24T12:46:07.423+0300] {processor.py:183} INFO - Processing /media/data/omar/programming course/DEPI/DEPI project/anomx/venv/lib/python3.12/site-packages/airflow/example_dags/example_skip_dag.py took 0.070 seconds
[2026-06-24T12:46:57.825+0300] {processor.py:161} INFO - Started process (PID=34684) to work on /media/data/omar/programming course/DEPI/DEPI project/anomx/venv/lib/python3.12/site-packages/airflow/example_dags/example_skip_dag.py
[2026-06-24T12:46:57.826+0300] {processor.py:830} INFO - Processing file /media/data/omar/programming course/DEPI/DEPI project/anomx/venv/lib/python3.12/site-packages/airflow/example_dags/example_skip_dag.py for tasks to queue
[2026-06-24T12:46:57.828+0300] {logging_mixin.py:188} INFO - [2026-06-24T12:46:57.827+0300] {dagbag.py:540} INFO - Filling up the DagBag from /media/data/omar/programming course/DEPI/DEPI project/anomx/venv/lib/python3.12/site-packages/airflow/example_dags/example_skip_dag.py
[2026-06-24T12:46:57.837+0300] {processor.py:840} INFO - DAG(s) 'example_skip_dag' retrieved from /media/data/omar/programming course/DEPI/DEPI project/anomx/venv/lib/python3.12/site-packages/airflow/example_dags/example_skip_dag.py
[2026-06-24T12:46:57.861+0300] {logging_mixin.py:188} INFO - [2026-06-24T12:46:57.860+0300] {dag.py:3096} INFO - Sync 1 DAGs
[2026-06-24T12:46:57.877+0300] {logging_mixin.py:188} INFO - [2026-06-24T12:46:57.877+0300] {dag.py:3954} INFO - Setting next_dagrun for example_skip_dag to 2026-06-23 00:00:00+00:00, run_after=2026-06-24 00:00:00+00:00
[2026-06-24T12:46:57.915+0300] {processor.py:183} INFO - Processing /media/data/omar/programming course/DEPI/DEPI project/anomx/venv/lib/python3.12/site-packages/airflow/example_dags/example_skip_dag.py took 0.097 seconds
[2026-06-24T12:47:51.682+0300] {processor.py:161} INFO - Started process (PID=35065) to work on /media/data/omar/programming course/DEPI/DEPI project/anomx/venv/lib/python3.12/site-packages/airflow/example_dags/example_skip_dag.py
[2026-06-24T12:47:51.684+0300] {processor.py:830} INFO - Processing file /media/data/omar/programming course/DEPI/DEPI project/anomx/venv/lib/python3.12/site-packages/airflow/example_dags/example_skip_dag.py for tasks to queue
[2026-06-24T12:47:51.685+0300] {logging_mixin.py:188} INFO - [2026-06-24T12:47:51.685+0300] {dagbag.py:540} INFO - Filling up the DagBag from /media/data/omar/programming course/DEPI/DEPI project/anomx/venv/lib/python3.12/site-packages/airflow/example_dags/example_skip_dag.py
[2026-06-24T12:47:51.692+0300] {processor.py:840} INFO - DAG(s) 'example_skip_dag' retrieved from /media/data/omar/programming course/DEPI/DEPI project/anomx/venv/lib/python3.12/site-packages/airflow/example_dags/example_skip_dag.py
[2026-06-24T12:47:51.716+0300] {logging_mixin.py:188} INFO - [2026-06-24T12:47:51.715+0300] {dag.py:3096} INFO - Sync 1 DAGs
[2026-06-24T12:47:51.737+0300] {logging_mixin.py:188} INFO - [2026-06-24T12:47:51.737+0300] {dag.py:3954} INFO - Setting next_dagrun for example_skip_dag to 2026-06-23 00:00:00+00:00, run_after=2026-06-24 00:00:00+00:00
[2026-06-24T12:47:51.777+0300] {processor.py:183} INFO - Processing /media/data/omar/programming course/DEPI/DEPI project/anomx/venv/lib/python3.12/site-packages/airflow/example_dags/example_skip_dag.py took 0.103 seconds
[2026-06-24T12:48:45.271+0300] {processor.py:161} INFO - Started process (PID=35659) to work on /media/data/omar/programming course/DEPI/DEPI project/anomx/venv/lib/python3.12/site-packages/airflow/example_dags/example_skip_dag.py
[2026-06-24T12:48:45.272+0300] {processor.py:830} INFO - Processing file /media/data/omar/programming course/DEPI/DEPI project/anomx/venv/lib/python3.12/site-packages/airflow/example_dags/example_skip_dag.py for tasks to queue
[2026-06-24T12:48:45.274+0300] {logging_mixin.py:188} INFO - [2026-06-24T12:48:45.273+0300] {dagbag.py:540} INFO - Filling up the DagBag from /media/data/omar/programming course/DEPI/DEPI project/anomx/venv/lib/python3.12/site-packages/airflow/example_dags/example_skip_dag.py
[2026-06-24T12:48:45.281+0300] {processor.py:840} INFO - DAG(s) 'example_skip_dag' retrieved from /media/data/omar/programming course/DEPI/DEPI project/anomx/venv/lib/python3.12/site-packages/airflow/example_dags/example_skip_dag.py
[2026-06-24T12:48:45.308+0300] {logging_mixin.py:188} INFO - [2026-06-24T12:48:45.307+0300] {dag.py:3096} INFO - Sync 1 DAGs
[2026-06-24T12:48:45.333+0300] {logging_mixin.py:188} INFO - [2026-06-24T12:48:45.333+0300] {dag.py:3954} INFO - Setting next_dagrun for example_skip_dag to 2026-06-23 00:00:00+00:00, run_after=2026-06-24 00:00:00+00:00
[2026-06-24T12:48:45.380+0300] {processor.py:183} INFO - Processing /media/data/omar/programming course/DEPI/DEPI project/anomx/venv/lib/python3.12/site-packages/airflow/example_dags/example_skip_dag.py took 0.116 seconds
[2026-06-24T12:49:37.778+0300] {processor.py:161} INFO - Started process (PID=36007) to work on /media/data/omar/programming course/DEPI/DEPI project/anomx/venv/lib/python3.12/site-packages/airflow/example_dags/example_skip_dag.py
[2026-06-24T12:49:37.779+0300] {processor.py:830} INFO - Processing file /media/data/omar/programming course/DEPI/DEPI project/anomx/venv/lib/python3.12/site-packages/airflow/example_dags/example_skip_dag.py for tasks to queue
[2026-06-24T12:49:37.781+0300] {logging_mixin.py:188} INFO - [2026-06-24T12:49:37.780+0300] {dagbag.py:540} INFO - Filling up the DagBag from /media/data/omar/programming course/DEPI/DEPI project/anomx/venv/lib/python3.12/site-packages/airflow/example_dags/example_skip_dag.py
[2026-06-24T12:49:37.790+0300] {processor.py:840} INFO - DAG(s) 'example_skip_dag' retrieved from /media/data/omar/programming course/DEPI/DEPI project/anomx/venv/lib/python3.12/site-packages/airflow/example_dags/example_skip_dag.py
[2026-06-24T12:49:37.820+0300] {logging_mixin.py:188} INFO - [2026-06-24T12:49:37.820+0300] {dag.py:3096} INFO - Sync 1 DAGs
[2026-06-24T12:49:37.848+0300] {logging_mixin.py:188} INFO - [2026-06-24T12:49:37.848+0300] {dag.py:3954} INFO - Setting next_dagrun for example_skip_dag to 2026-06-23 00:00:00+00:00, run_after=2026-06-24 00:00:00+00:00
[2026-06-24T12:49:37.890+0300] {processor.py:183} INFO - Processing /media/data/omar/programming course/DEPI/DEPI project/anomx/venv/lib/python3.12/site-packages/airflow/example_dags/example_skip_dag.py took 0.120 seconds
[2026-06-24T12:50:32.714+0300] {processor.py:161} INFO - Started process (PID=36660) to work on /media/data/omar/programming course/DEPI/DEPI project/anomx/venv/lib/python3.12/site-packages/airflow/example_dags/example_skip_dag.py
[2026-06-24T12:50:32.715+0300] {processor.py:830} INFO - Processing file /media/data/omar/programming course/DEPI/DEPI project/anomx/venv/lib/python3.12/site-packages/airflow/example_dags/example_skip_dag.py for tasks to queue
[2026-06-24T12:50:32.716+0300] {logging_mixin.py:188} INFO - [2026-06-24T12:50:32.716+0300] {dagbag.py:540} INFO - Filling up the DagBag from /media/data/omar/programming course/DEPI/DEPI project/anomx/venv/lib/python3.12/site-packages/airflow/example_dags/example_skip_dag.py
[2026-06-24T12:50:32.723+0300] {processor.py:840} INFO - DAG(s) 'example_skip_dag' retrieved from /media/data/omar/programming course/DEPI/DEPI project/anomx/venv/lib/python3.12/site-packages/airflow/example_dags/example_skip_dag.py
[2026-06-24T12:50:32.741+0300] {logging_mixin.py:188} INFO - [2026-06-24T12:50:32.740+0300] {dag.py:3096} INFO - Sync 1 DAGs
[2026-06-24T12:50:32.757+0300] {logging_mixin.py:188} INFO - [2026-06-24T12:50:32.757+0300] {dag.py:3954} INFO - Setting next_dagrun for example_skip_dag to 2026-06-23 00:00:00+00:00, run_after=2026-06-24 00:00:00+00:00
[2026-06-24T12:50:32.789+0300] {processor.py:183} INFO - Processing /media/data/omar/programming course/DEPI/DEPI project/anomx/venv/lib/python3.12/site-packages/airflow/example_dags/example_skip_dag.py took 0.082 seconds
[2026-06-24T12:51:25.770+0300] {processor.py:161} INFO - Started process (PID=37023) to work on /media/data/omar/programming course/DEPI/DEPI project/anomx/venv/lib/python3.12/site-packages/airflow/example_dags/example_skip_dag.py
[2026-06-24T12:51:25.771+0300] {processor.py:830} INFO - Processing file /media/data/omar/programming course/DEPI/DEPI project/anomx/venv/lib/python3.12/site-packages/airflow/example_dags/example_skip_dag.py for tasks to queue
[2026-06-24T12:51:25.772+0300] {logging_mixin.py:188} INFO - [2026-06-24T12:51:25.771+0300] {dagbag.py:540} INFO - Filling up the DagBag from /media/data/omar/programming course/DEPI/DEPI project/anomx/venv/lib/python3.12/site-packages/airflow/example_dags/example_skip_dag.py
[2026-06-24T12:51:25.779+0300] {processor.py:840} INFO - DAG(s) 'example_skip_dag' retrieved from /media/data/omar/programming course/DEPI/DEPI project/anomx/venv/lib/python3.12/site-packages/airflow/example_dags/example_skip_dag.py
[2026-06-24T12:51:25.796+0300] {logging_mixin.py:188} INFO - [2026-06-24T12:51:25.796+0300] {dag.py:3096} INFO - Sync 1 DAGs
[2026-06-24T12:51:25.812+0300] {logging_mixin.py:188} INFO - [2026-06-24T12:51:25.812+0300] {dag.py:3954} INFO - Setting next_dagrun for example_skip_dag to 2026-06-23 00:00:00+00:00, run_after=2026-06-24 00:00:00+00:00
[2026-06-24T12:51:25.840+0300] {processor.py:183} INFO - Processing /media/data/omar/programming course/DEPI/DEPI project/anomx/venv/lib/python3.12/site-packages/airflow/example_dags/example_skip_dag.py took 0.075 seconds
[2026-06-24T12:52:17.803+0300] {processor.py:161} INFO - Started process (PID=37571) to work on /media/data/omar/programming course/DEPI/DEPI project/anomx/venv/lib/python3.12/site-packages/airflow/example_dags/example_skip_dag.py
[2026-06-24T12:52:17.804+0300] {processor.py:830} INFO - Processing file /media/data/omar/programming course/DEPI/DEPI project/anomx/venv/lib/python3.12/site-packages/airflow/example_dags/example_skip_dag.py for tasks to queue
[2026-06-24T12:52:17.805+0300] {logging_mixin.py:188} INFO - [2026-06-24T12:52:17.804+0300] {dagbag.py:540} INFO - Filling up the DagBag from /media/data/omar/programming course/DEPI/DEPI project/anomx/venv/lib/python3.12/site-packages/airflow/example_dags/example_skip_dag.py
[2026-06-24T12:52:17.813+0300] {processor.py:840} INFO - DAG(s) 'example_skip_dag' retrieved from /media/data/omar/programming course/DEPI/DEPI project/anomx/venv/lib/python3.12/site-packages/airflow/example_dags/example_skip_dag.py
[2026-06-24T12:52:17.833+0300] {logging_mixin.py:188} INFO - [2026-06-24T12:52:17.832+0300] {dag.py:3096} INFO - Sync 1 DAGs
[2026-06-24T12:52:17.850+0300] {logging_mixin.py:188} INFO - [2026-06-24T12:52:17.850+0300] {dag.py:3954} INFO - Setting next_dagrun for example_skip_dag to 2026-06-23 00:00:00+00:00, run_after=2026-06-24 00:00:00+00:00
[2026-06-24T12:52:17.885+0300] {processor.py:183} INFO - Processing /media/data/omar/programming course/DEPI/DEPI project/anomx/venv/lib/python3.12/site-packages/airflow/example_dags/example_skip_dag.py took 0.090 seconds
[2026-06-24T12:53:07.571+0300] {processor.py:161} INFO - Started process (PID=37965) to work on /media/data/omar/programming course/DEPI/DEPI project/anomx/venv/lib/python3.12/site-packages/airflow/example_dags/example_skip_dag.py
[2026-06-24T12:53:07.572+0300] {processor.py:830} INFO - Processing file /media/data/omar/programming course/DEPI/DEPI project/anomx/venv/lib/python3.12/site-packages/airflow/example_dags/example_skip_dag.py for tasks to queue
[2026-06-24T12:53:07.573+0300] {logging_mixin.py:188} INFO - [2026-06-24T12:53:07.572+0300] {dagbag.py:540} INFO - Filling up the DagBag from /media/data/omar/programming course/DEPI/DEPI project/anomx/venv/lib/python3.12/site-packages/airflow/example_dags/example_skip_dag.py
[2026-06-24T12:53:07.582+0300] {processor.py:840} INFO - DAG(s) 'example_skip_dag' retrieved from /media/data/omar/programming course/DEPI/DEPI project/anomx/venv/lib/python3.12/site-packages/airflow/example_dags/example_skip_dag.py
[2026-06-24T12:53:07.607+0300] {logging_mixin.py:188} INFO - [2026-06-24T12:53:07.607+0300] {dag.py:3096} INFO - Sync 1 DAGs
[2026-06-24T12:53:07.630+0300] {logging_mixin.py:188} INFO - [2026-06-24T12:53:07.630+0300] {dag.py:3954} INFO - Setting next_dagrun for example_skip_dag to 2026-06-23 00:00:00+00:00, run_after=2026-06-24 00:00:00+00:00
[2026-06-24T12:53:07.672+0300] {processor.py:183} INFO - Processing /media/data/omar/programming course/DEPI/DEPI project/anomx/venv/lib/python3.12/site-packages/airflow/example_dags/example_skip_dag.py took 0.107 seconds
[2026-06-24T12:54:00.051+0300] {processor.py:161} INFO - Started process (PID=38505) to work on /media/data/omar/programming course/DEPI/DEPI project/anomx/venv/lib/python3.12/site-packages/airflow/example_dags/example_skip_dag.py
[2026-06-24T12:54:00.052+0300] {processor.py:830} INFO - Processing file /media/data/omar/programming course/DEPI/DEPI project/anomx/venv/lib/python3.12/site-packages/airflow/example_dags/example_skip_dag.py for tasks to queue
[2026-06-24T12:54:00.053+0300] {logging_mixin.py:188} INFO - [2026-06-24T12:54:00.053+0300] {dagbag.py:540} INFO - Filling up the DagBag from /media/data/omar/programming course/DEPI/DEPI project/anomx/venv/lib/python3.12/site-packages/airflow/example_dags/example_skip_dag.py
[2026-06-24T12:54:00.061+0300] {processor.py:840} INFO - DAG(s) 'example_skip_dag' retrieved from /media/data/omar/programming course/DEPI/DEPI project/anomx/venv/lib/python3.12/site-packages/airflow/example_dags/example_skip_dag.py
[2026-06-24T12:54:00.079+0300] {logging_mixin.py:188} INFO - [2026-06-24T12:54:00.079+0300] {dag.py:3096} INFO - Sync 1 DAGs
[2026-06-24T12:54:00.096+0300] {logging_mixin.py:188} INFO - [2026-06-24T12:54:00.095+0300] {dag.py:3954} INFO - Setting next_dagrun for example_skip_dag to 2026-06-23 00:00:00+00:00, run_after=2026-06-24 00:00:00+00:00
[2026-06-24T12:54:00.129+0300] {processor.py:183} INFO - Processing /media/data/omar/programming course/DEPI/DEPI project/anomx/venv/lib/python3.12/site-packages/airflow/example_dags/example_skip_dag.py took 0.084 seconds
[2026-06-24T12:54:55.502+0300] {processor.py:161} INFO - Started process (PID=38919) to work on /media/data/omar/programming course/DEPI/DEPI project/anomx/venv/lib/python3.12/site-packages/airflow/example_dags/example_skip_dag.py
[2026-06-24T12:54:55.504+0300] {processor.py:830} INFO - Processing file /media/data/omar/programming course/DEPI/DEPI project/anomx/venv/lib/python3.12/site-packages/airflow/example_dags/example_skip_dag.py for tasks to queue
[2026-06-24T12:54:55.505+0300] {logging_mixin.py:188} INFO - [2026-06-24T12:54:55.504+0300] {dagbag.py:540} INFO - Filling up the DagBag from /media/data/omar/programming course/DEPI/DEPI project/anomx/venv/lib/python3.12/site-packages/airflow/example_dags/example_skip_dag.py
[2026-06-24T12:54:55.515+0300] {processor.py:840} INFO - DAG(s) 'example_skip_dag' retrieved from /media/data/omar/programming course/DEPI/DEPI project/anomx/venv/lib/python3.12/site-packages/airflow/example_dags/example_skip_dag.py
[2026-06-24T12:54:55.536+0300] {logging_mixin.py:188} INFO - [2026-06-24T12:54:55.535+0300] {dag.py:3096} INFO - Sync 1 DAGs
[2026-06-24T12:54:55.556+0300] {logging_mixin.py:188} INFO - [2026-06-24T12:54:55.556+0300] {dag.py:3954} INFO - Setting next_dagrun for example_skip_dag to 2026-06-23 00:00:00+00:00, run_after=2026-06-24 00:00:00+00:00
[2026-06-24T12:54:55.620+0300] {processor.py:183} INFO - Processing /media/data/omar/programming course/DEPI/DEPI project/anomx/venv/lib/python3.12/site-packages/airflow/example_dags/example_skip_dag.py took 0.129 seconds
[2026-06-24T12:55:56.544+0300] {processor.py:161} INFO - Started process (PID=39525) to work on /media/data/omar/programming course/DEPI/DEPI project/anomx/venv/lib/python3.12/site-packages/airflow/example_dags/example_skip_dag.py
[2026-06-24T12:55:56.547+0300] {processor.py:830} INFO - Processing file /media/data/omar/programming course/DEPI/DEPI project/anomx/venv/lib/python3.12/site-packages/airflow/example_dags/example_skip_dag.py for tasks to queue
[2026-06-24T12:55:56.550+0300] {logging_mixin.py:188} INFO - [2026-06-24T12:55:56.549+0300] {dagbag.py:540} INFO - Filling up the DagBag from /media/data/omar/programming course/DEPI/DEPI project/anomx/venv/lib/python3.12/site-packages/airflow/example_dags/example_skip_dag.py
[2026-06-24T12:55:56.569+0300] {processor.py:840} INFO - DAG(s) 'example_skip_dag' retrieved from /media/data/omar/programming course/DEPI/DEPI project/anomx/venv/lib/python3.12/site-packages/airflow/example_dags/example_skip_dag.py
[2026-06-24T12:55:56.631+0300] {logging_mixin.py:188} INFO - [2026-06-24T12:55:56.630+0300] {dag.py:3096} INFO - Sync 1 DAGs
[2026-06-24T12:55:56.700+0300] {logging_mixin.py:188} INFO - [2026-06-24T12:55:56.695+0300] {dag.py:3954} INFO - Setting next_dagrun for example_skip_dag to 2026-06-23 00:00:00+00:00, run_after=2026-06-24 00:00:00+00:00
[2026-06-24T12:55:56.815+0300] {processor.py:183} INFO - Processing /media/data/omar/programming course/DEPI/DEPI project/anomx/venv/lib/python3.12/site-packages/airflow/example_dags/example_skip_dag.py took 0.292 seconds
[2026-06-24T12:57:04.717+0300] {processor.py:161} INFO - Started process (PID=39963) to work on /media/data/omar/programming course/DEPI/DEPI project/anomx/venv/lib/python3.12/site-packages/airflow/example_dags/example_skip_dag.py
[2026-06-24T12:57:04.718+0300] {processor.py:830} INFO - Processing file /media/data/omar/programming course/DEPI/DEPI project/anomx/venv/lib/python3.12/site-packages/airflow/example_dags/example_skip_dag.py for tasks to queue
[2026-06-24T12:57:04.719+0300] {logging_mixin.py:188} INFO - [2026-06-24T12:57:04.718+0300] {dagbag.py:540} INFO - Filling up the DagBag from /media/data/omar/programming course/DEPI/DEPI project/anomx/venv/lib/python3.12/site-packages/airflow/example_dags/example_skip_dag.py
[2026-06-24T12:57:04.726+0300] {processor.py:840} INFO - DAG(s) 'example_skip_dag' retrieved from /media/data/omar/programming course/DEPI/DEPI project/anomx/venv/lib/python3.12/site-packages/airflow/example_dags/example_skip_dag.py
[2026-06-24T12:57:04.744+0300] {logging_mixin.py:188} INFO - [2026-06-24T12:57:04.744+0300] {dag.py:3096} INFO - Sync 1 DAGs
[2026-06-24T12:57:04.761+0300] {logging_mixin.py:188} INFO - [2026-06-24T12:57:04.761+0300] {dag.py:3954} INFO - Setting next_dagrun for example_skip_dag to 2026-06-23 00:00:00+00:00, run_after=2026-06-24 00:00:00+00:00
[2026-06-24T12:57:04.792+0300] {processor.py:183} INFO - Processing /media/data/omar/programming course/DEPI/DEPI project/anomx/venv/lib/python3.12/site-packages/airflow/example_dags/example_skip_dag.py took 0.082 seconds
[2026-06-24T12:57:57.237+0300] {processor.py:161} INFO - Started process (PID=40524) to work on /media/data/omar/programming course/DEPI/DEPI project/anomx/venv/lib/python3.12/site-packages/airflow/example_dags/example_skip_dag.py
[2026-06-24T12:57:57.237+0300] {processor.py:830} INFO - Processing file /media/data/omar/programming course/DEPI/DEPI project/anomx/venv/lib/python3.12/site-packages/airflow/example_dags/example_skip_dag.py for tasks to queue
[2026-06-24T12:57:57.238+0300] {logging_mixin.py:188} INFO - [2026-06-24T12:57:57.238+0300] {dagbag.py:540} INFO - Filling up the DagBag from /media/data/omar/programming course/DEPI/DEPI project/anomx/venv/lib/python3.12/site-packages/airflow/example_dags/example_skip_dag.py
[2026-06-24T12:57:57.244+0300] {processor.py:840} INFO - DAG(s) 'example_skip_dag' retrieved from /media/data/omar/programming course/DEPI/DEPI project/anomx/venv/lib/python3.12/site-packages/airflow/example_dags/example_skip_dag.py
[2026-06-24T12:57:57.262+0300] {logging_mixin.py:188} INFO - [2026-06-24T12:57:57.262+0300] {dag.py:3096} INFO - Sync 1 DAGs
[2026-06-24T12:57:57.278+0300] {logging_mixin.py:188} INFO - [2026-06-24T12:57:57.278+0300] {dag.py:3954} INFO - Setting next_dagrun for example_skip_dag to 2026-06-23 00:00:00+00:00, run_after=2026-06-24 00:00:00+00:00
[2026-06-24T12:57:57.308+0300] {processor.py:183} INFO - Processing /media/data/omar/programming course/DEPI/DEPI project/anomx/venv/lib/python3.12/site-packages/airflow/example_dags/example_skip_dag.py took 0.077 seconds
[2026-06-24T12:58:49.918+0300] {processor.py:161} INFO - Started process (PID=40931) to work on /media/data/omar/programming course/DEPI/DEPI project/anomx/venv/lib/python3.12/site-packages/airflow/example_dags/example_skip_dag.py
[2026-06-24T12:58:49.919+0300] {processor.py:830} INFO - Processing file /media/data/omar/programming course/DEPI/DEPI project/anomx/venv/lib/python3.12/site-packages/airflow/example_dags/example_skip_dag.py for tasks to queue
[2026-06-24T12:58:49.920+0300] {logging_mixin.py:188} INFO - [2026-06-24T12:58:49.919+0300] {dagbag.py:540} INFO - Filling up the DagBag from /media/data/omar/programming course/DEPI/DEPI project/anomx/venv/lib/python3.12/site-packages/airflow/example_dags/example_skip_dag.py
[2026-06-24T12:58:49.929+0300] {processor.py:840} INFO - DAG(s) 'example_skip_dag' retrieved from /media/data/omar/programming course/DEPI/DEPI project/anomx/venv/lib/python3.12/site-packages/airflow/example_dags/example_skip_dag.py
[2026-06-24T12:58:49.953+0300] {logging_mixin.py:188} INFO - [2026-06-24T12:58:49.953+0300] {dag.py:3096} INFO - Sync 1 DAGs
[2026-06-24T12:58:49.971+0300] {logging_mixin.py:188} INFO - [2026-06-24T12:58:49.970+0300] {dag.py:3954} INFO - Setting next_dagrun for example_skip_dag to 2026-06-23 00:00:00+00:00, run_after=2026-06-24 00:00:00+00:00
[2026-06-24T12:58:50.006+0300] {processor.py:183} INFO - Processing /media/data/omar/programming course/DEPI/DEPI project/anomx/venv/lib/python3.12/site-packages/airflow/example_dags/example_skip_dag.py took 0.094 seconds
[2026-06-24T12:59:39.629+0300] {processor.py:161} INFO - Started process (PID=41414) to work on /media/data/omar/programming course/DEPI/DEPI project/anomx/venv/lib/python3.12/site-packages/airflow/example_dags/example_skip_dag.py
[2026-06-24T12:59:39.630+0300] {processor.py:830} INFO - Processing file /media/data/omar/programming course/DEPI/DEPI project/anomx/venv/lib/python3.12/site-packages/airflow/example_dags/example_skip_dag.py for tasks to queue
[2026-06-24T12:59:39.631+0300] {logging_mixin.py:188} INFO - [2026-06-24T12:59:39.631+0300] {dagbag.py:540} INFO - Filling up the DagBag from /media/data/omar/programming course/DEPI/DEPI project/anomx/venv/lib/python3.12/site-packages/airflow/example_dags/example_skip_dag.py
[2026-06-24T12:59:39.641+0300] {processor.py:840} INFO - DAG(s) 'example_skip_dag' retrieved from /media/data/omar/programming course/DEPI/DEPI project/anomx/venv/lib/python3.12/site-packages/airflow/example_dags/example_skip_dag.py
[2026-06-24T12:59:39.661+0300] {logging_mixin.py:188} INFO - [2026-06-24T12:59:39.660+0300] {dag.py:3096} INFO - Sync 1 DAGs
[2026-06-24T12:59:39.679+0300] {logging_mixin.py:188} INFO - [2026-06-24T12:59:39.679+0300] {dag.py:3954} INFO - Setting next_dagrun for example_skip_dag to 2026-06-23 00:00:00+00:00, run_after=2026-06-24 00:00:00+00:00
[2026-06-24T12:59:39.711+0300] {processor.py:183} INFO - Processing /media/data/omar/programming course/DEPI/DEPI project/anomx/venv/lib/python3.12/site-packages/airflow/example_dags/example_skip_dag.py took 0.088 seconds
[2026-06-24T13:00:29.790+0300] {processor.py:161} INFO - Started process (PID=41820) to work on /media/data/omar/programming course/DEPI/DEPI project/anomx/venv/lib/python3.12/site-packages/airflow/example_dags/example_skip_dag.py
[2026-06-24T13:00:29.792+0300] {processor.py:830} INFO - Processing file /media/data/omar/programming course/DEPI/DEPI project/anomx/venv/lib/python3.12/site-packages/airflow/example_dags/example_skip_dag.py for tasks to queue
[2026-06-24T13:00:29.794+0300] {logging_mixin.py:188} INFO - [2026-06-24T13:00:29.793+0300] {dagbag.py:540} INFO - Filling up the DagBag from /media/data/omar/programming course/DEPI/DEPI project/anomx/venv/lib/python3.12/site-packages/airflow/example_dags/example_skip_dag.py
[2026-06-24T13:00:29.806+0300] {processor.py:840} INFO - DAG(s) 'example_skip_dag' retrieved from /media/data/omar/programming course/DEPI/DEPI project/anomx/venv/lib/python3.12/site-packages/airflow/example_dags/example_skip_dag.py
[2026-06-24T13:00:29.832+0300] {logging_mixin.py:188} INFO - [2026-06-24T13:00:29.832+0300] {dag.py:3096} INFO - Sync 1 DAGs
[2026-06-24T13:00:29.851+0300] {logging_mixin.py:188} INFO - [2026-06-24T13:00:29.851+0300] {dag.py:3954} INFO - Setting next_dagrun for example_skip_dag to 2026-06-23 00:00:00+00:00, run_after=2026-06-24 00:00:00+00:00
[2026-06-24T13:00:29.880+0300] {processor.py:183} INFO - Processing /media/data/omar/programming course/DEPI/DEPI project/anomx/venv/lib/python3.12/site-packages/airflow/example_dags/example_skip_dag.py took 0.101 seconds
[2026-06-24T13:01:18.916+0300] {processor.py:161} INFO - Started process (PID=42101) to work on /media/data/omar/programming course/DEPI/DEPI project/anomx/venv/lib/python3.12/site-packages/airflow/example_dags/example_skip_dag.py
[2026-06-24T13:01:18.917+0300] {processor.py:830} INFO - Processing file /media/data/omar/programming course/DEPI/DEPI project/anomx/venv/lib/python3.12/site-packages/airflow/example_dags/example_skip_dag.py for tasks to queue
[2026-06-24T13:01:18.918+0300] {logging_mixin.py:188} INFO - [2026-06-24T13:01:18.918+0300] {dagbag.py:540} INFO - Filling up the DagBag from /media/data/omar/programming course/DEPI/DEPI project/anomx/venv/lib/python3.12/site-packages/airflow/example_dags/example_skip_dag.py
[2026-06-24T13:01:18.926+0300] {processor.py:840} INFO - DAG(s) 'example_skip_dag' retrieved from /media/data/omar/programming course/DEPI/DEPI project/anomx/venv/lib/python3.12/site-packages/airflow/example_dags/example_skip_dag.py
[2026-06-24T13:01:18.943+0300] {logging_mixin.py:188} INFO - [2026-06-24T13:01:18.943+0300] {dag.py:3096} INFO - Sync 1 DAGs
[2026-06-24T13:01:18.959+0300] {logging_mixin.py:188} INFO - [2026-06-24T13:01:18.958+0300] {dag.py:3954} INFO - Setting next_dagrun for example_skip_dag to 2026-06-23 00:00:00+00:00, run_after=2026-06-24 00:00:00+00:00
[2026-06-24T13:01:19.011+0300] {processor.py:183} INFO - Processing /media/data/omar/programming course/DEPI/DEPI project/anomx/venv/lib/python3.12/site-packages/airflow/example_dags/example_skip_dag.py took 0.106 seconds
[2026-06-24T13:02:10.401+0300] {processor.py:161} INFO - Started process (PID=42713) to work on /media/data/omar/programming course/DEPI/DEPI project/anomx/venv/lib/python3.12/site-packages/airflow/example_dags/example_skip_dag.py
[2026-06-24T13:02:10.402+0300] {processor.py:830} INFO - Processing file /media/data/omar/programming course/DEPI/DEPI project/anomx/venv/lib/python3.12/site-packages/airflow/example_dags/example_skip_dag.py for tasks to queue
[2026-06-24T13:02:10.403+0300] {logging_mixin.py:188} INFO - [2026-06-24T13:02:10.403+0300] {dagbag.py:540} INFO - Filling up the DagBag from /media/data/omar/programming course/DEPI/DEPI project/anomx/venv/lib/python3.12/site-packages/airflow/example_dags/example_skip_dag.py
[2026-06-24T13:02:10.411+0300] {processor.py:840} INFO - DAG(s) 'example_skip_dag' retrieved from /media/data/omar/programming course/DEPI/DEPI project/anomx/venv/lib/python3.12/site-packages/airflow/example_dags/example_skip_dag.py
[2026-06-24T13:02:10.433+0300] {logging_mixin.py:188} INFO - [2026-06-24T13:02:10.432+0300] {dag.py:3096} INFO - Sync 1 DAGs
[2026-06-24T13:02:10.448+0300] {logging_mixin.py:188} INFO - [2026-06-24T13:02:10.448+0300] {dag.py:3954} INFO - Setting next_dagrun for example_skip_dag to 2026-06-23 00:00:00+00:00, run_after=2026-06-24 00:00:00+00:00
[2026-06-24T13:02:10.477+0300] {processor.py:183} INFO - Processing /media/data/omar/programming course/DEPI/DEPI project/anomx/venv/lib/python3.12/site-packages/airflow/example_dags/example_skip_dag.py took 0.082 seconds
[2026-06-24T13:03:01.405+0300] {processor.py:161} INFO - Started process (PID=43051) to work on /media/data/omar/programming course/DEPI/DEPI project/anomx/venv/lib/python3.12/site-packages/airflow/example_dags/example_skip_dag.py
[2026-06-24T13:03:01.406+0300] {processor.py:830} INFO - Processing file /media/data/omar/programming course/DEPI/DEPI project/anomx/venv/lib/python3.12/site-packages/airflow/example_dags/example_skip_dag.py for tasks to queue
[2026-06-24T13:03:01.407+0300] {logging_mixin.py:188} INFO - [2026-06-24T13:03:01.406+0300] {dagbag.py:540} INFO - Filling up the DagBag from /media/data/omar/programming course/DEPI/DEPI project/anomx/venv/lib/python3.12/site-packages/airflow/example_dags/example_skip_dag.py
[2026-06-24T13:03:01.413+0300] {processor.py:840} INFO - DAG(s) 'example_skip_dag' retrieved from /media/data/omar/programming course/DEPI/DEPI project/anomx/venv/lib/python3.12/site-packages/airflow/example_dags/example_skip_dag.py
[2026-06-24T13:03:01.432+0300] {logging_mixin.py:188} INFO - [2026-06-24T13:03:01.432+0300] {dag.py:3096} INFO - Sync 1 DAGs
[2026-06-24T13:03:01.450+0300] {logging_mixin.py:188} INFO - [2026-06-24T13:03:01.449+0300] {dag.py:3954} INFO - Setting next_dagrun for example_skip_dag to 2026-06-23 00:00:00+00:00, run_after=2026-06-24 00:00:00+00:00
[2026-06-24T13:03:01.483+0300] {processor.py:183} INFO - Processing /media/data/omar/programming course/DEPI/DEPI project/anomx/venv/lib/python3.12/site-packages/airflow/example_dags/example_skip_dag.py took 0.084 seconds
[2026-06-24T13:03:51.854+0300] {processor.py:161} INFO - Started process (PID=43658) to work on /media/data/omar/programming course/DEPI/DEPI project/anomx/venv/lib/python3.12/site-packages/airflow/example_dags/example_skip_dag.py
[2026-06-24T13:03:51.857+0300] {processor.py:830} INFO - Processing file /media/data/omar/programming course/DEPI/DEPI project/anomx/venv/lib/python3.12/site-packages/airflow/example_dags/example_skip_dag.py for tasks to queue
[2026-06-24T13:03:51.860+0300] {logging_mixin.py:188} INFO - [2026-06-24T13:03:51.859+0300] {dagbag.py:540} INFO - Filling up the DagBag from /media/data/omar/programming course/DEPI/DEPI project/anomx/venv/lib/python3.12/site-packages/airflow/example_dags/example_skip_dag.py
[2026-06-24T13:03:51.872+0300] {processor.py:840} INFO - DAG(s) 'example_skip_dag' retrieved from /media/data/omar/programming course/DEPI/DEPI project/anomx/venv/lib/python3.12/site-packages/airflow/example_dags/example_skip_dag.py
[2026-06-24T13:03:51.891+0300] {logging_mixin.py:188} INFO - [2026-06-24T13:03:51.890+0300] {dag.py:3096} INFO - Sync 1 DAGs
[2026-06-24T13:03:51.905+0300] {logging_mixin.py:188} INFO - [2026-06-24T13:03:51.905+0300] {dag.py:3954} INFO - Setting next_dagrun for example_skip_dag to 2026-06-23 00:00:00+00:00, run_after=2026-06-24 00:00:00+00:00
[2026-06-24T13:03:51.936+0300] {processor.py:183} INFO - Processing /media/data/omar/programming course/DEPI/DEPI project/anomx/venv/lib/python3.12/site-packages/airflow/example_dags/example_skip_dag.py took 0.097 seconds
[2026-06-24T13:04:40.156+0300] {processor.py:161} INFO - Started process (PID=43967) to work on /media/data/omar/programming course/DEPI/DEPI project/anomx/venv/lib/python3.12/site-packages/airflow/example_dags/example_skip_dag.py
[2026-06-24T13:04:40.156+0300] {processor.py:830} INFO - Processing file /media/data/omar/programming course/DEPI/DEPI project/anomx/venv/lib/python3.12/site-packages/airflow/example_dags/example_skip_dag.py for tasks to queue
[2026-06-24T13:04:40.158+0300] {logging_mixin.py:188} INFO - [2026-06-24T13:04:40.157+0300] {dagbag.py:540} INFO - Filling up the DagBag from /media/data/omar/programming course/DEPI/DEPI project/anomx/venv/lib/python3.12/site-packages/airflow/example_dags/example_skip_dag.py
[2026-06-24T13:04:40.164+0300] {processor.py:840} INFO - DAG(s) 'example_skip_dag' retrieved from /media/data/omar/programming course/DEPI/DEPI project/anomx/venv/lib/python3.12/site-packages/airflow/example_dags/example_skip_dag.py
[2026-06-24T13:04:40.180+0300] {logging_mixin.py:188} INFO - [2026-06-24T13:04:40.180+0300] {dag.py:3096} INFO - Sync 1 DAGs
[2026-06-24T13:04:40.195+0300] {logging_mixin.py:188} INFO - [2026-06-24T13:04:40.195+0300] {dag.py:3954} INFO - Setting next_dagrun for example_skip_dag to 2026-06-23 00:00:00+00:00, run_after=2026-06-24 00:00:00+00:00
[2026-06-24T13:04:40.223+0300] {processor.py:183} INFO - Processing /media/data/omar/programming course/DEPI/DEPI project/anomx/venv/lib/python3.12/site-packages/airflow/example_dags/example_skip_dag.py took 0.073 seconds
[2026-06-24T13:05:31.539+0300] {processor.py:161} INFO - Started process (PID=44603) to work on /media/data/omar/programming course/DEPI/DEPI project/anomx/venv/lib/python3.12/site-packages/airflow/example_dags/example_skip_dag.py
[2026-06-24T13:05:31.540+0300] {processor.py:830} INFO - Processing file /media/data/omar/programming course/DEPI/DEPI project/anomx/venv/lib/python3.12/site-packages/airflow/example_dags/example_skip_dag.py for tasks to queue
[2026-06-24T13:05:31.542+0300] {logging_mixin.py:188} INFO - [2026-06-24T13:05:31.541+0300] {dagbag.py:540} INFO - Filling up the DagBag from /media/data/omar/programming course/DEPI/DEPI project/anomx/venv/lib/python3.12/site-packages/airflow/example_dags/example_skip_dag.py
[2026-06-24T13:05:31.551+0300] {processor.py:840} INFO - DAG(s) 'example_skip_dag' retrieved from /media/data/omar/programming course/DEPI/DEPI project/anomx/venv/lib/python3.12/site-packages/airflow/example_dags/example_skip_dag.py
[2026-06-24T13:05:31.575+0300] {logging_mixin.py:188} INFO - [2026-06-24T13:05:31.575+0300] {dag.py:3096} INFO - Sync 1 DAGs
[2026-06-24T13:05:31.593+0300] {logging_mixin.py:188} INFO - [2026-06-24T13:05:31.592+0300] {dag.py:3954} INFO - Setting next_dagrun for example_skip_dag to 2026-06-23 00:00:00+00:00, run_after=2026-06-24 00:00:00+00:00
[2026-06-24T13:05:31.628+0300] {processor.py:183} INFO - Processing /media/data/omar/programming course/DEPI/DEPI project/anomx/venv/lib/python3.12/site-packages/airflow/example_dags/example_skip_dag.py took 0.106 seconds
[2026-06-24T13:06:25.859+0300] {processor.py:161} INFO - Started process (PID=44907) to work on /media/data/omar/programming course/DEPI/DEPI project/anomx/venv/lib/python3.12/site-packages/airflow/example_dags/example_skip_dag.py
[2026-06-24T13:06:25.860+0300] {processor.py:830} INFO - Processing file /media/data/omar/programming course/DEPI/DEPI project/anomx/venv/lib/python3.12/site-packages/airflow/example_dags/example_skip_dag.py for tasks to queue
[2026-06-24T13:06:25.861+0300] {logging_mixin.py:188} INFO - [2026-06-24T13:06:25.861+0300] {dagbag.py:540} INFO - Filling up the DagBag from /media/data/omar/programming course/DEPI/DEPI project/anomx/venv/lib/python3.12/site-packages/airflow/example_dags/example_skip_dag.py
[2026-06-24T13:06:25.868+0300] {processor.py:840} INFO - DAG(s) 'example_skip_dag' retrieved from /media/data/omar/programming course/DEPI/DEPI project/anomx/venv/lib/python3.12/site-packages/airflow/example_dags/example_skip_dag.py
[2026-06-24T13:06:25.886+0300] {logging_mixin.py:188} INFO - [2026-06-24T13:06:25.886+0300] {dag.py:3096} INFO - Sync 1 DAGs
[2026-06-24T13:06:25.902+0300] {logging_mixin.py:188} INFO - [2026-06-24T13:06:25.901+0300] {dag.py:3954} INFO - Setting next_dagrun for example_skip_dag to 2026-06-23 00:00:00+00:00, run_after=2026-06-24 00:00:00+00:00
[2026-06-24T13:06:25.934+0300] {processor.py:183} INFO - Processing /media/data/omar/programming course/DEPI/DEPI project/anomx/venv/lib/python3.12/site-packages/airflow/example_dags/example_skip_dag.py took 0.081 seconds
[2026-06-24T13:08:02.233+0300] {processor.py:161} INFO - Started process (PID=45980) to work on /media/data/omar/programming course/DEPI/DEPI project/anomx/venv/lib/python3.12/site-packages/airflow/example_dags/example_skip_dag.py
[2026-06-24T13:08:02.234+0300] {processor.py:830} INFO - Processing file /media/data/omar/programming course/DEPI/DEPI project/anomx/venv/lib/python3.12/site-packages/airflow/example_dags/example_skip_dag.py for tasks to queue
[2026-06-24T13:08:02.235+0300] {logging_mixin.py:188} INFO - [2026-06-24T13:08:02.234+0300] {dagbag.py:540} INFO - Filling up the DagBag from /media/data/omar/programming course/DEPI/DEPI project/anomx/venv/lib/python3.12/site-packages/airflow/example_dags/example_skip_dag.py
[2026-06-24T13:08:02.241+0300] {processor.py:840} INFO - DAG(s) 'example_skip_dag' retrieved from /media/data/omar/programming course/DEPI/DEPI project/anomx/venv/lib/python3.12/site-packages/airflow/example_dags/example_skip_dag.py
[2026-06-24T13:08:02.261+0300] {logging_mixin.py:188} INFO - [2026-06-24T13:08:02.260+0300] {dag.py:3096} INFO - Sync 1 DAGs
[2026-06-24T13:08:02.279+0300] {logging_mixin.py:188} INFO - [2026-06-24T13:08:02.278+0300] {dag.py:3954} INFO - Setting next_dagrun for example_skip_dag to 2026-06-23 00:00:00+00:00, run_after=2026-06-24 00:00:00+00:00
[2026-06-24T13:08:02.311+0300] {processor.py:183} INFO - Processing /media/data/omar/programming course/DEPI/DEPI project/anomx/venv/lib/python3.12/site-packages/airflow/example_dags/example_skip_dag.py took 0.084 seconds
[2026-06-24T13:08:59.083+0300] {processor.py:161} INFO - Started process (PID=46653) to work on /media/data/omar/programming course/DEPI/DEPI project/anomx/venv/lib/python3.12/site-packages/airflow/example_dags/example_skip_dag.py
[2026-06-24T13:08:59.084+0300] {processor.py:830} INFO - Processing file /media/data/omar/programming course/DEPI/DEPI project/anomx/venv/lib/python3.12/site-packages/airflow/example_dags/example_skip_dag.py for tasks to queue
[2026-06-24T13:08:59.085+0300] {logging_mixin.py:188} INFO - [2026-06-24T13:08:59.084+0300] {dagbag.py:540} INFO - Filling up the DagBag from /media/data/omar/programming course/DEPI/DEPI project/anomx/venv/lib/python3.12/site-packages/airflow/example_dags/example_skip_dag.py
[2026-06-24T13:08:59.091+0300] {processor.py:840} INFO - DAG(s) 'example_skip_dag' retrieved from /media/data/omar/programming course/DEPI/DEPI project/anomx/venv/lib/python3.12/site-packages/airflow/example_dags/example_skip_dag.py
[2026-06-24T13:08:59.112+0300] {logging_mixin.py:188} INFO - [2026-06-24T13:08:59.112+0300] {dag.py:3096} INFO - Sync 1 DAGs
[2026-06-24T13:08:59.131+0300] {logging_mixin.py:188} INFO - [2026-06-24T13:08:59.130+0300] {dag.py:3954} INFO - Setting next_dagrun for example_skip_dag to 2026-06-23 00:00:00+00:00, run_after=2026-06-24 00:00:00+00:00
[2026-06-24T13:08:59.177+0300] {processor.py:183} INFO - Processing /media/data/omar/programming course/DEPI/DEPI project/anomx/venv/lib/python3.12/site-packages/airflow/example_dags/example_skip_dag.py took 0.101 seconds
[2026-06-24T13:12:16.158+0300] {processor.py:161} INFO - Started process (PID=48751) to work on /media/data/omar/programming course/DEPI/DEPI project/anomx/venv/lib/python3.12/site-packages/airflow/example_dags/example_skip_dag.py
[2026-06-24T13:12:16.159+0300] {processor.py:830} INFO - Processing file /media/data/omar/programming course/DEPI/DEPI project/anomx/venv/lib/python3.12/site-packages/airflow/example_dags/example_skip_dag.py for tasks to queue
[2026-06-24T13:12:16.160+0300] {logging_mixin.py:188} INFO - [2026-06-24T13:12:16.160+0300] {dagbag.py:540} INFO - Filling up the DagBag from /media/data/omar/programming course/DEPI/DEPI project/anomx/venv/lib/python3.12/site-packages/airflow/example_dags/example_skip_dag.py
[2026-06-24T13:12:16.167+0300] {processor.py:840} INFO - DAG(s) 'example_skip_dag' retrieved from /media/data/omar/programming course/DEPI/DEPI project/anomx/venv/lib/python3.12/site-packages/airflow/example_dags/example_skip_dag.py
[2026-06-24T13:12:16.188+0300] {logging_mixin.py:188} INFO - [2026-06-24T13:12:16.187+0300] {dag.py:3096} INFO - Sync 1 DAGs
[2026-06-24T13:12:16.202+0300] {logging_mixin.py:188} INFO - [2026-06-24T13:12:16.202+0300] {dag.py:3954} INFO - Setting next_dagrun for example_skip_dag to 2026-06-23 00:00:00+00:00, run_after=2026-06-24 00:00:00+00:00
[2026-06-24T13:12:16.229+0300] {processor.py:183} INFO - Processing /media/data/omar/programming course/DEPI/DEPI project/anomx/venv/lib/python3.12/site-packages/airflow/example_dags/example_skip_dag.py took 0.077 seconds
[2026-06-24T13:13:11.069+0300] {processor.py:161} INFO - Started process (PID=49424) to work on /media/data/omar/programming course/DEPI/DEPI project/anomx/venv/lib/python3.12/site-packages/airflow/example_dags/example_skip_dag.py
[2026-06-24T13:13:11.070+0300] {processor.py:830} INFO - Processing file /media/data/omar/programming course/DEPI/DEPI project/anomx/venv/lib/python3.12/site-packages/airflow/example_dags/example_skip_dag.py for tasks to queue
[2026-06-24T13:13:11.071+0300] {logging_mixin.py:188} INFO - [2026-06-24T13:13:11.070+0300] {dagbag.py:540} INFO - Filling up the DagBag from /media/data/omar/programming course/DEPI/DEPI project/anomx/venv/lib/python3.12/site-packages/airflow/example_dags/example_skip_dag.py
[2026-06-24T13:13:11.078+0300] {processor.py:840} INFO - DAG(s) 'example_skip_dag' retrieved from /media/data/omar/programming course/DEPI/DEPI project/anomx/venv/lib/python3.12/site-packages/airflow/example_dags/example_skip_dag.py
[2026-06-24T13:13:11.093+0300] {logging_mixin.py:188} INFO - [2026-06-24T13:13:11.093+0300] {dag.py:3096} INFO - Sync 1 DAGs
[2026-06-24T13:13:11.108+0300] {logging_mixin.py:188} INFO - [2026-06-24T13:13:11.107+0300] {dag.py:3954} INFO - Setting next_dagrun for example_skip_dag to 2026-06-23 00:00:00+00:00, run_after=2026-06-24 00:00:00+00:00
[2026-06-24T13:13:11.136+0300] {processor.py:183} INFO - Processing /media/data/omar/programming course/DEPI/DEPI project/anomx/venv/lib/python3.12/site-packages/airflow/example_dags/example_skip_dag.py took 0.072 seconds
[2026-06-24T13:14:07.118+0300] {processor.py:161} INFO - Started process (PID=49790) to work on /media/data/omar/programming course/DEPI/DEPI project/anomx/venv/lib/python3.12/site-packages/airflow/example_dags/example_skip_dag.py
[2026-06-24T13:14:07.119+0300] {processor.py:830} INFO - Processing file /media/data/omar/programming course/DEPI/DEPI project/anomx/venv/lib/python3.12/site-packages/airflow/example_dags/example_skip_dag.py for tasks to queue
[2026-06-24T13:14:07.120+0300] {logging_mixin.py:188} INFO - [2026-06-24T13:14:07.120+0300] {dagbag.py:540} INFO - Filling up the DagBag from /media/data/omar/programming course/DEPI/DEPI project/anomx/venv/lib/python3.12/site-packages/airflow/example_dags/example_skip_dag.py
[2026-06-24T13:14:07.126+0300] {processor.py:840} INFO - DAG(s) 'example_skip_dag' retrieved from /media/data/omar/programming course/DEPI/DEPI project/anomx/venv/lib/python3.12/site-packages/airflow/example_dags/example_skip_dag.py
[2026-06-24T13:14:07.143+0300] {logging_mixin.py:188} INFO - [2026-06-24T13:14:07.143+0300] {dag.py:3096} INFO - Sync 1 DAGs
[2026-06-24T13:14:07.159+0300] {logging_mixin.py:188} INFO - [2026-06-24T13:14:07.159+0300] {dag.py:3954} INFO - Setting next_dagrun for example_skip_dag to 2026-06-23 00:00:00+00:00, run_after=2026-06-24 00:00:00+00:00
[2026-06-24T13:14:07.191+0300] {processor.py:183} INFO - Processing /media/data/omar/programming course/DEPI/DEPI project/anomx/venv/lib/python3.12/site-packages/airflow/example_dags/example_skip_dag.py took 0.079 seconds
[2026-06-24T13:15:01.765+0300] {processor.py:161} INFO - Started process (PID=50442) to work on /media/data/omar/programming course/DEPI/DEPI project/anomx/venv/lib/python3.12/site-packages/airflow/example_dags/example_skip_dag.py
[2026-06-24T13:15:01.768+0300] {processor.py:830} INFO - Processing file /media/data/omar/programming course/DEPI/DEPI project/anomx/venv/lib/python3.12/site-packages/airflow/example_dags/example_skip_dag.py for tasks to queue
[2026-06-24T13:15:01.770+0300] {logging_mixin.py:188} INFO - [2026-06-24T13:15:01.769+0300] {dagbag.py:540} INFO - Filling up the DagBag from /media/data/omar/programming course/DEPI/DEPI project/anomx/venv/lib/python3.12/site-packages/airflow/example_dags/example_skip_dag.py
[2026-06-24T13:15:01.781+0300] {processor.py:840} INFO - DAG(s) 'example_skip_dag' retrieved from /media/data/omar/programming course/DEPI/DEPI project/anomx/venv/lib/python3.12/site-packages/airflow/example_dags/example_skip_dag.py
[2026-06-24T13:15:01.802+0300] {logging_mixin.py:188} INFO - [2026-06-24T13:15:01.801+0300] {dag.py:3096} INFO - Sync 1 DAGs
[2026-06-24T13:15:01.817+0300] {logging_mixin.py:188} INFO - [2026-06-24T13:15:01.817+0300] {dag.py:3954} INFO - Setting next_dagrun for example_skip_dag to 2026-06-23 00:00:00+00:00, run_after=2026-06-24 00:00:00+00:00
[2026-06-24T13:15:01.845+0300] {processor.py:183} INFO - Processing /media/data/omar/programming course/DEPI/DEPI project/anomx/venv/lib/python3.12/site-packages/airflow/example_dags/example_skip_dag.py took 0.091 seconds
[2026-06-24T13:15:51.324+0300] {processor.py:161} INFO - Started process (PID=50749) to work on /media/data/omar/programming course/DEPI/DEPI project/anomx/venv/lib/python3.12/site-packages/airflow/example_dags/example_skip_dag.py
[2026-06-24T13:15:51.325+0300] {processor.py:830} INFO - Processing file /media/data/omar/programming course/DEPI/DEPI project/anomx/venv/lib/python3.12/site-packages/airflow/example_dags/example_skip_dag.py for tasks to queue
[2026-06-24T13:15:51.327+0300] {logging_mixin.py:188} INFO - [2026-06-24T13:15:51.326+0300] {dagbag.py:540} INFO - Filling up the DagBag from /media/data/omar/programming course/DEPI/DEPI project/anomx/venv/lib/python3.12/site-packages/airflow/example_dags/example_skip_dag.py
[2026-06-24T13:15:51.335+0300] {processor.py:840} INFO - DAG(s) 'example_skip_dag' retrieved from /media/data/omar/programming course/DEPI/DEPI project/anomx/venv/lib/python3.12/site-packages/airflow/example_dags/example_skip_dag.py
[2026-06-24T13:15:51.354+0300] {logging_mixin.py:188} INFO - [2026-06-24T13:15:51.354+0300] {dag.py:3096} INFO - Sync 1 DAGs
[2026-06-24T13:15:51.370+0300] {logging_mixin.py:188} INFO - [2026-06-24T13:15:51.369+0300] {dag.py:3954} INFO - Setting next_dagrun for example_skip_dag to 2026-06-23 00:00:00+00:00, run_after=2026-06-24 00:00:00+00:00
[2026-06-24T13:15:51.397+0300] {processor.py:183} INFO - Processing /media/data/omar/programming course/DEPI/DEPI project/anomx/venv/lib/python3.12/site-packages/airflow/example_dags/example_skip_dag.py took 0.080 seconds
[2026-06-24T13:16:40.976+0300] {processor.py:161} INFO - Started process (PID=51382) to work on /media/data/omar/programming course/DEPI/DEPI project/anomx/venv/lib/python3.12/site-packages/airflow/example_dags/example_skip_dag.py
[2026-06-24T13:16:40.977+0300] {processor.py:830} INFO - Processing file /media/data/omar/programming course/DEPI/DEPI project/anomx/venv/lib/python3.12/site-packages/airflow/example_dags/example_skip_dag.py for tasks to queue
[2026-06-24T13:16:40.978+0300] {logging_mixin.py:188} INFO - [2026-06-24T13:16:40.977+0300] {dagbag.py:540} INFO - Filling up the DagBag from /media/data/omar/programming course/DEPI/DEPI project/anomx/venv/lib/python3.12/site-packages/airflow/example_dags/example_skip_dag.py
[2026-06-24T13:16:40.984+0300] {processor.py:840} INFO - DAG(s) 'example_skip_dag' retrieved from /media/data/omar/programming course/DEPI/DEPI project/anomx/venv/lib/python3.12/site-packages/airflow/example_dags/example_skip_dag.py
[2026-06-24T13:16:41.002+0300] {logging_mixin.py:188} INFO - [2026-06-24T13:16:41.002+0300] {dag.py:3096} INFO - Sync 1 DAGs
[2026-06-24T13:16:41.017+0300] {logging_mixin.py:188} INFO - [2026-06-24T13:16:41.016+0300] {dag.py:3954} INFO - Setting next_dagrun for example_skip_dag to 2026-06-23 00:00:00+00:00, run_after=2026-06-24 00:00:00+00:00
[2026-06-24T13:16:41.049+0300] {processor.py:183} INFO - Processing /media/data/omar/programming course/DEPI/DEPI project/anomx/venv/lib/python3.12/site-packages/airflow/example_dags/example_skip_dag.py took 0.079 seconds
[2026-06-24T13:17:33.907+0300] {processor.py:161} INFO - Started process (PID=51703) to work on /media/data/omar/programming course/DEPI/DEPI project/anomx/venv/lib/python3.12/site-packages/airflow/example_dags/example_skip_dag.py
[2026-06-24T13:17:33.908+0300] {processor.py:830} INFO - Processing file /media/data/omar/programming course/DEPI/DEPI project/anomx/venv/lib/python3.12/site-packages/airflow/example_dags/example_skip_dag.py for tasks to queue
[2026-06-24T13:17:33.909+0300] {logging_mixin.py:188} INFO - [2026-06-24T13:17:33.909+0300] {dagbag.py:540} INFO - Filling up the DagBag from /media/data/omar/programming course/DEPI/DEPI project/anomx/venv/lib/python3.12/site-packages/airflow/example_dags/example_skip_dag.py
[2026-06-24T13:17:33.915+0300] {processor.py:840} INFO - DAG(s) 'example_skip_dag' retrieved from /media/data/omar/programming course/DEPI/DEPI project/anomx/venv/lib/python3.12/site-packages/airflow/example_dags/example_skip_dag.py
[2026-06-24T13:17:33.934+0300] {logging_mixin.py:188} INFO - [2026-06-24T13:17:33.933+0300] {dag.py:3096} INFO - Sync 1 DAGs
[2026-06-24T13:17:33.949+0300] {logging_mixin.py:188} INFO - [2026-06-24T13:17:33.949+0300] {dag.py:3954} INFO - Setting next_dagrun for example_skip_dag to 2026-06-23 00:00:00+00:00, run_after=2026-06-24 00:00:00+00:00
[2026-06-24T13:17:33.981+0300] {processor.py:183} INFO - Processing /media/data/omar/programming course/DEPI/DEPI project/anomx/venv/lib/python3.12/site-packages/airflow/example_dags/example_skip_dag.py took 0.080 seconds
[2026-06-24T13:18:22.865+0300] {processor.py:161} INFO - Started process (PID=52317) to work on /media/data/omar/programming course/DEPI/DEPI project/anomx/venv/lib/python3.12/site-packages/airflow/example_dags/example_skip_dag.py
[2026-06-24T13:18:22.868+0300] {processor.py:830} INFO - Processing file /media/data/omar/programming course/DEPI/DEPI project/anomx/venv/lib/python3.12/site-packages/airflow/example_dags/example_skip_dag.py for tasks to queue
[2026-06-24T13:18:22.869+0300] {logging_mixin.py:188} INFO - [2026-06-24T13:18:22.869+0300] {dagbag.py:540} INFO - Filling up the DagBag from /media/data/omar/programming course/DEPI/DEPI project/anomx/venv/lib/python3.12/site-packages/airflow/example_dags/example_skip_dag.py
[2026-06-24T13:18:22.877+0300] {processor.py:840} INFO - DAG(s) 'example_skip_dag' retrieved from /media/data/omar/programming course/DEPI/DEPI project/anomx/venv/lib/python3.12/site-packages/airflow/example_dags/example_skip_dag.py
[2026-06-24T13:18:22.898+0300] {logging_mixin.py:188} INFO - [2026-06-24T13:18:22.897+0300] {dag.py:3096} INFO - Sync 1 DAGs
[2026-06-24T13:18:22.914+0300] {logging_mixin.py:188} INFO - [2026-06-24T13:18:22.914+0300] {dag.py:3954} INFO - Setting next_dagrun for example_skip_dag to 2026-06-23 00:00:00+00:00, run_after=2026-06-24 00:00:00+00:00
[2026-06-24T13:18:22.945+0300] {processor.py:183} INFO - Processing /media/data/omar/programming course/DEPI/DEPI project/anomx/venv/lib/python3.12/site-packages/airflow/example_dags/example_skip_dag.py took 0.090 seconds
