[2026-06-24T11:52:43.898+0300] {processor.py:161} INFO - Started process (PID=10768) to work on /media/data/omar/programming course/DEPI/DEPI project/anomx/venv/lib/python3.12/site-packages/airflow/example_dags/example_task_group_decorator.py
[2026-06-24T11:52:43.899+0300] {processor.py:830} INFO - Processing file /media/data/omar/programming course/DEPI/DEPI project/anomx/venv/lib/python3.12/site-packages/airflow/example_dags/example_task_group_decorator.py for tasks to queue
[2026-06-24T11:52:43.900+0300] {logging_mixin.py:188} INFO - [2026-06-24T11:52:43.900+0300] {dagbag.py:540} INFO - Filling up the DagBag from /media/data/omar/programming course/DEPI/DEPI project/anomx/venv/lib/python3.12/site-packages/airflow/example_dags/example_task_group_decorator.py
[2026-06-24T11:52:43.918+0300] {processor.py:840} INFO - DAG(s) 'example_task_group_decorator' retrieved from /media/data/omar/programming course/DEPI/DEPI project/anomx/venv/lib/python3.12/site-packages/airflow/example_dags/example_task_group_decorator.py
[2026-06-24T11:52:43.942+0300] {logging_mixin.py:188} INFO - [2026-06-24T11:52:43.941+0300] {dag.py:3096} INFO - Sync 1 DAGs
[2026-06-24T11:52:43.951+0300] {logging_mixin.py:188} INFO - [2026-06-24T11:52:43.951+0300] {dag.py:3118} INFO - Creating ORM DAG for example_task_group_decorator
[2026-06-24T11:52:43.960+0300] {logging_mixin.py:188} INFO - [2026-06-24T11:52:43.959+0300] {dag.py:3954} INFO - Setting next_dagrun for example_task_group_decorator to 2026-06-23 00:00:00+00:00, run_after=2026-06-24 00:00:00+00:00
[2026-06-24T11:52:43.988+0300] {processor.py:183} INFO - Processing /media/data/omar/programming course/DEPI/DEPI project/anomx/venv/lib/python3.12/site-packages/airflow/example_dags/example_task_group_decorator.py took 0.096 seconds
[2026-06-24T11:54:18.957+0300] {processor.py:161} INFO - Started process (PID=11886) to work on /media/data/omar/programming course/DEPI/DEPI project/anomx/venv/lib/python3.12/site-packages/airflow/example_dags/example_task_group_decorator.py
[2026-06-24T11:54:18.958+0300] {processor.py:830} INFO - Processing file /media/data/omar/programming course/DEPI/DEPI project/anomx/venv/lib/python3.12/site-packages/airflow/example_dags/example_task_group_decorator.py for tasks to queue
[2026-06-24T11:54:18.960+0300] {logging_mixin.py:188} INFO - [2026-06-24T11:54:18.959+0300] {dagbag.py:540} INFO - Filling up the DagBag from /media/data/omar/programming course/DEPI/DEPI project/anomx/venv/lib/python3.12/site-packages/airflow/example_dags/example_task_group_decorator.py
[2026-06-24T11:54:18.985+0300] {processor.py:840} INFO - DAG(s) 'example_task_group_decorator' retrieved from /media/data/omar/programming course/DEPI/DEPI project/anomx/venv/lib/python3.12/site-packages/airflow/example_dags/example_task_group_decorator.py
[2026-06-24T11:54:19.032+0300] {logging_mixin.py:188} INFO - [2026-06-24T11:54:19.031+0300] {dag.py:3096} INFO - Sync 1 DAGs
[2026-06-24T11:54:19.067+0300] {logging_mixin.py:188} INFO - [2026-06-24T11:54:19.066+0300] {dag.py:3954} INFO - Setting next_dagrun for example_task_group_decorator to 2026-06-23 00:00:00+00:00, run_after=2026-06-24 00:00:00+00:00
[2026-06-24T11:54:19.122+0300] {processor.py:183} INFO - Processing /media/data/omar/programming course/DEPI/DEPI project/anomx/venv/lib/python3.12/site-packages/airflow/example_dags/example_task_group_decorator.py took 0.174 seconds
[2026-06-24T11:55:24.562+0300] {processor.py:161} INFO - Started process (PID=12503) to work on /media/data/omar/programming course/DEPI/DEPI project/anomx/venv/lib/python3.12/site-packages/airflow/example_dags/example_task_group_decorator.py
[2026-06-24T11:55:24.563+0300] {processor.py:830} INFO - Processing file /media/data/omar/programming course/DEPI/DEPI project/anomx/venv/lib/python3.12/site-packages/airflow/example_dags/example_task_group_decorator.py for tasks to queue
[2026-06-24T11:55:24.566+0300] {logging_mixin.py:188} INFO - [2026-06-24T11:55:24.565+0300] {dagbag.py:540} INFO - Filling up the DagBag from /media/data/omar/programming course/DEPI/DEPI project/anomx/venv/lib/python3.12/site-packages/airflow/example_dags/example_task_group_decorator.py
[2026-06-24T11:55:24.596+0300] {processor.py:840} INFO - DAG(s) 'example_task_group_decorator' retrieved from /media/data/omar/programming course/DEPI/DEPI project/anomx/venv/lib/python3.12/site-packages/airflow/example_dags/example_task_group_decorator.py
[2026-06-24T11:55:24.636+0300] {logging_mixin.py:188} INFO - [2026-06-24T11:55:24.635+0300] {dag.py:3096} INFO - Sync 1 DAGs
[2026-06-24T11:55:24.660+0300] {logging_mixin.py:188} INFO - [2026-06-24T11:55:24.659+0300] {dag.py:3954} INFO - Setting next_dagrun for example_task_group_decorator to 2026-06-23 00:00:00+00:00, run_after=2026-06-24 00:00:00+00:00
[2026-06-24T11:55:24.743+0300] {processor.py:183} INFO - Processing /media/data/omar/programming course/DEPI/DEPI project/anomx/venv/lib/python3.12/site-packages/airflow/example_dags/example_task_group_decorator.py took 0.200 seconds
[2026-06-24T11:56:22.751+0300] {processor.py:161} INFO - Started process (PID=13123) to work on /media/data/omar/programming course/DEPI/DEPI project/anomx/venv/lib/python3.12/site-packages/airflow/example_dags/example_task_group_decorator.py
[2026-06-24T11:56:22.752+0300] {processor.py:830} INFO - Processing file /media/data/omar/programming course/DEPI/DEPI project/anomx/venv/lib/python3.12/site-packages/airflow/example_dags/example_task_group_decorator.py for tasks to queue
[2026-06-24T11:56:22.753+0300] {logging_mixin.py:188} INFO - [2026-06-24T11:56:22.753+0300] {dagbag.py:540} INFO - Filling up the DagBag from /media/data/omar/programming course/DEPI/DEPI project/anomx/venv/lib/python3.12/site-packages/airflow/example_dags/example_task_group_decorator.py
[2026-06-24T11:56:22.766+0300] {processor.py:840} INFO - DAG(s) 'example_task_group_decorator' retrieved from /media/data/omar/programming course/DEPI/DEPI project/anomx/venv/lib/python3.12/site-packages/airflow/example_dags/example_task_group_decorator.py
[2026-06-24T11:56:22.784+0300] {logging_mixin.py:188} INFO - [2026-06-24T11:56:22.784+0300] {dag.py:3096} INFO - Sync 1 DAGs
[2026-06-24T11:56:22.799+0300] {logging_mixin.py:188} INFO - [2026-06-24T11:56:22.799+0300] {dag.py:3954} INFO - Setting next_dagrun for example_task_group_decorator to 2026-06-23 00:00:00+00:00, run_after=2026-06-24 00:00:00+00:00
[2026-06-24T11:56:22.825+0300] {processor.py:183} INFO - Processing /media/data/omar/programming course/DEPI/DEPI project/anomx/venv/lib/python3.12/site-packages/airflow/example_dags/example_task_group_decorator.py took 0.080 seconds
[2026-06-24T11:57:12.872+0300] {processor.py:161} INFO - Started process (PID=13428) to work on /media/data/omar/programming course/DEPI/DEPI project/anomx/venv/lib/python3.12/site-packages/airflow/example_dags/example_task_group_decorator.py
[2026-06-24T11:57:12.873+0300] {processor.py:830} INFO - Processing file /media/data/omar/programming course/DEPI/DEPI project/anomx/venv/lib/python3.12/site-packages/airflow/example_dags/example_task_group_decorator.py for tasks to queue
[2026-06-24T11:57:12.875+0300] {logging_mixin.py:188} INFO - [2026-06-24T11:57:12.875+0300] {dagbag.py:540} INFO - Filling up the DagBag from /media/data/omar/programming course/DEPI/DEPI project/anomx/venv/lib/python3.12/site-packages/airflow/example_dags/example_task_group_decorator.py
[2026-06-24T11:57:12.896+0300] {processor.py:840} INFO - DAG(s) 'example_task_group_decorator' retrieved from /media/data/omar/programming course/DEPI/DEPI project/anomx/venv/lib/python3.12/site-packages/airflow/example_dags/example_task_group_decorator.py
[2026-06-24T11:57:12.916+0300] {logging_mixin.py:188} INFO - [2026-06-24T11:57:12.916+0300] {dag.py:3096} INFO - Sync 1 DAGs
[2026-06-24T11:57:12.937+0300] {logging_mixin.py:188} INFO - [2026-06-24T11:57:12.937+0300] {dag.py:3954} INFO - Setting next_dagrun for example_task_group_decorator to 2026-06-23 00:00:00+00:00, run_after=2026-06-24 00:00:00+00:00
[2026-06-24T11:57:12.968+0300] {processor.py:183} INFO - Processing /media/data/omar/programming course/DEPI/DEPI project/anomx/venv/lib/python3.12/site-packages/airflow/example_dags/example_task_group_decorator.py took 0.101 seconds
[2026-06-24T11:58:06.646+0300] {processor.py:161} INFO - Started process (PID=14037) to work on /media/data/omar/programming course/DEPI/DEPI project/anomx/venv/lib/python3.12/site-packages/airflow/example_dags/example_task_group_decorator.py
[2026-06-24T11:58:06.647+0300] {processor.py:830} INFO - Processing file /media/data/omar/programming course/DEPI/DEPI project/anomx/venv/lib/python3.12/site-packages/airflow/example_dags/example_task_group_decorator.py for tasks to queue
[2026-06-24T11:58:06.650+0300] {logging_mixin.py:188} INFO - [2026-06-24T11:58:06.649+0300] {dagbag.py:540} INFO - Filling up the DagBag from /media/data/omar/programming course/DEPI/DEPI project/anomx/venv/lib/python3.12/site-packages/airflow/example_dags/example_task_group_decorator.py
[2026-06-24T11:58:06.663+0300] {processor.py:840} INFO - DAG(s) 'example_task_group_decorator' retrieved from /media/data/omar/programming course/DEPI/DEPI project/anomx/venv/lib/python3.12/site-packages/airflow/example_dags/example_task_group_decorator.py
[2026-06-24T11:58:06.685+0300] {logging_mixin.py:188} INFO - [2026-06-24T11:58:06.684+0300] {dag.py:3096} INFO - Sync 1 DAGs
[2026-06-24T11:58:06.704+0300] {logging_mixin.py:188} INFO - [2026-06-24T11:58:06.704+0300] {dag.py:3954} INFO - Setting next_dagrun for example_task_group_decorator to 2026-06-23 00:00:00+00:00, run_after=2026-06-24 00:00:00+00:00
[2026-06-24T11:58:06.736+0300] {processor.py:183} INFO - Processing /media/data/omar/programming course/DEPI/DEPI project/anomx/venv/lib/python3.12/site-packages/airflow/example_dags/example_task_group_decorator.py took 0.096 seconds
[2026-06-24T12:36:28.293+0300] {processor.py:161} INFO - Started process (PID=28541) to work on /media/data/omar/programming course/DEPI/DEPI project/anomx/venv/lib/python3.12/site-packages/airflow/example_dags/example_task_group_decorator.py
[2026-06-24T12:36:28.294+0300] {processor.py:830} INFO - Processing file /media/data/omar/programming course/DEPI/DEPI project/anomx/venv/lib/python3.12/site-packages/airflow/example_dags/example_task_group_decorator.py for tasks to queue
[2026-06-24T12:36:28.295+0300] {logging_mixin.py:188} INFO - [2026-06-24T12:36:28.295+0300] {dagbag.py:540} INFO - Filling up the DagBag from /media/data/omar/programming course/DEPI/DEPI project/anomx/venv/lib/python3.12/site-packages/airflow/example_dags/example_task_group_decorator.py
[2026-06-24T12:36:28.308+0300] {processor.py:840} INFO - DAG(s) 'example_task_group_decorator' retrieved from /media/data/omar/programming course/DEPI/DEPI project/anomx/venv/lib/python3.12/site-packages/airflow/example_dags/example_task_group_decorator.py
[2026-06-24T12:36:28.327+0300] {logging_mixin.py:188} INFO - [2026-06-24T12:36:28.327+0300] {dag.py:3096} INFO - Sync 1 DAGs
[2026-06-24T12:36:28.343+0300] {logging_mixin.py:188} INFO - [2026-06-24T12:36:28.343+0300] {dag.py:3954} INFO - Setting next_dagrun for example_task_group_decorator to 2026-06-23 00:00:00+00:00, run_after=2026-06-24 00:00:00+00:00
[2026-06-24T12:36:28.370+0300] {processor.py:183} INFO - Processing /media/data/omar/programming course/DEPI/DEPI project/anomx/venv/lib/python3.12/site-packages/airflow/example_dags/example_task_group_decorator.py took 0.082 seconds
[2026-06-24T12:37:21.560+0300] {processor.py:161} INFO - Started process (PID=29166) to work on /media/data/omar/programming course/DEPI/DEPI project/anomx/venv/lib/python3.12/site-packages/airflow/example_dags/example_task_group_decorator.py
[2026-06-24T12:37:21.561+0300] {processor.py:830} INFO - Processing file /media/data/omar/programming course/DEPI/DEPI project/anomx/venv/lib/python3.12/site-packages/airflow/example_dags/example_task_group_decorator.py for tasks to queue
[2026-06-24T12:37:21.562+0300] {logging_mixin.py:188} INFO - [2026-06-24T12:37:21.561+0300] {dagbag.py:540} INFO - Filling up the DagBag from /media/data/omar/programming course/DEPI/DEPI project/anomx/venv/lib/python3.12/site-packages/airflow/example_dags/example_task_group_decorator.py
[2026-06-24T12:37:21.575+0300] {processor.py:840} INFO - DAG(s) 'example_task_group_decorator' retrieved from /media/data/omar/programming course/DEPI/DEPI project/anomx/venv/lib/python3.12/site-packages/airflow/example_dags/example_task_group_decorator.py
[2026-06-24T12:37:21.597+0300] {logging_mixin.py:188} INFO - [2026-06-24T12:37:21.596+0300] {dag.py:3096} INFO - Sync 1 DAGs
[2026-06-24T12:37:21.614+0300] {logging_mixin.py:188} INFO - [2026-06-24T12:37:21.614+0300] {dag.py:3954} INFO - Setting next_dagrun for example_task_group_decorator to 2026-06-23 00:00:00+00:00, run_after=2026-06-24 00:00:00+00:00
[2026-06-24T12:37:21.645+0300] {processor.py:183} INFO - Processing /media/data/omar/programming course/DEPI/DEPI project/anomx/venv/lib/python3.12/site-packages/airflow/example_dags/example_task_group_decorator.py took 0.091 seconds
[2026-06-24T12:38:08.356+0300] {processor.py:161} INFO - Started process (PID=29585) to work on /media/data/omar/programming course/DEPI/DEPI project/anomx/venv/lib/python3.12/site-packages/airflow/example_dags/example_task_group_decorator.py
[2026-06-24T12:38:08.358+0300] {processor.py:830} INFO - Processing file /media/data/omar/programming course/DEPI/DEPI project/anomx/venv/lib/python3.12/site-packages/airflow/example_dags/example_task_group_decorator.py for tasks to queue
[2026-06-24T12:38:08.362+0300] {logging_mixin.py:188} INFO - [2026-06-24T12:38:08.360+0300] {dagbag.py:540} INFO - Filling up the DagBag from /media/data/omar/programming course/DEPI/DEPI project/anomx/venv/lib/python3.12/site-packages/airflow/example_dags/example_task_group_decorator.py
[2026-06-24T12:38:08.384+0300] {processor.py:840} INFO - DAG(s) 'example_task_group_decorator' retrieved from /media/data/omar/programming course/DEPI/DEPI project/anomx/venv/lib/python3.12/site-packages/airflow/example_dags/example_task_group_decorator.py
[2026-06-24T12:38:08.402+0300] {logging_mixin.py:188} INFO - [2026-06-24T12:38:08.402+0300] {dag.py:3096} INFO - Sync 1 DAGs
[2026-06-24T12:38:08.416+0300] {logging_mixin.py:188} INFO - [2026-06-24T12:38:08.415+0300] {dag.py:3954} INFO - Setting next_dagrun for example_task_group_decorator to 2026-06-23 00:00:00+00:00, run_after=2026-06-24 00:00:00+00:00
[2026-06-24T12:38:08.443+0300] {processor.py:183} INFO - Processing /media/data/omar/programming course/DEPI/DEPI project/anomx/venv/lib/python3.12/site-packages/airflow/example_dags/example_task_group_decorator.py took 0.103 seconds
[2026-06-24T12:39:01.348+0300] {processor.py:161} INFO - Started process (PID=30211) to work on /media/data/omar/programming course/DEPI/DEPI project/anomx/venv/lib/python3.12/site-packages/airflow/example_dags/example_task_group_decorator.py
[2026-06-24T12:39:01.349+0300] {processor.py:830} INFO - Processing file /media/data/omar/programming course/DEPI/DEPI project/anomx/venv/lib/python3.12/site-packages/airflow/example_dags/example_task_group_decorator.py for tasks to queue
[2026-06-24T12:39:01.350+0300] {logging_mixin.py:188} INFO - [2026-06-24T12:39:01.349+0300] {dagbag.py:540} INFO - Filling up the DagBag from /media/data/omar/programming course/DEPI/DEPI project/anomx/venv/lib/python3.12/site-packages/airflow/example_dags/example_task_group_decorator.py
[2026-06-24T12:39:01.364+0300] {processor.py:840} INFO - DAG(s) 'example_task_group_decorator' retrieved from /media/data/omar/programming course/DEPI/DEPI project/anomx/venv/lib/python3.12/site-packages/airflow/example_dags/example_task_group_decorator.py
[2026-06-24T12:39:01.383+0300] {logging_mixin.py:188} INFO - [2026-06-24T12:39:01.383+0300] {dag.py:3096} INFO - Sync 1 DAGs
[2026-06-24T12:39:01.398+0300] {logging_mixin.py:188} INFO - [2026-06-24T12:39:01.398+0300] {dag.py:3954} INFO - Setting next_dagrun for example_task_group_decorator to 2026-06-23 00:00:00+00:00, run_after=2026-06-24 00:00:00+00:00
[2026-06-24T12:39:01.428+0300] {processor.py:183} INFO - Processing /media/data/omar/programming course/DEPI/DEPI project/anomx/venv/lib/python3.12/site-packages/airflow/example_dags/example_task_group_decorator.py took 0.087 seconds
[2026-06-24T12:39:48.783+0300] {processor.py:161} INFO - Started process (PID=30500) to work on /media/data/omar/programming course/DEPI/DEPI project/anomx/venv/lib/python3.12/site-packages/airflow/example_dags/example_task_group_decorator.py
[2026-06-24T12:39:48.784+0300] {processor.py:830} INFO - Processing file /media/data/omar/programming course/DEPI/DEPI project/anomx/venv/lib/python3.12/site-packages/airflow/example_dags/example_task_group_decorator.py for tasks to queue
[2026-06-24T12:39:48.785+0300] {logging_mixin.py:188} INFO - [2026-06-24T12:39:48.784+0300] {dagbag.py:540} INFO - Filling up the DagBag from /media/data/omar/programming course/DEPI/DEPI project/anomx/venv/lib/python3.12/site-packages/airflow/example_dags/example_task_group_decorator.py
[2026-06-24T12:39:48.797+0300] {processor.py:840} INFO - DAG(s) 'example_task_group_decorator' retrieved from /media/data/omar/programming course/DEPI/DEPI project/anomx/venv/lib/python3.12/site-packages/airflow/example_dags/example_task_group_decorator.py
[2026-06-24T12:39:48.813+0300] {logging_mixin.py:188} INFO - [2026-06-24T12:39:48.813+0300] {dag.py:3096} INFO - Sync 1 DAGs
[2026-06-24T12:39:48.826+0300] {logging_mixin.py:188} INFO - [2026-06-24T12:39:48.826+0300] {dag.py:3954} INFO - Setting next_dagrun for example_task_group_decorator to 2026-06-23 00:00:00+00:00, run_after=2026-06-24 00:00:00+00:00
[2026-06-24T12:39:48.851+0300] {processor.py:183} INFO - Processing /media/data/omar/programming course/DEPI/DEPI project/anomx/venv/lib/python3.12/site-packages/airflow/example_dags/example_task_group_decorator.py took 0.073 seconds
[2026-06-24T12:40:34.230+0300] {processor.py:161} INFO - Started process (PID=31099) to work on /media/data/omar/programming course/DEPI/DEPI project/anomx/venv/lib/python3.12/site-packages/airflow/example_dags/example_task_group_decorator.py
[2026-06-24T12:40:34.230+0300] {processor.py:830} INFO - Processing file /media/data/omar/programming course/DEPI/DEPI project/anomx/venv/lib/python3.12/site-packages/airflow/example_dags/example_task_group_decorator.py for tasks to queue
[2026-06-24T12:40:34.231+0300] {logging_mixin.py:188} INFO - [2026-06-24T12:40:34.231+0300] {dagbag.py:540} INFO - Filling up the DagBag from /media/data/omar/programming course/DEPI/DEPI project/anomx/venv/lib/python3.12/site-packages/airflow/example_dags/example_task_group_decorator.py
[2026-06-24T12:40:34.246+0300] {processor.py:840} INFO - DAG(s) 'example_task_group_decorator' retrieved from /media/data/omar/programming course/DEPI/DEPI project/anomx/venv/lib/python3.12/site-packages/airflow/example_dags/example_task_group_decorator.py
[2026-06-24T12:40:34.266+0300] {logging_mixin.py:188} INFO - [2026-06-24T12:40:34.266+0300] {dag.py:3096} INFO - Sync 1 DAGs
[2026-06-24T12:40:34.283+0300] {logging_mixin.py:188} INFO - [2026-06-24T12:40:34.283+0300] {dag.py:3954} INFO - Setting next_dagrun for example_task_group_decorator to 2026-06-23 00:00:00+00:00, run_after=2026-06-24 00:00:00+00:00
[2026-06-24T12:40:34.312+0300] {processor.py:183} INFO - Processing /media/data/omar/programming course/DEPI/DEPI project/anomx/venv/lib/python3.12/site-packages/airflow/example_dags/example_task_group_decorator.py took 0.089 seconds
[2026-06-24T12:41:49.796+0300] {processor.py:161} INFO - Started process (PID=31827) to work on /media/data/omar/programming course/DEPI/DEPI project/anomx/venv/lib/python3.12/site-packages/airflow/example_dags/example_task_group_decorator.py
[2026-06-24T12:41:49.797+0300] {processor.py:830} INFO - Processing file /media/data/omar/programming course/DEPI/DEPI project/anomx/venv/lib/python3.12/site-packages/airflow/example_dags/example_task_group_decorator.py for tasks to queue
[2026-06-24T12:41:49.798+0300] {logging_mixin.py:188} INFO - [2026-06-24T12:41:49.797+0300] {dagbag.py:540} INFO - Filling up the DagBag from /media/data/omar/programming course/DEPI/DEPI project/anomx/venv/lib/python3.12/site-packages/airflow/example_dags/example_task_group_decorator.py
[2026-06-24T12:41:49.812+0300] {processor.py:840} INFO - DAG(s) 'example_task_group_decorator' retrieved from /media/data/omar/programming course/DEPI/DEPI project/anomx/venv/lib/python3.12/site-packages/airflow/example_dags/example_task_group_decorator.py
[2026-06-24T12:41:49.832+0300] {logging_mixin.py:188} INFO - [2026-06-24T12:41:49.832+0300] {dag.py:3096} INFO - Sync 1 DAGs
[2026-06-24T12:41:49.848+0300] {logging_mixin.py:188} INFO - [2026-06-24T12:41:49.848+0300] {dag.py:3954} INFO - Setting next_dagrun for example_task_group_decorator to 2026-06-23 00:00:00+00:00, run_after=2026-06-24 00:00:00+00:00
[2026-06-24T12:41:49.874+0300] {processor.py:183} INFO - Processing /media/data/omar/programming course/DEPI/DEPI project/anomx/venv/lib/python3.12/site-packages/airflow/example_dags/example_task_group_decorator.py took 0.084 seconds
[2026-06-24T12:42:42.910+0300] {processor.py:161} INFO - Started process (PID=32240) to work on /media/data/omar/programming course/DEPI/DEPI project/anomx/venv/lib/python3.12/site-packages/airflow/example_dags/example_task_group_decorator.py
[2026-06-24T12:42:42.912+0300] {processor.py:830} INFO - Processing file /media/data/omar/programming course/DEPI/DEPI project/anomx/venv/lib/python3.12/site-packages/airflow/example_dags/example_task_group_decorator.py for tasks to queue
[2026-06-24T12:42:42.914+0300] {logging_mixin.py:188} INFO - [2026-06-24T12:42:42.913+0300] {dagbag.py:540} INFO - Filling up the DagBag from /media/data/omar/programming course/DEPI/DEPI project/anomx/venv/lib/python3.12/site-packages/airflow/example_dags/example_task_group_decorator.py
[2026-06-24T12:42:42.931+0300] {processor.py:840} INFO - DAG(s) 'example_task_group_decorator' retrieved from /media/data/omar/programming course/DEPI/DEPI project/anomx/venv/lib/python3.12/site-packages/airflow/example_dags/example_task_group_decorator.py
[2026-06-24T12:42:42.965+0300] {logging_mixin.py:188} INFO - [2026-06-24T12:42:42.964+0300] {dag.py:3096} INFO - Sync 1 DAGs
[2026-06-24T12:42:42.991+0300] {logging_mixin.py:188} INFO - [2026-06-24T12:42:42.991+0300] {dag.py:3954} INFO - Setting next_dagrun for example_task_group_decorator to 2026-06-23 00:00:00+00:00, run_after=2026-06-24 00:00:00+00:00
[2026-06-24T12:42:43.035+0300] {processor.py:183} INFO - Processing /media/data/omar/programming course/DEPI/DEPI project/anomx/venv/lib/python3.12/site-packages/airflow/example_dags/example_task_group_decorator.py took 0.132 seconds
[2026-06-24T12:43:35.272+0300] {processor.py:161} INFO - Started process (PID=32795) to work on /media/data/omar/programming course/DEPI/DEPI project/anomx/venv/lib/python3.12/site-packages/airflow/example_dags/example_task_group_decorator.py
[2026-06-24T12:43:35.272+0300] {processor.py:830} INFO - Processing file /media/data/omar/programming course/DEPI/DEPI project/anomx/venv/lib/python3.12/site-packages/airflow/example_dags/example_task_group_decorator.py for tasks to queue
[2026-06-24T12:43:35.273+0300] {logging_mixin.py:188} INFO - [2026-06-24T12:43:35.273+0300] {dagbag.py:540} INFO - Filling up the DagBag from /media/data/omar/programming course/DEPI/DEPI project/anomx/venv/lib/python3.12/site-packages/airflow/example_dags/example_task_group_decorator.py
[2026-06-24T12:43:35.287+0300] {processor.py:840} INFO - DAG(s) 'example_task_group_decorator' retrieved from /media/data/omar/programming course/DEPI/DEPI project/anomx/venv/lib/python3.12/site-packages/airflow/example_dags/example_task_group_decorator.py
[2026-06-24T12:43:35.307+0300] {logging_mixin.py:188} INFO - [2026-06-24T12:43:35.306+0300] {dag.py:3096} INFO - Sync 1 DAGs
[2026-06-24T12:43:35.321+0300] {logging_mixin.py:188} INFO - [2026-06-24T12:43:35.321+0300] {dag.py:3954} INFO - Setting next_dagrun for example_task_group_decorator to 2026-06-23 00:00:00+00:00, run_after=2026-06-24 00:00:00+00:00
[2026-06-24T12:43:35.350+0300] {processor.py:183} INFO - Processing /media/data/omar/programming course/DEPI/DEPI project/anomx/venv/lib/python3.12/site-packages/airflow/example_dags/example_task_group_decorator.py took 0.084 seconds
[2026-06-24T12:44:24.825+0300] {processor.py:161} INFO - Started process (PID=33161) to work on /media/data/omar/programming course/DEPI/DEPI project/anomx/venv/lib/python3.12/site-packages/airflow/example_dags/example_task_group_decorator.py
[2026-06-24T12:44:24.826+0300] {processor.py:830} INFO - Processing file /media/data/omar/programming course/DEPI/DEPI project/anomx/venv/lib/python3.12/site-packages/airflow/example_dags/example_task_group_decorator.py for tasks to queue
[2026-06-24T12:44:24.827+0300] {logging_mixin.py:188} INFO - [2026-06-24T12:44:24.827+0300] {dagbag.py:540} INFO - Filling up the DagBag from /media/data/omar/programming course/DEPI/DEPI project/anomx/venv/lib/python3.12/site-packages/airflow/example_dags/example_task_group_decorator.py
[2026-06-24T12:44:24.840+0300] {processor.py:840} INFO - DAG(s) 'example_task_group_decorator' retrieved from /media/data/omar/programming course/DEPI/DEPI project/anomx/venv/lib/python3.12/site-packages/airflow/example_dags/example_task_group_decorator.py
[2026-06-24T12:44:24.858+0300] {logging_mixin.py:188} INFO - [2026-06-24T12:44:24.858+0300] {dag.py:3096} INFO - Sync 1 DAGs
[2026-06-24T12:44:24.872+0300] {logging_mixin.py:188} INFO - [2026-06-24T12:44:24.872+0300] {dag.py:3954} INFO - Setting next_dagrun for example_task_group_decorator to 2026-06-23 00:00:00+00:00, run_after=2026-06-24 00:00:00+00:00
[2026-06-24T12:44:24.899+0300] {processor.py:183} INFO - Processing /media/data/omar/programming course/DEPI/DEPI project/anomx/venv/lib/python3.12/site-packages/airflow/example_dags/example_task_group_decorator.py took 0.079 seconds
[2026-06-24T12:45:14.187+0300] {processor.py:161} INFO - Started process (PID=33709) to work on /media/data/omar/programming course/DEPI/DEPI project/anomx/venv/lib/python3.12/site-packages/airflow/example_dags/example_task_group_decorator.py
[2026-06-24T12:45:14.188+0300] {processor.py:830} INFO - Processing file /media/data/omar/programming course/DEPI/DEPI project/anomx/venv/lib/python3.12/site-packages/airflow/example_dags/example_task_group_decorator.py for tasks to queue
[2026-06-24T12:45:14.189+0300] {logging_mixin.py:188} INFO - [2026-06-24T12:45:14.188+0300] {dagbag.py:540} INFO - Filling up the DagBag from /media/data/omar/programming course/DEPI/DEPI project/anomx/venv/lib/python3.12/site-packages/airflow/example_dags/example_task_group_decorator.py
[2026-06-24T12:45:14.204+0300] {processor.py:840} INFO - DAG(s) 'example_task_group_decorator' retrieved from /media/data/omar/programming course/DEPI/DEPI project/anomx/venv/lib/python3.12/site-packages/airflow/example_dags/example_task_group_decorator.py
[2026-06-24T12:45:14.224+0300] {logging_mixin.py:188} INFO - [2026-06-24T12:45:14.224+0300] {dag.py:3096} INFO - Sync 1 DAGs
[2026-06-24T12:45:14.238+0300] {logging_mixin.py:188} INFO - [2026-06-24T12:45:14.238+0300] {dag.py:3954} INFO - Setting next_dagrun for example_task_group_decorator to 2026-06-23 00:00:00+00:00, run_after=2026-06-24 00:00:00+00:00
[2026-06-24T12:45:14.264+0300] {processor.py:183} INFO - Processing /media/data/omar/programming course/DEPI/DEPI project/anomx/venv/lib/python3.12/site-packages/airflow/example_dags/example_task_group_decorator.py took 0.084 seconds
[2026-06-24T12:46:03.349+0300] {processor.py:161} INFO - Started process (PID=34096) to work on /media/data/omar/programming course/DEPI/DEPI project/anomx/venv/lib/python3.12/site-packages/airflow/example_dags/example_task_group_decorator.py
[2026-06-24T12:46:03.350+0300] {processor.py:830} INFO - Processing file /media/data/omar/programming course/DEPI/DEPI project/anomx/venv/lib/python3.12/site-packages/airflow/example_dags/example_task_group_decorator.py for tasks to queue
[2026-06-24T12:46:03.351+0300] {logging_mixin.py:188} INFO - [2026-06-24T12:46:03.351+0300] {dagbag.py:540} INFO - Filling up the DagBag from /media/data/omar/programming course/DEPI/DEPI project/anomx/venv/lib/python3.12/site-packages/airflow/example_dags/example_task_group_decorator.py
[2026-06-24T12:46:03.365+0300] {processor.py:840} INFO - DAG(s) 'example_task_group_decorator' retrieved from /media/data/omar/programming course/DEPI/DEPI project/anomx/venv/lib/python3.12/site-packages/airflow/example_dags/example_task_group_decorator.py
[2026-06-24T12:46:03.385+0300] {logging_mixin.py:188} INFO - [2026-06-24T12:46:03.385+0300] {dag.py:3096} INFO - Sync 1 DAGs
[2026-06-24T12:46:03.401+0300] {logging_mixin.py:188} INFO - [2026-06-24T12:46:03.401+0300] {dag.py:3954} INFO - Setting next_dagrun for example_task_group_decorator to 2026-06-23 00:00:00+00:00, run_after=2026-06-24 00:00:00+00:00
[2026-06-24T12:46:03.429+0300] {processor.py:183} INFO - Processing /media/data/omar/programming course/DEPI/DEPI project/anomx/venv/lib/python3.12/site-packages/airflow/example_dags/example_task_group_decorator.py took 0.085 seconds
[2026-06-24T12:46:53.053+0300] {processor.py:161} INFO - Started process (PID=34635) to work on /media/data/omar/programming course/DEPI/DEPI project/anomx/venv/lib/python3.12/site-packages/airflow/example_dags/example_task_group_decorator.py
[2026-06-24T12:46:53.053+0300] {processor.py:830} INFO - Processing file /media/data/omar/programming course/DEPI/DEPI project/anomx/venv/lib/python3.12/site-packages/airflow/example_dags/example_task_group_decorator.py for tasks to queue
[2026-06-24T12:46:53.055+0300] {logging_mixin.py:188} INFO - [2026-06-24T12:46:53.054+0300] {dagbag.py:540} INFO - Filling up the DagBag from /media/data/omar/programming course/DEPI/DEPI project/anomx/venv/lib/python3.12/site-packages/airflow/example_dags/example_task_group_decorator.py
[2026-06-24T12:46:53.069+0300] {processor.py:840} INFO - DAG(s) 'example_task_group_decorator' retrieved from /media/data/omar/programming course/DEPI/DEPI project/anomx/venv/lib/python3.12/site-packages/airflow/example_dags/example_task_group_decorator.py
[2026-06-24T12:46:53.092+0300] {logging_mixin.py:188} INFO - [2026-06-24T12:46:53.091+0300] {dag.py:3096} INFO - Sync 1 DAGs
[2026-06-24T12:46:53.114+0300] {logging_mixin.py:188} INFO - [2026-06-24T12:46:53.114+0300] {dag.py:3954} INFO - Setting next_dagrun for example_task_group_decorator to 2026-06-23 00:00:00+00:00, run_after=2026-06-24 00:00:00+00:00
[2026-06-24T12:46:53.156+0300] {processor.py:183} INFO - Processing /media/data/omar/programming course/DEPI/DEPI project/anomx/venv/lib/python3.12/site-packages/airflow/example_dags/example_task_group_decorator.py took 0.110 seconds
[2026-06-24T12:47:46.854+0300] {processor.py:161} INFO - Started process (PID=35044) to work on /media/data/omar/programming course/DEPI/DEPI project/anomx/venv/lib/python3.12/site-packages/airflow/example_dags/example_task_group_decorator.py
[2026-06-24T12:47:46.856+0300] {processor.py:830} INFO - Processing file /media/data/omar/programming course/DEPI/DEPI project/anomx/venv/lib/python3.12/site-packages/airflow/example_dags/example_task_group_decorator.py for tasks to queue
[2026-06-24T12:47:46.857+0300] {logging_mixin.py:188} INFO - [2026-06-24T12:47:46.857+0300] {dagbag.py:540} INFO - Filling up the DagBag from /media/data/omar/programming course/DEPI/DEPI project/anomx/venv/lib/python3.12/site-packages/airflow/example_dags/example_task_group_decorator.py
[2026-06-24T12:47:46.873+0300] {processor.py:840} INFO - DAG(s) 'example_task_group_decorator' retrieved from /media/data/omar/programming course/DEPI/DEPI project/anomx/venv/lib/python3.12/site-packages/airflow/example_dags/example_task_group_decorator.py
[2026-06-24T12:47:46.895+0300] {logging_mixin.py:188} INFO - [2026-06-24T12:47:46.895+0300] {dag.py:3096} INFO - Sync 1 DAGs
[2026-06-24T12:47:46.915+0300] {logging_mixin.py:188} INFO - [2026-06-24T12:47:46.915+0300] {dag.py:3954} INFO - Setting next_dagrun for example_task_group_decorator to 2026-06-23 00:00:00+00:00, run_after=2026-06-24 00:00:00+00:00
[2026-06-24T12:47:46.950+0300] {processor.py:183} INFO - Processing /media/data/omar/programming course/DEPI/DEPI project/anomx/venv/lib/python3.12/site-packages/airflow/example_dags/example_task_group_decorator.py took 0.104 seconds
[2026-06-24T12:48:40.546+0300] {processor.py:161} INFO - Started process (PID=35607) to work on /media/data/omar/programming course/DEPI/DEPI project/anomx/venv/lib/python3.12/site-packages/airflow/example_dags/example_task_group_decorator.py
[2026-06-24T12:48:40.547+0300] {processor.py:830} INFO - Processing file /media/data/omar/programming course/DEPI/DEPI project/anomx/venv/lib/python3.12/site-packages/airflow/example_dags/example_task_group_decorator.py for tasks to queue
[2026-06-24T12:48:40.548+0300] {logging_mixin.py:188} INFO - [2026-06-24T12:48:40.547+0300] {dagbag.py:540} INFO - Filling up the DagBag from /media/data/omar/programming course/DEPI/DEPI project/anomx/venv/lib/python3.12/site-packages/airflow/example_dags/example_task_group_decorator.py
[2026-06-24T12:48:40.560+0300] {processor.py:840} INFO - DAG(s) 'example_task_group_decorator' retrieved from /media/data/omar/programming course/DEPI/DEPI project/anomx/venv/lib/python3.12/site-packages/airflow/example_dags/example_task_group_decorator.py
[2026-06-24T12:48:40.578+0300] {logging_mixin.py:188} INFO - [2026-06-24T12:48:40.578+0300] {dag.py:3096} INFO - Sync 1 DAGs
[2026-06-24T12:48:40.593+0300] {logging_mixin.py:188} INFO - [2026-06-24T12:48:40.592+0300] {dag.py:3954} INFO - Setting next_dagrun for example_task_group_decorator to 2026-06-23 00:00:00+00:00, run_after=2026-06-24 00:00:00+00:00
[2026-06-24T12:48:40.620+0300] {processor.py:183} INFO - Processing /media/data/omar/programming course/DEPI/DEPI project/anomx/venv/lib/python3.12/site-packages/airflow/example_dags/example_task_group_decorator.py took 0.079 seconds
[2026-06-24T12:49:32.747+0300] {processor.py:161} INFO - Started process (PID=35978) to work on /media/data/omar/programming course/DEPI/DEPI project/anomx/venv/lib/python3.12/site-packages/airflow/example_dags/example_task_group_decorator.py
[2026-06-24T12:49:32.748+0300] {processor.py:830} INFO - Processing file /media/data/omar/programming course/DEPI/DEPI project/anomx/venv/lib/python3.12/site-packages/airflow/example_dags/example_task_group_decorator.py for tasks to queue
[2026-06-24T12:49:32.749+0300] {logging_mixin.py:188} INFO - [2026-06-24T12:49:32.749+0300] {dagbag.py:540} INFO - Filling up the DagBag from /media/data/omar/programming course/DEPI/DEPI project/anomx/venv/lib/python3.12/site-packages/airflow/example_dags/example_task_group_decorator.py
[2026-06-24T12:49:32.765+0300] {processor.py:840} INFO - DAG(s) 'example_task_group_decorator' retrieved from /media/data/omar/programming course/DEPI/DEPI project/anomx/venv/lib/python3.12/site-packages/airflow/example_dags/example_task_group_decorator.py
[2026-06-24T12:49:32.790+0300] {logging_mixin.py:188} INFO - [2026-06-24T12:49:32.789+0300] {dag.py:3096} INFO - Sync 1 DAGs
[2026-06-24T12:49:32.809+0300] {logging_mixin.py:188} INFO - [2026-06-24T12:49:32.809+0300] {dag.py:3954} INFO - Setting next_dagrun for example_task_group_decorator to 2026-06-23 00:00:00+00:00, run_after=2026-06-24 00:00:00+00:00
[2026-06-24T12:49:32.844+0300] {processor.py:183} INFO - Processing /media/data/omar/programming course/DEPI/DEPI project/anomx/venv/lib/python3.12/site-packages/airflow/example_dags/example_task_group_decorator.py took 0.103 seconds
[2026-06-24T12:50:27.620+0300] {processor.py:161} INFO - Started process (PID=36603) to work on /media/data/omar/programming course/DEPI/DEPI project/anomx/venv/lib/python3.12/site-packages/airflow/example_dags/example_task_group_decorator.py
[2026-06-24T12:50:27.623+0300] {processor.py:830} INFO - Processing file /media/data/omar/programming course/DEPI/DEPI project/anomx/venv/lib/python3.12/site-packages/airflow/example_dags/example_task_group_decorator.py for tasks to queue
[2026-06-24T12:50:27.626+0300] {logging_mixin.py:188} INFO - [2026-06-24T12:50:27.625+0300] {dagbag.py:540} INFO - Filling up the DagBag from /media/data/omar/programming course/DEPI/DEPI project/anomx/venv/lib/python3.12/site-packages/airflow/example_dags/example_task_group_decorator.py
[2026-06-24T12:50:27.653+0300] {processor.py:840} INFO - DAG(s) 'example_task_group_decorator' retrieved from /media/data/omar/programming course/DEPI/DEPI project/anomx/venv/lib/python3.12/site-packages/airflow/example_dags/example_task_group_decorator.py
[2026-06-24T12:50:27.679+0300] {logging_mixin.py:188} INFO - [2026-06-24T12:50:27.678+0300] {dag.py:3096} INFO - Sync 1 DAGs
[2026-06-24T12:50:27.694+0300] {logging_mixin.py:188} INFO - [2026-06-24T12:50:27.694+0300] {dag.py:3954} INFO - Setting next_dagrun for example_task_group_decorator to 2026-06-23 00:00:00+00:00, run_after=2026-06-24 00:00:00+00:00
[2026-06-24T12:50:27.723+0300] {processor.py:183} INFO - Processing /media/data/omar/programming course/DEPI/DEPI project/anomx/venv/lib/python3.12/site-packages/airflow/example_dags/example_task_group_decorator.py took 0.119 seconds
[2026-06-24T12:51:21.660+0300] {processor.py:161} INFO - Started process (PID=37013) to work on /media/data/omar/programming course/DEPI/DEPI project/anomx/venv/lib/python3.12/site-packages/airflow/example_dags/example_task_group_decorator.py
[2026-06-24T12:51:21.661+0300] {processor.py:830} INFO - Processing file /media/data/omar/programming course/DEPI/DEPI project/anomx/venv/lib/python3.12/site-packages/airflow/example_dags/example_task_group_decorator.py for tasks to queue
[2026-06-24T12:51:21.662+0300] {logging_mixin.py:188} INFO - [2026-06-24T12:51:21.662+0300] {dagbag.py:540} INFO - Filling up the DagBag from /media/data/omar/programming course/DEPI/DEPI project/anomx/venv/lib/python3.12/site-packages/airflow/example_dags/example_task_group_decorator.py
[2026-06-24T12:51:21.676+0300] {processor.py:840} INFO - DAG(s) 'example_task_group_decorator' retrieved from /media/data/omar/programming course/DEPI/DEPI project/anomx/venv/lib/python3.12/site-packages/airflow/example_dags/example_task_group_decorator.py
[2026-06-24T12:51:21.698+0300] {logging_mixin.py:188} INFO - [2026-06-24T12:51:21.697+0300] {dag.py:3096} INFO - Sync 1 DAGs
[2026-06-24T12:51:21.713+0300] {logging_mixin.py:188} INFO - [2026-06-24T12:51:21.713+0300] {dag.py:3954} INFO - Setting next_dagrun for example_task_group_decorator to 2026-06-23 00:00:00+00:00, run_after=2026-06-24 00:00:00+00:00
[2026-06-24T12:51:21.743+0300] {processor.py:183} INFO - Processing /media/data/omar/programming course/DEPI/DEPI project/anomx/venv/lib/python3.12/site-packages/airflow/example_dags/example_task_group_decorator.py took 0.088 seconds
[2026-06-24T12:52:13.814+0300] {processor.py:161} INFO - Started process (PID=37561) to work on /media/data/omar/programming course/DEPI/DEPI project/anomx/venv/lib/python3.12/site-packages/airflow/example_dags/example_task_group_decorator.py
[2026-06-24T12:52:13.815+0300] {processor.py:830} INFO - Processing file /media/data/omar/programming course/DEPI/DEPI project/anomx/venv/lib/python3.12/site-packages/airflow/example_dags/example_task_group_decorator.py for tasks to queue
[2026-06-24T12:52:13.817+0300] {logging_mixin.py:188} INFO - [2026-06-24T12:52:13.816+0300] {dagbag.py:540} INFO - Filling up the DagBag from /media/data/omar/programming course/DEPI/DEPI project/anomx/venv/lib/python3.12/site-packages/airflow/example_dags/example_task_group_decorator.py
[2026-06-24T12:52:13.831+0300] {processor.py:840} INFO - DAG(s) 'example_task_group_decorator' retrieved from /media/data/omar/programming course/DEPI/DEPI project/anomx/venv/lib/python3.12/site-packages/airflow/example_dags/example_task_group_decorator.py
[2026-06-24T12:52:13.853+0300] {logging_mixin.py:188} INFO - [2026-06-24T12:52:13.853+0300] {dag.py:3096} INFO - Sync 1 DAGs
[2026-06-24T12:52:13.872+0300] {logging_mixin.py:188} INFO - [2026-06-24T12:52:13.872+0300] {dag.py:3954} INFO - Setting next_dagrun for example_task_group_decorator to 2026-06-23 00:00:00+00:00, run_after=2026-06-24 00:00:00+00:00
[2026-06-24T12:52:13.904+0300] {processor.py:183} INFO - Processing /media/data/omar/programming course/DEPI/DEPI project/anomx/venv/lib/python3.12/site-packages/airflow/example_dags/example_task_group_decorator.py took 0.098 seconds
[2026-06-24T12:53:02.658+0300] {processor.py:161} INFO - Started process (PID=37927) to work on /media/data/omar/programming course/DEPI/DEPI project/anomx/venv/lib/python3.12/site-packages/airflow/example_dags/example_task_group_decorator.py
[2026-06-24T12:53:02.659+0300] {processor.py:830} INFO - Processing file /media/data/omar/programming course/DEPI/DEPI project/anomx/venv/lib/python3.12/site-packages/airflow/example_dags/example_task_group_decorator.py for tasks to queue
[2026-06-24T12:53:02.661+0300] {logging_mixin.py:188} INFO - [2026-06-24T12:53:02.660+0300] {dagbag.py:540} INFO - Filling up the DagBag from /media/data/omar/programming course/DEPI/DEPI project/anomx/venv/lib/python3.12/site-packages/airflow/example_dags/example_task_group_decorator.py
[2026-06-24T12:53:02.675+0300] {processor.py:840} INFO - DAG(s) 'example_task_group_decorator' retrieved from /media/data/omar/programming course/DEPI/DEPI project/anomx/venv/lib/python3.12/site-packages/airflow/example_dags/example_task_group_decorator.py
[2026-06-24T12:53:02.702+0300] {logging_mixin.py:188} INFO - [2026-06-24T12:53:02.702+0300] {dag.py:3096} INFO - Sync 1 DAGs
[2026-06-24T12:53:02.721+0300] {logging_mixin.py:188} INFO - [2026-06-24T12:53:02.720+0300] {dag.py:3954} INFO - Setting next_dagrun for example_task_group_decorator to 2026-06-23 00:00:00+00:00, run_after=2026-06-24 00:00:00+00:00
[2026-06-24T12:53:02.754+0300] {processor.py:183} INFO - Processing /media/data/omar/programming course/DEPI/DEPI project/anomx/venv/lib/python3.12/site-packages/airflow/example_dags/example_task_group_decorator.py took 0.102 seconds
[2026-06-24T12:53:55.703+0300] {processor.py:161} INFO - Started process (PID=38270) to work on /media/data/omar/programming course/DEPI/DEPI project/anomx/venv/lib/python3.12/site-packages/airflow/example_dags/example_task_group_decorator.py
[2026-06-24T12:53:55.704+0300] {processor.py:830} INFO - Processing file /media/data/omar/programming course/DEPI/DEPI project/anomx/venv/lib/python3.12/site-packages/airflow/example_dags/example_task_group_decorator.py for tasks to queue
[2026-06-24T12:53:55.705+0300] {logging_mixin.py:188} INFO - [2026-06-24T12:53:55.705+0300] {dagbag.py:540} INFO - Filling up the DagBag from /media/data/omar/programming course/DEPI/DEPI project/anomx/venv/lib/python3.12/site-packages/airflow/example_dags/example_task_group_decorator.py
[2026-06-24T12:53:55.725+0300] {processor.py:840} INFO - DAG(s) 'example_task_group_decorator' retrieved from /media/data/omar/programming course/DEPI/DEPI project/anomx/venv/lib/python3.12/site-packages/airflow/example_dags/example_task_group_decorator.py
[2026-06-24T12:53:55.747+0300] {logging_mixin.py:188} INFO - [2026-06-24T12:53:55.747+0300] {dag.py:3096} INFO - Sync 1 DAGs
[2026-06-24T12:53:55.761+0300] {logging_mixin.py:188} INFO - [2026-06-24T12:53:55.761+0300] {dag.py:3954} INFO - Setting next_dagrun for example_task_group_decorator to 2026-06-23 00:00:00+00:00, run_after=2026-06-24 00:00:00+00:00
[2026-06-24T12:53:55.795+0300] {processor.py:183} INFO - Processing /media/data/omar/programming course/DEPI/DEPI project/anomx/venv/lib/python3.12/site-packages/airflow/example_dags/example_task_group_decorator.py took 0.096 seconds
[2026-06-24T12:54:51.203+0300] {processor.py:161} INFO - Started process (PID=38911) to work on /media/data/omar/programming course/DEPI/DEPI project/anomx/venv/lib/python3.12/site-packages/airflow/example_dags/example_task_group_decorator.py
[2026-06-24T12:54:51.204+0300] {processor.py:830} INFO - Processing file /media/data/omar/programming course/DEPI/DEPI project/anomx/venv/lib/python3.12/site-packages/airflow/example_dags/example_task_group_decorator.py for tasks to queue
[2026-06-24T12:54:51.206+0300] {logging_mixin.py:188} INFO - [2026-06-24T12:54:51.205+0300] {dagbag.py:540} INFO - Filling up the DagBag from /media/data/omar/programming course/DEPI/DEPI project/anomx/venv/lib/python3.12/site-packages/airflow/example_dags/example_task_group_decorator.py
[2026-06-24T12:54:51.228+0300] {processor.py:840} INFO - DAG(s) 'example_task_group_decorator' retrieved from /media/data/omar/programming course/DEPI/DEPI project/anomx/venv/lib/python3.12/site-packages/airflow/example_dags/example_task_group_decorator.py
[2026-06-24T12:54:51.253+0300] {logging_mixin.py:188} INFO - [2026-06-24T12:54:51.253+0300] {dag.py:3096} INFO - Sync 1 DAGs
[2026-06-24T12:54:51.268+0300] {logging_mixin.py:188} INFO - [2026-06-24T12:54:51.268+0300] {dag.py:3954} INFO - Setting next_dagrun for example_task_group_decorator to 2026-06-23 00:00:00+00:00, run_after=2026-06-24 00:00:00+00:00
[2026-06-24T12:54:51.300+0300] {processor.py:183} INFO - Processing /media/data/omar/programming course/DEPI/DEPI project/anomx/venv/lib/python3.12/site-packages/airflow/example_dags/example_task_group_decorator.py took 0.106 seconds
[2026-06-24T12:55:50.995+0300] {processor.py:161} INFO - Started process (PID=39465) to work on /media/data/omar/programming course/DEPI/DEPI project/anomx/venv/lib/python3.12/site-packages/airflow/example_dags/example_task_group_decorator.py
[2026-06-24T12:55:50.996+0300] {processor.py:830} INFO - Processing file /media/data/omar/programming course/DEPI/DEPI project/anomx/venv/lib/python3.12/site-packages/airflow/example_dags/example_task_group_decorator.py for tasks to queue
[2026-06-24T12:55:50.998+0300] {logging_mixin.py:188} INFO - [2026-06-24T12:55:50.997+0300] {dagbag.py:540} INFO - Filling up the DagBag from /media/data/omar/programming course/DEPI/DEPI project/anomx/venv/lib/python3.12/site-packages/airflow/example_dags/example_task_group_decorator.py
[2026-06-24T12:55:51.024+0300] {processor.py:840} INFO - DAG(s) 'example_task_group_decorator' retrieved from /media/data/omar/programming course/DEPI/DEPI project/anomx/venv/lib/python3.12/site-packages/airflow/example_dags/example_task_group_decorator.py
[2026-06-24T12:55:51.052+0300] {logging_mixin.py:188} INFO - [2026-06-24T12:55:51.052+0300] {dag.py:3096} INFO - Sync 1 DAGs
[2026-06-24T12:55:51.071+0300] {logging_mixin.py:188} INFO - [2026-06-24T12:55:51.070+0300] {dag.py:3954} INFO - Setting next_dagrun for example_task_group_decorator to 2026-06-23 00:00:00+00:00, run_after=2026-06-24 00:00:00+00:00
[2026-06-24T12:55:51.116+0300] {processor.py:183} INFO - Processing /media/data/omar/programming course/DEPI/DEPI project/anomx/venv/lib/python3.12/site-packages/airflow/example_dags/example_task_group_decorator.py took 0.128 seconds
[2026-06-24T12:57:00.393+0300] {processor.py:161} INFO - Started process (PID=39953) to work on /media/data/omar/programming course/DEPI/DEPI project/anomx/venv/lib/python3.12/site-packages/airflow/example_dags/example_task_group_decorator.py
[2026-06-24T12:57:00.394+0300] {processor.py:830} INFO - Processing file /media/data/omar/programming course/DEPI/DEPI project/anomx/venv/lib/python3.12/site-packages/airflow/example_dags/example_task_group_decorator.py for tasks to queue
[2026-06-24T12:57:00.395+0300] {logging_mixin.py:188} INFO - [2026-06-24T12:57:00.394+0300] {dagbag.py:540} INFO - Filling up the DagBag from /media/data/omar/programming course/DEPI/DEPI project/anomx/venv/lib/python3.12/site-packages/airflow/example_dags/example_task_group_decorator.py
[2026-06-24T12:57:00.422+0300] {processor.py:840} INFO - DAG(s) 'example_task_group_decorator' retrieved from /media/data/omar/programming course/DEPI/DEPI project/anomx/venv/lib/python3.12/site-packages/airflow/example_dags/example_task_group_decorator.py
[2026-06-24T12:57:00.461+0300] {logging_mixin.py:188} INFO - [2026-06-24T12:57:00.460+0300] {dag.py:3096} INFO - Sync 1 DAGs
[2026-06-24T12:57:00.490+0300] {logging_mixin.py:188} INFO - [2026-06-24T12:57:00.489+0300] {dag.py:3954} INFO - Setting next_dagrun for example_task_group_decorator to 2026-06-23 00:00:00+00:00, run_after=2026-06-24 00:00:00+00:00
[2026-06-24T12:57:00.540+0300] {processor.py:183} INFO - Processing /media/data/omar/programming course/DEPI/DEPI project/anomx/venv/lib/python3.12/site-packages/airflow/example_dags/example_task_group_decorator.py took 0.154 seconds
[2026-06-24T12:57:52.536+0300] {processor.py:161} INFO - Started process (PID=40495) to work on /media/data/omar/programming course/DEPI/DEPI project/anomx/venv/lib/python3.12/site-packages/airflow/example_dags/example_task_group_decorator.py
[2026-06-24T12:57:52.537+0300] {processor.py:830} INFO - Processing file /media/data/omar/programming course/DEPI/DEPI project/anomx/venv/lib/python3.12/site-packages/airflow/example_dags/example_task_group_decorator.py for tasks to queue
[2026-06-24T12:57:52.538+0300] {logging_mixin.py:188} INFO - [2026-06-24T12:57:52.537+0300] {dagbag.py:540} INFO - Filling up the DagBag from /media/data/omar/programming course/DEPI/DEPI project/anomx/venv/lib/python3.12/site-packages/airflow/example_dags/example_task_group_decorator.py
[2026-06-24T12:57:52.553+0300] {processor.py:840} INFO - DAG(s) 'example_task_group_decorator' retrieved from /media/data/omar/programming course/DEPI/DEPI project/anomx/venv/lib/python3.12/site-packages/airflow/example_dags/example_task_group_decorator.py
[2026-06-24T12:57:52.573+0300] {logging_mixin.py:188} INFO - [2026-06-24T12:57:52.573+0300] {dag.py:3096} INFO - Sync 1 DAGs
[2026-06-24T12:57:52.589+0300] {logging_mixin.py:188} INFO - [2026-06-24T12:57:52.589+0300] {dag.py:3954} INFO - Setting next_dagrun for example_task_group_decorator to 2026-06-23 00:00:00+00:00, run_after=2026-06-24 00:00:00+00:00
[2026-06-24T12:57:52.618+0300] {processor.py:183} INFO - Processing /media/data/omar/programming course/DEPI/DEPI project/anomx/venv/lib/python3.12/site-packages/airflow/example_dags/example_task_group_decorator.py took 0.088 seconds
[2026-06-24T12:58:45.004+0300] {processor.py:161} INFO - Started process (PID=40871) to work on /media/data/omar/programming course/DEPI/DEPI project/anomx/venv/lib/python3.12/site-packages/airflow/example_dags/example_task_group_decorator.py
[2026-06-24T12:58:45.004+0300] {processor.py:830} INFO - Processing file /media/data/omar/programming course/DEPI/DEPI project/anomx/venv/lib/python3.12/site-packages/airflow/example_dags/example_task_group_decorator.py for tasks to queue
[2026-06-24T12:58:45.006+0300] {logging_mixin.py:188} INFO - [2026-06-24T12:58:45.005+0300] {dagbag.py:540} INFO - Filling up the DagBag from /media/data/omar/programming course/DEPI/DEPI project/anomx/venv/lib/python3.12/site-packages/airflow/example_dags/example_task_group_decorator.py
[2026-06-24T12:58:45.020+0300] {processor.py:840} INFO - DAG(s) 'example_task_group_decorator' retrieved from /media/data/omar/programming course/DEPI/DEPI project/anomx/venv/lib/python3.12/site-packages/airflow/example_dags/example_task_group_decorator.py
[2026-06-24T12:58:45.043+0300] {logging_mixin.py:188} INFO - [2026-06-24T12:58:45.042+0300] {dag.py:3096} INFO - Sync 1 DAGs
[2026-06-24T12:58:45.063+0300] {logging_mixin.py:188} INFO - [2026-06-24T12:58:45.062+0300] {dag.py:3954} INFO - Setting next_dagrun for example_task_group_decorator to 2026-06-23 00:00:00+00:00, run_after=2026-06-24 00:00:00+00:00
[2026-06-24T12:58:45.095+0300] {processor.py:183} INFO - Processing /media/data/omar/programming course/DEPI/DEPI project/anomx/venv/lib/python3.12/site-packages/airflow/example_dags/example_task_group_decorator.py took 0.097 seconds
[2026-06-24T12:59:36.304+0300] {processor.py:161} INFO - Started process (PID=41174) to work on /media/data/omar/programming course/DEPI/DEPI project/anomx/venv/lib/python3.12/site-packages/airflow/example_dags/example_task_group_decorator.py
[2026-06-24T12:59:36.305+0300] {processor.py:830} INFO - Processing file /media/data/omar/programming course/DEPI/DEPI project/anomx/venv/lib/python3.12/site-packages/airflow/example_dags/example_task_group_decorator.py for tasks to queue
[2026-06-24T12:59:36.307+0300] {logging_mixin.py:188} INFO - [2026-06-24T12:59:36.306+0300] {dagbag.py:540} INFO - Filling up the DagBag from /media/data/omar/programming course/DEPI/DEPI project/anomx/venv/lib/python3.12/site-packages/airflow/example_dags/example_task_group_decorator.py
[2026-06-24T12:59:36.322+0300] {processor.py:840} INFO - DAG(s) 'example_task_group_decorator' retrieved from /media/data/omar/programming course/DEPI/DEPI project/anomx/venv/lib/python3.12/site-packages/airflow/example_dags/example_task_group_decorator.py
[2026-06-24T12:59:36.345+0300] {logging_mixin.py:188} INFO - [2026-06-24T12:59:36.345+0300] {dag.py:3096} INFO - Sync 1 DAGs
[2026-06-24T12:59:36.363+0300] {logging_mixin.py:188} INFO - [2026-06-24T12:59:36.362+0300] {dag.py:3954} INFO - Setting next_dagrun for example_task_group_decorator to 2026-06-23 00:00:00+00:00, run_after=2026-06-24 00:00:00+00:00
[2026-06-24T12:59:36.396+0300] {processor.py:183} INFO - Processing /media/data/omar/programming course/DEPI/DEPI project/anomx/venv/lib/python3.12/site-packages/airflow/example_dags/example_task_group_decorator.py took 0.097 seconds
[2026-06-24T13:00:25.142+0300] {processor.py:161} INFO - Started process (PID=41792) to work on /media/data/omar/programming course/DEPI/DEPI project/anomx/venv/lib/python3.12/site-packages/airflow/example_dags/example_task_group_decorator.py
[2026-06-24T13:00:25.143+0300] {processor.py:830} INFO - Processing file /media/data/omar/programming course/DEPI/DEPI project/anomx/venv/lib/python3.12/site-packages/airflow/example_dags/example_task_group_decorator.py for tasks to queue
[2026-06-24T13:00:25.144+0300] {logging_mixin.py:188} INFO - [2026-06-24T13:00:25.144+0300] {dagbag.py:540} INFO - Filling up the DagBag from /media/data/omar/programming course/DEPI/DEPI project/anomx/venv/lib/python3.12/site-packages/airflow/example_dags/example_task_group_decorator.py
[2026-06-24T13:00:25.161+0300] {processor.py:840} INFO - DAG(s) 'example_task_group_decorator' retrieved from /media/data/omar/programming course/DEPI/DEPI project/anomx/venv/lib/python3.12/site-packages/airflow/example_dags/example_task_group_decorator.py
[2026-06-24T13:00:25.182+0300] {logging_mixin.py:188} INFO - [2026-06-24T13:00:25.181+0300] {dag.py:3096} INFO - Sync 1 DAGs
[2026-06-24T13:00:25.198+0300] {logging_mixin.py:188} INFO - [2026-06-24T13:00:25.198+0300] {dag.py:3954} INFO - Setting next_dagrun for example_task_group_decorator to 2026-06-23 00:00:00+00:00, run_after=2026-06-24 00:00:00+00:00
[2026-06-24T13:00:25.229+0300] {processor.py:183} INFO - Processing /media/data/omar/programming course/DEPI/DEPI project/anomx/venv/lib/python3.12/site-packages/airflow/example_dags/example_task_group_decorator.py took 0.095 seconds
[2026-06-24T13:01:14.754+0300] {processor.py:161} INFO - Started process (PID=42093) to work on /media/data/omar/programming course/DEPI/DEPI project/anomx/venv/lib/python3.12/site-packages/airflow/example_dags/example_task_group_decorator.py
[2026-06-24T13:01:14.755+0300] {processor.py:830} INFO - Processing file /media/data/omar/programming course/DEPI/DEPI project/anomx/venv/lib/python3.12/site-packages/airflow/example_dags/example_task_group_decorator.py for tasks to queue
[2026-06-24T13:01:14.756+0300] {logging_mixin.py:188} INFO - [2026-06-24T13:01:14.755+0300] {dagbag.py:540} INFO - Filling up the DagBag from /media/data/omar/programming course/DEPI/DEPI project/anomx/venv/lib/python3.12/site-packages/airflow/example_dags/example_task_group_decorator.py
[2026-06-24T13:01:14.772+0300] {processor.py:840} INFO - DAG(s) 'example_task_group_decorator' retrieved from /media/data/omar/programming course/DEPI/DEPI project/anomx/venv/lib/python3.12/site-packages/airflow/example_dags/example_task_group_decorator.py
[2026-06-24T13:01:14.802+0300] {logging_mixin.py:188} INFO - [2026-06-24T13:01:14.801+0300] {dag.py:3096} INFO - Sync 1 DAGs
[2026-06-24T13:01:14.821+0300] {logging_mixin.py:188} INFO - [2026-06-24T13:01:14.820+0300] {dag.py:3954} INFO - Setting next_dagrun for example_task_group_decorator to 2026-06-23 00:00:00+00:00, run_after=2026-06-24 00:00:00+00:00
[2026-06-24T13:01:14.858+0300] {processor.py:183} INFO - Processing /media/data/omar/programming course/DEPI/DEPI project/anomx/venv/lib/python3.12/site-packages/airflow/example_dags/example_task_group_decorator.py took 0.113 seconds
[2026-06-24T13:02:05.371+0300] {processor.py:161} INFO - Started process (PID=42700) to work on /media/data/omar/programming course/DEPI/DEPI project/anomx/venv/lib/python3.12/site-packages/airflow/example_dags/example_task_group_decorator.py
[2026-06-24T13:02:05.372+0300] {processor.py:830} INFO - Processing file /media/data/omar/programming course/DEPI/DEPI project/anomx/venv/lib/python3.12/site-packages/airflow/example_dags/example_task_group_decorator.py for tasks to queue
[2026-06-24T13:02:05.374+0300] {logging_mixin.py:188} INFO - [2026-06-24T13:02:05.373+0300] {dagbag.py:540} INFO - Filling up the DagBag from /media/data/omar/programming course/DEPI/DEPI project/anomx/venv/lib/python3.12/site-packages/airflow/example_dags/example_task_group_decorator.py
[2026-06-24T13:02:05.395+0300] {processor.py:840} INFO - DAG(s) 'example_task_group_decorator' retrieved from /media/data/omar/programming course/DEPI/DEPI project/anomx/venv/lib/python3.12/site-packages/airflow/example_dags/example_task_group_decorator.py
[2026-06-24T13:02:05.417+0300] {logging_mixin.py:188} INFO - [2026-06-24T13:02:05.417+0300] {dag.py:3096} INFO - Sync 1 DAGs
[2026-06-24T13:02:05.433+0300] {logging_mixin.py:188} INFO - [2026-06-24T13:02:05.433+0300] {dag.py:3954} INFO - Setting next_dagrun for example_task_group_decorator to 2026-06-23 00:00:00+00:00, run_after=2026-06-24 00:00:00+00:00
[2026-06-24T13:02:05.459+0300] {processor.py:183} INFO - Processing /media/data/omar/programming course/DEPI/DEPI project/anomx/venv/lib/python3.12/site-packages/airflow/example_dags/example_task_group_decorator.py took 0.097 seconds
[2026-06-24T13:02:57.426+0300] {processor.py:161} INFO - Started process (PID=43024) to work on /media/data/omar/programming course/DEPI/DEPI project/anomx/venv/lib/python3.12/site-packages/airflow/example_dags/example_task_group_decorator.py
[2026-06-24T13:02:57.427+0300] {processor.py:830} INFO - Processing file /media/data/omar/programming course/DEPI/DEPI project/anomx/venv/lib/python3.12/site-packages/airflow/example_dags/example_task_group_decorator.py for tasks to queue
[2026-06-24T13:02:57.428+0300] {logging_mixin.py:188} INFO - [2026-06-24T13:02:57.427+0300] {dagbag.py:540} INFO - Filling up the DagBag from /media/data/omar/programming course/DEPI/DEPI project/anomx/venv/lib/python3.12/site-packages/airflow/example_dags/example_task_group_decorator.py
[2026-06-24T13:02:57.441+0300] {processor.py:840} INFO - DAG(s) 'example_task_group_decorator' retrieved from /media/data/omar/programming course/DEPI/DEPI project/anomx/venv/lib/python3.12/site-packages/airflow/example_dags/example_task_group_decorator.py
[2026-06-24T13:02:57.459+0300] {logging_mixin.py:188} INFO - [2026-06-24T13:02:57.459+0300] {dag.py:3096} INFO - Sync 1 DAGs
[2026-06-24T13:02:57.473+0300] {logging_mixin.py:188} INFO - [2026-06-24T13:02:57.473+0300] {dag.py:3954} INFO - Setting next_dagrun for example_task_group_decorator to 2026-06-23 00:00:00+00:00, run_after=2026-06-24 00:00:00+00:00
[2026-06-24T13:02:57.499+0300] {processor.py:183} INFO - Processing /media/data/omar/programming course/DEPI/DEPI project/anomx/venv/lib/python3.12/site-packages/airflow/example_dags/example_task_group_decorator.py took 0.079 seconds
[2026-06-24T13:03:47.877+0300] {processor.py:161} INFO - Started process (PID=43647) to work on /media/data/omar/programming course/DEPI/DEPI project/anomx/venv/lib/python3.12/site-packages/airflow/example_dags/example_task_group_decorator.py
[2026-06-24T13:03:47.878+0300] {processor.py:830} INFO - Processing file /media/data/omar/programming course/DEPI/DEPI project/anomx/venv/lib/python3.12/site-packages/airflow/example_dags/example_task_group_decorator.py for tasks to queue
[2026-06-24T13:03:47.887+0300] {logging_mixin.py:188} INFO - [2026-06-24T13:03:47.883+0300] {dagbag.py:540} INFO - Filling up the DagBag from /media/data/omar/programming course/DEPI/DEPI project/anomx/venv/lib/python3.12/site-packages/airflow/example_dags/example_task_group_decorator.py
[2026-06-24T13:03:47.906+0300] {processor.py:840} INFO - DAG(s) 'example_task_group_decorator' retrieved from /media/data/omar/programming course/DEPI/DEPI project/anomx/venv/lib/python3.12/site-packages/airflow/example_dags/example_task_group_decorator.py
[2026-06-24T13:03:47.943+0300] {logging_mixin.py:188} INFO - [2026-06-24T13:03:47.942+0300] {dag.py:3096} INFO - Sync 1 DAGs
[2026-06-24T13:03:47.965+0300] {logging_mixin.py:188} INFO - [2026-06-24T13:03:47.961+0300] {dag.py:3954} INFO - Setting next_dagrun for example_task_group_decorator to 2026-06-23 00:00:00+00:00, run_after=2026-06-24 00:00:00+00:00
[2026-06-24T13:03:48.017+0300] {processor.py:183} INFO - Processing /media/data/omar/programming course/DEPI/DEPI project/anomx/venv/lib/python3.12/site-packages/airflow/example_dags/example_task_group_decorator.py took 0.148 seconds
[2026-06-24T13:04:36.042+0300] {processor.py:161} INFO - Started process (PID=43939) to work on /media/data/omar/programming course/DEPI/DEPI project/anomx/venv/lib/python3.12/site-packages/airflow/example_dags/example_task_group_decorator.py
[2026-06-24T13:04:36.043+0300] {processor.py:830} INFO - Processing file /media/data/omar/programming course/DEPI/DEPI project/anomx/venv/lib/python3.12/site-packages/airflow/example_dags/example_task_group_decorator.py for tasks to queue
[2026-06-24T13:04:36.044+0300] {logging_mixin.py:188} INFO - [2026-06-24T13:04:36.044+0300] {dagbag.py:540} INFO - Filling up the DagBag from /media/data/omar/programming course/DEPI/DEPI project/anomx/venv/lib/python3.12/site-packages/airflow/example_dags/example_task_group_decorator.py
[2026-06-24T13:04:36.057+0300] {processor.py:840} INFO - DAG(s) 'example_task_group_decorator' retrieved from /media/data/omar/programming course/DEPI/DEPI project/anomx/venv/lib/python3.12/site-packages/airflow/example_dags/example_task_group_decorator.py
[2026-06-24T13:04:36.078+0300] {logging_mixin.py:188} INFO - [2026-06-24T13:04:36.077+0300] {dag.py:3096} INFO - Sync 1 DAGs
[2026-06-24T13:04:36.093+0300] {logging_mixin.py:188} INFO - [2026-06-24T13:04:36.093+0300] {dag.py:3954} INFO - Setting next_dagrun for example_task_group_decorator to 2026-06-23 00:00:00+00:00, run_after=2026-06-24 00:00:00+00:00
[2026-06-24T13:04:36.120+0300] {processor.py:183} INFO - Processing /media/data/omar/programming course/DEPI/DEPI project/anomx/venv/lib/python3.12/site-packages/airflow/example_dags/example_task_group_decorator.py took 0.083 seconds
[2026-06-24T13:05:27.260+0300] {processor.py:161} INFO - Started process (PID=44546) to work on /media/data/omar/programming course/DEPI/DEPI project/anomx/venv/lib/python3.12/site-packages/airflow/example_dags/example_task_group_decorator.py
[2026-06-24T13:05:27.261+0300] {processor.py:830} INFO - Processing file /media/data/omar/programming course/DEPI/DEPI project/anomx/venv/lib/python3.12/site-packages/airflow/example_dags/example_task_group_decorator.py for tasks to queue
[2026-06-24T13:05:27.263+0300] {logging_mixin.py:188} INFO - [2026-06-24T13:05:27.262+0300] {dagbag.py:540} INFO - Filling up the DagBag from /media/data/omar/programming course/DEPI/DEPI project/anomx/venv/lib/python3.12/site-packages/airflow/example_dags/example_task_group_decorator.py
[2026-06-24T13:05:27.287+0300] {processor.py:840} INFO - DAG(s) 'example_task_group_decorator' retrieved from /media/data/omar/programming course/DEPI/DEPI project/anomx/venv/lib/python3.12/site-packages/airflow/example_dags/example_task_group_decorator.py
[2026-06-24T13:05:27.313+0300] {logging_mixin.py:188} INFO - [2026-06-24T13:05:27.312+0300] {dag.py:3096} INFO - Sync 1 DAGs
[2026-06-24T13:05:27.336+0300] {logging_mixin.py:188} INFO - [2026-06-24T13:05:27.336+0300] {dag.py:3954} INFO - Setting next_dagrun for example_task_group_decorator to 2026-06-23 00:00:00+00:00, run_after=2026-06-24 00:00:00+00:00
[2026-06-24T13:05:27.375+0300] {processor.py:183} INFO - Processing /media/data/omar/programming course/DEPI/DEPI project/anomx/venv/lib/python3.12/site-packages/airflow/example_dags/example_task_group_decorator.py took 0.127 seconds
[2026-06-24T13:06:21.879+0300] {processor.py:161} INFO - Started process (PID=44896) to work on /media/data/omar/programming course/DEPI/DEPI project/anomx/venv/lib/python3.12/site-packages/airflow/example_dags/example_task_group_decorator.py
[2026-06-24T13:06:21.882+0300] {processor.py:830} INFO - Processing file /media/data/omar/programming course/DEPI/DEPI project/anomx/venv/lib/python3.12/site-packages/airflow/example_dags/example_task_group_decorator.py for tasks to queue
[2026-06-24T13:06:21.883+0300] {logging_mixin.py:188} INFO - [2026-06-24T13:06:21.883+0300] {dagbag.py:540} INFO - Filling up the DagBag from /media/data/omar/programming course/DEPI/DEPI project/anomx/venv/lib/python3.12/site-packages/airflow/example_dags/example_task_group_decorator.py
[2026-06-24T13:06:21.914+0300] {processor.py:840} INFO - DAG(s) 'example_task_group_decorator' retrieved from /media/data/omar/programming course/DEPI/DEPI project/anomx/venv/lib/python3.12/site-packages/airflow/example_dags/example_task_group_decorator.py
[2026-06-24T13:06:21.950+0300] {logging_mixin.py:188} INFO - [2026-06-24T13:06:21.949+0300] {dag.py:3096} INFO - Sync 1 DAGs
[2026-06-24T13:06:21.969+0300] {logging_mixin.py:188} INFO - [2026-06-24T13:06:21.969+0300] {dag.py:3954} INFO - Setting next_dagrun for example_task_group_decorator to 2026-06-23 00:00:00+00:00, run_after=2026-06-24 00:00:00+00:00
[2026-06-24T13:06:22.002+0300] {processor.py:183} INFO - Processing /media/data/omar/programming course/DEPI/DEPI project/anomx/venv/lib/python3.12/site-packages/airflow/example_dags/example_task_group_decorator.py took 0.135 seconds
[2026-06-24T13:07:58.411+0300] {processor.py:161} INFO - Started process (PID=45955) to work on /media/data/omar/programming course/DEPI/DEPI project/anomx/venv/lib/python3.12/site-packages/airflow/example_dags/example_task_group_decorator.py
[2026-06-24T13:07:58.412+0300] {processor.py:830} INFO - Processing file /media/data/omar/programming course/DEPI/DEPI project/anomx/venv/lib/python3.12/site-packages/airflow/example_dags/example_task_group_decorator.py for tasks to queue
[2026-06-24T13:07:58.413+0300] {logging_mixin.py:188} INFO - [2026-06-24T13:07:58.412+0300] {dagbag.py:540} INFO - Filling up the DagBag from /media/data/omar/programming course/DEPI/DEPI project/anomx/venv/lib/python3.12/site-packages/airflow/example_dags/example_task_group_decorator.py
[2026-06-24T13:07:58.428+0300] {processor.py:840} INFO - DAG(s) 'example_task_group_decorator' retrieved from /media/data/omar/programming course/DEPI/DEPI project/anomx/venv/lib/python3.12/site-packages/airflow/example_dags/example_task_group_decorator.py
[2026-06-24T13:07:58.448+0300] {logging_mixin.py:188} INFO - [2026-06-24T13:07:58.447+0300] {dag.py:3096} INFO - Sync 1 DAGs
[2026-06-24T13:07:58.463+0300] {logging_mixin.py:188} INFO - [2026-06-24T13:07:58.462+0300] {dag.py:3954} INFO - Setting next_dagrun for example_task_group_decorator to 2026-06-23 00:00:00+00:00, run_after=2026-06-24 00:00:00+00:00
[2026-06-24T13:07:58.490+0300] {processor.py:183} INFO - Processing /media/data/omar/programming course/DEPI/DEPI project/anomx/venv/lib/python3.12/site-packages/airflow/example_dags/example_task_group_decorator.py took 0.084 seconds
[2026-06-24T13:08:56.227+0300] {processor.py:161} INFO - Started process (PID=46607) to work on /media/data/omar/programming course/DEPI/DEPI project/anomx/venv/lib/python3.12/site-packages/airflow/example_dags/example_task_group_decorator.py
[2026-06-24T13:08:56.227+0300] {processor.py:830} INFO - Processing file /media/data/omar/programming course/DEPI/DEPI project/anomx/venv/lib/python3.12/site-packages/airflow/example_dags/example_task_group_decorator.py for tasks to queue
[2026-06-24T13:08:56.228+0300] {logging_mixin.py:188} INFO - [2026-06-24T13:08:56.228+0300] {dagbag.py:540} INFO - Filling up the DagBag from /media/data/omar/programming course/DEPI/DEPI project/anomx/venv/lib/python3.12/site-packages/airflow/example_dags/example_task_group_decorator.py
[2026-06-24T13:08:56.241+0300] {processor.py:840} INFO - DAG(s) 'example_task_group_decorator' retrieved from /media/data/omar/programming course/DEPI/DEPI project/anomx/venv/lib/python3.12/site-packages/airflow/example_dags/example_task_group_decorator.py
[2026-06-24T13:08:56.258+0300] {logging_mixin.py:188} INFO - [2026-06-24T13:08:56.258+0300] {dag.py:3096} INFO - Sync 1 DAGs
[2026-06-24T13:08:56.272+0300] {logging_mixin.py:188} INFO - [2026-06-24T13:08:56.271+0300] {dag.py:3954} INFO - Setting next_dagrun for example_task_group_decorator to 2026-06-23 00:00:00+00:00, run_after=2026-06-24 00:00:00+00:00
[2026-06-24T13:08:56.297+0300] {processor.py:183} INFO - Processing /media/data/omar/programming course/DEPI/DEPI project/anomx/venv/lib/python3.12/site-packages/airflow/example_dags/example_task_group_decorator.py took 0.076 seconds
[2026-06-24T13:12:11.194+0300] {processor.py:161} INFO - Started process (PID=48723) to work on /media/data/omar/programming course/DEPI/DEPI project/anomx/venv/lib/python3.12/site-packages/airflow/example_dags/example_task_group_decorator.py
[2026-06-24T13:12:11.201+0300] {processor.py:830} INFO - Processing file /media/data/omar/programming course/DEPI/DEPI project/anomx/venv/lib/python3.12/site-packages/airflow/example_dags/example_task_group_decorator.py for tasks to queue
[2026-06-24T13:12:11.210+0300] {logging_mixin.py:188} INFO - [2026-06-24T13:12:11.206+0300] {dagbag.py:540} INFO - Filling up the DagBag from /media/data/omar/programming course/DEPI/DEPI project/anomx/venv/lib/python3.12/site-packages/airflow/example_dags/example_task_group_decorator.py
[2026-06-24T13:12:11.247+0300] {processor.py:840} INFO - DAG(s) 'example_task_group_decorator' retrieved from /media/data/omar/programming course/DEPI/DEPI project/anomx/venv/lib/python3.12/site-packages/airflow/example_dags/example_task_group_decorator.py
[2026-06-24T13:12:11.320+0300] {logging_mixin.py:188} INFO - [2026-06-24T13:12:11.320+0300] {dag.py:3096} INFO - Sync 1 DAGs
[2026-06-24T13:12:11.356+0300] {logging_mixin.py:188} INFO - [2026-06-24T13:12:11.356+0300] {dag.py:3954} INFO - Setting next_dagrun for example_task_group_decorator to 2026-06-23 00:00:00+00:00, run_after=2026-06-24 00:00:00+00:00
[2026-06-24T13:12:11.391+0300] {processor.py:183} INFO - Processing /media/data/omar/programming course/DEPI/DEPI project/anomx/venv/lib/python3.12/site-packages/airflow/example_dags/example_task_group_decorator.py took 0.227 seconds
[2026-06-24T13:13:07.047+0300] {processor.py:161} INFO - Started process (PID=49417) to work on /media/data/omar/programming course/DEPI/DEPI project/anomx/venv/lib/python3.12/site-packages/airflow/example_dags/example_task_group_decorator.py
[2026-06-24T13:13:07.048+0300] {processor.py:830} INFO - Processing file /media/data/omar/programming course/DEPI/DEPI project/anomx/venv/lib/python3.12/site-packages/airflow/example_dags/example_task_group_decorator.py for tasks to queue
[2026-06-24T13:13:07.049+0300] {logging_mixin.py:188} INFO - [2026-06-24T13:13:07.049+0300] {dagbag.py:540} INFO - Filling up the DagBag from /media/data/omar/programming course/DEPI/DEPI project/anomx/venv/lib/python3.12/site-packages/airflow/example_dags/example_task_group_decorator.py
[2026-06-24T13:13:07.062+0300] {processor.py:840} INFO - DAG(s) 'example_task_group_decorator' retrieved from /media/data/omar/programming course/DEPI/DEPI project/anomx/venv/lib/python3.12/site-packages/airflow/example_dags/example_task_group_decorator.py
[2026-06-24T13:13:07.080+0300] {logging_mixin.py:188} INFO - [2026-06-24T13:13:07.079+0300] {dag.py:3096} INFO - Sync 1 DAGs
[2026-06-24T13:13:07.094+0300] {logging_mixin.py:188} INFO - [2026-06-24T13:13:07.093+0300] {dag.py:3954} INFO - Setting next_dagrun for example_task_group_decorator to 2026-06-23 00:00:00+00:00, run_after=2026-06-24 00:00:00+00:00
[2026-06-24T13:13:07.120+0300] {processor.py:183} INFO - Processing /media/data/omar/programming course/DEPI/DEPI project/anomx/venv/lib/python3.12/site-packages/airflow/example_dags/example_task_group_decorator.py took 0.078 seconds
[2026-06-24T13:13:59.205+0300] {processor.py:161} INFO - Started process (PID=49737) to work on /media/data/omar/programming course/DEPI/DEPI project/anomx/venv/lib/python3.12/site-packages/airflow/example_dags/example_task_group_decorator.py
[2026-06-24T13:13:59.206+0300] {processor.py:830} INFO - Processing file /media/data/omar/programming course/DEPI/DEPI project/anomx/venv/lib/python3.12/site-packages/airflow/example_dags/example_task_group_decorator.py for tasks to queue
[2026-06-24T13:13:59.208+0300] {logging_mixin.py:188} INFO - [2026-06-24T13:13:59.207+0300] {dagbag.py:540} INFO - Filling up the DagBag from /media/data/omar/programming course/DEPI/DEPI project/anomx/venv/lib/python3.12/site-packages/airflow/example_dags/example_task_group_decorator.py
[2026-06-24T13:13:59.232+0300] {processor.py:840} INFO - DAG(s) 'example_task_group_decorator' retrieved from /media/data/omar/programming course/DEPI/DEPI project/anomx/venv/lib/python3.12/site-packages/airflow/example_dags/example_task_group_decorator.py
[2026-06-24T13:13:59.264+0300] {logging_mixin.py:188} INFO - [2026-06-24T13:13:59.264+0300] {dag.py:3096} INFO - Sync 1 DAGs
[2026-06-24T13:13:59.282+0300] {logging_mixin.py:188} INFO - [2026-06-24T13:13:59.282+0300] {dag.py:3954} INFO - Setting next_dagrun for example_task_group_decorator to 2026-06-23 00:00:00+00:00, run_after=2026-06-24 00:00:00+00:00
[2026-06-24T13:13:59.323+0300] {processor.py:183} INFO - Processing /media/data/omar/programming course/DEPI/DEPI project/anomx/venv/lib/python3.12/site-packages/airflow/example_dags/example_task_group_decorator.py took 0.126 seconds
[2026-06-24T13:14:53.058+0300] {processor.py:161} INFO - Started process (PID=50383) to work on /media/data/omar/programming course/DEPI/DEPI project/anomx/venv/lib/python3.12/site-packages/airflow/example_dags/example_task_group_decorator.py
[2026-06-24T13:14:53.059+0300] {processor.py:830} INFO - Processing file /media/data/omar/programming course/DEPI/DEPI project/anomx/venv/lib/python3.12/site-packages/airflow/example_dags/example_task_group_decorator.py for tasks to queue
[2026-06-24T13:14:53.060+0300] {logging_mixin.py:188} INFO - [2026-06-24T13:14:53.059+0300] {dagbag.py:540} INFO - Filling up the DagBag from /media/data/omar/programming course/DEPI/DEPI project/anomx/venv/lib/python3.12/site-packages/airflow/example_dags/example_task_group_decorator.py
[2026-06-24T13:14:53.074+0300] {processor.py:840} INFO - DAG(s) 'example_task_group_decorator' retrieved from /media/data/omar/programming course/DEPI/DEPI project/anomx/venv/lib/python3.12/site-packages/airflow/example_dags/example_task_group_decorator.py
[2026-06-24T13:14:53.094+0300] {logging_mixin.py:188} INFO - [2026-06-24T13:14:53.094+0300] {dag.py:3096} INFO - Sync 1 DAGs
[2026-06-24T13:14:53.110+0300] {logging_mixin.py:188} INFO - [2026-06-24T13:14:53.109+0300] {dag.py:3954} INFO - Setting next_dagrun for example_task_group_decorator to 2026-06-23 00:00:00+00:00, run_after=2026-06-24 00:00:00+00:00
[2026-06-24T13:14:53.143+0300] {processor.py:183} INFO - Processing /media/data/omar/programming course/DEPI/DEPI project/anomx/venv/lib/python3.12/site-packages/airflow/example_dags/example_task_group_decorator.py took 0.091 seconds
[2026-06-24T13:15:43.680+0300] {processor.py:161} INFO - Started process (PID=50705) to work on /media/data/omar/programming course/DEPI/DEPI project/anomx/venv/lib/python3.12/site-packages/airflow/example_dags/example_task_group_decorator.py
[2026-06-24T13:15:43.681+0300] {processor.py:830} INFO - Processing file /media/data/omar/programming course/DEPI/DEPI project/anomx/venv/lib/python3.12/site-packages/airflow/example_dags/example_task_group_decorator.py for tasks to queue
[2026-06-24T13:15:43.682+0300] {logging_mixin.py:188} INFO - [2026-06-24T13:15:43.681+0300] {dagbag.py:540} INFO - Filling up the DagBag from /media/data/omar/programming course/DEPI/DEPI project/anomx/venv/lib/python3.12/site-packages/airflow/example_dags/example_task_group_decorator.py
[2026-06-24T13:15:43.694+0300] {processor.py:840} INFO - DAG(s) 'example_task_group_decorator' retrieved from /media/data/omar/programming course/DEPI/DEPI project/anomx/venv/lib/python3.12/site-packages/airflow/example_dags/example_task_group_decorator.py
[2026-06-24T13:15:43.717+0300] {logging_mixin.py:188} INFO - [2026-06-24T13:15:43.716+0300] {dag.py:3096} INFO - Sync 1 DAGs
[2026-06-24T13:15:43.733+0300] {logging_mixin.py:188} INFO - [2026-06-24T13:15:43.733+0300] {dag.py:3954} INFO - Setting next_dagrun for example_task_group_decorator to 2026-06-23 00:00:00+00:00, run_after=2026-06-24 00:00:00+00:00
[2026-06-24T13:15:43.763+0300] {processor.py:183} INFO - Processing /media/data/omar/programming course/DEPI/DEPI project/anomx/venv/lib/python3.12/site-packages/airflow/example_dags/example_task_group_decorator.py took 0.089 seconds
[2026-06-24T13:16:32.104+0300] {processor.py:161} INFO - Started process (PID=51327) to work on /media/data/omar/programming course/DEPI/DEPI project/anomx/venv/lib/python3.12/site-packages/airflow/example_dags/example_task_group_decorator.py
[2026-06-24T13:16:32.105+0300] {processor.py:830} INFO - Processing file /media/data/omar/programming course/DEPI/DEPI project/anomx/venv/lib/python3.12/site-packages/airflow/example_dags/example_task_group_decorator.py for tasks to queue
[2026-06-24T13:16:32.106+0300] {logging_mixin.py:188} INFO - [2026-06-24T13:16:32.105+0300] {dagbag.py:540} INFO - Filling up the DagBag from /media/data/omar/programming course/DEPI/DEPI project/anomx/venv/lib/python3.12/site-packages/airflow/example_dags/example_task_group_decorator.py
[2026-06-24T13:16:32.120+0300] {processor.py:840} INFO - DAG(s) 'example_task_group_decorator' retrieved from /media/data/omar/programming course/DEPI/DEPI project/anomx/venv/lib/python3.12/site-packages/airflow/example_dags/example_task_group_decorator.py
[2026-06-24T13:16:32.141+0300] {logging_mixin.py:188} INFO - [2026-06-24T13:16:32.141+0300] {dag.py:3096} INFO - Sync 1 DAGs
[2026-06-24T13:16:32.157+0300] {logging_mixin.py:188} INFO - [2026-06-24T13:16:32.157+0300] {dag.py:3954} INFO - Setting next_dagrun for example_task_group_decorator to 2026-06-23 00:00:00+00:00, run_after=2026-06-24 00:00:00+00:00
[2026-06-24T13:16:32.188+0300] {processor.py:183} INFO - Processing /media/data/omar/programming course/DEPI/DEPI project/anomx/venv/lib/python3.12/site-packages/airflow/example_dags/example_task_group_decorator.py took 0.090 seconds
[2026-06-24T13:17:22.345+0300] {processor.py:161} INFO - Started process (PID=51628) to work on /media/data/omar/programming course/DEPI/DEPI project/anomx/venv/lib/python3.12/site-packages/airflow/example_dags/example_task_group_decorator.py
[2026-06-24T13:17:22.346+0300] {processor.py:830} INFO - Processing file /media/data/omar/programming course/DEPI/DEPI project/anomx/venv/lib/python3.12/site-packages/airflow/example_dags/example_task_group_decorator.py for tasks to queue
[2026-06-24T13:17:22.348+0300] {logging_mixin.py:188} INFO - [2026-06-24T13:17:22.347+0300] {dagbag.py:540} INFO - Filling up the DagBag from /media/data/omar/programming course/DEPI/DEPI project/anomx/venv/lib/python3.12/site-packages/airflow/example_dags/example_task_group_decorator.py
[2026-06-24T13:17:22.364+0300] {processor.py:840} INFO - DAG(s) 'example_task_group_decorator' retrieved from /media/data/omar/programming course/DEPI/DEPI project/anomx/venv/lib/python3.12/site-packages/airflow/example_dags/example_task_group_decorator.py
[2026-06-24T13:17:22.384+0300] {logging_mixin.py:188} INFO - [2026-06-24T13:17:22.383+0300] {dag.py:3096} INFO - Sync 1 DAGs
[2026-06-24T13:17:22.398+0300] {logging_mixin.py:188} INFO - [2026-06-24T13:17:22.398+0300] {dag.py:3954} INFO - Setting next_dagrun for example_task_group_decorator to 2026-06-23 00:00:00+00:00, run_after=2026-06-24 00:00:00+00:00
[2026-06-24T13:17:22.427+0300] {processor.py:183} INFO - Processing /media/data/omar/programming course/DEPI/DEPI project/anomx/venv/lib/python3.12/site-packages/airflow/example_dags/example_task_group_decorator.py took 0.096 seconds
[2026-06-24T13:18:13.249+0300] {processor.py:161} INFO - Started process (PID=52256) to work on /media/data/omar/programming course/DEPI/DEPI project/anomx/venv/lib/python3.12/site-packages/airflow/example_dags/example_task_group_decorator.py
[2026-06-24T13:18:13.250+0300] {processor.py:830} INFO - Processing file /media/data/omar/programming course/DEPI/DEPI project/anomx/venv/lib/python3.12/site-packages/airflow/example_dags/example_task_group_decorator.py for tasks to queue
[2026-06-24T13:18:13.251+0300] {logging_mixin.py:188} INFO - [2026-06-24T13:18:13.251+0300] {dagbag.py:540} INFO - Filling up the DagBag from /media/data/omar/programming course/DEPI/DEPI project/anomx/venv/lib/python3.12/site-packages/airflow/example_dags/example_task_group_decorator.py
[2026-06-24T13:18:13.268+0300] {processor.py:840} INFO - DAG(s) 'example_task_group_decorator' retrieved from /media/data/omar/programming course/DEPI/DEPI project/anomx/venv/lib/python3.12/site-packages/airflow/example_dags/example_task_group_decorator.py
[2026-06-24T13:18:13.288+0300] {logging_mixin.py:188} INFO - [2026-06-24T13:18:13.288+0300] {dag.py:3096} INFO - Sync 1 DAGs
[2026-06-24T13:18:13.303+0300] {logging_mixin.py:188} INFO - [2026-06-24T13:18:13.303+0300] {dag.py:3954} INFO - Setting next_dagrun for example_task_group_decorator to 2026-06-23 00:00:00+00:00, run_after=2026-06-24 00:00:00+00:00
[2026-06-24T13:18:13.333+0300] {processor.py:183} INFO - Processing /media/data/omar/programming course/DEPI/DEPI project/anomx/venv/lib/python3.12/site-packages/airflow/example_dags/example_task_group_decorator.py took 0.090 seconds
