[2026-06-24T11:53:09.208+0300] {processor.py:161} INFO - Started process (PID=11036) to work on /media/data/omar/programming course/DEPI/DEPI project/anomx/venv/lib/python3.12/site-packages/airflow/example_dags/example_external_task_marker_dag.py
[2026-06-24T11:53:09.214+0300] {processor.py:830} INFO - Processing file /media/data/omar/programming course/DEPI/DEPI project/anomx/venv/lib/python3.12/site-packages/airflow/example_dags/example_external_task_marker_dag.py for tasks to queue
[2026-06-24T11:53:09.222+0300] {logging_mixin.py:188} INFO - [2026-06-24T11:53:09.221+0300] {dagbag.py:540} INFO - Filling up the DagBag from /media/data/omar/programming course/DEPI/DEPI project/anomx/venv/lib/python3.12/site-packages/airflow/example_dags/example_external_task_marker_dag.py
[2026-06-24T11:53:09.243+0300] {processor.py:840} INFO - DAG(s) 'example_external_task_marker_parent', 'example_external_task_marker_child' retrieved from /media/data/omar/programming course/DEPI/DEPI project/anomx/venv/lib/python3.12/site-packages/airflow/example_dags/example_external_task_marker_dag.py
[2026-06-24T11:53:09.308+0300] {logging_mixin.py:188} INFO - [2026-06-24T11:53:09.307+0300] {dag.py:3096} INFO - Sync 2 DAGs
[2026-06-24T11:53:09.368+0300] {logging_mixin.py:188} INFO - [2026-06-24T11:53:09.365+0300] {dag.py:3118} INFO - Creating ORM DAG for example_external_task_marker_parent
[2026-06-24T11:53:09.371+0300] {logging_mixin.py:188} INFO - [2026-06-24T11:53:09.370+0300] {dag.py:3118} INFO - Creating ORM DAG for example_external_task_marker_child
[2026-06-24T11:53:09.377+0300] {logging_mixin.py:188} INFO - [2026-06-24T11:53:09.374+0300] {dag.py:3954} INFO - Setting next_dagrun for example_external_task_marker_child to None, run_after=None
[2026-06-24T11:53:09.382+0300] {logging_mixin.py:188} INFO - [2026-06-24T11:53:09.380+0300] {dag.py:3954} INFO - Setting next_dagrun for example_external_task_marker_parent to None, run_after=None
[2026-06-24T11:53:09.463+0300] {processor.py:183} INFO - Processing /media/data/omar/programming course/DEPI/DEPI project/anomx/venv/lib/python3.12/site-packages/airflow/example_dags/example_external_task_marker_dag.py took 0.272 seconds
[2026-06-24T11:54:41.991+0300] {processor.py:161} INFO - Started process (PID=12246) to work on /media/data/omar/programming course/DEPI/DEPI project/anomx/venv/lib/python3.12/site-packages/airflow/example_dags/example_external_task_marker_dag.py
[2026-06-24T11:54:41.994+0300] {processor.py:830} INFO - Processing file /media/data/omar/programming course/DEPI/DEPI project/anomx/venv/lib/python3.12/site-packages/airflow/example_dags/example_external_task_marker_dag.py for tasks to queue
[2026-06-24T11:54:42.006+0300] {logging_mixin.py:188} INFO - [2026-06-24T11:54:42.004+0300] {dagbag.py:540} INFO - Filling up the DagBag from /media/data/omar/programming course/DEPI/DEPI project/anomx/venv/lib/python3.12/site-packages/airflow/example_dags/example_external_task_marker_dag.py
[2026-06-24T11:54:42.066+0300] {processor.py:840} INFO - DAG(s) 'example_external_task_marker_parent', 'example_external_task_marker_child' retrieved from /media/data/omar/programming course/DEPI/DEPI project/anomx/venv/lib/python3.12/site-packages/airflow/example_dags/example_external_task_marker_dag.py
[2026-06-24T11:54:42.178+0300] {logging_mixin.py:188} INFO - [2026-06-24T11:54:42.176+0300] {dag.py:3096} INFO - Sync 2 DAGs
[2026-06-24T11:54:42.246+0300] {logging_mixin.py:188} INFO - [2026-06-24T11:54:42.239+0300] {dag.py:3954} INFO - Setting next_dagrun for example_external_task_marker_child to None, run_after=None
[2026-06-24T11:54:42.273+0300] {logging_mixin.py:188} INFO - [2026-06-24T11:54:42.270+0300] {dag.py:3954} INFO - Setting next_dagrun for example_external_task_marker_parent to None, run_after=None
[2026-06-24T11:54:42.444+0300] {processor.py:183} INFO - Processing /media/data/omar/programming course/DEPI/DEPI project/anomx/venv/lib/python3.12/site-packages/airflow/example_dags/example_external_task_marker_dag.py took 0.489 seconds
[2026-06-24T11:56:00.889+0300] {processor.py:161} INFO - Started process (PID=12972) to work on /media/data/omar/programming course/DEPI/DEPI project/anomx/venv/lib/python3.12/site-packages/airflow/example_dags/example_external_task_marker_dag.py
[2026-06-24T11:56:00.890+0300] {processor.py:830} INFO - Processing file /media/data/omar/programming course/DEPI/DEPI project/anomx/venv/lib/python3.12/site-packages/airflow/example_dags/example_external_task_marker_dag.py for tasks to queue
[2026-06-24T11:56:00.892+0300] {logging_mixin.py:188} INFO - [2026-06-24T11:56:00.891+0300] {dagbag.py:540} INFO - Filling up the DagBag from /media/data/omar/programming course/DEPI/DEPI project/anomx/venv/lib/python3.12/site-packages/airflow/example_dags/example_external_task_marker_dag.py
[2026-06-24T11:56:00.899+0300] {processor.py:840} INFO - DAG(s) 'example_external_task_marker_child', 'example_external_task_marker_parent' retrieved from /media/data/omar/programming course/DEPI/DEPI project/anomx/venv/lib/python3.12/site-packages/airflow/example_dags/example_external_task_marker_dag.py
[2026-06-24T11:56:00.918+0300] {logging_mixin.py:188} INFO - [2026-06-24T11:56:00.918+0300] {dag.py:3096} INFO - Sync 2 DAGs
[2026-06-24T11:56:00.932+0300] {logging_mixin.py:188} INFO - [2026-06-24T11:56:00.931+0300] {dag.py:3954} INFO - Setting next_dagrun for example_external_task_marker_child to None, run_after=None
[2026-06-24T11:56:00.935+0300] {logging_mixin.py:188} INFO - [2026-06-24T11:56:00.935+0300] {dag.py:3954} INFO - Setting next_dagrun for example_external_task_marker_parent to None, run_after=None
[2026-06-24T11:56:00.964+0300] {processor.py:183} INFO - Processing /media/data/omar/programming course/DEPI/DEPI project/anomx/venv/lib/python3.12/site-packages/airflow/example_dags/example_external_task_marker_dag.py took 0.082 seconds
[2026-06-24T11:56:55.120+0300] {processor.py:161} INFO - Started process (PID=13316) to work on /media/data/omar/programming course/DEPI/DEPI project/anomx/venv/lib/python3.12/site-packages/airflow/example_dags/example_external_task_marker_dag.py
[2026-06-24T11:56:55.121+0300] {processor.py:830} INFO - Processing file /media/data/omar/programming course/DEPI/DEPI project/anomx/venv/lib/python3.12/site-packages/airflow/example_dags/example_external_task_marker_dag.py for tasks to queue
[2026-06-24T11:56:55.123+0300] {logging_mixin.py:188} INFO - [2026-06-24T11:56:55.122+0300] {dagbag.py:540} INFO - Filling up the DagBag from /media/data/omar/programming course/DEPI/DEPI project/anomx/venv/lib/python3.12/site-packages/airflow/example_dags/example_external_task_marker_dag.py
[2026-06-24T11:56:55.128+0300] {processor.py:840} INFO - DAG(s) 'example_external_task_marker_child', 'example_external_task_marker_parent' retrieved from /media/data/omar/programming course/DEPI/DEPI project/anomx/venv/lib/python3.12/site-packages/airflow/example_dags/example_external_task_marker_dag.py
[2026-06-24T11:56:55.144+0300] {logging_mixin.py:188} INFO - [2026-06-24T11:56:55.144+0300] {dag.py:3096} INFO - Sync 2 DAGs
[2026-06-24T11:56:55.154+0300] {logging_mixin.py:188} INFO - [2026-06-24T11:56:55.154+0300] {dag.py:3954} INFO - Setting next_dagrun for example_external_task_marker_child to None, run_after=None
[2026-06-24T11:56:55.157+0300] {logging_mixin.py:188} INFO - [2026-06-24T11:56:55.157+0300] {dag.py:3954} INFO - Setting next_dagrun for example_external_task_marker_parent to None, run_after=None
[2026-06-24T11:56:55.182+0300] {processor.py:183} INFO - Processing /media/data/omar/programming course/DEPI/DEPI project/anomx/venv/lib/python3.12/site-packages/airflow/example_dags/example_external_task_marker_dag.py took 0.066 seconds
[2026-06-24T11:57:48.246+0300] {processor.py:161} INFO - Started process (PID=13864) to work on /media/data/omar/programming course/DEPI/DEPI project/anomx/venv/lib/python3.12/site-packages/airflow/example_dags/example_external_task_marker_dag.py
[2026-06-24T11:57:48.247+0300] {processor.py:830} INFO - Processing file /media/data/omar/programming course/DEPI/DEPI project/anomx/venv/lib/python3.12/site-packages/airflow/example_dags/example_external_task_marker_dag.py for tasks to queue
[2026-06-24T11:57:48.249+0300] {logging_mixin.py:188} INFO - [2026-06-24T11:57:48.249+0300] {dagbag.py:540} INFO - Filling up the DagBag from /media/data/omar/programming course/DEPI/DEPI project/anomx/venv/lib/python3.12/site-packages/airflow/example_dags/example_external_task_marker_dag.py
[2026-06-24T11:57:48.256+0300] {processor.py:840} INFO - DAG(s) 'example_external_task_marker_child', 'example_external_task_marker_parent' retrieved from /media/data/omar/programming course/DEPI/DEPI project/anomx/venv/lib/python3.12/site-packages/airflow/example_dags/example_external_task_marker_dag.py
[2026-06-24T11:57:48.275+0300] {logging_mixin.py:188} INFO - [2026-06-24T11:57:48.275+0300] {dag.py:3096} INFO - Sync 2 DAGs
[2026-06-24T11:57:48.285+0300] {logging_mixin.py:188} INFO - [2026-06-24T11:57:48.285+0300] {dag.py:3954} INFO - Setting next_dagrun for example_external_task_marker_child to None, run_after=None
[2026-06-24T11:57:48.290+0300] {logging_mixin.py:188} INFO - [2026-06-24T11:57:48.289+0300] {dag.py:3954} INFO - Setting next_dagrun for example_external_task_marker_parent to None, run_after=None
[2026-06-24T11:57:48.319+0300] {processor.py:183} INFO - Processing /media/data/omar/programming course/DEPI/DEPI project/anomx/venv/lib/python3.12/site-packages/airflow/example_dags/example_external_task_marker_dag.py took 0.078 seconds
[2026-06-24T12:36:48.995+0300] {processor.py:161} INFO - Started process (PID=28653) to work on /media/data/omar/programming course/DEPI/DEPI project/anomx/venv/lib/python3.12/site-packages/airflow/example_dags/example_external_task_marker_dag.py
[2026-06-24T12:36:48.996+0300] {processor.py:830} INFO - Processing file /media/data/omar/programming course/DEPI/DEPI project/anomx/venv/lib/python3.12/site-packages/airflow/example_dags/example_external_task_marker_dag.py for tasks to queue
[2026-06-24T12:36:48.997+0300] {logging_mixin.py:188} INFO - [2026-06-24T12:36:48.997+0300] {dagbag.py:540} INFO - Filling up the DagBag from /media/data/omar/programming course/DEPI/DEPI project/anomx/venv/lib/python3.12/site-packages/airflow/example_dags/example_external_task_marker_dag.py
[2026-06-24T12:36:49.003+0300] {processor.py:840} INFO - DAG(s) 'example_external_task_marker_parent', 'example_external_task_marker_child' retrieved from /media/data/omar/programming course/DEPI/DEPI project/anomx/venv/lib/python3.12/site-packages/airflow/example_dags/example_external_task_marker_dag.py
[2026-06-24T12:36:49.019+0300] {logging_mixin.py:188} INFO - [2026-06-24T12:36:49.019+0300] {dag.py:3096} INFO - Sync 2 DAGs
[2026-06-24T12:36:49.028+0300] {logging_mixin.py:188} INFO - [2026-06-24T12:36:49.028+0300] {dag.py:3954} INFO - Setting next_dagrun for example_external_task_marker_child to None, run_after=None
[2026-06-24T12:36:49.030+0300] {logging_mixin.py:188} INFO - [2026-06-24T12:36:49.030+0300] {dag.py:3954} INFO - Setting next_dagrun for example_external_task_marker_parent to None, run_after=None
[2026-06-24T12:36:49.056+0300] {processor.py:183} INFO - Processing /media/data/omar/programming course/DEPI/DEPI project/anomx/venv/lib/python3.12/site-packages/airflow/example_dags/example_external_task_marker_dag.py took 0.066 seconds
[2026-06-24T12:37:43.470+0300] {processor.py:161} INFO - Started process (PID=29298) to work on /media/data/omar/programming course/DEPI/DEPI project/anomx/venv/lib/python3.12/site-packages/airflow/example_dags/example_external_task_marker_dag.py
[2026-06-24T12:37:43.471+0300] {processor.py:830} INFO - Processing file /media/data/omar/programming course/DEPI/DEPI project/anomx/venv/lib/python3.12/site-packages/airflow/example_dags/example_external_task_marker_dag.py for tasks to queue
[2026-06-24T12:37:43.472+0300] {logging_mixin.py:188} INFO - [2026-06-24T12:37:43.472+0300] {dagbag.py:540} INFO - Filling up the DagBag from /media/data/omar/programming course/DEPI/DEPI project/anomx/venv/lib/python3.12/site-packages/airflow/example_dags/example_external_task_marker_dag.py
[2026-06-24T12:37:43.477+0300] {processor.py:840} INFO - DAG(s) 'example_external_task_marker_child', 'example_external_task_marker_parent' retrieved from /media/data/omar/programming course/DEPI/DEPI project/anomx/venv/lib/python3.12/site-packages/airflow/example_dags/example_external_task_marker_dag.py
[2026-06-24T12:37:43.494+0300] {logging_mixin.py:188} INFO - [2026-06-24T12:37:43.494+0300] {dag.py:3096} INFO - Sync 2 DAGs
[2026-06-24T12:37:43.503+0300] {logging_mixin.py:188} INFO - [2026-06-24T12:37:43.503+0300] {dag.py:3954} INFO - Setting next_dagrun for example_external_task_marker_child to None, run_after=None
[2026-06-24T12:37:43.506+0300] {logging_mixin.py:188} INFO - [2026-06-24T12:37:43.505+0300] {dag.py:3954} INFO - Setting next_dagrun for example_external_task_marker_parent to None, run_after=None
[2026-06-24T12:37:43.530+0300] {processor.py:183} INFO - Processing /media/data/omar/programming course/DEPI/DEPI project/anomx/venv/lib/python3.12/site-packages/airflow/example_dags/example_external_task_marker_dag.py took 0.065 seconds
[2026-06-24T12:38:34.108+0300] {processor.py:161} INFO - Started process (PID=29953) to work on /media/data/omar/programming course/DEPI/DEPI project/anomx/venv/lib/python3.12/site-packages/airflow/example_dags/example_external_task_marker_dag.py
[2026-06-24T12:38:34.109+0300] {processor.py:830} INFO - Processing file /media/data/omar/programming course/DEPI/DEPI project/anomx/venv/lib/python3.12/site-packages/airflow/example_dags/example_external_task_marker_dag.py for tasks to queue
[2026-06-24T12:38:34.110+0300] {logging_mixin.py:188} INFO - [2026-06-24T12:38:34.109+0300] {dagbag.py:540} INFO - Filling up the DagBag from /media/data/omar/programming course/DEPI/DEPI project/anomx/venv/lib/python3.12/site-packages/airflow/example_dags/example_external_task_marker_dag.py
[2026-06-24T12:38:34.116+0300] {processor.py:840} INFO - DAG(s) 'example_external_task_marker_parent', 'example_external_task_marker_child' retrieved from /media/data/omar/programming course/DEPI/DEPI project/anomx/venv/lib/python3.12/site-packages/airflow/example_dags/example_external_task_marker_dag.py
[2026-06-24T12:38:34.138+0300] {logging_mixin.py:188} INFO - [2026-06-24T12:38:34.137+0300] {dag.py:3096} INFO - Sync 2 DAGs
[2026-06-24T12:38:34.150+0300] {logging_mixin.py:188} INFO - [2026-06-24T12:38:34.150+0300] {dag.py:3954} INFO - Setting next_dagrun for example_external_task_marker_child to None, run_after=None
[2026-06-24T12:38:34.153+0300] {logging_mixin.py:188} INFO - [2026-06-24T12:38:34.153+0300] {dag.py:3954} INFO - Setting next_dagrun for example_external_task_marker_parent to None, run_after=None
[2026-06-24T12:38:34.180+0300] {processor.py:183} INFO - Processing /media/data/omar/programming course/DEPI/DEPI project/anomx/venv/lib/python3.12/site-packages/airflow/example_dags/example_external_task_marker_dag.py took 0.078 seconds
[2026-06-24T12:39:44.784+0300] {processor.py:161} INFO - Started process (PID=30491) to work on /media/data/omar/programming course/DEPI/DEPI project/anomx/venv/lib/python3.12/site-packages/airflow/example_dags/example_external_task_marker_dag.py
[2026-06-24T12:39:44.785+0300] {processor.py:830} INFO - Processing file /media/data/omar/programming course/DEPI/DEPI project/anomx/venv/lib/python3.12/site-packages/airflow/example_dags/example_external_task_marker_dag.py for tasks to queue
[2026-06-24T12:39:44.786+0300] {logging_mixin.py:188} INFO - [2026-06-24T12:39:44.785+0300] {dagbag.py:540} INFO - Filling up the DagBag from /media/data/omar/programming course/DEPI/DEPI project/anomx/venv/lib/python3.12/site-packages/airflow/example_dags/example_external_task_marker_dag.py
[2026-06-24T12:39:44.791+0300] {processor.py:840} INFO - DAG(s) 'example_external_task_marker_child', 'example_external_task_marker_parent' retrieved from /media/data/omar/programming course/DEPI/DEPI project/anomx/venv/lib/python3.12/site-packages/airflow/example_dags/example_external_task_marker_dag.py
[2026-06-24T12:39:44.808+0300] {logging_mixin.py:188} INFO - [2026-06-24T12:39:44.807+0300] {dag.py:3096} INFO - Sync 2 DAGs
[2026-06-24T12:39:44.816+0300] {logging_mixin.py:188} INFO - [2026-06-24T12:39:44.816+0300] {dag.py:3954} INFO - Setting next_dagrun for example_external_task_marker_child to None, run_after=None
[2026-06-24T12:39:44.819+0300] {logging_mixin.py:188} INFO - [2026-06-24T12:39:44.818+0300] {dag.py:3954} INFO - Setting next_dagrun for example_external_task_marker_parent to None, run_after=None
[2026-06-24T12:39:44.846+0300] {processor.py:183} INFO - Processing /media/data/omar/programming course/DEPI/DEPI project/anomx/venv/lib/python3.12/site-packages/airflow/example_dags/example_external_task_marker_dag.py took 0.067 seconds
[2026-06-24T12:40:52.200+0300] {processor.py:161} INFO - Started process (PID=31204) to work on /media/data/omar/programming course/DEPI/DEPI project/anomx/venv/lib/python3.12/site-packages/airflow/example_dags/example_external_task_marker_dag.py
[2026-06-24T12:40:52.201+0300] {processor.py:830} INFO - Processing file /media/data/omar/programming course/DEPI/DEPI project/anomx/venv/lib/python3.12/site-packages/airflow/example_dags/example_external_task_marker_dag.py for tasks to queue
[2026-06-24T12:40:52.202+0300] {logging_mixin.py:188} INFO - [2026-06-24T12:40:52.202+0300] {dagbag.py:540} INFO - Filling up the DagBag from /media/data/omar/programming course/DEPI/DEPI project/anomx/venv/lib/python3.12/site-packages/airflow/example_dags/example_external_task_marker_dag.py
[2026-06-24T12:40:52.211+0300] {processor.py:840} INFO - DAG(s) 'example_external_task_marker_child', 'example_external_task_marker_parent' retrieved from /media/data/omar/programming course/DEPI/DEPI project/anomx/venv/lib/python3.12/site-packages/airflow/example_dags/example_external_task_marker_dag.py
[2026-06-24T12:40:52.232+0300] {logging_mixin.py:188} INFO - [2026-06-24T12:40:52.232+0300] {dag.py:3096} INFO - Sync 2 DAGs
[2026-06-24T12:40:52.241+0300] {logging_mixin.py:188} INFO - [2026-06-24T12:40:52.240+0300] {dag.py:3954} INFO - Setting next_dagrun for example_external_task_marker_child to None, run_after=None
[2026-06-24T12:40:52.243+0300] {logging_mixin.py:188} INFO - [2026-06-24T12:40:52.243+0300] {dag.py:3954} INFO - Setting next_dagrun for example_external_task_marker_parent to None, run_after=None
[2026-06-24T12:40:52.268+0300] {processor.py:183} INFO - Processing /media/data/omar/programming course/DEPI/DEPI project/anomx/venv/lib/python3.12/site-packages/airflow/example_dags/example_external_task_marker_dag.py took 0.075 seconds
[2026-06-24T12:42:05.317+0300] {processor.py:161} INFO - Started process (PID=31962) to work on /media/data/omar/programming course/DEPI/DEPI project/anomx/venv/lib/python3.12/site-packages/airflow/example_dags/example_external_task_marker_dag.py
[2026-06-24T12:42:05.318+0300] {processor.py:830} INFO - Processing file /media/data/omar/programming course/DEPI/DEPI project/anomx/venv/lib/python3.12/site-packages/airflow/example_dags/example_external_task_marker_dag.py for tasks to queue
[2026-06-24T12:42:05.319+0300] {logging_mixin.py:188} INFO - [2026-06-24T12:42:05.319+0300] {dagbag.py:540} INFO - Filling up the DagBag from /media/data/omar/programming course/DEPI/DEPI project/anomx/venv/lib/python3.12/site-packages/airflow/example_dags/example_external_task_marker_dag.py
[2026-06-24T12:42:05.325+0300] {processor.py:840} INFO - DAG(s) 'example_external_task_marker_parent', 'example_external_task_marker_child' retrieved from /media/data/omar/programming course/DEPI/DEPI project/anomx/venv/lib/python3.12/site-packages/airflow/example_dags/example_external_task_marker_dag.py
[2026-06-24T12:42:05.344+0300] {logging_mixin.py:188} INFO - [2026-06-24T12:42:05.344+0300] {dag.py:3096} INFO - Sync 2 DAGs
[2026-06-24T12:42:05.355+0300] {logging_mixin.py:188} INFO - [2026-06-24T12:42:05.354+0300] {dag.py:3954} INFO - Setting next_dagrun for example_external_task_marker_child to None, run_after=None
[2026-06-24T12:42:05.358+0300] {logging_mixin.py:188} INFO - [2026-06-24T12:42:05.358+0300] {dag.py:3954} INFO - Setting next_dagrun for example_external_task_marker_parent to None, run_after=None
[2026-06-24T12:42:05.396+0300] {processor.py:183} INFO - Processing /media/data/omar/programming course/DEPI/DEPI project/anomx/venv/lib/python3.12/site-packages/airflow/example_dags/example_external_task_marker_dag.py took 0.085 seconds
[2026-06-24T12:43:14.250+0300] {processor.py:161} INFO - Started process (PID=32413) to work on /media/data/omar/programming course/DEPI/DEPI project/anomx/venv/lib/python3.12/site-packages/airflow/example_dags/example_external_task_marker_dag.py
[2026-06-24T12:43:14.251+0300] {processor.py:830} INFO - Processing file /media/data/omar/programming course/DEPI/DEPI project/anomx/venv/lib/python3.12/site-packages/airflow/example_dags/example_external_task_marker_dag.py for tasks to queue
[2026-06-24T12:43:14.252+0300] {logging_mixin.py:188} INFO - [2026-06-24T12:43:14.251+0300] {dagbag.py:540} INFO - Filling up the DagBag from /media/data/omar/programming course/DEPI/DEPI project/anomx/venv/lib/python3.12/site-packages/airflow/example_dags/example_external_task_marker_dag.py
[2026-06-24T12:43:14.257+0300] {processor.py:840} INFO - DAG(s) 'example_external_task_marker_child', 'example_external_task_marker_parent' retrieved from /media/data/omar/programming course/DEPI/DEPI project/anomx/venv/lib/python3.12/site-packages/airflow/example_dags/example_external_task_marker_dag.py
[2026-06-24T12:43:14.273+0300] {logging_mixin.py:188} INFO - [2026-06-24T12:43:14.273+0300] {dag.py:3096} INFO - Sync 2 DAGs
[2026-06-24T12:43:14.281+0300] {logging_mixin.py:188} INFO - [2026-06-24T12:43:14.281+0300] {dag.py:3954} INFO - Setting next_dagrun for example_external_task_marker_child to None, run_after=None
[2026-06-24T12:43:14.283+0300] {logging_mixin.py:188} INFO - [2026-06-24T12:43:14.283+0300] {dag.py:3954} INFO - Setting next_dagrun for example_external_task_marker_parent to None, run_after=None
[2026-06-24T12:43:14.312+0300] {processor.py:183} INFO - Processing /media/data/omar/programming course/DEPI/DEPI project/anomx/venv/lib/python3.12/site-packages/airflow/example_dags/example_external_task_marker_dag.py took 0.067 seconds
[2026-06-24T12:44:07.596+0300] {processor.py:161} INFO - Started process (PID=33046) to work on /media/data/omar/programming course/DEPI/DEPI project/anomx/venv/lib/python3.12/site-packages/airflow/example_dags/example_external_task_marker_dag.py
[2026-06-24T12:44:07.597+0300] {processor.py:830} INFO - Processing file /media/data/omar/programming course/DEPI/DEPI project/anomx/venv/lib/python3.12/site-packages/airflow/example_dags/example_external_task_marker_dag.py for tasks to queue
[2026-06-24T12:44:07.599+0300] {logging_mixin.py:188} INFO - [2026-06-24T12:44:07.598+0300] {dagbag.py:540} INFO - Filling up the DagBag from /media/data/omar/programming course/DEPI/DEPI project/anomx/venv/lib/python3.12/site-packages/airflow/example_dags/example_external_task_marker_dag.py
[2026-06-24T12:44:07.607+0300] {processor.py:840} INFO - DAG(s) 'example_external_task_marker_child', 'example_external_task_marker_parent' retrieved from /media/data/omar/programming course/DEPI/DEPI project/anomx/venv/lib/python3.12/site-packages/airflow/example_dags/example_external_task_marker_dag.py
[2026-06-24T12:44:07.632+0300] {logging_mixin.py:188} INFO - [2026-06-24T12:44:07.632+0300] {dag.py:3096} INFO - Sync 2 DAGs
[2026-06-24T12:44:07.641+0300] {logging_mixin.py:188} INFO - [2026-06-24T12:44:07.640+0300] {dag.py:3954} INFO - Setting next_dagrun for example_external_task_marker_child to None, run_after=None
[2026-06-24T12:44:07.644+0300] {logging_mixin.py:188} INFO - [2026-06-24T12:44:07.643+0300] {dag.py:3954} INFO - Setting next_dagrun for example_external_task_marker_parent to None, run_after=None
[2026-06-24T12:44:07.669+0300] {processor.py:183} INFO - Processing /media/data/omar/programming course/DEPI/DEPI project/anomx/venv/lib/python3.12/site-packages/airflow/example_dags/example_external_task_marker_dag.py took 0.080 seconds
[2026-06-24T12:44:58.630+0300] {processor.py:161} INFO - Started process (PID=33361) to work on /media/data/omar/programming course/DEPI/DEPI project/anomx/venv/lib/python3.12/site-packages/airflow/example_dags/example_external_task_marker_dag.py
[2026-06-24T12:44:58.631+0300] {processor.py:830} INFO - Processing file /media/data/omar/programming course/DEPI/DEPI project/anomx/venv/lib/python3.12/site-packages/airflow/example_dags/example_external_task_marker_dag.py for tasks to queue
[2026-06-24T12:44:58.632+0300] {logging_mixin.py:188} INFO - [2026-06-24T12:44:58.631+0300] {dagbag.py:540} INFO - Filling up the DagBag from /media/data/omar/programming course/DEPI/DEPI project/anomx/venv/lib/python3.12/site-packages/airflow/example_dags/example_external_task_marker_dag.py
[2026-06-24T12:44:58.637+0300] {processor.py:840} INFO - DAG(s) 'example_external_task_marker_child', 'example_external_task_marker_parent' retrieved from /media/data/omar/programming course/DEPI/DEPI project/anomx/venv/lib/python3.12/site-packages/airflow/example_dags/example_external_task_marker_dag.py
[2026-06-24T12:44:58.654+0300] {logging_mixin.py:188} INFO - [2026-06-24T12:44:58.654+0300] {dag.py:3096} INFO - Sync 2 DAGs
[2026-06-24T12:44:58.663+0300] {logging_mixin.py:188} INFO - [2026-06-24T12:44:58.663+0300] {dag.py:3954} INFO - Setting next_dagrun for example_external_task_marker_child to None, run_after=None
[2026-06-24T12:44:58.666+0300] {logging_mixin.py:188} INFO - [2026-06-24T12:44:58.666+0300] {dag.py:3954} INFO - Setting next_dagrun for example_external_task_marker_parent to None, run_after=None
[2026-06-24T12:44:58.692+0300] {processor.py:183} INFO - Processing /media/data/omar/programming course/DEPI/DEPI project/anomx/venv/lib/python3.12/site-packages/airflow/example_dags/example_external_task_marker_dag.py took 0.066 seconds
[2026-06-24T12:45:49.726+0300] {processor.py:161} INFO - Started process (PID=33997) to work on /media/data/omar/programming course/DEPI/DEPI project/anomx/venv/lib/python3.12/site-packages/airflow/example_dags/example_external_task_marker_dag.py
[2026-06-24T12:45:49.728+0300] {processor.py:830} INFO - Processing file /media/data/omar/programming course/DEPI/DEPI project/anomx/venv/lib/python3.12/site-packages/airflow/example_dags/example_external_task_marker_dag.py for tasks to queue
[2026-06-24T12:45:49.731+0300] {logging_mixin.py:188} INFO - [2026-06-24T12:45:49.730+0300] {dagbag.py:540} INFO - Filling up the DagBag from /media/data/omar/programming course/DEPI/DEPI project/anomx/venv/lib/python3.12/site-packages/airflow/example_dags/example_external_task_marker_dag.py
[2026-06-24T12:45:49.743+0300] {processor.py:840} INFO - DAG(s) 'example_external_task_marker_child', 'example_external_task_marker_parent' retrieved from /media/data/omar/programming course/DEPI/DEPI project/anomx/venv/lib/python3.12/site-packages/airflow/example_dags/example_external_task_marker_dag.py
[2026-06-24T12:45:49.763+0300] {logging_mixin.py:188} INFO - [2026-06-24T12:45:49.763+0300] {dag.py:3096} INFO - Sync 2 DAGs
[2026-06-24T12:45:49.771+0300] {logging_mixin.py:188} INFO - [2026-06-24T12:45:49.771+0300] {dag.py:3954} INFO - Setting next_dagrun for example_external_task_marker_child to None, run_after=None
[2026-06-24T12:45:49.773+0300] {logging_mixin.py:188} INFO - [2026-06-24T12:45:49.773+0300] {dag.py:3954} INFO - Setting next_dagrun for example_external_task_marker_parent to None, run_after=None
[2026-06-24T12:45:49.797+0300] {processor.py:183} INFO - Processing /media/data/omar/programming course/DEPI/DEPI project/anomx/venv/lib/python3.12/site-packages/airflow/example_dags/example_external_task_marker_dag.py took 0.087 seconds
[2026-06-24T12:46:39.043+0300] {processor.py:161} INFO - Started process (PID=34303) to work on /media/data/omar/programming course/DEPI/DEPI project/anomx/venv/lib/python3.12/site-packages/airflow/example_dags/example_external_task_marker_dag.py
[2026-06-24T12:46:39.044+0300] {processor.py:830} INFO - Processing file /media/data/omar/programming course/DEPI/DEPI project/anomx/venv/lib/python3.12/site-packages/airflow/example_dags/example_external_task_marker_dag.py for tasks to queue
[2026-06-24T12:46:39.045+0300] {logging_mixin.py:188} INFO - [2026-06-24T12:46:39.044+0300] {dagbag.py:540} INFO - Filling up the DagBag from /media/data/omar/programming course/DEPI/DEPI project/anomx/venv/lib/python3.12/site-packages/airflow/example_dags/example_external_task_marker_dag.py
[2026-06-24T12:46:39.052+0300] {processor.py:840} INFO - DAG(s) 'example_external_task_marker_child', 'example_external_task_marker_parent' retrieved from /media/data/omar/programming course/DEPI/DEPI project/anomx/venv/lib/python3.12/site-packages/airflow/example_dags/example_external_task_marker_dag.py
[2026-06-24T12:46:39.070+0300] {logging_mixin.py:188} INFO - [2026-06-24T12:46:39.069+0300] {dag.py:3096} INFO - Sync 2 DAGs
[2026-06-24T12:46:39.080+0300] {logging_mixin.py:188} INFO - [2026-06-24T12:46:39.079+0300] {dag.py:3954} INFO - Setting next_dagrun for example_external_task_marker_child to None, run_after=None
[2026-06-24T12:46:39.082+0300] {logging_mixin.py:188} INFO - [2026-06-24T12:46:39.082+0300] {dag.py:3954} INFO - Setting next_dagrun for example_external_task_marker_parent to None, run_after=None
[2026-06-24T12:46:39.111+0300] {processor.py:183} INFO - Processing /media/data/omar/programming course/DEPI/DEPI project/anomx/venv/lib/python3.12/site-packages/airflow/example_dags/example_external_task_marker_dag.py took 0.073 seconds
[2026-06-24T12:47:57.402+0300] {processor.py:161} INFO - Started process (PID=35116) to work on /media/data/omar/programming course/DEPI/DEPI project/anomx/venv/lib/python3.12/site-packages/airflow/example_dags/example_external_task_marker_dag.py
[2026-06-24T12:47:57.403+0300] {processor.py:830} INFO - Processing file /media/data/omar/programming course/DEPI/DEPI project/anomx/venv/lib/python3.12/site-packages/airflow/example_dags/example_external_task_marker_dag.py for tasks to queue
[2026-06-24T12:47:57.404+0300] {logging_mixin.py:188} INFO - [2026-06-24T12:47:57.403+0300] {dagbag.py:540} INFO - Filling up the DagBag from /media/data/omar/programming course/DEPI/DEPI project/anomx/venv/lib/python3.12/site-packages/airflow/example_dags/example_external_task_marker_dag.py
[2026-06-24T12:47:57.410+0300] {processor.py:840} INFO - DAG(s) 'example_external_task_marker_child', 'example_external_task_marker_parent' retrieved from /media/data/omar/programming course/DEPI/DEPI project/anomx/venv/lib/python3.12/site-packages/airflow/example_dags/example_external_task_marker_dag.py
[2026-06-24T12:47:57.430+0300] {logging_mixin.py:188} INFO - [2026-06-24T12:47:57.430+0300] {dag.py:3096} INFO - Sync 2 DAGs
[2026-06-24T12:47:57.440+0300] {logging_mixin.py:188} INFO - [2026-06-24T12:47:57.440+0300] {dag.py:3954} INFO - Setting next_dagrun for example_external_task_marker_child to None, run_after=None
[2026-06-24T12:47:57.443+0300] {logging_mixin.py:188} INFO - [2026-06-24T12:47:57.443+0300] {dag.py:3954} INFO - Setting next_dagrun for example_external_task_marker_parent to None, run_after=None
[2026-06-24T12:47:57.470+0300] {processor.py:183} INFO - Processing /media/data/omar/programming course/DEPI/DEPI project/anomx/venv/lib/python3.12/site-packages/airflow/example_dags/example_external_task_marker_dag.py took 0.074 seconds
[2026-06-24T12:48:50.885+0300] {processor.py:161} INFO - Started process (PID=35710) to work on /media/data/omar/programming course/DEPI/DEPI project/anomx/venv/lib/python3.12/site-packages/airflow/example_dags/example_external_task_marker_dag.py
[2026-06-24T12:48:50.886+0300] {processor.py:830} INFO - Processing file /media/data/omar/programming course/DEPI/DEPI project/anomx/venv/lib/python3.12/site-packages/airflow/example_dags/example_external_task_marker_dag.py for tasks to queue
[2026-06-24T12:48:50.888+0300] {logging_mixin.py:188} INFO - [2026-06-24T12:48:50.887+0300] {dagbag.py:540} INFO - Filling up the DagBag from /media/data/omar/programming course/DEPI/DEPI project/anomx/venv/lib/python3.12/site-packages/airflow/example_dags/example_external_task_marker_dag.py
[2026-06-24T12:48:50.895+0300] {processor.py:840} INFO - DAG(s) 'example_external_task_marker_parent', 'example_external_task_marker_child' retrieved from /media/data/omar/programming course/DEPI/DEPI project/anomx/venv/lib/python3.12/site-packages/airflow/example_dags/example_external_task_marker_dag.py
[2026-06-24T12:48:50.920+0300] {logging_mixin.py:188} INFO - [2026-06-24T12:48:50.920+0300] {dag.py:3096} INFO - Sync 2 DAGs
[2026-06-24T12:48:50.936+0300] {logging_mixin.py:188} INFO - [2026-06-24T12:48:50.935+0300] {dag.py:3954} INFO - Setting next_dagrun for example_external_task_marker_child to None, run_after=None
[2026-06-24T12:48:50.940+0300] {logging_mixin.py:188} INFO - [2026-06-24T12:48:50.939+0300] {dag.py:3954} INFO - Setting next_dagrun for example_external_task_marker_parent to None, run_after=None
[2026-06-24T12:48:50.973+0300] {processor.py:183} INFO - Processing /media/data/omar/programming course/DEPI/DEPI project/anomx/venv/lib/python3.12/site-packages/airflow/example_dags/example_external_task_marker_dag.py took 0.096 seconds
[2026-06-24T12:49:44.363+0300] {processor.py:161} INFO - Started process (PID=36037) to work on /media/data/omar/programming course/DEPI/DEPI project/anomx/venv/lib/python3.12/site-packages/airflow/example_dags/example_external_task_marker_dag.py
[2026-06-24T12:49:44.364+0300] {processor.py:830} INFO - Processing file /media/data/omar/programming course/DEPI/DEPI project/anomx/venv/lib/python3.12/site-packages/airflow/example_dags/example_external_task_marker_dag.py for tasks to queue
[2026-06-24T12:49:44.365+0300] {logging_mixin.py:188} INFO - [2026-06-24T12:49:44.365+0300] {dagbag.py:540} INFO - Filling up the DagBag from /media/data/omar/programming course/DEPI/DEPI project/anomx/venv/lib/python3.12/site-packages/airflow/example_dags/example_external_task_marker_dag.py
[2026-06-24T12:49:44.375+0300] {processor.py:840} INFO - DAG(s) 'example_external_task_marker_parent', 'example_external_task_marker_child' retrieved from /media/data/omar/programming course/DEPI/DEPI project/anomx/venv/lib/python3.12/site-packages/airflow/example_dags/example_external_task_marker_dag.py
[2026-06-24T12:49:44.406+0300] {logging_mixin.py:188} INFO - [2026-06-24T12:49:44.406+0300] {dag.py:3096} INFO - Sync 2 DAGs
[2026-06-24T12:49:44.417+0300] {logging_mixin.py:188} INFO - [2026-06-24T12:49:44.416+0300] {dag.py:3954} INFO - Setting next_dagrun for example_external_task_marker_child to None, run_after=None
[2026-06-24T12:49:44.420+0300] {logging_mixin.py:188} INFO - [2026-06-24T12:49:44.419+0300] {dag.py:3954} INFO - Setting next_dagrun for example_external_task_marker_parent to None, run_after=None
[2026-06-24T12:49:44.453+0300] {processor.py:183} INFO - Processing /media/data/omar/programming course/DEPI/DEPI project/anomx/venv/lib/python3.12/site-packages/airflow/example_dags/example_external_task_marker_dag.py took 0.099 seconds
[2026-06-24T12:50:38.922+0300] {processor.py:161} INFO - Started process (PID=36698) to work on /media/data/omar/programming course/DEPI/DEPI project/anomx/venv/lib/python3.12/site-packages/airflow/example_dags/example_external_task_marker_dag.py
[2026-06-24T12:50:38.923+0300] {processor.py:830} INFO - Processing file /media/data/omar/programming course/DEPI/DEPI project/anomx/venv/lib/python3.12/site-packages/airflow/example_dags/example_external_task_marker_dag.py for tasks to queue
[2026-06-24T12:50:38.925+0300] {logging_mixin.py:188} INFO - [2026-06-24T12:50:38.924+0300] {dagbag.py:540} INFO - Filling up the DagBag from /media/data/omar/programming course/DEPI/DEPI project/anomx/venv/lib/python3.12/site-packages/airflow/example_dags/example_external_task_marker_dag.py
[2026-06-24T12:50:38.932+0300] {processor.py:840} INFO - DAG(s) 'example_external_task_marker_child', 'example_external_task_marker_parent' retrieved from /media/data/omar/programming course/DEPI/DEPI project/anomx/venv/lib/python3.12/site-packages/airflow/example_dags/example_external_task_marker_dag.py
[2026-06-24T12:50:38.953+0300] {logging_mixin.py:188} INFO - [2026-06-24T12:50:38.953+0300] {dag.py:3096} INFO - Sync 2 DAGs
[2026-06-24T12:50:38.963+0300] {logging_mixin.py:188} INFO - [2026-06-24T12:50:38.963+0300] {dag.py:3954} INFO - Setting next_dagrun for example_external_task_marker_child to None, run_after=None
[2026-06-24T12:50:38.967+0300] {logging_mixin.py:188} INFO - [2026-06-24T12:50:38.966+0300] {dag.py:3954} INFO - Setting next_dagrun for example_external_task_marker_parent to None, run_after=None
[2026-06-24T12:50:38.997+0300] {processor.py:183} INFO - Processing /media/data/omar/programming course/DEPI/DEPI project/anomx/venv/lib/python3.12/site-packages/airflow/example_dags/example_external_task_marker_dag.py took 0.084 seconds
[2026-06-24T12:51:32.134+0300] {processor.py:161} INFO - Started process (PID=37072) to work on /media/data/omar/programming course/DEPI/DEPI project/anomx/venv/lib/python3.12/site-packages/airflow/example_dags/example_external_task_marker_dag.py
[2026-06-24T12:51:32.137+0300] {processor.py:830} INFO - Processing file /media/data/omar/programming course/DEPI/DEPI project/anomx/venv/lib/python3.12/site-packages/airflow/example_dags/example_external_task_marker_dag.py for tasks to queue
[2026-06-24T12:51:32.139+0300] {logging_mixin.py:188} INFO - [2026-06-24T12:51:32.138+0300] {dagbag.py:540} INFO - Filling up the DagBag from /media/data/omar/programming course/DEPI/DEPI project/anomx/venv/lib/python3.12/site-packages/airflow/example_dags/example_external_task_marker_dag.py
[2026-06-24T12:51:32.152+0300] {processor.py:840} INFO - DAG(s) 'example_external_task_marker_parent', 'example_external_task_marker_child' retrieved from /media/data/omar/programming course/DEPI/DEPI project/anomx/venv/lib/python3.12/site-packages/airflow/example_dags/example_external_task_marker_dag.py
[2026-06-24T12:51:32.177+0300] {logging_mixin.py:188} INFO - [2026-06-24T12:51:32.177+0300] {dag.py:3096} INFO - Sync 2 DAGs
[2026-06-24T12:51:32.187+0300] {logging_mixin.py:188} INFO - [2026-06-24T12:51:32.187+0300] {dag.py:3954} INFO - Setting next_dagrun for example_external_task_marker_child to None, run_after=None
[2026-06-24T12:51:32.190+0300] {logging_mixin.py:188} INFO - [2026-06-24T12:51:32.190+0300] {dag.py:3954} INFO - Setting next_dagrun for example_external_task_marker_parent to None, run_after=None
[2026-06-24T12:51:32.219+0300] {processor.py:183} INFO - Processing /media/data/omar/programming course/DEPI/DEPI project/anomx/venv/lib/python3.12/site-packages/airflow/example_dags/example_external_task_marker_dag.py took 0.096 seconds
[2026-06-24T12:52:24.296+0300] {processor.py:161} INFO - Started process (PID=37639) to work on /media/data/omar/programming course/DEPI/DEPI project/anomx/venv/lib/python3.12/site-packages/airflow/example_dags/example_external_task_marker_dag.py
[2026-06-24T12:52:24.298+0300] {processor.py:830} INFO - Processing file /media/data/omar/programming course/DEPI/DEPI project/anomx/venv/lib/python3.12/site-packages/airflow/example_dags/example_external_task_marker_dag.py for tasks to queue
[2026-06-24T12:52:24.299+0300] {logging_mixin.py:188} INFO - [2026-06-24T12:52:24.299+0300] {dagbag.py:540} INFO - Filling up the DagBag from /media/data/omar/programming course/DEPI/DEPI project/anomx/venv/lib/python3.12/site-packages/airflow/example_dags/example_external_task_marker_dag.py
[2026-06-24T12:52:24.308+0300] {processor.py:840} INFO - DAG(s) 'example_external_task_marker_parent', 'example_external_task_marker_child' retrieved from /media/data/omar/programming course/DEPI/DEPI project/anomx/venv/lib/python3.12/site-packages/airflow/example_dags/example_external_task_marker_dag.py
[2026-06-24T12:52:24.336+0300] {logging_mixin.py:188} INFO - [2026-06-24T12:52:24.336+0300] {dag.py:3096} INFO - Sync 2 DAGs
[2026-06-24T12:52:24.349+0300] {logging_mixin.py:188} INFO - [2026-06-24T12:52:24.348+0300] {dag.py:3954} INFO - Setting next_dagrun for example_external_task_marker_child to None, run_after=None
[2026-06-24T12:52:24.351+0300] {logging_mixin.py:188} INFO - [2026-06-24T12:52:24.351+0300] {dag.py:3954} INFO - Setting next_dagrun for example_external_task_marker_parent to None, run_after=None
[2026-06-24T12:52:24.382+0300] {processor.py:183} INFO - Processing /media/data/omar/programming course/DEPI/DEPI project/anomx/venv/lib/python3.12/site-packages/airflow/example_dags/example_external_task_marker_dag.py took 0.095 seconds
[2026-06-24T12:53:14.104+0300] {processor.py:161} INFO - Started process (PID=38017) to work on /media/data/omar/programming course/DEPI/DEPI project/anomx/venv/lib/python3.12/site-packages/airflow/example_dags/example_external_task_marker_dag.py
[2026-06-24T12:53:14.105+0300] {processor.py:830} INFO - Processing file /media/data/omar/programming course/DEPI/DEPI project/anomx/venv/lib/python3.12/site-packages/airflow/example_dags/example_external_task_marker_dag.py for tasks to queue
[2026-06-24T12:53:14.106+0300] {logging_mixin.py:188} INFO - [2026-06-24T12:53:14.105+0300] {dagbag.py:540} INFO - Filling up the DagBag from /media/data/omar/programming course/DEPI/DEPI project/anomx/venv/lib/python3.12/site-packages/airflow/example_dags/example_external_task_marker_dag.py
[2026-06-24T12:53:14.112+0300] {processor.py:840} INFO - DAG(s) 'example_external_task_marker_parent', 'example_external_task_marker_child' retrieved from /media/data/omar/programming course/DEPI/DEPI project/anomx/venv/lib/python3.12/site-packages/airflow/example_dags/example_external_task_marker_dag.py
[2026-06-24T12:53:14.134+0300] {logging_mixin.py:188} INFO - [2026-06-24T12:53:14.134+0300] {dag.py:3096} INFO - Sync 2 DAGs
[2026-06-24T12:53:14.146+0300] {logging_mixin.py:188} INFO - [2026-06-24T12:53:14.146+0300] {dag.py:3954} INFO - Setting next_dagrun for example_external_task_marker_child to None, run_after=None
[2026-06-24T12:53:14.151+0300] {logging_mixin.py:188} INFO - [2026-06-24T12:53:14.151+0300] {dag.py:3954} INFO - Setting next_dagrun for example_external_task_marker_parent to None, run_after=None
[2026-06-24T12:53:14.192+0300] {processor.py:183} INFO - Processing /media/data/omar/programming course/DEPI/DEPI project/anomx/venv/lib/python3.12/site-packages/airflow/example_dags/example_external_task_marker_dag.py took 0.095 seconds
[2026-06-24T12:54:05.888+0300] {processor.py:161} INFO - Started process (PID=38555) to work on /media/data/omar/programming course/DEPI/DEPI project/anomx/venv/lib/python3.12/site-packages/airflow/example_dags/example_external_task_marker_dag.py
[2026-06-24T12:54:05.888+0300] {processor.py:830} INFO - Processing file /media/data/omar/programming course/DEPI/DEPI project/anomx/venv/lib/python3.12/site-packages/airflow/example_dags/example_external_task_marker_dag.py for tasks to queue
[2026-06-24T12:54:05.889+0300] {logging_mixin.py:188} INFO - [2026-06-24T12:54:05.889+0300] {dagbag.py:540} INFO - Filling up the DagBag from /media/data/omar/programming course/DEPI/DEPI project/anomx/venv/lib/python3.12/site-packages/airflow/example_dags/example_external_task_marker_dag.py
[2026-06-24T12:54:05.895+0300] {processor.py:840} INFO - DAG(s) 'example_external_task_marker_child', 'example_external_task_marker_parent' retrieved from /media/data/omar/programming course/DEPI/DEPI project/anomx/venv/lib/python3.12/site-packages/airflow/example_dags/example_external_task_marker_dag.py
[2026-06-24T12:54:05.912+0300] {logging_mixin.py:188} INFO - [2026-06-24T12:54:05.912+0300] {dag.py:3096} INFO - Sync 2 DAGs
[2026-06-24T12:54:05.921+0300] {logging_mixin.py:188} INFO - [2026-06-24T12:54:05.920+0300] {dag.py:3954} INFO - Setting next_dagrun for example_external_task_marker_child to None, run_after=None
[2026-06-24T12:54:05.925+0300] {logging_mixin.py:188} INFO - [2026-06-24T12:54:05.924+0300] {dag.py:3954} INFO - Setting next_dagrun for example_external_task_marker_parent to None, run_after=None
[2026-06-24T12:54:05.951+0300] {processor.py:183} INFO - Processing /media/data/omar/programming course/DEPI/DEPI project/anomx/venv/lib/python3.12/site-packages/airflow/example_dags/example_external_task_marker_dag.py took 0.068 seconds
[2026-06-24T12:55:01.837+0300] {processor.py:161} INFO - Started process (PID=38973) to work on /media/data/omar/programming course/DEPI/DEPI project/anomx/venv/lib/python3.12/site-packages/airflow/example_dags/example_external_task_marker_dag.py
[2026-06-24T12:55:01.838+0300] {processor.py:830} INFO - Processing file /media/data/omar/programming course/DEPI/DEPI project/anomx/venv/lib/python3.12/site-packages/airflow/example_dags/example_external_task_marker_dag.py for tasks to queue
[2026-06-24T12:55:01.839+0300] {logging_mixin.py:188} INFO - [2026-06-24T12:55:01.839+0300] {dagbag.py:540} INFO - Filling up the DagBag from /media/data/omar/programming course/DEPI/DEPI project/anomx/venv/lib/python3.12/site-packages/airflow/example_dags/example_external_task_marker_dag.py
[2026-06-24T12:55:01.845+0300] {processor.py:840} INFO - DAG(s) 'example_external_task_marker_parent', 'example_external_task_marker_child' retrieved from /media/data/omar/programming course/DEPI/DEPI project/anomx/venv/lib/python3.12/site-packages/airflow/example_dags/example_external_task_marker_dag.py
[2026-06-24T12:55:01.862+0300] {logging_mixin.py:188} INFO - [2026-06-24T12:55:01.862+0300] {dag.py:3096} INFO - Sync 2 DAGs
[2026-06-24T12:55:01.871+0300] {logging_mixin.py:188} INFO - [2026-06-24T12:55:01.870+0300] {dag.py:3954} INFO - Setting next_dagrun for example_external_task_marker_child to None, run_after=None
[2026-06-24T12:55:01.873+0300] {logging_mixin.py:188} INFO - [2026-06-24T12:55:01.873+0300] {dag.py:3954} INFO - Setting next_dagrun for example_external_task_marker_parent to None, run_after=None
[2026-06-24T12:55:01.901+0300] {processor.py:183} INFO - Processing /media/data/omar/programming course/DEPI/DEPI project/anomx/venv/lib/python3.12/site-packages/airflow/example_dags/example_external_task_marker_dag.py took 0.070 seconds
[2026-06-24T12:56:04.475+0300] {processor.py:161} INFO - Started process (PID=39595) to work on /media/data/omar/programming course/DEPI/DEPI project/anomx/venv/lib/python3.12/site-packages/airflow/example_dags/example_external_task_marker_dag.py
[2026-06-24T12:56:04.477+0300] {processor.py:830} INFO - Processing file /media/data/omar/programming course/DEPI/DEPI project/anomx/venv/lib/python3.12/site-packages/airflow/example_dags/example_external_task_marker_dag.py for tasks to queue
[2026-06-24T12:56:04.483+0300] {logging_mixin.py:188} INFO - [2026-06-24T12:56:04.481+0300] {dagbag.py:540} INFO - Filling up the DagBag from /media/data/omar/programming course/DEPI/DEPI project/anomx/venv/lib/python3.12/site-packages/airflow/example_dags/example_external_task_marker_dag.py
[2026-06-24T12:56:04.498+0300] {processor.py:840} INFO - DAG(s) 'example_external_task_marker_child', 'example_external_task_marker_parent' retrieved from /media/data/omar/programming course/DEPI/DEPI project/anomx/venv/lib/python3.12/site-packages/airflow/example_dags/example_external_task_marker_dag.py
[2026-06-24T12:56:04.569+0300] {logging_mixin.py:188} INFO - [2026-06-24T12:56:04.569+0300] {dag.py:3096} INFO - Sync 2 DAGs
[2026-06-24T12:56:04.605+0300] {logging_mixin.py:188} INFO - [2026-06-24T12:56:04.603+0300] {dag.py:3954} INFO - Setting next_dagrun for example_external_task_marker_child to None, run_after=None
[2026-06-24T12:56:04.616+0300] {logging_mixin.py:188} INFO - [2026-06-24T12:56:04.615+0300] {dag.py:3954} INFO - Setting next_dagrun for example_external_task_marker_parent to None, run_after=None
[2026-06-24T12:56:04.692+0300] {processor.py:183} INFO - Processing /media/data/omar/programming course/DEPI/DEPI project/anomx/venv/lib/python3.12/site-packages/airflow/example_dags/example_external_task_marker_dag.py took 0.238 seconds
[2026-06-24T12:57:10.417+0300] {processor.py:161} INFO - Started process (PID=40013) to work on /media/data/omar/programming course/DEPI/DEPI project/anomx/venv/lib/python3.12/site-packages/airflow/example_dags/example_external_task_marker_dag.py
[2026-06-24T12:57:10.418+0300] {processor.py:830} INFO - Processing file /media/data/omar/programming course/DEPI/DEPI project/anomx/venv/lib/python3.12/site-packages/airflow/example_dags/example_external_task_marker_dag.py for tasks to queue
[2026-06-24T12:57:10.419+0300] {logging_mixin.py:188} INFO - [2026-06-24T12:57:10.419+0300] {dagbag.py:540} INFO - Filling up the DagBag from /media/data/omar/programming course/DEPI/DEPI project/anomx/venv/lib/python3.12/site-packages/airflow/example_dags/example_external_task_marker_dag.py
[2026-06-24T12:57:10.426+0300] {processor.py:840} INFO - DAG(s) 'example_external_task_marker_parent', 'example_external_task_marker_child' retrieved from /media/data/omar/programming course/DEPI/DEPI project/anomx/venv/lib/python3.12/site-packages/airflow/example_dags/example_external_task_marker_dag.py
[2026-06-24T12:57:10.445+0300] {logging_mixin.py:188} INFO - [2026-06-24T12:57:10.445+0300] {dag.py:3096} INFO - Sync 2 DAGs
[2026-06-24T12:57:10.454+0300] {logging_mixin.py:188} INFO - [2026-06-24T12:57:10.454+0300] {dag.py:3954} INFO - Setting next_dagrun for example_external_task_marker_child to None, run_after=None
[2026-06-24T12:57:10.457+0300] {logging_mixin.py:188} INFO - [2026-06-24T12:57:10.457+0300] {dag.py:3954} INFO - Setting next_dagrun for example_external_task_marker_parent to None, run_after=None
[2026-06-24T12:57:10.497+0300] {processor.py:183} INFO - Processing /media/data/omar/programming course/DEPI/DEPI project/anomx/venv/lib/python3.12/site-packages/airflow/example_dags/example_external_task_marker_dag.py took 0.085 seconds
[2026-06-24T12:58:02.561+0300] {processor.py:161} INFO - Started process (PID=40573) to work on /media/data/omar/programming course/DEPI/DEPI project/anomx/venv/lib/python3.12/site-packages/airflow/example_dags/example_external_task_marker_dag.py
[2026-06-24T12:58:02.562+0300] {processor.py:830} INFO - Processing file /media/data/omar/programming course/DEPI/DEPI project/anomx/venv/lib/python3.12/site-packages/airflow/example_dags/example_external_task_marker_dag.py for tasks to queue
[2026-06-24T12:58:02.563+0300] {logging_mixin.py:188} INFO - [2026-06-24T12:58:02.563+0300] {dagbag.py:540} INFO - Filling up the DagBag from /media/data/omar/programming course/DEPI/DEPI project/anomx/venv/lib/python3.12/site-packages/airflow/example_dags/example_external_task_marker_dag.py
[2026-06-24T12:58:02.572+0300] {processor.py:840} INFO - DAG(s) 'example_external_task_marker_child', 'example_external_task_marker_parent' retrieved from /media/data/omar/programming course/DEPI/DEPI project/anomx/venv/lib/python3.12/site-packages/airflow/example_dags/example_external_task_marker_dag.py
[2026-06-24T12:58:02.601+0300] {logging_mixin.py:188} INFO - [2026-06-24T12:58:02.600+0300] {dag.py:3096} INFO - Sync 2 DAGs
[2026-06-24T12:58:02.610+0300] {logging_mixin.py:188} INFO - [2026-06-24T12:58:02.610+0300] {dag.py:3954} INFO - Setting next_dagrun for example_external_task_marker_child to None, run_after=None
[2026-06-24T12:58:02.613+0300] {logging_mixin.py:188} INFO - [2026-06-24T12:58:02.613+0300] {dag.py:3954} INFO - Setting next_dagrun for example_external_task_marker_parent to None, run_after=None
[2026-06-24T12:58:02.641+0300] {processor.py:183} INFO - Processing /media/data/omar/programming course/DEPI/DEPI project/anomx/venv/lib/python3.12/site-packages/airflow/example_dags/example_external_task_marker_dag.py took 0.088 seconds
[2026-06-24T12:58:55.141+0300] {processor.py:161} INFO - Started process (PID=40943) to work on /media/data/omar/programming course/DEPI/DEPI project/anomx/venv/lib/python3.12/site-packages/airflow/example_dags/example_external_task_marker_dag.py
[2026-06-24T12:58:55.142+0300] {processor.py:830} INFO - Processing file /media/data/omar/programming course/DEPI/DEPI project/anomx/venv/lib/python3.12/site-packages/airflow/example_dags/example_external_task_marker_dag.py for tasks to queue
[2026-06-24T12:58:55.143+0300] {logging_mixin.py:188} INFO - [2026-06-24T12:58:55.142+0300] {dagbag.py:540} INFO - Filling up the DagBag from /media/data/omar/programming course/DEPI/DEPI project/anomx/venv/lib/python3.12/site-packages/airflow/example_dags/example_external_task_marker_dag.py
[2026-06-24T12:58:55.149+0300] {processor.py:840} INFO - DAG(s) 'example_external_task_marker_parent', 'example_external_task_marker_child' retrieved from /media/data/omar/programming course/DEPI/DEPI project/anomx/venv/lib/python3.12/site-packages/airflow/example_dags/example_external_task_marker_dag.py
[2026-06-24T12:58:55.170+0300] {logging_mixin.py:188} INFO - [2026-06-24T12:58:55.170+0300] {dag.py:3096} INFO - Sync 2 DAGs
[2026-06-24T12:58:55.181+0300] {logging_mixin.py:188} INFO - [2026-06-24T12:58:55.181+0300] {dag.py:3954} INFO - Setting next_dagrun for example_external_task_marker_child to None, run_after=None
[2026-06-24T12:58:55.184+0300] {logging_mixin.py:188} INFO - [2026-06-24T12:58:55.184+0300] {dag.py:3954} INFO - Setting next_dagrun for example_external_task_marker_parent to None, run_after=None
[2026-06-24T12:58:55.215+0300] {processor.py:183} INFO - Processing /media/data/omar/programming course/DEPI/DEPI project/anomx/venv/lib/python3.12/site-packages/airflow/example_dags/example_external_task_marker_dag.py took 0.080 seconds
[2026-06-24T12:59:46.451+0300] {processor.py:161} INFO - Started process (PID=41466) to work on /media/data/omar/programming course/DEPI/DEPI project/anomx/venv/lib/python3.12/site-packages/airflow/example_dags/example_external_task_marker_dag.py
[2026-06-24T12:59:46.453+0300] {processor.py:830} INFO - Processing file /media/data/omar/programming course/DEPI/DEPI project/anomx/venv/lib/python3.12/site-packages/airflow/example_dags/example_external_task_marker_dag.py for tasks to queue
[2026-06-24T12:59:46.455+0300] {logging_mixin.py:188} INFO - [2026-06-24T12:59:46.454+0300] {dagbag.py:540} INFO - Filling up the DagBag from /media/data/omar/programming course/DEPI/DEPI project/anomx/venv/lib/python3.12/site-packages/airflow/example_dags/example_external_task_marker_dag.py
[2026-06-24T12:59:46.465+0300] {processor.py:840} INFO - DAG(s) 'example_external_task_marker_child', 'example_external_task_marker_parent' retrieved from /media/data/omar/programming course/DEPI/DEPI project/anomx/venv/lib/python3.12/site-packages/airflow/example_dags/example_external_task_marker_dag.py
[2026-06-24T12:59:46.485+0300] {logging_mixin.py:188} INFO - [2026-06-24T12:59:46.485+0300] {dag.py:3096} INFO - Sync 2 DAGs
[2026-06-24T12:59:46.494+0300] {logging_mixin.py:188} INFO - [2026-06-24T12:59:46.494+0300] {dag.py:3954} INFO - Setting next_dagrun for example_external_task_marker_child to None, run_after=None
[2026-06-24T12:59:46.497+0300] {logging_mixin.py:188} INFO - [2026-06-24T12:59:46.496+0300] {dag.py:3954} INFO - Setting next_dagrun for example_external_task_marker_parent to None, run_after=None
[2026-06-24T12:59:46.524+0300] {processor.py:183} INFO - Processing /media/data/omar/programming course/DEPI/DEPI project/anomx/venv/lib/python3.12/site-packages/airflow/example_dags/example_external_task_marker_dag.py took 0.092 seconds
[2026-06-24T13:00:36.500+0300] {processor.py:161} INFO - Started process (PID=41834) to work on /media/data/omar/programming course/DEPI/DEPI project/anomx/venv/lib/python3.12/site-packages/airflow/example_dags/example_external_task_marker_dag.py
[2026-06-24T13:00:36.501+0300] {processor.py:830} INFO - Processing file /media/data/omar/programming course/DEPI/DEPI project/anomx/venv/lib/python3.12/site-packages/airflow/example_dags/example_external_task_marker_dag.py for tasks to queue
[2026-06-24T13:00:36.503+0300] {logging_mixin.py:188} INFO - [2026-06-24T13:00:36.502+0300] {dagbag.py:540} INFO - Filling up the DagBag from /media/data/omar/programming course/DEPI/DEPI project/anomx/venv/lib/python3.12/site-packages/airflow/example_dags/example_external_task_marker_dag.py
[2026-06-24T13:00:36.512+0300] {processor.py:840} INFO - DAG(s) 'example_external_task_marker_child', 'example_external_task_marker_parent' retrieved from /media/data/omar/programming course/DEPI/DEPI project/anomx/venv/lib/python3.12/site-packages/airflow/example_dags/example_external_task_marker_dag.py
[2026-06-24T13:00:36.536+0300] {logging_mixin.py:188} INFO - [2026-06-24T13:00:36.536+0300] {dag.py:3096} INFO - Sync 2 DAGs
[2026-06-24T13:00:36.545+0300] {logging_mixin.py:188} INFO - [2026-06-24T13:00:36.545+0300] {dag.py:3954} INFO - Setting next_dagrun for example_external_task_marker_child to None, run_after=None
[2026-06-24T13:00:36.550+0300] {logging_mixin.py:188} INFO - [2026-06-24T13:00:36.549+0300] {dag.py:3954} INFO - Setting next_dagrun for example_external_task_marker_parent to None, run_after=None
[2026-06-24T13:00:36.584+0300] {processor.py:183} INFO - Processing /media/data/omar/programming course/DEPI/DEPI project/anomx/venv/lib/python3.12/site-packages/airflow/example_dags/example_external_task_marker_dag.py took 0.091 seconds
[2026-06-24T13:01:27.028+0300] {processor.py:161} INFO - Started process (PID=42374) to work on /media/data/omar/programming course/DEPI/DEPI project/anomx/venv/lib/python3.12/site-packages/airflow/example_dags/example_external_task_marker_dag.py
[2026-06-24T13:01:27.030+0300] {processor.py:830} INFO - Processing file /media/data/omar/programming course/DEPI/DEPI project/anomx/venv/lib/python3.12/site-packages/airflow/example_dags/example_external_task_marker_dag.py for tasks to queue
[2026-06-24T13:01:27.032+0300] {logging_mixin.py:188} INFO - [2026-06-24T13:01:27.031+0300] {dagbag.py:540} INFO - Filling up the DagBag from /media/data/omar/programming course/DEPI/DEPI project/anomx/venv/lib/python3.12/site-packages/airflow/example_dags/example_external_task_marker_dag.py
[2026-06-24T13:01:27.041+0300] {processor.py:840} INFO - DAG(s) 'example_external_task_marker_parent', 'example_external_task_marker_child' retrieved from /media/data/omar/programming course/DEPI/DEPI project/anomx/venv/lib/python3.12/site-packages/airflow/example_dags/example_external_task_marker_dag.py
[2026-06-24T13:01:27.062+0300] {logging_mixin.py:188} INFO - [2026-06-24T13:01:27.062+0300] {dag.py:3096} INFO - Sync 2 DAGs
[2026-06-24T13:01:27.072+0300] {logging_mixin.py:188} INFO - [2026-06-24T13:01:27.072+0300] {dag.py:3954} INFO - Setting next_dagrun for example_external_task_marker_child to None, run_after=None
[2026-06-24T13:01:27.075+0300] {logging_mixin.py:188} INFO - [2026-06-24T13:01:27.075+0300] {dag.py:3954} INFO - Setting next_dagrun for example_external_task_marker_parent to None, run_after=None
[2026-06-24T13:01:27.109+0300] {processor.py:183} INFO - Processing /media/data/omar/programming course/DEPI/DEPI project/anomx/venv/lib/python3.12/site-packages/airflow/example_dags/example_external_task_marker_dag.py took 0.095 seconds
[2026-06-24T13:02:19.250+0300] {processor.py:161} INFO - Started process (PID=42774) to work on /media/data/omar/programming course/DEPI/DEPI project/anomx/venv/lib/python3.12/site-packages/airflow/example_dags/example_external_task_marker_dag.py
[2026-06-24T13:02:19.252+0300] {processor.py:830} INFO - Processing file /media/data/omar/programming course/DEPI/DEPI project/anomx/venv/lib/python3.12/site-packages/airflow/example_dags/example_external_task_marker_dag.py for tasks to queue
[2026-06-24T13:02:19.254+0300] {logging_mixin.py:188} INFO - [2026-06-24T13:02:19.252+0300] {dagbag.py:540} INFO - Filling up the DagBag from /media/data/omar/programming course/DEPI/DEPI project/anomx/venv/lib/python3.12/site-packages/airflow/example_dags/example_external_task_marker_dag.py
[2026-06-24T13:02:19.262+0300] {processor.py:840} INFO - DAG(s) 'example_external_task_marker_parent', 'example_external_task_marker_child' retrieved from /media/data/omar/programming course/DEPI/DEPI project/anomx/venv/lib/python3.12/site-packages/airflow/example_dags/example_external_task_marker_dag.py
[2026-06-24T13:02:19.288+0300] {logging_mixin.py:188} INFO - [2026-06-24T13:02:19.287+0300] {dag.py:3096} INFO - Sync 2 DAGs
[2026-06-24T13:02:19.301+0300] {logging_mixin.py:188} INFO - [2026-06-24T13:02:19.300+0300] {dag.py:3954} INFO - Setting next_dagrun for example_external_task_marker_child to None, run_after=None
[2026-06-24T13:02:19.304+0300] {logging_mixin.py:188} INFO - [2026-06-24T13:02:19.304+0300] {dag.py:3954} INFO - Setting next_dagrun for example_external_task_marker_parent to None, run_after=None
[2026-06-24T13:02:19.337+0300] {processor.py:183} INFO - Processing /media/data/omar/programming course/DEPI/DEPI project/anomx/venv/lib/python3.12/site-packages/airflow/example_dags/example_external_task_marker_dag.py took 0.092 seconds
[2026-06-24T13:03:10.417+0300] {processor.py:161} INFO - Started process (PID=43320) to work on /media/data/omar/programming course/DEPI/DEPI project/anomx/venv/lib/python3.12/site-packages/airflow/example_dags/example_external_task_marker_dag.py
[2026-06-24T13:03:10.418+0300] {processor.py:830} INFO - Processing file /media/data/omar/programming course/DEPI/DEPI project/anomx/venv/lib/python3.12/site-packages/airflow/example_dags/example_external_task_marker_dag.py for tasks to queue
[2026-06-24T13:03:10.419+0300] {logging_mixin.py:188} INFO - [2026-06-24T13:03:10.419+0300] {dagbag.py:540} INFO - Filling up the DagBag from /media/data/omar/programming course/DEPI/DEPI project/anomx/venv/lib/python3.12/site-packages/airflow/example_dags/example_external_task_marker_dag.py
[2026-06-24T13:03:10.425+0300] {processor.py:840} INFO - DAG(s) 'example_external_task_marker_child', 'example_external_task_marker_parent' retrieved from /media/data/omar/programming course/DEPI/DEPI project/anomx/venv/lib/python3.12/site-packages/airflow/example_dags/example_external_task_marker_dag.py
[2026-06-24T13:03:10.445+0300] {logging_mixin.py:188} INFO - [2026-06-24T13:03:10.444+0300] {dag.py:3096} INFO - Sync 2 DAGs
[2026-06-24T13:03:10.453+0300] {logging_mixin.py:188} INFO - [2026-06-24T13:03:10.452+0300] {dag.py:3954} INFO - Setting next_dagrun for example_external_task_marker_child to None, run_after=None
[2026-06-24T13:03:10.456+0300] {logging_mixin.py:188} INFO - [2026-06-24T13:03:10.455+0300] {dag.py:3954} INFO - Setting next_dagrun for example_external_task_marker_parent to None, run_after=None
[2026-06-24T13:03:10.511+0300] {processor.py:183} INFO - Processing /media/data/omar/programming course/DEPI/DEPI project/anomx/venv/lib/python3.12/site-packages/airflow/example_dags/example_external_task_marker_dag.py took 0.098 seconds
[2026-06-24T13:04:22.898+0300] {processor.py:161} INFO - Started process (PID=43856) to work on /media/data/omar/programming course/DEPI/DEPI project/anomx/venv/lib/python3.12/site-packages/airflow/example_dags/example_external_task_marker_dag.py
[2026-06-24T13:04:22.899+0300] {processor.py:830} INFO - Processing file /media/data/omar/programming course/DEPI/DEPI project/anomx/venv/lib/python3.12/site-packages/airflow/example_dags/example_external_task_marker_dag.py for tasks to queue
[2026-06-24T13:04:22.899+0300] {logging_mixin.py:188} INFO - [2026-06-24T13:04:22.899+0300] {dagbag.py:540} INFO - Filling up the DagBag from /media/data/omar/programming course/DEPI/DEPI project/anomx/venv/lib/python3.12/site-packages/airflow/example_dags/example_external_task_marker_dag.py
[2026-06-24T13:04:22.905+0300] {processor.py:840} INFO - DAG(s) 'example_external_task_marker_parent', 'example_external_task_marker_child' retrieved from /media/data/omar/programming course/DEPI/DEPI project/anomx/venv/lib/python3.12/site-packages/airflow/example_dags/example_external_task_marker_dag.py
[2026-06-24T13:04:22.921+0300] {logging_mixin.py:188} INFO - [2026-06-24T13:04:22.921+0300] {dag.py:3096} INFO - Sync 2 DAGs
[2026-06-24T13:04:22.931+0300] {logging_mixin.py:188} INFO - [2026-06-24T13:04:22.930+0300] {dag.py:3954} INFO - Setting next_dagrun for example_external_task_marker_child to None, run_after=None
[2026-06-24T13:04:22.933+0300] {logging_mixin.py:188} INFO - [2026-06-24T13:04:22.933+0300] {dag.py:3954} INFO - Setting next_dagrun for example_external_task_marker_parent to None, run_after=None
[2026-06-24T13:04:22.958+0300] {processor.py:183} INFO - Processing /media/data/omar/programming course/DEPI/DEPI project/anomx/venv/lib/python3.12/site-packages/airflow/example_dags/example_external_task_marker_dag.py took 0.065 seconds
[2026-06-24T13:05:13.720+0300] {processor.py:161} INFO - Started process (PID=44450) to work on /media/data/omar/programming course/DEPI/DEPI project/anomx/venv/lib/python3.12/site-packages/airflow/example_dags/example_external_task_marker_dag.py
[2026-06-24T13:05:13.721+0300] {processor.py:830} INFO - Processing file /media/data/omar/programming course/DEPI/DEPI project/anomx/venv/lib/python3.12/site-packages/airflow/example_dags/example_external_task_marker_dag.py for tasks to queue
[2026-06-24T13:05:13.723+0300] {logging_mixin.py:188} INFO - [2026-06-24T13:05:13.722+0300] {dagbag.py:540} INFO - Filling up the DagBag from /media/data/omar/programming course/DEPI/DEPI project/anomx/venv/lib/python3.12/site-packages/airflow/example_dags/example_external_task_marker_dag.py
[2026-06-24T13:05:13.731+0300] {processor.py:840} INFO - DAG(s) 'example_external_task_marker_child', 'example_external_task_marker_parent' retrieved from /media/data/omar/programming course/DEPI/DEPI project/anomx/venv/lib/python3.12/site-packages/airflow/example_dags/example_external_task_marker_dag.py
[2026-06-24T13:05:13.752+0300] {logging_mixin.py:188} INFO - [2026-06-24T13:05:13.752+0300] {dag.py:3096} INFO - Sync 2 DAGs
[2026-06-24T13:05:13.762+0300] {logging_mixin.py:188} INFO - [2026-06-24T13:05:13.762+0300] {dag.py:3954} INFO - Setting next_dagrun for example_external_task_marker_child to None, run_after=None
[2026-06-24T13:05:13.765+0300] {logging_mixin.py:188} INFO - [2026-06-24T13:05:13.765+0300] {dag.py:3954} INFO - Setting next_dagrun for example_external_task_marker_parent to None, run_after=None
[2026-06-24T13:05:13.794+0300] {processor.py:183} INFO - Processing /media/data/omar/programming course/DEPI/DEPI project/anomx/venv/lib/python3.12/site-packages/airflow/example_dags/example_external_task_marker_dag.py took 0.091 seconds
[2026-06-24T13:06:07.331+0300] {processor.py:161} INFO - Started process (PID=44804) to work on /media/data/omar/programming course/DEPI/DEPI project/anomx/venv/lib/python3.12/site-packages/airflow/example_dags/example_external_task_marker_dag.py
[2026-06-24T13:06:07.332+0300] {processor.py:830} INFO - Processing file /media/data/omar/programming course/DEPI/DEPI project/anomx/venv/lib/python3.12/site-packages/airflow/example_dags/example_external_task_marker_dag.py for tasks to queue
[2026-06-24T13:06:07.333+0300] {logging_mixin.py:188} INFO - [2026-06-24T13:06:07.333+0300] {dagbag.py:540} INFO - Filling up the DagBag from /media/data/omar/programming course/DEPI/DEPI project/anomx/venv/lib/python3.12/site-packages/airflow/example_dags/example_external_task_marker_dag.py
[2026-06-24T13:06:07.340+0300] {processor.py:840} INFO - DAG(s) 'example_external_task_marker_parent', 'example_external_task_marker_child' retrieved from /media/data/omar/programming course/DEPI/DEPI project/anomx/venv/lib/python3.12/site-packages/airflow/example_dags/example_external_task_marker_dag.py
[2026-06-24T13:06:07.360+0300] {logging_mixin.py:188} INFO - [2026-06-24T13:06:07.360+0300] {dag.py:3096} INFO - Sync 2 DAGs
[2026-06-24T13:06:07.373+0300] {logging_mixin.py:188} INFO - [2026-06-24T13:06:07.372+0300] {dag.py:3954} INFO - Setting next_dagrun for example_external_task_marker_child to None, run_after=None
[2026-06-24T13:06:07.376+0300] {logging_mixin.py:188} INFO - [2026-06-24T13:06:07.375+0300] {dag.py:3954} INFO - Setting next_dagrun for example_external_task_marker_parent to None, run_after=None
[2026-06-24T13:06:07.407+0300] {processor.py:183} INFO - Processing /media/data/omar/programming course/DEPI/DEPI project/anomx/venv/lib/python3.12/site-packages/airflow/example_dags/example_external_task_marker_dag.py took 0.081 seconds
[2026-06-24T13:07:04.571+0300] {processor.py:161} INFO - Started process (PID=45429) to work on /media/data/omar/programming course/DEPI/DEPI project/anomx/venv/lib/python3.12/site-packages/airflow/example_dags/example_external_task_marker_dag.py
[2026-06-24T13:07:04.572+0300] {processor.py:830} INFO - Processing file /media/data/omar/programming course/DEPI/DEPI project/anomx/venv/lib/python3.12/site-packages/airflow/example_dags/example_external_task_marker_dag.py for tasks to queue
[2026-06-24T13:07:04.573+0300] {logging_mixin.py:188} INFO - [2026-06-24T13:07:04.573+0300] {dagbag.py:540} INFO - Filling up the DagBag from /media/data/omar/programming course/DEPI/DEPI project/anomx/venv/lib/python3.12/site-packages/airflow/example_dags/example_external_task_marker_dag.py
[2026-06-24T13:07:04.581+0300] {processor.py:840} INFO - DAG(s) 'example_external_task_marker_parent', 'example_external_task_marker_child' retrieved from /media/data/omar/programming course/DEPI/DEPI project/anomx/venv/lib/python3.12/site-packages/airflow/example_dags/example_external_task_marker_dag.py
[2026-06-24T13:07:04.611+0300] {logging_mixin.py:188} INFO - [2026-06-24T13:07:04.611+0300] {dag.py:3096} INFO - Sync 2 DAGs
[2026-06-24T13:07:04.623+0300] {logging_mixin.py:188} INFO - [2026-06-24T13:07:04.623+0300] {dag.py:3954} INFO - Setting next_dagrun for example_external_task_marker_child to None, run_after=None
[2026-06-24T13:07:04.629+0300] {logging_mixin.py:188} INFO - [2026-06-24T13:07:04.628+0300] {dag.py:3954} INFO - Setting next_dagrun for example_external_task_marker_parent to None, run_after=None
[2026-06-24T13:07:04.670+0300] {processor.py:183} INFO - Processing /media/data/omar/programming course/DEPI/DEPI project/anomx/venv/lib/python3.12/site-packages/airflow/example_dags/example_external_task_marker_dag.py took 0.106 seconds
[2026-06-24T13:08:44.769+0300] {processor.py:161} INFO - Started process (PID=46520) to work on /media/data/omar/programming course/DEPI/DEPI project/anomx/venv/lib/python3.12/site-packages/airflow/example_dags/example_external_task_marker_dag.py
[2026-06-24T13:08:44.770+0300] {processor.py:830} INFO - Processing file /media/data/omar/programming course/DEPI/DEPI project/anomx/venv/lib/python3.12/site-packages/airflow/example_dags/example_external_task_marker_dag.py for tasks to queue
[2026-06-24T13:08:44.771+0300] {logging_mixin.py:188} INFO - [2026-06-24T13:08:44.771+0300] {dagbag.py:540} INFO - Filling up the DagBag from /media/data/omar/programming course/DEPI/DEPI project/anomx/venv/lib/python3.12/site-packages/airflow/example_dags/example_external_task_marker_dag.py
[2026-06-24T13:08:44.778+0300] {processor.py:840} INFO - DAG(s) 'example_external_task_marker_parent', 'example_external_task_marker_child' retrieved from /media/data/omar/programming course/DEPI/DEPI project/anomx/venv/lib/python3.12/site-packages/airflow/example_dags/example_external_task_marker_dag.py
[2026-06-24T13:08:44.802+0300] {logging_mixin.py:188} INFO - [2026-06-24T13:08:44.802+0300] {dag.py:3096} INFO - Sync 2 DAGs
[2026-06-24T13:08:44.815+0300] {logging_mixin.py:188} INFO - [2026-06-24T13:08:44.814+0300] {dag.py:3954} INFO - Setting next_dagrun for example_external_task_marker_child to None, run_after=None
[2026-06-24T13:08:44.820+0300] {logging_mixin.py:188} INFO - [2026-06-24T13:08:44.820+0300] {dag.py:3954} INFO - Setting next_dagrun for example_external_task_marker_parent to None, run_after=None
[2026-06-24T13:08:44.864+0300] {processor.py:183} INFO - Processing /media/data/omar/programming course/DEPI/DEPI project/anomx/venv/lib/python3.12/site-packages/airflow/example_dags/example_external_task_marker_dag.py took 0.102 seconds
[2026-06-24T13:12:34.732+0300] {processor.py:161} INFO - Started process (PID=48825) to work on /media/data/omar/programming course/DEPI/DEPI project/anomx/venv/lib/python3.12/site-packages/airflow/example_dags/example_external_task_marker_dag.py
[2026-06-24T13:12:34.733+0300] {processor.py:830} INFO - Processing file /media/data/omar/programming course/DEPI/DEPI project/anomx/venv/lib/python3.12/site-packages/airflow/example_dags/example_external_task_marker_dag.py for tasks to queue
[2026-06-24T13:12:34.734+0300] {logging_mixin.py:188} INFO - [2026-06-24T13:12:34.734+0300] {dagbag.py:540} INFO - Filling up the DagBag from /media/data/omar/programming course/DEPI/DEPI project/anomx/venv/lib/python3.12/site-packages/airflow/example_dags/example_external_task_marker_dag.py
[2026-06-24T13:12:34.741+0300] {processor.py:840} INFO - DAG(s) 'example_external_task_marker_parent', 'example_external_task_marker_child' retrieved from /media/data/omar/programming course/DEPI/DEPI project/anomx/venv/lib/python3.12/site-packages/airflow/example_dags/example_external_task_marker_dag.py
[2026-06-24T13:12:34.762+0300] {logging_mixin.py:188} INFO - [2026-06-24T13:12:34.761+0300] {dag.py:3096} INFO - Sync 2 DAGs
[2026-06-24T13:12:34.772+0300] {logging_mixin.py:188} INFO - [2026-06-24T13:12:34.771+0300] {dag.py:3954} INFO - Setting next_dagrun for example_external_task_marker_child to None, run_after=None
[2026-06-24T13:12:34.775+0300] {logging_mixin.py:188} INFO - [2026-06-24T13:12:34.775+0300] {dag.py:3954} INFO - Setting next_dagrun for example_external_task_marker_parent to None, run_after=None
[2026-06-24T13:12:34.806+0300] {processor.py:183} INFO - Processing /media/data/omar/programming course/DEPI/DEPI project/anomx/venv/lib/python3.12/site-packages/airflow/example_dags/example_external_task_marker_dag.py took 0.081 seconds
[2026-06-24T13:13:28.993+0300] {processor.py:161} INFO - Started process (PID=49549) to work on /media/data/omar/programming course/DEPI/DEPI project/anomx/venv/lib/python3.12/site-packages/airflow/example_dags/example_external_task_marker_dag.py
[2026-06-24T13:13:28.996+0300] {processor.py:830} INFO - Processing file /media/data/omar/programming course/DEPI/DEPI project/anomx/venv/lib/python3.12/site-packages/airflow/example_dags/example_external_task_marker_dag.py for tasks to queue
[2026-06-24T13:13:29.000+0300] {logging_mixin.py:188} INFO - [2026-06-24T13:13:28.999+0300] {dagbag.py:540} INFO - Filling up the DagBag from /media/data/omar/programming course/DEPI/DEPI project/anomx/venv/lib/python3.12/site-packages/airflow/example_dags/example_external_task_marker_dag.py
[2026-06-24T13:13:29.012+0300] {processor.py:840} INFO - DAG(s) 'example_external_task_marker_parent', 'example_external_task_marker_child' retrieved from /media/data/omar/programming course/DEPI/DEPI project/anomx/venv/lib/python3.12/site-packages/airflow/example_dags/example_external_task_marker_dag.py
[2026-06-24T13:13:29.032+0300] {logging_mixin.py:188} INFO - [2026-06-24T13:13:29.032+0300] {dag.py:3096} INFO - Sync 2 DAGs
[2026-06-24T13:13:29.040+0300] {logging_mixin.py:188} INFO - [2026-06-24T13:13:29.040+0300] {dag.py:3954} INFO - Setting next_dagrun for example_external_task_marker_child to None, run_after=None
[2026-06-24T13:13:29.042+0300] {logging_mixin.py:188} INFO - [2026-06-24T13:13:29.042+0300] {dag.py:3954} INFO - Setting next_dagrun for example_external_task_marker_parent to None, run_after=None
[2026-06-24T13:13:29.068+0300] {processor.py:183} INFO - Processing /media/data/omar/programming course/DEPI/DEPI project/anomx/venv/lib/python3.12/site-packages/airflow/example_dags/example_external_task_marker_dag.py took 0.091 seconds
[2026-06-24T13:14:24.800+0300] {processor.py:161} INFO - Started process (PID=50135) to work on /media/data/omar/programming course/DEPI/DEPI project/anomx/venv/lib/python3.12/site-packages/airflow/example_dags/example_external_task_marker_dag.py
[2026-06-24T13:14:24.801+0300] {processor.py:830} INFO - Processing file /media/data/omar/programming course/DEPI/DEPI project/anomx/venv/lib/python3.12/site-packages/airflow/example_dags/example_external_task_marker_dag.py for tasks to queue
[2026-06-24T13:14:24.802+0300] {logging_mixin.py:188} INFO - [2026-06-24T13:14:24.801+0300] {dagbag.py:540} INFO - Filling up the DagBag from /media/data/omar/programming course/DEPI/DEPI project/anomx/venv/lib/python3.12/site-packages/airflow/example_dags/example_external_task_marker_dag.py
[2026-06-24T13:14:24.807+0300] {processor.py:840} INFO - DAG(s) 'example_external_task_marker_child', 'example_external_task_marker_parent' retrieved from /media/data/omar/programming course/DEPI/DEPI project/anomx/venv/lib/python3.12/site-packages/airflow/example_dags/example_external_task_marker_dag.py
[2026-06-24T13:14:24.827+0300] {logging_mixin.py:188} INFO - [2026-06-24T13:14:24.827+0300] {dag.py:3096} INFO - Sync 2 DAGs
[2026-06-24T13:14:24.836+0300] {logging_mixin.py:188} INFO - [2026-06-24T13:14:24.836+0300] {dag.py:3954} INFO - Setting next_dagrun for example_external_task_marker_child to None, run_after=None
[2026-06-24T13:14:24.839+0300] {logging_mixin.py:188} INFO - [2026-06-24T13:14:24.839+0300] {dag.py:3954} INFO - Setting next_dagrun for example_external_task_marker_parent to None, run_after=None
[2026-06-24T13:14:24.867+0300] {processor.py:183} INFO - Processing /media/data/omar/programming course/DEPI/DEPI project/anomx/venv/lib/python3.12/site-packages/airflow/example_dags/example_external_task_marker_dag.py took 0.074 seconds
[2026-06-24T13:15:18.471+0300] {processor.py:161} INFO - Started process (PID=50534) to work on /media/data/omar/programming course/DEPI/DEPI project/anomx/venv/lib/python3.12/site-packages/airflow/example_dags/example_external_task_marker_dag.py
[2026-06-24T13:15:18.472+0300] {processor.py:830} INFO - Processing file /media/data/omar/programming course/DEPI/DEPI project/anomx/venv/lib/python3.12/site-packages/airflow/example_dags/example_external_task_marker_dag.py for tasks to queue
[2026-06-24T13:15:18.473+0300] {logging_mixin.py:188} INFO - [2026-06-24T13:15:18.473+0300] {dagbag.py:540} INFO - Filling up the DagBag from /media/data/omar/programming course/DEPI/DEPI project/anomx/venv/lib/python3.12/site-packages/airflow/example_dags/example_external_task_marker_dag.py
[2026-06-24T13:15:18.479+0300] {processor.py:840} INFO - DAG(s) 'example_external_task_marker_child', 'example_external_task_marker_parent' retrieved from /media/data/omar/programming course/DEPI/DEPI project/anomx/venv/lib/python3.12/site-packages/airflow/example_dags/example_external_task_marker_dag.py
[2026-06-24T13:15:18.498+0300] {logging_mixin.py:188} INFO - [2026-06-24T13:15:18.498+0300] {dag.py:3096} INFO - Sync 2 DAGs
[2026-06-24T13:15:18.508+0300] {logging_mixin.py:188} INFO - [2026-06-24T13:15:18.508+0300] {dag.py:3954} INFO - Setting next_dagrun for example_external_task_marker_child to None, run_after=None
[2026-06-24T13:15:18.511+0300] {logging_mixin.py:188} INFO - [2026-06-24T13:15:18.511+0300] {dag.py:3954} INFO - Setting next_dagrun for example_external_task_marker_parent to None, run_after=None
[2026-06-24T13:15:18.540+0300] {processor.py:183} INFO - Processing /media/data/omar/programming course/DEPI/DEPI project/anomx/venv/lib/python3.12/site-packages/airflow/example_dags/example_external_task_marker_dag.py took 0.077 seconds
[2026-06-24T13:16:06.928+0300] {processor.py:161} INFO - Started process (PID=51079) to work on /media/data/omar/programming course/DEPI/DEPI project/anomx/venv/lib/python3.12/site-packages/airflow/example_dags/example_external_task_marker_dag.py
[2026-06-24T13:16:06.929+0300] {processor.py:830} INFO - Processing file /media/data/omar/programming course/DEPI/DEPI project/anomx/venv/lib/python3.12/site-packages/airflow/example_dags/example_external_task_marker_dag.py for tasks to queue
[2026-06-24T13:16:06.930+0300] {logging_mixin.py:188} INFO - [2026-06-24T13:16:06.929+0300] {dagbag.py:540} INFO - Filling up the DagBag from /media/data/omar/programming course/DEPI/DEPI project/anomx/venv/lib/python3.12/site-packages/airflow/example_dags/example_external_task_marker_dag.py
[2026-06-24T13:16:06.935+0300] {processor.py:840} INFO - DAG(s) 'example_external_task_marker_parent', 'example_external_task_marker_child' retrieved from /media/data/omar/programming course/DEPI/DEPI project/anomx/venv/lib/python3.12/site-packages/airflow/example_dags/example_external_task_marker_dag.py
[2026-06-24T13:16:06.962+0300] {logging_mixin.py:188} INFO - [2026-06-24T13:16:06.961+0300] {dag.py:3096} INFO - Sync 2 DAGs
[2026-06-24T13:16:06.977+0300] {logging_mixin.py:188} INFO - [2026-06-24T13:16:06.976+0300] {dag.py:3954} INFO - Setting next_dagrun for example_external_task_marker_child to None, run_after=None
[2026-06-24T13:16:06.981+0300] {logging_mixin.py:188} INFO - [2026-06-24T13:16:06.980+0300] {dag.py:3954} INFO - Setting next_dagrun for example_external_task_marker_parent to None, run_after=None
[2026-06-24T13:16:07.013+0300] {processor.py:183} INFO - Processing /media/data/omar/programming course/DEPI/DEPI project/anomx/venv/lib/python3.12/site-packages/airflow/example_dags/example_external_task_marker_dag.py took 0.093 seconds
[2026-06-24T13:16:58.329+0300] {processor.py:161} INFO - Started process (PID=51469) to work on /media/data/omar/programming course/DEPI/DEPI project/anomx/venv/lib/python3.12/site-packages/airflow/example_dags/example_external_task_marker_dag.py
[2026-06-24T13:16:58.331+0300] {processor.py:830} INFO - Processing file /media/data/omar/programming course/DEPI/DEPI project/anomx/venv/lib/python3.12/site-packages/airflow/example_dags/example_external_task_marker_dag.py for tasks to queue
[2026-06-24T13:16:58.333+0300] {logging_mixin.py:188} INFO - [2026-06-24T13:16:58.332+0300] {dagbag.py:540} INFO - Filling up the DagBag from /media/data/omar/programming course/DEPI/DEPI project/anomx/venv/lib/python3.12/site-packages/airflow/example_dags/example_external_task_marker_dag.py
[2026-06-24T13:16:58.341+0300] {processor.py:840} INFO - DAG(s) 'example_external_task_marker_child', 'example_external_task_marker_parent' retrieved from /media/data/omar/programming course/DEPI/DEPI project/anomx/venv/lib/python3.12/site-packages/airflow/example_dags/example_external_task_marker_dag.py
[2026-06-24T13:16:58.369+0300] {logging_mixin.py:188} INFO - [2026-06-24T13:16:58.368+0300] {dag.py:3096} INFO - Sync 2 DAGs
[2026-06-24T13:16:58.380+0300] {logging_mixin.py:188} INFO - [2026-06-24T13:16:58.379+0300] {dag.py:3954} INFO - Setting next_dagrun for example_external_task_marker_child to None, run_after=None
[2026-06-24T13:16:58.383+0300] {logging_mixin.py:188} INFO - [2026-06-24T13:16:58.383+0300] {dag.py:3954} INFO - Setting next_dagrun for example_external_task_marker_parent to None, run_after=None
[2026-06-24T13:16:58.416+0300] {processor.py:183} INFO - Processing /media/data/omar/programming course/DEPI/DEPI project/anomx/venv/lib/python3.12/site-packages/airflow/example_dags/example_external_task_marker_dag.py took 0.096 seconds
[2026-06-24T13:17:50.456+0300] {processor.py:161} INFO - Started process (PID=52037) to work on /media/data/omar/programming course/DEPI/DEPI project/anomx/venv/lib/python3.12/site-packages/airflow/example_dags/example_external_task_marker_dag.py
[2026-06-24T13:17:50.457+0300] {processor.py:830} INFO - Processing file /media/data/omar/programming course/DEPI/DEPI project/anomx/venv/lib/python3.12/site-packages/airflow/example_dags/example_external_task_marker_dag.py for tasks to queue
[2026-06-24T13:17:50.458+0300] {logging_mixin.py:188} INFO - [2026-06-24T13:17:50.458+0300] {dagbag.py:540} INFO - Filling up the DagBag from /media/data/omar/programming course/DEPI/DEPI project/anomx/venv/lib/python3.12/site-packages/airflow/example_dags/example_external_task_marker_dag.py
[2026-06-24T13:17:50.464+0300] {processor.py:840} INFO - DAG(s) 'example_external_task_marker_child', 'example_external_task_marker_parent' retrieved from /media/data/omar/programming course/DEPI/DEPI project/anomx/venv/lib/python3.12/site-packages/airflow/example_dags/example_external_task_marker_dag.py
[2026-06-24T13:17:50.482+0300] {logging_mixin.py:188} INFO - [2026-06-24T13:17:50.482+0300] {dag.py:3096} INFO - Sync 2 DAGs
[2026-06-24T13:17:50.492+0300] {logging_mixin.py:188} INFO - [2026-06-24T13:17:50.491+0300] {dag.py:3954} INFO - Setting next_dagrun for example_external_task_marker_child to None, run_after=None
[2026-06-24T13:17:50.494+0300] {logging_mixin.py:188} INFO - [2026-06-24T13:17:50.494+0300] {dag.py:3954} INFO - Setting next_dagrun for example_external_task_marker_parent to None, run_after=None
[2026-06-24T13:17:50.524+0300] {processor.py:183} INFO - Processing /media/data/omar/programming course/DEPI/DEPI project/anomx/venv/lib/python3.12/site-packages/airflow/example_dags/example_external_task_marker_dag.py took 0.074 seconds
