[2026-06-24T11:52:59.488+0300] {processor.py:161} INFO - Started process (PID=10965) to work on /media/data/omar/programming course/DEPI/DEPI project/anomx/venv/lib/python3.12/site-packages/airflow/example_dags/example_params_ui_tutorial.py
[2026-06-24T11:52:59.489+0300] {processor.py:830} INFO - Processing file /media/data/omar/programming course/DEPI/DEPI project/anomx/venv/lib/python3.12/site-packages/airflow/example_dags/example_params_ui_tutorial.py for tasks to queue
[2026-06-24T11:52:59.491+0300] {logging_mixin.py:188} INFO - [2026-06-24T11:52:59.490+0300] {dagbag.py:540} INFO - Filling up the DagBag from /media/data/omar/programming course/DEPI/DEPI project/anomx/venv/lib/python3.12/site-packages/airflow/example_dags/example_params_ui_tutorial.py
[2026-06-24T11:52:59.503+0300] {processor.py:840} INFO - DAG(s) 'example_params_ui_tutorial' retrieved from /media/data/omar/programming course/DEPI/DEPI project/anomx/venv/lib/python3.12/site-packages/airflow/example_dags/example_params_ui_tutorial.py
[2026-06-24T11:53:00.355+0300] {logging_mixin.py:188} INFO - [2026-06-24T11:53:00.355+0300] {dag.py:3096} INFO - Sync 1 DAGs
[2026-06-24T11:53:00.404+0300] {logging_mixin.py:188} INFO - [2026-06-24T11:53:00.402+0300] {dag.py:3118} INFO - Creating ORM DAG for example_params_ui_tutorial
[2026-06-24T11:53:00.406+0300] {logging_mixin.py:188} INFO - [2026-06-24T11:53:00.405+0300] {dag.py:3954} INFO - Setting next_dagrun for example_params_ui_tutorial to None, run_after=None
[2026-06-24T11:53:00.536+0300] {processor.py:183} INFO - Processing /media/data/omar/programming course/DEPI/DEPI project/anomx/venv/lib/python3.12/site-packages/airflow/example_dags/example_params_ui_tutorial.py took 1.054 seconds
[2026-06-24T11:54:33.715+0300] {processor.py:161} INFO - Started process (PID=12104) to work on /media/data/omar/programming course/DEPI/DEPI project/anomx/venv/lib/python3.12/site-packages/airflow/example_dags/example_params_ui_tutorial.py
[2026-06-24T11:54:33.716+0300] {processor.py:830} INFO - Processing file /media/data/omar/programming course/DEPI/DEPI project/anomx/venv/lib/python3.12/site-packages/airflow/example_dags/example_params_ui_tutorial.py for tasks to queue
[2026-06-24T11:54:33.718+0300] {logging_mixin.py:188} INFO - [2026-06-24T11:54:33.718+0300] {dagbag.py:540} INFO - Filling up the DagBag from /media/data/omar/programming course/DEPI/DEPI project/anomx/venv/lib/python3.12/site-packages/airflow/example_dags/example_params_ui_tutorial.py
[2026-06-24T11:54:33.738+0300] {processor.py:840} INFO - DAG(s) 'example_params_ui_tutorial' retrieved from /media/data/omar/programming course/DEPI/DEPI project/anomx/venv/lib/python3.12/site-packages/airflow/example_dags/example_params_ui_tutorial.py
[2026-06-24T11:54:33.809+0300] {logging_mixin.py:188} INFO - [2026-06-24T11:54:33.809+0300] {dag.py:3096} INFO - Sync 1 DAGs
[2026-06-24T11:54:33.821+0300] {logging_mixin.py:188} INFO - [2026-06-24T11:54:33.820+0300] {dag.py:3954} INFO - Setting next_dagrun for example_params_ui_tutorial to None, run_after=None
[2026-06-24T11:54:33.874+0300] {processor.py:183} INFO - Processing /media/data/omar/programming course/DEPI/DEPI project/anomx/venv/lib/python3.12/site-packages/airflow/example_dags/example_params_ui_tutorial.py took 0.168 seconds
[2026-06-24T11:55:55.222+0300] {processor.py:161} INFO - Started process (PID=12925) to work on /media/data/omar/programming course/DEPI/DEPI project/anomx/venv/lib/python3.12/site-packages/airflow/example_dags/example_params_ui_tutorial.py
[2026-06-24T11:55:55.223+0300] {processor.py:830} INFO - Processing file /media/data/omar/programming course/DEPI/DEPI project/anomx/venv/lib/python3.12/site-packages/airflow/example_dags/example_params_ui_tutorial.py for tasks to queue
[2026-06-24T11:55:55.225+0300] {logging_mixin.py:188} INFO - [2026-06-24T11:55:55.224+0300] {dagbag.py:540} INFO - Filling up the DagBag from /media/data/omar/programming course/DEPI/DEPI project/anomx/venv/lib/python3.12/site-packages/airflow/example_dags/example_params_ui_tutorial.py
[2026-06-24T11:55:55.236+0300] {processor.py:840} INFO - DAG(s) 'example_params_ui_tutorial' retrieved from /media/data/omar/programming course/DEPI/DEPI project/anomx/venv/lib/python3.12/site-packages/airflow/example_dags/example_params_ui_tutorial.py
[2026-06-24T11:55:55.270+0300] {logging_mixin.py:188} INFO - [2026-06-24T11:55:55.270+0300] {dag.py:3096} INFO - Sync 1 DAGs
[2026-06-24T11:55:55.278+0300] {logging_mixin.py:188} INFO - [2026-06-24T11:55:55.278+0300] {dag.py:3954} INFO - Setting next_dagrun for example_params_ui_tutorial to None, run_after=None
[2026-06-24T11:55:55.307+0300] {processor.py:183} INFO - Processing /media/data/omar/programming course/DEPI/DEPI project/anomx/venv/lib/python3.12/site-packages/airflow/example_dags/example_params_ui_tutorial.py took 0.092 seconds
[2026-06-24T11:56:47.860+0300] {processor.py:161} INFO - Started process (PID=13263) to work on /media/data/omar/programming course/DEPI/DEPI project/anomx/venv/lib/python3.12/site-packages/airflow/example_dags/example_params_ui_tutorial.py
[2026-06-24T11:56:47.861+0300] {processor.py:830} INFO - Processing file /media/data/omar/programming course/DEPI/DEPI project/anomx/venv/lib/python3.12/site-packages/airflow/example_dags/example_params_ui_tutorial.py for tasks to queue
[2026-06-24T11:56:47.863+0300] {logging_mixin.py:188} INFO - [2026-06-24T11:56:47.862+0300] {dagbag.py:540} INFO - Filling up the DagBag from /media/data/omar/programming course/DEPI/DEPI project/anomx/venv/lib/python3.12/site-packages/airflow/example_dags/example_params_ui_tutorial.py
[2026-06-24T11:56:47.872+0300] {processor.py:840} INFO - DAG(s) 'example_params_ui_tutorial' retrieved from /media/data/omar/programming course/DEPI/DEPI project/anomx/venv/lib/python3.12/site-packages/airflow/example_dags/example_params_ui_tutorial.py
[2026-06-24T11:56:47.904+0300] {logging_mixin.py:188} INFO - [2026-06-24T11:56:47.904+0300] {dag.py:3096} INFO - Sync 1 DAGs
[2026-06-24T11:56:47.913+0300] {logging_mixin.py:188} INFO - [2026-06-24T11:56:47.912+0300] {dag.py:3954} INFO - Setting next_dagrun for example_params_ui_tutorial to None, run_after=None
[2026-06-24T11:56:47.940+0300] {processor.py:183} INFO - Processing /media/data/omar/programming course/DEPI/DEPI project/anomx/venv/lib/python3.12/site-packages/airflow/example_dags/example_params_ui_tutorial.py took 0.085 seconds
[2026-06-24T11:57:40.483+0300] {processor.py:161} INFO - Started process (PID=13812) to work on /media/data/omar/programming course/DEPI/DEPI project/anomx/venv/lib/python3.12/site-packages/airflow/example_dags/example_params_ui_tutorial.py
[2026-06-24T11:57:40.484+0300] {processor.py:830} INFO - Processing file /media/data/omar/programming course/DEPI/DEPI project/anomx/venv/lib/python3.12/site-packages/airflow/example_dags/example_params_ui_tutorial.py for tasks to queue
[2026-06-24T11:57:40.487+0300] {logging_mixin.py:188} INFO - [2026-06-24T11:57:40.486+0300] {dagbag.py:540} INFO - Filling up the DagBag from /media/data/omar/programming course/DEPI/DEPI project/anomx/venv/lib/python3.12/site-packages/airflow/example_dags/example_params_ui_tutorial.py
[2026-06-24T11:57:40.506+0300] {processor.py:840} INFO - DAG(s) 'example_params_ui_tutorial' retrieved from /media/data/omar/programming course/DEPI/DEPI project/anomx/venv/lib/python3.12/site-packages/airflow/example_dags/example_params_ui_tutorial.py
[2026-06-24T11:57:40.546+0300] {logging_mixin.py:188} INFO - [2026-06-24T11:57:40.545+0300] {dag.py:3096} INFO - Sync 1 DAGs
[2026-06-24T11:57:40.557+0300] {logging_mixin.py:188} INFO - [2026-06-24T11:57:40.557+0300] {dag.py:3954} INFO - Setting next_dagrun for example_params_ui_tutorial to None, run_after=None
[2026-06-24T11:57:40.592+0300] {processor.py:183} INFO - Processing /media/data/omar/programming course/DEPI/DEPI project/anomx/venv/lib/python3.12/site-packages/airflow/example_dags/example_params_ui_tutorial.py took 0.118 seconds
[2026-06-24T12:36:42.968+0300] {processor.py:161} INFO - Started process (PID=28621) to work on /media/data/omar/programming course/DEPI/DEPI project/anomx/venv/lib/python3.12/site-packages/airflow/example_dags/example_params_ui_tutorial.py
[2026-06-24T12:36:42.969+0300] {processor.py:830} INFO - Processing file /media/data/omar/programming course/DEPI/DEPI project/anomx/venv/lib/python3.12/site-packages/airflow/example_dags/example_params_ui_tutorial.py for tasks to queue
[2026-06-24T12:36:42.970+0300] {logging_mixin.py:188} INFO - [2026-06-24T12:36:42.970+0300] {dagbag.py:540} INFO - Filling up the DagBag from /media/data/omar/programming course/DEPI/DEPI project/anomx/venv/lib/python3.12/site-packages/airflow/example_dags/example_params_ui_tutorial.py
[2026-06-24T12:36:42.982+0300] {processor.py:840} INFO - DAG(s) 'example_params_ui_tutorial' retrieved from /media/data/omar/programming course/DEPI/DEPI project/anomx/venv/lib/python3.12/site-packages/airflow/example_dags/example_params_ui_tutorial.py
[2026-06-24T12:36:43.018+0300] {logging_mixin.py:188} INFO - [2026-06-24T12:36:43.018+0300] {dag.py:3096} INFO - Sync 1 DAGs
[2026-06-24T12:36:43.027+0300] {logging_mixin.py:188} INFO - [2026-06-24T12:36:43.027+0300] {dag.py:3954} INFO - Setting next_dagrun for example_params_ui_tutorial to None, run_after=None
[2026-06-24T12:36:43.055+0300] {processor.py:183} INFO - Processing /media/data/omar/programming course/DEPI/DEPI project/anomx/venv/lib/python3.12/site-packages/airflow/example_dags/example_params_ui_tutorial.py took 0.092 seconds
[2026-06-24T12:37:35.906+0300] {processor.py:161} INFO - Started process (PID=29263) to work on /media/data/omar/programming course/DEPI/DEPI project/anomx/venv/lib/python3.12/site-packages/airflow/example_dags/example_params_ui_tutorial.py
[2026-06-24T12:37:35.907+0300] {processor.py:830} INFO - Processing file /media/data/omar/programming course/DEPI/DEPI project/anomx/venv/lib/python3.12/site-packages/airflow/example_dags/example_params_ui_tutorial.py for tasks to queue
[2026-06-24T12:37:35.908+0300] {logging_mixin.py:188} INFO - [2026-06-24T12:37:35.908+0300] {dagbag.py:540} INFO - Filling up the DagBag from /media/data/omar/programming course/DEPI/DEPI project/anomx/venv/lib/python3.12/site-packages/airflow/example_dags/example_params_ui_tutorial.py
[2026-06-24T12:37:35.918+0300] {processor.py:840} INFO - DAG(s) 'example_params_ui_tutorial' retrieved from /media/data/omar/programming course/DEPI/DEPI project/anomx/venv/lib/python3.12/site-packages/airflow/example_dags/example_params_ui_tutorial.py
[2026-06-24T12:37:35.954+0300] {logging_mixin.py:188} INFO - [2026-06-24T12:37:35.953+0300] {dag.py:3096} INFO - Sync 1 DAGs
[2026-06-24T12:37:35.962+0300] {logging_mixin.py:188} INFO - [2026-06-24T12:37:35.962+0300] {dag.py:3954} INFO - Setting next_dagrun for example_params_ui_tutorial to None, run_after=None
[2026-06-24T12:37:35.988+0300] {processor.py:183} INFO - Processing /media/data/omar/programming course/DEPI/DEPI project/anomx/venv/lib/python3.12/site-packages/airflow/example_dags/example_params_ui_tutorial.py took 0.087 seconds
[2026-06-24T12:38:27.736+0300] {processor.py:161} INFO - Started process (PID=29707) to work on /media/data/omar/programming course/DEPI/DEPI project/anomx/venv/lib/python3.12/site-packages/airflow/example_dags/example_params_ui_tutorial.py
[2026-06-24T12:38:27.736+0300] {processor.py:830} INFO - Processing file /media/data/omar/programming course/DEPI/DEPI project/anomx/venv/lib/python3.12/site-packages/airflow/example_dags/example_params_ui_tutorial.py for tasks to queue
[2026-06-24T12:38:27.737+0300] {logging_mixin.py:188} INFO - [2026-06-24T12:38:27.737+0300] {dagbag.py:540} INFO - Filling up the DagBag from /media/data/omar/programming course/DEPI/DEPI project/anomx/venv/lib/python3.12/site-packages/airflow/example_dags/example_params_ui_tutorial.py
[2026-06-24T12:38:27.748+0300] {processor.py:840} INFO - DAG(s) 'example_params_ui_tutorial' retrieved from /media/data/omar/programming course/DEPI/DEPI project/anomx/venv/lib/python3.12/site-packages/airflow/example_dags/example_params_ui_tutorial.py
[2026-06-24T12:38:27.783+0300] {logging_mixin.py:188} INFO - [2026-06-24T12:38:27.783+0300] {dag.py:3096} INFO - Sync 1 DAGs
[2026-06-24T12:38:27.791+0300] {logging_mixin.py:188} INFO - [2026-06-24T12:38:27.791+0300] {dag.py:3954} INFO - Setting next_dagrun for example_params_ui_tutorial to None, run_after=None
[2026-06-24T12:38:27.818+0300] {processor.py:183} INFO - Processing /media/data/omar/programming course/DEPI/DEPI project/anomx/venv/lib/python3.12/site-packages/airflow/example_dags/example_params_ui_tutorial.py took 0.088 seconds
[2026-06-24T12:39:15.689+0300] {processor.py:161} INFO - Started process (PID=30291) to work on /media/data/omar/programming course/DEPI/DEPI project/anomx/venv/lib/python3.12/site-packages/airflow/example_dags/example_params_ui_tutorial.py
[2026-06-24T12:39:15.690+0300] {processor.py:830} INFO - Processing file /media/data/omar/programming course/DEPI/DEPI project/anomx/venv/lib/python3.12/site-packages/airflow/example_dags/example_params_ui_tutorial.py for tasks to queue
[2026-06-24T12:39:15.691+0300] {logging_mixin.py:188} INFO - [2026-06-24T12:39:15.690+0300] {dagbag.py:540} INFO - Filling up the DagBag from /media/data/omar/programming course/DEPI/DEPI project/anomx/venv/lib/python3.12/site-packages/airflow/example_dags/example_params_ui_tutorial.py
[2026-06-24T12:39:15.701+0300] {processor.py:840} INFO - DAG(s) 'example_params_ui_tutorial' retrieved from /media/data/omar/programming course/DEPI/DEPI project/anomx/venv/lib/python3.12/site-packages/airflow/example_dags/example_params_ui_tutorial.py
[2026-06-24T12:39:15.735+0300] {logging_mixin.py:188} INFO - [2026-06-24T12:39:15.734+0300] {dag.py:3096} INFO - Sync 1 DAGs
[2026-06-24T12:39:15.743+0300] {logging_mixin.py:188} INFO - [2026-06-24T12:39:15.743+0300] {dag.py:3954} INFO - Setting next_dagrun for example_params_ui_tutorial to None, run_after=None
[2026-06-24T12:39:15.772+0300] {processor.py:183} INFO - Processing /media/data/omar/programming course/DEPI/DEPI project/anomx/venv/lib/python3.12/site-packages/airflow/example_dags/example_params_ui_tutorial.py took 0.088 seconds
[2026-06-24T12:40:01.389+0300] {processor.py:161} INFO - Started process (PID=30589) to work on /media/data/omar/programming course/DEPI/DEPI project/anomx/venv/lib/python3.12/site-packages/airflow/example_dags/example_params_ui_tutorial.py
[2026-06-24T12:40:01.390+0300] {processor.py:830} INFO - Processing file /media/data/omar/programming course/DEPI/DEPI project/anomx/venv/lib/python3.12/site-packages/airflow/example_dags/example_params_ui_tutorial.py for tasks to queue
[2026-06-24T12:40:01.391+0300] {logging_mixin.py:188} INFO - [2026-06-24T12:40:01.391+0300] {dagbag.py:540} INFO - Filling up the DagBag from /media/data/omar/programming course/DEPI/DEPI project/anomx/venv/lib/python3.12/site-packages/airflow/example_dags/example_params_ui_tutorial.py
[2026-06-24T12:40:01.402+0300] {processor.py:840} INFO - DAG(s) 'example_params_ui_tutorial' retrieved from /media/data/omar/programming course/DEPI/DEPI project/anomx/venv/lib/python3.12/site-packages/airflow/example_dags/example_params_ui_tutorial.py
[2026-06-24T12:40:01.441+0300] {logging_mixin.py:188} INFO - [2026-06-24T12:40:01.440+0300] {dag.py:3096} INFO - Sync 1 DAGs
[2026-06-24T12:40:01.449+0300] {logging_mixin.py:188} INFO - [2026-06-24T12:40:01.449+0300] {dag.py:3954} INFO - Setting next_dagrun for example_params_ui_tutorial to None, run_after=None
[2026-06-24T12:40:01.481+0300] {processor.py:183} INFO - Processing /media/data/omar/programming course/DEPI/DEPI project/anomx/venv/lib/python3.12/site-packages/airflow/example_dags/example_params_ui_tutorial.py took 0.096 seconds
[2026-06-24T12:41:26.087+0300] {processor.py:161} INFO - Started process (PID=31447) to work on /media/data/omar/programming course/DEPI/DEPI project/anomx/venv/lib/python3.12/site-packages/airflow/example_dags/example_params_ui_tutorial.py
[2026-06-24T12:41:26.088+0300] {processor.py:830} INFO - Processing file /media/data/omar/programming course/DEPI/DEPI project/anomx/venv/lib/python3.12/site-packages/airflow/example_dags/example_params_ui_tutorial.py for tasks to queue
[2026-06-24T12:41:26.089+0300] {logging_mixin.py:188} INFO - [2026-06-24T12:41:26.088+0300] {dagbag.py:540} INFO - Filling up the DagBag from /media/data/omar/programming course/DEPI/DEPI project/anomx/venv/lib/python3.12/site-packages/airflow/example_dags/example_params_ui_tutorial.py
[2026-06-24T12:41:26.100+0300] {processor.py:840} INFO - DAG(s) 'example_params_ui_tutorial' retrieved from /media/data/omar/programming course/DEPI/DEPI project/anomx/venv/lib/python3.12/site-packages/airflow/example_dags/example_params_ui_tutorial.py
[2026-06-24T12:41:26.136+0300] {logging_mixin.py:188} INFO - [2026-06-24T12:41:26.135+0300] {dag.py:3096} INFO - Sync 1 DAGs
[2026-06-24T12:41:26.146+0300] {logging_mixin.py:188} INFO - [2026-06-24T12:41:26.145+0300] {dag.py:3954} INFO - Setting next_dagrun for example_params_ui_tutorial to None, run_after=None
[2026-06-24T12:41:26.174+0300] {processor.py:183} INFO - Processing /media/data/omar/programming course/DEPI/DEPI project/anomx/venv/lib/python3.12/site-packages/airflow/example_dags/example_params_ui_tutorial.py took 0.093 seconds
[2026-06-24T12:42:18.946+0300] {processor.py:161} INFO - Started process (PID=32090) to work on /media/data/omar/programming course/DEPI/DEPI project/anomx/venv/lib/python3.12/site-packages/airflow/example_dags/example_params_ui_tutorial.py
[2026-06-24T12:42:18.947+0300] {processor.py:830} INFO - Processing file /media/data/omar/programming course/DEPI/DEPI project/anomx/venv/lib/python3.12/site-packages/airflow/example_dags/example_params_ui_tutorial.py for tasks to queue
[2026-06-24T12:42:18.948+0300] {logging_mixin.py:188} INFO - [2026-06-24T12:42:18.948+0300] {dagbag.py:540} INFO - Filling up the DagBag from /media/data/omar/programming course/DEPI/DEPI project/anomx/venv/lib/python3.12/site-packages/airflow/example_dags/example_params_ui_tutorial.py
[2026-06-24T12:42:18.961+0300] {processor.py:840} INFO - DAG(s) 'example_params_ui_tutorial' retrieved from /media/data/omar/programming course/DEPI/DEPI project/anomx/venv/lib/python3.12/site-packages/airflow/example_dags/example_params_ui_tutorial.py
[2026-06-24T12:42:19.002+0300] {logging_mixin.py:188} INFO - [2026-06-24T12:42:19.001+0300] {dag.py:3096} INFO - Sync 1 DAGs
[2026-06-24T12:42:19.012+0300] {logging_mixin.py:188} INFO - [2026-06-24T12:42:19.012+0300] {dag.py:3954} INFO - Setting next_dagrun for example_params_ui_tutorial to None, run_after=None
[2026-06-24T12:42:19.048+0300] {processor.py:183} INFO - Processing /media/data/omar/programming course/DEPI/DEPI project/anomx/venv/lib/python3.12/site-packages/airflow/example_dags/example_params_ui_tutorial.py took 0.107 seconds
[2026-06-24T12:43:08.970+0300] {processor.py:161} INFO - Started process (PID=32392) to work on /media/data/omar/programming course/DEPI/DEPI project/anomx/venv/lib/python3.12/site-packages/airflow/example_dags/example_params_ui_tutorial.py
[2026-06-24T12:43:08.971+0300] {processor.py:830} INFO - Processing file /media/data/omar/programming course/DEPI/DEPI project/anomx/venv/lib/python3.12/site-packages/airflow/example_dags/example_params_ui_tutorial.py for tasks to queue
[2026-06-24T12:43:08.972+0300] {logging_mixin.py:188} INFO - [2026-06-24T12:43:08.971+0300] {dagbag.py:540} INFO - Filling up the DagBag from /media/data/omar/programming course/DEPI/DEPI project/anomx/venv/lib/python3.12/site-packages/airflow/example_dags/example_params_ui_tutorial.py
[2026-06-24T12:43:08.983+0300] {processor.py:840} INFO - DAG(s) 'example_params_ui_tutorial' retrieved from /media/data/omar/programming course/DEPI/DEPI project/anomx/venv/lib/python3.12/site-packages/airflow/example_dags/example_params_ui_tutorial.py
[2026-06-24T12:43:09.018+0300] {logging_mixin.py:188} INFO - [2026-06-24T12:43:09.018+0300] {dag.py:3096} INFO - Sync 1 DAGs
[2026-06-24T12:43:09.028+0300] {logging_mixin.py:188} INFO - [2026-06-24T12:43:09.028+0300] {dag.py:3954} INFO - Setting next_dagrun for example_params_ui_tutorial to None, run_after=None
[2026-06-24T12:43:09.060+0300] {processor.py:183} INFO - Processing /media/data/omar/programming course/DEPI/DEPI project/anomx/venv/lib/python3.12/site-packages/airflow/example_dags/example_params_ui_tutorial.py took 0.096 seconds
[2026-06-24T12:44:01.091+0300] {processor.py:161} INFO - Started process (PID=33012) to work on /media/data/omar/programming course/DEPI/DEPI project/anomx/venv/lib/python3.12/site-packages/airflow/example_dags/example_params_ui_tutorial.py
[2026-06-24T12:44:01.092+0300] {processor.py:830} INFO - Processing file /media/data/omar/programming course/DEPI/DEPI project/anomx/venv/lib/python3.12/site-packages/airflow/example_dags/example_params_ui_tutorial.py for tasks to queue
[2026-06-24T12:44:01.093+0300] {logging_mixin.py:188} INFO - [2026-06-24T12:44:01.093+0300] {dagbag.py:540} INFO - Filling up the DagBag from /media/data/omar/programming course/DEPI/DEPI project/anomx/venv/lib/python3.12/site-packages/airflow/example_dags/example_params_ui_tutorial.py
[2026-06-24T12:44:01.103+0300] {processor.py:840} INFO - DAG(s) 'example_params_ui_tutorial' retrieved from /media/data/omar/programming course/DEPI/DEPI project/anomx/venv/lib/python3.12/site-packages/airflow/example_dags/example_params_ui_tutorial.py
[2026-06-24T12:44:01.138+0300] {logging_mixin.py:188} INFO - [2026-06-24T12:44:01.137+0300] {dag.py:3096} INFO - Sync 1 DAGs
[2026-06-24T12:44:01.149+0300] {logging_mixin.py:188} INFO - [2026-06-24T12:44:01.148+0300] {dag.py:3954} INFO - Setting next_dagrun for example_params_ui_tutorial to None, run_after=None
[2026-06-24T12:44:01.179+0300] {processor.py:183} INFO - Processing /media/data/omar/programming course/DEPI/DEPI project/anomx/venv/lib/python3.12/site-packages/airflow/example_dags/example_params_ui_tutorial.py took 0.093 seconds
[2026-06-24T12:44:51.886+0300] {processor.py:161} INFO - Started process (PID=33345) to work on /media/data/omar/programming course/DEPI/DEPI project/anomx/venv/lib/python3.12/site-packages/airflow/example_dags/example_params_ui_tutorial.py
[2026-06-24T12:44:51.887+0300] {processor.py:830} INFO - Processing file /media/data/omar/programming course/DEPI/DEPI project/anomx/venv/lib/python3.12/site-packages/airflow/example_dags/example_params_ui_tutorial.py for tasks to queue
[2026-06-24T12:44:51.889+0300] {logging_mixin.py:188} INFO - [2026-06-24T12:44:51.888+0300] {dagbag.py:540} INFO - Filling up the DagBag from /media/data/omar/programming course/DEPI/DEPI project/anomx/venv/lib/python3.12/site-packages/airflow/example_dags/example_params_ui_tutorial.py
[2026-06-24T12:44:51.904+0300] {processor.py:840} INFO - DAG(s) 'example_params_ui_tutorial' retrieved from /media/data/omar/programming course/DEPI/DEPI project/anomx/venv/lib/python3.12/site-packages/airflow/example_dags/example_params_ui_tutorial.py
[2026-06-24T12:44:51.943+0300] {logging_mixin.py:188} INFO - [2026-06-24T12:44:51.942+0300] {dag.py:3096} INFO - Sync 1 DAGs
[2026-06-24T12:44:51.951+0300] {logging_mixin.py:188} INFO - [2026-06-24T12:44:51.951+0300] {dag.py:3954} INFO - Setting next_dagrun for example_params_ui_tutorial to None, run_after=None
[2026-06-24T12:44:51.978+0300] {processor.py:183} INFO - Processing /media/data/omar/programming course/DEPI/DEPI project/anomx/venv/lib/python3.12/site-packages/airflow/example_dags/example_params_ui_tutorial.py took 0.100 seconds
[2026-06-24T12:45:42.525+0300] {processor.py:161} INFO - Started process (PID=33953) to work on /media/data/omar/programming course/DEPI/DEPI project/anomx/venv/lib/python3.12/site-packages/airflow/example_dags/example_params_ui_tutorial.py
[2026-06-24T12:45:42.526+0300] {processor.py:830} INFO - Processing file /media/data/omar/programming course/DEPI/DEPI project/anomx/venv/lib/python3.12/site-packages/airflow/example_dags/example_params_ui_tutorial.py for tasks to queue
[2026-06-24T12:45:42.527+0300] {logging_mixin.py:188} INFO - [2026-06-24T12:45:42.526+0300] {dagbag.py:540} INFO - Filling up the DagBag from /media/data/omar/programming course/DEPI/DEPI project/anomx/venv/lib/python3.12/site-packages/airflow/example_dags/example_params_ui_tutorial.py
[2026-06-24T12:45:42.537+0300] {processor.py:840} INFO - DAG(s) 'example_params_ui_tutorial' retrieved from /media/data/omar/programming course/DEPI/DEPI project/anomx/venv/lib/python3.12/site-packages/airflow/example_dags/example_params_ui_tutorial.py
[2026-06-24T12:45:42.571+0300] {logging_mixin.py:188} INFO - [2026-06-24T12:45:42.571+0300] {dag.py:3096} INFO - Sync 1 DAGs
[2026-06-24T12:45:42.580+0300] {logging_mixin.py:188} INFO - [2026-06-24T12:45:42.580+0300] {dag.py:3954} INFO - Setting next_dagrun for example_params_ui_tutorial to None, run_after=None
[2026-06-24T12:45:42.607+0300] {processor.py:183} INFO - Processing /media/data/omar/programming course/DEPI/DEPI project/anomx/venv/lib/python3.12/site-packages/airflow/example_dags/example_params_ui_tutorial.py took 0.086 seconds
[2026-06-24T12:46:32.014+0300] {processor.py:161} INFO - Started process (PID=34270) to work on /media/data/omar/programming course/DEPI/DEPI project/anomx/venv/lib/python3.12/site-packages/airflow/example_dags/example_params_ui_tutorial.py
[2026-06-24T12:46:32.015+0300] {processor.py:830} INFO - Processing file /media/data/omar/programming course/DEPI/DEPI project/anomx/venv/lib/python3.12/site-packages/airflow/example_dags/example_params_ui_tutorial.py for tasks to queue
[2026-06-24T12:46:32.016+0300] {logging_mixin.py:188} INFO - [2026-06-24T12:46:32.015+0300] {dagbag.py:540} INFO - Filling up the DagBag from /media/data/omar/programming course/DEPI/DEPI project/anomx/venv/lib/python3.12/site-packages/airflow/example_dags/example_params_ui_tutorial.py
[2026-06-24T12:46:32.028+0300] {processor.py:840} INFO - DAG(s) 'example_params_ui_tutorial' retrieved from /media/data/omar/programming course/DEPI/DEPI project/anomx/venv/lib/python3.12/site-packages/airflow/example_dags/example_params_ui_tutorial.py
[2026-06-24T12:46:32.069+0300] {logging_mixin.py:188} INFO - [2026-06-24T12:46:32.069+0300] {dag.py:3096} INFO - Sync 1 DAGs
[2026-06-24T12:46:32.080+0300] {logging_mixin.py:188} INFO - [2026-06-24T12:46:32.080+0300] {dag.py:3954} INFO - Setting next_dagrun for example_params_ui_tutorial to None, run_after=None
[2026-06-24T12:46:32.112+0300] {processor.py:183} INFO - Processing /media/data/omar/programming course/DEPI/DEPI project/anomx/venv/lib/python3.12/site-packages/airflow/example_dags/example_params_ui_tutorial.py took 0.104 seconds
[2026-06-24T12:47:21.196+0300] {processor.py:161} INFO - Started process (PID=34887) to work on /media/data/omar/programming course/DEPI/DEPI project/anomx/venv/lib/python3.12/site-packages/airflow/example_dags/example_params_ui_tutorial.py
[2026-06-24T12:47:21.197+0300] {processor.py:830} INFO - Processing file /media/data/omar/programming course/DEPI/DEPI project/anomx/venv/lib/python3.12/site-packages/airflow/example_dags/example_params_ui_tutorial.py for tasks to queue
[2026-06-24T12:47:21.198+0300] {logging_mixin.py:188} INFO - [2026-06-24T12:47:21.198+0300] {dagbag.py:540} INFO - Filling up the DagBag from /media/data/omar/programming course/DEPI/DEPI project/anomx/venv/lib/python3.12/site-packages/airflow/example_dags/example_params_ui_tutorial.py
[2026-06-24T12:47:21.212+0300] {processor.py:840} INFO - DAG(s) 'example_params_ui_tutorial' retrieved from /media/data/omar/programming course/DEPI/DEPI project/anomx/venv/lib/python3.12/site-packages/airflow/example_dags/example_params_ui_tutorial.py
[2026-06-24T12:47:21.254+0300] {logging_mixin.py:188} INFO - [2026-06-24T12:47:21.254+0300] {dag.py:3096} INFO - Sync 1 DAGs
[2026-06-24T12:47:21.266+0300] {logging_mixin.py:188} INFO - [2026-06-24T12:47:21.266+0300] {dag.py:3954} INFO - Setting next_dagrun for example_params_ui_tutorial to None, run_after=None
[2026-06-24T12:47:21.300+0300] {processor.py:183} INFO - Processing /media/data/omar/programming course/DEPI/DEPI project/anomx/venv/lib/python3.12/site-packages/airflow/example_dags/example_params_ui_tutorial.py took 0.111 seconds
[2026-06-24T12:48:18.591+0300] {processor.py:161} INFO - Started process (PID=35218) to work on /media/data/omar/programming course/DEPI/DEPI project/anomx/venv/lib/python3.12/site-packages/airflow/example_dags/example_params_ui_tutorial.py
[2026-06-24T12:48:18.593+0300] {processor.py:830} INFO - Processing file /media/data/omar/programming course/DEPI/DEPI project/anomx/venv/lib/python3.12/site-packages/airflow/example_dags/example_params_ui_tutorial.py for tasks to queue
[2026-06-24T12:48:18.595+0300] {logging_mixin.py:188} INFO - [2026-06-24T12:48:18.594+0300] {dagbag.py:540} INFO - Filling up the DagBag from /media/data/omar/programming course/DEPI/DEPI project/anomx/venv/lib/python3.12/site-packages/airflow/example_dags/example_params_ui_tutorial.py
[2026-06-24T12:48:18.618+0300] {processor.py:840} INFO - DAG(s) 'example_params_ui_tutorial' retrieved from /media/data/omar/programming course/DEPI/DEPI project/anomx/venv/lib/python3.12/site-packages/airflow/example_dags/example_params_ui_tutorial.py
[2026-06-24T12:48:18.656+0300] {logging_mixin.py:188} INFO - [2026-06-24T12:48:18.655+0300] {dag.py:3096} INFO - Sync 1 DAGs
[2026-06-24T12:48:18.665+0300] {logging_mixin.py:188} INFO - [2026-06-24T12:48:18.665+0300] {dag.py:3954} INFO - Setting next_dagrun for example_params_ui_tutorial to None, run_after=None
[2026-06-24T12:48:18.693+0300] {processor.py:183} INFO - Processing /media/data/omar/programming course/DEPI/DEPI project/anomx/venv/lib/python3.12/site-packages/airflow/example_dags/example_params_ui_tutorial.py took 0.115 seconds
[2026-06-24T12:49:11.421+0300] {processor.py:161} INFO - Started process (PID=35834) to work on /media/data/omar/programming course/DEPI/DEPI project/anomx/venv/lib/python3.12/site-packages/airflow/example_dags/example_params_ui_tutorial.py
[2026-06-24T12:49:11.422+0300] {processor.py:830} INFO - Processing file /media/data/omar/programming course/DEPI/DEPI project/anomx/venv/lib/python3.12/site-packages/airflow/example_dags/example_params_ui_tutorial.py for tasks to queue
[2026-06-24T12:49:11.423+0300] {logging_mixin.py:188} INFO - [2026-06-24T12:49:11.422+0300] {dagbag.py:540} INFO - Filling up the DagBag from /media/data/omar/programming course/DEPI/DEPI project/anomx/venv/lib/python3.12/site-packages/airflow/example_dags/example_params_ui_tutorial.py
[2026-06-24T12:49:11.441+0300] {processor.py:840} INFO - DAG(s) 'example_params_ui_tutorial' retrieved from /media/data/omar/programming course/DEPI/DEPI project/anomx/venv/lib/python3.12/site-packages/airflow/example_dags/example_params_ui_tutorial.py
[2026-06-24T12:49:11.507+0300] {logging_mixin.py:188} INFO - [2026-06-24T12:49:11.507+0300] {dag.py:3096} INFO - Sync 1 DAGs
[2026-06-24T12:49:11.522+0300] {logging_mixin.py:188} INFO - [2026-06-24T12:49:11.522+0300] {dag.py:3954} INFO - Setting next_dagrun for example_params_ui_tutorial to None, run_after=None
[2026-06-24T12:49:11.557+0300] {processor.py:183} INFO - Processing /media/data/omar/programming course/DEPI/DEPI project/anomx/venv/lib/python3.12/site-packages/airflow/example_dags/example_params_ui_tutorial.py took 0.142 seconds
[2026-06-24T12:50:05.464+0300] {processor.py:161} INFO - Started process (PID=36160) to work on /media/data/omar/programming course/DEPI/DEPI project/anomx/venv/lib/python3.12/site-packages/airflow/example_dags/example_params_ui_tutorial.py
[2026-06-24T12:50:05.466+0300] {processor.py:830} INFO - Processing file /media/data/omar/programming course/DEPI/DEPI project/anomx/venv/lib/python3.12/site-packages/airflow/example_dags/example_params_ui_tutorial.py for tasks to queue
[2026-06-24T12:50:05.468+0300] {logging_mixin.py:188} INFO - [2026-06-24T12:50:05.467+0300] {dagbag.py:540} INFO - Filling up the DagBag from /media/data/omar/programming course/DEPI/DEPI project/anomx/venv/lib/python3.12/site-packages/airflow/example_dags/example_params_ui_tutorial.py
[2026-06-24T12:50:05.484+0300] {processor.py:840} INFO - DAG(s) 'example_params_ui_tutorial' retrieved from /media/data/omar/programming course/DEPI/DEPI project/anomx/venv/lib/python3.12/site-packages/airflow/example_dags/example_params_ui_tutorial.py
[2026-06-24T12:50:05.518+0300] {logging_mixin.py:188} INFO - [2026-06-24T12:50:05.518+0300] {dag.py:3096} INFO - Sync 1 DAGs
[2026-06-24T12:50:05.527+0300] {logging_mixin.py:188} INFO - [2026-06-24T12:50:05.527+0300] {dag.py:3954} INFO - Setting next_dagrun for example_params_ui_tutorial to None, run_after=None
[2026-06-24T12:50:05.555+0300] {processor.py:183} INFO - Processing /media/data/omar/programming course/DEPI/DEPI project/anomx/venv/lib/python3.12/site-packages/airflow/example_dags/example_params_ui_tutorial.py took 0.108 seconds
[2026-06-24T12:50:59.273+0300] {processor.py:161} INFO - Started process (PID=36849) to work on /media/data/omar/programming course/DEPI/DEPI project/anomx/venv/lib/python3.12/site-packages/airflow/example_dags/example_params_ui_tutorial.py
[2026-06-24T12:50:59.275+0300] {processor.py:830} INFO - Processing file /media/data/omar/programming course/DEPI/DEPI project/anomx/venv/lib/python3.12/site-packages/airflow/example_dags/example_params_ui_tutorial.py for tasks to queue
[2026-06-24T12:50:59.277+0300] {logging_mixin.py:188} INFO - [2026-06-24T12:50:59.276+0300] {dagbag.py:540} INFO - Filling up the DagBag from /media/data/omar/programming course/DEPI/DEPI project/anomx/venv/lib/python3.12/site-packages/airflow/example_dags/example_params_ui_tutorial.py
[2026-06-24T12:50:59.291+0300] {processor.py:840} INFO - DAG(s) 'example_params_ui_tutorial' retrieved from /media/data/omar/programming course/DEPI/DEPI project/anomx/venv/lib/python3.12/site-packages/airflow/example_dags/example_params_ui_tutorial.py
[2026-06-24T12:50:59.329+0300] {logging_mixin.py:188} INFO - [2026-06-24T12:50:59.329+0300] {dag.py:3096} INFO - Sync 1 DAGs
[2026-06-24T12:50:59.339+0300] {logging_mixin.py:188} INFO - [2026-06-24T12:50:59.339+0300] {dag.py:3954} INFO - Setting next_dagrun for example_params_ui_tutorial to None, run_after=None
[2026-06-24T12:50:59.367+0300] {processor.py:183} INFO - Processing /media/data/omar/programming course/DEPI/DEPI project/anomx/venv/lib/python3.12/site-packages/airflow/example_dags/example_params_ui_tutorial.py took 0.106 seconds
[2026-06-24T12:51:51.957+0300] {processor.py:161} INFO - Started process (PID=37181) to work on /media/data/omar/programming course/DEPI/DEPI project/anomx/venv/lib/python3.12/site-packages/airflow/example_dags/example_params_ui_tutorial.py
[2026-06-24T12:51:51.959+0300] {processor.py:830} INFO - Processing file /media/data/omar/programming course/DEPI/DEPI project/anomx/venv/lib/python3.12/site-packages/airflow/example_dags/example_params_ui_tutorial.py for tasks to queue
[2026-06-24T12:51:51.961+0300] {logging_mixin.py:188} INFO - [2026-06-24T12:51:51.960+0300] {dagbag.py:540} INFO - Filling up the DagBag from /media/data/omar/programming course/DEPI/DEPI project/anomx/venv/lib/python3.12/site-packages/airflow/example_dags/example_params_ui_tutorial.py
[2026-06-24T12:51:51.976+0300] {processor.py:840} INFO - DAG(s) 'example_params_ui_tutorial' retrieved from /media/data/omar/programming course/DEPI/DEPI project/anomx/venv/lib/python3.12/site-packages/airflow/example_dags/example_params_ui_tutorial.py
[2026-06-24T12:51:52.016+0300] {logging_mixin.py:188} INFO - [2026-06-24T12:51:52.016+0300] {dag.py:3096} INFO - Sync 1 DAGs
[2026-06-24T12:51:52.026+0300] {logging_mixin.py:188} INFO - [2026-06-24T12:51:52.025+0300] {dag.py:3954} INFO - Setting next_dagrun for example_params_ui_tutorial to None, run_after=None
[2026-06-24T12:51:52.055+0300] {processor.py:183} INFO - Processing /media/data/omar/programming course/DEPI/DEPI project/anomx/venv/lib/python3.12/site-packages/airflow/example_dags/example_params_ui_tutorial.py took 0.110 seconds
[2026-06-24T12:52:42.594+0300] {processor.py:161} INFO - Started process (PID=37763) to work on /media/data/omar/programming course/DEPI/DEPI project/anomx/venv/lib/python3.12/site-packages/airflow/example_dags/example_params_ui_tutorial.py
[2026-06-24T12:52:42.595+0300] {processor.py:830} INFO - Processing file /media/data/omar/programming course/DEPI/DEPI project/anomx/venv/lib/python3.12/site-packages/airflow/example_dags/example_params_ui_tutorial.py for tasks to queue
[2026-06-24T12:52:42.597+0300] {logging_mixin.py:188} INFO - [2026-06-24T12:52:42.596+0300] {dagbag.py:540} INFO - Filling up the DagBag from /media/data/omar/programming course/DEPI/DEPI project/anomx/venv/lib/python3.12/site-packages/airflow/example_dags/example_params_ui_tutorial.py
[2026-06-24T12:52:42.609+0300] {processor.py:840} INFO - DAG(s) 'example_params_ui_tutorial' retrieved from /media/data/omar/programming course/DEPI/DEPI project/anomx/venv/lib/python3.12/site-packages/airflow/example_dags/example_params_ui_tutorial.py
[2026-06-24T12:52:42.649+0300] {logging_mixin.py:188} INFO - [2026-06-24T12:52:42.649+0300] {dag.py:3096} INFO - Sync 1 DAGs
[2026-06-24T12:52:42.661+0300] {logging_mixin.py:188} INFO - [2026-06-24T12:52:42.660+0300] {dag.py:3954} INFO - Setting next_dagrun for example_params_ui_tutorial to None, run_after=None
[2026-06-24T12:52:42.700+0300] {processor.py:183} INFO - Processing /media/data/omar/programming course/DEPI/DEPI project/anomx/venv/lib/python3.12/site-packages/airflow/example_dags/example_params_ui_tutorial.py took 0.111 seconds
[2026-06-24T12:53:34.609+0300] {processor.py:161} INFO - Started process (PID=38114) to work on /media/data/omar/programming course/DEPI/DEPI project/anomx/venv/lib/python3.12/site-packages/airflow/example_dags/example_params_ui_tutorial.py
[2026-06-24T12:53:34.610+0300] {processor.py:830} INFO - Processing file /media/data/omar/programming course/DEPI/DEPI project/anomx/venv/lib/python3.12/site-packages/airflow/example_dags/example_params_ui_tutorial.py for tasks to queue
[2026-06-24T12:53:34.612+0300] {logging_mixin.py:188} INFO - [2026-06-24T12:53:34.611+0300] {dagbag.py:540} INFO - Filling up the DagBag from /media/data/omar/programming course/DEPI/DEPI project/anomx/venv/lib/python3.12/site-packages/airflow/example_dags/example_params_ui_tutorial.py
[2026-06-24T12:53:34.630+0300] {processor.py:840} INFO - DAG(s) 'example_params_ui_tutorial' retrieved from /media/data/omar/programming course/DEPI/DEPI project/anomx/venv/lib/python3.12/site-packages/airflow/example_dags/example_params_ui_tutorial.py
[2026-06-24T12:53:34.671+0300] {logging_mixin.py:188} INFO - [2026-06-24T12:53:34.670+0300] {dag.py:3096} INFO - Sync 1 DAGs
[2026-06-24T12:53:34.680+0300] {logging_mixin.py:188} INFO - [2026-06-24T12:53:34.680+0300] {dag.py:3954} INFO - Setting next_dagrun for example_params_ui_tutorial to None, run_after=None
[2026-06-24T12:53:34.713+0300] {processor.py:183} INFO - Processing /media/data/omar/programming course/DEPI/DEPI project/anomx/venv/lib/python3.12/site-packages/airflow/example_dags/example_params_ui_tutorial.py took 0.118 seconds
[2026-06-24T12:54:27.888+0300] {processor.py:161} INFO - Started process (PID=38745) to work on /media/data/omar/programming course/DEPI/DEPI project/anomx/venv/lib/python3.12/site-packages/airflow/example_dags/example_params_ui_tutorial.py
[2026-06-24T12:54:27.889+0300] {processor.py:830} INFO - Processing file /media/data/omar/programming course/DEPI/DEPI project/anomx/venv/lib/python3.12/site-packages/airflow/example_dags/example_params_ui_tutorial.py for tasks to queue
[2026-06-24T12:54:27.890+0300] {logging_mixin.py:188} INFO - [2026-06-24T12:54:27.889+0300] {dagbag.py:540} INFO - Filling up the DagBag from /media/data/omar/programming course/DEPI/DEPI project/anomx/venv/lib/python3.12/site-packages/airflow/example_dags/example_params_ui_tutorial.py
[2026-06-24T12:54:27.902+0300] {processor.py:840} INFO - DAG(s) 'example_params_ui_tutorial' retrieved from /media/data/omar/programming course/DEPI/DEPI project/anomx/venv/lib/python3.12/site-packages/airflow/example_dags/example_params_ui_tutorial.py
[2026-06-24T12:54:27.945+0300] {logging_mixin.py:188} INFO - [2026-06-24T12:54:27.944+0300] {dag.py:3096} INFO - Sync 1 DAGs
[2026-06-24T12:54:27.955+0300] {logging_mixin.py:188} INFO - [2026-06-24T12:54:27.955+0300] {dag.py:3954} INFO - Setting next_dagrun for example_params_ui_tutorial to None, run_after=None
[2026-06-24T12:54:27.987+0300] {processor.py:183} INFO - Processing /media/data/omar/programming course/DEPI/DEPI project/anomx/venv/lib/python3.12/site-packages/airflow/example_dags/example_params_ui_tutorial.py took 0.105 seconds
[2026-06-24T12:55:25.458+0300] {processor.py:161} INFO - Started process (PID=39090) to work on /media/data/omar/programming course/DEPI/DEPI project/anomx/venv/lib/python3.12/site-packages/airflow/example_dags/example_params_ui_tutorial.py
[2026-06-24T12:55:25.458+0300] {processor.py:830} INFO - Processing file /media/data/omar/programming course/DEPI/DEPI project/anomx/venv/lib/python3.12/site-packages/airflow/example_dags/example_params_ui_tutorial.py for tasks to queue
[2026-06-24T12:55:25.459+0300] {logging_mixin.py:188} INFO - [2026-06-24T12:55:25.459+0300] {dagbag.py:540} INFO - Filling up the DagBag from /media/data/omar/programming course/DEPI/DEPI project/anomx/venv/lib/python3.12/site-packages/airflow/example_dags/example_params_ui_tutorial.py
[2026-06-24T12:55:25.469+0300] {processor.py:840} INFO - DAG(s) 'example_params_ui_tutorial' retrieved from /media/data/omar/programming course/DEPI/DEPI project/anomx/venv/lib/python3.12/site-packages/airflow/example_dags/example_params_ui_tutorial.py
[2026-06-24T12:55:25.500+0300] {logging_mixin.py:188} INFO - [2026-06-24T12:55:25.500+0300] {dag.py:3096} INFO - Sync 1 DAGs
[2026-06-24T12:55:25.508+0300] {logging_mixin.py:188} INFO - [2026-06-24T12:55:25.508+0300] {dag.py:3954} INFO - Setting next_dagrun for example_params_ui_tutorial to None, run_after=None
[2026-06-24T12:55:25.534+0300] {processor.py:183} INFO - Processing /media/data/omar/programming course/DEPI/DEPI project/anomx/venv/lib/python3.12/site-packages/airflow/example_dags/example_params_ui_tutorial.py took 0.081 seconds
[2026-06-24T12:56:37.964+0300] {processor.py:161} INFO - Started process (PID=39790) to work on /media/data/omar/programming course/DEPI/DEPI project/anomx/venv/lib/python3.12/site-packages/airflow/example_dags/example_params_ui_tutorial.py
[2026-06-24T12:56:37.965+0300] {processor.py:830} INFO - Processing file /media/data/omar/programming course/DEPI/DEPI project/anomx/venv/lib/python3.12/site-packages/airflow/example_dags/example_params_ui_tutorial.py for tasks to queue
[2026-06-24T12:56:37.966+0300] {logging_mixin.py:188} INFO - [2026-06-24T12:56:37.966+0300] {dagbag.py:540} INFO - Filling up the DagBag from /media/data/omar/programming course/DEPI/DEPI project/anomx/venv/lib/python3.12/site-packages/airflow/example_dags/example_params_ui_tutorial.py
[2026-06-24T12:56:37.976+0300] {processor.py:840} INFO - DAG(s) 'example_params_ui_tutorial' retrieved from /media/data/omar/programming course/DEPI/DEPI project/anomx/venv/lib/python3.12/site-packages/airflow/example_dags/example_params_ui_tutorial.py
[2026-06-24T12:56:38.011+0300] {logging_mixin.py:188} INFO - [2026-06-24T12:56:38.011+0300] {dag.py:3096} INFO - Sync 1 DAGs
[2026-06-24T12:56:38.020+0300] {logging_mixin.py:188} INFO - [2026-06-24T12:56:38.019+0300] {dag.py:3954} INFO - Setting next_dagrun for example_params_ui_tutorial to None, run_after=None
[2026-06-24T12:56:38.047+0300] {processor.py:183} INFO - Processing /media/data/omar/programming course/DEPI/DEPI project/anomx/venv/lib/python3.12/site-packages/airflow/example_dags/example_params_ui_tutorial.py took 0.087 seconds
[2026-06-24T12:57:34.086+0300] {processor.py:161} INFO - Started process (PID=40159) to work on /media/data/omar/programming course/DEPI/DEPI project/anomx/venv/lib/python3.12/site-packages/airflow/example_dags/example_params_ui_tutorial.py
[2026-06-24T12:57:34.087+0300] {processor.py:830} INFO - Processing file /media/data/omar/programming course/DEPI/DEPI project/anomx/venv/lib/python3.12/site-packages/airflow/example_dags/example_params_ui_tutorial.py for tasks to queue
[2026-06-24T12:57:34.089+0300] {logging_mixin.py:188} INFO - [2026-06-24T12:57:34.088+0300] {dagbag.py:540} INFO - Filling up the DagBag from /media/data/omar/programming course/DEPI/DEPI project/anomx/venv/lib/python3.12/site-packages/airflow/example_dags/example_params_ui_tutorial.py
[2026-06-24T12:57:34.101+0300] {processor.py:840} INFO - DAG(s) 'example_params_ui_tutorial' retrieved from /media/data/omar/programming course/DEPI/DEPI project/anomx/venv/lib/python3.12/site-packages/airflow/example_dags/example_params_ui_tutorial.py
[2026-06-24T12:57:34.145+0300] {logging_mixin.py:188} INFO - [2026-06-24T12:57:34.144+0300] {dag.py:3096} INFO - Sync 1 DAGs
[2026-06-24T12:57:34.157+0300] {logging_mixin.py:188} INFO - [2026-06-24T12:57:34.157+0300] {dag.py:3954} INFO - Setting next_dagrun for example_params_ui_tutorial to None, run_after=None
[2026-06-24T12:57:34.196+0300] {processor.py:183} INFO - Processing /media/data/omar/programming course/DEPI/DEPI project/anomx/venv/lib/python3.12/site-packages/airflow/example_dags/example_params_ui_tutorial.py took 0.117 seconds
[2026-06-24T12:58:27.056+0300] {processor.py:161} INFO - Started process (PID=40771) to work on /media/data/omar/programming course/DEPI/DEPI project/anomx/venv/lib/python3.12/site-packages/airflow/example_dags/example_params_ui_tutorial.py
[2026-06-24T12:58:27.057+0300] {processor.py:830} INFO - Processing file /media/data/omar/programming course/DEPI/DEPI project/anomx/venv/lib/python3.12/site-packages/airflow/example_dags/example_params_ui_tutorial.py for tasks to queue
[2026-06-24T12:58:27.058+0300] {logging_mixin.py:188} INFO - [2026-06-24T12:58:27.057+0300] {dagbag.py:540} INFO - Filling up the DagBag from /media/data/omar/programming course/DEPI/DEPI project/anomx/venv/lib/python3.12/site-packages/airflow/example_dags/example_params_ui_tutorial.py
[2026-06-24T12:58:27.070+0300] {processor.py:840} INFO - DAG(s) 'example_params_ui_tutorial' retrieved from /media/data/omar/programming course/DEPI/DEPI project/anomx/venv/lib/python3.12/site-packages/airflow/example_dags/example_params_ui_tutorial.py
[2026-06-24T12:58:27.110+0300] {logging_mixin.py:188} INFO - [2026-06-24T12:58:27.110+0300] {dag.py:3096} INFO - Sync 1 DAGs
[2026-06-24T12:58:27.121+0300] {logging_mixin.py:188} INFO - [2026-06-24T12:58:27.120+0300] {dag.py:3954} INFO - Setting next_dagrun for example_params_ui_tutorial to None, run_after=None
[2026-06-24T12:58:27.153+0300] {processor.py:183} INFO - Processing /media/data/omar/programming course/DEPI/DEPI project/anomx/venv/lib/python3.12/site-packages/airflow/example_dags/example_params_ui_tutorial.py took 0.103 seconds
[2026-06-24T12:59:18.560+0300] {processor.py:161} INFO - Started process (PID=41072) to work on /media/data/omar/programming course/DEPI/DEPI project/anomx/venv/lib/python3.12/site-packages/airflow/example_dags/example_params_ui_tutorial.py
[2026-06-24T12:59:18.561+0300] {processor.py:830} INFO - Processing file /media/data/omar/programming course/DEPI/DEPI project/anomx/venv/lib/python3.12/site-packages/airflow/example_dags/example_params_ui_tutorial.py for tasks to queue
[2026-06-24T12:59:18.562+0300] {logging_mixin.py:188} INFO - [2026-06-24T12:59:18.562+0300] {dagbag.py:540} INFO - Filling up the DagBag from /media/data/omar/programming course/DEPI/DEPI project/anomx/venv/lib/python3.12/site-packages/airflow/example_dags/example_params_ui_tutorial.py
[2026-06-24T12:59:18.573+0300] {processor.py:840} INFO - DAG(s) 'example_params_ui_tutorial' retrieved from /media/data/omar/programming course/DEPI/DEPI project/anomx/venv/lib/python3.12/site-packages/airflow/example_dags/example_params_ui_tutorial.py
[2026-06-24T12:59:18.608+0300] {logging_mixin.py:188} INFO - [2026-06-24T12:59:18.608+0300] {dag.py:3096} INFO - Sync 1 DAGs
[2026-06-24T12:59:18.617+0300] {logging_mixin.py:188} INFO - [2026-06-24T12:59:18.616+0300] {dag.py:3954} INFO - Setting next_dagrun for example_params_ui_tutorial to None, run_after=None
[2026-06-24T12:59:18.644+0300] {processor.py:183} INFO - Processing /media/data/omar/programming course/DEPI/DEPI project/anomx/venv/lib/python3.12/site-packages/airflow/example_dags/example_params_ui_tutorial.py took 0.092 seconds
[2026-06-24T13:00:07.909+0300] {processor.py:161} INFO - Started process (PID=41663) to work on /media/data/omar/programming course/DEPI/DEPI project/anomx/venv/lib/python3.12/site-packages/airflow/example_dags/example_params_ui_tutorial.py
[2026-06-24T13:00:07.910+0300] {processor.py:830} INFO - Processing file /media/data/omar/programming course/DEPI/DEPI project/anomx/venv/lib/python3.12/site-packages/airflow/example_dags/example_params_ui_tutorial.py for tasks to queue
[2026-06-24T13:00:07.911+0300] {logging_mixin.py:188} INFO - [2026-06-24T13:00:07.910+0300] {dagbag.py:540} INFO - Filling up the DagBag from /media/data/omar/programming course/DEPI/DEPI project/anomx/venv/lib/python3.12/site-packages/airflow/example_dags/example_params_ui_tutorial.py
[2026-06-24T13:00:07.925+0300] {processor.py:840} INFO - DAG(s) 'example_params_ui_tutorial' retrieved from /media/data/omar/programming course/DEPI/DEPI project/anomx/venv/lib/python3.12/site-packages/airflow/example_dags/example_params_ui_tutorial.py
[2026-06-24T13:00:07.963+0300] {logging_mixin.py:188} INFO - [2026-06-24T13:00:07.962+0300] {dag.py:3096} INFO - Sync 1 DAGs
[2026-06-24T13:00:07.973+0300] {logging_mixin.py:188} INFO - [2026-06-24T13:00:07.972+0300] {dag.py:3954} INFO - Setting next_dagrun for example_params_ui_tutorial to None, run_after=None
[2026-06-24T13:00:08.001+0300] {processor.py:183} INFO - Processing /media/data/omar/programming course/DEPI/DEPI project/anomx/venv/lib/python3.12/site-packages/airflow/example_dags/example_params_ui_tutorial.py took 0.098 seconds
[2026-06-24T13:00:58.298+0300] {processor.py:161} INFO - Started process (PID=41977) to work on /media/data/omar/programming course/DEPI/DEPI project/anomx/venv/lib/python3.12/site-packages/airflow/example_dags/example_params_ui_tutorial.py
[2026-06-24T13:00:58.299+0300] {processor.py:830} INFO - Processing file /media/data/omar/programming course/DEPI/DEPI project/anomx/venv/lib/python3.12/site-packages/airflow/example_dags/example_params_ui_tutorial.py for tasks to queue
[2026-06-24T13:00:58.301+0300] {logging_mixin.py:188} INFO - [2026-06-24T13:00:58.300+0300] {dagbag.py:540} INFO - Filling up the DagBag from /media/data/omar/programming course/DEPI/DEPI project/anomx/venv/lib/python3.12/site-packages/airflow/example_dags/example_params_ui_tutorial.py
[2026-06-24T13:00:58.315+0300] {processor.py:840} INFO - DAG(s) 'example_params_ui_tutorial' retrieved from /media/data/omar/programming course/DEPI/DEPI project/anomx/venv/lib/python3.12/site-packages/airflow/example_dags/example_params_ui_tutorial.py
[2026-06-24T13:00:58.352+0300] {logging_mixin.py:188} INFO - [2026-06-24T13:00:58.352+0300] {dag.py:3096} INFO - Sync 1 DAGs
[2026-06-24T13:00:58.362+0300] {logging_mixin.py:188} INFO - [2026-06-24T13:00:58.361+0300] {dag.py:3954} INFO - Setting next_dagrun for example_params_ui_tutorial to None, run_after=None
[2026-06-24T13:00:58.389+0300] {processor.py:183} INFO - Processing /media/data/omar/programming course/DEPI/DEPI project/anomx/venv/lib/python3.12/site-packages/airflow/example_dags/example_params_ui_tutorial.py took 0.103 seconds
[2026-06-24T13:01:47.997+0300] {processor.py:161} INFO - Started process (PID=42572) to work on /media/data/omar/programming course/DEPI/DEPI project/anomx/venv/lib/python3.12/site-packages/airflow/example_dags/example_params_ui_tutorial.py
[2026-06-24T13:01:47.998+0300] {processor.py:830} INFO - Processing file /media/data/omar/programming course/DEPI/DEPI project/anomx/venv/lib/python3.12/site-packages/airflow/example_dags/example_params_ui_tutorial.py for tasks to queue
[2026-06-24T13:01:47.999+0300] {logging_mixin.py:188} INFO - [2026-06-24T13:01:47.999+0300] {dagbag.py:540} INFO - Filling up the DagBag from /media/data/omar/programming course/DEPI/DEPI project/anomx/venv/lib/python3.12/site-packages/airflow/example_dags/example_params_ui_tutorial.py
[2026-06-24T13:01:48.012+0300] {processor.py:840} INFO - DAG(s) 'example_params_ui_tutorial' retrieved from /media/data/omar/programming course/DEPI/DEPI project/anomx/venv/lib/python3.12/site-packages/airflow/example_dags/example_params_ui_tutorial.py
[2026-06-24T13:01:48.052+0300] {logging_mixin.py:188} INFO - [2026-06-24T13:01:48.052+0300] {dag.py:3096} INFO - Sync 1 DAGs
[2026-06-24T13:01:48.063+0300] {logging_mixin.py:188} INFO - [2026-06-24T13:01:48.062+0300] {dag.py:3954} INFO - Setting next_dagrun for example_params_ui_tutorial to None, run_after=None
[2026-06-24T13:01:48.096+0300] {processor.py:183} INFO - Processing /media/data/omar/programming course/DEPI/DEPI project/anomx/venv/lib/python3.12/site-packages/airflow/example_dags/example_params_ui_tutorial.py took 0.106 seconds
[2026-06-24T13:02:39.801+0300] {processor.py:161} INFO - Started process (PID=42914) to work on /media/data/omar/programming course/DEPI/DEPI project/anomx/venv/lib/python3.12/site-packages/airflow/example_dags/example_params_ui_tutorial.py
[2026-06-24T13:02:39.803+0300] {processor.py:830} INFO - Processing file /media/data/omar/programming course/DEPI/DEPI project/anomx/venv/lib/python3.12/site-packages/airflow/example_dags/example_params_ui_tutorial.py for tasks to queue
[2026-06-24T13:02:39.804+0300] {logging_mixin.py:188} INFO - [2026-06-24T13:02:39.803+0300] {dagbag.py:540} INFO - Filling up the DagBag from /media/data/omar/programming course/DEPI/DEPI project/anomx/venv/lib/python3.12/site-packages/airflow/example_dags/example_params_ui_tutorial.py
[2026-06-24T13:02:39.820+0300] {processor.py:840} INFO - DAG(s) 'example_params_ui_tutorial' retrieved from /media/data/omar/programming course/DEPI/DEPI project/anomx/venv/lib/python3.12/site-packages/airflow/example_dags/example_params_ui_tutorial.py
[2026-06-24T13:02:39.887+0300] {logging_mixin.py:188} INFO - [2026-06-24T13:02:39.887+0300] {dag.py:3096} INFO - Sync 1 DAGs
[2026-06-24T13:02:39.903+0300] {logging_mixin.py:188} INFO - [2026-06-24T13:02:39.900+0300] {dag.py:3954} INFO - Setting next_dagrun for example_params_ui_tutorial to None, run_after=None
[2026-06-24T13:02:39.955+0300] {processor.py:183} INFO - Processing /media/data/omar/programming course/DEPI/DEPI project/anomx/venv/lib/python3.12/site-packages/airflow/example_dags/example_params_ui_tutorial.py took 0.161 seconds
[2026-06-24T13:03:29.788+0300] {processor.py:161} INFO - Started process (PID=43512) to work on /media/data/omar/programming course/DEPI/DEPI project/anomx/venv/lib/python3.12/site-packages/airflow/example_dags/example_params_ui_tutorial.py
[2026-06-24T13:03:29.789+0300] {processor.py:830} INFO - Processing file /media/data/omar/programming course/DEPI/DEPI project/anomx/venv/lib/python3.12/site-packages/airflow/example_dags/example_params_ui_tutorial.py for tasks to queue
[2026-06-24T13:03:29.789+0300] {logging_mixin.py:188} INFO - [2026-06-24T13:03:29.789+0300] {dagbag.py:540} INFO - Filling up the DagBag from /media/data/omar/programming course/DEPI/DEPI project/anomx/venv/lib/python3.12/site-packages/airflow/example_dags/example_params_ui_tutorial.py
[2026-06-24T13:03:29.800+0300] {processor.py:840} INFO - DAG(s) 'example_params_ui_tutorial' retrieved from /media/data/omar/programming course/DEPI/DEPI project/anomx/venv/lib/python3.12/site-packages/airflow/example_dags/example_params_ui_tutorial.py
[2026-06-24T13:03:29.834+0300] {logging_mixin.py:188} INFO - [2026-06-24T13:03:29.833+0300] {dag.py:3096} INFO - Sync 1 DAGs
[2026-06-24T13:03:29.842+0300] {logging_mixin.py:188} INFO - [2026-06-24T13:03:29.842+0300] {dag.py:3954} INFO - Setting next_dagrun for example_params_ui_tutorial to None, run_after=None
[2026-06-24T13:03:29.867+0300] {processor.py:183} INFO - Processing /media/data/omar/programming course/DEPI/DEPI project/anomx/venv/lib/python3.12/site-packages/airflow/example_dags/example_params_ui_tutorial.py took 0.084 seconds
[2026-06-24T13:04:19.047+0300] {processor.py:161} INFO - Started process (PID=43844) to work on /media/data/omar/programming course/DEPI/DEPI project/anomx/venv/lib/python3.12/site-packages/airflow/example_dags/example_params_ui_tutorial.py
[2026-06-24T13:04:19.048+0300] {processor.py:830} INFO - Processing file /media/data/omar/programming course/DEPI/DEPI project/anomx/venv/lib/python3.12/site-packages/airflow/example_dags/example_params_ui_tutorial.py for tasks to queue
[2026-06-24T13:04:19.050+0300] {logging_mixin.py:188} INFO - [2026-06-24T13:04:19.049+0300] {dagbag.py:540} INFO - Filling up the DagBag from /media/data/omar/programming course/DEPI/DEPI project/anomx/venv/lib/python3.12/site-packages/airflow/example_dags/example_params_ui_tutorial.py
[2026-06-24T13:04:19.063+0300] {processor.py:840} INFO - DAG(s) 'example_params_ui_tutorial' retrieved from /media/data/omar/programming course/DEPI/DEPI project/anomx/venv/lib/python3.12/site-packages/airflow/example_dags/example_params_ui_tutorial.py
[2026-06-24T13:04:19.096+0300] {logging_mixin.py:188} INFO - [2026-06-24T13:04:19.095+0300] {dag.py:3096} INFO - Sync 1 DAGs
[2026-06-24T13:04:19.104+0300] {logging_mixin.py:188} INFO - [2026-06-24T13:04:19.104+0300] {dag.py:3954} INFO - Setting next_dagrun for example_params_ui_tutorial to None, run_after=None
[2026-06-24T13:04:19.131+0300] {processor.py:183} INFO - Processing /media/data/omar/programming course/DEPI/DEPI project/anomx/venv/lib/python3.12/site-packages/airflow/example_dags/example_params_ui_tutorial.py took 0.095 seconds
[2026-06-24T13:05:09.790+0300] {processor.py:161} INFO - Started process (PID=44438) to work on /media/data/omar/programming course/DEPI/DEPI project/anomx/venv/lib/python3.12/site-packages/airflow/example_dags/example_params_ui_tutorial.py
[2026-06-24T13:05:09.791+0300] {processor.py:830} INFO - Processing file /media/data/omar/programming course/DEPI/DEPI project/anomx/venv/lib/python3.12/site-packages/airflow/example_dags/example_params_ui_tutorial.py for tasks to queue
[2026-06-24T13:05:09.792+0300] {logging_mixin.py:188} INFO - [2026-06-24T13:05:09.791+0300] {dagbag.py:540} INFO - Filling up the DagBag from /media/data/omar/programming course/DEPI/DEPI project/anomx/venv/lib/python3.12/site-packages/airflow/example_dags/example_params_ui_tutorial.py
[2026-06-24T13:05:09.805+0300] {processor.py:840} INFO - DAG(s) 'example_params_ui_tutorial' retrieved from /media/data/omar/programming course/DEPI/DEPI project/anomx/venv/lib/python3.12/site-packages/airflow/example_dags/example_params_ui_tutorial.py
[2026-06-24T13:05:09.855+0300] {logging_mixin.py:188} INFO - [2026-06-24T13:05:09.854+0300] {dag.py:3096} INFO - Sync 1 DAGs
[2026-06-24T13:05:09.865+0300] {logging_mixin.py:188} INFO - [2026-06-24T13:05:09.864+0300] {dag.py:3954} INFO - Setting next_dagrun for example_params_ui_tutorial to None, run_after=None
[2026-06-24T13:05:09.898+0300] {processor.py:183} INFO - Processing /media/data/omar/programming course/DEPI/DEPI project/anomx/venv/lib/python3.12/site-packages/airflow/example_dags/example_params_ui_tutorial.py took 0.115 seconds
[2026-06-24T13:06:01.930+0300] {processor.py:161} INFO - Started process (PID=44774) to work on /media/data/omar/programming course/DEPI/DEPI project/anomx/venv/lib/python3.12/site-packages/airflow/example_dags/example_params_ui_tutorial.py
[2026-06-24T13:06:01.931+0300] {processor.py:830} INFO - Processing file /media/data/omar/programming course/DEPI/DEPI project/anomx/venv/lib/python3.12/site-packages/airflow/example_dags/example_params_ui_tutorial.py for tasks to queue
[2026-06-24T13:06:01.932+0300] {logging_mixin.py:188} INFO - [2026-06-24T13:06:01.932+0300] {dagbag.py:540} INFO - Filling up the DagBag from /media/data/omar/programming course/DEPI/DEPI project/anomx/venv/lib/python3.12/site-packages/airflow/example_dags/example_params_ui_tutorial.py
[2026-06-24T13:06:01.944+0300] {processor.py:840} INFO - DAG(s) 'example_params_ui_tutorial' retrieved from /media/data/omar/programming course/DEPI/DEPI project/anomx/venv/lib/python3.12/site-packages/airflow/example_dags/example_params_ui_tutorial.py
[2026-06-24T13:06:01.983+0300] {logging_mixin.py:188} INFO - [2026-06-24T13:06:01.982+0300] {dag.py:3096} INFO - Sync 1 DAGs
[2026-06-24T13:06:01.994+0300] {logging_mixin.py:188} INFO - [2026-06-24T13:06:01.994+0300] {dag.py:3954} INFO - Setting next_dagrun for example_params_ui_tutorial to None, run_after=None
[2026-06-24T13:06:02.024+0300] {processor.py:183} INFO - Processing /media/data/omar/programming course/DEPI/DEPI project/anomx/venv/lib/python3.12/site-packages/airflow/example_dags/example_params_ui_tutorial.py took 0.098 seconds
[2026-06-24T13:06:58.493+0300] {processor.py:161} INFO - Started process (PID=45388) to work on /media/data/omar/programming course/DEPI/DEPI project/anomx/venv/lib/python3.12/site-packages/airflow/example_dags/example_params_ui_tutorial.py
[2026-06-24T13:06:58.494+0300] {processor.py:830} INFO - Processing file /media/data/omar/programming course/DEPI/DEPI project/anomx/venv/lib/python3.12/site-packages/airflow/example_dags/example_params_ui_tutorial.py for tasks to queue
[2026-06-24T13:06:58.495+0300] {logging_mixin.py:188} INFO - [2026-06-24T13:06:58.495+0300] {dagbag.py:540} INFO - Filling up the DagBag from /media/data/omar/programming course/DEPI/DEPI project/anomx/venv/lib/python3.12/site-packages/airflow/example_dags/example_params_ui_tutorial.py
[2026-06-24T13:06:58.506+0300] {processor.py:840} INFO - DAG(s) 'example_params_ui_tutorial' retrieved from /media/data/omar/programming course/DEPI/DEPI project/anomx/venv/lib/python3.12/site-packages/airflow/example_dags/example_params_ui_tutorial.py
[2026-06-24T13:06:58.544+0300] {logging_mixin.py:188} INFO - [2026-06-24T13:06:58.544+0300] {dag.py:3096} INFO - Sync 1 DAGs
[2026-06-24T13:06:58.553+0300] {logging_mixin.py:188} INFO - [2026-06-24T13:06:58.553+0300] {dag.py:3954} INFO - Setting next_dagrun for example_params_ui_tutorial to None, run_after=None
[2026-06-24T13:06:58.579+0300] {processor.py:183} INFO - Processing /media/data/omar/programming course/DEPI/DEPI project/anomx/venv/lib/python3.12/site-packages/airflow/example_dags/example_params_ui_tutorial.py took 0.091 seconds
[2026-06-24T13:08:39.614+0300] {processor.py:161} INFO - Started process (PID=46473) to work on /media/data/omar/programming course/DEPI/DEPI project/anomx/venv/lib/python3.12/site-packages/airflow/example_dags/example_params_ui_tutorial.py
[2026-06-24T13:08:39.615+0300] {processor.py:830} INFO - Processing file /media/data/omar/programming course/DEPI/DEPI project/anomx/venv/lib/python3.12/site-packages/airflow/example_dags/example_params_ui_tutorial.py for tasks to queue
[2026-06-24T13:08:39.617+0300] {logging_mixin.py:188} INFO - [2026-06-24T13:08:39.616+0300] {dagbag.py:540} INFO - Filling up the DagBag from /media/data/omar/programming course/DEPI/DEPI project/anomx/venv/lib/python3.12/site-packages/airflow/example_dags/example_params_ui_tutorial.py
[2026-06-24T13:08:39.638+0300] {processor.py:840} INFO - DAG(s) 'example_params_ui_tutorial' retrieved from /media/data/omar/programming course/DEPI/DEPI project/anomx/venv/lib/python3.12/site-packages/airflow/example_dags/example_params_ui_tutorial.py
[2026-06-24T13:08:39.677+0300] {logging_mixin.py:188} INFO - [2026-06-24T13:08:39.677+0300] {dag.py:3096} INFO - Sync 1 DAGs
[2026-06-24T13:08:39.687+0300] {logging_mixin.py:188} INFO - [2026-06-24T13:08:39.687+0300] {dag.py:3954} INFO - Setting next_dagrun for example_params_ui_tutorial to None, run_after=None
[2026-06-24T13:08:39.718+0300] {processor.py:183} INFO - Processing /media/data/omar/programming course/DEPI/DEPI project/anomx/venv/lib/python3.12/site-packages/airflow/example_dags/example_params_ui_tutorial.py took 0.114 seconds
[2026-06-24T13:12:27.040+0300] {processor.py:161} INFO - Started process (PID=48811) to work on /media/data/omar/programming course/DEPI/DEPI project/anomx/venv/lib/python3.12/site-packages/airflow/example_dags/example_params_ui_tutorial.py
[2026-06-24T13:12:27.044+0300] {processor.py:830} INFO - Processing file /media/data/omar/programming course/DEPI/DEPI project/anomx/venv/lib/python3.12/site-packages/airflow/example_dags/example_params_ui_tutorial.py for tasks to queue
[2026-06-24T13:12:27.046+0300] {logging_mixin.py:188} INFO - [2026-06-24T13:12:27.045+0300] {dagbag.py:540} INFO - Filling up the DagBag from /media/data/omar/programming course/DEPI/DEPI project/anomx/venv/lib/python3.12/site-packages/airflow/example_dags/example_params_ui_tutorial.py
[2026-06-24T13:12:27.080+0300] {processor.py:840} INFO - DAG(s) 'example_params_ui_tutorial' retrieved from /media/data/omar/programming course/DEPI/DEPI project/anomx/venv/lib/python3.12/site-packages/airflow/example_dags/example_params_ui_tutorial.py
[2026-06-24T13:12:27.232+0300] {logging_mixin.py:188} INFO - [2026-06-24T13:12:27.231+0300] {dag.py:3096} INFO - Sync 1 DAGs
[2026-06-24T13:12:27.267+0300] {logging_mixin.py:188} INFO - [2026-06-24T13:12:27.266+0300] {dag.py:3954} INFO - Setting next_dagrun for example_params_ui_tutorial to None, run_after=None
[2026-06-24T13:12:27.371+0300] {processor.py:183} INFO - Processing /media/data/omar/programming course/DEPI/DEPI project/anomx/venv/lib/python3.12/site-packages/airflow/example_dags/example_params_ui_tutorial.py took 0.354 seconds
[2026-06-24T13:13:21.505+0300] {processor.py:161} INFO - Started process (PID=49495) to work on /media/data/omar/programming course/DEPI/DEPI project/anomx/venv/lib/python3.12/site-packages/airflow/example_dags/example_params_ui_tutorial.py
[2026-06-24T13:13:21.506+0300] {processor.py:830} INFO - Processing file /media/data/omar/programming course/DEPI/DEPI project/anomx/venv/lib/python3.12/site-packages/airflow/example_dags/example_params_ui_tutorial.py for tasks to queue
[2026-06-24T13:13:21.507+0300] {logging_mixin.py:188} INFO - [2026-06-24T13:13:21.506+0300] {dagbag.py:540} INFO - Filling up the DagBag from /media/data/omar/programming course/DEPI/DEPI project/anomx/venv/lib/python3.12/site-packages/airflow/example_dags/example_params_ui_tutorial.py
[2026-06-24T13:13:21.518+0300] {processor.py:840} INFO - DAG(s) 'example_params_ui_tutorial' retrieved from /media/data/omar/programming course/DEPI/DEPI project/anomx/venv/lib/python3.12/site-packages/airflow/example_dags/example_params_ui_tutorial.py
[2026-06-24T13:13:21.553+0300] {logging_mixin.py:188} INFO - [2026-06-24T13:13:21.553+0300] {dag.py:3096} INFO - Sync 1 DAGs
[2026-06-24T13:13:21.562+0300] {logging_mixin.py:188} INFO - [2026-06-24T13:13:21.562+0300] {dag.py:3954} INFO - Setting next_dagrun for example_params_ui_tutorial to None, run_after=None
[2026-06-24T13:13:21.592+0300] {processor.py:183} INFO - Processing /media/data/omar/programming course/DEPI/DEPI project/anomx/venv/lib/python3.12/site-packages/airflow/example_dags/example_params_ui_tutorial.py took 0.093 seconds
[2026-06-24T13:14:17.612+0300] {processor.py:161} INFO - Started process (PID=49997) to work on /media/data/omar/programming course/DEPI/DEPI project/anomx/venv/lib/python3.12/site-packages/airflow/example_dags/example_params_ui_tutorial.py
[2026-06-24T13:14:17.613+0300] {processor.py:830} INFO - Processing file /media/data/omar/programming course/DEPI/DEPI project/anomx/venv/lib/python3.12/site-packages/airflow/example_dags/example_params_ui_tutorial.py for tasks to queue
[2026-06-24T13:14:17.614+0300] {logging_mixin.py:188} INFO - [2026-06-24T13:14:17.614+0300] {dagbag.py:540} INFO - Filling up the DagBag from /media/data/omar/programming course/DEPI/DEPI project/anomx/venv/lib/python3.12/site-packages/airflow/example_dags/example_params_ui_tutorial.py
[2026-06-24T13:14:17.624+0300] {processor.py:840} INFO - DAG(s) 'example_params_ui_tutorial' retrieved from /media/data/omar/programming course/DEPI/DEPI project/anomx/venv/lib/python3.12/site-packages/airflow/example_dags/example_params_ui_tutorial.py
[2026-06-24T13:14:17.663+0300] {logging_mixin.py:188} INFO - [2026-06-24T13:14:17.663+0300] {dag.py:3096} INFO - Sync 1 DAGs
[2026-06-24T13:14:17.673+0300] {logging_mixin.py:188} INFO - [2026-06-24T13:14:17.673+0300] {dag.py:3954} INFO - Setting next_dagrun for example_params_ui_tutorial to None, run_after=None
[2026-06-24T13:14:17.704+0300] {processor.py:183} INFO - Processing /media/data/omar/programming course/DEPI/DEPI project/anomx/venv/lib/python3.12/site-packages/airflow/example_dags/example_params_ui_tutorial.py took 0.098 seconds
[2026-06-24T13:15:10.920+0300] {processor.py:161} INFO - Started process (PID=50500) to work on /media/data/omar/programming course/DEPI/DEPI project/anomx/venv/lib/python3.12/site-packages/airflow/example_dags/example_params_ui_tutorial.py
[2026-06-24T13:15:10.921+0300] {processor.py:830} INFO - Processing file /media/data/omar/programming course/DEPI/DEPI project/anomx/venv/lib/python3.12/site-packages/airflow/example_dags/example_params_ui_tutorial.py for tasks to queue
[2026-06-24T13:15:10.923+0300] {logging_mixin.py:188} INFO - [2026-06-24T13:15:10.922+0300] {dagbag.py:540} INFO - Filling up the DagBag from /media/data/omar/programming course/DEPI/DEPI project/anomx/venv/lib/python3.12/site-packages/airflow/example_dags/example_params_ui_tutorial.py
[2026-06-24T13:15:10.936+0300] {processor.py:840} INFO - DAG(s) 'example_params_ui_tutorial' retrieved from /media/data/omar/programming course/DEPI/DEPI project/anomx/venv/lib/python3.12/site-packages/airflow/example_dags/example_params_ui_tutorial.py
[2026-06-24T13:15:10.974+0300] {logging_mixin.py:188} INFO - [2026-06-24T13:15:10.974+0300] {dag.py:3096} INFO - Sync 1 DAGs
[2026-06-24T13:15:10.984+0300] {logging_mixin.py:188} INFO - [2026-06-24T13:15:10.984+0300] {dag.py:3954} INFO - Setting next_dagrun for example_params_ui_tutorial to None, run_after=None
[2026-06-24T13:15:11.015+0300] {processor.py:183} INFO - Processing /media/data/omar/programming course/DEPI/DEPI project/anomx/venv/lib/python3.12/site-packages/airflow/example_dags/example_params_ui_tutorial.py took 0.102 seconds
[2026-06-24T13:15:59.464+0300] {processor.py:161} INFO - Started process (PID=50873) to work on /media/data/omar/programming course/DEPI/DEPI project/anomx/venv/lib/python3.12/site-packages/airflow/example_dags/example_params_ui_tutorial.py
[2026-06-24T13:15:59.465+0300] {processor.py:830} INFO - Processing file /media/data/omar/programming course/DEPI/DEPI project/anomx/venv/lib/python3.12/site-packages/airflow/example_dags/example_params_ui_tutorial.py for tasks to queue
[2026-06-24T13:15:59.467+0300] {logging_mixin.py:188} INFO - [2026-06-24T13:15:59.466+0300] {dagbag.py:540} INFO - Filling up the DagBag from /media/data/omar/programming course/DEPI/DEPI project/anomx/venv/lib/python3.12/site-packages/airflow/example_dags/example_params_ui_tutorial.py
[2026-06-24T13:15:59.479+0300] {processor.py:840} INFO - DAG(s) 'example_params_ui_tutorial' retrieved from /media/data/omar/programming course/DEPI/DEPI project/anomx/venv/lib/python3.12/site-packages/airflow/example_dags/example_params_ui_tutorial.py
[2026-06-24T13:15:59.531+0300] {logging_mixin.py:188} INFO - [2026-06-24T13:15:59.531+0300] {dag.py:3096} INFO - Sync 1 DAGs
[2026-06-24T13:15:59.544+0300] {logging_mixin.py:188} INFO - [2026-06-24T13:15:59.543+0300] {dag.py:3954} INFO - Setting next_dagrun for example_params_ui_tutorial to None, run_after=None
[2026-06-24T13:15:59.577+0300] {processor.py:183} INFO - Processing /media/data/omar/programming course/DEPI/DEPI project/anomx/venv/lib/python3.12/site-packages/airflow/example_dags/example_params_ui_tutorial.py took 0.119 seconds
[2026-06-24T13:16:51.397+0300] {processor.py:161} INFO - Started process (PID=51443) to work on /media/data/omar/programming course/DEPI/DEPI project/anomx/venv/lib/python3.12/site-packages/airflow/example_dags/example_params_ui_tutorial.py
[2026-06-24T13:16:51.398+0300] {processor.py:830} INFO - Processing file /media/data/omar/programming course/DEPI/DEPI project/anomx/venv/lib/python3.12/site-packages/airflow/example_dags/example_params_ui_tutorial.py for tasks to queue
[2026-06-24T13:16:51.399+0300] {logging_mixin.py:188} INFO - [2026-06-24T13:16:51.398+0300] {dagbag.py:540} INFO - Filling up the DagBag from /media/data/omar/programming course/DEPI/DEPI project/anomx/venv/lib/python3.12/site-packages/airflow/example_dags/example_params_ui_tutorial.py
[2026-06-24T13:16:51.411+0300] {processor.py:840} INFO - DAG(s) 'example_params_ui_tutorial' retrieved from /media/data/omar/programming course/DEPI/DEPI project/anomx/venv/lib/python3.12/site-packages/airflow/example_dags/example_params_ui_tutorial.py
[2026-06-24T13:16:51.450+0300] {logging_mixin.py:188} INFO - [2026-06-24T13:16:51.450+0300] {dag.py:3096} INFO - Sync 1 DAGs
[2026-06-24T13:16:51.459+0300] {logging_mixin.py:188} INFO - [2026-06-24T13:16:51.459+0300] {dag.py:3954} INFO - Setting next_dagrun for example_params_ui_tutorial to None, run_after=None
[2026-06-24T13:16:51.489+0300] {processor.py:183} INFO - Processing /media/data/omar/programming course/DEPI/DEPI project/anomx/venv/lib/python3.12/site-packages/airflow/example_dags/example_params_ui_tutorial.py took 0.098 seconds
[2026-06-24T13:17:43.062+0300] {processor.py:161} INFO - Started process (PID=51898) to work on /media/data/omar/programming course/DEPI/DEPI project/anomx/venv/lib/python3.12/site-packages/airflow/example_dags/example_params_ui_tutorial.py
[2026-06-24T13:17:43.063+0300] {processor.py:830} INFO - Processing file /media/data/omar/programming course/DEPI/DEPI project/anomx/venv/lib/python3.12/site-packages/airflow/example_dags/example_params_ui_tutorial.py for tasks to queue
[2026-06-24T13:17:43.064+0300] {logging_mixin.py:188} INFO - [2026-06-24T13:17:43.063+0300] {dagbag.py:540} INFO - Filling up the DagBag from /media/data/omar/programming course/DEPI/DEPI project/anomx/venv/lib/python3.12/site-packages/airflow/example_dags/example_params_ui_tutorial.py
[2026-06-24T13:17:43.077+0300] {processor.py:840} INFO - DAG(s) 'example_params_ui_tutorial' retrieved from /media/data/omar/programming course/DEPI/DEPI project/anomx/venv/lib/python3.12/site-packages/airflow/example_dags/example_params_ui_tutorial.py
[2026-06-24T13:17:43.115+0300] {logging_mixin.py:188} INFO - [2026-06-24T13:17:43.114+0300] {dag.py:3096} INFO - Sync 1 DAGs
[2026-06-24T13:17:43.124+0300] {logging_mixin.py:188} INFO - [2026-06-24T13:17:43.124+0300] {dag.py:3954} INFO - Setting next_dagrun for example_params_ui_tutorial to None, run_after=None
[2026-06-24T13:17:43.155+0300] {processor.py:183} INFO - Processing /media/data/omar/programming course/DEPI/DEPI project/anomx/venv/lib/python3.12/site-packages/airflow/example_dags/example_params_ui_tutorial.py took 0.100 seconds
[2026-06-24T13:18:33.364+0300] {processor.py:161} INFO - Started process (PID=52406) to work on /media/data/omar/programming course/DEPI/DEPI project/anomx/venv/lib/python3.12/site-packages/airflow/example_dags/example_params_ui_tutorial.py
[2026-06-24T13:18:33.365+0300] {processor.py:830} INFO - Processing file /media/data/omar/programming course/DEPI/DEPI project/anomx/venv/lib/python3.12/site-packages/airflow/example_dags/example_params_ui_tutorial.py for tasks to queue
[2026-06-24T13:18:33.365+0300] {logging_mixin.py:188} INFO - [2026-06-24T13:18:33.365+0300] {dagbag.py:540} INFO - Filling up the DagBag from /media/data/omar/programming course/DEPI/DEPI project/anomx/venv/lib/python3.12/site-packages/airflow/example_dags/example_params_ui_tutorial.py
[2026-06-24T13:18:33.377+0300] {processor.py:840} INFO - DAG(s) 'example_params_ui_tutorial' retrieved from /media/data/omar/programming course/DEPI/DEPI project/anomx/venv/lib/python3.12/site-packages/airflow/example_dags/example_params_ui_tutorial.py
[2026-06-24T13:18:33.415+0300] {logging_mixin.py:188} INFO - [2026-06-24T13:18:33.415+0300] {dag.py:3096} INFO - Sync 1 DAGs
[2026-06-24T13:18:33.426+0300] {logging_mixin.py:188} INFO - [2026-06-24T13:18:33.425+0300] {dag.py:3954} INFO - Setting next_dagrun for example_params_ui_tutorial to None, run_after=None
[2026-06-24T13:18:33.455+0300] {processor.py:183} INFO - Processing /media/data/omar/programming course/DEPI/DEPI project/anomx/venv/lib/python3.12/site-packages/airflow/example_dags/example_params_ui_tutorial.py took 0.096 seconds
