[2026-06-24T11:52:42.396+0300] {processor.py:161} INFO - Started process (PID=10766) to work on /media/data/omar/programming course/DEPI/DEPI project/anomx/venv/lib/python3.12/site-packages/airflow/example_dags/example_trigger_controller_dag.py
[2026-06-24T11:52:42.397+0300] {processor.py:830} INFO - Processing file /media/data/omar/programming course/DEPI/DEPI project/anomx/venv/lib/python3.12/site-packages/airflow/example_dags/example_trigger_controller_dag.py for tasks to queue
[2026-06-24T11:52:42.398+0300] {logging_mixin.py:188} INFO - [2026-06-24T11:52:42.398+0300] {dagbag.py:540} INFO - Filling up the DagBag from /media/data/omar/programming course/DEPI/DEPI project/anomx/venv/lib/python3.12/site-packages/airflow/example_dags/example_trigger_controller_dag.py
[2026-06-24T11:52:42.408+0300] {processor.py:840} INFO - DAG(s) 'example_trigger_controller_dag' retrieved from /media/data/omar/programming course/DEPI/DEPI project/anomx/venv/lib/python3.12/site-packages/airflow/example_dags/example_trigger_controller_dag.py
[2026-06-24T11:52:42.428+0300] {logging_mixin.py:188} INFO - [2026-06-24T11:52:42.428+0300] {dag.py:3096} INFO - Sync 1 DAGs
[2026-06-24T11:52:42.438+0300] {logging_mixin.py:188} INFO - [2026-06-24T11:52:42.438+0300] {dag.py:3118} INFO - Creating ORM DAG for example_trigger_controller_dag
[2026-06-24T11:52:42.453+0300] {logging_mixin.py:188} INFO - [2026-06-24T11:52:42.452+0300] {dag.py:3954} INFO - Setting next_dagrun for example_trigger_controller_dag to 2021-01-01 00:00:00+00:00, run_after=2021-01-01 00:00:00+00:00
[2026-06-24T11:52:42.488+0300] {processor.py:183} INFO - Processing /media/data/omar/programming course/DEPI/DEPI project/anomx/venv/lib/python3.12/site-packages/airflow/example_dags/example_trigger_controller_dag.py took 0.100 seconds
[2026-06-24T11:54:16.595+0300] {processor.py:161} INFO - Started process (PID=11854) to work on /media/data/omar/programming course/DEPI/DEPI project/anomx/venv/lib/python3.12/site-packages/airflow/example_dags/example_trigger_controller_dag.py
[2026-06-24T11:54:16.596+0300] {processor.py:830} INFO - Processing file /media/data/omar/programming course/DEPI/DEPI project/anomx/venv/lib/python3.12/site-packages/airflow/example_dags/example_trigger_controller_dag.py for tasks to queue
[2026-06-24T11:54:16.598+0300] {logging_mixin.py:188} INFO - [2026-06-24T11:54:16.597+0300] {dagbag.py:540} INFO - Filling up the DagBag from /media/data/omar/programming course/DEPI/DEPI project/anomx/venv/lib/python3.12/site-packages/airflow/example_dags/example_trigger_controller_dag.py
[2026-06-24T11:54:16.603+0300] {processor.py:840} INFO - DAG(s) 'example_trigger_controller_dag' retrieved from /media/data/omar/programming course/DEPI/DEPI project/anomx/venv/lib/python3.12/site-packages/airflow/example_dags/example_trigger_controller_dag.py
[2026-06-24T11:54:16.617+0300] {logging_mixin.py:188} INFO - [2026-06-24T11:54:16.617+0300] {dag.py:3096} INFO - Sync 1 DAGs
[2026-06-24T11:54:16.633+0300] {logging_mixin.py:188} INFO - [2026-06-24T11:54:16.633+0300] {dag.py:3954} INFO - Setting next_dagrun for example_trigger_controller_dag to 2021-01-01 00:00:00+00:00, run_after=2021-01-01 00:00:00+00:00
[2026-06-24T11:54:16.662+0300] {processor.py:183} INFO - Processing /media/data/omar/programming course/DEPI/DEPI project/anomx/venv/lib/python3.12/site-packages/airflow/example_dags/example_trigger_controller_dag.py took 0.072 seconds
[2026-06-24T11:55:19.193+0300] {processor.py:161} INFO - Started process (PID=12458) to work on /media/data/omar/programming course/DEPI/DEPI project/anomx/venv/lib/python3.12/site-packages/airflow/example_dags/example_trigger_controller_dag.py
[2026-06-24T11:55:19.194+0300] {processor.py:830} INFO - Processing file /media/data/omar/programming course/DEPI/DEPI project/anomx/venv/lib/python3.12/site-packages/airflow/example_dags/example_trigger_controller_dag.py for tasks to queue
[2026-06-24T11:55:19.197+0300] {logging_mixin.py:188} INFO - [2026-06-24T11:55:19.196+0300] {dagbag.py:540} INFO - Filling up the DagBag from /media/data/omar/programming course/DEPI/DEPI project/anomx/venv/lib/python3.12/site-packages/airflow/example_dags/example_trigger_controller_dag.py
[2026-06-24T11:55:19.205+0300] {processor.py:840} INFO - DAG(s) 'example_trigger_controller_dag' retrieved from /media/data/omar/programming course/DEPI/DEPI project/anomx/venv/lib/python3.12/site-packages/airflow/example_dags/example_trigger_controller_dag.py
[2026-06-24T11:55:19.234+0300] {logging_mixin.py:188} INFO - [2026-06-24T11:55:19.233+0300] {dag.py:3096} INFO - Sync 1 DAGs
[2026-06-24T11:55:19.271+0300] {logging_mixin.py:188} INFO - [2026-06-24T11:55:19.270+0300] {dag.py:3954} INFO - Setting next_dagrun for example_trigger_controller_dag to 2021-01-01 00:00:00+00:00, run_after=2021-01-01 00:00:00+00:00
[2026-06-24T11:55:22.367+0300] {processor.py:183} INFO - Processing /media/data/omar/programming course/DEPI/DEPI project/anomx/venv/lib/python3.12/site-packages/airflow/example_dags/example_trigger_controller_dag.py took 3.192 seconds
[2026-06-24T11:56:21.752+0300] {processor.py:161} INFO - Started process (PID=13121) to work on /media/data/omar/programming course/DEPI/DEPI project/anomx/venv/lib/python3.12/site-packages/airflow/example_dags/example_trigger_controller_dag.py
[2026-06-24T11:56:21.753+0300] {processor.py:830} INFO - Processing file /media/data/omar/programming course/DEPI/DEPI project/anomx/venv/lib/python3.12/site-packages/airflow/example_dags/example_trigger_controller_dag.py for tasks to queue
[2026-06-24T11:56:21.754+0300] {logging_mixin.py:188} INFO - [2026-06-24T11:56:21.754+0300] {dagbag.py:540} INFO - Filling up the DagBag from /media/data/omar/programming course/DEPI/DEPI project/anomx/venv/lib/python3.12/site-packages/airflow/example_dags/example_trigger_controller_dag.py
[2026-06-24T11:56:21.759+0300] {processor.py:840} INFO - DAG(s) 'example_trigger_controller_dag' retrieved from /media/data/omar/programming course/DEPI/DEPI project/anomx/venv/lib/python3.12/site-packages/airflow/example_dags/example_trigger_controller_dag.py
[2026-06-24T11:56:21.773+0300] {logging_mixin.py:188} INFO - [2026-06-24T11:56:21.772+0300] {dag.py:3096} INFO - Sync 1 DAGs
[2026-06-24T11:56:21.788+0300] {logging_mixin.py:188} INFO - [2026-06-24T11:56:21.787+0300] {dag.py:3954} INFO - Setting next_dagrun for example_trigger_controller_dag to 2021-01-01 00:00:00+00:00, run_after=2021-01-01 00:00:00+00:00
[2026-06-24T11:56:21.819+0300] {processor.py:183} INFO - Processing /media/data/omar/programming course/DEPI/DEPI project/anomx/venv/lib/python3.12/site-packages/airflow/example_dags/example_trigger_controller_dag.py took 0.072 seconds
[2026-06-24T11:57:10.438+0300] {processor.py:161} INFO - Started process (PID=13403) to work on /media/data/omar/programming course/DEPI/DEPI project/anomx/venv/lib/python3.12/site-packages/airflow/example_dags/example_trigger_controller_dag.py
[2026-06-24T11:57:10.441+0300] {processor.py:830} INFO - Processing file /media/data/omar/programming course/DEPI/DEPI project/anomx/venv/lib/python3.12/site-packages/airflow/example_dags/example_trigger_controller_dag.py for tasks to queue
[2026-06-24T11:57:10.444+0300] {logging_mixin.py:188} INFO - [2026-06-24T11:57:10.443+0300] {dagbag.py:540} INFO - Filling up the DagBag from /media/data/omar/programming course/DEPI/DEPI project/anomx/venv/lib/python3.12/site-packages/airflow/example_dags/example_trigger_controller_dag.py
[2026-06-24T11:57:10.454+0300] {processor.py:840} INFO - DAG(s) 'example_trigger_controller_dag' retrieved from /media/data/omar/programming course/DEPI/DEPI project/anomx/venv/lib/python3.12/site-packages/airflow/example_dags/example_trigger_controller_dag.py
[2026-06-24T11:57:10.470+0300] {logging_mixin.py:188} INFO - [2026-06-24T11:57:10.470+0300] {dag.py:3096} INFO - Sync 1 DAGs
[2026-06-24T11:57:10.484+0300] {logging_mixin.py:188} INFO - [2026-06-24T11:57:10.484+0300] {dag.py:3954} INFO - Setting next_dagrun for example_trigger_controller_dag to 2021-01-01 00:00:00+00:00, run_after=2021-01-01 00:00:00+00:00
[2026-06-24T11:57:10.511+0300] {processor.py:183} INFO - Processing /media/data/omar/programming course/DEPI/DEPI project/anomx/venv/lib/python3.12/site-packages/airflow/example_dags/example_trigger_controller_dag.py took 0.092 seconds
[2026-06-24T11:58:04.023+0300] {processor.py:161} INFO - Started process (PID=13996) to work on /media/data/omar/programming course/DEPI/DEPI project/anomx/venv/lib/python3.12/site-packages/airflow/example_dags/example_trigger_controller_dag.py
[2026-06-24T11:58:04.024+0300] {processor.py:830} INFO - Processing file /media/data/omar/programming course/DEPI/DEPI project/anomx/venv/lib/python3.12/site-packages/airflow/example_dags/example_trigger_controller_dag.py for tasks to queue
[2026-06-24T11:58:04.027+0300] {logging_mixin.py:188} INFO - [2026-06-24T11:58:04.026+0300] {dagbag.py:540} INFO - Filling up the DagBag from /media/data/omar/programming course/DEPI/DEPI project/anomx/venv/lib/python3.12/site-packages/airflow/example_dags/example_trigger_controller_dag.py
[2026-06-24T11:58:04.035+0300] {processor.py:840} INFO - DAG(s) 'example_trigger_controller_dag' retrieved from /media/data/omar/programming course/DEPI/DEPI project/anomx/venv/lib/python3.12/site-packages/airflow/example_dags/example_trigger_controller_dag.py
[2026-06-24T11:58:04.058+0300] {logging_mixin.py:188} INFO - [2026-06-24T11:58:04.058+0300] {dag.py:3096} INFO - Sync 1 DAGs
[2026-06-24T11:58:04.083+0300] {logging_mixin.py:188} INFO - [2026-06-24T11:58:04.083+0300] {dag.py:3954} INFO - Setting next_dagrun for example_trigger_controller_dag to 2021-01-01 00:00:00+00:00, run_after=2021-01-01 00:00:00+00:00
[2026-06-24T11:58:04.111+0300] {processor.py:183} INFO - Processing /media/data/omar/programming course/DEPI/DEPI project/anomx/venv/lib/python3.12/site-packages/airflow/example_dags/example_trigger_controller_dag.py took 0.096 seconds
[2026-06-24T12:36:26.634+0300] {processor.py:161} INFO - Started process (PID=28536) to work on /media/data/omar/programming course/DEPI/DEPI project/anomx/venv/lib/python3.12/site-packages/airflow/example_dags/example_trigger_controller_dag.py
[2026-06-24T12:36:26.635+0300] {processor.py:830} INFO - Processing file /media/data/omar/programming course/DEPI/DEPI project/anomx/venv/lib/python3.12/site-packages/airflow/example_dags/example_trigger_controller_dag.py for tasks to queue
[2026-06-24T12:36:26.636+0300] {logging_mixin.py:188} INFO - [2026-06-24T12:36:26.636+0300] {dagbag.py:540} INFO - Filling up the DagBag from /media/data/omar/programming course/DEPI/DEPI project/anomx/venv/lib/python3.12/site-packages/airflow/example_dags/example_trigger_controller_dag.py
[2026-06-24T12:36:26.642+0300] {processor.py:840} INFO - DAG(s) 'example_trigger_controller_dag' retrieved from /media/data/omar/programming course/DEPI/DEPI project/anomx/venv/lib/python3.12/site-packages/airflow/example_dags/example_trigger_controller_dag.py
[2026-06-24T12:36:26.660+0300] {logging_mixin.py:188} INFO - [2026-06-24T12:36:26.660+0300] {dag.py:3096} INFO - Sync 1 DAGs
[2026-06-24T12:36:26.676+0300] {logging_mixin.py:188} INFO - [2026-06-24T12:36:26.676+0300] {dag.py:3954} INFO - Setting next_dagrun for example_trigger_controller_dag to 2021-01-01 00:00:00+00:00, run_after=2021-01-01 00:00:00+00:00
[2026-06-24T12:36:26.705+0300] {processor.py:183} INFO - Processing /media/data/omar/programming course/DEPI/DEPI project/anomx/venv/lib/python3.12/site-packages/airflow/example_dags/example_trigger_controller_dag.py took 0.076 seconds
[2026-06-24T12:37:20.034+0300] {processor.py:161} INFO - Started process (PID=29143) to work on /media/data/omar/programming course/DEPI/DEPI project/anomx/venv/lib/python3.12/site-packages/airflow/example_dags/example_trigger_controller_dag.py
[2026-06-24T12:37:20.035+0300] {processor.py:830} INFO - Processing file /media/data/omar/programming course/DEPI/DEPI project/anomx/venv/lib/python3.12/site-packages/airflow/example_dags/example_trigger_controller_dag.py for tasks to queue
[2026-06-24T12:37:20.036+0300] {logging_mixin.py:188} INFO - [2026-06-24T12:37:20.036+0300] {dagbag.py:540} INFO - Filling up the DagBag from /media/data/omar/programming course/DEPI/DEPI project/anomx/venv/lib/python3.12/site-packages/airflow/example_dags/example_trigger_controller_dag.py
[2026-06-24T12:37:20.042+0300] {processor.py:840} INFO - DAG(s) 'example_trigger_controller_dag' retrieved from /media/data/omar/programming course/DEPI/DEPI project/anomx/venv/lib/python3.12/site-packages/airflow/example_dags/example_trigger_controller_dag.py
[2026-06-24T12:37:20.057+0300] {logging_mixin.py:188} INFO - [2026-06-24T12:37:20.057+0300] {dag.py:3096} INFO - Sync 1 DAGs
[2026-06-24T12:37:20.071+0300] {logging_mixin.py:188} INFO - [2026-06-24T12:37:20.071+0300] {dag.py:3954} INFO - Setting next_dagrun for example_trigger_controller_dag to 2021-01-01 00:00:00+00:00, run_after=2021-01-01 00:00:00+00:00
[2026-06-24T12:37:20.103+0300] {processor.py:183} INFO - Processing /media/data/omar/programming course/DEPI/DEPI project/anomx/venv/lib/python3.12/site-packages/airflow/example_dags/example_trigger_controller_dag.py took 0.075 seconds
[2026-06-24T12:38:06.044+0300] {processor.py:161} INFO - Started process (PID=29582) to work on /media/data/omar/programming course/DEPI/DEPI project/anomx/venv/lib/python3.12/site-packages/airflow/example_dags/example_trigger_controller_dag.py
[2026-06-24T12:38:06.044+0300] {processor.py:830} INFO - Processing file /media/data/omar/programming course/DEPI/DEPI project/anomx/venv/lib/python3.12/site-packages/airflow/example_dags/example_trigger_controller_dag.py for tasks to queue
[2026-06-24T12:38:06.045+0300] {logging_mixin.py:188} INFO - [2026-06-24T12:38:06.045+0300] {dagbag.py:540} INFO - Filling up the DagBag from /media/data/omar/programming course/DEPI/DEPI project/anomx/venv/lib/python3.12/site-packages/airflow/example_dags/example_trigger_controller_dag.py
[2026-06-24T12:38:06.050+0300] {processor.py:840} INFO - DAG(s) 'example_trigger_controller_dag' retrieved from /media/data/omar/programming course/DEPI/DEPI project/anomx/venv/lib/python3.12/site-packages/airflow/example_dags/example_trigger_controller_dag.py
[2026-06-24T12:38:06.064+0300] {logging_mixin.py:188} INFO - [2026-06-24T12:38:06.064+0300] {dag.py:3096} INFO - Sync 1 DAGs
[2026-06-24T12:38:06.077+0300] {logging_mixin.py:188} INFO - [2026-06-24T12:38:06.077+0300] {dag.py:3954} INFO - Setting next_dagrun for example_trigger_controller_dag to 2021-01-01 00:00:00+00:00, run_after=2021-01-01 00:00:00+00:00
[2026-06-24T12:38:06.105+0300] {processor.py:183} INFO - Processing /media/data/omar/programming course/DEPI/DEPI project/anomx/venv/lib/python3.12/site-packages/airflow/example_dags/example_trigger_controller_dag.py took 0.068 seconds
[2026-06-24T12:38:54.799+0300] {processor.py:161} INFO - Started process (PID=30141) to work on /media/data/omar/programming course/DEPI/DEPI project/anomx/venv/lib/python3.12/site-packages/airflow/example_dags/example_trigger_controller_dag.py
[2026-06-24T12:38:54.801+0300] {processor.py:830} INFO - Processing file /media/data/omar/programming course/DEPI/DEPI project/anomx/venv/lib/python3.12/site-packages/airflow/example_dags/example_trigger_controller_dag.py for tasks to queue
[2026-06-24T12:38:54.805+0300] {logging_mixin.py:188} INFO - [2026-06-24T12:38:54.803+0300] {dagbag.py:540} INFO - Filling up the DagBag from /media/data/omar/programming course/DEPI/DEPI project/anomx/venv/lib/python3.12/site-packages/airflow/example_dags/example_trigger_controller_dag.py
[2026-06-24T12:38:54.819+0300] {processor.py:840} INFO - DAG(s) 'example_trigger_controller_dag' retrieved from /media/data/omar/programming course/DEPI/DEPI project/anomx/venv/lib/python3.12/site-packages/airflow/example_dags/example_trigger_controller_dag.py
[2026-06-24T12:38:54.843+0300] {logging_mixin.py:188} INFO - [2026-06-24T12:38:54.842+0300] {dag.py:3096} INFO - Sync 1 DAGs
[2026-06-24T12:38:54.862+0300] {logging_mixin.py:188} INFO - [2026-06-24T12:38:54.861+0300] {dag.py:3954} INFO - Setting next_dagrun for example_trigger_controller_dag to 2021-01-01 00:00:00+00:00, run_after=2021-01-01 00:00:00+00:00
[2026-06-24T12:38:54.889+0300] {processor.py:183} INFO - Processing /media/data/omar/programming course/DEPI/DEPI project/anomx/venv/lib/python3.12/site-packages/airflow/example_dags/example_trigger_controller_dag.py took 0.103 seconds
[2026-06-24T12:39:41.070+0300] {processor.py:161} INFO - Started process (PID=30481) to work on /media/data/omar/programming course/DEPI/DEPI project/anomx/venv/lib/python3.12/site-packages/airflow/example_dags/example_trigger_controller_dag.py
[2026-06-24T12:39:41.071+0300] {processor.py:830} INFO - Processing file /media/data/omar/programming course/DEPI/DEPI project/anomx/venv/lib/python3.12/site-packages/airflow/example_dags/example_trigger_controller_dag.py for tasks to queue
[2026-06-24T12:39:41.072+0300] {logging_mixin.py:188} INFO - [2026-06-24T12:39:41.071+0300] {dagbag.py:540} INFO - Filling up the DagBag from /media/data/omar/programming course/DEPI/DEPI project/anomx/venv/lib/python3.12/site-packages/airflow/example_dags/example_trigger_controller_dag.py
[2026-06-24T12:39:41.076+0300] {processor.py:840} INFO - DAG(s) 'example_trigger_controller_dag' retrieved from /media/data/omar/programming course/DEPI/DEPI project/anomx/venv/lib/python3.12/site-packages/airflow/example_dags/example_trigger_controller_dag.py
[2026-06-24T12:39:41.090+0300] {logging_mixin.py:188} INFO - [2026-06-24T12:39:41.090+0300] {dag.py:3096} INFO - Sync 1 DAGs
[2026-06-24T12:39:41.104+0300] {logging_mixin.py:188} INFO - [2026-06-24T12:39:41.104+0300] {dag.py:3954} INFO - Setting next_dagrun for example_trigger_controller_dag to 2021-01-01 00:00:00+00:00, run_after=2021-01-01 00:00:00+00:00
[2026-06-24T12:39:41.132+0300] {processor.py:183} INFO - Processing /media/data/omar/programming course/DEPI/DEPI project/anomx/venv/lib/python3.12/site-packages/airflow/example_dags/example_trigger_controller_dag.py took 0.067 seconds
[2026-06-24T12:40:31.792+0300] {processor.py:161} INFO - Started process (PID=31057) to work on /media/data/omar/programming course/DEPI/DEPI project/anomx/venv/lib/python3.12/site-packages/airflow/example_dags/example_trigger_controller_dag.py
[2026-06-24T12:40:31.795+0300] {processor.py:830} INFO - Processing file /media/data/omar/programming course/DEPI/DEPI project/anomx/venv/lib/python3.12/site-packages/airflow/example_dags/example_trigger_controller_dag.py for tasks to queue
[2026-06-24T12:40:31.798+0300] {logging_mixin.py:188} INFO - [2026-06-24T12:40:31.796+0300] {dagbag.py:540} INFO - Filling up the DagBag from /media/data/omar/programming course/DEPI/DEPI project/anomx/venv/lib/python3.12/site-packages/airflow/example_dags/example_trigger_controller_dag.py
[2026-06-24T12:40:31.809+0300] {processor.py:840} INFO - DAG(s) 'example_trigger_controller_dag' retrieved from /media/data/omar/programming course/DEPI/DEPI project/anomx/venv/lib/python3.12/site-packages/airflow/example_dags/example_trigger_controller_dag.py
[2026-06-24T12:40:31.827+0300] {logging_mixin.py:188} INFO - [2026-06-24T12:40:31.827+0300] {dag.py:3096} INFO - Sync 1 DAGs
[2026-06-24T12:40:31.840+0300] {logging_mixin.py:188} INFO - [2026-06-24T12:40:31.839+0300] {dag.py:3954} INFO - Setting next_dagrun for example_trigger_controller_dag to 2021-01-01 00:00:00+00:00, run_after=2021-01-01 00:00:00+00:00
[2026-06-24T12:40:31.863+0300] {processor.py:183} INFO - Processing /media/data/omar/programming course/DEPI/DEPI project/anomx/venv/lib/python3.12/site-packages/airflow/example_dags/example_trigger_controller_dag.py took 0.087 seconds
[2026-06-24T12:41:48.377+0300] {processor.py:161} INFO - Started process (PID=31820) to work on /media/data/omar/programming course/DEPI/DEPI project/anomx/venv/lib/python3.12/site-packages/airflow/example_dags/example_trigger_controller_dag.py
[2026-06-24T12:41:48.378+0300] {processor.py:830} INFO - Processing file /media/data/omar/programming course/DEPI/DEPI project/anomx/venv/lib/python3.12/site-packages/airflow/example_dags/example_trigger_controller_dag.py for tasks to queue
[2026-06-24T12:41:48.379+0300] {logging_mixin.py:188} INFO - [2026-06-24T12:41:48.378+0300] {dagbag.py:540} INFO - Filling up the DagBag from /media/data/omar/programming course/DEPI/DEPI project/anomx/venv/lib/python3.12/site-packages/airflow/example_dags/example_trigger_controller_dag.py
[2026-06-24T12:41:48.384+0300] {processor.py:840} INFO - DAG(s) 'example_trigger_controller_dag' retrieved from /media/data/omar/programming course/DEPI/DEPI project/anomx/venv/lib/python3.12/site-packages/airflow/example_dags/example_trigger_controller_dag.py
[2026-06-24T12:41:48.409+0300] {logging_mixin.py:188} INFO - [2026-06-24T12:41:48.408+0300] {dag.py:3096} INFO - Sync 1 DAGs
[2026-06-24T12:41:48.430+0300] {logging_mixin.py:188} INFO - [2026-06-24T12:41:48.429+0300] {dag.py:3954} INFO - Setting next_dagrun for example_trigger_controller_dag to 2021-01-01 00:00:00+00:00, run_after=2021-01-01 00:00:00+00:00
[2026-06-24T12:41:48.460+0300] {processor.py:183} INFO - Processing /media/data/omar/programming course/DEPI/DEPI project/anomx/venv/lib/python3.12/site-packages/airflow/example_dags/example_trigger_controller_dag.py took 0.089 seconds
[2026-06-24T12:42:41.259+0300] {processor.py:161} INFO - Started process (PID=32216) to work on /media/data/omar/programming course/DEPI/DEPI project/anomx/venv/lib/python3.12/site-packages/airflow/example_dags/example_trigger_controller_dag.py
[2026-06-24T12:42:41.259+0300] {processor.py:830} INFO - Processing file /media/data/omar/programming course/DEPI/DEPI project/anomx/venv/lib/python3.12/site-packages/airflow/example_dags/example_trigger_controller_dag.py for tasks to queue
[2026-06-24T12:42:41.261+0300] {logging_mixin.py:188} INFO - [2026-06-24T12:42:41.260+0300] {dagbag.py:540} INFO - Filling up the DagBag from /media/data/omar/programming course/DEPI/DEPI project/anomx/venv/lib/python3.12/site-packages/airflow/example_dags/example_trigger_controller_dag.py
[2026-06-24T12:42:41.266+0300] {processor.py:840} INFO - DAG(s) 'example_trigger_controller_dag' retrieved from /media/data/omar/programming course/DEPI/DEPI project/anomx/venv/lib/python3.12/site-packages/airflow/example_dags/example_trigger_controller_dag.py
[2026-06-24T12:42:41.283+0300] {logging_mixin.py:188} INFO - [2026-06-24T12:42:41.283+0300] {dag.py:3096} INFO - Sync 1 DAGs
[2026-06-24T12:42:41.300+0300] {logging_mixin.py:188} INFO - [2026-06-24T12:42:41.299+0300] {dag.py:3954} INFO - Setting next_dagrun for example_trigger_controller_dag to 2021-01-01 00:00:00+00:00, run_after=2021-01-01 00:00:00+00:00
[2026-06-24T12:42:41.331+0300] {processor.py:183} INFO - Processing /media/data/omar/programming course/DEPI/DEPI project/anomx/venv/lib/python3.12/site-packages/airflow/example_dags/example_trigger_controller_dag.py took 0.078 seconds
[2026-06-24T12:43:33.560+0300] {processor.py:161} INFO - Started process (PID=32751) to work on /media/data/omar/programming course/DEPI/DEPI project/anomx/venv/lib/python3.12/site-packages/airflow/example_dags/example_trigger_controller_dag.py
[2026-06-24T12:43:33.561+0300] {processor.py:830} INFO - Processing file /media/data/omar/programming course/DEPI/DEPI project/anomx/venv/lib/python3.12/site-packages/airflow/example_dags/example_trigger_controller_dag.py for tasks to queue
[2026-06-24T12:43:33.562+0300] {logging_mixin.py:188} INFO - [2026-06-24T12:43:33.562+0300] {dagbag.py:540} INFO - Filling up the DagBag from /media/data/omar/programming course/DEPI/DEPI project/anomx/venv/lib/python3.12/site-packages/airflow/example_dags/example_trigger_controller_dag.py
[2026-06-24T12:43:33.567+0300] {processor.py:840} INFO - DAG(s) 'example_trigger_controller_dag' retrieved from /media/data/omar/programming course/DEPI/DEPI project/anomx/venv/lib/python3.12/site-packages/airflow/example_dags/example_trigger_controller_dag.py
[2026-06-24T12:43:33.580+0300] {logging_mixin.py:188} INFO - [2026-06-24T12:43:33.579+0300] {dag.py:3096} INFO - Sync 1 DAGs
[2026-06-24T12:43:33.592+0300] {logging_mixin.py:188} INFO - [2026-06-24T12:43:33.592+0300] {dag.py:3954} INFO - Setting next_dagrun for example_trigger_controller_dag to 2021-01-01 00:00:00+00:00, run_after=2021-01-01 00:00:00+00:00
[2026-06-24T12:43:33.618+0300] {processor.py:183} INFO - Processing /media/data/omar/programming course/DEPI/DEPI project/anomx/venv/lib/python3.12/site-packages/airflow/example_dags/example_trigger_controller_dag.py took 0.064 seconds
[2026-06-24T12:44:22.524+0300] {processor.py:161} INFO - Started process (PID=33157) to work on /media/data/omar/programming course/DEPI/DEPI project/anomx/venv/lib/python3.12/site-packages/airflow/example_dags/example_trigger_controller_dag.py
[2026-06-24T12:44:22.527+0300] {processor.py:830} INFO - Processing file /media/data/omar/programming course/DEPI/DEPI project/anomx/venv/lib/python3.12/site-packages/airflow/example_dags/example_trigger_controller_dag.py for tasks to queue
[2026-06-24T12:44:22.529+0300] {logging_mixin.py:188} INFO - [2026-06-24T12:44:22.528+0300] {dagbag.py:540} INFO - Filling up the DagBag from /media/data/omar/programming course/DEPI/DEPI project/anomx/venv/lib/python3.12/site-packages/airflow/example_dags/example_trigger_controller_dag.py
[2026-06-24T12:44:22.538+0300] {processor.py:840} INFO - DAG(s) 'example_trigger_controller_dag' retrieved from /media/data/omar/programming course/DEPI/DEPI project/anomx/venv/lib/python3.12/site-packages/airflow/example_dags/example_trigger_controller_dag.py
[2026-06-24T12:44:22.555+0300] {logging_mixin.py:188} INFO - [2026-06-24T12:44:22.555+0300] {dag.py:3096} INFO - Sync 1 DAGs
[2026-06-24T12:44:22.567+0300] {logging_mixin.py:188} INFO - [2026-06-24T12:44:22.567+0300] {dag.py:3954} INFO - Setting next_dagrun for example_trigger_controller_dag to 2021-01-01 00:00:00+00:00, run_after=2021-01-01 00:00:00+00:00
[2026-06-24T12:44:22.592+0300] {processor.py:183} INFO - Processing /media/data/omar/programming course/DEPI/DEPI project/anomx/venv/lib/python3.12/site-packages/airflow/example_dags/example_trigger_controller_dag.py took 0.086 seconds
[2026-06-24T12:45:12.624+0300] {processor.py:161} INFO - Started process (PID=33705) to work on /media/data/omar/programming course/DEPI/DEPI project/anomx/venv/lib/python3.12/site-packages/airflow/example_dags/example_trigger_controller_dag.py
[2026-06-24T12:45:12.625+0300] {processor.py:830} INFO - Processing file /media/data/omar/programming course/DEPI/DEPI project/anomx/venv/lib/python3.12/site-packages/airflow/example_dags/example_trigger_controller_dag.py for tasks to queue
[2026-06-24T12:45:12.626+0300] {logging_mixin.py:188} INFO - [2026-06-24T12:45:12.625+0300] {dagbag.py:540} INFO - Filling up the DagBag from /media/data/omar/programming course/DEPI/DEPI project/anomx/venv/lib/python3.12/site-packages/airflow/example_dags/example_trigger_controller_dag.py
[2026-06-24T12:45:12.633+0300] {processor.py:840} INFO - DAG(s) 'example_trigger_controller_dag' retrieved from /media/data/omar/programming course/DEPI/DEPI project/anomx/venv/lib/python3.12/site-packages/airflow/example_dags/example_trigger_controller_dag.py
[2026-06-24T12:45:12.653+0300] {logging_mixin.py:188} INFO - [2026-06-24T12:45:12.652+0300] {dag.py:3096} INFO - Sync 1 DAGs
[2026-06-24T12:45:12.668+0300] {logging_mixin.py:188} INFO - [2026-06-24T12:45:12.667+0300] {dag.py:3954} INFO - Setting next_dagrun for example_trigger_controller_dag to 2021-01-01 00:00:00+00:00, run_after=2021-01-01 00:00:00+00:00
[2026-06-24T12:45:12.698+0300] {processor.py:183} INFO - Processing /media/data/omar/programming course/DEPI/DEPI project/anomx/venv/lib/python3.12/site-packages/airflow/example_dags/example_trigger_controller_dag.py took 0.082 seconds
[2026-06-24T12:46:01.044+0300] {processor.py:161} INFO - Started process (PID=34072) to work on /media/data/omar/programming course/DEPI/DEPI project/anomx/venv/lib/python3.12/site-packages/airflow/example_dags/example_trigger_controller_dag.py
[2026-06-24T12:46:01.045+0300] {processor.py:830} INFO - Processing file /media/data/omar/programming course/DEPI/DEPI project/anomx/venv/lib/python3.12/site-packages/airflow/example_dags/example_trigger_controller_dag.py for tasks to queue
[2026-06-24T12:46:01.046+0300] {logging_mixin.py:188} INFO - [2026-06-24T12:46:01.045+0300] {dagbag.py:540} INFO - Filling up the DagBag from /media/data/omar/programming course/DEPI/DEPI project/anomx/venv/lib/python3.12/site-packages/airflow/example_dags/example_trigger_controller_dag.py
[2026-06-24T12:46:01.051+0300] {processor.py:840} INFO - DAG(s) 'example_trigger_controller_dag' retrieved from /media/data/omar/programming course/DEPI/DEPI project/anomx/venv/lib/python3.12/site-packages/airflow/example_dags/example_trigger_controller_dag.py
[2026-06-24T12:46:01.065+0300] {logging_mixin.py:188} INFO - [2026-06-24T12:46:01.064+0300] {dag.py:3096} INFO - Sync 1 DAGs
[2026-06-24T12:46:01.078+0300] {logging_mixin.py:188} INFO - [2026-06-24T12:46:01.078+0300] {dag.py:3954} INFO - Setting next_dagrun for example_trigger_controller_dag to 2021-01-01 00:00:00+00:00, run_after=2021-01-01 00:00:00+00:00
[2026-06-24T12:46:01.106+0300] {processor.py:183} INFO - Processing /media/data/omar/programming course/DEPI/DEPI project/anomx/venv/lib/python3.12/site-packages/airflow/example_dags/example_trigger_controller_dag.py took 0.067 seconds
[2026-06-24T12:46:50.656+0300] {processor.py:161} INFO - Started process (PID=34632) to work on /media/data/omar/programming course/DEPI/DEPI project/anomx/venv/lib/python3.12/site-packages/airflow/example_dags/example_trigger_controller_dag.py
[2026-06-24T12:46:50.657+0300] {processor.py:830} INFO - Processing file /media/data/omar/programming course/DEPI/DEPI project/anomx/venv/lib/python3.12/site-packages/airflow/example_dags/example_trigger_controller_dag.py for tasks to queue
[2026-06-24T12:46:50.660+0300] {logging_mixin.py:188} INFO - [2026-06-24T12:46:50.659+0300] {dagbag.py:540} INFO - Filling up the DagBag from /media/data/omar/programming course/DEPI/DEPI project/anomx/venv/lib/python3.12/site-packages/airflow/example_dags/example_trigger_controller_dag.py
[2026-06-24T12:46:50.675+0300] {processor.py:840} INFO - DAG(s) 'example_trigger_controller_dag' retrieved from /media/data/omar/programming course/DEPI/DEPI project/anomx/venv/lib/python3.12/site-packages/airflow/example_dags/example_trigger_controller_dag.py
[2026-06-24T12:46:50.707+0300] {logging_mixin.py:188} INFO - [2026-06-24T12:46:50.707+0300] {dag.py:3096} INFO - Sync 1 DAGs
[2026-06-24T12:46:50.735+0300] {logging_mixin.py:188} INFO - [2026-06-24T12:46:50.734+0300] {dag.py:3954} INFO - Setting next_dagrun for example_trigger_controller_dag to 2021-01-01 00:00:00+00:00, run_after=2021-01-01 00:00:00+00:00
[2026-06-24T12:46:50.786+0300] {processor.py:183} INFO - Processing /media/data/omar/programming course/DEPI/DEPI project/anomx/venv/lib/python3.12/site-packages/airflow/example_dags/example_trigger_controller_dag.py took 0.140 seconds
[2026-06-24T12:47:45.146+0300] {processor.py:161} INFO - Started process (PID=35041) to work on /media/data/omar/programming course/DEPI/DEPI project/anomx/venv/lib/python3.12/site-packages/airflow/example_dags/example_trigger_controller_dag.py
[2026-06-24T12:47:45.147+0300] {processor.py:830} INFO - Processing file /media/data/omar/programming course/DEPI/DEPI project/anomx/venv/lib/python3.12/site-packages/airflow/example_dags/example_trigger_controller_dag.py for tasks to queue
[2026-06-24T12:47:45.149+0300] {logging_mixin.py:188} INFO - [2026-06-24T12:47:45.148+0300] {dagbag.py:540} INFO - Filling up the DagBag from /media/data/omar/programming course/DEPI/DEPI project/anomx/venv/lib/python3.12/site-packages/airflow/example_dags/example_trigger_controller_dag.py
[2026-06-24T12:47:45.156+0300] {processor.py:840} INFO - DAG(s) 'example_trigger_controller_dag' retrieved from /media/data/omar/programming course/DEPI/DEPI project/anomx/venv/lib/python3.12/site-packages/airflow/example_dags/example_trigger_controller_dag.py
[2026-06-24T12:47:45.176+0300] {logging_mixin.py:188} INFO - [2026-06-24T12:47:45.176+0300] {dag.py:3096} INFO - Sync 1 DAGs
[2026-06-24T12:47:45.192+0300] {logging_mixin.py:188} INFO - [2026-06-24T12:47:45.192+0300] {dag.py:3954} INFO - Setting next_dagrun for example_trigger_controller_dag to 2021-01-01 00:00:00+00:00, run_after=2021-01-01 00:00:00+00:00
[2026-06-24T12:47:45.225+0300] {processor.py:183} INFO - Processing /media/data/omar/programming course/DEPI/DEPI project/anomx/venv/lib/python3.12/site-packages/airflow/example_dags/example_trigger_controller_dag.py took 0.087 seconds
[2026-06-24T12:48:38.911+0300] {processor.py:161} INFO - Started process (PID=35602) to work on /media/data/omar/programming course/DEPI/DEPI project/anomx/venv/lib/python3.12/site-packages/airflow/example_dags/example_trigger_controller_dag.py
[2026-06-24T12:48:38.911+0300] {processor.py:830} INFO - Processing file /media/data/omar/programming course/DEPI/DEPI project/anomx/venv/lib/python3.12/site-packages/airflow/example_dags/example_trigger_controller_dag.py for tasks to queue
[2026-06-24T12:48:38.912+0300] {logging_mixin.py:188} INFO - [2026-06-24T12:48:38.912+0300] {dagbag.py:540} INFO - Filling up the DagBag from /media/data/omar/programming course/DEPI/DEPI project/anomx/venv/lib/python3.12/site-packages/airflow/example_dags/example_trigger_controller_dag.py
[2026-06-24T12:48:38.918+0300] {processor.py:840} INFO - DAG(s) 'example_trigger_controller_dag' retrieved from /media/data/omar/programming course/DEPI/DEPI project/anomx/venv/lib/python3.12/site-packages/airflow/example_dags/example_trigger_controller_dag.py
[2026-06-24T12:48:38.936+0300] {logging_mixin.py:188} INFO - [2026-06-24T12:48:38.935+0300] {dag.py:3096} INFO - Sync 1 DAGs
[2026-06-24T12:48:38.951+0300] {logging_mixin.py:188} INFO - [2026-06-24T12:48:38.951+0300] {dag.py:3954} INFO - Setting next_dagrun for example_trigger_controller_dag to 2021-01-01 00:00:00+00:00, run_after=2021-01-01 00:00:00+00:00
[2026-06-24T12:48:38.985+0300] {processor.py:183} INFO - Processing /media/data/omar/programming course/DEPI/DEPI project/anomx/venv/lib/python3.12/site-packages/airflow/example_dags/example_trigger_controller_dag.py took 0.081 seconds
[2026-06-24T12:49:31.269+0300] {processor.py:161} INFO - Started process (PID=35972) to work on /media/data/omar/programming course/DEPI/DEPI project/anomx/venv/lib/python3.12/site-packages/airflow/example_dags/example_trigger_controller_dag.py
[2026-06-24T12:49:31.271+0300] {processor.py:830} INFO - Processing file /media/data/omar/programming course/DEPI/DEPI project/anomx/venv/lib/python3.12/site-packages/airflow/example_dags/example_trigger_controller_dag.py for tasks to queue
[2026-06-24T12:49:31.273+0300] {logging_mixin.py:188} INFO - [2026-06-24T12:49:31.272+0300] {dagbag.py:540} INFO - Filling up the DagBag from /media/data/omar/programming course/DEPI/DEPI project/anomx/venv/lib/python3.12/site-packages/airflow/example_dags/example_trigger_controller_dag.py
[2026-06-24T12:49:31.281+0300] {processor.py:840} INFO - DAG(s) 'example_trigger_controller_dag' retrieved from /media/data/omar/programming course/DEPI/DEPI project/anomx/venv/lib/python3.12/site-packages/airflow/example_dags/example_trigger_controller_dag.py
[2026-06-24T12:49:31.299+0300] {logging_mixin.py:188} INFO - [2026-06-24T12:49:31.299+0300] {dag.py:3096} INFO - Sync 1 DAGs
[2026-06-24T12:49:31.315+0300] {logging_mixin.py:188} INFO - [2026-06-24T12:49:31.315+0300] {dag.py:3954} INFO - Setting next_dagrun for example_trigger_controller_dag to 2021-01-01 00:00:00+00:00, run_after=2021-01-01 00:00:00+00:00
[2026-06-24T12:49:31.346+0300] {processor.py:183} INFO - Processing /media/data/omar/programming course/DEPI/DEPI project/anomx/venv/lib/python3.12/site-packages/airflow/example_dags/example_trigger_controller_dag.py took 0.095 seconds
[2026-06-24T12:50:26.109+0300] {processor.py:161} INFO - Started process (PID=36599) to work on /media/data/omar/programming course/DEPI/DEPI project/anomx/venv/lib/python3.12/site-packages/airflow/example_dags/example_trigger_controller_dag.py
[2026-06-24T12:50:26.110+0300] {processor.py:830} INFO - Processing file /media/data/omar/programming course/DEPI/DEPI project/anomx/venv/lib/python3.12/site-packages/airflow/example_dags/example_trigger_controller_dag.py for tasks to queue
[2026-06-24T12:50:26.111+0300] {logging_mixin.py:188} INFO - [2026-06-24T12:50:26.110+0300] {dagbag.py:540} INFO - Filling up the DagBag from /media/data/omar/programming course/DEPI/DEPI project/anomx/venv/lib/python3.12/site-packages/airflow/example_dags/example_trigger_controller_dag.py
[2026-06-24T12:50:26.117+0300] {processor.py:840} INFO - DAG(s) 'example_trigger_controller_dag' retrieved from /media/data/omar/programming course/DEPI/DEPI project/anomx/venv/lib/python3.12/site-packages/airflow/example_dags/example_trigger_controller_dag.py
[2026-06-24T12:50:26.134+0300] {logging_mixin.py:188} INFO - [2026-06-24T12:50:26.133+0300] {dag.py:3096} INFO - Sync 1 DAGs
[2026-06-24T12:50:26.151+0300] {logging_mixin.py:188} INFO - [2026-06-24T12:50:26.150+0300] {dag.py:3954} INFO - Setting next_dagrun for example_trigger_controller_dag to 2021-01-01 00:00:00+00:00, run_after=2021-01-01 00:00:00+00:00
[2026-06-24T12:50:26.183+0300] {processor.py:183} INFO - Processing /media/data/omar/programming course/DEPI/DEPI project/anomx/venv/lib/python3.12/site-packages/airflow/example_dags/example_trigger_controller_dag.py took 0.081 seconds
[2026-06-24T12:51:19.374+0300] {processor.py:161} INFO - Started process (PID=36989) to work on /media/data/omar/programming course/DEPI/DEPI project/anomx/venv/lib/python3.12/site-packages/airflow/example_dags/example_trigger_controller_dag.py
[2026-06-24T12:51:19.375+0300] {processor.py:830} INFO - Processing file /media/data/omar/programming course/DEPI/DEPI project/anomx/venv/lib/python3.12/site-packages/airflow/example_dags/example_trigger_controller_dag.py for tasks to queue
[2026-06-24T12:51:19.377+0300] {logging_mixin.py:188} INFO - [2026-06-24T12:51:19.376+0300] {dagbag.py:540} INFO - Filling up the DagBag from /media/data/omar/programming course/DEPI/DEPI project/anomx/venv/lib/python3.12/site-packages/airflow/example_dags/example_trigger_controller_dag.py
[2026-06-24T12:51:19.383+0300] {processor.py:840} INFO - DAG(s) 'example_trigger_controller_dag' retrieved from /media/data/omar/programming course/DEPI/DEPI project/anomx/venv/lib/python3.12/site-packages/airflow/example_dags/example_trigger_controller_dag.py
[2026-06-24T12:51:19.401+0300] {logging_mixin.py:188} INFO - [2026-06-24T12:51:19.400+0300] {dag.py:3096} INFO - Sync 1 DAGs
[2026-06-24T12:51:19.417+0300] {logging_mixin.py:188} INFO - [2026-06-24T12:51:19.417+0300] {dag.py:3954} INFO - Setting next_dagrun for example_trigger_controller_dag to 2021-01-01 00:00:00+00:00, run_after=2021-01-01 00:00:00+00:00
[2026-06-24T12:51:19.448+0300] {processor.py:183} INFO - Processing /media/data/omar/programming course/DEPI/DEPI project/anomx/venv/lib/python3.12/site-packages/airflow/example_dags/example_trigger_controller_dag.py took 0.081 seconds
[2026-06-24T12:52:11.341+0300] {processor.py:161} INFO - Started process (PID=37541) to work on /media/data/omar/programming course/DEPI/DEPI project/anomx/venv/lib/python3.12/site-packages/airflow/example_dags/example_trigger_controller_dag.py
[2026-06-24T12:52:11.343+0300] {processor.py:830} INFO - Processing file /media/data/omar/programming course/DEPI/DEPI project/anomx/venv/lib/python3.12/site-packages/airflow/example_dags/example_trigger_controller_dag.py for tasks to queue
[2026-06-24T12:52:11.344+0300] {logging_mixin.py:188} INFO - [2026-06-24T12:52:11.344+0300] {dagbag.py:540} INFO - Filling up the DagBag from /media/data/omar/programming course/DEPI/DEPI project/anomx/venv/lib/python3.12/site-packages/airflow/example_dags/example_trigger_controller_dag.py
[2026-06-24T12:52:11.352+0300] {processor.py:840} INFO - DAG(s) 'example_trigger_controller_dag' retrieved from /media/data/omar/programming course/DEPI/DEPI project/anomx/venv/lib/python3.12/site-packages/airflow/example_dags/example_trigger_controller_dag.py
[2026-06-24T12:52:11.369+0300] {logging_mixin.py:188} INFO - [2026-06-24T12:52:11.369+0300] {dag.py:3096} INFO - Sync 1 DAGs
[2026-06-24T12:52:11.385+0300] {logging_mixin.py:188} INFO - [2026-06-24T12:52:11.385+0300] {dag.py:3954} INFO - Setting next_dagrun for example_trigger_controller_dag to 2021-01-01 00:00:00+00:00, run_after=2021-01-01 00:00:00+00:00
[2026-06-24T12:52:11.419+0300] {processor.py:183} INFO - Processing /media/data/omar/programming course/DEPI/DEPI project/anomx/venv/lib/python3.12/site-packages/airflow/example_dags/example_trigger_controller_dag.py took 0.091 seconds
[2026-06-24T12:53:00.585+0300] {processor.py:161} INFO - Started process (PID=37921) to work on /media/data/omar/programming course/DEPI/DEPI project/anomx/venv/lib/python3.12/site-packages/airflow/example_dags/example_trigger_controller_dag.py
[2026-06-24T12:53:00.586+0300] {processor.py:830} INFO - Processing file /media/data/omar/programming course/DEPI/DEPI project/anomx/venv/lib/python3.12/site-packages/airflow/example_dags/example_trigger_controller_dag.py for tasks to queue
[2026-06-24T12:53:00.587+0300] {logging_mixin.py:188} INFO - [2026-06-24T12:53:00.586+0300] {dagbag.py:540} INFO - Filling up the DagBag from /media/data/omar/programming course/DEPI/DEPI project/anomx/venv/lib/python3.12/site-packages/airflow/example_dags/example_trigger_controller_dag.py
[2026-06-24T12:53:00.592+0300] {processor.py:840} INFO - DAG(s) 'example_trigger_controller_dag' retrieved from /media/data/omar/programming course/DEPI/DEPI project/anomx/venv/lib/python3.12/site-packages/airflow/example_dags/example_trigger_controller_dag.py
[2026-06-24T12:53:00.606+0300] {logging_mixin.py:188} INFO - [2026-06-24T12:53:00.606+0300] {dag.py:3096} INFO - Sync 1 DAGs
[2026-06-24T12:53:00.619+0300] {logging_mixin.py:188} INFO - [2026-06-24T12:53:00.618+0300] {dag.py:3954} INFO - Setting next_dagrun for example_trigger_controller_dag to 2021-01-01 00:00:00+00:00, run_after=2021-01-01 00:00:00+00:00
[2026-06-24T12:53:00.650+0300] {processor.py:183} INFO - Processing /media/data/omar/programming course/DEPI/DEPI project/anomx/venv/lib/python3.12/site-packages/airflow/example_dags/example_trigger_controller_dag.py took 0.070 seconds
[2026-06-24T12:53:54.015+0300] {processor.py:161} INFO - Started process (PID=38248) to work on /media/data/omar/programming course/DEPI/DEPI project/anomx/venv/lib/python3.12/site-packages/airflow/example_dags/example_trigger_controller_dag.py
[2026-06-24T12:53:54.016+0300] {processor.py:830} INFO - Processing file /media/data/omar/programming course/DEPI/DEPI project/anomx/venv/lib/python3.12/site-packages/airflow/example_dags/example_trigger_controller_dag.py for tasks to queue
[2026-06-24T12:53:54.017+0300] {logging_mixin.py:188} INFO - [2026-06-24T12:53:54.016+0300] {dagbag.py:540} INFO - Filling up the DagBag from /media/data/omar/programming course/DEPI/DEPI project/anomx/venv/lib/python3.12/site-packages/airflow/example_dags/example_trigger_controller_dag.py
[2026-06-24T12:53:54.022+0300] {processor.py:840} INFO - DAG(s) 'example_trigger_controller_dag' retrieved from /media/data/omar/programming course/DEPI/DEPI project/anomx/venv/lib/python3.12/site-packages/airflow/example_dags/example_trigger_controller_dag.py
[2026-06-24T12:53:54.035+0300] {logging_mixin.py:188} INFO - [2026-06-24T12:53:54.035+0300] {dag.py:3096} INFO - Sync 1 DAGs
[2026-06-24T12:53:54.048+0300] {logging_mixin.py:188} INFO - [2026-06-24T12:53:54.048+0300] {dag.py:3954} INFO - Setting next_dagrun for example_trigger_controller_dag to 2021-01-01 00:00:00+00:00, run_after=2021-01-01 00:00:00+00:00
[2026-06-24T12:53:54.074+0300] {processor.py:183} INFO - Processing /media/data/omar/programming course/DEPI/DEPI project/anomx/venv/lib/python3.12/site-packages/airflow/example_dags/example_trigger_controller_dag.py took 0.065 seconds
[2026-06-24T12:54:48.885+0300] {processor.py:161} INFO - Started process (PID=38887) to work on /media/data/omar/programming course/DEPI/DEPI project/anomx/venv/lib/python3.12/site-packages/airflow/example_dags/example_trigger_controller_dag.py
[2026-06-24T12:54:48.886+0300] {processor.py:830} INFO - Processing file /media/data/omar/programming course/DEPI/DEPI project/anomx/venv/lib/python3.12/site-packages/airflow/example_dags/example_trigger_controller_dag.py for tasks to queue
[2026-06-24T12:54:48.887+0300] {logging_mixin.py:188} INFO - [2026-06-24T12:54:48.887+0300] {dagbag.py:540} INFO - Filling up the DagBag from /media/data/omar/programming course/DEPI/DEPI project/anomx/venv/lib/python3.12/site-packages/airflow/example_dags/example_trigger_controller_dag.py
[2026-06-24T12:54:48.892+0300] {processor.py:840} INFO - DAG(s) 'example_trigger_controller_dag' retrieved from /media/data/omar/programming course/DEPI/DEPI project/anomx/venv/lib/python3.12/site-packages/airflow/example_dags/example_trigger_controller_dag.py
[2026-06-24T12:54:48.908+0300] {logging_mixin.py:188} INFO - [2026-06-24T12:54:48.907+0300] {dag.py:3096} INFO - Sync 1 DAGs
[2026-06-24T12:54:48.923+0300] {logging_mixin.py:188} INFO - [2026-06-24T12:54:48.922+0300] {dag.py:3954} INFO - Setting next_dagrun for example_trigger_controller_dag to 2021-01-01 00:00:00+00:00, run_after=2021-01-01 00:00:00+00:00
[2026-06-24T12:54:48.960+0300] {processor.py:183} INFO - Processing /media/data/omar/programming course/DEPI/DEPI project/anomx/venv/lib/python3.12/site-packages/airflow/example_dags/example_trigger_controller_dag.py took 0.081 seconds
[2026-06-24T12:55:48.248+0300] {processor.py:161} INFO - Started process (PID=39373) to work on /media/data/omar/programming course/DEPI/DEPI project/anomx/venv/lib/python3.12/site-packages/airflow/example_dags/example_trigger_controller_dag.py
[2026-06-24T12:55:48.250+0300] {processor.py:830} INFO - Processing file /media/data/omar/programming course/DEPI/DEPI project/anomx/venv/lib/python3.12/site-packages/airflow/example_dags/example_trigger_controller_dag.py for tasks to queue
[2026-06-24T12:55:48.252+0300] {logging_mixin.py:188} INFO - [2026-06-24T12:55:48.251+0300] {dagbag.py:540} INFO - Filling up the DagBag from /media/data/omar/programming course/DEPI/DEPI project/anomx/venv/lib/python3.12/site-packages/airflow/example_dags/example_trigger_controller_dag.py
[2026-06-24T12:55:48.259+0300] {processor.py:840} INFO - DAG(s) 'example_trigger_controller_dag' retrieved from /media/data/omar/programming course/DEPI/DEPI project/anomx/venv/lib/python3.12/site-packages/airflow/example_dags/example_trigger_controller_dag.py
[2026-06-24T12:55:48.283+0300] {logging_mixin.py:188} INFO - [2026-06-24T12:55:48.283+0300] {dag.py:3096} INFO - Sync 1 DAGs
[2026-06-24T12:55:48.314+0300] {logging_mixin.py:188} INFO - [2026-06-24T12:55:48.313+0300] {dag.py:3954} INFO - Setting next_dagrun for example_trigger_controller_dag to 2021-01-01 00:00:00+00:00, run_after=2021-01-01 00:00:00+00:00
[2026-06-24T12:55:48.376+0300] {processor.py:183} INFO - Processing /media/data/omar/programming course/DEPI/DEPI project/anomx/venv/lib/python3.12/site-packages/airflow/example_dags/example_trigger_controller_dag.py took 0.146 seconds
[2026-06-24T12:56:57.643+0300] {processor.py:161} INFO - Started process (PID=39931) to work on /media/data/omar/programming course/DEPI/DEPI project/anomx/venv/lib/python3.12/site-packages/airflow/example_dags/example_trigger_controller_dag.py
[2026-06-24T12:56:57.647+0300] {processor.py:830} INFO - Processing file /media/data/omar/programming course/DEPI/DEPI project/anomx/venv/lib/python3.12/site-packages/airflow/example_dags/example_trigger_controller_dag.py for tasks to queue
[2026-06-24T12:56:57.652+0300] {logging_mixin.py:188} INFO - [2026-06-24T12:56:57.649+0300] {dagbag.py:540} INFO - Filling up the DagBag from /media/data/omar/programming course/DEPI/DEPI project/anomx/venv/lib/python3.12/site-packages/airflow/example_dags/example_trigger_controller_dag.py
[2026-06-24T12:56:57.672+0300] {processor.py:840} INFO - DAG(s) 'example_trigger_controller_dag' retrieved from /media/data/omar/programming course/DEPI/DEPI project/anomx/venv/lib/python3.12/site-packages/airflow/example_dags/example_trigger_controller_dag.py
[2026-06-24T12:56:57.732+0300] {logging_mixin.py:188} INFO - [2026-06-24T12:56:57.731+0300] {dag.py:3096} INFO - Sync 1 DAGs
[2026-06-24T12:56:57.799+0300] {logging_mixin.py:188} INFO - [2026-06-24T12:56:57.797+0300] {dag.py:3954} INFO - Setting next_dagrun for example_trigger_controller_dag to 2021-01-01 00:00:00+00:00, run_after=2021-01-01 00:00:00+00:00
[2026-06-24T12:56:57.917+0300] {processor.py:183} INFO - Processing /media/data/omar/programming course/DEPI/DEPI project/anomx/venv/lib/python3.12/site-packages/airflow/example_dags/example_trigger_controller_dag.py took 0.297 seconds
[2026-06-24T12:57:50.708+0300] {processor.py:161} INFO - Started process (PID=40470) to work on /media/data/omar/programming course/DEPI/DEPI project/anomx/venv/lib/python3.12/site-packages/airflow/example_dags/example_trigger_controller_dag.py
[2026-06-24T12:57:50.709+0300] {processor.py:830} INFO - Processing file /media/data/omar/programming course/DEPI/DEPI project/anomx/venv/lib/python3.12/site-packages/airflow/example_dags/example_trigger_controller_dag.py for tasks to queue
[2026-06-24T12:57:50.710+0300] {logging_mixin.py:188} INFO - [2026-06-24T12:57:50.709+0300] {dagbag.py:540} INFO - Filling up the DagBag from /media/data/omar/programming course/DEPI/DEPI project/anomx/venv/lib/python3.12/site-packages/airflow/example_dags/example_trigger_controller_dag.py
[2026-06-24T12:57:50.716+0300] {processor.py:840} INFO - DAG(s) 'example_trigger_controller_dag' retrieved from /media/data/omar/programming course/DEPI/DEPI project/anomx/venv/lib/python3.12/site-packages/airflow/example_dags/example_trigger_controller_dag.py
[2026-06-24T12:57:50.734+0300] {logging_mixin.py:188} INFO - [2026-06-24T12:57:50.733+0300] {dag.py:3096} INFO - Sync 1 DAGs
[2026-06-24T12:57:50.750+0300] {logging_mixin.py:188} INFO - [2026-06-24T12:57:50.750+0300] {dag.py:3954} INFO - Setting next_dagrun for example_trigger_controller_dag to 2021-01-01 00:00:00+00:00, run_after=2021-01-01 00:00:00+00:00
[2026-06-24T12:57:50.780+0300] {processor.py:183} INFO - Processing /media/data/omar/programming course/DEPI/DEPI project/anomx/venv/lib/python3.12/site-packages/airflow/example_dags/example_trigger_controller_dag.py took 0.078 seconds
[2026-06-24T12:58:42.691+0300] {processor.py:161} INFO - Started process (PID=40866) to work on /media/data/omar/programming course/DEPI/DEPI project/anomx/venv/lib/python3.12/site-packages/airflow/example_dags/example_trigger_controller_dag.py
[2026-06-24T12:58:42.692+0300] {processor.py:830} INFO - Processing file /media/data/omar/programming course/DEPI/DEPI project/anomx/venv/lib/python3.12/site-packages/airflow/example_dags/example_trigger_controller_dag.py for tasks to queue
[2026-06-24T12:58:42.693+0300] {logging_mixin.py:188} INFO - [2026-06-24T12:58:42.692+0300] {dagbag.py:540} INFO - Filling up the DagBag from /media/data/omar/programming course/DEPI/DEPI project/anomx/venv/lib/python3.12/site-packages/airflow/example_dags/example_trigger_controller_dag.py
[2026-06-24T12:58:42.699+0300] {processor.py:840} INFO - DAG(s) 'example_trigger_controller_dag' retrieved from /media/data/omar/programming course/DEPI/DEPI project/anomx/venv/lib/python3.12/site-packages/airflow/example_dags/example_trigger_controller_dag.py
[2026-06-24T12:58:42.715+0300] {logging_mixin.py:188} INFO - [2026-06-24T12:58:42.715+0300] {dag.py:3096} INFO - Sync 1 DAGs
[2026-06-24T12:58:42.731+0300] {logging_mixin.py:188} INFO - [2026-06-24T12:58:42.730+0300] {dag.py:3954} INFO - Setting next_dagrun for example_trigger_controller_dag to 2021-01-01 00:00:00+00:00, run_after=2021-01-01 00:00:00+00:00
[2026-06-24T12:58:42.760+0300] {processor.py:183} INFO - Processing /media/data/omar/programming course/DEPI/DEPI project/anomx/venv/lib/python3.12/site-packages/airflow/example_dags/example_trigger_controller_dag.py took 0.075 seconds
[2026-06-24T12:59:33.844+0300] {processor.py:161} INFO - Started process (PID=41168) to work on /media/data/omar/programming course/DEPI/DEPI project/anomx/venv/lib/python3.12/site-packages/airflow/example_dags/example_trigger_controller_dag.py
[2026-06-24T12:59:33.845+0300] {processor.py:830} INFO - Processing file /media/data/omar/programming course/DEPI/DEPI project/anomx/venv/lib/python3.12/site-packages/airflow/example_dags/example_trigger_controller_dag.py for tasks to queue
[2026-06-24T12:59:33.846+0300] {logging_mixin.py:188} INFO - [2026-06-24T12:59:33.846+0300] {dagbag.py:540} INFO - Filling up the DagBag from /media/data/omar/programming course/DEPI/DEPI project/anomx/venv/lib/python3.12/site-packages/airflow/example_dags/example_trigger_controller_dag.py
[2026-06-24T12:59:33.852+0300] {processor.py:840} INFO - DAG(s) 'example_trigger_controller_dag' retrieved from /media/data/omar/programming course/DEPI/DEPI project/anomx/venv/lib/python3.12/site-packages/airflow/example_dags/example_trigger_controller_dag.py
[2026-06-24T12:59:33.868+0300] {logging_mixin.py:188} INFO - [2026-06-24T12:59:33.867+0300] {dag.py:3096} INFO - Sync 1 DAGs
[2026-06-24T12:59:33.883+0300] {logging_mixin.py:188} INFO - [2026-06-24T12:59:33.883+0300] {dag.py:3954} INFO - Setting next_dagrun for example_trigger_controller_dag to 2021-01-01 00:00:00+00:00, run_after=2021-01-01 00:00:00+00:00
[2026-06-24T12:59:33.914+0300] {processor.py:183} INFO - Processing /media/data/omar/programming course/DEPI/DEPI project/anomx/venv/lib/python3.12/site-packages/airflow/example_dags/example_trigger_controller_dag.py took 0.078 seconds
[2026-06-24T13:00:23.995+0300] {processor.py:161} INFO - Started process (PID=41770) to work on /media/data/omar/programming course/DEPI/DEPI project/anomx/venv/lib/python3.12/site-packages/airflow/example_dags/example_trigger_controller_dag.py
[2026-06-24T13:00:23.997+0300] {processor.py:830} INFO - Processing file /media/data/omar/programming course/DEPI/DEPI project/anomx/venv/lib/python3.12/site-packages/airflow/example_dags/example_trigger_controller_dag.py for tasks to queue
[2026-06-24T13:00:23.999+0300] {logging_mixin.py:188} INFO - [2026-06-24T13:00:23.998+0300] {dagbag.py:540} INFO - Filling up the DagBag from /media/data/omar/programming course/DEPI/DEPI project/anomx/venv/lib/python3.12/site-packages/airflow/example_dags/example_trigger_controller_dag.py
[2026-06-24T13:00:24.008+0300] {processor.py:840} INFO - DAG(s) 'example_trigger_controller_dag' retrieved from /media/data/omar/programming course/DEPI/DEPI project/anomx/venv/lib/python3.12/site-packages/airflow/example_dags/example_trigger_controller_dag.py
[2026-06-24T13:00:24.029+0300] {logging_mixin.py:188} INFO - [2026-06-24T13:00:24.029+0300] {dag.py:3096} INFO - Sync 1 DAGs
[2026-06-24T13:00:24.045+0300] {logging_mixin.py:188} INFO - [2026-06-24T13:00:24.045+0300] {dag.py:3954} INFO - Setting next_dagrun for example_trigger_controller_dag to 2021-01-01 00:00:00+00:00, run_after=2021-01-01 00:00:00+00:00
[2026-06-24T13:00:24.075+0300] {processor.py:183} INFO - Processing /media/data/omar/programming course/DEPI/DEPI project/anomx/venv/lib/python3.12/site-packages/airflow/example_dags/example_trigger_controller_dag.py took 0.099 seconds
[2026-06-24T13:01:12.464+0300] {processor.py:161} INFO - Started process (PID=42070) to work on /media/data/omar/programming course/DEPI/DEPI project/anomx/venv/lib/python3.12/site-packages/airflow/example_dags/example_trigger_controller_dag.py
[2026-06-24T13:01:12.465+0300] {processor.py:830} INFO - Processing file /media/data/omar/programming course/DEPI/DEPI project/anomx/venv/lib/python3.12/site-packages/airflow/example_dags/example_trigger_controller_dag.py for tasks to queue
[2026-06-24T13:01:12.466+0300] {logging_mixin.py:188} INFO - [2026-06-24T13:01:12.465+0300] {dagbag.py:540} INFO - Filling up the DagBag from /media/data/omar/programming course/DEPI/DEPI project/anomx/venv/lib/python3.12/site-packages/airflow/example_dags/example_trigger_controller_dag.py
[2026-06-24T13:01:12.472+0300] {processor.py:840} INFO - DAG(s) 'example_trigger_controller_dag' retrieved from /media/data/omar/programming course/DEPI/DEPI project/anomx/venv/lib/python3.12/site-packages/airflow/example_dags/example_trigger_controller_dag.py
[2026-06-24T13:01:12.487+0300] {logging_mixin.py:188} INFO - [2026-06-24T13:01:12.487+0300] {dag.py:3096} INFO - Sync 1 DAGs
[2026-06-24T13:01:12.500+0300] {logging_mixin.py:188} INFO - [2026-06-24T13:01:12.500+0300] {dag.py:3954} INFO - Setting next_dagrun for example_trigger_controller_dag to 2021-01-01 00:00:00+00:00, run_after=2021-01-01 00:00:00+00:00
[2026-06-24T13:01:12.529+0300] {processor.py:183} INFO - Processing /media/data/omar/programming course/DEPI/DEPI project/anomx/venv/lib/python3.12/site-packages/airflow/example_dags/example_trigger_controller_dag.py took 0.073 seconds
[2026-06-24T13:02:04.021+0300] {processor.py:161} INFO - Started process (PID=42698) to work on /media/data/omar/programming course/DEPI/DEPI project/anomx/venv/lib/python3.12/site-packages/airflow/example_dags/example_trigger_controller_dag.py
[2026-06-24T13:02:04.022+0300] {processor.py:830} INFO - Processing file /media/data/omar/programming course/DEPI/DEPI project/anomx/venv/lib/python3.12/site-packages/airflow/example_dags/example_trigger_controller_dag.py for tasks to queue
[2026-06-24T13:02:04.024+0300] {logging_mixin.py:188} INFO - [2026-06-24T13:02:04.023+0300] {dagbag.py:540} INFO - Filling up the DagBag from /media/data/omar/programming course/DEPI/DEPI project/anomx/venv/lib/python3.12/site-packages/airflow/example_dags/example_trigger_controller_dag.py
[2026-06-24T13:02:04.030+0300] {processor.py:840} INFO - DAG(s) 'example_trigger_controller_dag' retrieved from /media/data/omar/programming course/DEPI/DEPI project/anomx/venv/lib/python3.12/site-packages/airflow/example_dags/example_trigger_controller_dag.py
[2026-06-24T13:02:04.047+0300] {logging_mixin.py:188} INFO - [2026-06-24T13:02:04.047+0300] {dag.py:3096} INFO - Sync 1 DAGs
[2026-06-24T13:02:04.064+0300] {logging_mixin.py:188} INFO - [2026-06-24T13:02:04.064+0300] {dag.py:3954} INFO - Setting next_dagrun for example_trigger_controller_dag to 2021-01-01 00:00:00+00:00, run_after=2021-01-01 00:00:00+00:00
[2026-06-24T13:02:04.098+0300] {processor.py:183} INFO - Processing /media/data/omar/programming course/DEPI/DEPI project/anomx/venv/lib/python3.12/site-packages/airflow/example_dags/example_trigger_controller_dag.py took 0.087 seconds
[2026-06-24T13:02:55.550+0300] {processor.py:161} INFO - Started process (PID=43016) to work on /media/data/omar/programming course/DEPI/DEPI project/anomx/venv/lib/python3.12/site-packages/airflow/example_dags/example_trigger_controller_dag.py
[2026-06-24T13:02:55.552+0300] {processor.py:830} INFO - Processing file /media/data/omar/programming course/DEPI/DEPI project/anomx/venv/lib/python3.12/site-packages/airflow/example_dags/example_trigger_controller_dag.py for tasks to queue
[2026-06-24T13:02:55.554+0300] {logging_mixin.py:188} INFO - [2026-06-24T13:02:55.553+0300] {dagbag.py:540} INFO - Filling up the DagBag from /media/data/omar/programming course/DEPI/DEPI project/anomx/venv/lib/python3.12/site-packages/airflow/example_dags/example_trigger_controller_dag.py
[2026-06-24T13:02:55.564+0300] {processor.py:840} INFO - DAG(s) 'example_trigger_controller_dag' retrieved from /media/data/omar/programming course/DEPI/DEPI project/anomx/venv/lib/python3.12/site-packages/airflow/example_dags/example_trigger_controller_dag.py
[2026-06-24T13:02:55.592+0300] {logging_mixin.py:188} INFO - [2026-06-24T13:02:55.592+0300] {dag.py:3096} INFO - Sync 1 DAGs
[2026-06-24T13:02:55.607+0300] {logging_mixin.py:188} INFO - [2026-06-24T13:02:55.607+0300] {dag.py:3954} INFO - Setting next_dagrun for example_trigger_controller_dag to 2021-01-01 00:00:00+00:00, run_after=2021-01-01 00:00:00+00:00
[2026-06-24T13:02:55.644+0300] {processor.py:183} INFO - Processing /media/data/omar/programming course/DEPI/DEPI project/anomx/venv/lib/python3.12/site-packages/airflow/example_dags/example_trigger_controller_dag.py took 0.107 seconds
[2026-06-24T13:03:45.330+0300] {processor.py:161} INFO - Started process (PID=43625) to work on /media/data/omar/programming course/DEPI/DEPI project/anomx/venv/lib/python3.12/site-packages/airflow/example_dags/example_trigger_controller_dag.py
[2026-06-24T13:03:45.332+0300] {processor.py:830} INFO - Processing file /media/data/omar/programming course/DEPI/DEPI project/anomx/venv/lib/python3.12/site-packages/airflow/example_dags/example_trigger_controller_dag.py for tasks to queue
[2026-06-24T13:03:45.334+0300] {logging_mixin.py:188} INFO - [2026-06-24T13:03:45.333+0300] {dagbag.py:540} INFO - Filling up the DagBag from /media/data/omar/programming course/DEPI/DEPI project/anomx/venv/lib/python3.12/site-packages/airflow/example_dags/example_trigger_controller_dag.py
[2026-06-24T13:03:45.343+0300] {processor.py:840} INFO - DAG(s) 'example_trigger_controller_dag' retrieved from /media/data/omar/programming course/DEPI/DEPI project/anomx/venv/lib/python3.12/site-packages/airflow/example_dags/example_trigger_controller_dag.py
[2026-06-24T13:03:45.387+0300] {logging_mixin.py:188} INFO - [2026-06-24T13:03:45.386+0300] {dag.py:3096} INFO - Sync 1 DAGs
[2026-06-24T13:03:45.431+0300] {logging_mixin.py:188} INFO - [2026-06-24T13:03:45.431+0300] {dag.py:3954} INFO - Setting next_dagrun for example_trigger_controller_dag to 2021-01-01 00:00:00+00:00, run_after=2021-01-01 00:00:00+00:00
[2026-06-24T13:03:45.490+0300] {processor.py:183} INFO - Processing /media/data/omar/programming course/DEPI/DEPI project/anomx/venv/lib/python3.12/site-packages/airflow/example_dags/example_trigger_controller_dag.py took 0.174 seconds
[2026-06-24T13:04:34.407+0300] {processor.py:161} INFO - Started process (PID=43933) to work on /media/data/omar/programming course/DEPI/DEPI project/anomx/venv/lib/python3.12/site-packages/airflow/example_dags/example_trigger_controller_dag.py
[2026-06-24T13:04:34.408+0300] {processor.py:830} INFO - Processing file /media/data/omar/programming course/DEPI/DEPI project/anomx/venv/lib/python3.12/site-packages/airflow/example_dags/example_trigger_controller_dag.py for tasks to queue
[2026-06-24T13:04:34.409+0300] {logging_mixin.py:188} INFO - [2026-06-24T13:04:34.409+0300] {dagbag.py:540} INFO - Filling up the DagBag from /media/data/omar/programming course/DEPI/DEPI project/anomx/venv/lib/python3.12/site-packages/airflow/example_dags/example_trigger_controller_dag.py
[2026-06-24T13:04:34.413+0300] {processor.py:840} INFO - DAG(s) 'example_trigger_controller_dag' retrieved from /media/data/omar/programming course/DEPI/DEPI project/anomx/venv/lib/python3.12/site-packages/airflow/example_dags/example_trigger_controller_dag.py
[2026-06-24T13:04:34.427+0300] {logging_mixin.py:188} INFO - [2026-06-24T13:04:34.427+0300] {dag.py:3096} INFO - Sync 1 DAGs
[2026-06-24T13:04:34.440+0300] {logging_mixin.py:188} INFO - [2026-06-24T13:04:34.440+0300] {dag.py:3954} INFO - Setting next_dagrun for example_trigger_controller_dag to 2021-01-01 00:00:00+00:00, run_after=2021-01-01 00:00:00+00:00
[2026-06-24T13:04:34.466+0300] {processor.py:183} INFO - Processing /media/data/omar/programming course/DEPI/DEPI project/anomx/venv/lib/python3.12/site-packages/airflow/example_dags/example_trigger_controller_dag.py took 0.063 seconds
[2026-06-24T13:05:25.114+0300] {processor.py:161} INFO - Started process (PID=44543) to work on /media/data/omar/programming course/DEPI/DEPI project/anomx/venv/lib/python3.12/site-packages/airflow/example_dags/example_trigger_controller_dag.py
[2026-06-24T13:05:25.115+0300] {processor.py:830} INFO - Processing file /media/data/omar/programming course/DEPI/DEPI project/anomx/venv/lib/python3.12/site-packages/airflow/example_dags/example_trigger_controller_dag.py for tasks to queue
[2026-06-24T13:05:25.117+0300] {logging_mixin.py:188} INFO - [2026-06-24T13:05:25.116+0300] {dagbag.py:540} INFO - Filling up the DagBag from /media/data/omar/programming course/DEPI/DEPI project/anomx/venv/lib/python3.12/site-packages/airflow/example_dags/example_trigger_controller_dag.py
[2026-06-24T13:05:25.125+0300] {processor.py:840} INFO - DAG(s) 'example_trigger_controller_dag' retrieved from /media/data/omar/programming course/DEPI/DEPI project/anomx/venv/lib/python3.12/site-packages/airflow/example_dags/example_trigger_controller_dag.py
[2026-06-24T13:05:25.146+0300] {logging_mixin.py:188} INFO - [2026-06-24T13:05:25.145+0300] {dag.py:3096} INFO - Sync 1 DAGs
[2026-06-24T13:05:25.163+0300] {logging_mixin.py:188} INFO - [2026-06-24T13:05:25.163+0300] {dag.py:3954} INFO - Setting next_dagrun for example_trigger_controller_dag to 2021-01-01 00:00:00+00:00, run_after=2021-01-01 00:00:00+00:00
[2026-06-24T13:05:25.202+0300] {processor.py:183} INFO - Processing /media/data/omar/programming course/DEPI/DEPI project/anomx/venv/lib/python3.12/site-packages/airflow/example_dags/example_trigger_controller_dag.py took 0.101 seconds
[2026-06-24T13:06:20.076+0300] {processor.py:161} INFO - Started process (PID=44892) to work on /media/data/omar/programming course/DEPI/DEPI project/anomx/venv/lib/python3.12/site-packages/airflow/example_dags/example_trigger_controller_dag.py
[2026-06-24T13:06:20.076+0300] {processor.py:830} INFO - Processing file /media/data/omar/programming course/DEPI/DEPI project/anomx/venv/lib/python3.12/site-packages/airflow/example_dags/example_trigger_controller_dag.py for tasks to queue
[2026-06-24T13:06:20.078+0300] {logging_mixin.py:188} INFO - [2026-06-24T13:06:20.077+0300] {dagbag.py:540} INFO - Filling up the DagBag from /media/data/omar/programming course/DEPI/DEPI project/anomx/venv/lib/python3.12/site-packages/airflow/example_dags/example_trigger_controller_dag.py
[2026-06-24T13:06:20.084+0300] {processor.py:840} INFO - DAG(s) 'example_trigger_controller_dag' retrieved from /media/data/omar/programming course/DEPI/DEPI project/anomx/venv/lib/python3.12/site-packages/airflow/example_dags/example_trigger_controller_dag.py
[2026-06-24T13:06:20.104+0300] {logging_mixin.py:188} INFO - [2026-06-24T13:06:20.103+0300] {dag.py:3096} INFO - Sync 1 DAGs
[2026-06-24T13:06:20.123+0300] {logging_mixin.py:188} INFO - [2026-06-24T13:06:20.122+0300] {dag.py:3954} INFO - Setting next_dagrun for example_trigger_controller_dag to 2021-01-01 00:00:00+00:00, run_after=2021-01-01 00:00:00+00:00
[2026-06-24T13:06:20.165+0300] {processor.py:183} INFO - Processing /media/data/omar/programming course/DEPI/DEPI project/anomx/venv/lib/python3.12/site-packages/airflow/example_dags/example_trigger_controller_dag.py took 0.097 seconds
[2026-06-24T13:07:19.612+0300] {processor.py:161} INFO - Started process (PID=45537) to work on /media/data/omar/programming course/DEPI/DEPI project/anomx/venv/lib/python3.12/site-packages/airflow/example_dags/example_trigger_controller_dag.py
[2026-06-24T13:07:19.613+0300] {processor.py:830} INFO - Processing file /media/data/omar/programming course/DEPI/DEPI project/anomx/venv/lib/python3.12/site-packages/airflow/example_dags/example_trigger_controller_dag.py for tasks to queue
[2026-06-24T13:07:19.615+0300] {logging_mixin.py:188} INFO - [2026-06-24T13:07:19.614+0300] {dagbag.py:540} INFO - Filling up the DagBag from /media/data/omar/programming course/DEPI/DEPI project/anomx/venv/lib/python3.12/site-packages/airflow/example_dags/example_trigger_controller_dag.py
[2026-06-24T13:07:19.624+0300] {processor.py:840} INFO - DAG(s) 'example_trigger_controller_dag' retrieved from /media/data/omar/programming course/DEPI/DEPI project/anomx/venv/lib/python3.12/site-packages/airflow/example_dags/example_trigger_controller_dag.py
[2026-06-24T13:07:19.643+0300] {logging_mixin.py:188} INFO - [2026-06-24T13:07:19.642+0300] {dag.py:3096} INFO - Sync 1 DAGs
[2026-06-24T13:07:19.660+0300] {logging_mixin.py:188} INFO - [2026-06-24T13:07:19.659+0300] {dag.py:3954} INFO - Setting next_dagrun for example_trigger_controller_dag to 2021-01-01 00:00:00+00:00, run_after=2021-01-01 00:00:00+00:00
[2026-06-24T13:07:19.692+0300] {processor.py:183} INFO - Processing /media/data/omar/programming course/DEPI/DEPI project/anomx/venv/lib/python3.12/site-packages/airflow/example_dags/example_trigger_controller_dag.py took 0.090 seconds
[2026-06-24T13:08:34.435+0300] {processor.py:161} INFO - Started process (PID=46436) to work on /media/data/omar/programming course/DEPI/DEPI project/anomx/venv/lib/python3.12/site-packages/airflow/example_dags/example_trigger_controller_dag.py
[2026-06-24T13:08:34.436+0300] {processor.py:830} INFO - Processing file /media/data/omar/programming course/DEPI/DEPI project/anomx/venv/lib/python3.12/site-packages/airflow/example_dags/example_trigger_controller_dag.py for tasks to queue
[2026-06-24T13:08:34.437+0300] {logging_mixin.py:188} INFO - [2026-06-24T13:08:34.437+0300] {dagbag.py:540} INFO - Filling up the DagBag from /media/data/omar/programming course/DEPI/DEPI project/anomx/venv/lib/python3.12/site-packages/airflow/example_dags/example_trigger_controller_dag.py
[2026-06-24T13:08:34.442+0300] {processor.py:840} INFO - DAG(s) 'example_trigger_controller_dag' retrieved from /media/data/omar/programming course/DEPI/DEPI project/anomx/venv/lib/python3.12/site-packages/airflow/example_dags/example_trigger_controller_dag.py
[2026-06-24T13:08:34.463+0300] {logging_mixin.py:188} INFO - [2026-06-24T13:08:34.462+0300] {dag.py:3096} INFO - Sync 1 DAGs
[2026-06-24T13:08:34.480+0300] {logging_mixin.py:188} INFO - [2026-06-24T13:08:34.480+0300] {dag.py:3954} INFO - Setting next_dagrun for example_trigger_controller_dag to 2021-01-01 00:00:00+00:00, run_after=2021-01-01 00:00:00+00:00
[2026-06-24T13:08:34.512+0300] {processor.py:183} INFO - Processing /media/data/omar/programming course/DEPI/DEPI project/anomx/venv/lib/python3.12/site-packages/airflow/example_dags/example_trigger_controller_dag.py took 0.082 seconds
[2026-06-24T13:12:08.855+0300] {processor.py:161} INFO - Started process (PID=48680) to work on /media/data/omar/programming course/DEPI/DEPI project/anomx/venv/lib/python3.12/site-packages/airflow/example_dags/example_trigger_controller_dag.py
[2026-06-24T13:12:08.856+0300] {processor.py:830} INFO - Processing file /media/data/omar/programming course/DEPI/DEPI project/anomx/venv/lib/python3.12/site-packages/airflow/example_dags/example_trigger_controller_dag.py for tasks to queue
[2026-06-24T13:12:08.857+0300] {logging_mixin.py:188} INFO - [2026-06-24T13:12:08.857+0300] {dagbag.py:540} INFO - Filling up the DagBag from /media/data/omar/programming course/DEPI/DEPI project/anomx/venv/lib/python3.12/site-packages/airflow/example_dags/example_trigger_controller_dag.py
[2026-06-24T13:12:08.863+0300] {processor.py:840} INFO - DAG(s) 'example_trigger_controller_dag' retrieved from /media/data/omar/programming course/DEPI/DEPI project/anomx/venv/lib/python3.12/site-packages/airflow/example_dags/example_trigger_controller_dag.py
[2026-06-24T13:12:08.883+0300] {logging_mixin.py:188} INFO - [2026-06-24T13:12:08.882+0300] {dag.py:3096} INFO - Sync 1 DAGs
[2026-06-24T13:12:08.898+0300] {logging_mixin.py:188} INFO - [2026-06-24T13:12:08.898+0300] {dag.py:3954} INFO - Setting next_dagrun for example_trigger_controller_dag to 2021-01-01 00:00:00+00:00, run_after=2021-01-01 00:00:00+00:00
[2026-06-24T13:12:08.935+0300] {processor.py:183} INFO - Processing /media/data/omar/programming course/DEPI/DEPI project/anomx/venv/lib/python3.12/site-packages/airflow/example_dags/example_trigger_controller_dag.py took 0.087 seconds
[2026-06-24T13:13:04.743+0300] {processor.py:161} INFO - Started process (PID=49373) to work on /media/data/omar/programming course/DEPI/DEPI project/anomx/venv/lib/python3.12/site-packages/airflow/example_dags/example_trigger_controller_dag.py
[2026-06-24T13:13:04.745+0300] {processor.py:830} INFO - Processing file /media/data/omar/programming course/DEPI/DEPI project/anomx/venv/lib/python3.12/site-packages/airflow/example_dags/example_trigger_controller_dag.py for tasks to queue
[2026-06-24T13:13:04.748+0300] {logging_mixin.py:188} INFO - [2026-06-24T13:13:04.747+0300] {dagbag.py:540} INFO - Filling up the DagBag from /media/data/omar/programming course/DEPI/DEPI project/anomx/venv/lib/python3.12/site-packages/airflow/example_dags/example_trigger_controller_dag.py
[2026-06-24T13:13:04.760+0300] {processor.py:840} INFO - DAG(s) 'example_trigger_controller_dag' retrieved from /media/data/omar/programming course/DEPI/DEPI project/anomx/venv/lib/python3.12/site-packages/airflow/example_dags/example_trigger_controller_dag.py
[2026-06-24T13:13:04.779+0300] {logging_mixin.py:188} INFO - [2026-06-24T13:13:04.779+0300] {dag.py:3096} INFO - Sync 1 DAGs
[2026-06-24T13:13:04.792+0300] {logging_mixin.py:188} INFO - [2026-06-24T13:13:04.792+0300] {dag.py:3954} INFO - Setting next_dagrun for example_trigger_controller_dag to 2021-01-01 00:00:00+00:00, run_after=2021-01-01 00:00:00+00:00
[2026-06-24T13:13:04.818+0300] {processor.py:183} INFO - Processing /media/data/omar/programming course/DEPI/DEPI project/anomx/venv/lib/python3.12/site-packages/airflow/example_dags/example_trigger_controller_dag.py took 0.087 seconds
[2026-06-24T13:13:56.775+0300] {processor.py:161} INFO - Started process (PID=49733) to work on /media/data/omar/programming course/DEPI/DEPI project/anomx/venv/lib/python3.12/site-packages/airflow/example_dags/example_trigger_controller_dag.py
[2026-06-24T13:13:56.776+0300] {processor.py:830} INFO - Processing file /media/data/omar/programming course/DEPI/DEPI project/anomx/venv/lib/python3.12/site-packages/airflow/example_dags/example_trigger_controller_dag.py for tasks to queue
[2026-06-24T13:13:56.777+0300] {logging_mixin.py:188} INFO - [2026-06-24T13:13:56.776+0300] {dagbag.py:540} INFO - Filling up the DagBag from /media/data/omar/programming course/DEPI/DEPI project/anomx/venv/lib/python3.12/site-packages/airflow/example_dags/example_trigger_controller_dag.py
[2026-06-24T13:13:56.784+0300] {processor.py:840} INFO - DAG(s) 'example_trigger_controller_dag' retrieved from /media/data/omar/programming course/DEPI/DEPI project/anomx/venv/lib/python3.12/site-packages/airflow/example_dags/example_trigger_controller_dag.py
[2026-06-24T13:13:56.801+0300] {logging_mixin.py:188} INFO - [2026-06-24T13:13:56.800+0300] {dag.py:3096} INFO - Sync 1 DAGs
[2026-06-24T13:13:56.817+0300] {logging_mixin.py:188} INFO - [2026-06-24T13:13:56.817+0300] {dag.py:3954} INFO - Setting next_dagrun for example_trigger_controller_dag to 2021-01-01 00:00:00+00:00, run_after=2021-01-01 00:00:00+00:00
[2026-06-24T13:13:56.850+0300] {processor.py:183} INFO - Processing /media/data/omar/programming course/DEPI/DEPI project/anomx/venv/lib/python3.12/site-packages/airflow/example_dags/example_trigger_controller_dag.py took 0.082 seconds
[2026-06-24T13:14:51.204+0300] {processor.py:161} INFO - Started process (PID=50379) to work on /media/data/omar/programming course/DEPI/DEPI project/anomx/venv/lib/python3.12/site-packages/airflow/example_dags/example_trigger_controller_dag.py
[2026-06-24T13:14:51.205+0300] {processor.py:830} INFO - Processing file /media/data/omar/programming course/DEPI/DEPI project/anomx/venv/lib/python3.12/site-packages/airflow/example_dags/example_trigger_controller_dag.py for tasks to queue
[2026-06-24T13:14:51.207+0300] {logging_mixin.py:188} INFO - [2026-06-24T13:14:51.206+0300] {dagbag.py:540} INFO - Filling up the DagBag from /media/data/omar/programming course/DEPI/DEPI project/anomx/venv/lib/python3.12/site-packages/airflow/example_dags/example_trigger_controller_dag.py
[2026-06-24T13:14:51.217+0300] {processor.py:840} INFO - DAG(s) 'example_trigger_controller_dag' retrieved from /media/data/omar/programming course/DEPI/DEPI project/anomx/venv/lib/python3.12/site-packages/airflow/example_dags/example_trigger_controller_dag.py
[2026-06-24T13:14:51.236+0300] {logging_mixin.py:188} INFO - [2026-06-24T13:14:51.235+0300] {dag.py:3096} INFO - Sync 1 DAGs
[2026-06-24T13:14:51.251+0300] {logging_mixin.py:188} INFO - [2026-06-24T13:14:51.250+0300] {dag.py:3954} INFO - Setting next_dagrun for example_trigger_controller_dag to 2021-01-01 00:00:00+00:00, run_after=2021-01-01 00:00:00+00:00
[2026-06-24T13:14:51.280+0300] {processor.py:183} INFO - Processing /media/data/omar/programming course/DEPI/DEPI project/anomx/venv/lib/python3.12/site-packages/airflow/example_dags/example_trigger_controller_dag.py took 0.086 seconds
[2026-06-24T13:15:41.364+0300] {processor.py:161} INFO - Started process (PID=50680) to work on /media/data/omar/programming course/DEPI/DEPI project/anomx/venv/lib/python3.12/site-packages/airflow/example_dags/example_trigger_controller_dag.py
[2026-06-24T13:15:41.365+0300] {processor.py:830} INFO - Processing file /media/data/omar/programming course/DEPI/DEPI project/anomx/venv/lib/python3.12/site-packages/airflow/example_dags/example_trigger_controller_dag.py for tasks to queue
[2026-06-24T13:15:41.367+0300] {logging_mixin.py:188} INFO - [2026-06-24T13:15:41.366+0300] {dagbag.py:540} INFO - Filling up the DagBag from /media/data/omar/programming course/DEPI/DEPI project/anomx/venv/lib/python3.12/site-packages/airflow/example_dags/example_trigger_controller_dag.py
[2026-06-24T13:15:41.374+0300] {processor.py:840} INFO - DAG(s) 'example_trigger_controller_dag' retrieved from /media/data/omar/programming course/DEPI/DEPI project/anomx/venv/lib/python3.12/site-packages/airflow/example_dags/example_trigger_controller_dag.py
[2026-06-24T13:15:41.390+0300] {logging_mixin.py:188} INFO - [2026-06-24T13:15:41.390+0300] {dag.py:3096} INFO - Sync 1 DAGs
[2026-06-24T13:15:41.405+0300] {logging_mixin.py:188} INFO - [2026-06-24T13:15:41.404+0300] {dag.py:3954} INFO - Setting next_dagrun for example_trigger_controller_dag to 2021-01-01 00:00:00+00:00, run_after=2021-01-01 00:00:00+00:00
[2026-06-24T13:15:41.441+0300] {processor.py:183} INFO - Processing /media/data/omar/programming course/DEPI/DEPI project/anomx/venv/lib/python3.12/site-packages/airflow/example_dags/example_trigger_controller_dag.py took 0.084 seconds
[2026-06-24T13:16:29.701+0300] {processor.py:161} INFO - Started process (PID=51304) to work on /media/data/omar/programming course/DEPI/DEPI project/anomx/venv/lib/python3.12/site-packages/airflow/example_dags/example_trigger_controller_dag.py
[2026-06-24T13:16:29.703+0300] {processor.py:830} INFO - Processing file /media/data/omar/programming course/DEPI/DEPI project/anomx/venv/lib/python3.12/site-packages/airflow/example_dags/example_trigger_controller_dag.py for tasks to queue
[2026-06-24T13:16:29.704+0300] {logging_mixin.py:188} INFO - [2026-06-24T13:16:29.703+0300] {dagbag.py:540} INFO - Filling up the DagBag from /media/data/omar/programming course/DEPI/DEPI project/anomx/venv/lib/python3.12/site-packages/airflow/example_dags/example_trigger_controller_dag.py
[2026-06-24T13:16:29.712+0300] {processor.py:840} INFO - DAG(s) 'example_trigger_controller_dag' retrieved from /media/data/omar/programming course/DEPI/DEPI project/anomx/venv/lib/python3.12/site-packages/airflow/example_dags/example_trigger_controller_dag.py
[2026-06-24T13:16:29.734+0300] {logging_mixin.py:188} INFO - [2026-06-24T13:16:29.733+0300] {dag.py:3096} INFO - Sync 1 DAGs
[2026-06-24T13:16:29.756+0300] {logging_mixin.py:188} INFO - [2026-06-24T13:16:29.756+0300] {dag.py:3954} INFO - Setting next_dagrun for example_trigger_controller_dag to 2021-01-01 00:00:00+00:00, run_after=2021-01-01 00:00:00+00:00
[2026-06-24T13:16:29.797+0300] {processor.py:183} INFO - Processing /media/data/omar/programming course/DEPI/DEPI project/anomx/venv/lib/python3.12/site-packages/airflow/example_dags/example_trigger_controller_dag.py took 0.103 seconds
[2026-06-24T13:17:19.992+0300] {processor.py:161} INFO - Started process (PID=51606) to work on /media/data/omar/programming course/DEPI/DEPI project/anomx/venv/lib/python3.12/site-packages/airflow/example_dags/example_trigger_controller_dag.py
[2026-06-24T13:17:19.993+0300] {processor.py:830} INFO - Processing file /media/data/omar/programming course/DEPI/DEPI project/anomx/venv/lib/python3.12/site-packages/airflow/example_dags/example_trigger_controller_dag.py for tasks to queue
[2026-06-24T13:17:19.994+0300] {logging_mixin.py:188} INFO - [2026-06-24T13:17:19.994+0300] {dagbag.py:540} INFO - Filling up the DagBag from /media/data/omar/programming course/DEPI/DEPI project/anomx/venv/lib/python3.12/site-packages/airflow/example_dags/example_trigger_controller_dag.py
[2026-06-24T13:17:20.000+0300] {processor.py:840} INFO - DAG(s) 'example_trigger_controller_dag' retrieved from /media/data/omar/programming course/DEPI/DEPI project/anomx/venv/lib/python3.12/site-packages/airflow/example_dags/example_trigger_controller_dag.py
[2026-06-24T13:17:20.017+0300] {logging_mixin.py:188} INFO - [2026-06-24T13:17:20.016+0300] {dag.py:3096} INFO - Sync 1 DAGs
[2026-06-24T13:17:20.032+0300] {logging_mixin.py:188} INFO - [2026-06-24T13:17:20.031+0300] {dag.py:3954} INFO - Setting next_dagrun for example_trigger_controller_dag to 2021-01-01 00:00:00+00:00, run_after=2021-01-01 00:00:00+00:00
[2026-06-24T13:17:20.065+0300] {processor.py:183} INFO - Processing /media/data/omar/programming course/DEPI/DEPI project/anomx/venv/lib/python3.12/site-packages/airflow/example_dags/example_trigger_controller_dag.py took 0.079 seconds
[2026-06-24T13:18:11.850+0300] {processor.py:161} INFO - Started process (PID=52235) to work on /media/data/omar/programming course/DEPI/DEPI project/anomx/venv/lib/python3.12/site-packages/airflow/example_dags/example_trigger_controller_dag.py
[2026-06-24T13:18:11.851+0300] {processor.py:830} INFO - Processing file /media/data/omar/programming course/DEPI/DEPI project/anomx/venv/lib/python3.12/site-packages/airflow/example_dags/example_trigger_controller_dag.py for tasks to queue
[2026-06-24T13:18:11.852+0300] {logging_mixin.py:188} INFO - [2026-06-24T13:18:11.851+0300] {dagbag.py:540} INFO - Filling up the DagBag from /media/data/omar/programming course/DEPI/DEPI project/anomx/venv/lib/python3.12/site-packages/airflow/example_dags/example_trigger_controller_dag.py
[2026-06-24T13:18:11.859+0300] {processor.py:840} INFO - DAG(s) 'example_trigger_controller_dag' retrieved from /media/data/omar/programming course/DEPI/DEPI project/anomx/venv/lib/python3.12/site-packages/airflow/example_dags/example_trigger_controller_dag.py
[2026-06-24T13:18:11.876+0300] {logging_mixin.py:188} INFO - [2026-06-24T13:18:11.875+0300] {dag.py:3096} INFO - Sync 1 DAGs
[2026-06-24T13:18:11.892+0300] {logging_mixin.py:188} INFO - [2026-06-24T13:18:11.892+0300] {dag.py:3954} INFO - Setting next_dagrun for example_trigger_controller_dag to 2021-01-01 00:00:00+00:00, run_after=2021-01-01 00:00:00+00:00
[2026-06-24T13:18:11.924+0300] {processor.py:183} INFO - Processing /media/data/omar/programming course/DEPI/DEPI project/anomx/venv/lib/python3.12/site-packages/airflow/example_dags/example_trigger_controller_dag.py took 0.080 seconds
