[2026-06-24T11:52:39.875+0300] {processor.py:161} INFO - Started process (PID=10739) to work on /media/data/omar/programming course/DEPI/DEPI project/anomx/venv/lib/python3.12/site-packages/airflow/example_dags/example_xcom.py
[2026-06-24T11:52:39.876+0300] {processor.py:830} INFO - Processing file /media/data/omar/programming course/DEPI/DEPI project/anomx/venv/lib/python3.12/site-packages/airflow/example_dags/example_xcom.py for tasks to queue
[2026-06-24T11:52:39.878+0300] {logging_mixin.py:188} INFO - [2026-06-24T11:52:39.877+0300] {dagbag.py:540} INFO - Filling up the DagBag from /media/data/omar/programming course/DEPI/DEPI project/anomx/venv/lib/python3.12/site-packages/airflow/example_dags/example_xcom.py
[2026-06-24T11:52:39.896+0300] {processor.py:840} INFO - DAG(s) 'example_xcom' retrieved from /media/data/omar/programming course/DEPI/DEPI project/anomx/venv/lib/python3.12/site-packages/airflow/example_dags/example_xcom.py
[2026-06-24T11:52:39.941+0300] {logging_mixin.py:188} INFO - [2026-06-24T11:52:39.940+0300] {dag.py:3096} INFO - Sync 1 DAGs
[2026-06-24T11:52:39.953+0300] {logging_mixin.py:188} INFO - [2026-06-24T11:52:39.953+0300] {dag.py:3118} INFO - Creating ORM DAG for example_xcom
[2026-06-24T11:52:39.964+0300] {logging_mixin.py:188} INFO - [2026-06-24T11:52:39.963+0300] {dag.py:3954} INFO - Setting next_dagrun for example_xcom to 2021-01-01 00:00:00+00:00, run_after=2021-01-01 00:00:00+00:00
[2026-06-24T11:52:39.999+0300] {processor.py:183} INFO - Processing /media/data/omar/programming course/DEPI/DEPI project/anomx/venv/lib/python3.12/site-packages/airflow/example_dags/example_xcom.py took 0.130 seconds
[2026-06-24T11:54:15.086+0300] {processor.py:161} INFO - Started process (PID=11845) to work on /media/data/omar/programming course/DEPI/DEPI project/anomx/venv/lib/python3.12/site-packages/airflow/example_dags/example_xcom.py
[2026-06-24T11:54:15.089+0300] {processor.py:830} INFO - Processing file /media/data/omar/programming course/DEPI/DEPI project/anomx/venv/lib/python3.12/site-packages/airflow/example_dags/example_xcom.py for tasks to queue
[2026-06-24T11:54:15.095+0300] {logging_mixin.py:188} INFO - [2026-06-24T11:54:15.094+0300] {dagbag.py:540} INFO - Filling up the DagBag from /media/data/omar/programming course/DEPI/DEPI project/anomx/venv/lib/python3.12/site-packages/airflow/example_dags/example_xcom.py
[2026-06-24T11:54:15.119+0300] {processor.py:840} INFO - DAG(s) 'example_xcom' retrieved from /media/data/omar/programming course/DEPI/DEPI project/anomx/venv/lib/python3.12/site-packages/airflow/example_dags/example_xcom.py
[2026-06-24T11:54:15.140+0300] {logging_mixin.py:188} INFO - [2026-06-24T11:54:15.140+0300] {dag.py:3096} INFO - Sync 1 DAGs
[2026-06-24T11:54:15.168+0300] {logging_mixin.py:188} INFO - [2026-06-24T11:54:15.168+0300] {dag.py:3954} INFO - Setting next_dagrun for example_xcom to 2021-01-01 00:00:00+00:00, run_after=2021-01-01 00:00:00+00:00
[2026-06-24T11:54:15.220+0300] {processor.py:183} INFO - Processing /media/data/omar/programming course/DEPI/DEPI project/anomx/venv/lib/python3.12/site-packages/airflow/example_dags/example_xcom.py took 0.158 seconds
[2026-06-24T11:55:16.582+0300] {processor.py:161} INFO - Started process (PID=12453) to work on /media/data/omar/programming course/DEPI/DEPI project/anomx/venv/lib/python3.12/site-packages/airflow/example_dags/example_xcom.py
[2026-06-24T11:55:16.584+0300] {processor.py:830} INFO - Processing file /media/data/omar/programming course/DEPI/DEPI project/anomx/venv/lib/python3.12/site-packages/airflow/example_dags/example_xcom.py for tasks to queue
[2026-06-24T11:55:16.586+0300] {logging_mixin.py:188} INFO - [2026-06-24T11:55:16.585+0300] {dagbag.py:540} INFO - Filling up the DagBag from /media/data/omar/programming course/DEPI/DEPI project/anomx/venv/lib/python3.12/site-packages/airflow/example_dags/example_xcom.py
[2026-06-24T11:55:16.607+0300] {processor.py:840} INFO - DAG(s) 'example_xcom' retrieved from /media/data/omar/programming course/DEPI/DEPI project/anomx/venv/lib/python3.12/site-packages/airflow/example_dags/example_xcom.py
[2026-06-24T11:55:16.645+0300] {logging_mixin.py:188} INFO - [2026-06-24T11:55:16.644+0300] {dag.py:3096} INFO - Sync 1 DAGs
[2026-06-24T11:55:16.671+0300] {logging_mixin.py:188} INFO - [2026-06-24T11:55:16.670+0300] {dag.py:3954} INFO - Setting next_dagrun for example_xcom to 2021-01-01 00:00:00+00:00, run_after=2021-01-01 00:00:00+00:00
[2026-06-24T11:55:16.743+0300] {processor.py:183} INFO - Processing /media/data/omar/programming course/DEPI/DEPI project/anomx/venv/lib/python3.12/site-packages/airflow/example_dags/example_xcom.py took 0.170 seconds
[2026-06-24T11:56:19.413+0300] {processor.py:161} INFO - Started process (PID=13097) to work on /media/data/omar/programming course/DEPI/DEPI project/anomx/venv/lib/python3.12/site-packages/airflow/example_dags/example_xcom.py
[2026-06-24T11:56:19.413+0300] {processor.py:830} INFO - Processing file /media/data/omar/programming course/DEPI/DEPI project/anomx/venv/lib/python3.12/site-packages/airflow/example_dags/example_xcom.py for tasks to queue
[2026-06-24T11:56:19.415+0300] {logging_mixin.py:188} INFO - [2026-06-24T11:56:19.415+0300] {dagbag.py:540} INFO - Filling up the DagBag from /media/data/omar/programming course/DEPI/DEPI project/anomx/venv/lib/python3.12/site-packages/airflow/example_dags/example_xcom.py
[2026-06-24T11:56:19.422+0300] {processor.py:840} INFO - DAG(s) 'example_xcom' retrieved from /media/data/omar/programming course/DEPI/DEPI project/anomx/venv/lib/python3.12/site-packages/airflow/example_dags/example_xcom.py
[2026-06-24T11:56:19.438+0300] {logging_mixin.py:188} INFO - [2026-06-24T11:56:19.437+0300] {dag.py:3096} INFO - Sync 1 DAGs
[2026-06-24T11:56:19.451+0300] {logging_mixin.py:188} INFO - [2026-06-24T11:56:19.451+0300] {dag.py:3954} INFO - Setting next_dagrun for example_xcom to 2021-01-01 00:00:00+00:00, run_after=2021-01-01 00:00:00+00:00
[2026-06-24T11:56:19.478+0300] {processor.py:183} INFO - Processing /media/data/omar/programming course/DEPI/DEPI project/anomx/venv/lib/python3.12/site-packages/airflow/example_dags/example_xcom.py took 0.070 seconds
[2026-06-24T11:57:08.902+0300] {processor.py:161} INFO - Started process (PID=13401) to work on /media/data/omar/programming course/DEPI/DEPI project/anomx/venv/lib/python3.12/site-packages/airflow/example_dags/example_xcom.py
[2026-06-24T11:57:08.902+0300] {processor.py:830} INFO - Processing file /media/data/omar/programming course/DEPI/DEPI project/anomx/venv/lib/python3.12/site-packages/airflow/example_dags/example_xcom.py for tasks to queue
[2026-06-24T11:57:08.904+0300] {logging_mixin.py:188} INFO - [2026-06-24T11:57:08.903+0300] {dagbag.py:540} INFO - Filling up the DagBag from /media/data/omar/programming course/DEPI/DEPI project/anomx/venv/lib/python3.12/site-packages/airflow/example_dags/example_xcom.py
[2026-06-24T11:57:08.910+0300] {processor.py:840} INFO - DAG(s) 'example_xcom' retrieved from /media/data/omar/programming course/DEPI/DEPI project/anomx/venv/lib/python3.12/site-packages/airflow/example_dags/example_xcom.py
[2026-06-24T11:57:08.927+0300] {logging_mixin.py:188} INFO - [2026-06-24T11:57:08.926+0300] {dag.py:3096} INFO - Sync 1 DAGs
[2026-06-24T11:57:08.942+0300] {logging_mixin.py:188} INFO - [2026-06-24T11:57:08.941+0300] {dag.py:3954} INFO - Setting next_dagrun for example_xcom to 2021-01-01 00:00:00+00:00, run_after=2021-01-01 00:00:00+00:00
[2026-06-24T11:57:08.968+0300] {processor.py:183} INFO - Processing /media/data/omar/programming course/DEPI/DEPI project/anomx/venv/lib/python3.12/site-packages/airflow/example_dags/example_xcom.py took 0.072 seconds
[2026-06-24T11:58:01.669+0300] {processor.py:161} INFO - Started process (PID=13990) to work on /media/data/omar/programming course/DEPI/DEPI project/anomx/venv/lib/python3.12/site-packages/airflow/example_dags/example_xcom.py
[2026-06-24T11:58:01.670+0300] {processor.py:830} INFO - Processing file /media/data/omar/programming course/DEPI/DEPI project/anomx/venv/lib/python3.12/site-packages/airflow/example_dags/example_xcom.py for tasks to queue
[2026-06-24T11:58:01.673+0300] {logging_mixin.py:188} INFO - [2026-06-24T11:58:01.672+0300] {dagbag.py:540} INFO - Filling up the DagBag from /media/data/omar/programming course/DEPI/DEPI project/anomx/venv/lib/python3.12/site-packages/airflow/example_dags/example_xcom.py
[2026-06-24T11:58:01.684+0300] {processor.py:840} INFO - DAG(s) 'example_xcom' retrieved from /media/data/omar/programming course/DEPI/DEPI project/anomx/venv/lib/python3.12/site-packages/airflow/example_dags/example_xcom.py
[2026-06-24T11:58:01.702+0300] {logging_mixin.py:188} INFO - [2026-06-24T11:58:01.701+0300] {dag.py:3096} INFO - Sync 1 DAGs
[2026-06-24T11:58:01.719+0300] {logging_mixin.py:188} INFO - [2026-06-24T11:58:01.719+0300] {dag.py:3954} INFO - Setting next_dagrun for example_xcom to 2021-01-01 00:00:00+00:00, run_after=2021-01-01 00:00:00+00:00
[2026-06-24T11:58:01.749+0300] {processor.py:183} INFO - Processing /media/data/omar/programming course/DEPI/DEPI project/anomx/venv/lib/python3.12/site-packages/airflow/example_dags/example_xcom.py took 0.090 seconds
[2026-06-24T12:36:24.289+0300] {processor.py:161} INFO - Started process (PID=28493) to work on /media/data/omar/programming course/DEPI/DEPI project/anomx/venv/lib/python3.12/site-packages/airflow/example_dags/example_xcom.py
[2026-06-24T12:36:24.290+0300] {processor.py:830} INFO - Processing file /media/data/omar/programming course/DEPI/DEPI project/anomx/venv/lib/python3.12/site-packages/airflow/example_dags/example_xcom.py for tasks to queue
[2026-06-24T12:36:24.291+0300] {logging_mixin.py:188} INFO - [2026-06-24T12:36:24.290+0300] {dagbag.py:540} INFO - Filling up the DagBag from /media/data/omar/programming course/DEPI/DEPI project/anomx/venv/lib/python3.12/site-packages/airflow/example_dags/example_xcom.py
[2026-06-24T12:36:24.298+0300] {processor.py:840} INFO - DAG(s) 'example_xcom' retrieved from /media/data/omar/programming course/DEPI/DEPI project/anomx/venv/lib/python3.12/site-packages/airflow/example_dags/example_xcom.py
[2026-06-24T12:36:24.330+0300] {logging_mixin.py:188} INFO - [2026-06-24T12:36:24.329+0300] {dag.py:3096} INFO - Sync 1 DAGs
[2026-06-24T12:36:24.345+0300] {logging_mixin.py:188} INFO - [2026-06-24T12:36:24.344+0300] {dag.py:3954} INFO - Setting next_dagrun for example_xcom to 2021-01-01 00:00:00+00:00, run_after=2021-01-01 00:00:00+00:00
[2026-06-24T12:36:24.373+0300] {processor.py:183} INFO - Processing /media/data/omar/programming course/DEPI/DEPI project/anomx/venv/lib/python3.12/site-packages/airflow/example_dags/example_xcom.py took 0.089 seconds
[2026-06-24T12:37:17.593+0300] {processor.py:161} INFO - Started process (PID=29119) to work on /media/data/omar/programming course/DEPI/DEPI project/anomx/venv/lib/python3.12/site-packages/airflow/example_dags/example_xcom.py
[2026-06-24T12:37:17.595+0300] {processor.py:830} INFO - Processing file /media/data/omar/programming course/DEPI/DEPI project/anomx/venv/lib/python3.12/site-packages/airflow/example_dags/example_xcom.py for tasks to queue
[2026-06-24T12:37:17.597+0300] {logging_mixin.py:188} INFO - [2026-06-24T12:37:17.596+0300] {dagbag.py:540} INFO - Filling up the DagBag from /media/data/omar/programming course/DEPI/DEPI project/anomx/venv/lib/python3.12/site-packages/airflow/example_dags/example_xcom.py
[2026-06-24T12:37:17.606+0300] {processor.py:840} INFO - DAG(s) 'example_xcom' retrieved from /media/data/omar/programming course/DEPI/DEPI project/anomx/venv/lib/python3.12/site-packages/airflow/example_dags/example_xcom.py
[2026-06-24T12:37:17.623+0300] {logging_mixin.py:188} INFO - [2026-06-24T12:37:17.622+0300] {dag.py:3096} INFO - Sync 1 DAGs
[2026-06-24T12:37:17.635+0300] {logging_mixin.py:188} INFO - [2026-06-24T12:37:17.635+0300] {dag.py:3954} INFO - Setting next_dagrun for example_xcom to 2021-01-01 00:00:00+00:00, run_after=2021-01-01 00:00:00+00:00
[2026-06-24T12:37:17.662+0300] {processor.py:183} INFO - Processing /media/data/omar/programming course/DEPI/DEPI project/anomx/venv/lib/python3.12/site-packages/airflow/example_dags/example_xcom.py took 0.090 seconds
[2026-06-24T12:38:04.292+0300] {processor.py:161} INFO - Started process (PID=29577) to work on /media/data/omar/programming course/DEPI/DEPI project/anomx/venv/lib/python3.12/site-packages/airflow/example_dags/example_xcom.py
[2026-06-24T12:38:04.293+0300] {processor.py:830} INFO - Processing file /media/data/omar/programming course/DEPI/DEPI project/anomx/venv/lib/python3.12/site-packages/airflow/example_dags/example_xcom.py for tasks to queue
[2026-06-24T12:38:04.294+0300] {logging_mixin.py:188} INFO - [2026-06-24T12:38:04.293+0300] {dagbag.py:540} INFO - Filling up the DagBag from /media/data/omar/programming course/DEPI/DEPI project/anomx/venv/lib/python3.12/site-packages/airflow/example_dags/example_xcom.py
[2026-06-24T12:38:04.301+0300] {processor.py:840} INFO - DAG(s) 'example_xcom' retrieved from /media/data/omar/programming course/DEPI/DEPI project/anomx/venv/lib/python3.12/site-packages/airflow/example_dags/example_xcom.py
[2026-06-24T12:38:04.317+0300] {logging_mixin.py:188} INFO - [2026-06-24T12:38:04.317+0300] {dag.py:3096} INFO - Sync 1 DAGs
[2026-06-24T12:38:04.331+0300] {logging_mixin.py:188} INFO - [2026-06-24T12:38:04.330+0300] {dag.py:3954} INFO - Setting next_dagrun for example_xcom to 2021-01-01 00:00:00+00:00, run_after=2021-01-01 00:00:00+00:00
[2026-06-24T12:38:04.359+0300] {processor.py:183} INFO - Processing /media/data/omar/programming course/DEPI/DEPI project/anomx/venv/lib/python3.12/site-packages/airflow/example_dags/example_xcom.py took 0.073 seconds
[2026-06-24T12:38:53.103+0300] {processor.py:161} INFO - Started process (PID=30138) to work on /media/data/omar/programming course/DEPI/DEPI project/anomx/venv/lib/python3.12/site-packages/airflow/example_dags/example_xcom.py
[2026-06-24T12:38:53.104+0300] {processor.py:830} INFO - Processing file /media/data/omar/programming course/DEPI/DEPI project/anomx/venv/lib/python3.12/site-packages/airflow/example_dags/example_xcom.py for tasks to queue
[2026-06-24T12:38:53.105+0300] {logging_mixin.py:188} INFO - [2026-06-24T12:38:53.104+0300] {dagbag.py:540} INFO - Filling up the DagBag from /media/data/omar/programming course/DEPI/DEPI project/anomx/venv/lib/python3.12/site-packages/airflow/example_dags/example_xcom.py
[2026-06-24T12:38:53.112+0300] {processor.py:840} INFO - DAG(s) 'example_xcom' retrieved from /media/data/omar/programming course/DEPI/DEPI project/anomx/venv/lib/python3.12/site-packages/airflow/example_dags/example_xcom.py
[2026-06-24T12:38:53.129+0300] {logging_mixin.py:188} INFO - [2026-06-24T12:38:53.129+0300] {dag.py:3096} INFO - Sync 1 DAGs
[2026-06-24T12:38:53.142+0300] {logging_mixin.py:188} INFO - [2026-06-24T12:38:53.142+0300] {dag.py:3954} INFO - Setting next_dagrun for example_xcom to 2021-01-01 00:00:00+00:00, run_after=2021-01-01 00:00:00+00:00
[2026-06-24T12:38:53.170+0300] {processor.py:183} INFO - Processing /media/data/omar/programming course/DEPI/DEPI project/anomx/venv/lib/python3.12/site-packages/airflow/example_dags/example_xcom.py took 0.074 seconds
[2026-06-24T12:39:38.707+0300] {processor.py:161} INFO - Started process (PID=30440) to work on /media/data/omar/programming course/DEPI/DEPI project/anomx/venv/lib/python3.12/site-packages/airflow/example_dags/example_xcom.py
[2026-06-24T12:39:38.708+0300] {processor.py:830} INFO - Processing file /media/data/omar/programming course/DEPI/DEPI project/anomx/venv/lib/python3.12/site-packages/airflow/example_dags/example_xcom.py for tasks to queue
[2026-06-24T12:39:38.709+0300] {logging_mixin.py:188} INFO - [2026-06-24T12:39:38.709+0300] {dagbag.py:540} INFO - Filling up the DagBag from /media/data/omar/programming course/DEPI/DEPI project/anomx/venv/lib/python3.12/site-packages/airflow/example_dags/example_xcom.py
[2026-06-24T12:39:38.715+0300] {processor.py:840} INFO - DAG(s) 'example_xcom' retrieved from /media/data/omar/programming course/DEPI/DEPI project/anomx/venv/lib/python3.12/site-packages/airflow/example_dags/example_xcom.py
[2026-06-24T12:39:38.730+0300] {logging_mixin.py:188} INFO - [2026-06-24T12:39:38.729+0300] {dag.py:3096} INFO - Sync 1 DAGs
[2026-06-24T12:39:38.742+0300] {logging_mixin.py:188} INFO - [2026-06-24T12:39:38.742+0300] {dag.py:3954} INFO - Setting next_dagrun for example_xcom to 2021-01-01 00:00:00+00:00, run_after=2021-01-01 00:00:00+00:00
[2026-06-24T12:39:38.781+0300] {processor.py:183} INFO - Processing /media/data/omar/programming course/DEPI/DEPI project/anomx/venv/lib/python3.12/site-packages/airflow/example_dags/example_xcom.py took 0.078 seconds
[2026-06-24T12:40:23.314+0300] {processor.py:161} INFO - Started process (PID=31000) to work on /media/data/omar/programming course/DEPI/DEPI project/anomx/venv/lib/python3.12/site-packages/airflow/example_dags/example_xcom.py
[2026-06-24T12:40:23.314+0300] {processor.py:830} INFO - Processing file /media/data/omar/programming course/DEPI/DEPI project/anomx/venv/lib/python3.12/site-packages/airflow/example_dags/example_xcom.py for tasks to queue
[2026-06-24T12:40:23.315+0300] {logging_mixin.py:188} INFO - [2026-06-24T12:40:23.315+0300] {dagbag.py:540} INFO - Filling up the DagBag from /media/data/omar/programming course/DEPI/DEPI project/anomx/venv/lib/python3.12/site-packages/airflow/example_dags/example_xcom.py
[2026-06-24T12:40:23.322+0300] {processor.py:840} INFO - DAG(s) 'example_xcom' retrieved from /media/data/omar/programming course/DEPI/DEPI project/anomx/venv/lib/python3.12/site-packages/airflow/example_dags/example_xcom.py
[2026-06-24T12:40:23.337+0300] {logging_mixin.py:188} INFO - [2026-06-24T12:40:23.337+0300] {dag.py:3096} INFO - Sync 1 DAGs
[2026-06-24T12:40:23.352+0300] {logging_mixin.py:188} INFO - [2026-06-24T12:40:23.352+0300] {dag.py:3954} INFO - Setting next_dagrun for example_xcom to 2021-01-01 00:00:00+00:00, run_after=2021-01-01 00:00:00+00:00
[2026-06-24T12:40:23.380+0300] {processor.py:183} INFO - Processing /media/data/omar/programming course/DEPI/DEPI project/anomx/venv/lib/python3.12/site-packages/airflow/example_dags/example_xcom.py took 0.071 seconds
[2026-06-24T12:41:24.948+0300] {processor.py:161} INFO - Started process (PID=31443) to work on /media/data/omar/programming course/DEPI/DEPI project/anomx/venv/lib/python3.12/site-packages/airflow/example_dags/example_xcom.py
[2026-06-24T12:41:24.948+0300] {processor.py:830} INFO - Processing file /media/data/omar/programming course/DEPI/DEPI project/anomx/venv/lib/python3.12/site-packages/airflow/example_dags/example_xcom.py for tasks to queue
[2026-06-24T12:41:24.949+0300] {logging_mixin.py:188} INFO - [2026-06-24T12:41:24.949+0300] {dagbag.py:540} INFO - Filling up the DagBag from /media/data/omar/programming course/DEPI/DEPI project/anomx/venv/lib/python3.12/site-packages/airflow/example_dags/example_xcom.py
[2026-06-24T12:41:24.956+0300] {processor.py:840} INFO - DAG(s) 'example_xcom' retrieved from /media/data/omar/programming course/DEPI/DEPI project/anomx/venv/lib/python3.12/site-packages/airflow/example_dags/example_xcom.py
[2026-06-24T12:41:24.971+0300] {logging_mixin.py:188} INFO - [2026-06-24T12:41:24.971+0300] {dag.py:3096} INFO - Sync 1 DAGs
[2026-06-24T12:41:24.984+0300] {logging_mixin.py:188} INFO - [2026-06-24T12:41:24.984+0300] {dag.py:3954} INFO - Setting next_dagrun for example_xcom to 2021-01-01 00:00:00+00:00, run_after=2021-01-01 00:00:00+00:00
[2026-06-24T12:41:25.011+0300] {processor.py:183} INFO - Processing /media/data/omar/programming course/DEPI/DEPI project/anomx/venv/lib/python3.12/site-packages/airflow/example_dags/example_xcom.py took 0.069 seconds
[2026-06-24T12:42:17.694+0300] {processor.py:161} INFO - Started process (PID=32089) to work on /media/data/omar/programming course/DEPI/DEPI project/anomx/venv/lib/python3.12/site-packages/airflow/example_dags/example_xcom.py
[2026-06-24T12:42:17.695+0300] {processor.py:830} INFO - Processing file /media/data/omar/programming course/DEPI/DEPI project/anomx/venv/lib/python3.12/site-packages/airflow/example_dags/example_xcom.py for tasks to queue
[2026-06-24T12:42:17.697+0300] {logging_mixin.py:188} INFO - [2026-06-24T12:42:17.696+0300] {dagbag.py:540} INFO - Filling up the DagBag from /media/data/omar/programming course/DEPI/DEPI project/anomx/venv/lib/python3.12/site-packages/airflow/example_dags/example_xcom.py
[2026-06-24T12:42:17.706+0300] {processor.py:840} INFO - DAG(s) 'example_xcom' retrieved from /media/data/omar/programming course/DEPI/DEPI project/anomx/venv/lib/python3.12/site-packages/airflow/example_dags/example_xcom.py
[2026-06-24T12:42:17.725+0300] {logging_mixin.py:188} INFO - [2026-06-24T12:42:17.725+0300] {dag.py:3096} INFO - Sync 1 DAGs
[2026-06-24T12:42:17.747+0300] {logging_mixin.py:188} INFO - [2026-06-24T12:42:17.747+0300] {dag.py:3954} INFO - Setting next_dagrun for example_xcom to 2021-01-01 00:00:00+00:00, run_after=2021-01-01 00:00:00+00:00
[2026-06-24T12:42:17.784+0300] {processor.py:183} INFO - Processing /media/data/omar/programming course/DEPI/DEPI project/anomx/venv/lib/python3.12/site-packages/airflow/example_dags/example_xcom.py took 0.098 seconds
[2026-06-24T12:43:08.803+0300] {processor.py:161} INFO - Started process (PID=32391) to work on /media/data/omar/programming course/DEPI/DEPI project/anomx/venv/lib/python3.12/site-packages/airflow/example_dags/example_xcom.py
[2026-06-24T12:43:08.804+0300] {processor.py:830} INFO - Processing file /media/data/omar/programming course/DEPI/DEPI project/anomx/venv/lib/python3.12/site-packages/airflow/example_dags/example_xcom.py for tasks to queue
[2026-06-24T12:43:08.805+0300] {logging_mixin.py:188} INFO - [2026-06-24T12:43:08.804+0300] {dagbag.py:540} INFO - Filling up the DagBag from /media/data/omar/programming course/DEPI/DEPI project/anomx/venv/lib/python3.12/site-packages/airflow/example_dags/example_xcom.py
[2026-06-24T12:43:08.812+0300] {processor.py:840} INFO - DAG(s) 'example_xcom' retrieved from /media/data/omar/programming course/DEPI/DEPI project/anomx/venv/lib/python3.12/site-packages/airflow/example_dags/example_xcom.py
[2026-06-24T12:43:08.827+0300] {logging_mixin.py:188} INFO - [2026-06-24T12:43:08.827+0300] {dag.py:3096} INFO - Sync 1 DAGs
[2026-06-24T12:43:08.840+0300] {logging_mixin.py:188} INFO - [2026-06-24T12:43:08.840+0300] {dag.py:3954} INFO - Setting next_dagrun for example_xcom to 2021-01-01 00:00:00+00:00, run_after=2021-01-01 00:00:00+00:00
[2026-06-24T12:43:08.868+0300] {processor.py:183} INFO - Processing /media/data/omar/programming course/DEPI/DEPI project/anomx/venv/lib/python3.12/site-packages/airflow/example_dags/example_xcom.py took 0.069 seconds
[2026-06-24T12:43:59.712+0300] {processor.py:161} INFO - Started process (PID=33007) to work on /media/data/omar/programming course/DEPI/DEPI project/anomx/venv/lib/python3.12/site-packages/airflow/example_dags/example_xcom.py
[2026-06-24T12:43:59.712+0300] {processor.py:830} INFO - Processing file /media/data/omar/programming course/DEPI/DEPI project/anomx/venv/lib/python3.12/site-packages/airflow/example_dags/example_xcom.py for tasks to queue
[2026-06-24T12:43:59.714+0300] {logging_mixin.py:188} INFO - [2026-06-24T12:43:59.713+0300] {dagbag.py:540} INFO - Filling up the DagBag from /media/data/omar/programming course/DEPI/DEPI project/anomx/venv/lib/python3.12/site-packages/airflow/example_dags/example_xcom.py
[2026-06-24T12:43:59.720+0300] {processor.py:840} INFO - DAG(s) 'example_xcom' retrieved from /media/data/omar/programming course/DEPI/DEPI project/anomx/venv/lib/python3.12/site-packages/airflow/example_dags/example_xcom.py
[2026-06-24T12:43:59.735+0300] {logging_mixin.py:188} INFO - [2026-06-24T12:43:59.735+0300] {dag.py:3096} INFO - Sync 1 DAGs
[2026-06-24T12:43:59.748+0300] {logging_mixin.py:188} INFO - [2026-06-24T12:43:59.748+0300] {dag.py:3954} INFO - Setting next_dagrun for example_xcom to 2021-01-01 00:00:00+00:00, run_after=2021-01-01 00:00:00+00:00
[2026-06-24T12:43:59.775+0300] {processor.py:183} INFO - Processing /media/data/omar/programming course/DEPI/DEPI project/anomx/venv/lib/python3.12/site-packages/airflow/example_dags/example_xcom.py took 0.068 seconds
[2026-06-24T12:44:48.320+0300] {processor.py:161} INFO - Started process (PID=33297) to work on /media/data/omar/programming course/DEPI/DEPI project/anomx/venv/lib/python3.12/site-packages/airflow/example_dags/example_xcom.py
[2026-06-24T12:44:48.321+0300] {processor.py:830} INFO - Processing file /media/data/omar/programming course/DEPI/DEPI project/anomx/venv/lib/python3.12/site-packages/airflow/example_dags/example_xcom.py for tasks to queue
[2026-06-24T12:44:48.322+0300] {logging_mixin.py:188} INFO - [2026-06-24T12:44:48.321+0300] {dagbag.py:540} INFO - Filling up the DagBag from /media/data/omar/programming course/DEPI/DEPI project/anomx/venv/lib/python3.12/site-packages/airflow/example_dags/example_xcom.py
[2026-06-24T12:44:48.328+0300] {processor.py:840} INFO - DAG(s) 'example_xcom' retrieved from /media/data/omar/programming course/DEPI/DEPI project/anomx/venv/lib/python3.12/site-packages/airflow/example_dags/example_xcom.py
[2026-06-24T12:44:48.344+0300] {logging_mixin.py:188} INFO - [2026-06-24T12:44:48.344+0300] {dag.py:3096} INFO - Sync 1 DAGs
[2026-06-24T12:44:48.359+0300] {logging_mixin.py:188} INFO - [2026-06-24T12:44:48.358+0300] {dag.py:3954} INFO - Setting next_dagrun for example_xcom to 2021-01-01 00:00:00+00:00, run_after=2021-01-01 00:00:00+00:00
[2026-06-24T12:44:48.384+0300] {processor.py:183} INFO - Processing /media/data/omar/programming course/DEPI/DEPI project/anomx/venv/lib/python3.12/site-packages/airflow/example_dags/example_xcom.py took 0.069 seconds
[2026-06-24T12:45:37.364+0300] {processor.py:161} INFO - Started process (PID=33921) to work on /media/data/omar/programming course/DEPI/DEPI project/anomx/venv/lib/python3.12/site-packages/airflow/example_dags/example_xcom.py
[2026-06-24T12:45:37.365+0300] {processor.py:830} INFO - Processing file /media/data/omar/programming course/DEPI/DEPI project/anomx/venv/lib/python3.12/site-packages/airflow/example_dags/example_xcom.py for tasks to queue
[2026-06-24T12:45:37.366+0300] {logging_mixin.py:188} INFO - [2026-06-24T12:45:37.365+0300] {dagbag.py:540} INFO - Filling up the DagBag from /media/data/omar/programming course/DEPI/DEPI project/anomx/venv/lib/python3.12/site-packages/airflow/example_dags/example_xcom.py
[2026-06-24T12:45:37.372+0300] {processor.py:840} INFO - DAG(s) 'example_xcom' retrieved from /media/data/omar/programming course/DEPI/DEPI project/anomx/venv/lib/python3.12/site-packages/airflow/example_dags/example_xcom.py
[2026-06-24T12:45:37.388+0300] {logging_mixin.py:188} INFO - [2026-06-24T12:45:37.387+0300] {dag.py:3096} INFO - Sync 1 DAGs
[2026-06-24T12:45:37.401+0300] {logging_mixin.py:188} INFO - [2026-06-24T12:45:37.400+0300] {dag.py:3954} INFO - Setting next_dagrun for example_xcom to 2021-01-01 00:00:00+00:00, run_after=2021-01-01 00:00:00+00:00
[2026-06-24T12:45:37.430+0300] {processor.py:183} INFO - Processing /media/data/omar/programming course/DEPI/DEPI project/anomx/venv/lib/python3.12/site-packages/airflow/example_dags/example_xcom.py took 0.071 seconds
[2026-06-24T12:46:26.735+0300] {processor.py:161} INFO - Started process (PID=34239) to work on /media/data/omar/programming course/DEPI/DEPI project/anomx/venv/lib/python3.12/site-packages/airflow/example_dags/example_xcom.py
[2026-06-24T12:46:26.736+0300] {processor.py:830} INFO - Processing file /media/data/omar/programming course/DEPI/DEPI project/anomx/venv/lib/python3.12/site-packages/airflow/example_dags/example_xcom.py for tasks to queue
[2026-06-24T12:46:26.738+0300] {logging_mixin.py:188} INFO - [2026-06-24T12:46:26.737+0300] {dagbag.py:540} INFO - Filling up the DagBag from /media/data/omar/programming course/DEPI/DEPI project/anomx/venv/lib/python3.12/site-packages/airflow/example_dags/example_xcom.py
[2026-06-24T12:46:26.749+0300] {processor.py:840} INFO - DAG(s) 'example_xcom' retrieved from /media/data/omar/programming course/DEPI/DEPI project/anomx/venv/lib/python3.12/site-packages/airflow/example_dags/example_xcom.py
[2026-06-24T12:46:26.776+0300] {logging_mixin.py:188} INFO - [2026-06-24T12:46:26.776+0300] {dag.py:3096} INFO - Sync 1 DAGs
[2026-06-24T12:46:26.799+0300] {logging_mixin.py:188} INFO - [2026-06-24T12:46:26.798+0300] {dag.py:3954} INFO - Setting next_dagrun for example_xcom to 2021-01-01 00:00:00+00:00, run_after=2021-01-01 00:00:00+00:00
[2026-06-24T12:46:26.830+0300] {processor.py:183} INFO - Processing /media/data/omar/programming course/DEPI/DEPI project/anomx/venv/lib/python3.12/site-packages/airflow/example_dags/example_xcom.py took 0.102 seconds
[2026-06-24T12:47:16.466+0300] {processor.py:161} INFO - Started process (PID=34847) to work on /media/data/omar/programming course/DEPI/DEPI project/anomx/venv/lib/python3.12/site-packages/airflow/example_dags/example_xcom.py
[2026-06-24T12:47:16.469+0300] {processor.py:830} INFO - Processing file /media/data/omar/programming course/DEPI/DEPI project/anomx/venv/lib/python3.12/site-packages/airflow/example_dags/example_xcom.py for tasks to queue
[2026-06-24T12:47:16.472+0300] {logging_mixin.py:188} INFO - [2026-06-24T12:47:16.471+0300] {dagbag.py:540} INFO - Filling up the DagBag from /media/data/omar/programming course/DEPI/DEPI project/anomx/venv/lib/python3.12/site-packages/airflow/example_dags/example_xcom.py
[2026-06-24T12:47:16.493+0300] {processor.py:840} INFO - DAG(s) 'example_xcom' retrieved from /media/data/omar/programming course/DEPI/DEPI project/anomx/venv/lib/python3.12/site-packages/airflow/example_dags/example_xcom.py
[2026-06-24T12:47:16.520+0300] {logging_mixin.py:188} INFO - [2026-06-24T12:47:16.519+0300] {dag.py:3096} INFO - Sync 1 DAGs
[2026-06-24T12:47:16.535+0300] {logging_mixin.py:188} INFO - [2026-06-24T12:47:16.535+0300] {dag.py:3954} INFO - Setting next_dagrun for example_xcom to 2021-01-01 00:00:00+00:00, run_after=2021-01-01 00:00:00+00:00
[2026-06-24T12:47:16.566+0300] {processor.py:183} INFO - Processing /media/data/omar/programming course/DEPI/DEPI project/anomx/venv/lib/python3.12/site-packages/airflow/example_dags/example_xcom.py took 0.119 seconds
[2026-06-24T12:48:13.267+0300] {processor.py:161} INFO - Started process (PID=35189) to work on /media/data/omar/programming course/DEPI/DEPI project/anomx/venv/lib/python3.12/site-packages/airflow/example_dags/example_xcom.py
[2026-06-24T12:48:13.268+0300] {processor.py:830} INFO - Processing file /media/data/omar/programming course/DEPI/DEPI project/anomx/venv/lib/python3.12/site-packages/airflow/example_dags/example_xcom.py for tasks to queue
[2026-06-24T12:48:13.270+0300] {logging_mixin.py:188} INFO - [2026-06-24T12:48:13.269+0300] {dagbag.py:540} INFO - Filling up the DagBag from /media/data/omar/programming course/DEPI/DEPI project/anomx/venv/lib/python3.12/site-packages/airflow/example_dags/example_xcom.py
[2026-06-24T12:48:13.284+0300] {processor.py:840} INFO - DAG(s) 'example_xcom' retrieved from /media/data/omar/programming course/DEPI/DEPI project/anomx/venv/lib/python3.12/site-packages/airflow/example_dags/example_xcom.py
[2026-06-24T12:48:13.304+0300] {logging_mixin.py:188} INFO - [2026-06-24T12:48:13.303+0300] {dag.py:3096} INFO - Sync 1 DAGs
[2026-06-24T12:48:13.319+0300] {logging_mixin.py:188} INFO - [2026-06-24T12:48:13.318+0300] {dag.py:3954} INFO - Setting next_dagrun for example_xcom to 2021-01-01 00:00:00+00:00, run_after=2021-01-01 00:00:00+00:00
[2026-06-24T12:48:13.386+0300] {processor.py:183} INFO - Processing /media/data/omar/programming course/DEPI/DEPI project/anomx/venv/lib/python3.12/site-packages/airflow/example_dags/example_xcom.py took 0.128 seconds
[2026-06-24T12:49:06.083+0300] {processor.py:161} INFO - Started process (PID=35803) to work on /media/data/omar/programming course/DEPI/DEPI project/anomx/venv/lib/python3.12/site-packages/airflow/example_dags/example_xcom.py
[2026-06-24T12:49:06.084+0300] {processor.py:830} INFO - Processing file /media/data/omar/programming course/DEPI/DEPI project/anomx/venv/lib/python3.12/site-packages/airflow/example_dags/example_xcom.py for tasks to queue
[2026-06-24T12:49:06.085+0300] {logging_mixin.py:188} INFO - [2026-06-24T12:49:06.085+0300] {dagbag.py:540} INFO - Filling up the DagBag from /media/data/omar/programming course/DEPI/DEPI project/anomx/venv/lib/python3.12/site-packages/airflow/example_dags/example_xcom.py
[2026-06-24T12:49:06.096+0300] {processor.py:840} INFO - DAG(s) 'example_xcom' retrieved from /media/data/omar/programming course/DEPI/DEPI project/anomx/venv/lib/python3.12/site-packages/airflow/example_dags/example_xcom.py
[2026-06-24T12:49:06.125+0300] {logging_mixin.py:188} INFO - [2026-06-24T12:49:06.125+0300] {dag.py:3096} INFO - Sync 1 DAGs
[2026-06-24T12:49:06.153+0300] {logging_mixin.py:188} INFO - [2026-06-24T12:49:06.153+0300] {dag.py:3954} INFO - Setting next_dagrun for example_xcom to 2021-01-01 00:00:00+00:00, run_after=2021-01-01 00:00:00+00:00
[2026-06-24T12:49:06.197+0300] {processor.py:183} INFO - Processing /media/data/omar/programming course/DEPI/DEPI project/anomx/venv/lib/python3.12/site-packages/airflow/example_dags/example_xcom.py took 0.122 seconds
[2026-06-24T12:50:00.109+0300] {processor.py:161} INFO - Started process (PID=36134) to work on /media/data/omar/programming course/DEPI/DEPI project/anomx/venv/lib/python3.12/site-packages/airflow/example_dags/example_xcom.py
[2026-06-24T12:50:00.111+0300] {processor.py:830} INFO - Processing file /media/data/omar/programming course/DEPI/DEPI project/anomx/venv/lib/python3.12/site-packages/airflow/example_dags/example_xcom.py for tasks to queue
[2026-06-24T12:50:00.113+0300] {logging_mixin.py:188} INFO - [2026-06-24T12:50:00.112+0300] {dagbag.py:540} INFO - Filling up the DagBag from /media/data/omar/programming course/DEPI/DEPI project/anomx/venv/lib/python3.12/site-packages/airflow/example_dags/example_xcom.py
[2026-06-24T12:50:00.121+0300] {processor.py:840} INFO - DAG(s) 'example_xcom' retrieved from /media/data/omar/programming course/DEPI/DEPI project/anomx/venv/lib/python3.12/site-packages/airflow/example_dags/example_xcom.py
[2026-06-24T12:50:00.142+0300] {logging_mixin.py:188} INFO - [2026-06-24T12:50:00.141+0300] {dag.py:3096} INFO - Sync 1 DAGs
[2026-06-24T12:50:00.165+0300] {logging_mixin.py:188} INFO - [2026-06-24T12:50:00.165+0300] {dag.py:3954} INFO - Setting next_dagrun for example_xcom to 2021-01-01 00:00:00+00:00, run_after=2021-01-01 00:00:00+00:00
[2026-06-24T12:50:00.204+0300] {processor.py:183} INFO - Processing /media/data/omar/programming course/DEPI/DEPI project/anomx/venv/lib/python3.12/site-packages/airflow/example_dags/example_xcom.py took 0.102 seconds
[2026-06-24T12:50:54.832+0300] {processor.py:161} INFO - Started process (PID=36838) to work on /media/data/omar/programming course/DEPI/DEPI project/anomx/venv/lib/python3.12/site-packages/airflow/example_dags/example_xcom.py
[2026-06-24T12:50:54.833+0300] {processor.py:830} INFO - Processing file /media/data/omar/programming course/DEPI/DEPI project/anomx/venv/lib/python3.12/site-packages/airflow/example_dags/example_xcom.py for tasks to queue
[2026-06-24T12:50:54.834+0300] {logging_mixin.py:188} INFO - [2026-06-24T12:50:54.834+0300] {dagbag.py:540} INFO - Filling up the DagBag from /media/data/omar/programming course/DEPI/DEPI project/anomx/venv/lib/python3.12/site-packages/airflow/example_dags/example_xcom.py
[2026-06-24T12:50:54.841+0300] {processor.py:840} INFO - DAG(s) 'example_xcom' retrieved from /media/data/omar/programming course/DEPI/DEPI project/anomx/venv/lib/python3.12/site-packages/airflow/example_dags/example_xcom.py
[2026-06-24T12:50:54.860+0300] {logging_mixin.py:188} INFO - [2026-06-24T12:50:54.859+0300] {dag.py:3096} INFO - Sync 1 DAGs
[2026-06-24T12:50:54.874+0300] {logging_mixin.py:188} INFO - [2026-06-24T12:50:54.874+0300] {dag.py:3954} INFO - Setting next_dagrun for example_xcom to 2021-01-01 00:00:00+00:00, run_after=2021-01-01 00:00:00+00:00
[2026-06-24T12:50:54.906+0300] {processor.py:183} INFO - Processing /media/data/omar/programming course/DEPI/DEPI project/anomx/venv/lib/python3.12/site-packages/airflow/example_dags/example_xcom.py took 0.079 seconds
[2026-06-24T12:51:46.588+0300] {processor.py:161} INFO - Started process (PID=37151) to work on /media/data/omar/programming course/DEPI/DEPI project/anomx/venv/lib/python3.12/site-packages/airflow/example_dags/example_xcom.py
[2026-06-24T12:51:46.589+0300] {processor.py:830} INFO - Processing file /media/data/omar/programming course/DEPI/DEPI project/anomx/venv/lib/python3.12/site-packages/airflow/example_dags/example_xcom.py for tasks to queue
[2026-06-24T12:51:46.590+0300] {logging_mixin.py:188} INFO - [2026-06-24T12:51:46.590+0300] {dagbag.py:540} INFO - Filling up the DagBag from /media/data/omar/programming course/DEPI/DEPI project/anomx/venv/lib/python3.12/site-packages/airflow/example_dags/example_xcom.py
[2026-06-24T12:51:46.596+0300] {processor.py:840} INFO - DAG(s) 'example_xcom' retrieved from /media/data/omar/programming course/DEPI/DEPI project/anomx/venv/lib/python3.12/site-packages/airflow/example_dags/example_xcom.py
[2026-06-24T12:51:46.611+0300] {logging_mixin.py:188} INFO - [2026-06-24T12:51:46.611+0300] {dag.py:3096} INFO - Sync 1 DAGs
[2026-06-24T12:51:46.626+0300] {logging_mixin.py:188} INFO - [2026-06-24T12:51:46.626+0300] {dag.py:3954} INFO - Setting next_dagrun for example_xcom to 2021-01-01 00:00:00+00:00, run_after=2021-01-01 00:00:00+00:00
[2026-06-24T12:51:46.654+0300] {processor.py:183} INFO - Processing /media/data/omar/programming course/DEPI/DEPI project/anomx/venv/lib/python3.12/site-packages/airflow/example_dags/example_xcom.py took 0.077 seconds
[2026-06-24T12:52:37.537+0300] {processor.py:161} INFO - Started process (PID=37752) to work on /media/data/omar/programming course/DEPI/DEPI project/anomx/venv/lib/python3.12/site-packages/airflow/example_dags/example_xcom.py
[2026-06-24T12:52:37.538+0300] {processor.py:830} INFO - Processing file /media/data/omar/programming course/DEPI/DEPI project/anomx/venv/lib/python3.12/site-packages/airflow/example_dags/example_xcom.py for tasks to queue
[2026-06-24T12:52:37.540+0300] {logging_mixin.py:188} INFO - [2026-06-24T12:52:37.539+0300] {dagbag.py:540} INFO - Filling up the DagBag from /media/data/omar/programming course/DEPI/DEPI project/anomx/venv/lib/python3.12/site-packages/airflow/example_dags/example_xcom.py
[2026-06-24T12:52:37.550+0300] {processor.py:840} INFO - DAG(s) 'example_xcom' retrieved from /media/data/omar/programming course/DEPI/DEPI project/anomx/venv/lib/python3.12/site-packages/airflow/example_dags/example_xcom.py
[2026-06-24T12:52:37.566+0300] {logging_mixin.py:188} INFO - [2026-06-24T12:52:37.566+0300] {dag.py:3096} INFO - Sync 1 DAGs
[2026-06-24T12:52:37.579+0300] {logging_mixin.py:188} INFO - [2026-06-24T12:52:37.578+0300] {dag.py:3954} INFO - Setting next_dagrun for example_xcom to 2021-01-01 00:00:00+00:00, run_after=2021-01-01 00:00:00+00:00
[2026-06-24T12:52:37.606+0300] {processor.py:183} INFO - Processing /media/data/omar/programming course/DEPI/DEPI project/anomx/venv/lib/python3.12/site-packages/airflow/example_dags/example_xcom.py took 0.083 seconds
[2026-06-24T12:53:29.470+0300] {processor.py:161} INFO - Started process (PID=38084) to work on /media/data/omar/programming course/DEPI/DEPI project/anomx/venv/lib/python3.12/site-packages/airflow/example_dags/example_xcom.py
[2026-06-24T12:53:29.471+0300] {processor.py:830} INFO - Processing file /media/data/omar/programming course/DEPI/DEPI project/anomx/venv/lib/python3.12/site-packages/airflow/example_dags/example_xcom.py for tasks to queue
[2026-06-24T12:53:29.472+0300] {logging_mixin.py:188} INFO - [2026-06-24T12:53:29.472+0300] {dagbag.py:540} INFO - Filling up the DagBag from /media/data/omar/programming course/DEPI/DEPI project/anomx/venv/lib/python3.12/site-packages/airflow/example_dags/example_xcom.py
[2026-06-24T12:53:29.480+0300] {processor.py:840} INFO - DAG(s) 'example_xcom' retrieved from /media/data/omar/programming course/DEPI/DEPI project/anomx/venv/lib/python3.12/site-packages/airflow/example_dags/example_xcom.py
[2026-06-24T12:53:29.499+0300] {logging_mixin.py:188} INFO - [2026-06-24T12:53:29.499+0300] {dag.py:3096} INFO - Sync 1 DAGs
[2026-06-24T12:53:29.514+0300] {logging_mixin.py:188} INFO - [2026-06-24T12:53:29.514+0300] {dag.py:3954} INFO - Setting next_dagrun for example_xcom to 2021-01-01 00:00:00+00:00, run_after=2021-01-01 00:00:00+00:00
[2026-06-24T12:53:29.543+0300] {processor.py:183} INFO - Processing /media/data/omar/programming course/DEPI/DEPI project/anomx/venv/lib/python3.12/site-packages/airflow/example_dags/example_xcom.py took 0.081 seconds
[2026-06-24T12:54:21.579+0300] {processor.py:161} INFO - Started process (PID=38693) to work on /media/data/omar/programming course/DEPI/DEPI project/anomx/venv/lib/python3.12/site-packages/airflow/example_dags/example_xcom.py
[2026-06-24T12:54:21.580+0300] {processor.py:830} INFO - Processing file /media/data/omar/programming course/DEPI/DEPI project/anomx/venv/lib/python3.12/site-packages/airflow/example_dags/example_xcom.py for tasks to queue
[2026-06-24T12:54:21.581+0300] {logging_mixin.py:188} INFO - [2026-06-24T12:54:21.580+0300] {dagbag.py:540} INFO - Filling up the DagBag from /media/data/omar/programming course/DEPI/DEPI project/anomx/venv/lib/python3.12/site-packages/airflow/example_dags/example_xcom.py
[2026-06-24T12:54:21.594+0300] {processor.py:840} INFO - DAG(s) 'example_xcom' retrieved from /media/data/omar/programming course/DEPI/DEPI project/anomx/venv/lib/python3.12/site-packages/airflow/example_dags/example_xcom.py
[2026-06-24T12:54:21.621+0300] {logging_mixin.py:188} INFO - [2026-06-24T12:54:21.621+0300] {dag.py:3096} INFO - Sync 1 DAGs
[2026-06-24T12:54:21.639+0300] {logging_mixin.py:188} INFO - [2026-06-24T12:54:21.638+0300] {dag.py:3954} INFO - Setting next_dagrun for example_xcom to 2021-01-01 00:00:00+00:00, run_after=2021-01-01 00:00:00+00:00
[2026-06-24T12:54:21.676+0300] {processor.py:183} INFO - Processing /media/data/omar/programming course/DEPI/DEPI project/anomx/venv/lib/python3.12/site-packages/airflow/example_dags/example_xcom.py took 0.106 seconds
[2026-06-24T12:55:20.112+0300] {processor.py:161} INFO - Started process (PID=39082) to work on /media/data/omar/programming course/DEPI/DEPI project/anomx/venv/lib/python3.12/site-packages/airflow/example_dags/example_xcom.py
[2026-06-24T12:55:20.113+0300] {processor.py:830} INFO - Processing file /media/data/omar/programming course/DEPI/DEPI project/anomx/venv/lib/python3.12/site-packages/airflow/example_dags/example_xcom.py for tasks to queue
[2026-06-24T12:55:20.114+0300] {logging_mixin.py:188} INFO - [2026-06-24T12:55:20.114+0300] {dagbag.py:540} INFO - Filling up the DagBag from /media/data/omar/programming course/DEPI/DEPI project/anomx/venv/lib/python3.12/site-packages/airflow/example_dags/example_xcom.py
[2026-06-24T12:55:20.121+0300] {processor.py:840} INFO - DAG(s) 'example_xcom' retrieved from /media/data/omar/programming course/DEPI/DEPI project/anomx/venv/lib/python3.12/site-packages/airflow/example_dags/example_xcom.py
[2026-06-24T12:55:20.137+0300] {logging_mixin.py:188} INFO - [2026-06-24T12:55:20.137+0300] {dag.py:3096} INFO - Sync 1 DAGs
[2026-06-24T12:55:20.158+0300] {logging_mixin.py:188} INFO - [2026-06-24T12:55:20.158+0300] {dag.py:3954} INFO - Setting next_dagrun for example_xcom to 2021-01-01 00:00:00+00:00, run_after=2021-01-01 00:00:00+00:00
[2026-06-24T12:55:20.194+0300] {processor.py:183} INFO - Processing /media/data/omar/programming course/DEPI/DEPI project/anomx/venv/lib/python3.12/site-packages/airflow/example_dags/example_xcom.py took 0.086 seconds
[2026-06-24T12:56:32.902+0300] {processor.py:161} INFO - Started process (PID=39779) to work on /media/data/omar/programming course/DEPI/DEPI project/anomx/venv/lib/python3.12/site-packages/airflow/example_dags/example_xcom.py
[2026-06-24T12:56:32.903+0300] {processor.py:830} INFO - Processing file /media/data/omar/programming course/DEPI/DEPI project/anomx/venv/lib/python3.12/site-packages/airflow/example_dags/example_xcom.py for tasks to queue
[2026-06-24T12:56:32.904+0300] {logging_mixin.py:188} INFO - [2026-06-24T12:56:32.904+0300] {dagbag.py:540} INFO - Filling up the DagBag from /media/data/omar/programming course/DEPI/DEPI project/anomx/venv/lib/python3.12/site-packages/airflow/example_dags/example_xcom.py
[2026-06-24T12:56:32.911+0300] {processor.py:840} INFO - DAG(s) 'example_xcom' retrieved from /media/data/omar/programming course/DEPI/DEPI project/anomx/venv/lib/python3.12/site-packages/airflow/example_dags/example_xcom.py
[2026-06-24T12:56:32.929+0300] {logging_mixin.py:188} INFO - [2026-06-24T12:56:32.929+0300] {dag.py:3096} INFO - Sync 1 DAGs
[2026-06-24T12:56:32.944+0300] {logging_mixin.py:188} INFO - [2026-06-24T12:56:32.943+0300] {dag.py:3954} INFO - Setting next_dagrun for example_xcom to 2021-01-01 00:00:00+00:00, run_after=2021-01-01 00:00:00+00:00
[2026-06-24T12:56:32.974+0300] {processor.py:183} INFO - Processing /media/data/omar/programming course/DEPI/DEPI project/anomx/venv/lib/python3.12/site-packages/airflow/example_dags/example_xcom.py took 0.077 seconds
[2026-06-24T12:57:28.812+0300] {processor.py:161} INFO - Started process (PID=40109) to work on /media/data/omar/programming course/DEPI/DEPI project/anomx/venv/lib/python3.12/site-packages/airflow/example_dags/example_xcom.py
[2026-06-24T12:57:28.813+0300] {processor.py:830} INFO - Processing file /media/data/omar/programming course/DEPI/DEPI project/anomx/venv/lib/python3.12/site-packages/airflow/example_dags/example_xcom.py for tasks to queue
[2026-06-24T12:57:28.814+0300] {logging_mixin.py:188} INFO - [2026-06-24T12:57:28.813+0300] {dagbag.py:540} INFO - Filling up the DagBag from /media/data/omar/programming course/DEPI/DEPI project/anomx/venv/lib/python3.12/site-packages/airflow/example_dags/example_xcom.py
[2026-06-24T12:57:28.820+0300] {processor.py:840} INFO - DAG(s) 'example_xcom' retrieved from /media/data/omar/programming course/DEPI/DEPI project/anomx/venv/lib/python3.12/site-packages/airflow/example_dags/example_xcom.py
[2026-06-24T12:57:28.836+0300] {logging_mixin.py:188} INFO - [2026-06-24T12:57:28.836+0300] {dag.py:3096} INFO - Sync 1 DAGs
[2026-06-24T12:57:28.850+0300] {logging_mixin.py:188} INFO - [2026-06-24T12:57:28.849+0300] {dag.py:3954} INFO - Setting next_dagrun for example_xcom to 2021-01-01 00:00:00+00:00, run_after=2021-01-01 00:00:00+00:00
[2026-06-24T12:57:28.878+0300] {processor.py:183} INFO - Processing /media/data/omar/programming course/DEPI/DEPI project/anomx/venv/lib/python3.12/site-packages/airflow/example_dags/example_xcom.py took 0.072 seconds
[2026-06-24T12:58:21.428+0300] {processor.py:161} INFO - Started process (PID=40759) to work on /media/data/omar/programming course/DEPI/DEPI project/anomx/venv/lib/python3.12/site-packages/airflow/example_dags/example_xcom.py
[2026-06-24T12:58:21.429+0300] {processor.py:830} INFO - Processing file /media/data/omar/programming course/DEPI/DEPI project/anomx/venv/lib/python3.12/site-packages/airflow/example_dags/example_xcom.py for tasks to queue
[2026-06-24T12:58:21.430+0300] {logging_mixin.py:188} INFO - [2026-06-24T12:58:21.430+0300] {dagbag.py:540} INFO - Filling up the DagBag from /media/data/omar/programming course/DEPI/DEPI project/anomx/venv/lib/python3.12/site-packages/airflow/example_dags/example_xcom.py
[2026-06-24T12:58:21.438+0300] {processor.py:840} INFO - DAG(s) 'example_xcom' retrieved from /media/data/omar/programming course/DEPI/DEPI project/anomx/venv/lib/python3.12/site-packages/airflow/example_dags/example_xcom.py
[2026-06-24T12:58:21.455+0300] {logging_mixin.py:188} INFO - [2026-06-24T12:58:21.454+0300] {dag.py:3096} INFO - Sync 1 DAGs
[2026-06-24T12:58:21.477+0300] {logging_mixin.py:188} INFO - [2026-06-24T12:58:21.475+0300] {dag.py:3954} INFO - Setting next_dagrun for example_xcom to 2021-01-01 00:00:00+00:00, run_after=2021-01-01 00:00:00+00:00
[2026-06-24T12:58:21.519+0300] {processor.py:183} INFO - Processing /media/data/omar/programming course/DEPI/DEPI project/anomx/venv/lib/python3.12/site-packages/airflow/example_dags/example_xcom.py took 0.096 seconds
[2026-06-24T12:59:13.261+0300] {processor.py:161} INFO - Started process (PID=41055) to work on /media/data/omar/programming course/DEPI/DEPI project/anomx/venv/lib/python3.12/site-packages/airflow/example_dags/example_xcom.py
[2026-06-24T12:59:13.262+0300] {processor.py:830} INFO - Processing file /media/data/omar/programming course/DEPI/DEPI project/anomx/venv/lib/python3.12/site-packages/airflow/example_dags/example_xcom.py for tasks to queue
[2026-06-24T12:59:13.263+0300] {logging_mixin.py:188} INFO - [2026-06-24T12:59:13.262+0300] {dagbag.py:540} INFO - Filling up the DagBag from /media/data/omar/programming course/DEPI/DEPI project/anomx/venv/lib/python3.12/site-packages/airflow/example_dags/example_xcom.py
[2026-06-24T12:59:13.270+0300] {processor.py:840} INFO - DAG(s) 'example_xcom' retrieved from /media/data/omar/programming course/DEPI/DEPI project/anomx/venv/lib/python3.12/site-packages/airflow/example_dags/example_xcom.py
[2026-06-24T12:59:13.289+0300] {logging_mixin.py:188} INFO - [2026-06-24T12:59:13.289+0300] {dag.py:3096} INFO - Sync 1 DAGs
[2026-06-24T12:59:13.304+0300] {logging_mixin.py:188} INFO - [2026-06-24T12:59:13.304+0300] {dag.py:3954} INFO - Setting next_dagrun for example_xcom to 2021-01-01 00:00:00+00:00, run_after=2021-01-01 00:00:00+00:00
[2026-06-24T12:59:13.333+0300] {processor.py:183} INFO - Processing /media/data/omar/programming course/DEPI/DEPI project/anomx/venv/lib/python3.12/site-packages/airflow/example_dags/example_xcom.py took 0.077 seconds
[2026-06-24T13:00:03.588+0300] {processor.py:161} INFO - Started process (PID=41632) to work on /media/data/omar/programming course/DEPI/DEPI project/anomx/venv/lib/python3.12/site-packages/airflow/example_dags/example_xcom.py
[2026-06-24T13:00:03.589+0300] {processor.py:830} INFO - Processing file /media/data/omar/programming course/DEPI/DEPI project/anomx/venv/lib/python3.12/site-packages/airflow/example_dags/example_xcom.py for tasks to queue
[2026-06-24T13:00:03.591+0300] {logging_mixin.py:188} INFO - [2026-06-24T13:00:03.590+0300] {dagbag.py:540} INFO - Filling up the DagBag from /media/data/omar/programming course/DEPI/DEPI project/anomx/venv/lib/python3.12/site-packages/airflow/example_dags/example_xcom.py
[2026-06-24T13:00:03.600+0300] {processor.py:840} INFO - DAG(s) 'example_xcom' retrieved from /media/data/omar/programming course/DEPI/DEPI project/anomx/venv/lib/python3.12/site-packages/airflow/example_dags/example_xcom.py
[2026-06-24T13:00:03.618+0300] {logging_mixin.py:188} INFO - [2026-06-24T13:00:03.618+0300] {dag.py:3096} INFO - Sync 1 DAGs
[2026-06-24T13:00:03.634+0300] {logging_mixin.py:188} INFO - [2026-06-24T13:00:03.634+0300] {dag.py:3954} INFO - Setting next_dagrun for example_xcom to 2021-01-01 00:00:00+00:00, run_after=2021-01-01 00:00:00+00:00
[2026-06-24T13:00:03.662+0300] {processor.py:183} INFO - Processing /media/data/omar/programming course/DEPI/DEPI project/anomx/venv/lib/python3.12/site-packages/airflow/example_dags/example_xcom.py took 0.084 seconds
[2026-06-24T13:00:53.121+0300] {processor.py:161} INFO - Started process (PID=41966) to work on /media/data/omar/programming course/DEPI/DEPI project/anomx/venv/lib/python3.12/site-packages/airflow/example_dags/example_xcom.py
[2026-06-24T13:00:53.123+0300] {processor.py:830} INFO - Processing file /media/data/omar/programming course/DEPI/DEPI project/anomx/venv/lib/python3.12/site-packages/airflow/example_dags/example_xcom.py for tasks to queue
[2026-06-24T13:00:53.126+0300] {logging_mixin.py:188} INFO - [2026-06-24T13:00:53.125+0300] {dagbag.py:540} INFO - Filling up the DagBag from /media/data/omar/programming course/DEPI/DEPI project/anomx/venv/lib/python3.12/site-packages/airflow/example_dags/example_xcom.py
[2026-06-24T13:00:53.138+0300] {processor.py:840} INFO - DAG(s) 'example_xcom' retrieved from /media/data/omar/programming course/DEPI/DEPI project/anomx/venv/lib/python3.12/site-packages/airflow/example_dags/example_xcom.py
[2026-06-24T13:00:53.159+0300] {logging_mixin.py:188} INFO - [2026-06-24T13:00:53.158+0300] {dag.py:3096} INFO - Sync 1 DAGs
[2026-06-24T13:00:53.173+0300] {logging_mixin.py:188} INFO - [2026-06-24T13:00:53.173+0300] {dag.py:3954} INFO - Setting next_dagrun for example_xcom to 2021-01-01 00:00:00+00:00, run_after=2021-01-01 00:00:00+00:00
[2026-06-24T13:00:53.202+0300] {processor.py:183} INFO - Processing /media/data/omar/programming course/DEPI/DEPI project/anomx/venv/lib/python3.12/site-packages/airflow/example_dags/example_xcom.py took 0.095 seconds
[2026-06-24T13:01:43.969+0300] {processor.py:161} INFO - Started process (PID=42545) to work on /media/data/omar/programming course/DEPI/DEPI project/anomx/venv/lib/python3.12/site-packages/airflow/example_dags/example_xcom.py
[2026-06-24T13:01:43.970+0300] {processor.py:830} INFO - Processing file /media/data/omar/programming course/DEPI/DEPI project/anomx/venv/lib/python3.12/site-packages/airflow/example_dags/example_xcom.py for tasks to queue
[2026-06-24T13:01:43.971+0300] {logging_mixin.py:188} INFO - [2026-06-24T13:01:43.970+0300] {dagbag.py:540} INFO - Filling up the DagBag from /media/data/omar/programming course/DEPI/DEPI project/anomx/venv/lib/python3.12/site-packages/airflow/example_dags/example_xcom.py
[2026-06-24T13:01:43.982+0300] {processor.py:840} INFO - DAG(s) 'example_xcom' retrieved from /media/data/omar/programming course/DEPI/DEPI project/anomx/venv/lib/python3.12/site-packages/airflow/example_dags/example_xcom.py
[2026-06-24T13:01:44.001+0300] {logging_mixin.py:188} INFO - [2026-06-24T13:01:44.001+0300] {dag.py:3096} INFO - Sync 1 DAGs
[2026-06-24T13:01:44.016+0300] {logging_mixin.py:188} INFO - [2026-06-24T13:01:44.016+0300] {dag.py:3954} INFO - Setting next_dagrun for example_xcom to 2021-01-01 00:00:00+00:00, run_after=2021-01-01 00:00:00+00:00
[2026-06-24T13:01:44.048+0300] {processor.py:183} INFO - Processing /media/data/omar/programming course/DEPI/DEPI project/anomx/venv/lib/python3.12/site-packages/airflow/example_dags/example_xcom.py took 0.086 seconds
[2026-06-24T13:02:35.008+0300] {processor.py:161} INFO - Started process (PID=42883) to work on /media/data/omar/programming course/DEPI/DEPI project/anomx/venv/lib/python3.12/site-packages/airflow/example_dags/example_xcom.py
[2026-06-24T13:02:35.009+0300] {processor.py:830} INFO - Processing file /media/data/omar/programming course/DEPI/DEPI project/anomx/venv/lib/python3.12/site-packages/airflow/example_dags/example_xcom.py for tasks to queue
[2026-06-24T13:02:35.010+0300] {logging_mixin.py:188} INFO - [2026-06-24T13:02:35.009+0300] {dagbag.py:540} INFO - Filling up the DagBag from /media/data/omar/programming course/DEPI/DEPI project/anomx/venv/lib/python3.12/site-packages/airflow/example_dags/example_xcom.py
[2026-06-24T13:02:35.018+0300] {processor.py:840} INFO - DAG(s) 'example_xcom' retrieved from /media/data/omar/programming course/DEPI/DEPI project/anomx/venv/lib/python3.12/site-packages/airflow/example_dags/example_xcom.py
[2026-06-24T13:02:35.035+0300] {logging_mixin.py:188} INFO - [2026-06-24T13:02:35.035+0300] {dag.py:3096} INFO - Sync 1 DAGs
[2026-06-24T13:02:35.050+0300] {logging_mixin.py:188} INFO - [2026-06-24T13:02:35.050+0300] {dag.py:3954} INFO - Setting next_dagrun for example_xcom to 2021-01-01 00:00:00+00:00, run_after=2021-01-01 00:00:00+00:00
[2026-06-24T13:02:35.083+0300] {processor.py:183} INFO - Processing /media/data/omar/programming course/DEPI/DEPI project/anomx/venv/lib/python3.12/site-packages/airflow/example_dags/example_xcom.py took 0.080 seconds
[2026-06-24T13:03:25.698+0300] {processor.py:161} INFO - Started process (PID=43453) to work on /media/data/omar/programming course/DEPI/DEPI project/anomx/venv/lib/python3.12/site-packages/airflow/example_dags/example_xcom.py
[2026-06-24T13:03:25.700+0300] {processor.py:830} INFO - Processing file /media/data/omar/programming course/DEPI/DEPI project/anomx/venv/lib/python3.12/site-packages/airflow/example_dags/example_xcom.py for tasks to queue
[2026-06-24T13:03:25.702+0300] {logging_mixin.py:188} INFO - [2026-06-24T13:03:25.701+0300] {dagbag.py:540} INFO - Filling up the DagBag from /media/data/omar/programming course/DEPI/DEPI project/anomx/venv/lib/python3.12/site-packages/airflow/example_dags/example_xcom.py
[2026-06-24T13:03:25.718+0300] {processor.py:840} INFO - DAG(s) 'example_xcom' retrieved from /media/data/omar/programming course/DEPI/DEPI project/anomx/venv/lib/python3.12/site-packages/airflow/example_dags/example_xcom.py
[2026-06-24T13:03:25.744+0300] {logging_mixin.py:188} INFO - [2026-06-24T13:03:25.744+0300] {dag.py:3096} INFO - Sync 1 DAGs
[2026-06-24T13:03:25.760+0300] {logging_mixin.py:188} INFO - [2026-06-24T13:03:25.759+0300] {dag.py:3954} INFO - Setting next_dagrun for example_xcom to 2021-01-01 00:00:00+00:00, run_after=2021-01-01 00:00:00+00:00
[2026-06-24T13:03:25.786+0300] {processor.py:183} INFO - Processing /media/data/omar/programming course/DEPI/DEPI project/anomx/venv/lib/python3.12/site-packages/airflow/example_dags/example_xcom.py took 0.101 seconds
[2026-06-24T13:04:13.866+0300] {processor.py:161} INFO - Started process (PID=43796) to work on /media/data/omar/programming course/DEPI/DEPI project/anomx/venv/lib/python3.12/site-packages/airflow/example_dags/example_xcom.py
[2026-06-24T13:04:13.867+0300] {processor.py:830} INFO - Processing file /media/data/omar/programming course/DEPI/DEPI project/anomx/venv/lib/python3.12/site-packages/airflow/example_dags/example_xcom.py for tasks to queue
[2026-06-24T13:04:13.867+0300] {logging_mixin.py:188} INFO - [2026-06-24T13:04:13.867+0300] {dagbag.py:540} INFO - Filling up the DagBag from /media/data/omar/programming course/DEPI/DEPI project/anomx/venv/lib/python3.12/site-packages/airflow/example_dags/example_xcom.py
[2026-06-24T13:04:13.874+0300] {processor.py:840} INFO - DAG(s) 'example_xcom' retrieved from /media/data/omar/programming course/DEPI/DEPI project/anomx/venv/lib/python3.12/site-packages/airflow/example_dags/example_xcom.py
[2026-06-24T13:04:13.889+0300] {logging_mixin.py:188} INFO - [2026-06-24T13:04:13.889+0300] {dag.py:3096} INFO - Sync 1 DAGs
[2026-06-24T13:04:13.902+0300] {logging_mixin.py:188} INFO - [2026-06-24T13:04:13.902+0300] {dag.py:3954} INFO - Setting next_dagrun for example_xcom to 2021-01-01 00:00:00+00:00, run_after=2021-01-01 00:00:00+00:00
[2026-06-24T13:04:13.932+0300] {processor.py:183} INFO - Processing /media/data/omar/programming course/DEPI/DEPI project/anomx/venv/lib/python3.12/site-packages/airflow/example_dags/example_xcom.py took 0.071 seconds
[2026-06-24T13:05:04.481+0300] {processor.py:161} INFO - Started process (PID=44389) to work on /media/data/omar/programming course/DEPI/DEPI project/anomx/venv/lib/python3.12/site-packages/airflow/example_dags/example_xcom.py
[2026-06-24T13:05:04.481+0300] {processor.py:830} INFO - Processing file /media/data/omar/programming course/DEPI/DEPI project/anomx/venv/lib/python3.12/site-packages/airflow/example_dags/example_xcom.py for tasks to queue
[2026-06-24T13:05:04.483+0300] {logging_mixin.py:188} INFO - [2026-06-24T13:05:04.482+0300] {dagbag.py:540} INFO - Filling up the DagBag from /media/data/omar/programming course/DEPI/DEPI project/anomx/venv/lib/python3.12/site-packages/airflow/example_dags/example_xcom.py
[2026-06-24T13:05:04.491+0300] {processor.py:840} INFO - DAG(s) 'example_xcom' retrieved from /media/data/omar/programming course/DEPI/DEPI project/anomx/venv/lib/python3.12/site-packages/airflow/example_dags/example_xcom.py
[2026-06-24T13:05:04.510+0300] {logging_mixin.py:188} INFO - [2026-06-24T13:05:04.510+0300] {dag.py:3096} INFO - Sync 1 DAGs
[2026-06-24T13:05:04.526+0300] {logging_mixin.py:188} INFO - [2026-06-24T13:05:04.525+0300] {dag.py:3954} INFO - Setting next_dagrun for example_xcom to 2021-01-01 00:00:00+00:00, run_after=2021-01-01 00:00:00+00:00
[2026-06-24T13:05:04.557+0300] {processor.py:183} INFO - Processing /media/data/omar/programming course/DEPI/DEPI project/anomx/venv/lib/python3.12/site-packages/airflow/example_dags/example_xcom.py took 0.082 seconds
[2026-06-24T13:05:56.482+0300] {processor.py:161} INFO - Started process (PID=44735) to work on /media/data/omar/programming course/DEPI/DEPI project/anomx/venv/lib/python3.12/site-packages/airflow/example_dags/example_xcom.py
[2026-06-24T13:05:56.484+0300] {processor.py:830} INFO - Processing file /media/data/omar/programming course/DEPI/DEPI project/anomx/venv/lib/python3.12/site-packages/airflow/example_dags/example_xcom.py for tasks to queue
[2026-06-24T13:05:56.486+0300] {logging_mixin.py:188} INFO - [2026-06-24T13:05:56.485+0300] {dagbag.py:540} INFO - Filling up the DagBag from /media/data/omar/programming course/DEPI/DEPI project/anomx/venv/lib/python3.12/site-packages/airflow/example_dags/example_xcom.py
[2026-06-24T13:05:56.496+0300] {processor.py:840} INFO - DAG(s) 'example_xcom' retrieved from /media/data/omar/programming course/DEPI/DEPI project/anomx/venv/lib/python3.12/site-packages/airflow/example_dags/example_xcom.py
[2026-06-24T13:05:56.514+0300] {logging_mixin.py:188} INFO - [2026-06-24T13:05:56.513+0300] {dag.py:3096} INFO - Sync 1 DAGs
[2026-06-24T13:05:56.528+0300] {logging_mixin.py:188} INFO - [2026-06-24T13:05:56.527+0300] {dag.py:3954} INFO - Setting next_dagrun for example_xcom to 2021-01-01 00:00:00+00:00, run_after=2021-01-01 00:00:00+00:00
[2026-06-24T13:05:56.555+0300] {processor.py:183} INFO - Processing /media/data/omar/programming course/DEPI/DEPI project/anomx/venv/lib/python3.12/site-packages/airflow/example_dags/example_xcom.py took 0.085 seconds
[2026-06-24T13:06:53.232+0300] {processor.py:161} INFO - Started process (PID=45320) to work on /media/data/omar/programming course/DEPI/DEPI project/anomx/venv/lib/python3.12/site-packages/airflow/example_dags/example_xcom.py
[2026-06-24T13:06:53.234+0300] {processor.py:830} INFO - Processing file /media/data/omar/programming course/DEPI/DEPI project/anomx/venv/lib/python3.12/site-packages/airflow/example_dags/example_xcom.py for tasks to queue
[2026-06-24T13:06:53.237+0300] {logging_mixin.py:188} INFO - [2026-06-24T13:06:53.235+0300] {dagbag.py:540} INFO - Filling up the DagBag from /media/data/omar/programming course/DEPI/DEPI project/anomx/venv/lib/python3.12/site-packages/airflow/example_dags/example_xcom.py
[2026-06-24T13:06:53.253+0300] {processor.py:840} INFO - DAG(s) 'example_xcom' retrieved from /media/data/omar/programming course/DEPI/DEPI project/anomx/venv/lib/python3.12/site-packages/airflow/example_dags/example_xcom.py
[2026-06-24T13:06:53.285+0300] {logging_mixin.py:188} INFO - [2026-06-24T13:06:53.283+0300] {dag.py:3096} INFO - Sync 1 DAGs
[2026-06-24T13:06:53.308+0300] {logging_mixin.py:188} INFO - [2026-06-24T13:06:53.307+0300] {dag.py:3954} INFO - Setting next_dagrun for example_xcom to 2021-01-01 00:00:00+00:00, run_after=2021-01-01 00:00:00+00:00
[2026-06-24T13:06:53.352+0300] {processor.py:183} INFO - Processing /media/data/omar/programming course/DEPI/DEPI project/anomx/venv/lib/python3.12/site-packages/airflow/example_dags/example_xcom.py took 0.133 seconds
[2026-06-24T13:08:32.721+0300] {processor.py:161} INFO - Started process (PID=46412) to work on /media/data/omar/programming course/DEPI/DEPI project/anomx/venv/lib/python3.12/site-packages/airflow/example_dags/example_xcom.py
[2026-06-24T13:08:32.722+0300] {processor.py:830} INFO - Processing file /media/data/omar/programming course/DEPI/DEPI project/anomx/venv/lib/python3.12/site-packages/airflow/example_dags/example_xcom.py for tasks to queue
[2026-06-24T13:08:32.723+0300] {logging_mixin.py:188} INFO - [2026-06-24T13:08:32.722+0300] {dagbag.py:540} INFO - Filling up the DagBag from /media/data/omar/programming course/DEPI/DEPI project/anomx/venv/lib/python3.12/site-packages/airflow/example_dags/example_xcom.py
[2026-06-24T13:08:32.731+0300] {processor.py:840} INFO - DAG(s) 'example_xcom' retrieved from /media/data/omar/programming course/DEPI/DEPI project/anomx/venv/lib/python3.12/site-packages/airflow/example_dags/example_xcom.py
[2026-06-24T13:08:32.750+0300] {logging_mixin.py:188} INFO - [2026-06-24T13:08:32.750+0300] {dag.py:3096} INFO - Sync 1 DAGs
[2026-06-24T13:08:32.766+0300] {logging_mixin.py:188} INFO - [2026-06-24T13:08:32.765+0300] {dag.py:3954} INFO - Setting next_dagrun for example_xcom to 2021-01-01 00:00:00+00:00, run_after=2021-01-01 00:00:00+00:00
[2026-06-24T13:08:32.797+0300] {processor.py:183} INFO - Processing /media/data/omar/programming course/DEPI/DEPI project/anomx/venv/lib/python3.12/site-packages/airflow/example_dags/example_xcom.py took 0.083 seconds
[2026-06-24T13:12:06.436+0300] {processor.py:161} INFO - Started process (PID=48676) to work on /media/data/omar/programming course/DEPI/DEPI project/anomx/venv/lib/python3.12/site-packages/airflow/example_dags/example_xcom.py
[2026-06-24T13:12:06.437+0300] {processor.py:830} INFO - Processing file /media/data/omar/programming course/DEPI/DEPI project/anomx/venv/lib/python3.12/site-packages/airflow/example_dags/example_xcom.py for tasks to queue
[2026-06-24T13:12:06.439+0300] {logging_mixin.py:188} INFO - [2026-06-24T13:12:06.438+0300] {dagbag.py:540} INFO - Filling up the DagBag from /media/data/omar/programming course/DEPI/DEPI project/anomx/venv/lib/python3.12/site-packages/airflow/example_dags/example_xcom.py
[2026-06-24T13:12:06.449+0300] {processor.py:840} INFO - DAG(s) 'example_xcom' retrieved from /media/data/omar/programming course/DEPI/DEPI project/anomx/venv/lib/python3.12/site-packages/airflow/example_dags/example_xcom.py
[2026-06-24T13:12:06.648+0300] {logging_mixin.py:188} INFO - [2026-06-24T13:12:06.648+0300] {dag.py:3096} INFO - Sync 1 DAGs
[2026-06-24T13:12:06.659+0300] {logging_mixin.py:188} INFO - [2026-06-24T13:12:06.659+0300] {dag.py:3954} INFO - Setting next_dagrun for example_xcom to 2021-01-01 00:00:00+00:00, run_after=2021-01-01 00:00:00+00:00
[2026-06-24T13:12:06.684+0300] {processor.py:183} INFO - Processing /media/data/omar/programming course/DEPI/DEPI project/anomx/venv/lib/python3.12/site-packages/airflow/example_dags/example_xcom.py took 0.259 seconds
[2026-06-24T13:13:02.881+0300] {processor.py:161} INFO - Started process (PID=49370) to work on /media/data/omar/programming course/DEPI/DEPI project/anomx/venv/lib/python3.12/site-packages/airflow/example_dags/example_xcom.py
[2026-06-24T13:13:02.881+0300] {processor.py:830} INFO - Processing file /media/data/omar/programming course/DEPI/DEPI project/anomx/venv/lib/python3.12/site-packages/airflow/example_dags/example_xcom.py for tasks to queue
[2026-06-24T13:13:02.882+0300] {logging_mixin.py:188} INFO - [2026-06-24T13:13:02.882+0300] {dagbag.py:540} INFO - Filling up the DagBag from /media/data/omar/programming course/DEPI/DEPI project/anomx/venv/lib/python3.12/site-packages/airflow/example_dags/example_xcom.py
[2026-06-24T13:13:02.889+0300] {processor.py:840} INFO - DAG(s) 'example_xcom' retrieved from /media/data/omar/programming course/DEPI/DEPI project/anomx/venv/lib/python3.12/site-packages/airflow/example_dags/example_xcom.py
[2026-06-24T13:13:02.905+0300] {logging_mixin.py:188} INFO - [2026-06-24T13:13:02.904+0300] {dag.py:3096} INFO - Sync 1 DAGs
[2026-06-24T13:13:02.918+0300] {logging_mixin.py:188} INFO - [2026-06-24T13:13:02.917+0300] {dag.py:3954} INFO - Setting next_dagrun for example_xcom to 2021-01-01 00:00:00+00:00, run_after=2021-01-01 00:00:00+00:00
[2026-06-24T13:13:02.947+0300] {processor.py:183} INFO - Processing /media/data/omar/programming course/DEPI/DEPI project/anomx/venv/lib/python3.12/site-packages/airflow/example_dags/example_xcom.py took 0.071 seconds
[2026-06-24T13:13:54.455+0300] {processor.py:161} INFO - Started process (PID=49710) to work on /media/data/omar/programming course/DEPI/DEPI project/anomx/venv/lib/python3.12/site-packages/airflow/example_dags/example_xcom.py
[2026-06-24T13:13:54.456+0300] {processor.py:830} INFO - Processing file /media/data/omar/programming course/DEPI/DEPI project/anomx/venv/lib/python3.12/site-packages/airflow/example_dags/example_xcom.py for tasks to queue
[2026-06-24T13:13:54.458+0300] {logging_mixin.py:188} INFO - [2026-06-24T13:13:54.457+0300] {dagbag.py:540} INFO - Filling up the DagBag from /media/data/omar/programming course/DEPI/DEPI project/anomx/venv/lib/python3.12/site-packages/airflow/example_dags/example_xcom.py
[2026-06-24T13:13:54.468+0300] {processor.py:840} INFO - DAG(s) 'example_xcom' retrieved from /media/data/omar/programming course/DEPI/DEPI project/anomx/venv/lib/python3.12/site-packages/airflow/example_dags/example_xcom.py
[2026-06-24T13:13:54.488+0300] {logging_mixin.py:188} INFO - [2026-06-24T13:13:54.488+0300] {dag.py:3096} INFO - Sync 1 DAGs
[2026-06-24T13:13:54.503+0300] {logging_mixin.py:188} INFO - [2026-06-24T13:13:54.502+0300] {dag.py:3954} INFO - Setting next_dagrun for example_xcom to 2021-01-01 00:00:00+00:00, run_after=2021-01-01 00:00:00+00:00
[2026-06-24T13:13:54.532+0300] {processor.py:183} INFO - Processing /media/data/omar/programming course/DEPI/DEPI project/anomx/venv/lib/python3.12/site-packages/airflow/example_dags/example_xcom.py took 0.084 seconds
[2026-06-24T13:14:48.763+0300] {processor.py:161} INFO - Started process (PID=50372) to work on /media/data/omar/programming course/DEPI/DEPI project/anomx/venv/lib/python3.12/site-packages/airflow/example_dags/example_xcom.py
[2026-06-24T13:14:48.764+0300] {processor.py:830} INFO - Processing file /media/data/omar/programming course/DEPI/DEPI project/anomx/venv/lib/python3.12/site-packages/airflow/example_dags/example_xcom.py for tasks to queue
[2026-06-24T13:14:48.766+0300] {logging_mixin.py:188} INFO - [2026-06-24T13:14:48.765+0300] {dagbag.py:540} INFO - Filling up the DagBag from /media/data/omar/programming course/DEPI/DEPI project/anomx/venv/lib/python3.12/site-packages/airflow/example_dags/example_xcom.py
[2026-06-24T13:14:48.777+0300] {processor.py:840} INFO - DAG(s) 'example_xcom' retrieved from /media/data/omar/programming course/DEPI/DEPI project/anomx/venv/lib/python3.12/site-packages/airflow/example_dags/example_xcom.py
[2026-06-24T13:14:48.805+0300] {logging_mixin.py:188} INFO - [2026-06-24T13:14:48.805+0300] {dag.py:3096} INFO - Sync 1 DAGs
[2026-06-24T13:14:48.826+0300] {logging_mixin.py:188} INFO - [2026-06-24T13:14:48.826+0300] {dag.py:3954} INFO - Setting next_dagrun for example_xcom to 2021-01-01 00:00:00+00:00, run_after=2021-01-01 00:00:00+00:00
[2026-06-24T13:14:48.868+0300] {processor.py:183} INFO - Processing /media/data/omar/programming course/DEPI/DEPI project/anomx/venv/lib/python3.12/site-packages/airflow/example_dags/example_xcom.py took 0.111 seconds
[2026-06-24T13:15:39.074+0300] {processor.py:161} INFO - Started process (PID=50676) to work on /media/data/omar/programming course/DEPI/DEPI project/anomx/venv/lib/python3.12/site-packages/airflow/example_dags/example_xcom.py
[2026-06-24T13:15:39.076+0300] {processor.py:830} INFO - Processing file /media/data/omar/programming course/DEPI/DEPI project/anomx/venv/lib/python3.12/site-packages/airflow/example_dags/example_xcom.py for tasks to queue
[2026-06-24T13:15:39.078+0300] {logging_mixin.py:188} INFO - [2026-06-24T13:15:39.077+0300] {dagbag.py:540} INFO - Filling up the DagBag from /media/data/omar/programming course/DEPI/DEPI project/anomx/venv/lib/python3.12/site-packages/airflow/example_dags/example_xcom.py
[2026-06-24T13:15:39.091+0300] {processor.py:840} INFO - DAG(s) 'example_xcom' retrieved from /media/data/omar/programming course/DEPI/DEPI project/anomx/venv/lib/python3.12/site-packages/airflow/example_dags/example_xcom.py
[2026-06-24T13:15:39.109+0300] {logging_mixin.py:188} INFO - [2026-06-24T13:15:39.109+0300] {dag.py:3096} INFO - Sync 1 DAGs
[2026-06-24T13:15:39.122+0300] {logging_mixin.py:188} INFO - [2026-06-24T13:15:39.122+0300] {dag.py:3954} INFO - Setting next_dagrun for example_xcom to 2021-01-01 00:00:00+00:00, run_after=2021-01-01 00:00:00+00:00
[2026-06-24T13:15:39.154+0300] {processor.py:183} INFO - Processing /media/data/omar/programming course/DEPI/DEPI project/anomx/venv/lib/python3.12/site-packages/airflow/example_dags/example_xcom.py took 0.090 seconds
[2026-06-24T13:16:27.875+0300] {processor.py:161} INFO - Started process (PID=51280) to work on /media/data/omar/programming course/DEPI/DEPI project/anomx/venv/lib/python3.12/site-packages/airflow/example_dags/example_xcom.py
[2026-06-24T13:16:27.876+0300] {processor.py:830} INFO - Processing file /media/data/omar/programming course/DEPI/DEPI project/anomx/venv/lib/python3.12/site-packages/airflow/example_dags/example_xcom.py for tasks to queue
[2026-06-24T13:16:27.878+0300] {logging_mixin.py:188} INFO - [2026-06-24T13:16:27.877+0300] {dagbag.py:540} INFO - Filling up the DagBag from /media/data/omar/programming course/DEPI/DEPI project/anomx/venv/lib/python3.12/site-packages/airflow/example_dags/example_xcom.py
[2026-06-24T13:16:27.886+0300] {processor.py:840} INFO - DAG(s) 'example_xcom' retrieved from /media/data/omar/programming course/DEPI/DEPI project/anomx/venv/lib/python3.12/site-packages/airflow/example_dags/example_xcom.py
[2026-06-24T13:16:27.904+0300] {logging_mixin.py:188} INFO - [2026-06-24T13:16:27.903+0300] {dag.py:3096} INFO - Sync 1 DAGs
[2026-06-24T13:16:27.917+0300] {logging_mixin.py:188} INFO - [2026-06-24T13:16:27.917+0300] {dag.py:3954} INFO - Setting next_dagrun for example_xcom to 2021-01-01 00:00:00+00:00, run_after=2021-01-01 00:00:00+00:00
[2026-06-24T13:16:27.948+0300] {processor.py:183} INFO - Processing /media/data/omar/programming course/DEPI/DEPI project/anomx/venv/lib/python3.12/site-packages/airflow/example_dags/example_xcom.py took 0.085 seconds
[2026-06-24T13:17:18.470+0300] {processor.py:161} INFO - Started process (PID=51601) to work on /media/data/omar/programming course/DEPI/DEPI project/anomx/venv/lib/python3.12/site-packages/airflow/example_dags/example_xcom.py
[2026-06-24T13:17:18.471+0300] {processor.py:830} INFO - Processing file /media/data/omar/programming course/DEPI/DEPI project/anomx/venv/lib/python3.12/site-packages/airflow/example_dags/example_xcom.py for tasks to queue
[2026-06-24T13:17:18.473+0300] {logging_mixin.py:188} INFO - [2026-06-24T13:17:18.472+0300] {dagbag.py:540} INFO - Filling up the DagBag from /media/data/omar/programming course/DEPI/DEPI project/anomx/venv/lib/python3.12/site-packages/airflow/example_dags/example_xcom.py
[2026-06-24T13:17:18.481+0300] {processor.py:840} INFO - DAG(s) 'example_xcom' retrieved from /media/data/omar/programming course/DEPI/DEPI project/anomx/venv/lib/python3.12/site-packages/airflow/example_dags/example_xcom.py
[2026-06-24T13:17:18.497+0300] {logging_mixin.py:188} INFO - [2026-06-24T13:17:18.497+0300] {dag.py:3096} INFO - Sync 1 DAGs
[2026-06-24T13:17:18.511+0300] {logging_mixin.py:188} INFO - [2026-06-24T13:17:18.511+0300] {dag.py:3954} INFO - Setting next_dagrun for example_xcom to 2021-01-01 00:00:00+00:00, run_after=2021-01-01 00:00:00+00:00
[2026-06-24T13:17:18.540+0300] {processor.py:183} INFO - Processing /media/data/omar/programming course/DEPI/DEPI project/anomx/venv/lib/python3.12/site-packages/airflow/example_dags/example_xcom.py took 0.077 seconds
[2026-06-24T13:18:09.561+0300] {processor.py:161} INFO - Started process (PID=52230) to work on /media/data/omar/programming course/DEPI/DEPI project/anomx/venv/lib/python3.12/site-packages/airflow/example_dags/example_xcom.py
[2026-06-24T13:18:09.562+0300] {processor.py:830} INFO - Processing file /media/data/omar/programming course/DEPI/DEPI project/anomx/venv/lib/python3.12/site-packages/airflow/example_dags/example_xcom.py for tasks to queue
[2026-06-24T13:18:09.563+0300] {logging_mixin.py:188} INFO - [2026-06-24T13:18:09.563+0300] {dagbag.py:540} INFO - Filling up the DagBag from /media/data/omar/programming course/DEPI/DEPI project/anomx/venv/lib/python3.12/site-packages/airflow/example_dags/example_xcom.py
[2026-06-24T13:18:09.573+0300] {processor.py:840} INFO - DAG(s) 'example_xcom' retrieved from /media/data/omar/programming course/DEPI/DEPI project/anomx/venv/lib/python3.12/site-packages/airflow/example_dags/example_xcom.py
[2026-06-24T13:18:09.594+0300] {logging_mixin.py:188} INFO - [2026-06-24T13:18:09.593+0300] {dag.py:3096} INFO - Sync 1 DAGs
[2026-06-24T13:18:09.607+0300] {logging_mixin.py:188} INFO - [2026-06-24T13:18:09.607+0300] {dag.py:3954} INFO - Setting next_dagrun for example_xcom to 2021-01-01 00:00:00+00:00, run_after=2021-01-01 00:00:00+00:00
[2026-06-24T13:18:09.637+0300] {processor.py:183} INFO - Processing /media/data/omar/programming course/DEPI/DEPI project/anomx/venv/lib/python3.12/site-packages/airflow/example_dags/example_xcom.py took 0.083 seconds
