[2026-06-24T11:53:19.047+0300] {processor.py:161} INFO - Started process (PID=11092) to work on /media/data/omar/programming course/DEPI/DEPI project/anomx/venv/lib/python3.12/site-packages/airflow/example_dags/example_branch_operator.py
[2026-06-24T11:53:19.048+0300] {processor.py:830} INFO - Processing file /media/data/omar/programming course/DEPI/DEPI project/anomx/venv/lib/python3.12/site-packages/airflow/example_dags/example_branch_operator.py for tasks to queue
[2026-06-24T11:53:19.061+0300] {logging_mixin.py:188} INFO - [2026-06-24T11:53:19.060+0300] {dagbag.py:540} INFO - Filling up the DagBag from /media/data/omar/programming course/DEPI/DEPI project/anomx/venv/lib/python3.12/site-packages/airflow/example_dags/example_branch_operator.py
[2026-06-24T11:53:19.091+0300] {processor.py:840} INFO - DAG(s) 'example_branch_operator' retrieved from /media/data/omar/programming course/DEPI/DEPI project/anomx/venv/lib/python3.12/site-packages/airflow/example_dags/example_branch_operator.py
[2026-06-24T11:53:19.375+0300] {logging_mixin.py:188} INFO - [2026-06-24T11:53:19.374+0300] {dag.py:3096} INFO - Sync 1 DAGs
[2026-06-24T11:53:19.386+0300] {logging_mixin.py:188} INFO - [2026-06-24T11:53:19.386+0300] {dag.py:3118} INFO - Creating ORM DAG for example_branch_operator
[2026-06-24T11:53:19.398+0300] {logging_mixin.py:188} INFO - [2026-06-24T11:53:19.397+0300] {dag.py:3954} INFO - Setting next_dagrun for example_branch_operator to 2026-06-23 00:00:00+00:00, run_after=2026-06-24 00:00:00+00:00
[2026-06-24T11:53:19.436+0300] {processor.py:183} INFO - Processing /media/data/omar/programming course/DEPI/DEPI project/anomx/venv/lib/python3.12/site-packages/airflow/example_dags/example_branch_operator.py took 0.399 seconds
[2026-06-24T11:54:55.205+0300] {processor.py:161} INFO - Started process (PID=12340) to work on /media/data/omar/programming course/DEPI/DEPI project/anomx/venv/lib/python3.12/site-packages/airflow/example_dags/example_branch_operator.py
[2026-06-24T11:54:55.207+0300] {processor.py:830} INFO - Processing file /media/data/omar/programming course/DEPI/DEPI project/anomx/venv/lib/python3.12/site-packages/airflow/example_dags/example_branch_operator.py for tasks to queue
[2026-06-24T11:54:55.210+0300] {logging_mixin.py:188} INFO - [2026-06-24T11:54:55.209+0300] {dagbag.py:540} INFO - Filling up the DagBag from /media/data/omar/programming course/DEPI/DEPI project/anomx/venv/lib/python3.12/site-packages/airflow/example_dags/example_branch_operator.py
[2026-06-24T11:54:55.259+0300] {processor.py:840} INFO - DAG(s) 'example_branch_operator' retrieved from /media/data/omar/programming course/DEPI/DEPI project/anomx/venv/lib/python3.12/site-packages/airflow/example_dags/example_branch_operator.py
[2026-06-24T11:54:55.326+0300] {logging_mixin.py:188} INFO - [2026-06-24T11:54:55.325+0300] {dag.py:3096} INFO - Sync 1 DAGs
[2026-06-24T11:54:55.377+0300] {logging_mixin.py:188} INFO - [2026-06-24T11:54:55.376+0300] {dag.py:3954} INFO - Setting next_dagrun for example_branch_operator to 2026-06-23 00:00:00+00:00, run_after=2026-06-24 00:00:00+00:00
[2026-06-24T11:54:55.457+0300] {processor.py:183} INFO - Processing /media/data/omar/programming course/DEPI/DEPI project/anomx/venv/lib/python3.12/site-packages/airflow/example_dags/example_branch_operator.py took 0.263 seconds
[2026-06-24T11:56:10.536+0300] {processor.py:161} INFO - Started process (PID=13033) to work on /media/data/omar/programming course/DEPI/DEPI project/anomx/venv/lib/python3.12/site-packages/airflow/example_dags/example_branch_operator.py
[2026-06-24T11:56:10.537+0300] {processor.py:830} INFO - Processing file /media/data/omar/programming course/DEPI/DEPI project/anomx/venv/lib/python3.12/site-packages/airflow/example_dags/example_branch_operator.py for tasks to queue
[2026-06-24T11:56:10.539+0300] {logging_mixin.py:188} INFO - [2026-06-24T11:56:10.538+0300] {dagbag.py:540} INFO - Filling up the DagBag from /media/data/omar/programming course/DEPI/DEPI project/anomx/venv/lib/python3.12/site-packages/airflow/example_dags/example_branch_operator.py
[2026-06-24T11:56:10.555+0300] {processor.py:840} INFO - DAG(s) 'example_branch_operator' retrieved from /media/data/omar/programming course/DEPI/DEPI project/anomx/venv/lib/python3.12/site-packages/airflow/example_dags/example_branch_operator.py
[2026-06-24T11:56:10.577+0300] {logging_mixin.py:188} INFO - [2026-06-24T11:56:10.576+0300] {dag.py:3096} INFO - Sync 1 DAGs
[2026-06-24T11:56:10.594+0300] {logging_mixin.py:188} INFO - [2026-06-24T11:56:10.593+0300] {dag.py:3954} INFO - Setting next_dagrun for example_branch_operator to 2026-06-23 00:00:00+00:00, run_after=2026-06-24 00:00:00+00:00
[2026-06-24T11:56:10.622+0300] {processor.py:183} INFO - Processing /media/data/omar/programming course/DEPI/DEPI project/anomx/venv/lib/python3.12/site-packages/airflow/example_dags/example_branch_operator.py took 0.091 seconds
[2026-06-24T11:57:23.979+0300] {processor.py:161} INFO - Started process (PID=13489) to work on /media/data/omar/programming course/DEPI/DEPI project/anomx/venv/lib/python3.12/site-packages/airflow/example_dags/example_branch_operator.py
[2026-06-24T11:57:23.980+0300] {processor.py:830} INFO - Processing file /media/data/omar/programming course/DEPI/DEPI project/anomx/venv/lib/python3.12/site-packages/airflow/example_dags/example_branch_operator.py for tasks to queue
[2026-06-24T11:57:23.982+0300] {logging_mixin.py:188} INFO - [2026-06-24T11:57:23.981+0300] {dagbag.py:540} INFO - Filling up the DagBag from /media/data/omar/programming course/DEPI/DEPI project/anomx/venv/lib/python3.12/site-packages/airflow/example_dags/example_branch_operator.py
[2026-06-24T11:57:24.011+0300] {processor.py:840} INFO - DAG(s) 'example_branch_operator' retrieved from /media/data/omar/programming course/DEPI/DEPI project/anomx/venv/lib/python3.12/site-packages/airflow/example_dags/example_branch_operator.py
[2026-06-24T11:57:24.038+0300] {logging_mixin.py:188} INFO - [2026-06-24T11:57:24.038+0300] {dag.py:3096} INFO - Sync 1 DAGs
[2026-06-24T11:57:24.058+0300] {logging_mixin.py:188} INFO - [2026-06-24T11:57:24.057+0300] {dag.py:3954} INFO - Setting next_dagrun for example_branch_operator to 2026-06-23 00:00:00+00:00, run_after=2026-06-24 00:00:00+00:00
[2026-06-24T11:57:24.094+0300] {processor.py:183} INFO - Processing /media/data/omar/programming course/DEPI/DEPI project/anomx/venv/lib/python3.12/site-packages/airflow/example_dags/example_branch_operator.py took 0.121 seconds
[2026-06-24T11:58:22.911+0300] {processor.py:161} INFO - Started process (PID=14235) to work on /media/data/omar/programming course/DEPI/DEPI project/anomx/venv/lib/python3.12/site-packages/airflow/example_dags/example_branch_operator.py
[2026-06-24T11:58:22.912+0300] {processor.py:830} INFO - Processing file /media/data/omar/programming course/DEPI/DEPI project/anomx/venv/lib/python3.12/site-packages/airflow/example_dags/example_branch_operator.py for tasks to queue
[2026-06-24T11:58:22.913+0300] {logging_mixin.py:188} INFO - [2026-06-24T11:58:22.913+0300] {dagbag.py:540} INFO - Filling up the DagBag from /media/data/omar/programming course/DEPI/DEPI project/anomx/venv/lib/python3.12/site-packages/airflow/example_dags/example_branch_operator.py
[2026-06-24T11:58:22.934+0300] {processor.py:840} INFO - DAG(s) 'example_branch_operator' retrieved from /media/data/omar/programming course/DEPI/DEPI project/anomx/venv/lib/python3.12/site-packages/airflow/example_dags/example_branch_operator.py
[2026-06-24T11:58:22.958+0300] {logging_mixin.py:188} INFO - [2026-06-24T11:58:22.957+0300] {dag.py:3096} INFO - Sync 1 DAGs
[2026-06-24T11:58:22.976+0300] {logging_mixin.py:188} INFO - [2026-06-24T11:58:22.976+0300] {dag.py:3954} INFO - Setting next_dagrun for example_branch_operator to 2026-06-23 00:00:00+00:00, run_after=2026-06-24 00:00:00+00:00
[2026-06-24T11:58:23.011+0300] {processor.py:183} INFO - Processing /media/data/omar/programming course/DEPI/DEPI project/anomx/venv/lib/python3.12/site-packages/airflow/example_dags/example_branch_operator.py took 0.106 seconds
[2026-06-24T12:36:58.179+0300] {processor.py:161} INFO - Started process (PID=28921) to work on /media/data/omar/programming course/DEPI/DEPI project/anomx/venv/lib/python3.12/site-packages/airflow/example_dags/example_branch_operator.py
[2026-06-24T12:36:58.181+0300] {processor.py:830} INFO - Processing file /media/data/omar/programming course/DEPI/DEPI project/anomx/venv/lib/python3.12/site-packages/airflow/example_dags/example_branch_operator.py for tasks to queue
[2026-06-24T12:36:58.184+0300] {logging_mixin.py:188} INFO - [2026-06-24T12:36:58.183+0300] {dagbag.py:540} INFO - Filling up the DagBag from /media/data/omar/programming course/DEPI/DEPI project/anomx/venv/lib/python3.12/site-packages/airflow/example_dags/example_branch_operator.py
[2026-06-24T12:36:58.206+0300] {processor.py:840} INFO - DAG(s) 'example_branch_operator' retrieved from /media/data/omar/programming course/DEPI/DEPI project/anomx/venv/lib/python3.12/site-packages/airflow/example_dags/example_branch_operator.py
[2026-06-24T12:36:58.229+0300] {logging_mixin.py:188} INFO - [2026-06-24T12:36:58.229+0300] {dag.py:3096} INFO - Sync 1 DAGs
[2026-06-24T12:36:58.243+0300] {logging_mixin.py:188} INFO - [2026-06-24T12:36:58.243+0300] {dag.py:3954} INFO - Setting next_dagrun for example_branch_operator to 2026-06-23 00:00:00+00:00, run_after=2026-06-24 00:00:00+00:00
[2026-06-24T12:36:58.271+0300] {processor.py:183} INFO - Processing /media/data/omar/programming course/DEPI/DEPI project/anomx/venv/lib/python3.12/site-packages/airflow/example_dags/example_branch_operator.py took 0.107 seconds
[2026-06-24T12:38:09.601+0300] {processor.py:161} INFO - Started process (PID=29588) to work on /media/data/omar/programming course/DEPI/DEPI project/anomx/venv/lib/python3.12/site-packages/airflow/example_dags/example_branch_operator.py
[2026-06-24T12:38:09.601+0300] {processor.py:830} INFO - Processing file /media/data/omar/programming course/DEPI/DEPI project/anomx/venv/lib/python3.12/site-packages/airflow/example_dags/example_branch_operator.py for tasks to queue
[2026-06-24T12:38:09.602+0300] {logging_mixin.py:188} INFO - [2026-06-24T12:38:09.602+0300] {dagbag.py:540} INFO - Filling up the DagBag from /media/data/omar/programming course/DEPI/DEPI project/anomx/venv/lib/python3.12/site-packages/airflow/example_dags/example_branch_operator.py
[2026-06-24T12:38:09.618+0300] {processor.py:840} INFO - DAG(s) 'example_branch_operator' retrieved from /media/data/omar/programming course/DEPI/DEPI project/anomx/venv/lib/python3.12/site-packages/airflow/example_dags/example_branch_operator.py
[2026-06-24T12:38:09.638+0300] {logging_mixin.py:188} INFO - [2026-06-24T12:38:09.638+0300] {dag.py:3096} INFO - Sync 1 DAGs
[2026-06-24T12:38:09.653+0300] {logging_mixin.py:188} INFO - [2026-06-24T12:38:09.652+0300] {dag.py:3954} INFO - Setting next_dagrun for example_branch_operator to 2026-06-23 00:00:00+00:00, run_after=2026-06-24 00:00:00+00:00
[2026-06-24T12:38:09.680+0300] {processor.py:183} INFO - Processing /media/data/omar/programming course/DEPI/DEPI project/anomx/venv/lib/python3.12/site-packages/airflow/example_dags/example_branch_operator.py took 0.085 seconds
[2026-06-24T12:39:19.549+0300] {processor.py:161} INFO - Started process (PID=30318) to work on /media/data/omar/programming course/DEPI/DEPI project/anomx/venv/lib/python3.12/site-packages/airflow/example_dags/example_branch_operator.py
[2026-06-24T12:39:19.550+0300] {processor.py:830} INFO - Processing file /media/data/omar/programming course/DEPI/DEPI project/anomx/venv/lib/python3.12/site-packages/airflow/example_dags/example_branch_operator.py for tasks to queue
[2026-06-24T12:39:19.551+0300] {logging_mixin.py:188} INFO - [2026-06-24T12:39:19.550+0300] {dagbag.py:540} INFO - Filling up the DagBag from /media/data/omar/programming course/DEPI/DEPI project/anomx/venv/lib/python3.12/site-packages/airflow/example_dags/example_branch_operator.py
[2026-06-24T12:39:19.565+0300] {processor.py:840} INFO - DAG(s) 'example_branch_operator' retrieved from /media/data/omar/programming course/DEPI/DEPI project/anomx/venv/lib/python3.12/site-packages/airflow/example_dags/example_branch_operator.py
[2026-06-24T12:39:19.585+0300] {logging_mixin.py:188} INFO - [2026-06-24T12:39:19.585+0300] {dag.py:3096} INFO - Sync 1 DAGs
[2026-06-24T12:39:19.599+0300] {logging_mixin.py:188} INFO - [2026-06-24T12:39:19.598+0300] {dag.py:3954} INFO - Setting next_dagrun for example_branch_operator to 2026-06-23 00:00:00+00:00, run_after=2026-06-24 00:00:00+00:00
[2026-06-24T12:39:19.626+0300] {processor.py:183} INFO - Processing /media/data/omar/programming course/DEPI/DEPI project/anomx/venv/lib/python3.12/site-packages/airflow/example_dags/example_branch_operator.py took 0.082 seconds
[2026-06-24T12:40:25.007+0300] {processor.py:161} INFO - Started process (PID=31005) to work on /media/data/omar/programming course/DEPI/DEPI project/anomx/venv/lib/python3.12/site-packages/airflow/example_dags/example_branch_operator.py
[2026-06-24T12:40:25.008+0300] {processor.py:830} INFO - Processing file /media/data/omar/programming course/DEPI/DEPI project/anomx/venv/lib/python3.12/site-packages/airflow/example_dags/example_branch_operator.py for tasks to queue
[2026-06-24T12:40:25.008+0300] {logging_mixin.py:188} INFO - [2026-06-24T12:40:25.008+0300] {dagbag.py:540} INFO - Filling up the DagBag from /media/data/omar/programming course/DEPI/DEPI project/anomx/venv/lib/python3.12/site-packages/airflow/example_dags/example_branch_operator.py
[2026-06-24T12:40:25.024+0300] {processor.py:840} INFO - DAG(s) 'example_branch_operator' retrieved from /media/data/omar/programming course/DEPI/DEPI project/anomx/venv/lib/python3.12/site-packages/airflow/example_dags/example_branch_operator.py
[2026-06-24T12:40:25.046+0300] {logging_mixin.py:188} INFO - [2026-06-24T12:40:25.045+0300] {dag.py:3096} INFO - Sync 1 DAGs
[2026-06-24T12:40:25.060+0300] {logging_mixin.py:188} INFO - [2026-06-24T12:40:25.059+0300] {dag.py:3954} INFO - Setting next_dagrun for example_branch_operator to 2026-06-23 00:00:00+00:00, run_after=2026-06-24 00:00:00+00:00
[2026-06-24T12:40:25.085+0300] {processor.py:183} INFO - Processing /media/data/omar/programming course/DEPI/DEPI project/anomx/venv/lib/python3.12/site-packages/airflow/example_dags/example_branch_operator.py took 0.083 seconds
[2026-06-24T12:41:35.099+0300] {processor.py:161} INFO - Started process (PID=31506) to work on /media/data/omar/programming course/DEPI/DEPI project/anomx/venv/lib/python3.12/site-packages/airflow/example_dags/example_branch_operator.py
[2026-06-24T12:41:35.100+0300] {processor.py:830} INFO - Processing file /media/data/omar/programming course/DEPI/DEPI project/anomx/venv/lib/python3.12/site-packages/airflow/example_dags/example_branch_operator.py for tasks to queue
[2026-06-24T12:41:35.101+0300] {logging_mixin.py:188} INFO - [2026-06-24T12:41:35.100+0300] {dagbag.py:540} INFO - Filling up the DagBag from /media/data/omar/programming course/DEPI/DEPI project/anomx/venv/lib/python3.12/site-packages/airflow/example_dags/example_branch_operator.py
[2026-06-24T12:41:35.116+0300] {processor.py:840} INFO - DAG(s) 'example_branch_operator' retrieved from /media/data/omar/programming course/DEPI/DEPI project/anomx/venv/lib/python3.12/site-packages/airflow/example_dags/example_branch_operator.py
[2026-06-24T12:41:35.137+0300] {logging_mixin.py:188} INFO - [2026-06-24T12:41:35.137+0300] {dag.py:3096} INFO - Sync 1 DAGs
[2026-06-24T12:41:35.152+0300] {logging_mixin.py:188} INFO - [2026-06-24T12:41:35.152+0300] {dag.py:3954} INFO - Setting next_dagrun for example_branch_operator to 2026-06-23 00:00:00+00:00, run_after=2026-06-24 00:00:00+00:00
[2026-06-24T12:41:35.179+0300] {processor.py:183} INFO - Processing /media/data/omar/programming course/DEPI/DEPI project/anomx/venv/lib/python3.12/site-packages/airflow/example_dags/example_branch_operator.py took 0.085 seconds
[2026-06-24T12:42:29.282+0300] {processor.py:161} INFO - Started process (PID=32131) to work on /media/data/omar/programming course/DEPI/DEPI project/anomx/venv/lib/python3.12/site-packages/airflow/example_dags/example_branch_operator.py
[2026-06-24T12:42:29.284+0300] {processor.py:830} INFO - Processing file /media/data/omar/programming course/DEPI/DEPI project/anomx/venv/lib/python3.12/site-packages/airflow/example_dags/example_branch_operator.py for tasks to queue
[2026-06-24T12:42:29.286+0300] {logging_mixin.py:188} INFO - [2026-06-24T12:42:29.285+0300] {dagbag.py:540} INFO - Filling up the DagBag from /media/data/omar/programming course/DEPI/DEPI project/anomx/venv/lib/python3.12/site-packages/airflow/example_dags/example_branch_operator.py
[2026-06-24T12:42:29.306+0300] {processor.py:840} INFO - DAG(s) 'example_branch_operator' retrieved from /media/data/omar/programming course/DEPI/DEPI project/anomx/venv/lib/python3.12/site-packages/airflow/example_dags/example_branch_operator.py
[2026-06-24T12:42:29.329+0300] {logging_mixin.py:188} INFO - [2026-06-24T12:42:29.329+0300] {dag.py:3096} INFO - Sync 1 DAGs
[2026-06-24T12:42:29.346+0300] {logging_mixin.py:188} INFO - [2026-06-24T12:42:29.346+0300] {dag.py:3954} INFO - Setting next_dagrun for example_branch_operator to 2026-06-23 00:00:00+00:00, run_after=2026-06-24 00:00:00+00:00
[2026-06-24T12:42:29.377+0300] {processor.py:183} INFO - Processing /media/data/omar/programming course/DEPI/DEPI project/anomx/venv/lib/python3.12/site-packages/airflow/example_dags/example_branch_operator.py took 0.105 seconds
[2026-06-24T12:43:24.492+0300] {processor.py:161} INFO - Started process (PID=32472) to work on /media/data/omar/programming course/DEPI/DEPI project/anomx/venv/lib/python3.12/site-packages/airflow/example_dags/example_branch_operator.py
[2026-06-24T12:43:24.492+0300] {processor.py:830} INFO - Processing file /media/data/omar/programming course/DEPI/DEPI project/anomx/venv/lib/python3.12/site-packages/airflow/example_dags/example_branch_operator.py for tasks to queue
[2026-06-24T12:43:24.493+0300] {logging_mixin.py:188} INFO - [2026-06-24T12:43:24.493+0300] {dagbag.py:540} INFO - Filling up the DagBag from /media/data/omar/programming course/DEPI/DEPI project/anomx/venv/lib/python3.12/site-packages/airflow/example_dags/example_branch_operator.py
[2026-06-24T12:43:24.508+0300] {processor.py:840} INFO - DAG(s) 'example_branch_operator' retrieved from /media/data/omar/programming course/DEPI/DEPI project/anomx/venv/lib/python3.12/site-packages/airflow/example_dags/example_branch_operator.py
[2026-06-24T12:43:24.528+0300] {logging_mixin.py:188} INFO - [2026-06-24T12:43:24.527+0300] {dag.py:3096} INFO - Sync 1 DAGs
[2026-06-24T12:43:24.541+0300] {logging_mixin.py:188} INFO - [2026-06-24T12:43:24.540+0300] {dag.py:3954} INFO - Setting next_dagrun for example_branch_operator to 2026-06-23 00:00:00+00:00, run_after=2026-06-24 00:00:00+00:00
[2026-06-24T12:43:24.567+0300] {processor.py:183} INFO - Processing /media/data/omar/programming course/DEPI/DEPI project/anomx/venv/lib/python3.12/site-packages/airflow/example_dags/example_branch_operator.py took 0.080 seconds
[2026-06-24T12:44:37.892+0300] {processor.py:161} INFO - Started process (PID=33228) to work on /media/data/omar/programming course/DEPI/DEPI project/anomx/venv/lib/python3.12/site-packages/airflow/example_dags/example_branch_operator.py
[2026-06-24T12:44:37.894+0300] {processor.py:830} INFO - Processing file /media/data/omar/programming course/DEPI/DEPI project/anomx/venv/lib/python3.12/site-packages/airflow/example_dags/example_branch_operator.py for tasks to queue
[2026-06-24T12:44:37.896+0300] {logging_mixin.py:188} INFO - [2026-06-24T12:44:37.895+0300] {dagbag.py:540} INFO - Filling up the DagBag from /media/data/omar/programming course/DEPI/DEPI project/anomx/venv/lib/python3.12/site-packages/airflow/example_dags/example_branch_operator.py
[2026-06-24T12:44:37.926+0300] {processor.py:840} INFO - DAG(s) 'example_branch_operator' retrieved from /media/data/omar/programming course/DEPI/DEPI project/anomx/venv/lib/python3.12/site-packages/airflow/example_dags/example_branch_operator.py
[2026-06-24T12:44:37.949+0300] {logging_mixin.py:188} INFO - [2026-06-24T12:44:37.949+0300] {dag.py:3096} INFO - Sync 1 DAGs
[2026-06-24T12:44:37.964+0300] {logging_mixin.py:188} INFO - [2026-06-24T12:44:37.964+0300] {dag.py:3954} INFO - Setting next_dagrun for example_branch_operator to 2026-06-23 00:00:00+00:00, run_after=2026-06-24 00:00:00+00:00
[2026-06-24T12:44:37.991+0300] {processor.py:183} INFO - Processing /media/data/omar/programming course/DEPI/DEPI project/anomx/venv/lib/python3.12/site-packages/airflow/example_dags/example_branch_operator.py took 0.111 seconds
[2026-06-24T12:45:52.518+0300] {processor.py:161} INFO - Started process (PID=34024) to work on /media/data/omar/programming course/DEPI/DEPI project/anomx/venv/lib/python3.12/site-packages/airflow/example_dags/example_branch_operator.py
[2026-06-24T12:45:52.519+0300] {processor.py:830} INFO - Processing file /media/data/omar/programming course/DEPI/DEPI project/anomx/venv/lib/python3.12/site-packages/airflow/example_dags/example_branch_operator.py for tasks to queue
[2026-06-24T12:45:52.520+0300] {logging_mixin.py:188} INFO - [2026-06-24T12:45:52.519+0300] {dagbag.py:540} INFO - Filling up the DagBag from /media/data/omar/programming course/DEPI/DEPI project/anomx/venv/lib/python3.12/site-packages/airflow/example_dags/example_branch_operator.py
[2026-06-24T12:45:52.536+0300] {processor.py:840} INFO - DAG(s) 'example_branch_operator' retrieved from /media/data/omar/programming course/DEPI/DEPI project/anomx/venv/lib/python3.12/site-packages/airflow/example_dags/example_branch_operator.py
[2026-06-24T12:45:52.557+0300] {logging_mixin.py:188} INFO - [2026-06-24T12:45:52.556+0300] {dag.py:3096} INFO - Sync 1 DAGs
[2026-06-24T12:45:52.579+0300] {logging_mixin.py:188} INFO - [2026-06-24T12:45:52.578+0300] {dag.py:3954} INFO - Setting next_dagrun for example_branch_operator to 2026-06-23 00:00:00+00:00, run_after=2026-06-24 00:00:00+00:00
[2026-06-24T12:45:52.607+0300] {processor.py:183} INFO - Processing /media/data/omar/programming course/DEPI/DEPI project/anomx/venv/lib/python3.12/site-packages/airflow/example_dags/example_branch_operator.py took 0.095 seconds
[2026-06-24T12:47:05.974+0300] {processor.py:161} INFO - Started process (PID=34758) to work on /media/data/omar/programming course/DEPI/DEPI project/anomx/venv/lib/python3.12/site-packages/airflow/example_dags/example_branch_operator.py
[2026-06-24T12:47:05.974+0300] {processor.py:830} INFO - Processing file /media/data/omar/programming course/DEPI/DEPI project/anomx/venv/lib/python3.12/site-packages/airflow/example_dags/example_branch_operator.py for tasks to queue
[2026-06-24T12:47:05.976+0300] {logging_mixin.py:188} INFO - [2026-06-24T12:47:05.975+0300] {dagbag.py:540} INFO - Filling up the DagBag from /media/data/omar/programming course/DEPI/DEPI project/anomx/venv/lib/python3.12/site-packages/airflow/example_dags/example_branch_operator.py
[2026-06-24T12:47:06.002+0300] {processor.py:840} INFO - DAG(s) 'example_branch_operator' retrieved from /media/data/omar/programming course/DEPI/DEPI project/anomx/venv/lib/python3.12/site-packages/airflow/example_dags/example_branch_operator.py
[2026-06-24T12:47:06.028+0300] {logging_mixin.py:188} INFO - [2026-06-24T12:47:06.027+0300] {dag.py:3096} INFO - Sync 1 DAGs
[2026-06-24T12:47:06.044+0300] {logging_mixin.py:188} INFO - [2026-06-24T12:47:06.044+0300] {dag.py:3954} INFO - Setting next_dagrun for example_branch_operator to 2026-06-23 00:00:00+00:00, run_after=2026-06-24 00:00:00+00:00
[2026-06-24T12:47:06.084+0300] {processor.py:183} INFO - Processing /media/data/omar/programming course/DEPI/DEPI project/anomx/venv/lib/python3.12/site-packages/airflow/example_dags/example_branch_operator.py took 0.116 seconds
[2026-06-24T12:48:02.606+0300] {processor.py:161} INFO - Started process (PID=35128) to work on /media/data/omar/programming course/DEPI/DEPI project/anomx/venv/lib/python3.12/site-packages/airflow/example_dags/example_branch_operator.py
[2026-06-24T12:48:02.607+0300] {processor.py:830} INFO - Processing file /media/data/omar/programming course/DEPI/DEPI project/anomx/venv/lib/python3.12/site-packages/airflow/example_dags/example_branch_operator.py for tasks to queue
[2026-06-24T12:48:02.608+0300] {logging_mixin.py:188} INFO - [2026-06-24T12:48:02.608+0300] {dagbag.py:540} INFO - Filling up the DagBag from /media/data/omar/programming course/DEPI/DEPI project/anomx/venv/lib/python3.12/site-packages/airflow/example_dags/example_branch_operator.py
[2026-06-24T12:48:02.625+0300] {processor.py:840} INFO - DAG(s) 'example_branch_operator' retrieved from /media/data/omar/programming course/DEPI/DEPI project/anomx/venv/lib/python3.12/site-packages/airflow/example_dags/example_branch_operator.py
[2026-06-24T12:48:02.649+0300] {logging_mixin.py:188} INFO - [2026-06-24T12:48:02.648+0300] {dag.py:3096} INFO - Sync 1 DAGs
[2026-06-24T12:48:02.666+0300] {logging_mixin.py:188} INFO - [2026-06-24T12:48:02.665+0300] {dag.py:3954} INFO - Setting next_dagrun for example_branch_operator to 2026-06-23 00:00:00+00:00, run_after=2026-06-24 00:00:00+00:00
[2026-06-24T12:48:02.695+0300] {processor.py:183} INFO - Processing /media/data/omar/programming course/DEPI/DEPI project/anomx/venv/lib/python3.12/site-packages/airflow/example_dags/example_branch_operator.py took 0.098 seconds
[2026-06-24T12:49:21.867+0300] {processor.py:161} INFO - Started process (PID=35895) to work on /media/data/omar/programming course/DEPI/DEPI project/anomx/venv/lib/python3.12/site-packages/airflow/example_dags/example_branch_operator.py
[2026-06-24T12:49:21.868+0300] {processor.py:830} INFO - Processing file /media/data/omar/programming course/DEPI/DEPI project/anomx/venv/lib/python3.12/site-packages/airflow/example_dags/example_branch_operator.py for tasks to queue
[2026-06-24T12:49:21.869+0300] {logging_mixin.py:188} INFO - [2026-06-24T12:49:21.869+0300] {dagbag.py:540} INFO - Filling up the DagBag from /media/data/omar/programming course/DEPI/DEPI project/anomx/venv/lib/python3.12/site-packages/airflow/example_dags/example_branch_operator.py
[2026-06-24T12:49:21.890+0300] {processor.py:840} INFO - DAG(s) 'example_branch_operator' retrieved from /media/data/omar/programming course/DEPI/DEPI project/anomx/venv/lib/python3.12/site-packages/airflow/example_dags/example_branch_operator.py
[2026-06-24T12:49:21.929+0300] {logging_mixin.py:188} INFO - [2026-06-24T12:49:21.928+0300] {dag.py:3096} INFO - Sync 1 DAGs
[2026-06-24T12:49:21.955+0300] {logging_mixin.py:188} INFO - [2026-06-24T12:49:21.954+0300] {dag.py:3954} INFO - Setting next_dagrun for example_branch_operator to 2026-06-23 00:00:00+00:00, run_after=2026-06-24 00:00:00+00:00
[2026-06-24T12:49:21.998+0300] {processor.py:183} INFO - Processing /media/data/omar/programming course/DEPI/DEPI project/anomx/venv/lib/python3.12/site-packages/airflow/example_dags/example_branch_operator.py took 0.140 seconds
[2026-06-24T12:50:42.819+0300] {processor.py:161} INFO - Started process (PID=36737) to work on /media/data/omar/programming course/DEPI/DEPI project/anomx/venv/lib/python3.12/site-packages/airflow/example_dags/example_branch_operator.py
[2026-06-24T12:50:42.820+0300] {processor.py:830} INFO - Processing file /media/data/omar/programming course/DEPI/DEPI project/anomx/venv/lib/python3.12/site-packages/airflow/example_dags/example_branch_operator.py for tasks to queue
[2026-06-24T12:50:42.821+0300] {logging_mixin.py:188} INFO - [2026-06-24T12:50:42.821+0300] {dagbag.py:540} INFO - Filling up the DagBag from /media/data/omar/programming course/DEPI/DEPI project/anomx/venv/lib/python3.12/site-packages/airflow/example_dags/example_branch_operator.py
[2026-06-24T12:50:42.840+0300] {processor.py:840} INFO - DAG(s) 'example_branch_operator' retrieved from /media/data/omar/programming course/DEPI/DEPI project/anomx/venv/lib/python3.12/site-packages/airflow/example_dags/example_branch_operator.py
[2026-06-24T12:50:42.864+0300] {logging_mixin.py:188} INFO - [2026-06-24T12:50:42.864+0300] {dag.py:3096} INFO - Sync 1 DAGs
[2026-06-24T12:50:42.882+0300] {logging_mixin.py:188} INFO - [2026-06-24T12:50:42.881+0300] {dag.py:3954} INFO - Setting next_dagrun for example_branch_operator to 2026-06-23 00:00:00+00:00, run_after=2026-06-24 00:00:00+00:00
[2026-06-24T12:50:42.915+0300] {processor.py:183} INFO - Processing /media/data/omar/programming course/DEPI/DEPI project/anomx/venv/lib/python3.12/site-packages/airflow/example_dags/example_branch_operator.py took 0.102 seconds
[2026-06-24T12:52:01.125+0300] {processor.py:161} INFO - Started process (PID=37239) to work on /media/data/omar/programming course/DEPI/DEPI project/anomx/venv/lib/python3.12/site-packages/airflow/example_dags/example_branch_operator.py
[2026-06-24T12:52:01.128+0300] {processor.py:830} INFO - Processing file /media/data/omar/programming course/DEPI/DEPI project/anomx/venv/lib/python3.12/site-packages/airflow/example_dags/example_branch_operator.py for tasks to queue
[2026-06-24T12:52:01.131+0300] {logging_mixin.py:188} INFO - [2026-06-24T12:52:01.129+0300] {dagbag.py:540} INFO - Filling up the DagBag from /media/data/omar/programming course/DEPI/DEPI project/anomx/venv/lib/python3.12/site-packages/airflow/example_dags/example_branch_operator.py
[2026-06-24T12:52:01.162+0300] {processor.py:840} INFO - DAG(s) 'example_branch_operator' retrieved from /media/data/omar/programming course/DEPI/DEPI project/anomx/venv/lib/python3.12/site-packages/airflow/example_dags/example_branch_operator.py
[2026-06-24T12:52:01.209+0300] {logging_mixin.py:188} INFO - [2026-06-24T12:52:01.209+0300] {dag.py:3096} INFO - Sync 1 DAGs
[2026-06-24T12:52:01.240+0300] {logging_mixin.py:188} INFO - [2026-06-24T12:52:01.239+0300] {dag.py:3954} INFO - Setting next_dagrun for example_branch_operator to 2026-06-23 00:00:00+00:00, run_after=2026-06-24 00:00:00+00:00
[2026-06-24T12:52:01.281+0300] {processor.py:183} INFO - Processing /media/data/omar/programming course/DEPI/DEPI project/anomx/venv/lib/python3.12/site-packages/airflow/example_dags/example_branch_operator.py took 0.166 seconds
[2026-06-24T12:53:17.117+0300] {processor.py:161} INFO - Started process (PID=38022) to work on /media/data/omar/programming course/DEPI/DEPI project/anomx/venv/lib/python3.12/site-packages/airflow/example_dags/example_branch_operator.py
[2026-06-24T12:53:17.118+0300] {processor.py:830} INFO - Processing file /media/data/omar/programming course/DEPI/DEPI project/anomx/venv/lib/python3.12/site-packages/airflow/example_dags/example_branch_operator.py for tasks to queue
[2026-06-24T12:53:17.119+0300] {logging_mixin.py:188} INFO - [2026-06-24T12:53:17.118+0300] {dagbag.py:540} INFO - Filling up the DagBag from /media/data/omar/programming course/DEPI/DEPI project/anomx/venv/lib/python3.12/site-packages/airflow/example_dags/example_branch_operator.py
[2026-06-24T12:53:17.138+0300] {processor.py:840} INFO - DAG(s) 'example_branch_operator' retrieved from /media/data/omar/programming course/DEPI/DEPI project/anomx/venv/lib/python3.12/site-packages/airflow/example_dags/example_branch_operator.py
[2026-06-24T12:53:17.166+0300] {logging_mixin.py:188} INFO - [2026-06-24T12:53:17.166+0300] {dag.py:3096} INFO - Sync 1 DAGs
[2026-06-24T12:53:17.186+0300] {logging_mixin.py:188} INFO - [2026-06-24T12:53:17.186+0300] {dag.py:3954} INFO - Setting next_dagrun for example_branch_operator to 2026-06-23 00:00:00+00:00, run_after=2026-06-24 00:00:00+00:00
[2026-06-24T12:53:17.225+0300] {processor.py:183} INFO - Processing /media/data/omar/programming course/DEPI/DEPI project/anomx/venv/lib/python3.12/site-packages/airflow/example_dags/example_branch_operator.py took 0.116 seconds
[2026-06-24T12:54:38.261+0300] {processor.py:161} INFO - Started process (PID=38805) to work on /media/data/omar/programming course/DEPI/DEPI project/anomx/venv/lib/python3.12/site-packages/airflow/example_dags/example_branch_operator.py
[2026-06-24T12:54:38.262+0300] {processor.py:830} INFO - Processing file /media/data/omar/programming course/DEPI/DEPI project/anomx/venv/lib/python3.12/site-packages/airflow/example_dags/example_branch_operator.py for tasks to queue
[2026-06-24T12:54:38.263+0300] {logging_mixin.py:188} INFO - [2026-06-24T12:54:38.263+0300] {dagbag.py:540} INFO - Filling up the DagBag from /media/data/omar/programming course/DEPI/DEPI project/anomx/venv/lib/python3.12/site-packages/airflow/example_dags/example_branch_operator.py
[2026-06-24T12:54:38.284+0300] {processor.py:840} INFO - DAG(s) 'example_branch_operator' retrieved from /media/data/omar/programming course/DEPI/DEPI project/anomx/venv/lib/python3.12/site-packages/airflow/example_dags/example_branch_operator.py
[2026-06-24T12:54:38.311+0300] {logging_mixin.py:188} INFO - [2026-06-24T12:54:38.310+0300] {dag.py:3096} INFO - Sync 1 DAGs
[2026-06-24T12:54:38.327+0300] {logging_mixin.py:188} INFO - [2026-06-24T12:54:38.327+0300] {dag.py:3954} INFO - Setting next_dagrun for example_branch_operator to 2026-06-23 00:00:00+00:00, run_after=2026-06-24 00:00:00+00:00
[2026-06-24T12:54:38.359+0300] {processor.py:183} INFO - Processing /media/data/omar/programming course/DEPI/DEPI project/anomx/venv/lib/python3.12/site-packages/airflow/example_dags/example_branch_operator.py took 0.104 seconds
[2026-06-24T12:55:34.765+0300] {processor.py:161} INFO - Started process (PID=39149) to work on /media/data/omar/programming course/DEPI/DEPI project/anomx/venv/lib/python3.12/site-packages/airflow/example_dags/example_branch_operator.py
[2026-06-24T12:55:34.766+0300] {processor.py:830} INFO - Processing file /media/data/omar/programming course/DEPI/DEPI project/anomx/venv/lib/python3.12/site-packages/airflow/example_dags/example_branch_operator.py for tasks to queue
[2026-06-24T12:55:34.767+0300] {logging_mixin.py:188} INFO - [2026-06-24T12:55:34.767+0300] {dagbag.py:540} INFO - Filling up the DagBag from /media/data/omar/programming course/DEPI/DEPI project/anomx/venv/lib/python3.12/site-packages/airflow/example_dags/example_branch_operator.py
[2026-06-24T12:55:34.791+0300] {processor.py:840} INFO - DAG(s) 'example_branch_operator' retrieved from /media/data/omar/programming course/DEPI/DEPI project/anomx/venv/lib/python3.12/site-packages/airflow/example_dags/example_branch_operator.py
[2026-06-24T12:55:34.817+0300] {logging_mixin.py:188} INFO - [2026-06-24T12:55:34.816+0300] {dag.py:3096} INFO - Sync 1 DAGs
[2026-06-24T12:55:34.833+0300] {logging_mixin.py:188} INFO - [2026-06-24T12:55:34.832+0300] {dag.py:3954} INFO - Setting next_dagrun for example_branch_operator to 2026-06-23 00:00:00+00:00, run_after=2026-06-24 00:00:00+00:00
[2026-06-24T12:55:34.864+0300] {processor.py:183} INFO - Processing /media/data/omar/programming course/DEPI/DEPI project/anomx/venv/lib/python3.12/site-packages/airflow/example_dags/example_branch_operator.py took 0.106 seconds
[2026-06-24T12:56:47.248+0300] {processor.py:161} INFO - Started process (PID=39857) to work on /media/data/omar/programming course/DEPI/DEPI project/anomx/venv/lib/python3.12/site-packages/airflow/example_dags/example_branch_operator.py
[2026-06-24T12:56:47.249+0300] {processor.py:830} INFO - Processing file /media/data/omar/programming course/DEPI/DEPI project/anomx/venv/lib/python3.12/site-packages/airflow/example_dags/example_branch_operator.py for tasks to queue
[2026-06-24T12:56:47.250+0300] {logging_mixin.py:188} INFO - [2026-06-24T12:56:47.250+0300] {dagbag.py:540} INFO - Filling up the DagBag from /media/data/omar/programming course/DEPI/DEPI project/anomx/venv/lib/python3.12/site-packages/airflow/example_dags/example_branch_operator.py
[2026-06-24T12:56:47.280+0300] {processor.py:840} INFO - DAG(s) 'example_branch_operator' retrieved from /media/data/omar/programming course/DEPI/DEPI project/anomx/venv/lib/python3.12/site-packages/airflow/example_dags/example_branch_operator.py
[2026-06-24T12:56:47.306+0300] {logging_mixin.py:188} INFO - [2026-06-24T12:56:47.305+0300] {dag.py:3096} INFO - Sync 1 DAGs
[2026-06-24T12:56:47.323+0300] {logging_mixin.py:188} INFO - [2026-06-24T12:56:47.322+0300] {dag.py:3954} INFO - Setting next_dagrun for example_branch_operator to 2026-06-23 00:00:00+00:00, run_after=2026-06-24 00:00:00+00:00
[2026-06-24T12:56:47.361+0300] {processor.py:183} INFO - Processing /media/data/omar/programming course/DEPI/DEPI project/anomx/venv/lib/python3.12/site-packages/airflow/example_dags/example_branch_operator.py took 0.120 seconds
[2026-06-24T12:57:43.131+0300] {processor.py:161} INFO - Started process (PID=40195) to work on /media/data/omar/programming course/DEPI/DEPI project/anomx/venv/lib/python3.12/site-packages/airflow/example_dags/example_branch_operator.py
[2026-06-24T12:57:43.132+0300] {processor.py:830} INFO - Processing file /media/data/omar/programming course/DEPI/DEPI project/anomx/venv/lib/python3.12/site-packages/airflow/example_dags/example_branch_operator.py for tasks to queue
[2026-06-24T12:57:43.132+0300] {logging_mixin.py:188} INFO - [2026-06-24T12:57:43.132+0300] {dagbag.py:540} INFO - Filling up the DagBag from /media/data/omar/programming course/DEPI/DEPI project/anomx/venv/lib/python3.12/site-packages/airflow/example_dags/example_branch_operator.py
[2026-06-24T12:57:43.152+0300] {processor.py:840} INFO - DAG(s) 'example_branch_operator' retrieved from /media/data/omar/programming course/DEPI/DEPI project/anomx/venv/lib/python3.12/site-packages/airflow/example_dags/example_branch_operator.py
[2026-06-24T12:57:43.177+0300] {logging_mixin.py:188} INFO - [2026-06-24T12:57:43.177+0300] {dag.py:3096} INFO - Sync 1 DAGs
[2026-06-24T12:57:43.193+0300] {logging_mixin.py:188} INFO - [2026-06-24T12:57:43.193+0300] {dag.py:3954} INFO - Setting next_dagrun for example_branch_operator to 2026-06-23 00:00:00+00:00, run_after=2026-06-24 00:00:00+00:00
[2026-06-24T12:57:43.225+0300] {processor.py:183} INFO - Processing /media/data/omar/programming course/DEPI/DEPI project/anomx/venv/lib/python3.12/site-packages/airflow/example_dags/example_branch_operator.py took 0.100 seconds
[2026-06-24T12:59:00.605+0300] {processor.py:161} INFO - Started process (PID=40992) to work on /media/data/omar/programming course/DEPI/DEPI project/anomx/venv/lib/python3.12/site-packages/airflow/example_dags/example_branch_operator.py
[2026-06-24T12:59:00.606+0300] {processor.py:830} INFO - Processing file /media/data/omar/programming course/DEPI/DEPI project/anomx/venv/lib/python3.12/site-packages/airflow/example_dags/example_branch_operator.py for tasks to queue
[2026-06-24T12:59:00.607+0300] {logging_mixin.py:188} INFO - [2026-06-24T12:59:00.606+0300] {dagbag.py:540} INFO - Filling up the DagBag from /media/data/omar/programming course/DEPI/DEPI project/anomx/venv/lib/python3.12/site-packages/airflow/example_dags/example_branch_operator.py
[2026-06-24T12:59:00.623+0300] {processor.py:840} INFO - DAG(s) 'example_branch_operator' retrieved from /media/data/omar/programming course/DEPI/DEPI project/anomx/venv/lib/python3.12/site-packages/airflow/example_dags/example_branch_operator.py
[2026-06-24T12:59:00.647+0300] {logging_mixin.py:188} INFO - [2026-06-24T12:59:00.647+0300] {dag.py:3096} INFO - Sync 1 DAGs
[2026-06-24T12:59:00.663+0300] {logging_mixin.py:188} INFO - [2026-06-24T12:59:00.663+0300] {dag.py:3954} INFO - Setting next_dagrun for example_branch_operator to 2026-06-23 00:00:00+00:00, run_after=2026-06-24 00:00:00+00:00
[2026-06-24T12:59:00.694+0300] {processor.py:183} INFO - Processing /media/data/omar/programming course/DEPI/DEPI project/anomx/venv/lib/python3.12/site-packages/airflow/example_dags/example_branch_operator.py took 0.094 seconds
[2026-06-24T13:00:16.142+0300] {processor.py:161} INFO - Started process (PID=41718) to work on /media/data/omar/programming course/DEPI/DEPI project/anomx/venv/lib/python3.12/site-packages/airflow/example_dags/example_branch_operator.py
[2026-06-24T13:00:16.143+0300] {processor.py:830} INFO - Processing file /media/data/omar/programming course/DEPI/DEPI project/anomx/venv/lib/python3.12/site-packages/airflow/example_dags/example_branch_operator.py for tasks to queue
[2026-06-24T13:00:16.145+0300] {logging_mixin.py:188} INFO - [2026-06-24T13:00:16.144+0300] {dagbag.py:540} INFO - Filling up the DagBag from /media/data/omar/programming course/DEPI/DEPI project/anomx/venv/lib/python3.12/site-packages/airflow/example_dags/example_branch_operator.py
[2026-06-24T13:00:16.167+0300] {processor.py:840} INFO - DAG(s) 'example_branch_operator' retrieved from /media/data/omar/programming course/DEPI/DEPI project/anomx/venv/lib/python3.12/site-packages/airflow/example_dags/example_branch_operator.py
[2026-06-24T13:00:16.200+0300] {logging_mixin.py:188} INFO - [2026-06-24T13:00:16.199+0300] {dag.py:3096} INFO - Sync 1 DAGs
[2026-06-24T13:00:16.217+0300] {logging_mixin.py:188} INFO - [2026-06-24T13:00:16.216+0300] {dag.py:3954} INFO - Setting next_dagrun for example_branch_operator to 2026-06-23 00:00:00+00:00, run_after=2026-06-24 00:00:00+00:00
[2026-06-24T13:00:16.250+0300] {processor.py:183} INFO - Processing /media/data/omar/programming course/DEPI/DEPI project/anomx/venv/lib/python3.12/site-packages/airflow/example_dags/example_branch_operator.py took 0.117 seconds
[2026-06-24T13:01:31.153+0300] {processor.py:161} INFO - Started process (PID=42420) to work on /media/data/omar/programming course/DEPI/DEPI project/anomx/venv/lib/python3.12/site-packages/airflow/example_dags/example_branch_operator.py
[2026-06-24T13:01:31.154+0300] {processor.py:830} INFO - Processing file /media/data/omar/programming course/DEPI/DEPI project/anomx/venv/lib/python3.12/site-packages/airflow/example_dags/example_branch_operator.py for tasks to queue
[2026-06-24T13:01:31.155+0300] {logging_mixin.py:188} INFO - [2026-06-24T13:01:31.155+0300] {dagbag.py:540} INFO - Filling up the DagBag from /media/data/omar/programming course/DEPI/DEPI project/anomx/venv/lib/python3.12/site-packages/airflow/example_dags/example_branch_operator.py
[2026-06-24T13:01:31.173+0300] {processor.py:840} INFO - DAG(s) 'example_branch_operator' retrieved from /media/data/omar/programming course/DEPI/DEPI project/anomx/venv/lib/python3.12/site-packages/airflow/example_dags/example_branch_operator.py
[2026-06-24T13:01:31.200+0300] {logging_mixin.py:188} INFO - [2026-06-24T13:01:31.200+0300] {dag.py:3096} INFO - Sync 1 DAGs
[2026-06-24T13:01:31.216+0300] {logging_mixin.py:188} INFO - [2026-06-24T13:01:31.216+0300] {dag.py:3954} INFO - Setting next_dagrun for example_branch_operator to 2026-06-23 00:00:00+00:00, run_after=2026-06-24 00:00:00+00:00
[2026-06-24T13:01:31.245+0300] {processor.py:183} INFO - Processing /media/data/omar/programming course/DEPI/DEPI project/anomx/venv/lib/python3.12/site-packages/airflow/example_dags/example_branch_operator.py took 0.102 seconds
[2026-06-24T13:02:47.542+0300] {processor.py:161} INFO - Started process (PID=42948) to work on /media/data/omar/programming course/DEPI/DEPI project/anomx/venv/lib/python3.12/site-packages/airflow/example_dags/example_branch_operator.py
[2026-06-24T13:02:47.543+0300] {processor.py:830} INFO - Processing file /media/data/omar/programming course/DEPI/DEPI project/anomx/venv/lib/python3.12/site-packages/airflow/example_dags/example_branch_operator.py for tasks to queue
[2026-06-24T13:02:47.544+0300] {logging_mixin.py:188} INFO - [2026-06-24T13:02:47.544+0300] {dagbag.py:540} INFO - Filling up the DagBag from /media/data/omar/programming course/DEPI/DEPI project/anomx/venv/lib/python3.12/site-packages/airflow/example_dags/example_branch_operator.py
[2026-06-24T13:02:47.562+0300] {processor.py:840} INFO - DAG(s) 'example_branch_operator' retrieved from /media/data/omar/programming course/DEPI/DEPI project/anomx/venv/lib/python3.12/site-packages/airflow/example_dags/example_branch_operator.py
[2026-06-24T13:02:47.594+0300] {logging_mixin.py:188} INFO - [2026-06-24T13:02:47.594+0300] {dag.py:3096} INFO - Sync 1 DAGs
[2026-06-24T13:02:47.611+0300] {logging_mixin.py:188} INFO - [2026-06-24T13:02:47.611+0300] {dag.py:3954} INFO - Setting next_dagrun for example_branch_operator to 2026-06-23 00:00:00+00:00, run_after=2026-06-24 00:00:00+00:00
[2026-06-24T13:02:47.638+0300] {processor.py:183} INFO - Processing /media/data/omar/programming course/DEPI/DEPI project/anomx/venv/lib/python3.12/site-packages/airflow/example_dags/example_branch_operator.py took 0.105 seconds
[2026-06-24T13:04:01.515+0300] {processor.py:161} INFO - Started process (PID=43728) to work on /media/data/omar/programming course/DEPI/DEPI project/anomx/venv/lib/python3.12/site-packages/airflow/example_dags/example_branch_operator.py
[2026-06-24T13:04:01.516+0300] {processor.py:830} INFO - Processing file /media/data/omar/programming course/DEPI/DEPI project/anomx/venv/lib/python3.12/site-packages/airflow/example_dags/example_branch_operator.py for tasks to queue
[2026-06-24T13:04:01.517+0300] {logging_mixin.py:188} INFO - [2026-06-24T13:04:01.516+0300] {dagbag.py:540} INFO - Filling up the DagBag from /media/data/omar/programming course/DEPI/DEPI project/anomx/venv/lib/python3.12/site-packages/airflow/example_dags/example_branch_operator.py
[2026-06-24T13:04:01.533+0300] {processor.py:840} INFO - DAG(s) 'example_branch_operator' retrieved from /media/data/omar/programming course/DEPI/DEPI project/anomx/venv/lib/python3.12/site-packages/airflow/example_dags/example_branch_operator.py
[2026-06-24T13:04:01.555+0300] {logging_mixin.py:188} INFO - [2026-06-24T13:04:01.554+0300] {dag.py:3096} INFO - Sync 1 DAGs
[2026-06-24T13:04:01.570+0300] {logging_mixin.py:188} INFO - [2026-06-24T13:04:01.569+0300] {dag.py:3954} INFO - Setting next_dagrun for example_branch_operator to 2026-06-23 00:00:00+00:00, run_after=2026-06-24 00:00:00+00:00
[2026-06-24T13:04:01.603+0300] {processor.py:183} INFO - Processing /media/data/omar/programming course/DEPI/DEPI project/anomx/venv/lib/python3.12/site-packages/airflow/example_dags/example_branch_operator.py took 0.094 seconds
[2026-06-24T13:05:17.591+0300] {processor.py:161} INFO - Started process (PID=44501) to work on /media/data/omar/programming course/DEPI/DEPI project/anomx/venv/lib/python3.12/site-packages/airflow/example_dags/example_branch_operator.py
[2026-06-24T13:05:17.592+0300] {processor.py:830} INFO - Processing file /media/data/omar/programming course/DEPI/DEPI project/anomx/venv/lib/python3.12/site-packages/airflow/example_dags/example_branch_operator.py for tasks to queue
[2026-06-24T13:05:17.593+0300] {logging_mixin.py:188} INFO - [2026-06-24T13:05:17.592+0300] {dagbag.py:540} INFO - Filling up the DagBag from /media/data/omar/programming course/DEPI/DEPI project/anomx/venv/lib/python3.12/site-packages/airflow/example_dags/example_branch_operator.py
[2026-06-24T13:05:17.610+0300] {processor.py:840} INFO - DAG(s) 'example_branch_operator' retrieved from /media/data/omar/programming course/DEPI/DEPI project/anomx/venv/lib/python3.12/site-packages/airflow/example_dags/example_branch_operator.py
[2026-06-24T13:05:17.632+0300] {logging_mixin.py:188} INFO - [2026-06-24T13:05:17.632+0300] {dag.py:3096} INFO - Sync 1 DAGs
[2026-06-24T13:05:17.651+0300] {logging_mixin.py:188} INFO - [2026-06-24T13:05:17.651+0300] {dag.py:3954} INFO - Setting next_dagrun for example_branch_operator to 2026-06-23 00:00:00+00:00, run_after=2026-06-24 00:00:00+00:00
[2026-06-24T13:05:17.681+0300] {processor.py:183} INFO - Processing /media/data/omar/programming course/DEPI/DEPI project/anomx/venv/lib/python3.12/site-packages/airflow/example_dags/example_branch_operator.py took 0.095 seconds
[2026-06-24T13:06:38.561+0300] {processor.py:161} INFO - Started process (PID=45186) to work on /media/data/omar/programming course/DEPI/DEPI project/anomx/venv/lib/python3.12/site-packages/airflow/example_dags/example_branch_operator.py
[2026-06-24T13:06:38.562+0300] {processor.py:830} INFO - Processing file /media/data/omar/programming course/DEPI/DEPI project/anomx/venv/lib/python3.12/site-packages/airflow/example_dags/example_branch_operator.py for tasks to queue
[2026-06-24T13:06:38.564+0300] {logging_mixin.py:188} INFO - [2026-06-24T13:06:38.563+0300] {dagbag.py:540} INFO - Filling up the DagBag from /media/data/omar/programming course/DEPI/DEPI project/anomx/venv/lib/python3.12/site-packages/airflow/example_dags/example_branch_operator.py
[2026-06-24T13:06:38.588+0300] {processor.py:840} INFO - DAG(s) 'example_branch_operator' retrieved from /media/data/omar/programming course/DEPI/DEPI project/anomx/venv/lib/python3.12/site-packages/airflow/example_dags/example_branch_operator.py
[2026-06-24T13:06:38.614+0300] {logging_mixin.py:188} INFO - [2026-06-24T13:06:38.614+0300] {dag.py:3096} INFO - Sync 1 DAGs
[2026-06-24T13:06:38.631+0300] {logging_mixin.py:188} INFO - [2026-06-24T13:06:38.631+0300] {dag.py:3954} INFO - Setting next_dagrun for example_branch_operator to 2026-06-23 00:00:00+00:00, run_after=2026-06-24 00:00:00+00:00
[2026-06-24T13:06:38.663+0300] {processor.py:183} INFO - Processing /media/data/omar/programming course/DEPI/DEPI project/anomx/venv/lib/python3.12/site-packages/airflow/example_dags/example_branch_operator.py took 0.109 seconds
[2026-06-24T13:08:13.721+0300] {processor.py:161} INFO - Started process (PID=46054) to work on /media/data/omar/programming course/DEPI/DEPI project/anomx/venv/lib/python3.12/site-packages/airflow/example_dags/example_branch_operator.py
[2026-06-24T13:08:13.722+0300] {processor.py:830} INFO - Processing file /media/data/omar/programming course/DEPI/DEPI project/anomx/venv/lib/python3.12/site-packages/airflow/example_dags/example_branch_operator.py for tasks to queue
[2026-06-24T13:08:13.723+0300] {logging_mixin.py:188} INFO - [2026-06-24T13:08:13.723+0300] {dagbag.py:540} INFO - Filling up the DagBag from /media/data/omar/programming course/DEPI/DEPI project/anomx/venv/lib/python3.12/site-packages/airflow/example_dags/example_branch_operator.py
[2026-06-24T13:08:13.743+0300] {processor.py:840} INFO - DAG(s) 'example_branch_operator' retrieved from /media/data/omar/programming course/DEPI/DEPI project/anomx/venv/lib/python3.12/site-packages/airflow/example_dags/example_branch_operator.py
[2026-06-24T13:08:13.767+0300] {logging_mixin.py:188} INFO - [2026-06-24T13:08:13.767+0300] {dag.py:3096} INFO - Sync 1 DAGs
[2026-06-24T13:08:13.783+0300] {logging_mixin.py:188} INFO - [2026-06-24T13:08:13.783+0300] {dag.py:3954} INFO - Setting next_dagrun for example_branch_operator to 2026-06-23 00:00:00+00:00, run_after=2026-06-24 00:00:00+00:00
[2026-06-24T13:08:13.817+0300] {processor.py:183} INFO - Processing /media/data/omar/programming course/DEPI/DEPI project/anomx/venv/lib/python3.12/site-packages/airflow/example_dags/example_branch_operator.py took 0.101 seconds
[2026-06-24T13:12:44.018+0300] {processor.py:161} INFO - Started process (PID=49184) to work on /media/data/omar/programming course/DEPI/DEPI project/anomx/venv/lib/python3.12/site-packages/airflow/example_dags/example_branch_operator.py
[2026-06-24T13:12:44.019+0300] {processor.py:830} INFO - Processing file /media/data/omar/programming course/DEPI/DEPI project/anomx/venv/lib/python3.12/site-packages/airflow/example_dags/example_branch_operator.py for tasks to queue
[2026-06-24T13:12:44.020+0300] {logging_mixin.py:188} INFO - [2026-06-24T13:12:44.020+0300] {dagbag.py:540} INFO - Filling up the DagBag from /media/data/omar/programming course/DEPI/DEPI project/anomx/venv/lib/python3.12/site-packages/airflow/example_dags/example_branch_operator.py
[2026-06-24T13:12:44.036+0300] {processor.py:840} INFO - DAG(s) 'example_branch_operator' retrieved from /media/data/omar/programming course/DEPI/DEPI project/anomx/venv/lib/python3.12/site-packages/airflow/example_dags/example_branch_operator.py
[2026-06-24T13:12:44.056+0300] {logging_mixin.py:188} INFO - [2026-06-24T13:12:44.055+0300] {dag.py:3096} INFO - Sync 1 DAGs
[2026-06-24T13:12:44.068+0300] {logging_mixin.py:188} INFO - [2026-06-24T13:12:44.068+0300] {dag.py:3954} INFO - Setting next_dagrun for example_branch_operator to 2026-06-23 00:00:00+00:00, run_after=2026-06-24 00:00:00+00:00
[2026-06-24T13:12:44.101+0300] {processor.py:183} INFO - Processing /media/data/omar/programming course/DEPI/DEPI project/anomx/venv/lib/python3.12/site-packages/airflow/example_dags/example_branch_operator.py took 0.089 seconds
[2026-06-24T13:13:37.375+0300] {processor.py:161} INFO - Started process (PID=49606) to work on /media/data/omar/programming course/DEPI/DEPI project/anomx/venv/lib/python3.12/site-packages/airflow/example_dags/example_branch_operator.py
[2026-06-24T13:13:37.376+0300] {processor.py:830} INFO - Processing file /media/data/omar/programming course/DEPI/DEPI project/anomx/venv/lib/python3.12/site-packages/airflow/example_dags/example_branch_operator.py for tasks to queue
[2026-06-24T13:13:37.377+0300] {logging_mixin.py:188} INFO - [2026-06-24T13:13:37.376+0300] {dagbag.py:540} INFO - Filling up the DagBag from /media/data/omar/programming course/DEPI/DEPI project/anomx/venv/lib/python3.12/site-packages/airflow/example_dags/example_branch_operator.py
[2026-06-24T13:13:37.392+0300] {processor.py:840} INFO - DAG(s) 'example_branch_operator' retrieved from /media/data/omar/programming course/DEPI/DEPI project/anomx/venv/lib/python3.12/site-packages/airflow/example_dags/example_branch_operator.py
[2026-06-24T13:13:37.413+0300] {logging_mixin.py:188} INFO - [2026-06-24T13:13:37.413+0300] {dag.py:3096} INFO - Sync 1 DAGs
[2026-06-24T13:13:37.430+0300] {logging_mixin.py:188} INFO - [2026-06-24T13:13:37.429+0300] {dag.py:3954} INFO - Setting next_dagrun for example_branch_operator to 2026-06-23 00:00:00+00:00, run_after=2026-06-24 00:00:00+00:00
[2026-06-24T13:13:37.457+0300] {processor.py:183} INFO - Processing /media/data/omar/programming course/DEPI/DEPI project/anomx/venv/lib/python3.12/site-packages/airflow/example_dags/example_branch_operator.py took 0.087 seconds
[2026-06-24T13:14:55.792+0300] {processor.py:161} INFO - Started process (PID=50409) to work on /media/data/omar/programming course/DEPI/DEPI project/anomx/venv/lib/python3.12/site-packages/airflow/example_dags/example_branch_operator.py
[2026-06-24T13:14:55.793+0300] {processor.py:830} INFO - Processing file /media/data/omar/programming course/DEPI/DEPI project/anomx/venv/lib/python3.12/site-packages/airflow/example_dags/example_branch_operator.py for tasks to queue
[2026-06-24T13:14:55.794+0300] {logging_mixin.py:188} INFO - [2026-06-24T13:14:55.794+0300] {dagbag.py:540} INFO - Filling up the DagBag from /media/data/omar/programming course/DEPI/DEPI project/anomx/venv/lib/python3.12/site-packages/airflow/example_dags/example_branch_operator.py
[2026-06-24T13:14:55.819+0300] {processor.py:840} INFO - DAG(s) 'example_branch_operator' retrieved from /media/data/omar/programming course/DEPI/DEPI project/anomx/venv/lib/python3.12/site-packages/airflow/example_dags/example_branch_operator.py
[2026-06-24T13:14:55.852+0300] {logging_mixin.py:188} INFO - [2026-06-24T13:14:55.851+0300] {dag.py:3096} INFO - Sync 1 DAGs
[2026-06-24T13:14:55.868+0300] {logging_mixin.py:188} INFO - [2026-06-24T13:14:55.868+0300] {dag.py:3954} INFO - Setting next_dagrun for example_branch_operator to 2026-06-23 00:00:00+00:00, run_after=2026-06-24 00:00:00+00:00
[2026-06-24T13:14:55.903+0300] {processor.py:183} INFO - Processing /media/data/omar/programming course/DEPI/DEPI project/anomx/venv/lib/python3.12/site-packages/airflow/example_dags/example_branch_operator.py took 0.119 seconds
[2026-06-24T13:16:09.387+0300] {processor.py:161} INFO - Started process (PID=51104) to work on /media/data/omar/programming course/DEPI/DEPI project/anomx/venv/lib/python3.12/site-packages/airflow/example_dags/example_branch_operator.py
[2026-06-24T13:16:09.388+0300] {processor.py:830} INFO - Processing file /media/data/omar/programming course/DEPI/DEPI project/anomx/venv/lib/python3.12/site-packages/airflow/example_dags/example_branch_operator.py for tasks to queue
[2026-06-24T13:16:09.389+0300] {logging_mixin.py:188} INFO - [2026-06-24T13:16:09.389+0300] {dagbag.py:540} INFO - Filling up the DagBag from /media/data/omar/programming course/DEPI/DEPI project/anomx/venv/lib/python3.12/site-packages/airflow/example_dags/example_branch_operator.py
[2026-06-24T13:16:09.407+0300] {processor.py:840} INFO - DAG(s) 'example_branch_operator' retrieved from /media/data/omar/programming course/DEPI/DEPI project/anomx/venv/lib/python3.12/site-packages/airflow/example_dags/example_branch_operator.py
[2026-06-24T13:16:09.434+0300] {logging_mixin.py:188} INFO - [2026-06-24T13:16:09.433+0300] {dag.py:3096} INFO - Sync 1 DAGs
[2026-06-24T13:16:09.452+0300] {logging_mixin.py:188} INFO - [2026-06-24T13:16:09.451+0300] {dag.py:3954} INFO - Setting next_dagrun for example_branch_operator to 2026-06-23 00:00:00+00:00, run_after=2026-06-24 00:00:00+00:00
[2026-06-24T13:16:09.486+0300] {processor.py:183} INFO - Processing /media/data/omar/programming course/DEPI/DEPI project/anomx/venv/lib/python3.12/site-packages/airflow/example_dags/example_branch_operator.py took 0.104 seconds
[2026-06-24T13:17:26.305+0300] {processor.py:161} INFO - Started process (PID=51667) to work on /media/data/omar/programming course/DEPI/DEPI project/anomx/venv/lib/python3.12/site-packages/airflow/example_dags/example_branch_operator.py
[2026-06-24T13:17:26.306+0300] {processor.py:830} INFO - Processing file /media/data/omar/programming course/DEPI/DEPI project/anomx/venv/lib/python3.12/site-packages/airflow/example_dags/example_branch_operator.py for tasks to queue
[2026-06-24T13:17:26.307+0300] {logging_mixin.py:188} INFO - [2026-06-24T13:17:26.307+0300] {dagbag.py:540} INFO - Filling up the DagBag from /media/data/omar/programming course/DEPI/DEPI project/anomx/venv/lib/python3.12/site-packages/airflow/example_dags/example_branch_operator.py
[2026-06-24T13:17:26.326+0300] {processor.py:840} INFO - DAG(s) 'example_branch_operator' retrieved from /media/data/omar/programming course/DEPI/DEPI project/anomx/venv/lib/python3.12/site-packages/airflow/example_dags/example_branch_operator.py
[2026-06-24T13:17:26.351+0300] {logging_mixin.py:188} INFO - [2026-06-24T13:17:26.350+0300] {dag.py:3096} INFO - Sync 1 DAGs
[2026-06-24T13:17:26.367+0300] {logging_mixin.py:188} INFO - [2026-06-24T13:17:26.366+0300] {dag.py:3954} INFO - Setting next_dagrun for example_branch_operator to 2026-06-23 00:00:00+00:00, run_after=2026-06-24 00:00:00+00:00
[2026-06-24T13:17:26.399+0300] {processor.py:183} INFO - Processing /media/data/omar/programming course/DEPI/DEPI project/anomx/venv/lib/python3.12/site-packages/airflow/example_dags/example_branch_operator.py took 0.101 seconds
