[2026-06-24T11:53:06.938+0300] {processor.py:161} INFO - Started process (PID=11029) to work on /media/data/omar/programming course/DEPI/DEPI project/anomx/venv/lib/python3.12/site-packages/airflow/example_dags/example_latest_only.py
[2026-06-24T11:53:06.942+0300] {processor.py:830} INFO - Processing file /media/data/omar/programming course/DEPI/DEPI project/anomx/venv/lib/python3.12/site-packages/airflow/example_dags/example_latest_only.py for tasks to queue
[2026-06-24T11:53:06.946+0300] {logging_mixin.py:188} INFO - [2026-06-24T11:53:06.945+0300] {dagbag.py:540} INFO - Filling up the DagBag from /media/data/omar/programming course/DEPI/DEPI project/anomx/venv/lib/python3.12/site-packages/airflow/example_dags/example_latest_only.py
[2026-06-24T11:53:06.961+0300] {processor.py:840} INFO - DAG(s) 'latest_only' retrieved from /media/data/omar/programming course/DEPI/DEPI project/anomx/venv/lib/python3.12/site-packages/airflow/example_dags/example_latest_only.py
[2026-06-24T11:53:07.007+0300] {logging_mixin.py:188} INFO - [2026-06-24T11:53:07.007+0300] {dag.py:3096} INFO - Sync 1 DAGs
[2026-06-24T11:53:07.035+0300] {logging_mixin.py:188} INFO - [2026-06-24T11:53:07.034+0300] {dag.py:3118} INFO - Creating ORM DAG for latest_only
[2026-06-24T11:53:07.054+0300] {logging_mixin.py:188} INFO - [2026-06-24T11:53:07.054+0300] {dag.py:3954} INFO - Setting next_dagrun for latest_only to 2026-06-24 04:00:00+00:00, run_after=2026-06-24 08:00:00+00:00
[2026-06-24T11:53:07.099+0300] {processor.py:183} INFO - Processing /media/data/omar/programming course/DEPI/DEPI project/anomx/venv/lib/python3.12/site-packages/airflow/example_dags/example_latest_only.py took 0.175 seconds
[2026-06-24T11:54:39.556+0300] {processor.py:161} INFO - Started process (PID=12244) to work on /media/data/omar/programming course/DEPI/DEPI project/anomx/venv/lib/python3.12/site-packages/airflow/example_dags/example_latest_only.py
[2026-06-24T11:54:39.561+0300] {processor.py:830} INFO - Processing file /media/data/omar/programming course/DEPI/DEPI project/anomx/venv/lib/python3.12/site-packages/airflow/example_dags/example_latest_only.py for tasks to queue
[2026-06-24T11:54:39.566+0300] {logging_mixin.py:188} INFO - [2026-06-24T11:54:39.563+0300] {dagbag.py:540} INFO - Filling up the DagBag from /media/data/omar/programming course/DEPI/DEPI project/anomx/venv/lib/python3.12/site-packages/airflow/example_dags/example_latest_only.py
[2026-06-24T11:54:39.578+0300] {processor.py:840} INFO - DAG(s) 'latest_only' retrieved from /media/data/omar/programming course/DEPI/DEPI project/anomx/venv/lib/python3.12/site-packages/airflow/example_dags/example_latest_only.py
[2026-06-24T11:54:39.670+0300] {logging_mixin.py:188} INFO - [2026-06-24T11:54:39.667+0300] {dag.py:3096} INFO - Sync 1 DAGs
[2026-06-24T11:54:39.777+0300] {logging_mixin.py:188} INFO - [2026-06-24T11:54:39.776+0300] {dag.py:3954} INFO - Setting next_dagrun for latest_only to 2026-06-24 04:00:00+00:00, run_after=2026-06-24 08:00:00+00:00
[2026-06-24T11:54:39.964+0300] {processor.py:183} INFO - Processing /media/data/omar/programming course/DEPI/DEPI project/anomx/venv/lib/python3.12/site-packages/airflow/example_dags/example_latest_only.py took 0.430 seconds
[2026-06-24T11:55:59.146+0300] {processor.py:161} INFO - Started process (PID=12969) to work on /media/data/omar/programming course/DEPI/DEPI project/anomx/venv/lib/python3.12/site-packages/airflow/example_dags/example_latest_only.py
[2026-06-24T11:55:59.159+0300] {processor.py:830} INFO - Processing file /media/data/omar/programming course/DEPI/DEPI project/anomx/venv/lib/python3.12/site-packages/airflow/example_dags/example_latest_only.py for tasks to queue
[2026-06-24T11:55:59.173+0300] {logging_mixin.py:188} INFO - [2026-06-24T11:55:59.170+0300] {dagbag.py:540} INFO - Filling up the DagBag from /media/data/omar/programming course/DEPI/DEPI project/anomx/venv/lib/python3.12/site-packages/airflow/example_dags/example_latest_only.py
[2026-06-24T11:55:59.202+0300] {processor.py:840} INFO - DAG(s) 'latest_only' retrieved from /media/data/omar/programming course/DEPI/DEPI project/anomx/venv/lib/python3.12/site-packages/airflow/example_dags/example_latest_only.py
[2026-06-24T11:55:59.271+0300] {logging_mixin.py:188} INFO - [2026-06-24T11:55:59.270+0300] {dag.py:3096} INFO - Sync 1 DAGs
[2026-06-24T11:55:59.334+0300] {logging_mixin.py:188} INFO - [2026-06-24T11:55:59.332+0300] {dag.py:3954} INFO - Setting next_dagrun for latest_only to 2026-06-24 04:00:00+00:00, run_after=2026-06-24 08:00:00+00:00
[2026-06-24T11:55:59.435+0300] {processor.py:183} INFO - Processing /media/data/omar/programming course/DEPI/DEPI project/anomx/venv/lib/python3.12/site-packages/airflow/example_dags/example_latest_only.py took 0.317 seconds
[2026-06-24T11:56:53.401+0300] {processor.py:161} INFO - Started process (PID=13312) to work on /media/data/omar/programming course/DEPI/DEPI project/anomx/venv/lib/python3.12/site-packages/airflow/example_dags/example_latest_only.py
[2026-06-24T11:56:53.401+0300] {processor.py:830} INFO - Processing file /media/data/omar/programming course/DEPI/DEPI project/anomx/venv/lib/python3.12/site-packages/airflow/example_dags/example_latest_only.py for tasks to queue
[2026-06-24T11:56:53.403+0300] {logging_mixin.py:188} INFO - [2026-06-24T11:56:53.402+0300] {dagbag.py:540} INFO - Filling up the DagBag from /media/data/omar/programming course/DEPI/DEPI project/anomx/venv/lib/python3.12/site-packages/airflow/example_dags/example_latest_only.py
[2026-06-24T11:56:53.407+0300] {processor.py:840} INFO - DAG(s) 'latest_only' retrieved from /media/data/omar/programming course/DEPI/DEPI project/anomx/venv/lib/python3.12/site-packages/airflow/example_dags/example_latest_only.py
[2026-06-24T11:56:53.421+0300] {logging_mixin.py:188} INFO - [2026-06-24T11:56:53.420+0300] {dag.py:3096} INFO - Sync 1 DAGs
[2026-06-24T11:56:53.438+0300] {logging_mixin.py:188} INFO - [2026-06-24T11:56:53.438+0300] {dag.py:3954} INFO - Setting next_dagrun for latest_only to 2026-06-24 04:00:00+00:00, run_after=2026-06-24 08:00:00+00:00
[2026-06-24T11:56:53.465+0300] {processor.py:183} INFO - Processing /media/data/omar/programming course/DEPI/DEPI project/anomx/venv/lib/python3.12/site-packages/airflow/example_dags/example_latest_only.py took 0.069 seconds
[2026-06-24T11:57:45.771+0300] {processor.py:161} INFO - Started process (PID=13860) to work on /media/data/omar/programming course/DEPI/DEPI project/anomx/venv/lib/python3.12/site-packages/airflow/example_dags/example_latest_only.py
[2026-06-24T11:57:45.772+0300] {processor.py:830} INFO - Processing file /media/data/omar/programming course/DEPI/DEPI project/anomx/venv/lib/python3.12/site-packages/airflow/example_dags/example_latest_only.py for tasks to queue
[2026-06-24T11:57:45.774+0300] {logging_mixin.py:188} INFO - [2026-06-24T11:57:45.773+0300] {dagbag.py:540} INFO - Filling up the DagBag from /media/data/omar/programming course/DEPI/DEPI project/anomx/venv/lib/python3.12/site-packages/airflow/example_dags/example_latest_only.py
[2026-06-24T11:57:45.780+0300] {processor.py:840} INFO - DAG(s) 'latest_only' retrieved from /media/data/omar/programming course/DEPI/DEPI project/anomx/venv/lib/python3.12/site-packages/airflow/example_dags/example_latest_only.py
[2026-06-24T11:57:45.801+0300] {logging_mixin.py:188} INFO - [2026-06-24T11:57:45.800+0300] {dag.py:3096} INFO - Sync 1 DAGs
[2026-06-24T11:57:45.823+0300] {logging_mixin.py:188} INFO - [2026-06-24T11:57:45.822+0300] {dag.py:3954} INFO - Setting next_dagrun for latest_only to 2026-06-24 04:00:00+00:00, run_after=2026-06-24 08:00:00+00:00
[2026-06-24T11:57:45.860+0300] {processor.py:183} INFO - Processing /media/data/omar/programming course/DEPI/DEPI project/anomx/venv/lib/python3.12/site-packages/airflow/example_dags/example_latest_only.py took 0.097 seconds
[2026-06-24T12:36:47.392+0300] {processor.py:161} INFO - Started process (PID=28648) to work on /media/data/omar/programming course/DEPI/DEPI project/anomx/venv/lib/python3.12/site-packages/airflow/example_dags/example_latest_only.py
[2026-06-24T12:36:47.394+0300] {processor.py:830} INFO - Processing file /media/data/omar/programming course/DEPI/DEPI project/anomx/venv/lib/python3.12/site-packages/airflow/example_dags/example_latest_only.py for tasks to queue
[2026-06-24T12:36:47.395+0300] {logging_mixin.py:188} INFO - [2026-06-24T12:36:47.395+0300] {dagbag.py:540} INFO - Filling up the DagBag from /media/data/omar/programming course/DEPI/DEPI project/anomx/venv/lib/python3.12/site-packages/airflow/example_dags/example_latest_only.py
[2026-06-24T12:36:47.401+0300] {processor.py:840} INFO - DAG(s) 'latest_only' retrieved from /media/data/omar/programming course/DEPI/DEPI project/anomx/venv/lib/python3.12/site-packages/airflow/example_dags/example_latest_only.py
[2026-06-24T12:36:47.421+0300] {logging_mixin.py:188} INFO - [2026-06-24T12:36:47.420+0300] {dag.py:3096} INFO - Sync 1 DAGs
[2026-06-24T12:36:47.435+0300] {logging_mixin.py:188} INFO - [2026-06-24T12:36:47.435+0300] {dag.py:3954} INFO - Setting next_dagrun for latest_only to 2026-06-24 04:00:00+00:00, run_after=2026-06-24 08:00:00+00:00
[2026-06-24T12:36:47.464+0300] {processor.py:183} INFO - Processing /media/data/omar/programming course/DEPI/DEPI project/anomx/venv/lib/python3.12/site-packages/airflow/example_dags/example_latest_only.py took 0.079 seconds
[2026-06-24T12:37:41.078+0300] {processor.py:161} INFO - Started process (PID=29293) to work on /media/data/omar/programming course/DEPI/DEPI project/anomx/venv/lib/python3.12/site-packages/airflow/example_dags/example_latest_only.py
[2026-06-24T12:37:41.079+0300] {processor.py:830} INFO - Processing file /media/data/omar/programming course/DEPI/DEPI project/anomx/venv/lib/python3.12/site-packages/airflow/example_dags/example_latest_only.py for tasks to queue
[2026-06-24T12:37:41.080+0300] {logging_mixin.py:188} INFO - [2026-06-24T12:37:41.080+0300] {dagbag.py:540} INFO - Filling up the DagBag from /media/data/omar/programming course/DEPI/DEPI project/anomx/venv/lib/python3.12/site-packages/airflow/example_dags/example_latest_only.py
[2026-06-24T12:37:41.085+0300] {processor.py:840} INFO - DAG(s) 'latest_only' retrieved from /media/data/omar/programming course/DEPI/DEPI project/anomx/venv/lib/python3.12/site-packages/airflow/example_dags/example_latest_only.py
[2026-06-24T12:37:41.099+0300] {logging_mixin.py:188} INFO - [2026-06-24T12:37:41.099+0300] {dag.py:3096} INFO - Sync 1 DAGs
[2026-06-24T12:37:41.113+0300] {logging_mixin.py:188} INFO - [2026-06-24T12:37:41.113+0300] {dag.py:3954} INFO - Setting next_dagrun for latest_only to 2026-06-24 04:00:00+00:00, run_after=2026-06-24 08:00:00+00:00
[2026-06-24T12:37:41.140+0300] {processor.py:183} INFO - Processing /media/data/omar/programming course/DEPI/DEPI project/anomx/venv/lib/python3.12/site-packages/airflow/example_dags/example_latest_only.py took 0.067 seconds
[2026-06-24T12:38:32.730+0300] {processor.py:161} INFO - Started process (PID=29941) to work on /media/data/omar/programming course/DEPI/DEPI project/anomx/venv/lib/python3.12/site-packages/airflow/example_dags/example_latest_only.py
[2026-06-24T12:38:32.730+0300] {processor.py:830} INFO - Processing file /media/data/omar/programming course/DEPI/DEPI project/anomx/venv/lib/python3.12/site-packages/airflow/example_dags/example_latest_only.py for tasks to queue
[2026-06-24T12:38:32.731+0300] {logging_mixin.py:188} INFO - [2026-06-24T12:38:32.731+0300] {dagbag.py:540} INFO - Filling up the DagBag from /media/data/omar/programming course/DEPI/DEPI project/anomx/venv/lib/python3.12/site-packages/airflow/example_dags/example_latest_only.py
[2026-06-24T12:38:32.737+0300] {processor.py:840} INFO - DAG(s) 'latest_only' retrieved from /media/data/omar/programming course/DEPI/DEPI project/anomx/venv/lib/python3.12/site-packages/airflow/example_dags/example_latest_only.py
[2026-06-24T12:38:32.751+0300] {logging_mixin.py:188} INFO - [2026-06-24T12:38:32.750+0300] {dag.py:3096} INFO - Sync 1 DAGs
[2026-06-24T12:38:32.766+0300] {logging_mixin.py:188} INFO - [2026-06-24T12:38:32.765+0300] {dag.py:3954} INFO - Setting next_dagrun for latest_only to 2026-06-24 04:00:00+00:00, run_after=2026-06-24 08:00:00+00:00
[2026-06-24T12:38:32.792+0300] {processor.py:183} INFO - Processing /media/data/omar/programming course/DEPI/DEPI project/anomx/venv/lib/python3.12/site-packages/airflow/example_dags/example_latest_only.py took 0.067 seconds
[2026-06-24T12:39:42.415+0300] {processor.py:161} INFO - Started process (PID=30486) to work on /media/data/omar/programming course/DEPI/DEPI project/anomx/venv/lib/python3.12/site-packages/airflow/example_dags/example_latest_only.py
[2026-06-24T12:39:42.415+0300] {processor.py:830} INFO - Processing file /media/data/omar/programming course/DEPI/DEPI project/anomx/venv/lib/python3.12/site-packages/airflow/example_dags/example_latest_only.py for tasks to queue
[2026-06-24T12:39:42.416+0300] {logging_mixin.py:188} INFO - [2026-06-24T12:39:42.416+0300] {dagbag.py:540} INFO - Filling up the DagBag from /media/data/omar/programming course/DEPI/DEPI project/anomx/venv/lib/python3.12/site-packages/airflow/example_dags/example_latest_only.py
[2026-06-24T12:39:42.424+0300] {processor.py:840} INFO - DAG(s) 'latest_only' retrieved from /media/data/omar/programming course/DEPI/DEPI project/anomx/venv/lib/python3.12/site-packages/airflow/example_dags/example_latest_only.py
[2026-06-24T12:39:42.440+0300] {logging_mixin.py:188} INFO - [2026-06-24T12:39:42.439+0300] {dag.py:3096} INFO - Sync 1 DAGs
[2026-06-24T12:39:42.455+0300] {logging_mixin.py:188} INFO - [2026-06-24T12:39:42.455+0300] {dag.py:3954} INFO - Setting next_dagrun for latest_only to 2026-06-24 04:00:00+00:00, run_after=2026-06-24 08:00:00+00:00
[2026-06-24T12:39:42.488+0300] {processor.py:183} INFO - Processing /media/data/omar/programming course/DEPI/DEPI project/anomx/venv/lib/python3.12/site-packages/airflow/example_dags/example_latest_only.py took 0.079 seconds
[2026-06-24T12:40:49.757+0300] {processor.py:161} INFO - Started process (PID=31201) to work on /media/data/omar/programming course/DEPI/DEPI project/anomx/venv/lib/python3.12/site-packages/airflow/example_dags/example_latest_only.py
[2026-06-24T12:40:49.758+0300] {processor.py:830} INFO - Processing file /media/data/omar/programming course/DEPI/DEPI project/anomx/venv/lib/python3.12/site-packages/airflow/example_dags/example_latest_only.py for tasks to queue
[2026-06-24T12:40:49.759+0300] {logging_mixin.py:188} INFO - [2026-06-24T12:40:49.758+0300] {dagbag.py:540} INFO - Filling up the DagBag from /media/data/omar/programming course/DEPI/DEPI project/anomx/venv/lib/python3.12/site-packages/airflow/example_dags/example_latest_only.py
[2026-06-24T12:40:49.764+0300] {processor.py:840} INFO - DAG(s) 'latest_only' retrieved from /media/data/omar/programming course/DEPI/DEPI project/anomx/venv/lib/python3.12/site-packages/airflow/example_dags/example_latest_only.py
[2026-06-24T12:40:49.778+0300] {logging_mixin.py:188} INFO - [2026-06-24T12:40:49.778+0300] {dag.py:3096} INFO - Sync 1 DAGs
[2026-06-24T12:40:49.794+0300] {logging_mixin.py:188} INFO - [2026-06-24T12:40:49.794+0300] {dag.py:3954} INFO - Setting next_dagrun for latest_only to 2026-06-24 04:00:00+00:00, run_after=2026-06-24 08:00:00+00:00
[2026-06-24T12:40:49.822+0300] {processor.py:183} INFO - Processing /media/data/omar/programming course/DEPI/DEPI project/anomx/venv/lib/python3.12/site-packages/airflow/example_dags/example_latest_only.py took 0.070 seconds
[2026-06-24T12:42:03.798+0300] {processor.py:161} INFO - Started process (PID=31959) to work on /media/data/omar/programming course/DEPI/DEPI project/anomx/venv/lib/python3.12/site-packages/airflow/example_dags/example_latest_only.py
[2026-06-24T12:42:03.799+0300] {processor.py:830} INFO - Processing file /media/data/omar/programming course/DEPI/DEPI project/anomx/venv/lib/python3.12/site-packages/airflow/example_dags/example_latest_only.py for tasks to queue
[2026-06-24T12:42:03.800+0300] {logging_mixin.py:188} INFO - [2026-06-24T12:42:03.800+0300] {dagbag.py:540} INFO - Filling up the DagBag from /media/data/omar/programming course/DEPI/DEPI project/anomx/venv/lib/python3.12/site-packages/airflow/example_dags/example_latest_only.py
[2026-06-24T12:42:03.806+0300] {processor.py:840} INFO - DAG(s) 'latest_only' retrieved from /media/data/omar/programming course/DEPI/DEPI project/anomx/venv/lib/python3.12/site-packages/airflow/example_dags/example_latest_only.py
[2026-06-24T12:42:03.824+0300] {logging_mixin.py:188} INFO - [2026-06-24T12:42:03.824+0300] {dag.py:3096} INFO - Sync 1 DAGs
[2026-06-24T12:42:03.841+0300] {logging_mixin.py:188} INFO - [2026-06-24T12:42:03.841+0300] {dag.py:3954} INFO - Setting next_dagrun for latest_only to 2026-06-24 04:00:00+00:00, run_after=2026-06-24 08:00:00+00:00
[2026-06-24T12:42:03.873+0300] {processor.py:183} INFO - Processing /media/data/omar/programming course/DEPI/DEPI project/anomx/venv/lib/python3.12/site-packages/airflow/example_dags/example_latest_only.py took 0.080 seconds
[2026-06-24T12:42:58.645+0300] {processor.py:161} INFO - Started process (PID=32331) to work on /media/data/omar/programming course/DEPI/DEPI project/anomx/venv/lib/python3.12/site-packages/airflow/example_dags/example_latest_only.py
[2026-06-24T12:42:58.646+0300] {processor.py:830} INFO - Processing file /media/data/omar/programming course/DEPI/DEPI project/anomx/venv/lib/python3.12/site-packages/airflow/example_dags/example_latest_only.py for tasks to queue
[2026-06-24T12:42:58.647+0300] {logging_mixin.py:188} INFO - [2026-06-24T12:42:58.647+0300] {dagbag.py:540} INFO - Filling up the DagBag from /media/data/omar/programming course/DEPI/DEPI project/anomx/venv/lib/python3.12/site-packages/airflow/example_dags/example_latest_only.py
[2026-06-24T12:42:58.653+0300] {processor.py:840} INFO - DAG(s) 'latest_only' retrieved from /media/data/omar/programming course/DEPI/DEPI project/anomx/venv/lib/python3.12/site-packages/airflow/example_dags/example_latest_only.py
[2026-06-24T12:42:58.671+0300] {logging_mixin.py:188} INFO - [2026-06-24T12:42:58.671+0300] {dag.py:3096} INFO - Sync 1 DAGs
[2026-06-24T12:42:58.687+0300] {logging_mixin.py:188} INFO - [2026-06-24T12:42:58.687+0300] {dag.py:3954} INFO - Setting next_dagrun for latest_only to 2026-06-24 04:00:00+00:00, run_after=2026-06-24 08:00:00+00:00
[2026-06-24T12:42:58.719+0300] {processor.py:183} INFO - Processing /media/data/omar/programming course/DEPI/DEPI project/anomx/venv/lib/python3.12/site-packages/airflow/example_dags/example_latest_only.py took 0.082 seconds
[2026-06-24T12:44:06.255+0300] {processor.py:161} INFO - Started process (PID=33043) to work on /media/data/omar/programming course/DEPI/DEPI project/anomx/venv/lib/python3.12/site-packages/airflow/example_dags/example_latest_only.py
[2026-06-24T12:44:06.256+0300] {processor.py:830} INFO - Processing file /media/data/omar/programming course/DEPI/DEPI project/anomx/venv/lib/python3.12/site-packages/airflow/example_dags/example_latest_only.py for tasks to queue
[2026-06-24T12:44:06.257+0300] {logging_mixin.py:188} INFO - [2026-06-24T12:44:06.257+0300] {dagbag.py:540} INFO - Filling up the DagBag from /media/data/omar/programming course/DEPI/DEPI project/anomx/venv/lib/python3.12/site-packages/airflow/example_dags/example_latest_only.py
[2026-06-24T12:44:06.262+0300] {processor.py:840} INFO - DAG(s) 'latest_only' retrieved from /media/data/omar/programming course/DEPI/DEPI project/anomx/venv/lib/python3.12/site-packages/airflow/example_dags/example_latest_only.py
[2026-06-24T12:44:06.276+0300] {logging_mixin.py:188} INFO - [2026-06-24T12:44:06.276+0300] {dag.py:3096} INFO - Sync 1 DAGs
[2026-06-24T12:44:06.291+0300] {logging_mixin.py:188} INFO - [2026-06-24T12:44:06.291+0300] {dag.py:3954} INFO - Setting next_dagrun for latest_only to 2026-06-24 04:00:00+00:00, run_after=2026-06-24 08:00:00+00:00
[2026-06-24T12:44:06.320+0300] {processor.py:183} INFO - Processing /media/data/omar/programming course/DEPI/DEPI project/anomx/venv/lib/python3.12/site-packages/airflow/example_dags/example_latest_only.py took 0.069 seconds
[2026-06-24T12:44:56.929+0300] {processor.py:161} INFO - Started process (PID=33357) to work on /media/data/omar/programming course/DEPI/DEPI project/anomx/venv/lib/python3.12/site-packages/airflow/example_dags/example_latest_only.py
[2026-06-24T12:44:56.930+0300] {processor.py:830} INFO - Processing file /media/data/omar/programming course/DEPI/DEPI project/anomx/venv/lib/python3.12/site-packages/airflow/example_dags/example_latest_only.py for tasks to queue
[2026-06-24T12:44:56.931+0300] {logging_mixin.py:188} INFO - [2026-06-24T12:44:56.930+0300] {dagbag.py:540} INFO - Filling up the DagBag from /media/data/omar/programming course/DEPI/DEPI project/anomx/venv/lib/python3.12/site-packages/airflow/example_dags/example_latest_only.py
[2026-06-24T12:44:56.936+0300] {processor.py:840} INFO - DAG(s) 'latest_only' retrieved from /media/data/omar/programming course/DEPI/DEPI project/anomx/venv/lib/python3.12/site-packages/airflow/example_dags/example_latest_only.py
[2026-06-24T12:44:56.950+0300] {logging_mixin.py:188} INFO - [2026-06-24T12:44:56.949+0300] {dag.py:3096} INFO - Sync 1 DAGs
[2026-06-24T12:44:56.963+0300] {logging_mixin.py:188} INFO - [2026-06-24T12:44:56.963+0300] {dag.py:3954} INFO - Setting next_dagrun for latest_only to 2026-06-24 04:00:00+00:00, run_after=2026-06-24 08:00:00+00:00
[2026-06-24T12:44:56.989+0300] {processor.py:183} INFO - Processing /media/data/omar/programming course/DEPI/DEPI project/anomx/venv/lib/python3.12/site-packages/airflow/example_dags/example_latest_only.py took 0.065 seconds
[2026-06-24T12:45:47.680+0300] {processor.py:161} INFO - Started process (PID=33993) to work on /media/data/omar/programming course/DEPI/DEPI project/anomx/venv/lib/python3.12/site-packages/airflow/example_dags/example_latest_only.py
[2026-06-24T12:45:47.681+0300] {processor.py:830} INFO - Processing file /media/data/omar/programming course/DEPI/DEPI project/anomx/venv/lib/python3.12/site-packages/airflow/example_dags/example_latest_only.py for tasks to queue
[2026-06-24T12:45:47.682+0300] {logging_mixin.py:188} INFO - [2026-06-24T12:45:47.681+0300] {dagbag.py:540} INFO - Filling up the DagBag from /media/data/omar/programming course/DEPI/DEPI project/anomx/venv/lib/python3.12/site-packages/airflow/example_dags/example_latest_only.py
[2026-06-24T12:45:47.687+0300] {processor.py:840} INFO - DAG(s) 'latest_only' retrieved from /media/data/omar/programming course/DEPI/DEPI project/anomx/venv/lib/python3.12/site-packages/airflow/example_dags/example_latest_only.py
[2026-06-24T12:45:47.701+0300] {logging_mixin.py:188} INFO - [2026-06-24T12:45:47.701+0300] {dag.py:3096} INFO - Sync 1 DAGs
[2026-06-24T12:45:47.715+0300] {logging_mixin.py:188} INFO - [2026-06-24T12:45:47.715+0300] {dag.py:3954} INFO - Setting next_dagrun for latest_only to 2026-06-24 04:00:00+00:00, run_after=2026-06-24 08:00:00+00:00
[2026-06-24T12:45:47.741+0300] {processor.py:183} INFO - Processing /media/data/omar/programming course/DEPI/DEPI project/anomx/venv/lib/python3.12/site-packages/airflow/example_dags/example_latest_only.py took 0.066 seconds
[2026-06-24T12:46:37.281+0300] {processor.py:161} INFO - Started process (PID=34299) to work on /media/data/omar/programming course/DEPI/DEPI project/anomx/venv/lib/python3.12/site-packages/airflow/example_dags/example_latest_only.py
[2026-06-24T12:46:37.282+0300] {processor.py:830} INFO - Processing file /media/data/omar/programming course/DEPI/DEPI project/anomx/venv/lib/python3.12/site-packages/airflow/example_dags/example_latest_only.py for tasks to queue
[2026-06-24T12:46:37.283+0300] {logging_mixin.py:188} INFO - [2026-06-24T12:46:37.283+0300] {dagbag.py:540} INFO - Filling up the DagBag from /media/data/omar/programming course/DEPI/DEPI project/anomx/venv/lib/python3.12/site-packages/airflow/example_dags/example_latest_only.py
[2026-06-24T12:46:37.291+0300] {processor.py:840} INFO - DAG(s) 'latest_only' retrieved from /media/data/omar/programming course/DEPI/DEPI project/anomx/venv/lib/python3.12/site-packages/airflow/example_dags/example_latest_only.py
[2026-06-24T12:46:37.308+0300] {logging_mixin.py:188} INFO - [2026-06-24T12:46:37.308+0300] {dag.py:3096} INFO - Sync 1 DAGs
[2026-06-24T12:46:37.332+0300] {logging_mixin.py:188} INFO - [2026-06-24T12:46:37.332+0300] {dag.py:3954} INFO - Setting next_dagrun for latest_only to 2026-06-24 04:00:00+00:00, run_after=2026-06-24 08:00:00+00:00
[2026-06-24T12:46:37.365+0300] {processor.py:183} INFO - Processing /media/data/omar/programming course/DEPI/DEPI project/anomx/venv/lib/python3.12/site-packages/airflow/example_dags/example_latest_only.py took 0.089 seconds
[2026-06-24T12:47:26.780+0300] {processor.py:161} INFO - Started process (PID=34916) to work on /media/data/omar/programming course/DEPI/DEPI project/anomx/venv/lib/python3.12/site-packages/airflow/example_dags/example_latest_only.py
[2026-06-24T12:47:26.781+0300] {processor.py:830} INFO - Processing file /media/data/omar/programming course/DEPI/DEPI project/anomx/venv/lib/python3.12/site-packages/airflow/example_dags/example_latest_only.py for tasks to queue
[2026-06-24T12:47:26.783+0300] {logging_mixin.py:188} INFO - [2026-06-24T12:47:26.782+0300] {dagbag.py:540} INFO - Filling up the DagBag from /media/data/omar/programming course/DEPI/DEPI project/anomx/venv/lib/python3.12/site-packages/airflow/example_dags/example_latest_only.py
[2026-06-24T12:47:26.792+0300] {processor.py:840} INFO - DAG(s) 'latest_only' retrieved from /media/data/omar/programming course/DEPI/DEPI project/anomx/venv/lib/python3.12/site-packages/airflow/example_dags/example_latest_only.py
[2026-06-24T12:47:26.809+0300] {logging_mixin.py:188} INFO - [2026-06-24T12:47:26.809+0300] {dag.py:3096} INFO - Sync 1 DAGs
[2026-06-24T12:47:26.826+0300] {logging_mixin.py:188} INFO - [2026-06-24T12:47:26.825+0300] {dag.py:3954} INFO - Setting next_dagrun for latest_only to 2026-06-24 04:00:00+00:00, run_after=2026-06-24 08:00:00+00:00
[2026-06-24T12:47:29.424+0300] {processor.py:183} INFO - Processing /media/data/omar/programming course/DEPI/DEPI project/anomx/venv/lib/python3.12/site-packages/airflow/example_dags/example_latest_only.py took 2.659 seconds
[2026-06-24T12:48:23.914+0300] {processor.py:161} INFO - Started process (PID=35259) to work on /media/data/omar/programming course/DEPI/DEPI project/anomx/venv/lib/python3.12/site-packages/airflow/example_dags/example_latest_only.py
[2026-06-24T12:48:23.916+0300] {processor.py:830} INFO - Processing file /media/data/omar/programming course/DEPI/DEPI project/anomx/venv/lib/python3.12/site-packages/airflow/example_dags/example_latest_only.py for tasks to queue
[2026-06-24T12:48:23.918+0300] {logging_mixin.py:188} INFO - [2026-06-24T12:48:23.917+0300] {dagbag.py:540} INFO - Filling up the DagBag from /media/data/omar/programming course/DEPI/DEPI project/anomx/venv/lib/python3.12/site-packages/airflow/example_dags/example_latest_only.py
[2026-06-24T12:48:23.931+0300] {processor.py:840} INFO - DAG(s) 'latest_only' retrieved from /media/data/omar/programming course/DEPI/DEPI project/anomx/venv/lib/python3.12/site-packages/airflow/example_dags/example_latest_only.py
[2026-06-24T12:48:23.955+0300] {logging_mixin.py:188} INFO - [2026-06-24T12:48:23.954+0300] {dag.py:3096} INFO - Sync 1 DAGs
[2026-06-24T12:48:23.971+0300] {logging_mixin.py:188} INFO - [2026-06-24T12:48:23.971+0300] {dag.py:3954} INFO - Setting next_dagrun for latest_only to 2026-06-24 04:00:00+00:00, run_after=2026-06-24 08:00:00+00:00
[2026-06-24T12:48:24.001+0300] {processor.py:183} INFO - Processing /media/data/omar/programming course/DEPI/DEPI project/anomx/venv/lib/python3.12/site-packages/airflow/example_dags/example_latest_only.py took 0.096 seconds
[2026-06-24T12:49:16.232+0300] {processor.py:161} INFO - Started process (PID=35865) to work on /media/data/omar/programming course/DEPI/DEPI project/anomx/venv/lib/python3.12/site-packages/airflow/example_dags/example_latest_only.py
[2026-06-24T12:49:16.232+0300] {processor.py:830} INFO - Processing file /media/data/omar/programming course/DEPI/DEPI project/anomx/venv/lib/python3.12/site-packages/airflow/example_dags/example_latest_only.py for tasks to queue
[2026-06-24T12:49:16.233+0300] {logging_mixin.py:188} INFO - [2026-06-24T12:49:16.233+0300] {dagbag.py:540} INFO - Filling up the DagBag from /media/data/omar/programming course/DEPI/DEPI project/anomx/venv/lib/python3.12/site-packages/airflow/example_dags/example_latest_only.py
[2026-06-24T12:49:16.240+0300] {processor.py:840} INFO - DAG(s) 'latest_only' retrieved from /media/data/omar/programming course/DEPI/DEPI project/anomx/venv/lib/python3.12/site-packages/airflow/example_dags/example_latest_only.py
[2026-06-24T12:49:16.261+0300] {logging_mixin.py:188} INFO - [2026-06-24T12:49:16.261+0300] {dag.py:3096} INFO - Sync 1 DAGs
[2026-06-24T12:49:16.280+0300] {logging_mixin.py:188} INFO - [2026-06-24T12:49:16.280+0300] {dag.py:3954} INFO - Setting next_dagrun for latest_only to 2026-06-24 04:00:00+00:00, run_after=2026-06-24 08:00:00+00:00
[2026-06-24T12:49:16.314+0300] {processor.py:183} INFO - Processing /media/data/omar/programming course/DEPI/DEPI project/anomx/venv/lib/python3.12/site-packages/airflow/example_dags/example_latest_only.py took 0.088 seconds
[2026-06-24T12:50:10.609+0300] {processor.py:161} INFO - Started process (PID=36218) to work on /media/data/omar/programming course/DEPI/DEPI project/anomx/venv/lib/python3.12/site-packages/airflow/example_dags/example_latest_only.py
[2026-06-24T12:50:10.610+0300] {processor.py:830} INFO - Processing file /media/data/omar/programming course/DEPI/DEPI project/anomx/venv/lib/python3.12/site-packages/airflow/example_dags/example_latest_only.py for tasks to queue
[2026-06-24T12:50:10.611+0300] {logging_mixin.py:188} INFO - [2026-06-24T12:50:10.611+0300] {dagbag.py:540} INFO - Filling up the DagBag from /media/data/omar/programming course/DEPI/DEPI project/anomx/venv/lib/python3.12/site-packages/airflow/example_dags/example_latest_only.py
[2026-06-24T12:50:10.618+0300] {processor.py:840} INFO - DAG(s) 'latest_only' retrieved from /media/data/omar/programming course/DEPI/DEPI project/anomx/venv/lib/python3.12/site-packages/airflow/example_dags/example_latest_only.py
[2026-06-24T12:50:10.635+0300] {logging_mixin.py:188} INFO - [2026-06-24T12:50:10.635+0300] {dag.py:3096} INFO - Sync 1 DAGs
[2026-06-24T12:50:10.655+0300] {logging_mixin.py:188} INFO - [2026-06-24T12:50:10.654+0300] {dag.py:3954} INFO - Setting next_dagrun for latest_only to 2026-06-24 04:00:00+00:00, run_after=2026-06-24 08:00:00+00:00
[2026-06-24T12:50:10.688+0300] {processor.py:183} INFO - Processing /media/data/omar/programming course/DEPI/DEPI project/anomx/venv/lib/python3.12/site-packages/airflow/example_dags/example_latest_only.py took 0.087 seconds
[2026-06-24T12:51:04.095+0300] {processor.py:161} INFO - Started process (PID=36888) to work on /media/data/omar/programming course/DEPI/DEPI project/anomx/venv/lib/python3.12/site-packages/airflow/example_dags/example_latest_only.py
[2026-06-24T12:51:04.096+0300] {processor.py:830} INFO - Processing file /media/data/omar/programming course/DEPI/DEPI project/anomx/venv/lib/python3.12/site-packages/airflow/example_dags/example_latest_only.py for tasks to queue
[2026-06-24T12:51:04.097+0300] {logging_mixin.py:188} INFO - [2026-06-24T12:51:04.097+0300] {dagbag.py:540} INFO - Filling up the DagBag from /media/data/omar/programming course/DEPI/DEPI project/anomx/venv/lib/python3.12/site-packages/airflow/example_dags/example_latest_only.py
[2026-06-24T12:51:04.104+0300] {processor.py:840} INFO - DAG(s) 'latest_only' retrieved from /media/data/omar/programming course/DEPI/DEPI project/anomx/venv/lib/python3.12/site-packages/airflow/example_dags/example_latest_only.py
[2026-06-24T12:51:04.124+0300] {logging_mixin.py:188} INFO - [2026-06-24T12:51:04.123+0300] {dag.py:3096} INFO - Sync 1 DAGs
[2026-06-24T12:51:04.142+0300] {logging_mixin.py:188} INFO - [2026-06-24T12:51:04.141+0300] {dag.py:3954} INFO - Setting next_dagrun for latest_only to 2026-06-24 04:00:00+00:00, run_after=2026-06-24 08:00:00+00:00
[2026-06-24T12:51:04.178+0300] {processor.py:183} INFO - Processing /media/data/omar/programming course/DEPI/DEPI project/anomx/venv/lib/python3.12/site-packages/airflow/example_dags/example_latest_only.py took 0.088 seconds
[2026-06-24T12:51:57.097+0300] {processor.py:161} INFO - Started process (PID=37211) to work on /media/data/omar/programming course/DEPI/DEPI project/anomx/venv/lib/python3.12/site-packages/airflow/example_dags/example_latest_only.py
[2026-06-24T12:51:57.098+0300] {processor.py:830} INFO - Processing file /media/data/omar/programming course/DEPI/DEPI project/anomx/venv/lib/python3.12/site-packages/airflow/example_dags/example_latest_only.py for tasks to queue
[2026-06-24T12:51:57.099+0300] {logging_mixin.py:188} INFO - [2026-06-24T12:51:57.099+0300] {dagbag.py:540} INFO - Filling up the DagBag from /media/data/omar/programming course/DEPI/DEPI project/anomx/venv/lib/python3.12/site-packages/airflow/example_dags/example_latest_only.py
[2026-06-24T12:51:57.105+0300] {processor.py:840} INFO - DAG(s) 'latest_only' retrieved from /media/data/omar/programming course/DEPI/DEPI project/anomx/venv/lib/python3.12/site-packages/airflow/example_dags/example_latest_only.py
[2026-06-24T12:51:57.121+0300] {logging_mixin.py:188} INFO - [2026-06-24T12:51:57.121+0300] {dag.py:3096} INFO - Sync 1 DAGs
[2026-06-24T12:51:57.136+0300] {logging_mixin.py:188} INFO - [2026-06-24T12:51:57.136+0300] {dag.py:3954} INFO - Setting next_dagrun for latest_only to 2026-06-24 04:00:00+00:00, run_after=2026-06-24 08:00:00+00:00
[2026-06-24T12:51:57.168+0300] {processor.py:183} INFO - Processing /media/data/omar/programming course/DEPI/DEPI project/anomx/venv/lib/python3.12/site-packages/airflow/example_dags/example_latest_only.py took 0.076 seconds
[2026-06-24T12:52:47.854+0300] {processor.py:161} INFO - Started process (PID=37844) to work on /media/data/omar/programming course/DEPI/DEPI project/anomx/venv/lib/python3.12/site-packages/airflow/example_dags/example_latest_only.py
[2026-06-24T12:52:47.855+0300] {processor.py:830} INFO - Processing file /media/data/omar/programming course/DEPI/DEPI project/anomx/venv/lib/python3.12/site-packages/airflow/example_dags/example_latest_only.py for tasks to queue
[2026-06-24T12:52:47.856+0300] {logging_mixin.py:188} INFO - [2026-06-24T12:52:47.855+0300] {dagbag.py:540} INFO - Filling up the DagBag from /media/data/omar/programming course/DEPI/DEPI project/anomx/venv/lib/python3.12/site-packages/airflow/example_dags/example_latest_only.py
[2026-06-24T12:52:47.862+0300] {processor.py:840} INFO - DAG(s) 'latest_only' retrieved from /media/data/omar/programming course/DEPI/DEPI project/anomx/venv/lib/python3.12/site-packages/airflow/example_dags/example_latest_only.py
[2026-06-24T12:52:47.879+0300] {logging_mixin.py:188} INFO - [2026-06-24T12:52:47.878+0300] {dag.py:3096} INFO - Sync 1 DAGs
[2026-06-24T12:52:47.897+0300] {logging_mixin.py:188} INFO - [2026-06-24T12:52:47.897+0300] {dag.py:3954} INFO - Setting next_dagrun for latest_only to 2026-06-24 04:00:00+00:00, run_after=2026-06-24 08:00:00+00:00
[2026-06-24T12:52:47.932+0300] {processor.py:183} INFO - Processing /media/data/omar/programming course/DEPI/DEPI project/anomx/venv/lib/python3.12/site-packages/airflow/example_dags/example_latest_only.py took 0.084 seconds
[2026-06-24T12:53:39.767+0300] {processor.py:161} INFO - Started process (PID=38157) to work on /media/data/omar/programming course/DEPI/DEPI project/anomx/venv/lib/python3.12/site-packages/airflow/example_dags/example_latest_only.py
[2026-06-24T12:53:39.768+0300] {processor.py:830} INFO - Processing file /media/data/omar/programming course/DEPI/DEPI project/anomx/venv/lib/python3.12/site-packages/airflow/example_dags/example_latest_only.py for tasks to queue
[2026-06-24T12:53:39.769+0300] {logging_mixin.py:188} INFO - [2026-06-24T12:53:39.768+0300] {dagbag.py:540} INFO - Filling up the DagBag from /media/data/omar/programming course/DEPI/DEPI project/anomx/venv/lib/python3.12/site-packages/airflow/example_dags/example_latest_only.py
[2026-06-24T12:53:39.776+0300] {processor.py:840} INFO - DAG(s) 'latest_only' retrieved from /media/data/omar/programming course/DEPI/DEPI project/anomx/venv/lib/python3.12/site-packages/airflow/example_dags/example_latest_only.py
[2026-06-24T12:53:39.796+0300] {logging_mixin.py:188} INFO - [2026-06-24T12:53:39.795+0300] {dag.py:3096} INFO - Sync 1 DAGs
[2026-06-24T12:53:39.815+0300] {logging_mixin.py:188} INFO - [2026-06-24T12:53:39.815+0300] {dag.py:3954} INFO - Setting next_dagrun for latest_only to 2026-06-24 04:00:00+00:00, run_after=2026-06-24 08:00:00+00:00
[2026-06-24T12:53:39.847+0300] {processor.py:183} INFO - Processing /media/data/omar/programming course/DEPI/DEPI project/anomx/venv/lib/python3.12/site-packages/airflow/example_dags/example_latest_only.py took 0.087 seconds
[2026-06-24T12:54:33.176+0300] {processor.py:161} INFO - Started process (PID=38773) to work on /media/data/omar/programming course/DEPI/DEPI project/anomx/venv/lib/python3.12/site-packages/airflow/example_dags/example_latest_only.py
[2026-06-24T12:54:33.177+0300] {processor.py:830} INFO - Processing file /media/data/omar/programming course/DEPI/DEPI project/anomx/venv/lib/python3.12/site-packages/airflow/example_dags/example_latest_only.py for tasks to queue
[2026-06-24T12:54:33.179+0300] {logging_mixin.py:188} INFO - [2026-06-24T12:54:33.178+0300] {dagbag.py:540} INFO - Filling up the DagBag from /media/data/omar/programming course/DEPI/DEPI project/anomx/venv/lib/python3.12/site-packages/airflow/example_dags/example_latest_only.py
[2026-06-24T12:54:33.187+0300] {processor.py:840} INFO - DAG(s) 'latest_only' retrieved from /media/data/omar/programming course/DEPI/DEPI project/anomx/venv/lib/python3.12/site-packages/airflow/example_dags/example_latest_only.py
[2026-06-24T12:54:33.209+0300] {logging_mixin.py:188} INFO - [2026-06-24T12:54:33.209+0300] {dag.py:3096} INFO - Sync 1 DAGs
[2026-06-24T12:54:33.231+0300] {logging_mixin.py:188} INFO - [2026-06-24T12:54:33.230+0300] {dag.py:3954} INFO - Setting next_dagrun for latest_only to 2026-06-24 04:00:00+00:00, run_after=2026-06-24 08:00:00+00:00
[2026-06-24T12:54:33.270+0300] {processor.py:183} INFO - Processing /media/data/omar/programming course/DEPI/DEPI project/anomx/venv/lib/python3.12/site-packages/airflow/example_dags/example_latest_only.py took 0.104 seconds
[2026-06-24T12:55:30.756+0300] {processor.py:161} INFO - Started process (PID=39143) to work on /media/data/omar/programming course/DEPI/DEPI project/anomx/venv/lib/python3.12/site-packages/airflow/example_dags/example_latest_only.py
[2026-06-24T12:55:30.757+0300] {processor.py:830} INFO - Processing file /media/data/omar/programming course/DEPI/DEPI project/anomx/venv/lib/python3.12/site-packages/airflow/example_dags/example_latest_only.py for tasks to queue
[2026-06-24T12:55:30.759+0300] {logging_mixin.py:188} INFO - [2026-06-24T12:55:30.758+0300] {dagbag.py:540} INFO - Filling up the DagBag from /media/data/omar/programming course/DEPI/DEPI project/anomx/venv/lib/python3.12/site-packages/airflow/example_dags/example_latest_only.py
[2026-06-24T12:55:30.770+0300] {processor.py:840} INFO - DAG(s) 'latest_only' retrieved from /media/data/omar/programming course/DEPI/DEPI project/anomx/venv/lib/python3.12/site-packages/airflow/example_dags/example_latest_only.py
[2026-06-24T12:55:30.796+0300] {logging_mixin.py:188} INFO - [2026-06-24T12:55:30.796+0300] {dag.py:3096} INFO - Sync 1 DAGs
[2026-06-24T12:55:30.816+0300] {logging_mixin.py:188} INFO - [2026-06-24T12:55:30.816+0300] {dag.py:3954} INFO - Setting next_dagrun for latest_only to 2026-06-24 04:00:00+00:00, run_after=2026-06-24 08:00:00+00:00
[2026-06-24T12:55:30.853+0300] {processor.py:183} INFO - Processing /media/data/omar/programming course/DEPI/DEPI project/anomx/venv/lib/python3.12/site-packages/airflow/example_dags/example_latest_only.py took 0.106 seconds
[2026-06-24T12:56:43.124+0300] {processor.py:161} INFO - Started process (PID=39839) to work on /media/data/omar/programming course/DEPI/DEPI project/anomx/venv/lib/python3.12/site-packages/airflow/example_dags/example_latest_only.py
[2026-06-24T12:56:43.125+0300] {processor.py:830} INFO - Processing file /media/data/omar/programming course/DEPI/DEPI project/anomx/venv/lib/python3.12/site-packages/airflow/example_dags/example_latest_only.py for tasks to queue
[2026-06-24T12:56:43.126+0300] {logging_mixin.py:188} INFO - [2026-06-24T12:56:43.125+0300] {dagbag.py:540} INFO - Filling up the DagBag from /media/data/omar/programming course/DEPI/DEPI project/anomx/venv/lib/python3.12/site-packages/airflow/example_dags/example_latest_only.py
[2026-06-24T12:56:43.132+0300] {processor.py:840} INFO - DAG(s) 'latest_only' retrieved from /media/data/omar/programming course/DEPI/DEPI project/anomx/venv/lib/python3.12/site-packages/airflow/example_dags/example_latest_only.py
[2026-06-24T12:56:43.152+0300] {logging_mixin.py:188} INFO - [2026-06-24T12:56:43.151+0300] {dag.py:3096} INFO - Sync 1 DAGs
[2026-06-24T12:56:43.169+0300] {logging_mixin.py:188} INFO - [2026-06-24T12:56:43.169+0300] {dag.py:3954} INFO - Setting next_dagrun for latest_only to 2026-06-24 04:00:00+00:00, run_after=2026-06-24 08:00:00+00:00
[2026-06-24T12:56:43.199+0300] {processor.py:183} INFO - Processing /media/data/omar/programming course/DEPI/DEPI project/anomx/venv/lib/python3.12/site-packages/airflow/example_dags/example_latest_only.py took 0.081 seconds
[2026-06-24T12:57:39.131+0300] {processor.py:161} INFO - Started process (PID=40170) to work on /media/data/omar/programming course/DEPI/DEPI project/anomx/venv/lib/python3.12/site-packages/airflow/example_dags/example_latest_only.py
[2026-06-24T12:57:39.132+0300] {processor.py:830} INFO - Processing file /media/data/omar/programming course/DEPI/DEPI project/anomx/venv/lib/python3.12/site-packages/airflow/example_dags/example_latest_only.py for tasks to queue
[2026-06-24T12:57:39.133+0300] {logging_mixin.py:188} INFO - [2026-06-24T12:57:39.133+0300] {dagbag.py:540} INFO - Filling up the DagBag from /media/data/omar/programming course/DEPI/DEPI project/anomx/venv/lib/python3.12/site-packages/airflow/example_dags/example_latest_only.py
[2026-06-24T12:57:39.139+0300] {processor.py:840} INFO - DAG(s) 'latest_only' retrieved from /media/data/omar/programming course/DEPI/DEPI project/anomx/venv/lib/python3.12/site-packages/airflow/example_dags/example_latest_only.py
[2026-06-24T12:57:39.155+0300] {logging_mixin.py:188} INFO - [2026-06-24T12:57:39.154+0300] {dag.py:3096} INFO - Sync 1 DAGs
[2026-06-24T12:57:39.170+0300] {logging_mixin.py:188} INFO - [2026-06-24T12:57:39.170+0300] {dag.py:3954} INFO - Setting next_dagrun for latest_only to 2026-06-24 04:00:00+00:00, run_after=2026-06-24 08:00:00+00:00
[2026-06-24T12:57:39.205+0300] {processor.py:183} INFO - Processing /media/data/omar/programming course/DEPI/DEPI project/anomx/venv/lib/python3.12/site-packages/airflow/example_dags/example_latest_only.py took 0.079 seconds
[2026-06-24T12:58:32.267+0300] {processor.py:161} INFO - Started process (PID=40800) to work on /media/data/omar/programming course/DEPI/DEPI project/anomx/venv/lib/python3.12/site-packages/airflow/example_dags/example_latest_only.py
[2026-06-24T12:58:32.268+0300] {processor.py:830} INFO - Processing file /media/data/omar/programming course/DEPI/DEPI project/anomx/venv/lib/python3.12/site-packages/airflow/example_dags/example_latest_only.py for tasks to queue
[2026-06-24T12:58:32.269+0300] {logging_mixin.py:188} INFO - [2026-06-24T12:58:32.268+0300] {dagbag.py:540} INFO - Filling up the DagBag from /media/data/omar/programming course/DEPI/DEPI project/anomx/venv/lib/python3.12/site-packages/airflow/example_dags/example_latest_only.py
[2026-06-24T12:58:32.275+0300] {processor.py:840} INFO - DAG(s) 'latest_only' retrieved from /media/data/omar/programming course/DEPI/DEPI project/anomx/venv/lib/python3.12/site-packages/airflow/example_dags/example_latest_only.py
[2026-06-24T12:58:32.293+0300] {logging_mixin.py:188} INFO - [2026-06-24T12:58:32.293+0300] {dag.py:3096} INFO - Sync 1 DAGs
[2026-06-24T12:58:32.309+0300] {logging_mixin.py:188} INFO - [2026-06-24T12:58:32.309+0300] {dag.py:3954} INFO - Setting next_dagrun for latest_only to 2026-06-24 04:00:00+00:00, run_after=2026-06-24 08:00:00+00:00
[2026-06-24T12:58:32.340+0300] {processor.py:183} INFO - Processing /media/data/omar/programming course/DEPI/DEPI project/anomx/venv/lib/python3.12/site-packages/airflow/example_dags/example_latest_only.py took 0.079 seconds
[2026-06-24T12:59:23.236+0300] {processor.py:161} INFO - Started process (PID=41102) to work on /media/data/omar/programming course/DEPI/DEPI project/anomx/venv/lib/python3.12/site-packages/airflow/example_dags/example_latest_only.py
[2026-06-24T12:59:23.237+0300] {processor.py:830} INFO - Processing file /media/data/omar/programming course/DEPI/DEPI project/anomx/venv/lib/python3.12/site-packages/airflow/example_dags/example_latest_only.py for tasks to queue
[2026-06-24T12:59:23.238+0300] {logging_mixin.py:188} INFO - [2026-06-24T12:59:23.237+0300] {dagbag.py:540} INFO - Filling up the DagBag from /media/data/omar/programming course/DEPI/DEPI project/anomx/venv/lib/python3.12/site-packages/airflow/example_dags/example_latest_only.py
[2026-06-24T12:59:23.244+0300] {processor.py:840} INFO - DAG(s) 'latest_only' retrieved from /media/data/omar/programming course/DEPI/DEPI project/anomx/venv/lib/python3.12/site-packages/airflow/example_dags/example_latest_only.py
[2026-06-24T12:59:23.260+0300] {logging_mixin.py:188} INFO - [2026-06-24T12:59:23.260+0300] {dag.py:3096} INFO - Sync 1 DAGs
[2026-06-24T12:59:23.276+0300] {logging_mixin.py:188} INFO - [2026-06-24T12:59:23.276+0300] {dag.py:3954} INFO - Setting next_dagrun for latest_only to 2026-06-24 04:00:00+00:00, run_after=2026-06-24 08:00:00+00:00
[2026-06-24T12:59:23.310+0300] {processor.py:183} INFO - Processing /media/data/omar/programming course/DEPI/DEPI project/anomx/venv/lib/python3.12/site-packages/airflow/example_dags/example_latest_only.py took 0.079 seconds
[2026-06-24T13:00:13.200+0300] {processor.py:161} INFO - Started process (PID=41712) to work on /media/data/omar/programming course/DEPI/DEPI project/anomx/venv/lib/python3.12/site-packages/airflow/example_dags/example_latest_only.py
[2026-06-24T13:00:13.201+0300] {processor.py:830} INFO - Processing file /media/data/omar/programming course/DEPI/DEPI project/anomx/venv/lib/python3.12/site-packages/airflow/example_dags/example_latest_only.py for tasks to queue
[2026-06-24T13:00:13.203+0300] {logging_mixin.py:188} INFO - [2026-06-24T13:00:13.202+0300] {dagbag.py:540} INFO - Filling up the DagBag from /media/data/omar/programming course/DEPI/DEPI project/anomx/venv/lib/python3.12/site-packages/airflow/example_dags/example_latest_only.py
[2026-06-24T13:00:13.211+0300] {processor.py:840} INFO - DAG(s) 'latest_only' retrieved from /media/data/omar/programming course/DEPI/DEPI project/anomx/venv/lib/python3.12/site-packages/airflow/example_dags/example_latest_only.py
[2026-06-24T13:00:13.230+0300] {logging_mixin.py:188} INFO - [2026-06-24T13:00:13.230+0300] {dag.py:3096} INFO - Sync 1 DAGs
[2026-06-24T13:00:13.247+0300] {logging_mixin.py:188} INFO - [2026-06-24T13:00:13.247+0300] {dag.py:3954} INFO - Setting next_dagrun for latest_only to 2026-06-24 04:00:00+00:00, run_after=2026-06-24 08:00:00+00:00
[2026-06-24T13:00:13.280+0300] {processor.py:183} INFO - Processing /media/data/omar/programming course/DEPI/DEPI project/anomx/venv/lib/python3.12/site-packages/airflow/example_dags/example_latest_only.py took 0.088 seconds
[2026-06-24T13:01:25.815+0300] {processor.py:161} INFO - Started process (PID=42372) to work on /media/data/omar/programming course/DEPI/DEPI project/anomx/venv/lib/python3.12/site-packages/airflow/example_dags/example_latest_only.py
[2026-06-24T13:01:25.817+0300] {processor.py:830} INFO - Processing file /media/data/omar/programming course/DEPI/DEPI project/anomx/venv/lib/python3.12/site-packages/airflow/example_dags/example_latest_only.py for tasks to queue
[2026-06-24T13:01:25.819+0300] {logging_mixin.py:188} INFO - [2026-06-24T13:01:25.818+0300] {dagbag.py:540} INFO - Filling up the DagBag from /media/data/omar/programming course/DEPI/DEPI project/anomx/venv/lib/python3.12/site-packages/airflow/example_dags/example_latest_only.py
[2026-06-24T13:01:25.830+0300] {processor.py:840} INFO - DAG(s) 'latest_only' retrieved from /media/data/omar/programming course/DEPI/DEPI project/anomx/venv/lib/python3.12/site-packages/airflow/example_dags/example_latest_only.py
[2026-06-24T13:01:25.849+0300] {logging_mixin.py:188} INFO - [2026-06-24T13:01:25.848+0300] {dag.py:3096} INFO - Sync 1 DAGs
[2026-06-24T13:01:25.865+0300] {logging_mixin.py:188} INFO - [2026-06-24T13:01:25.864+0300] {dag.py:3954} INFO - Setting next_dagrun for latest_only to 2026-06-24 04:00:00+00:00, run_after=2026-06-24 08:00:00+00:00
[2026-06-24T13:01:25.892+0300] {processor.py:183} INFO - Processing /media/data/omar/programming course/DEPI/DEPI project/anomx/venv/lib/python3.12/site-packages/airflow/example_dags/example_latest_only.py took 0.089 seconds
[2026-06-24T13:02:16.965+0300] {processor.py:161} INFO - Started process (PID=42767) to work on /media/data/omar/programming course/DEPI/DEPI project/anomx/venv/lib/python3.12/site-packages/airflow/example_dags/example_latest_only.py
[2026-06-24T13:02:16.966+0300] {processor.py:830} INFO - Processing file /media/data/omar/programming course/DEPI/DEPI project/anomx/venv/lib/python3.12/site-packages/airflow/example_dags/example_latest_only.py for tasks to queue
[2026-06-24T13:02:16.967+0300] {logging_mixin.py:188} INFO - [2026-06-24T13:02:16.966+0300] {dagbag.py:540} INFO - Filling up the DagBag from /media/data/omar/programming course/DEPI/DEPI project/anomx/venv/lib/python3.12/site-packages/airflow/example_dags/example_latest_only.py
[2026-06-24T13:02:16.973+0300] {processor.py:840} INFO - DAG(s) 'latest_only' retrieved from /media/data/omar/programming course/DEPI/DEPI project/anomx/venv/lib/python3.12/site-packages/airflow/example_dags/example_latest_only.py
[2026-06-24T13:02:16.990+0300] {logging_mixin.py:188} INFO - [2026-06-24T13:02:16.989+0300] {dag.py:3096} INFO - Sync 1 DAGs
[2026-06-24T13:02:17.006+0300] {logging_mixin.py:188} INFO - [2026-06-24T13:02:17.005+0300] {dag.py:3954} INFO - Setting next_dagrun for latest_only to 2026-06-24 04:00:00+00:00, run_after=2026-06-24 08:00:00+00:00
[2026-06-24T13:02:17.036+0300] {processor.py:183} INFO - Processing /media/data/omar/programming course/DEPI/DEPI project/anomx/venv/lib/python3.12/site-packages/airflow/example_dags/example_latest_only.py took 0.077 seconds
[2026-06-24T13:03:08.097+0300] {processor.py:161} INFO - Started process (PID=43316) to work on /media/data/omar/programming course/DEPI/DEPI project/anomx/venv/lib/python3.12/site-packages/airflow/example_dags/example_latest_only.py
[2026-06-24T13:03:08.098+0300] {processor.py:830} INFO - Processing file /media/data/omar/programming course/DEPI/DEPI project/anomx/venv/lib/python3.12/site-packages/airflow/example_dags/example_latest_only.py for tasks to queue
[2026-06-24T13:03:08.099+0300] {logging_mixin.py:188} INFO - [2026-06-24T13:03:08.098+0300] {dagbag.py:540} INFO - Filling up the DagBag from /media/data/omar/programming course/DEPI/DEPI project/anomx/venv/lib/python3.12/site-packages/airflow/example_dags/example_latest_only.py
[2026-06-24T13:03:08.104+0300] {processor.py:840} INFO - DAG(s) 'latest_only' retrieved from /media/data/omar/programming course/DEPI/DEPI project/anomx/venv/lib/python3.12/site-packages/airflow/example_dags/example_latest_only.py
[2026-06-24T13:03:08.119+0300] {logging_mixin.py:188} INFO - [2026-06-24T13:03:08.119+0300] {dag.py:3096} INFO - Sync 1 DAGs
[2026-06-24T13:03:08.134+0300] {logging_mixin.py:188} INFO - [2026-06-24T13:03:08.133+0300] {dag.py:3954} INFO - Setting next_dagrun for latest_only to 2026-06-24 04:00:00+00:00, run_after=2026-06-24 08:00:00+00:00
[2026-06-24T13:03:08.161+0300] {processor.py:183} INFO - Processing /media/data/omar/programming course/DEPI/DEPI project/anomx/venv/lib/python3.12/site-packages/airflow/example_dags/example_latest_only.py took 0.070 seconds
[2026-06-24T13:03:58.736+0300] {processor.py:161} INFO - Started process (PID=43719) to work on /media/data/omar/programming course/DEPI/DEPI project/anomx/venv/lib/python3.12/site-packages/airflow/example_dags/example_latest_only.py
[2026-06-24T13:03:58.736+0300] {processor.py:830} INFO - Processing file /media/data/omar/programming course/DEPI/DEPI project/anomx/venv/lib/python3.12/site-packages/airflow/example_dags/example_latest_only.py for tasks to queue
[2026-06-24T13:03:58.737+0300] {logging_mixin.py:188} INFO - [2026-06-24T13:03:58.737+0300] {dagbag.py:540} INFO - Filling up the DagBag from /media/data/omar/programming course/DEPI/DEPI project/anomx/venv/lib/python3.12/site-packages/airflow/example_dags/example_latest_only.py
[2026-06-24T13:03:58.743+0300] {processor.py:840} INFO - DAG(s) 'latest_only' retrieved from /media/data/omar/programming course/DEPI/DEPI project/anomx/venv/lib/python3.12/site-packages/airflow/example_dags/example_latest_only.py
[2026-06-24T13:03:58.757+0300] {logging_mixin.py:188} INFO - [2026-06-24T13:03:58.757+0300] {dag.py:3096} INFO - Sync 1 DAGs
[2026-06-24T13:03:58.771+0300] {logging_mixin.py:188} INFO - [2026-06-24T13:03:58.771+0300] {dag.py:3954} INFO - Setting next_dagrun for latest_only to 2026-06-24 04:00:00+00:00, run_after=2026-06-24 08:00:00+00:00
[2026-06-24T13:03:58.798+0300] {processor.py:183} INFO - Processing /media/data/omar/programming course/DEPI/DEPI project/anomx/venv/lib/python3.12/site-packages/airflow/example_dags/example_latest_only.py took 0.068 seconds
[2026-06-24T13:04:47.725+0300] {processor.py:161} INFO - Started process (PID=43999) to work on /media/data/omar/programming course/DEPI/DEPI project/anomx/venv/lib/python3.12/site-packages/airflow/example_dags/example_latest_only.py
[2026-06-24T13:04:47.728+0300] {processor.py:830} INFO - Processing file /media/data/omar/programming course/DEPI/DEPI project/anomx/venv/lib/python3.12/site-packages/airflow/example_dags/example_latest_only.py for tasks to queue
[2026-06-24T13:04:47.730+0300] {logging_mixin.py:188} INFO - [2026-06-24T13:04:47.729+0300] {dagbag.py:540} INFO - Filling up the DagBag from /media/data/omar/programming course/DEPI/DEPI project/anomx/venv/lib/python3.12/site-packages/airflow/example_dags/example_latest_only.py
[2026-06-24T13:04:47.749+0300] {processor.py:840} INFO - DAG(s) 'latest_only' retrieved from /media/data/omar/programming course/DEPI/DEPI project/anomx/venv/lib/python3.12/site-packages/airflow/example_dags/example_latest_only.py
[2026-06-24T13:04:47.789+0300] {logging_mixin.py:188} INFO - [2026-06-24T13:04:47.788+0300] {dag.py:3096} INFO - Sync 1 DAGs
[2026-06-24T13:04:47.827+0300] {logging_mixin.py:188} INFO - [2026-06-24T13:04:47.827+0300] {dag.py:3954} INFO - Setting next_dagrun for latest_only to 2026-06-24 04:00:00+00:00, run_after=2026-06-24 08:00:00+00:00
[2026-06-24T13:04:47.881+0300] {processor.py:183} INFO - Processing /media/data/omar/programming course/DEPI/DEPI project/anomx/venv/lib/python3.12/site-packages/airflow/example_dags/example_latest_only.py took 0.165 seconds
[2026-06-24T13:05:38.388+0300] {processor.py:161} INFO - Started process (PID=44617) to work on /media/data/omar/programming course/DEPI/DEPI project/anomx/venv/lib/python3.12/site-packages/airflow/example_dags/example_latest_only.py
[2026-06-24T13:05:38.389+0300] {processor.py:830} INFO - Processing file /media/data/omar/programming course/DEPI/DEPI project/anomx/venv/lib/python3.12/site-packages/airflow/example_dags/example_latest_only.py for tasks to queue
[2026-06-24T13:05:38.390+0300] {logging_mixin.py:188} INFO - [2026-06-24T13:05:38.390+0300] {dagbag.py:540} INFO - Filling up the DagBag from /media/data/omar/programming course/DEPI/DEPI project/anomx/venv/lib/python3.12/site-packages/airflow/example_dags/example_latest_only.py
[2026-06-24T13:05:38.398+0300] {processor.py:840} INFO - DAG(s) 'latest_only' retrieved from /media/data/omar/programming course/DEPI/DEPI project/anomx/venv/lib/python3.12/site-packages/airflow/example_dags/example_latest_only.py
[2026-06-24T13:05:38.416+0300] {logging_mixin.py:188} INFO - [2026-06-24T13:05:38.415+0300] {dag.py:3096} INFO - Sync 1 DAGs
[2026-06-24T13:05:38.434+0300] {logging_mixin.py:188} INFO - [2026-06-24T13:05:38.433+0300] {dag.py:3954} INFO - Setting next_dagrun for latest_only to 2026-06-24 04:00:00+00:00, run_after=2026-06-24 08:00:00+00:00
[2026-06-24T13:05:38.475+0300] {processor.py:183} INFO - Processing /media/data/omar/programming course/DEPI/DEPI project/anomx/venv/lib/python3.12/site-packages/airflow/example_dags/example_latest_only.py took 0.093 seconds
[2026-06-24T13:06:32.810+0300] {processor.py:161} INFO - Started process (PID=44971) to work on /media/data/omar/programming course/DEPI/DEPI project/anomx/venv/lib/python3.12/site-packages/airflow/example_dags/example_latest_only.py
[2026-06-24T13:06:32.811+0300] {processor.py:830} INFO - Processing file /media/data/omar/programming course/DEPI/DEPI project/anomx/venv/lib/python3.12/site-packages/airflow/example_dags/example_latest_only.py for tasks to queue
[2026-06-24T13:06:32.812+0300] {logging_mixin.py:188} INFO - [2026-06-24T13:06:32.812+0300] {dagbag.py:540} INFO - Filling up the DagBag from /media/data/omar/programming course/DEPI/DEPI project/anomx/venv/lib/python3.12/site-packages/airflow/example_dags/example_latest_only.py
[2026-06-24T13:06:32.820+0300] {processor.py:840} INFO - DAG(s) 'latest_only' retrieved from /media/data/omar/programming course/DEPI/DEPI project/anomx/venv/lib/python3.12/site-packages/airflow/example_dags/example_latest_only.py
[2026-06-24T13:06:32.836+0300] {logging_mixin.py:188} INFO - [2026-06-24T13:06:32.836+0300] {dag.py:3096} INFO - Sync 1 DAGs
[2026-06-24T13:06:32.851+0300] {logging_mixin.py:188} INFO - [2026-06-24T13:06:32.851+0300] {dag.py:3954} INFO - Setting next_dagrun for latest_only to 2026-06-24 04:00:00+00:00, run_after=2026-06-24 08:00:00+00:00
[2026-06-24T13:06:32.879+0300] {processor.py:183} INFO - Processing /media/data/omar/programming course/DEPI/DEPI project/anomx/venv/lib/python3.12/site-packages/airflow/example_dags/example_latest_only.py took 0.078 seconds
[2026-06-24T13:08:09.700+0300] {processor.py:161} INFO - Started process (PID=46043) to work on /media/data/omar/programming course/DEPI/DEPI project/anomx/venv/lib/python3.12/site-packages/airflow/example_dags/example_latest_only.py
[2026-06-24T13:08:09.701+0300] {processor.py:830} INFO - Processing file /media/data/omar/programming course/DEPI/DEPI project/anomx/venv/lib/python3.12/site-packages/airflow/example_dags/example_latest_only.py for tasks to queue
[2026-06-24T13:08:09.702+0300] {logging_mixin.py:188} INFO - [2026-06-24T13:08:09.702+0300] {dagbag.py:540} INFO - Filling up the DagBag from /media/data/omar/programming course/DEPI/DEPI project/anomx/venv/lib/python3.12/site-packages/airflow/example_dags/example_latest_only.py
[2026-06-24T13:08:09.709+0300] {processor.py:840} INFO - DAG(s) 'latest_only' retrieved from /media/data/omar/programming course/DEPI/DEPI project/anomx/venv/lib/python3.12/site-packages/airflow/example_dags/example_latest_only.py
[2026-06-24T13:08:09.726+0300] {logging_mixin.py:188} INFO - [2026-06-24T13:08:09.726+0300] {dag.py:3096} INFO - Sync 1 DAGs
[2026-06-24T13:08:09.743+0300] {logging_mixin.py:188} INFO - [2026-06-24T13:08:09.743+0300] {dag.py:3954} INFO - Setting next_dagrun for latest_only to 2026-06-24 04:00:00+00:00, run_after=2026-06-24 08:00:00+00:00
[2026-06-24T13:08:09.774+0300] {processor.py:183} INFO - Processing /media/data/omar/programming course/DEPI/DEPI project/anomx/venv/lib/python3.12/site-packages/airflow/example_dags/example_latest_only.py took 0.080 seconds
[2026-06-24T13:12:32.992+0300] {processor.py:161} INFO - Started process (PID=48820) to work on /media/data/omar/programming course/DEPI/DEPI project/anomx/venv/lib/python3.12/site-packages/airflow/example_dags/example_latest_only.py
[2026-06-24T13:12:32.993+0300] {processor.py:830} INFO - Processing file /media/data/omar/programming course/DEPI/DEPI project/anomx/venv/lib/python3.12/site-packages/airflow/example_dags/example_latest_only.py for tasks to queue
[2026-06-24T13:12:32.995+0300] {logging_mixin.py:188} INFO - [2026-06-24T13:12:32.994+0300] {dagbag.py:540} INFO - Filling up the DagBag from /media/data/omar/programming course/DEPI/DEPI project/anomx/venv/lib/python3.12/site-packages/airflow/example_dags/example_latest_only.py
[2026-06-24T13:12:33.002+0300] {processor.py:840} INFO - DAG(s) 'latest_only' retrieved from /media/data/omar/programming course/DEPI/DEPI project/anomx/venv/lib/python3.12/site-packages/airflow/example_dags/example_latest_only.py
[2026-06-24T13:12:33.026+0300] {logging_mixin.py:188} INFO - [2026-06-24T13:12:33.025+0300] {dag.py:3096} INFO - Sync 1 DAGs
[2026-06-24T13:12:33.047+0300] {logging_mixin.py:188} INFO - [2026-06-24T13:12:33.047+0300] {dag.py:3954} INFO - Setting next_dagrun for latest_only to 2026-06-24 04:00:00+00:00, run_after=2026-06-24 08:00:00+00:00
[2026-06-24T13:12:33.107+0300] {processor.py:183} INFO - Processing /media/data/omar/programming course/DEPI/DEPI project/anomx/venv/lib/python3.12/site-packages/airflow/example_dags/example_latest_only.py took 0.123 seconds
[2026-06-24T13:13:26.665+0300] {processor.py:161} INFO - Started process (PID=49545) to work on /media/data/omar/programming course/DEPI/DEPI project/anomx/venv/lib/python3.12/site-packages/airflow/example_dags/example_latest_only.py
[2026-06-24T13:13:26.666+0300] {processor.py:830} INFO - Processing file /media/data/omar/programming course/DEPI/DEPI project/anomx/venv/lib/python3.12/site-packages/airflow/example_dags/example_latest_only.py for tasks to queue
[2026-06-24T13:13:26.667+0300] {logging_mixin.py:188} INFO - [2026-06-24T13:13:26.666+0300] {dagbag.py:540} INFO - Filling up the DagBag from /media/data/omar/programming course/DEPI/DEPI project/anomx/venv/lib/python3.12/site-packages/airflow/example_dags/example_latest_only.py
[2026-06-24T13:13:26.672+0300] {processor.py:840} INFO - DAG(s) 'latest_only' retrieved from /media/data/omar/programming course/DEPI/DEPI project/anomx/venv/lib/python3.12/site-packages/airflow/example_dags/example_latest_only.py
[2026-06-24T13:13:26.687+0300] {logging_mixin.py:188} INFO - [2026-06-24T13:13:26.687+0300] {dag.py:3096} INFO - Sync 1 DAGs
[2026-06-24T13:13:26.701+0300] {logging_mixin.py:188} INFO - [2026-06-24T13:13:26.701+0300] {dag.py:3954} INFO - Setting next_dagrun for latest_only to 2026-06-24 04:00:00+00:00, run_after=2026-06-24 08:00:00+00:00
[2026-06-24T13:13:26.727+0300] {processor.py:183} INFO - Processing /media/data/omar/programming course/DEPI/DEPI project/anomx/venv/lib/python3.12/site-packages/airflow/example_dags/example_latest_only.py took 0.067 seconds
[2026-06-24T13:14:22.877+0300] {processor.py:161} INFO - Started process (PID=50131) to work on /media/data/omar/programming course/DEPI/DEPI project/anomx/venv/lib/python3.12/site-packages/airflow/example_dags/example_latest_only.py
[2026-06-24T13:14:22.878+0300] {processor.py:830} INFO - Processing file /media/data/omar/programming course/DEPI/DEPI project/anomx/venv/lib/python3.12/site-packages/airflow/example_dags/example_latest_only.py for tasks to queue
[2026-06-24T13:14:22.879+0300] {logging_mixin.py:188} INFO - [2026-06-24T13:14:22.879+0300] {dagbag.py:540} INFO - Filling up the DagBag from /media/data/omar/programming course/DEPI/DEPI project/anomx/venv/lib/python3.12/site-packages/airflow/example_dags/example_latest_only.py
[2026-06-24T13:14:22.885+0300] {processor.py:840} INFO - DAG(s) 'latest_only' retrieved from /media/data/omar/programming course/DEPI/DEPI project/anomx/venv/lib/python3.12/site-packages/airflow/example_dags/example_latest_only.py
[2026-06-24T13:14:22.903+0300] {logging_mixin.py:188} INFO - [2026-06-24T13:14:22.903+0300] {dag.py:3096} INFO - Sync 1 DAGs
[2026-06-24T13:14:22.920+0300] {logging_mixin.py:188} INFO - [2026-06-24T13:14:22.920+0300] {dag.py:3954} INFO - Setting next_dagrun for latest_only to 2026-06-24 04:00:00+00:00, run_after=2026-06-24 08:00:00+00:00
[2026-06-24T13:14:22.953+0300] {processor.py:183} INFO - Processing /media/data/omar/programming course/DEPI/DEPI project/anomx/venv/lib/python3.12/site-packages/airflow/example_dags/example_latest_only.py took 0.083 seconds
[2026-06-24T13:15:16.109+0300] {processor.py:161} INFO - Started process (PID=50511) to work on /media/data/omar/programming course/DEPI/DEPI project/anomx/venv/lib/python3.12/site-packages/airflow/example_dags/example_latest_only.py
[2026-06-24T13:15:16.110+0300] {processor.py:830} INFO - Processing file /media/data/omar/programming course/DEPI/DEPI project/anomx/venv/lib/python3.12/site-packages/airflow/example_dags/example_latest_only.py for tasks to queue
[2026-06-24T13:15:16.111+0300] {logging_mixin.py:188} INFO - [2026-06-24T13:15:16.110+0300] {dagbag.py:540} INFO - Filling up the DagBag from /media/data/omar/programming course/DEPI/DEPI project/anomx/venv/lib/python3.12/site-packages/airflow/example_dags/example_latest_only.py
[2026-06-24T13:15:16.116+0300] {processor.py:840} INFO - DAG(s) 'latest_only' retrieved from /media/data/omar/programming course/DEPI/DEPI project/anomx/venv/lib/python3.12/site-packages/airflow/example_dags/example_latest_only.py
[2026-06-24T13:15:16.132+0300] {logging_mixin.py:188} INFO - [2026-06-24T13:15:16.132+0300] {dag.py:3096} INFO - Sync 1 DAGs
[2026-06-24T13:15:16.149+0300] {logging_mixin.py:188} INFO - [2026-06-24T13:15:16.148+0300] {dag.py:3954} INFO - Setting next_dagrun for latest_only to 2026-06-24 04:00:00+00:00, run_after=2026-06-24 08:00:00+00:00
[2026-06-24T13:15:16.180+0300] {processor.py:183} INFO - Processing /media/data/omar/programming course/DEPI/DEPI project/anomx/venv/lib/python3.12/site-packages/airflow/example_dags/example_latest_only.py took 0.079 seconds
[2026-06-24T13:16:04.627+0300] {processor.py:161} INFO - Started process (PID=51074) to work on /media/data/omar/programming course/DEPI/DEPI project/anomx/venv/lib/python3.12/site-packages/airflow/example_dags/example_latest_only.py
[2026-06-24T13:16:04.630+0300] {processor.py:830} INFO - Processing file /media/data/omar/programming course/DEPI/DEPI project/anomx/venv/lib/python3.12/site-packages/airflow/example_dags/example_latest_only.py for tasks to queue
[2026-06-24T13:16:04.631+0300] {logging_mixin.py:188} INFO - [2026-06-24T13:16:04.630+0300] {dagbag.py:540} INFO - Filling up the DagBag from /media/data/omar/programming course/DEPI/DEPI project/anomx/venv/lib/python3.12/site-packages/airflow/example_dags/example_latest_only.py
[2026-06-24T13:16:04.639+0300] {processor.py:840} INFO - DAG(s) 'latest_only' retrieved from /media/data/omar/programming course/DEPI/DEPI project/anomx/venv/lib/python3.12/site-packages/airflow/example_dags/example_latest_only.py
[2026-06-24T13:16:04.661+0300] {logging_mixin.py:188} INFO - [2026-06-24T13:16:04.661+0300] {dag.py:3096} INFO - Sync 1 DAGs
[2026-06-24T13:16:04.678+0300] {logging_mixin.py:188} INFO - [2026-06-24T13:16:04.678+0300] {dag.py:3954} INFO - Setting next_dagrun for latest_only to 2026-06-24 04:00:00+00:00, run_after=2026-06-24 08:00:00+00:00
[2026-06-24T13:16:04.711+0300] {processor.py:183} INFO - Processing /media/data/omar/programming course/DEPI/DEPI project/anomx/venv/lib/python3.12/site-packages/airflow/example_dags/example_latest_only.py took 0.092 seconds
[2026-06-24T13:16:56.166+0300] {processor.py:161} INFO - Started process (PID=51462) to work on /media/data/omar/programming course/DEPI/DEPI project/anomx/venv/lib/python3.12/site-packages/airflow/example_dags/example_latest_only.py
[2026-06-24T13:16:56.167+0300] {processor.py:830} INFO - Processing file /media/data/omar/programming course/DEPI/DEPI project/anomx/venv/lib/python3.12/site-packages/airflow/example_dags/example_latest_only.py for tasks to queue
[2026-06-24T13:16:56.168+0300] {logging_mixin.py:188} INFO - [2026-06-24T13:16:56.168+0300] {dagbag.py:540} INFO - Filling up the DagBag from /media/data/omar/programming course/DEPI/DEPI project/anomx/venv/lib/python3.12/site-packages/airflow/example_dags/example_latest_only.py
[2026-06-24T13:16:56.175+0300] {processor.py:840} INFO - DAG(s) 'latest_only' retrieved from /media/data/omar/programming course/DEPI/DEPI project/anomx/venv/lib/python3.12/site-packages/airflow/example_dags/example_latest_only.py
[2026-06-24T13:16:56.193+0300] {logging_mixin.py:188} INFO - [2026-06-24T13:16:56.192+0300] {dag.py:3096} INFO - Sync 1 DAGs
[2026-06-24T13:16:56.209+0300] {logging_mixin.py:188} INFO - [2026-06-24T13:16:56.209+0300] {dag.py:3954} INFO - Setting next_dagrun for latest_only to 2026-06-24 04:00:00+00:00, run_after=2026-06-24 08:00:00+00:00
[2026-06-24T13:16:56.242+0300] {processor.py:183} INFO - Processing /media/data/omar/programming course/DEPI/DEPI project/anomx/venv/lib/python3.12/site-packages/airflow/example_dags/example_latest_only.py took 0.085 seconds
[2026-06-24T13:17:48.223+0300] {processor.py:161} INFO - Started process (PID=52031) to work on /media/data/omar/programming course/DEPI/DEPI project/anomx/venv/lib/python3.12/site-packages/airflow/example_dags/example_latest_only.py
[2026-06-24T13:17:48.224+0300] {processor.py:830} INFO - Processing file /media/data/omar/programming course/DEPI/DEPI project/anomx/venv/lib/python3.12/site-packages/airflow/example_dags/example_latest_only.py for tasks to queue
[2026-06-24T13:17:48.225+0300] {logging_mixin.py:188} INFO - [2026-06-24T13:17:48.225+0300] {dagbag.py:540} INFO - Filling up the DagBag from /media/data/omar/programming course/DEPI/DEPI project/anomx/venv/lib/python3.12/site-packages/airflow/example_dags/example_latest_only.py
[2026-06-24T13:17:48.231+0300] {processor.py:840} INFO - DAG(s) 'latest_only' retrieved from /media/data/omar/programming course/DEPI/DEPI project/anomx/venv/lib/python3.12/site-packages/airflow/example_dags/example_latest_only.py
[2026-06-24T13:17:48.248+0300] {logging_mixin.py:188} INFO - [2026-06-24T13:17:48.247+0300] {dag.py:3096} INFO - Sync 1 DAGs
[2026-06-24T13:17:48.263+0300] {logging_mixin.py:188} INFO - [2026-06-24T13:17:48.263+0300] {dag.py:3954} INFO - Setting next_dagrun for latest_only to 2026-06-24 04:00:00+00:00, run_after=2026-06-24 08:00:00+00:00
[2026-06-24T13:17:48.296+0300] {processor.py:183} INFO - Processing /media/data/omar/programming course/DEPI/DEPI project/anomx/venv/lib/python3.12/site-packages/airflow/example_dags/example_latest_only.py took 0.078 seconds
