[2026-06-24T11:52:54.378+0300] {processor.py:161} INFO - Started process (PID=10829) to work on /media/data/omar/programming course/DEPI/DEPI project/anomx/venv/lib/python3.12/site-packages/airflow/example_dags/example_sensor_decorator.py
[2026-06-24T11:52:54.382+0300] {processor.py:830} INFO - Processing file /media/data/omar/programming course/DEPI/DEPI project/anomx/venv/lib/python3.12/site-packages/airflow/example_dags/example_sensor_decorator.py for tasks to queue
[2026-06-24T11:52:54.386+0300] {logging_mixin.py:188} INFO - [2026-06-24T11:52:54.385+0300] {dagbag.py:540} INFO - Filling up the DagBag from /media/data/omar/programming course/DEPI/DEPI project/anomx/venv/lib/python3.12/site-packages/airflow/example_dags/example_sensor_decorator.py
[2026-06-24T11:52:54.401+0300] {processor.py:840} INFO - DAG(s) 'example_sensor_decorator' retrieved from /media/data/omar/programming course/DEPI/DEPI project/anomx/venv/lib/python3.12/site-packages/airflow/example_dags/example_sensor_decorator.py
[2026-06-24T11:52:54.433+0300] {logging_mixin.py:188} INFO - [2026-06-24T11:52:54.433+0300] {dag.py:3096} INFO - Sync 1 DAGs
[2026-06-24T11:52:54.451+0300] {logging_mixin.py:188} INFO - [2026-06-24T11:52:54.451+0300] {dag.py:3118} INFO - Creating ORM DAG for example_sensor_decorator
[2026-06-24T11:52:54.452+0300] {logging_mixin.py:188} INFO - [2026-06-24T11:52:54.452+0300] {dag.py:3954} INFO - Setting next_dagrun for example_sensor_decorator to None, run_after=None
[2026-06-24T11:52:54.492+0300] {processor.py:183} INFO - Processing /media/data/omar/programming course/DEPI/DEPI project/anomx/venv/lib/python3.12/site-packages/airflow/example_dags/example_sensor_decorator.py took 0.133 seconds
[2026-06-24T11:54:29.454+0300] {processor.py:161} INFO - Started process (PID=12064) to work on /media/data/omar/programming course/DEPI/DEPI project/anomx/venv/lib/python3.12/site-packages/airflow/example_dags/example_sensor_decorator.py
[2026-06-24T11:54:29.455+0300] {processor.py:830} INFO - Processing file /media/data/omar/programming course/DEPI/DEPI project/anomx/venv/lib/python3.12/site-packages/airflow/example_dags/example_sensor_decorator.py for tasks to queue
[2026-06-24T11:54:29.457+0300] {logging_mixin.py:188} INFO - [2026-06-24T11:54:29.456+0300] {dagbag.py:540} INFO - Filling up the DagBag from /media/data/omar/programming course/DEPI/DEPI project/anomx/venv/lib/python3.12/site-packages/airflow/example_dags/example_sensor_decorator.py
[2026-06-24T11:54:29.464+0300] {processor.py:840} INFO - DAG(s) 'example_sensor_decorator' retrieved from /media/data/omar/programming course/DEPI/DEPI project/anomx/venv/lib/python3.12/site-packages/airflow/example_dags/example_sensor_decorator.py
[2026-06-24T11:54:29.481+0300] {logging_mixin.py:188} INFO - [2026-06-24T11:54:29.480+0300] {dag.py:3096} INFO - Sync 1 DAGs
[2026-06-24T11:54:29.492+0300] {logging_mixin.py:188} INFO - [2026-06-24T11:54:29.491+0300] {dag.py:3954} INFO - Setting next_dagrun for example_sensor_decorator to None, run_after=None
[2026-06-24T11:54:29.528+0300] {processor.py:183} INFO - Processing /media/data/omar/programming course/DEPI/DEPI project/anomx/venv/lib/python3.12/site-packages/airflow/example_dags/example_sensor_decorator.py took 0.084 seconds
[2026-06-24T11:55:50.405+0300] {processor.py:161} INFO - Started process (PID=12877) to work on /media/data/omar/programming course/DEPI/DEPI project/anomx/venv/lib/python3.12/site-packages/airflow/example_dags/example_sensor_decorator.py
[2026-06-24T11:55:50.408+0300] {processor.py:830} INFO - Processing file /media/data/omar/programming course/DEPI/DEPI project/anomx/venv/lib/python3.12/site-packages/airflow/example_dags/example_sensor_decorator.py for tasks to queue
[2026-06-24T11:55:50.413+0300] {logging_mixin.py:188} INFO - [2026-06-24T11:55:50.411+0300] {dagbag.py:540} INFO - Filling up the DagBag from /media/data/omar/programming course/DEPI/DEPI project/anomx/venv/lib/python3.12/site-packages/airflow/example_dags/example_sensor_decorator.py
[2026-06-24T11:55:50.428+0300] {processor.py:840} INFO - DAG(s) 'example_sensor_decorator' retrieved from /media/data/omar/programming course/DEPI/DEPI project/anomx/venv/lib/python3.12/site-packages/airflow/example_dags/example_sensor_decorator.py
[2026-06-24T11:55:50.445+0300] {logging_mixin.py:188} INFO - [2026-06-24T11:55:50.444+0300] {dag.py:3096} INFO - Sync 1 DAGs
[2026-06-24T11:55:50.453+0300] {logging_mixin.py:188} INFO - [2026-06-24T11:55:50.453+0300] {dag.py:3954} INFO - Setting next_dagrun for example_sensor_decorator to None, run_after=None
[2026-06-24T11:55:50.481+0300] {processor.py:183} INFO - Processing /media/data/omar/programming course/DEPI/DEPI project/anomx/venv/lib/python3.12/site-packages/airflow/example_dags/example_sensor_decorator.py took 0.091 seconds
[2026-06-24T11:56:43.405+0300] {processor.py:161} INFO - Started process (PID=13253) to work on /media/data/omar/programming course/DEPI/DEPI project/anomx/venv/lib/python3.12/site-packages/airflow/example_dags/example_sensor_decorator.py
[2026-06-24T11:56:43.407+0300] {processor.py:830} INFO - Processing file /media/data/omar/programming course/DEPI/DEPI project/anomx/venv/lib/python3.12/site-packages/airflow/example_dags/example_sensor_decorator.py for tasks to queue
[2026-06-24T11:56:43.410+0300] {logging_mixin.py:188} INFO - [2026-06-24T11:56:43.409+0300] {dagbag.py:540} INFO - Filling up the DagBag from /media/data/omar/programming course/DEPI/DEPI project/anomx/venv/lib/python3.12/site-packages/airflow/example_dags/example_sensor_decorator.py
[2026-06-24T11:56:43.421+0300] {processor.py:840} INFO - DAG(s) 'example_sensor_decorator' retrieved from /media/data/omar/programming course/DEPI/DEPI project/anomx/venv/lib/python3.12/site-packages/airflow/example_dags/example_sensor_decorator.py
[2026-06-24T11:56:43.441+0300] {logging_mixin.py:188} INFO - [2026-06-24T11:56:43.441+0300] {dag.py:3096} INFO - Sync 1 DAGs
[2026-06-24T11:56:43.450+0300] {logging_mixin.py:188} INFO - [2026-06-24T11:56:43.450+0300] {dag.py:3954} INFO - Setting next_dagrun for example_sensor_decorator to None, run_after=None
[2026-06-24T11:56:43.475+0300] {processor.py:183} INFO - Processing /media/data/omar/programming course/DEPI/DEPI project/anomx/venv/lib/python3.12/site-packages/airflow/example_dags/example_sensor_decorator.py took 0.079 seconds
[2026-06-24T11:57:36.478+0300] {processor.py:161} INFO - Started process (PID=13571) to work on /media/data/omar/programming course/DEPI/DEPI project/anomx/venv/lib/python3.12/site-packages/airflow/example_dags/example_sensor_decorator.py
[2026-06-24T11:57:36.479+0300] {processor.py:830} INFO - Processing file /media/data/omar/programming course/DEPI/DEPI project/anomx/venv/lib/python3.12/site-packages/airflow/example_dags/example_sensor_decorator.py for tasks to queue
[2026-06-24T11:57:36.481+0300] {logging_mixin.py:188} INFO - [2026-06-24T11:57:36.480+0300] {dagbag.py:540} INFO - Filling up the DagBag from /media/data/omar/programming course/DEPI/DEPI project/anomx/venv/lib/python3.12/site-packages/airflow/example_dags/example_sensor_decorator.py
[2026-06-24T11:57:36.487+0300] {processor.py:840} INFO - DAG(s) 'example_sensor_decorator' retrieved from /media/data/omar/programming course/DEPI/DEPI project/anomx/venv/lib/python3.12/site-packages/airflow/example_dags/example_sensor_decorator.py
[2026-06-24T11:57:36.503+0300] {logging_mixin.py:188} INFO - [2026-06-24T11:57:36.503+0300] {dag.py:3096} INFO - Sync 1 DAGs
[2026-06-24T11:57:36.513+0300] {logging_mixin.py:188} INFO - [2026-06-24T11:57:36.512+0300] {dag.py:3954} INFO - Setting next_dagrun for example_sensor_decorator to None, run_after=None
[2026-06-24T11:57:36.545+0300] {processor.py:183} INFO - Processing /media/data/omar/programming course/DEPI/DEPI project/anomx/venv/lib/python3.12/site-packages/airflow/example_dags/example_sensor_decorator.py took 0.073 seconds
[2026-06-24T12:36:38.643+0300] {processor.py:161} INFO - Started process (PID=28611) to work on /media/data/omar/programming course/DEPI/DEPI project/anomx/venv/lib/python3.12/site-packages/airflow/example_dags/example_sensor_decorator.py
[2026-06-24T12:36:38.645+0300] {processor.py:830} INFO - Processing file /media/data/omar/programming course/DEPI/DEPI project/anomx/venv/lib/python3.12/site-packages/airflow/example_dags/example_sensor_decorator.py for tasks to queue
[2026-06-24T12:36:38.646+0300] {logging_mixin.py:188} INFO - [2026-06-24T12:36:38.645+0300] {dagbag.py:540} INFO - Filling up the DagBag from /media/data/omar/programming course/DEPI/DEPI project/anomx/venv/lib/python3.12/site-packages/airflow/example_dags/example_sensor_decorator.py
[2026-06-24T12:36:38.653+0300] {processor.py:840} INFO - DAG(s) 'example_sensor_decorator' retrieved from /media/data/omar/programming course/DEPI/DEPI project/anomx/venv/lib/python3.12/site-packages/airflow/example_dags/example_sensor_decorator.py
[2026-06-24T12:36:38.673+0300] {logging_mixin.py:188} INFO - [2026-06-24T12:36:38.673+0300] {dag.py:3096} INFO - Sync 1 DAGs
[2026-06-24T12:36:38.682+0300] {logging_mixin.py:188} INFO - [2026-06-24T12:36:38.682+0300] {dag.py:3954} INFO - Setting next_dagrun for example_sensor_decorator to None, run_after=None
[2026-06-24T12:36:38.711+0300] {processor.py:183} INFO - Processing /media/data/omar/programming course/DEPI/DEPI project/anomx/venv/lib/python3.12/site-packages/airflow/example_dags/example_sensor_decorator.py took 0.074 seconds
[2026-06-24T12:37:31.912+0300] {processor.py:161} INFO - Started process (PID=29236) to work on /media/data/omar/programming course/DEPI/DEPI project/anomx/venv/lib/python3.12/site-packages/airflow/example_dags/example_sensor_decorator.py
[2026-06-24T12:37:31.913+0300] {processor.py:830} INFO - Processing file /media/data/omar/programming course/DEPI/DEPI project/anomx/venv/lib/python3.12/site-packages/airflow/example_dags/example_sensor_decorator.py for tasks to queue
[2026-06-24T12:37:31.915+0300] {logging_mixin.py:188} INFO - [2026-06-24T12:37:31.914+0300] {dagbag.py:540} INFO - Filling up the DagBag from /media/data/omar/programming course/DEPI/DEPI project/anomx/venv/lib/python3.12/site-packages/airflow/example_dags/example_sensor_decorator.py
[2026-06-24T12:37:31.926+0300] {processor.py:840} INFO - DAG(s) 'example_sensor_decorator' retrieved from /media/data/omar/programming course/DEPI/DEPI project/anomx/venv/lib/python3.12/site-packages/airflow/example_dags/example_sensor_decorator.py
[2026-06-24T12:37:31.948+0300] {logging_mixin.py:188} INFO - [2026-06-24T12:37:31.948+0300] {dag.py:3096} INFO - Sync 1 DAGs
[2026-06-24T12:37:31.957+0300] {logging_mixin.py:188} INFO - [2026-06-24T12:37:31.956+0300] {dag.py:3954} INFO - Setting next_dagrun for example_sensor_decorator to None, run_after=None
[2026-06-24T12:37:31.983+0300] {processor.py:183} INFO - Processing /media/data/omar/programming course/DEPI/DEPI project/anomx/venv/lib/python3.12/site-packages/airflow/example_dags/example_sensor_decorator.py took 0.080 seconds
[2026-06-24T12:38:24.892+0300] {processor.py:161} INFO - Started process (PID=29680) to work on /media/data/omar/programming course/DEPI/DEPI project/anomx/venv/lib/python3.12/site-packages/airflow/example_dags/example_sensor_decorator.py
[2026-06-24T12:38:24.893+0300] {processor.py:830} INFO - Processing file /media/data/omar/programming course/DEPI/DEPI project/anomx/venv/lib/python3.12/site-packages/airflow/example_dags/example_sensor_decorator.py for tasks to queue
[2026-06-24T12:38:24.895+0300] {logging_mixin.py:188} INFO - [2026-06-24T12:38:24.894+0300] {dagbag.py:540} INFO - Filling up the DagBag from /media/data/omar/programming course/DEPI/DEPI project/anomx/venv/lib/python3.12/site-packages/airflow/example_dags/example_sensor_decorator.py
[2026-06-24T12:38:24.901+0300] {processor.py:840} INFO - DAG(s) 'example_sensor_decorator' retrieved from /media/data/omar/programming course/DEPI/DEPI project/anomx/venv/lib/python3.12/site-packages/airflow/example_dags/example_sensor_decorator.py
[2026-06-24T12:38:24.918+0300] {logging_mixin.py:188} INFO - [2026-06-24T12:38:24.917+0300] {dag.py:3096} INFO - Sync 1 DAGs
[2026-06-24T12:38:24.929+0300] {logging_mixin.py:188} INFO - [2026-06-24T12:38:24.929+0300] {dag.py:3954} INFO - Setting next_dagrun for example_sensor_decorator to None, run_after=None
[2026-06-24T12:38:24.959+0300] {processor.py:183} INFO - Processing /media/data/omar/programming course/DEPI/DEPI project/anomx/venv/lib/python3.12/site-packages/airflow/example_dags/example_sensor_decorator.py took 0.071 seconds
[2026-06-24T12:39:11.699+0300] {processor.py:161} INFO - Started process (PID=30280) to work on /media/data/omar/programming course/DEPI/DEPI project/anomx/venv/lib/python3.12/site-packages/airflow/example_dags/example_sensor_decorator.py
[2026-06-24T12:39:11.701+0300] {processor.py:830} INFO - Processing file /media/data/omar/programming course/DEPI/DEPI project/anomx/venv/lib/python3.12/site-packages/airflow/example_dags/example_sensor_decorator.py for tasks to queue
[2026-06-24T12:39:11.703+0300] {logging_mixin.py:188} INFO - [2026-06-24T12:39:11.702+0300] {dagbag.py:540} INFO - Filling up the DagBag from /media/data/omar/programming course/DEPI/DEPI project/anomx/venv/lib/python3.12/site-packages/airflow/example_dags/example_sensor_decorator.py
[2026-06-24T12:39:11.715+0300] {processor.py:840} INFO - DAG(s) 'example_sensor_decorator' retrieved from /media/data/omar/programming course/DEPI/DEPI project/anomx/venv/lib/python3.12/site-packages/airflow/example_dags/example_sensor_decorator.py
[2026-06-24T12:39:11.738+0300] {logging_mixin.py:188} INFO - [2026-06-24T12:39:11.738+0300] {dag.py:3096} INFO - Sync 1 DAGs
[2026-06-24T12:39:11.747+0300] {logging_mixin.py:188} INFO - [2026-06-24T12:39:11.747+0300] {dag.py:3954} INFO - Setting next_dagrun for example_sensor_decorator to None, run_after=None
[2026-06-24T12:39:11.776+0300] {processor.py:183} INFO - Processing /media/data/omar/programming course/DEPI/DEPI project/anomx/venv/lib/python3.12/site-packages/airflow/example_dags/example_sensor_decorator.py took 0.087 seconds
[2026-06-24T12:39:57.954+0300] {processor.py:161} INFO - Started process (PID=30562) to work on /media/data/omar/programming course/DEPI/DEPI project/anomx/venv/lib/python3.12/site-packages/airflow/example_dags/example_sensor_decorator.py
[2026-06-24T12:39:57.954+0300] {processor.py:830} INFO - Processing file /media/data/omar/programming course/DEPI/DEPI project/anomx/venv/lib/python3.12/site-packages/airflow/example_dags/example_sensor_decorator.py for tasks to queue
[2026-06-24T12:39:57.955+0300] {logging_mixin.py:188} INFO - [2026-06-24T12:39:57.955+0300] {dagbag.py:540} INFO - Filling up the DagBag from /media/data/omar/programming course/DEPI/DEPI project/anomx/venv/lib/python3.12/site-packages/airflow/example_dags/example_sensor_decorator.py
[2026-06-24T12:39:57.962+0300] {processor.py:840} INFO - DAG(s) 'example_sensor_decorator' retrieved from /media/data/omar/programming course/DEPI/DEPI project/anomx/venv/lib/python3.12/site-packages/airflow/example_dags/example_sensor_decorator.py
[2026-06-24T12:39:57.978+0300] {logging_mixin.py:188} INFO - [2026-06-24T12:39:57.977+0300] {dag.py:3096} INFO - Sync 1 DAGs
[2026-06-24T12:39:57.987+0300] {logging_mixin.py:188} INFO - [2026-06-24T12:39:57.987+0300] {dag.py:3954} INFO - Setting next_dagrun for example_sensor_decorator to None, run_after=None
[2026-06-24T12:39:58.016+0300] {processor.py:183} INFO - Processing /media/data/omar/programming course/DEPI/DEPI project/anomx/venv/lib/python3.12/site-packages/airflow/example_dags/example_sensor_decorator.py took 0.068 seconds
[2026-06-24T12:40:44.584+0300] {processor.py:161} INFO - Started process (PID=31170) to work on /media/data/omar/programming course/DEPI/DEPI project/anomx/venv/lib/python3.12/site-packages/airflow/example_dags/example_sensor_decorator.py
[2026-06-24T12:40:44.585+0300] {processor.py:830} INFO - Processing file /media/data/omar/programming course/DEPI/DEPI project/anomx/venv/lib/python3.12/site-packages/airflow/example_dags/example_sensor_decorator.py for tasks to queue
[2026-06-24T12:40:44.586+0300] {logging_mixin.py:188} INFO - [2026-06-24T12:40:44.586+0300] {dagbag.py:540} INFO - Filling up the DagBag from /media/data/omar/programming course/DEPI/DEPI project/anomx/venv/lib/python3.12/site-packages/airflow/example_dags/example_sensor_decorator.py
[2026-06-24T12:40:44.592+0300] {processor.py:840} INFO - DAG(s) 'example_sensor_decorator' retrieved from /media/data/omar/programming course/DEPI/DEPI project/anomx/venv/lib/python3.12/site-packages/airflow/example_dags/example_sensor_decorator.py
[2026-06-24T12:40:44.607+0300] {logging_mixin.py:188} INFO - [2026-06-24T12:40:44.606+0300] {dag.py:3096} INFO - Sync 1 DAGs
[2026-06-24T12:40:44.616+0300] {logging_mixin.py:188} INFO - [2026-06-24T12:40:44.615+0300] {dag.py:3954} INFO - Setting next_dagrun for example_sensor_decorator to None, run_after=None
[2026-06-24T12:40:44.645+0300] {processor.py:183} INFO - Processing /media/data/omar/programming course/DEPI/DEPI project/anomx/venv/lib/python3.12/site-packages/airflow/example_dags/example_sensor_decorator.py took 0.066 seconds
[2026-06-24T12:41:59.351+0300] {processor.py:161} INFO - Started process (PID=31930) to work on /media/data/omar/programming course/DEPI/DEPI project/anomx/venv/lib/python3.12/site-packages/airflow/example_dags/example_sensor_decorator.py
[2026-06-24T12:41:59.356+0300] {processor.py:830} INFO - Processing file /media/data/omar/programming course/DEPI/DEPI project/anomx/venv/lib/python3.12/site-packages/airflow/example_dags/example_sensor_decorator.py for tasks to queue
[2026-06-24T12:41:59.359+0300] {logging_mixin.py:188} INFO - [2026-06-24T12:41:59.358+0300] {dagbag.py:540} INFO - Filling up the DagBag from /media/data/omar/programming course/DEPI/DEPI project/anomx/venv/lib/python3.12/site-packages/airflow/example_dags/example_sensor_decorator.py
[2026-06-24T12:41:59.378+0300] {processor.py:840} INFO - DAG(s) 'example_sensor_decorator' retrieved from /media/data/omar/programming course/DEPI/DEPI project/anomx/venv/lib/python3.12/site-packages/airflow/example_dags/example_sensor_decorator.py
[2026-06-24T12:41:59.427+0300] {logging_mixin.py:188} INFO - [2026-06-24T12:41:59.426+0300] {dag.py:3096} INFO - Sync 1 DAGs
[2026-06-24T12:41:59.439+0300] {logging_mixin.py:188} INFO - [2026-06-24T12:41:59.438+0300] {dag.py:3954} INFO - Setting next_dagrun for example_sensor_decorator to None, run_after=None
[2026-06-24T12:41:59.478+0300] {processor.py:183} INFO - Processing /media/data/omar/programming course/DEPI/DEPI project/anomx/venv/lib/python3.12/site-packages/airflow/example_dags/example_sensor_decorator.py took 0.162 seconds
[2026-06-24T12:42:53.464+0300] {processor.py:161} INFO - Started process (PID=32283) to work on /media/data/omar/programming course/DEPI/DEPI project/anomx/venv/lib/python3.12/site-packages/airflow/example_dags/example_sensor_decorator.py
[2026-06-24T12:42:53.465+0300] {processor.py:830} INFO - Processing file /media/data/omar/programming course/DEPI/DEPI project/anomx/venv/lib/python3.12/site-packages/airflow/example_dags/example_sensor_decorator.py for tasks to queue
[2026-06-24T12:42:53.466+0300] {logging_mixin.py:188} INFO - [2026-06-24T12:42:53.465+0300] {dagbag.py:540} INFO - Filling up the DagBag from /media/data/omar/programming course/DEPI/DEPI project/anomx/venv/lib/python3.12/site-packages/airflow/example_dags/example_sensor_decorator.py
[2026-06-24T12:42:53.472+0300] {processor.py:840} INFO - DAG(s) 'example_sensor_decorator' retrieved from /media/data/omar/programming course/DEPI/DEPI project/anomx/venv/lib/python3.12/site-packages/airflow/example_dags/example_sensor_decorator.py
[2026-06-24T12:42:53.490+0300] {logging_mixin.py:188} INFO - [2026-06-24T12:42:53.490+0300] {dag.py:3096} INFO - Sync 1 DAGs
[2026-06-24T12:42:53.501+0300] {logging_mixin.py:188} INFO - [2026-06-24T12:42:53.501+0300] {dag.py:3954} INFO - Setting next_dagrun for example_sensor_decorator to None, run_after=None
[2026-06-24T12:42:53.540+0300] {processor.py:183} INFO - Processing /media/data/omar/programming course/DEPI/DEPI project/anomx/venv/lib/python3.12/site-packages/airflow/example_dags/example_sensor_decorator.py took 0.082 seconds
[2026-06-24T12:43:45.597+0300] {processor.py:161} INFO - Started process (PID=32883) to work on /media/data/omar/programming course/DEPI/DEPI project/anomx/venv/lib/python3.12/site-packages/airflow/example_dags/example_sensor_decorator.py
[2026-06-24T12:43:45.598+0300] {processor.py:830} INFO - Processing file /media/data/omar/programming course/DEPI/DEPI project/anomx/venv/lib/python3.12/site-packages/airflow/example_dags/example_sensor_decorator.py for tasks to queue
[2026-06-24T12:43:45.599+0300] {logging_mixin.py:188} INFO - [2026-06-24T12:43:45.599+0300] {dagbag.py:540} INFO - Filling up the DagBag from /media/data/omar/programming course/DEPI/DEPI project/anomx/venv/lib/python3.12/site-packages/airflow/example_dags/example_sensor_decorator.py
[2026-06-24T12:43:45.605+0300] {processor.py:840} INFO - DAG(s) 'example_sensor_decorator' retrieved from /media/data/omar/programming course/DEPI/DEPI project/anomx/venv/lib/python3.12/site-packages/airflow/example_dags/example_sensor_decorator.py
[2026-06-24T12:43:45.621+0300] {logging_mixin.py:188} INFO - [2026-06-24T12:43:45.620+0300] {dag.py:3096} INFO - Sync 1 DAGs
[2026-06-24T12:43:45.630+0300] {logging_mixin.py:188} INFO - [2026-06-24T12:43:45.629+0300] {dag.py:3954} INFO - Setting next_dagrun for example_sensor_decorator to None, run_after=None
[2026-06-24T12:43:45.659+0300] {processor.py:183} INFO - Processing /media/data/omar/programming course/DEPI/DEPI project/anomx/venv/lib/python3.12/site-packages/airflow/example_dags/example_sensor_decorator.py took 0.067 seconds
[2026-06-24T12:44:35.140+0300] {processor.py:161} INFO - Started process (PID=33223) to work on /media/data/omar/programming course/DEPI/DEPI project/anomx/venv/lib/python3.12/site-packages/airflow/example_dags/example_sensor_decorator.py
[2026-06-24T12:44:35.141+0300] {processor.py:830} INFO - Processing file /media/data/omar/programming course/DEPI/DEPI project/anomx/venv/lib/python3.12/site-packages/airflow/example_dags/example_sensor_decorator.py for tasks to queue
[2026-06-24T12:44:35.142+0300] {logging_mixin.py:188} INFO - [2026-06-24T12:44:35.141+0300] {dagbag.py:540} INFO - Filling up the DagBag from /media/data/omar/programming course/DEPI/DEPI project/anomx/venv/lib/python3.12/site-packages/airflow/example_dags/example_sensor_decorator.py
[2026-06-24T12:44:35.149+0300] {processor.py:840} INFO - DAG(s) 'example_sensor_decorator' retrieved from /media/data/omar/programming course/DEPI/DEPI project/anomx/venv/lib/python3.12/site-packages/airflow/example_dags/example_sensor_decorator.py
[2026-06-24T12:44:35.164+0300] {logging_mixin.py:188} INFO - [2026-06-24T12:44:35.164+0300] {dag.py:3096} INFO - Sync 1 DAGs
[2026-06-24T12:44:35.173+0300] {logging_mixin.py:188} INFO - [2026-06-24T12:44:35.173+0300] {dag.py:3954} INFO - Setting next_dagrun for example_sensor_decorator to None, run_after=None
[2026-06-24T12:44:35.201+0300] {processor.py:183} INFO - Processing /media/data/omar/programming course/DEPI/DEPI project/anomx/venv/lib/python3.12/site-packages/airflow/example_dags/example_sensor_decorator.py took 0.066 seconds
[2026-06-24T12:45:38.517+0300] {processor.py:161} INFO - Started process (PID=33922) to work on /media/data/omar/programming course/DEPI/DEPI project/anomx/venv/lib/python3.12/site-packages/airflow/example_dags/example_sensor_decorator.py
[2026-06-24T12:45:38.518+0300] {processor.py:830} INFO - Processing file /media/data/omar/programming course/DEPI/DEPI project/anomx/venv/lib/python3.12/site-packages/airflow/example_dags/example_sensor_decorator.py for tasks to queue
[2026-06-24T12:45:38.519+0300] {logging_mixin.py:188} INFO - [2026-06-24T12:45:38.518+0300] {dagbag.py:540} INFO - Filling up the DagBag from /media/data/omar/programming course/DEPI/DEPI project/anomx/venv/lib/python3.12/site-packages/airflow/example_dags/example_sensor_decorator.py
[2026-06-24T12:45:38.525+0300] {processor.py:840} INFO - DAG(s) 'example_sensor_decorator' retrieved from /media/data/omar/programming course/DEPI/DEPI project/anomx/venv/lib/python3.12/site-packages/airflow/example_dags/example_sensor_decorator.py
[2026-06-24T12:45:38.540+0300] {logging_mixin.py:188} INFO - [2026-06-24T12:45:38.539+0300] {dag.py:3096} INFO - Sync 1 DAGs
[2026-06-24T12:45:38.549+0300] {logging_mixin.py:188} INFO - [2026-06-24T12:45:38.548+0300] {dag.py:3954} INFO - Setting next_dagrun for example_sensor_decorator to None, run_after=None
[2026-06-24T12:45:38.577+0300] {processor.py:183} INFO - Processing /media/data/omar/programming course/DEPI/DEPI project/anomx/venv/lib/python3.12/site-packages/airflow/example_dags/example_sensor_decorator.py took 0.065 seconds
[2026-06-24T12:46:28.017+0300] {processor.py:161} INFO - Started process (PID=34261) to work on /media/data/omar/programming course/DEPI/DEPI project/anomx/venv/lib/python3.12/site-packages/airflow/example_dags/example_sensor_decorator.py
[2026-06-24T12:46:28.018+0300] {processor.py:830} INFO - Processing file /media/data/omar/programming course/DEPI/DEPI project/anomx/venv/lib/python3.12/site-packages/airflow/example_dags/example_sensor_decorator.py for tasks to queue
[2026-06-24T12:46:28.019+0300] {logging_mixin.py:188} INFO - [2026-06-24T12:46:28.019+0300] {dagbag.py:540} INFO - Filling up the DagBag from /media/data/omar/programming course/DEPI/DEPI project/anomx/venv/lib/python3.12/site-packages/airflow/example_dags/example_sensor_decorator.py
[2026-06-24T12:46:28.028+0300] {processor.py:840} INFO - DAG(s) 'example_sensor_decorator' retrieved from /media/data/omar/programming course/DEPI/DEPI project/anomx/venv/lib/python3.12/site-packages/airflow/example_dags/example_sensor_decorator.py
[2026-06-24T12:46:28.050+0300] {logging_mixin.py:188} INFO - [2026-06-24T12:46:28.049+0300] {dag.py:3096} INFO - Sync 1 DAGs
[2026-06-24T12:46:28.061+0300] {logging_mixin.py:188} INFO - [2026-06-24T12:46:28.060+0300] {dag.py:3954} INFO - Setting next_dagrun for example_sensor_decorator to None, run_after=None
[2026-06-24T12:46:28.092+0300] {processor.py:183} INFO - Processing /media/data/omar/programming course/DEPI/DEPI project/anomx/venv/lib/python3.12/site-packages/airflow/example_dags/example_sensor_decorator.py took 0.081 seconds
[2026-06-24T12:47:17.686+0300] {processor.py:161} INFO - Started process (PID=34848) to work on /media/data/omar/programming course/DEPI/DEPI project/anomx/venv/lib/python3.12/site-packages/airflow/example_dags/example_sensor_decorator.py
[2026-06-24T12:47:17.687+0300] {processor.py:830} INFO - Processing file /media/data/omar/programming course/DEPI/DEPI project/anomx/venv/lib/python3.12/site-packages/airflow/example_dags/example_sensor_decorator.py for tasks to queue
[2026-06-24T12:47:17.688+0300] {logging_mixin.py:188} INFO - [2026-06-24T12:47:17.688+0300] {dagbag.py:540} INFO - Filling up the DagBag from /media/data/omar/programming course/DEPI/DEPI project/anomx/venv/lib/python3.12/site-packages/airflow/example_dags/example_sensor_decorator.py
[2026-06-24T12:47:17.695+0300] {processor.py:840} INFO - DAG(s) 'example_sensor_decorator' retrieved from /media/data/omar/programming course/DEPI/DEPI project/anomx/venv/lib/python3.12/site-packages/airflow/example_dags/example_sensor_decorator.py
[2026-06-24T12:47:17.712+0300] {logging_mixin.py:188} INFO - [2026-06-24T12:47:17.711+0300] {dag.py:3096} INFO - Sync 1 DAGs
[2026-06-24T12:47:17.723+0300] {logging_mixin.py:188} INFO - [2026-06-24T12:47:17.722+0300] {dag.py:3954} INFO - Setting next_dagrun for example_sensor_decorator to None, run_after=None
[2026-06-24T12:47:17.754+0300] {processor.py:183} INFO - Processing /media/data/omar/programming course/DEPI/DEPI project/anomx/venv/lib/python3.12/site-packages/airflow/example_dags/example_sensor_decorator.py took 0.073 seconds
[2026-06-24T12:48:14.550+0300] {processor.py:161} INFO - Started process (PID=35210) to work on /media/data/omar/programming course/DEPI/DEPI project/anomx/venv/lib/python3.12/site-packages/airflow/example_dags/example_sensor_decorator.py
[2026-06-24T12:48:14.551+0300] {processor.py:830} INFO - Processing file /media/data/omar/programming course/DEPI/DEPI project/anomx/venv/lib/python3.12/site-packages/airflow/example_dags/example_sensor_decorator.py for tasks to queue
[2026-06-24T12:48:14.552+0300] {logging_mixin.py:188} INFO - [2026-06-24T12:48:14.552+0300] {dagbag.py:540} INFO - Filling up the DagBag from /media/data/omar/programming course/DEPI/DEPI project/anomx/venv/lib/python3.12/site-packages/airflow/example_dags/example_sensor_decorator.py
[2026-06-24T12:48:14.559+0300] {processor.py:840} INFO - DAG(s) 'example_sensor_decorator' retrieved from /media/data/omar/programming course/DEPI/DEPI project/anomx/venv/lib/python3.12/site-packages/airflow/example_dags/example_sensor_decorator.py
[2026-06-24T12:48:14.573+0300] {logging_mixin.py:188} INFO - [2026-06-24T12:48:14.573+0300] {dag.py:3096} INFO - Sync 1 DAGs
[2026-06-24T12:48:14.582+0300] {logging_mixin.py:188} INFO - [2026-06-24T12:48:14.582+0300] {dag.py:3954} INFO - Setting next_dagrun for example_sensor_decorator to None, run_after=None
[2026-06-24T12:48:14.610+0300] {processor.py:183} INFO - Processing /media/data/omar/programming course/DEPI/DEPI project/anomx/venv/lib/python3.12/site-packages/airflow/example_dags/example_sensor_decorator.py took 0.065 seconds
[2026-06-24T12:49:06.634+0300] {processor.py:161} INFO - Started process (PID=35804) to work on /media/data/omar/programming course/DEPI/DEPI project/anomx/venv/lib/python3.12/site-packages/airflow/example_dags/example_sensor_decorator.py
[2026-06-24T12:49:06.635+0300] {processor.py:830} INFO - Processing file /media/data/omar/programming course/DEPI/DEPI project/anomx/venv/lib/python3.12/site-packages/airflow/example_dags/example_sensor_decorator.py for tasks to queue
[2026-06-24T12:49:06.636+0300] {logging_mixin.py:188} INFO - [2026-06-24T12:49:06.636+0300] {dagbag.py:540} INFO - Filling up the DagBag from /media/data/omar/programming course/DEPI/DEPI project/anomx/venv/lib/python3.12/site-packages/airflow/example_dags/example_sensor_decorator.py
[2026-06-24T12:49:06.645+0300] {processor.py:840} INFO - DAG(s) 'example_sensor_decorator' retrieved from /media/data/omar/programming course/DEPI/DEPI project/anomx/venv/lib/python3.12/site-packages/airflow/example_dags/example_sensor_decorator.py
[2026-06-24T12:49:06.662+0300] {logging_mixin.py:188} INFO - [2026-06-24T12:49:06.661+0300] {dag.py:3096} INFO - Sync 1 DAGs
[2026-06-24T12:49:06.674+0300] {logging_mixin.py:188} INFO - [2026-06-24T12:49:06.673+0300] {dag.py:3954} INFO - Setting next_dagrun for example_sensor_decorator to None, run_after=None
[2026-06-24T12:49:06.713+0300] {processor.py:183} INFO - Processing /media/data/omar/programming course/DEPI/DEPI project/anomx/venv/lib/python3.12/site-packages/airflow/example_dags/example_sensor_decorator.py took 0.085 seconds
[2026-06-24T12:50:00.684+0300] {processor.py:161} INFO - Started process (PID=36135) to work on /media/data/omar/programming course/DEPI/DEPI project/anomx/venv/lib/python3.12/site-packages/airflow/example_dags/example_sensor_decorator.py
[2026-06-24T12:50:00.685+0300] {processor.py:830} INFO - Processing file /media/data/omar/programming course/DEPI/DEPI project/anomx/venv/lib/python3.12/site-packages/airflow/example_dags/example_sensor_decorator.py for tasks to queue
[2026-06-24T12:50:00.687+0300] {logging_mixin.py:188} INFO - [2026-06-24T12:50:00.686+0300] {dagbag.py:540} INFO - Filling up the DagBag from /media/data/omar/programming course/DEPI/DEPI project/anomx/venv/lib/python3.12/site-packages/airflow/example_dags/example_sensor_decorator.py
[2026-06-24T12:50:00.696+0300] {processor.py:840} INFO - DAG(s) 'example_sensor_decorator' retrieved from /media/data/omar/programming course/DEPI/DEPI project/anomx/venv/lib/python3.12/site-packages/airflow/example_dags/example_sensor_decorator.py
[2026-06-24T12:50:00.719+0300] {logging_mixin.py:188} INFO - [2026-06-24T12:50:00.719+0300] {dag.py:3096} INFO - Sync 1 DAGs
[2026-06-24T12:50:00.733+0300] {logging_mixin.py:188} INFO - [2026-06-24T12:50:00.732+0300] {dag.py:3954} INFO - Setting next_dagrun for example_sensor_decorator to None, run_after=None
[2026-06-24T12:50:00.769+0300] {processor.py:183} INFO - Processing /media/data/omar/programming course/DEPI/DEPI project/anomx/venv/lib/python3.12/site-packages/airflow/example_dags/example_sensor_decorator.py took 0.093 seconds
[2026-06-24T12:50:55.985+0300] {processor.py:161} INFO - Started process (PID=36839) to work on /media/data/omar/programming course/DEPI/DEPI project/anomx/venv/lib/python3.12/site-packages/airflow/example_dags/example_sensor_decorator.py
[2026-06-24T12:50:55.986+0300] {processor.py:830} INFO - Processing file /media/data/omar/programming course/DEPI/DEPI project/anomx/venv/lib/python3.12/site-packages/airflow/example_dags/example_sensor_decorator.py for tasks to queue
[2026-06-24T12:50:55.987+0300] {logging_mixin.py:188} INFO - [2026-06-24T12:50:55.986+0300] {dagbag.py:540} INFO - Filling up the DagBag from /media/data/omar/programming course/DEPI/DEPI project/anomx/venv/lib/python3.12/site-packages/airflow/example_dags/example_sensor_decorator.py
[2026-06-24T12:50:55.993+0300] {processor.py:840} INFO - DAG(s) 'example_sensor_decorator' retrieved from /media/data/omar/programming course/DEPI/DEPI project/anomx/venv/lib/python3.12/site-packages/airflow/example_dags/example_sensor_decorator.py
[2026-06-24T12:50:56.010+0300] {logging_mixin.py:188} INFO - [2026-06-24T12:50:56.010+0300] {dag.py:3096} INFO - Sync 1 DAGs
[2026-06-24T12:50:56.020+0300] {logging_mixin.py:188} INFO - [2026-06-24T12:50:56.020+0300] {dag.py:3954} INFO - Setting next_dagrun for example_sensor_decorator to None, run_after=None
[2026-06-24T12:50:56.051+0300] {processor.py:183} INFO - Processing /media/data/omar/programming course/DEPI/DEPI project/anomx/venv/lib/python3.12/site-packages/airflow/example_dags/example_sensor_decorator.py took 0.072 seconds
[2026-06-24T12:51:47.433+0300] {processor.py:161} INFO - Started process (PID=37152) to work on /media/data/omar/programming course/DEPI/DEPI project/anomx/venv/lib/python3.12/site-packages/airflow/example_dags/example_sensor_decorator.py
[2026-06-24T12:51:47.434+0300] {processor.py:830} INFO - Processing file /media/data/omar/programming course/DEPI/DEPI project/anomx/venv/lib/python3.12/site-packages/airflow/example_dags/example_sensor_decorator.py for tasks to queue
[2026-06-24T12:51:47.435+0300] {logging_mixin.py:188} INFO - [2026-06-24T12:51:47.434+0300] {dagbag.py:540} INFO - Filling up the DagBag from /media/data/omar/programming course/DEPI/DEPI project/anomx/venv/lib/python3.12/site-packages/airflow/example_dags/example_sensor_decorator.py
[2026-06-24T12:51:47.442+0300] {processor.py:840} INFO - DAG(s) 'example_sensor_decorator' retrieved from /media/data/omar/programming course/DEPI/DEPI project/anomx/venv/lib/python3.12/site-packages/airflow/example_dags/example_sensor_decorator.py
[2026-06-24T12:51:47.458+0300] {logging_mixin.py:188} INFO - [2026-06-24T12:51:47.457+0300] {dag.py:3096} INFO - Sync 1 DAGs
[2026-06-24T12:51:47.467+0300] {logging_mixin.py:188} INFO - [2026-06-24T12:51:47.466+0300] {dag.py:3954} INFO - Setting next_dagrun for example_sensor_decorator to None, run_after=None
[2026-06-24T12:51:47.496+0300] {processor.py:183} INFO - Processing /media/data/omar/programming course/DEPI/DEPI project/anomx/venv/lib/python3.12/site-packages/airflow/example_dags/example_sensor_decorator.py took 0.073 seconds
[2026-06-24T12:52:38.683+0300] {processor.py:161} INFO - Started process (PID=37753) to work on /media/data/omar/programming course/DEPI/DEPI project/anomx/venv/lib/python3.12/site-packages/airflow/example_dags/example_sensor_decorator.py
[2026-06-24T12:52:38.684+0300] {processor.py:830} INFO - Processing file /media/data/omar/programming course/DEPI/DEPI project/anomx/venv/lib/python3.12/site-packages/airflow/example_dags/example_sensor_decorator.py for tasks to queue
[2026-06-24T12:52:38.685+0300] {logging_mixin.py:188} INFO - [2026-06-24T12:52:38.685+0300] {dagbag.py:540} INFO - Filling up the DagBag from /media/data/omar/programming course/DEPI/DEPI project/anomx/venv/lib/python3.12/site-packages/airflow/example_dags/example_sensor_decorator.py
[2026-06-24T12:52:38.692+0300] {processor.py:840} INFO - DAG(s) 'example_sensor_decorator' retrieved from /media/data/omar/programming course/DEPI/DEPI project/anomx/venv/lib/python3.12/site-packages/airflow/example_dags/example_sensor_decorator.py
[2026-06-24T12:52:38.712+0300] {logging_mixin.py:188} INFO - [2026-06-24T12:52:38.712+0300] {dag.py:3096} INFO - Sync 1 DAGs
[2026-06-24T12:52:38.725+0300] {logging_mixin.py:188} INFO - [2026-06-24T12:52:38.724+0300] {dag.py:3954} INFO - Setting next_dagrun for example_sensor_decorator to None, run_after=None
[2026-06-24T12:52:38.758+0300] {processor.py:183} INFO - Processing /media/data/omar/programming course/DEPI/DEPI project/anomx/venv/lib/python3.12/site-packages/airflow/example_dags/example_sensor_decorator.py took 0.083 seconds
[2026-06-24T12:53:29.736+0300] {processor.py:161} INFO - Started process (PID=38087) to work on /media/data/omar/programming course/DEPI/DEPI project/anomx/venv/lib/python3.12/site-packages/airflow/example_dags/example_sensor_decorator.py
[2026-06-24T12:53:29.736+0300] {processor.py:830} INFO - Processing file /media/data/omar/programming course/DEPI/DEPI project/anomx/venv/lib/python3.12/site-packages/airflow/example_dags/example_sensor_decorator.py for tasks to queue
[2026-06-24T12:53:29.737+0300] {logging_mixin.py:188} INFO - [2026-06-24T12:53:29.737+0300] {dagbag.py:540} INFO - Filling up the DagBag from /media/data/omar/programming course/DEPI/DEPI project/anomx/venv/lib/python3.12/site-packages/airflow/example_dags/example_sensor_decorator.py
[2026-06-24T12:53:29.744+0300] {processor.py:840} INFO - DAG(s) 'example_sensor_decorator' retrieved from /media/data/omar/programming course/DEPI/DEPI project/anomx/venv/lib/python3.12/site-packages/airflow/example_dags/example_sensor_decorator.py
[2026-06-24T12:53:29.759+0300] {logging_mixin.py:188} INFO - [2026-06-24T12:53:29.758+0300] {dag.py:3096} INFO - Sync 1 DAGs
[2026-06-24T12:53:29.768+0300] {logging_mixin.py:188} INFO - [2026-06-24T12:53:29.767+0300] {dag.py:3954} INFO - Setting next_dagrun for example_sensor_decorator to None, run_after=None
[2026-06-24T12:53:29.800+0300] {processor.py:183} INFO - Processing /media/data/omar/programming course/DEPI/DEPI project/anomx/venv/lib/python3.12/site-packages/airflow/example_dags/example_sensor_decorator.py took 0.069 seconds
[2026-06-24T12:54:22.881+0300] {processor.py:161} INFO - Started process (PID=38698) to work on /media/data/omar/programming course/DEPI/DEPI project/anomx/venv/lib/python3.12/site-packages/airflow/example_dags/example_sensor_decorator.py
[2026-06-24T12:54:22.883+0300] {processor.py:830} INFO - Processing file /media/data/omar/programming course/DEPI/DEPI project/anomx/venv/lib/python3.12/site-packages/airflow/example_dags/example_sensor_decorator.py for tasks to queue
[2026-06-24T12:54:22.884+0300] {logging_mixin.py:188} INFO - [2026-06-24T12:54:22.884+0300] {dagbag.py:540} INFO - Filling up the DagBag from /media/data/omar/programming course/DEPI/DEPI project/anomx/venv/lib/python3.12/site-packages/airflow/example_dags/example_sensor_decorator.py
[2026-06-24T12:54:22.897+0300] {processor.py:840} INFO - DAG(s) 'example_sensor_decorator' retrieved from /media/data/omar/programming course/DEPI/DEPI project/anomx/venv/lib/python3.12/site-packages/airflow/example_dags/example_sensor_decorator.py
[2026-06-24T12:54:22.922+0300] {logging_mixin.py:188} INFO - [2026-06-24T12:54:22.921+0300] {dag.py:3096} INFO - Sync 1 DAGs
[2026-06-24T12:54:22.934+0300] {logging_mixin.py:188} INFO - [2026-06-24T12:54:22.933+0300] {dag.py:3954} INFO - Setting next_dagrun for example_sensor_decorator to None, run_after=None
[2026-06-24T12:54:22.967+0300] {processor.py:183} INFO - Processing /media/data/omar/programming course/DEPI/DEPI project/anomx/venv/lib/python3.12/site-packages/airflow/example_dags/example_sensor_decorator.py took 0.097 seconds
[2026-06-24T12:55:21.260+0300] {processor.py:161} INFO - Started process (PID=39083) to work on /media/data/omar/programming course/DEPI/DEPI project/anomx/venv/lib/python3.12/site-packages/airflow/example_dags/example_sensor_decorator.py
[2026-06-24T12:55:21.261+0300] {processor.py:830} INFO - Processing file /media/data/omar/programming course/DEPI/DEPI project/anomx/venv/lib/python3.12/site-packages/airflow/example_dags/example_sensor_decorator.py for tasks to queue
[2026-06-24T12:55:21.262+0300] {logging_mixin.py:188} INFO - [2026-06-24T12:55:21.261+0300] {dagbag.py:540} INFO - Filling up the DagBag from /media/data/omar/programming course/DEPI/DEPI project/anomx/venv/lib/python3.12/site-packages/airflow/example_dags/example_sensor_decorator.py
[2026-06-24T12:55:21.268+0300] {processor.py:840} INFO - DAG(s) 'example_sensor_decorator' retrieved from /media/data/omar/programming course/DEPI/DEPI project/anomx/venv/lib/python3.12/site-packages/airflow/example_dags/example_sensor_decorator.py
[2026-06-24T12:55:21.282+0300] {logging_mixin.py:188} INFO - [2026-06-24T12:55:21.282+0300] {dag.py:3096} INFO - Sync 1 DAGs
[2026-06-24T12:55:21.291+0300] {logging_mixin.py:188} INFO - [2026-06-24T12:55:21.291+0300] {dag.py:3954} INFO - Setting next_dagrun for example_sensor_decorator to None, run_after=None
[2026-06-24T12:55:21.318+0300] {processor.py:183} INFO - Processing /media/data/omar/programming course/DEPI/DEPI project/anomx/venv/lib/python3.12/site-packages/airflow/example_dags/example_sensor_decorator.py took 0.063 seconds
[2026-06-24T12:56:34.087+0300] {processor.py:161} INFO - Started process (PID=39780) to work on /media/data/omar/programming course/DEPI/DEPI project/anomx/venv/lib/python3.12/site-packages/airflow/example_dags/example_sensor_decorator.py
[2026-06-24T12:56:34.090+0300] {processor.py:830} INFO - Processing file /media/data/omar/programming course/DEPI/DEPI project/anomx/venv/lib/python3.12/site-packages/airflow/example_dags/example_sensor_decorator.py for tasks to queue
[2026-06-24T12:56:34.092+0300] {logging_mixin.py:188} INFO - [2026-06-24T12:56:34.091+0300] {dagbag.py:540} INFO - Filling up the DagBag from /media/data/omar/programming course/DEPI/DEPI project/anomx/venv/lib/python3.12/site-packages/airflow/example_dags/example_sensor_decorator.py
[2026-06-24T12:56:34.102+0300] {processor.py:840} INFO - DAG(s) 'example_sensor_decorator' retrieved from /media/data/omar/programming course/DEPI/DEPI project/anomx/venv/lib/python3.12/site-packages/airflow/example_dags/example_sensor_decorator.py
[2026-06-24T12:56:34.122+0300] {logging_mixin.py:188} INFO - [2026-06-24T12:56:34.121+0300] {dag.py:3096} INFO - Sync 1 DAGs
[2026-06-24T12:56:34.131+0300] {logging_mixin.py:188} INFO - [2026-06-24T12:56:34.131+0300] {dag.py:3954} INFO - Setting next_dagrun for example_sensor_decorator to None, run_after=None
[2026-06-24T12:56:34.159+0300] {processor.py:183} INFO - Processing /media/data/omar/programming course/DEPI/DEPI project/anomx/venv/lib/python3.12/site-packages/airflow/example_dags/example_sensor_decorator.py took 0.087 seconds
[2026-06-24T12:57:29.954+0300] {processor.py:161} INFO - Started process (PID=40129) to work on /media/data/omar/programming course/DEPI/DEPI project/anomx/venv/lib/python3.12/site-packages/airflow/example_dags/example_sensor_decorator.py
[2026-06-24T12:57:29.955+0300] {processor.py:830} INFO - Processing file /media/data/omar/programming course/DEPI/DEPI project/anomx/venv/lib/python3.12/site-packages/airflow/example_dags/example_sensor_decorator.py for tasks to queue
[2026-06-24T12:57:29.956+0300] {logging_mixin.py:188} INFO - [2026-06-24T12:57:29.956+0300] {dagbag.py:540} INFO - Filling up the DagBag from /media/data/omar/programming course/DEPI/DEPI project/anomx/venv/lib/python3.12/site-packages/airflow/example_dags/example_sensor_decorator.py
[2026-06-24T12:57:29.962+0300] {processor.py:840} INFO - DAG(s) 'example_sensor_decorator' retrieved from /media/data/omar/programming course/DEPI/DEPI project/anomx/venv/lib/python3.12/site-packages/airflow/example_dags/example_sensor_decorator.py
[2026-06-24T12:57:29.977+0300] {logging_mixin.py:188} INFO - [2026-06-24T12:57:29.977+0300] {dag.py:3096} INFO - Sync 1 DAGs
[2026-06-24T12:57:29.986+0300] {logging_mixin.py:188} INFO - [2026-06-24T12:57:29.985+0300] {dag.py:3954} INFO - Setting next_dagrun for example_sensor_decorator to None, run_after=None
[2026-06-24T12:57:30.015+0300] {processor.py:183} INFO - Processing /media/data/omar/programming course/DEPI/DEPI project/anomx/venv/lib/python3.12/site-packages/airflow/example_dags/example_sensor_decorator.py took 0.066 seconds
[2026-06-24T12:58:22.389+0300] {processor.py:161} INFO - Started process (PID=40761) to work on /media/data/omar/programming course/DEPI/DEPI project/anomx/venv/lib/python3.12/site-packages/airflow/example_dags/example_sensor_decorator.py
[2026-06-24T12:58:22.390+0300] {processor.py:830} INFO - Processing file /media/data/omar/programming course/DEPI/DEPI project/anomx/venv/lib/python3.12/site-packages/airflow/example_dags/example_sensor_decorator.py for tasks to queue
[2026-06-24T12:58:22.391+0300] {logging_mixin.py:188} INFO - [2026-06-24T12:58:22.390+0300] {dagbag.py:540} INFO - Filling up the DagBag from /media/data/omar/programming course/DEPI/DEPI project/anomx/venv/lib/python3.12/site-packages/airflow/example_dags/example_sensor_decorator.py
[2026-06-24T12:58:22.397+0300] {processor.py:840} INFO - DAG(s) 'example_sensor_decorator' retrieved from /media/data/omar/programming course/DEPI/DEPI project/anomx/venv/lib/python3.12/site-packages/airflow/example_dags/example_sensor_decorator.py
[2026-06-24T12:58:22.414+0300] {logging_mixin.py:188} INFO - [2026-06-24T12:58:22.413+0300] {dag.py:3096} INFO - Sync 1 DAGs
[2026-06-24T12:58:22.429+0300] {logging_mixin.py:188} INFO - [2026-06-24T12:58:22.428+0300] {dag.py:3954} INFO - Setting next_dagrun for example_sensor_decorator to None, run_after=None
[2026-06-24T12:58:22.466+0300] {processor.py:183} INFO - Processing /media/data/omar/programming course/DEPI/DEPI project/anomx/venv/lib/python3.12/site-packages/airflow/example_dags/example_sensor_decorator.py took 0.083 seconds
[2026-06-24T12:59:13.613+0300] {processor.py:161} INFO - Started process (PID=41056) to work on /media/data/omar/programming course/DEPI/DEPI project/anomx/venv/lib/python3.12/site-packages/airflow/example_dags/example_sensor_decorator.py
[2026-06-24T12:59:13.614+0300] {processor.py:830} INFO - Processing file /media/data/omar/programming course/DEPI/DEPI project/anomx/venv/lib/python3.12/site-packages/airflow/example_dags/example_sensor_decorator.py for tasks to queue
[2026-06-24T12:59:13.616+0300] {logging_mixin.py:188} INFO - [2026-06-24T12:59:13.615+0300] {dagbag.py:540} INFO - Filling up the DagBag from /media/data/omar/programming course/DEPI/DEPI project/anomx/venv/lib/python3.12/site-packages/airflow/example_dags/example_sensor_decorator.py
[2026-06-24T12:59:13.625+0300] {processor.py:840} INFO - DAG(s) 'example_sensor_decorator' retrieved from /media/data/omar/programming course/DEPI/DEPI project/anomx/venv/lib/python3.12/site-packages/airflow/example_dags/example_sensor_decorator.py
[2026-06-24T12:59:13.645+0300] {logging_mixin.py:188} INFO - [2026-06-24T12:59:13.645+0300] {dag.py:3096} INFO - Sync 1 DAGs
[2026-06-24T12:59:13.655+0300] {logging_mixin.py:188} INFO - [2026-06-24T12:59:13.655+0300] {dag.py:3954} INFO - Setting next_dagrun for example_sensor_decorator to None, run_after=None
[2026-06-24T12:59:13.687+0300] {processor.py:183} INFO - Processing /media/data/omar/programming course/DEPI/DEPI project/anomx/venv/lib/python3.12/site-packages/airflow/example_dags/example_sensor_decorator.py took 0.082 seconds
[2026-06-24T13:00:04.578+0300] {processor.py:161} INFO - Started process (PID=41633) to work on /media/data/omar/programming course/DEPI/DEPI project/anomx/venv/lib/python3.12/site-packages/airflow/example_dags/example_sensor_decorator.py
[2026-06-24T13:00:04.581+0300] {processor.py:830} INFO - Processing file /media/data/omar/programming course/DEPI/DEPI project/anomx/venv/lib/python3.12/site-packages/airflow/example_dags/example_sensor_decorator.py for tasks to queue
[2026-06-24T13:00:04.583+0300] {logging_mixin.py:188} INFO - [2026-06-24T13:00:04.582+0300] {dagbag.py:540} INFO - Filling up the DagBag from /media/data/omar/programming course/DEPI/DEPI project/anomx/venv/lib/python3.12/site-packages/airflow/example_dags/example_sensor_decorator.py
[2026-06-24T13:00:04.594+0300] {processor.py:840} INFO - DAG(s) 'example_sensor_decorator' retrieved from /media/data/omar/programming course/DEPI/DEPI project/anomx/venv/lib/python3.12/site-packages/airflow/example_dags/example_sensor_decorator.py
[2026-06-24T13:00:04.611+0300] {logging_mixin.py:188} INFO - [2026-06-24T13:00:04.611+0300] {dag.py:3096} INFO - Sync 1 DAGs
[2026-06-24T13:00:04.620+0300] {logging_mixin.py:188} INFO - [2026-06-24T13:00:04.620+0300] {dag.py:3954} INFO - Setting next_dagrun for example_sensor_decorator to None, run_after=None
[2026-06-24T13:00:04.652+0300] {processor.py:183} INFO - Processing /media/data/omar/programming course/DEPI/DEPI project/anomx/venv/lib/python3.12/site-packages/airflow/example_dags/example_sensor_decorator.py took 0.092 seconds
[2026-06-24T13:00:54.391+0300] {processor.py:161} INFO - Started process (PID=41971) to work on /media/data/omar/programming course/DEPI/DEPI project/anomx/venv/lib/python3.12/site-packages/airflow/example_dags/example_sensor_decorator.py
[2026-06-24T13:00:54.392+0300] {processor.py:830} INFO - Processing file /media/data/omar/programming course/DEPI/DEPI project/anomx/venv/lib/python3.12/site-packages/airflow/example_dags/example_sensor_decorator.py for tasks to queue
[2026-06-24T13:00:54.393+0300] {logging_mixin.py:188} INFO - [2026-06-24T13:00:54.393+0300] {dagbag.py:540} INFO - Filling up the DagBag from /media/data/omar/programming course/DEPI/DEPI project/anomx/venv/lib/python3.12/site-packages/airflow/example_dags/example_sensor_decorator.py
[2026-06-24T13:00:54.401+0300] {processor.py:840} INFO - DAG(s) 'example_sensor_decorator' retrieved from /media/data/omar/programming course/DEPI/DEPI project/anomx/venv/lib/python3.12/site-packages/airflow/example_dags/example_sensor_decorator.py
[2026-06-24T13:00:54.419+0300] {logging_mixin.py:188} INFO - [2026-06-24T13:00:54.419+0300] {dag.py:3096} INFO - Sync 1 DAGs
[2026-06-24T13:00:54.433+0300] {logging_mixin.py:188} INFO - [2026-06-24T13:00:54.432+0300] {dag.py:3954} INFO - Setting next_dagrun for example_sensor_decorator to None, run_after=None
[2026-06-24T13:00:54.465+0300] {processor.py:183} INFO - Processing /media/data/omar/programming course/DEPI/DEPI project/anomx/venv/lib/python3.12/site-packages/airflow/example_dags/example_sensor_decorator.py took 0.080 seconds
[2026-06-24T13:01:45.119+0300] {processor.py:161} INFO - Started process (PID=42548) to work on /media/data/omar/programming course/DEPI/DEPI project/anomx/venv/lib/python3.12/site-packages/airflow/example_dags/example_sensor_decorator.py
[2026-06-24T13:01:45.120+0300] {processor.py:830} INFO - Processing file /media/data/omar/programming course/DEPI/DEPI project/anomx/venv/lib/python3.12/site-packages/airflow/example_dags/example_sensor_decorator.py for tasks to queue
[2026-06-24T13:01:45.121+0300] {logging_mixin.py:188} INFO - [2026-06-24T13:01:45.120+0300] {dagbag.py:540} INFO - Filling up the DagBag from /media/data/omar/programming course/DEPI/DEPI project/anomx/venv/lib/python3.12/site-packages/airflow/example_dags/example_sensor_decorator.py
[2026-06-24T13:01:45.128+0300] {processor.py:840} INFO - DAG(s) 'example_sensor_decorator' retrieved from /media/data/omar/programming course/DEPI/DEPI project/anomx/venv/lib/python3.12/site-packages/airflow/example_dags/example_sensor_decorator.py
[2026-06-24T13:01:45.145+0300] {logging_mixin.py:188} INFO - [2026-06-24T13:01:45.145+0300] {dag.py:3096} INFO - Sync 1 DAGs
[2026-06-24T13:01:45.155+0300] {logging_mixin.py:188} INFO - [2026-06-24T13:01:45.155+0300] {dag.py:3954} INFO - Setting next_dagrun for example_sensor_decorator to None, run_after=None
[2026-06-24T13:01:45.186+0300] {processor.py:183} INFO - Processing /media/data/omar/programming course/DEPI/DEPI project/anomx/venv/lib/python3.12/site-packages/airflow/example_dags/example_sensor_decorator.py took 0.074 seconds
[2026-06-24T13:02:36.157+0300] {processor.py:161} INFO - Started process (PID=42906) to work on /media/data/omar/programming course/DEPI/DEPI project/anomx/venv/lib/python3.12/site-packages/airflow/example_dags/example_sensor_decorator.py
[2026-06-24T13:02:36.158+0300] {processor.py:830} INFO - Processing file /media/data/omar/programming course/DEPI/DEPI project/anomx/venv/lib/python3.12/site-packages/airflow/example_dags/example_sensor_decorator.py for tasks to queue
[2026-06-24T13:02:36.159+0300] {logging_mixin.py:188} INFO - [2026-06-24T13:02:36.159+0300] {dagbag.py:540} INFO - Filling up the DagBag from /media/data/omar/programming course/DEPI/DEPI project/anomx/venv/lib/python3.12/site-packages/airflow/example_dags/example_sensor_decorator.py
[2026-06-24T13:02:36.167+0300] {processor.py:840} INFO - DAG(s) 'example_sensor_decorator' retrieved from /media/data/omar/programming course/DEPI/DEPI project/anomx/venv/lib/python3.12/site-packages/airflow/example_dags/example_sensor_decorator.py
[2026-06-24T13:02:36.185+0300] {logging_mixin.py:188} INFO - [2026-06-24T13:02:36.185+0300] {dag.py:3096} INFO - Sync 1 DAGs
[2026-06-24T13:02:36.197+0300] {logging_mixin.py:188} INFO - [2026-06-24T13:02:36.197+0300] {dag.py:3954} INFO - Setting next_dagrun for example_sensor_decorator to None, run_after=None
[2026-06-24T13:02:36.231+0300] {processor.py:183} INFO - Processing /media/data/omar/programming course/DEPI/DEPI project/anomx/venv/lib/python3.12/site-packages/airflow/example_dags/example_sensor_decorator.py took 0.080 seconds
[2026-06-24T13:03:26.992+0300] {processor.py:161} INFO - Started process (PID=43483) to work on /media/data/omar/programming course/DEPI/DEPI project/anomx/venv/lib/python3.12/site-packages/airflow/example_dags/example_sensor_decorator.py
[2026-06-24T13:03:26.993+0300] {processor.py:830} INFO - Processing file /media/data/omar/programming course/DEPI/DEPI project/anomx/venv/lib/python3.12/site-packages/airflow/example_dags/example_sensor_decorator.py for tasks to queue
[2026-06-24T13:03:26.994+0300] {logging_mixin.py:188} INFO - [2026-06-24T13:03:26.993+0300] {dagbag.py:540} INFO - Filling up the DagBag from /media/data/omar/programming course/DEPI/DEPI project/anomx/venv/lib/python3.12/site-packages/airflow/example_dags/example_sensor_decorator.py
[2026-06-24T13:03:27.000+0300] {processor.py:840} INFO - DAG(s) 'example_sensor_decorator' retrieved from /media/data/omar/programming course/DEPI/DEPI project/anomx/venv/lib/python3.12/site-packages/airflow/example_dags/example_sensor_decorator.py
[2026-06-24T13:03:27.015+0300] {logging_mixin.py:188} INFO - [2026-06-24T13:03:27.014+0300] {dag.py:3096} INFO - Sync 1 DAGs
[2026-06-24T13:03:27.024+0300] {logging_mixin.py:188} INFO - [2026-06-24T13:03:27.024+0300] {dag.py:3954} INFO - Setting next_dagrun for example_sensor_decorator to None, run_after=None
[2026-06-24T13:03:27.051+0300] {processor.py:183} INFO - Processing /media/data/omar/programming course/DEPI/DEPI project/anomx/venv/lib/python3.12/site-packages/airflow/example_dags/example_sensor_decorator.py took 0.064 seconds
[2026-06-24T13:04:15.018+0300] {processor.py:161} INFO - Started process (PID=43801) to work on /media/data/omar/programming course/DEPI/DEPI project/anomx/venv/lib/python3.12/site-packages/airflow/example_dags/example_sensor_decorator.py
[2026-06-24T13:04:15.018+0300] {processor.py:830} INFO - Processing file /media/data/omar/programming course/DEPI/DEPI project/anomx/venv/lib/python3.12/site-packages/airflow/example_dags/example_sensor_decorator.py for tasks to queue
[2026-06-24T13:04:15.019+0300] {logging_mixin.py:188} INFO - [2026-06-24T13:04:15.019+0300] {dagbag.py:540} INFO - Filling up the DagBag from /media/data/omar/programming course/DEPI/DEPI project/anomx/venv/lib/python3.12/site-packages/airflow/example_dags/example_sensor_decorator.py
[2026-06-24T13:04:15.025+0300] {processor.py:840} INFO - DAG(s) 'example_sensor_decorator' retrieved from /media/data/omar/programming course/DEPI/DEPI project/anomx/venv/lib/python3.12/site-packages/airflow/example_dags/example_sensor_decorator.py
[2026-06-24T13:04:15.044+0300] {logging_mixin.py:188} INFO - [2026-06-24T13:04:15.044+0300] {dag.py:3096} INFO - Sync 1 DAGs
[2026-06-24T13:04:15.057+0300] {logging_mixin.py:188} INFO - [2026-06-24T13:04:15.057+0300] {dag.py:3954} INFO - Setting next_dagrun for example_sensor_decorator to None, run_after=None
[2026-06-24T13:04:15.094+0300] {processor.py:183} INFO - Processing /media/data/omar/programming course/DEPI/DEPI project/anomx/venv/lib/python3.12/site-packages/airflow/example_dags/example_sensor_decorator.py took 0.081 seconds
[2026-06-24T13:05:04.875+0300] {processor.py:161} INFO - Started process (PID=44390) to work on /media/data/omar/programming course/DEPI/DEPI project/anomx/venv/lib/python3.12/site-packages/airflow/example_dags/example_sensor_decorator.py
[2026-06-24T13:05:04.875+0300] {processor.py:830} INFO - Processing file /media/data/omar/programming course/DEPI/DEPI project/anomx/venv/lib/python3.12/site-packages/airflow/example_dags/example_sensor_decorator.py for tasks to queue
[2026-06-24T13:05:04.877+0300] {logging_mixin.py:188} INFO - [2026-06-24T13:05:04.876+0300] {dagbag.py:540} INFO - Filling up the DagBag from /media/data/omar/programming course/DEPI/DEPI project/anomx/venv/lib/python3.12/site-packages/airflow/example_dags/example_sensor_decorator.py
[2026-06-24T13:05:04.884+0300] {processor.py:840} INFO - DAG(s) 'example_sensor_decorator' retrieved from /media/data/omar/programming course/DEPI/DEPI project/anomx/venv/lib/python3.12/site-packages/airflow/example_dags/example_sensor_decorator.py
[2026-06-24T13:05:04.902+0300] {logging_mixin.py:188} INFO - [2026-06-24T13:05:04.901+0300] {dag.py:3096} INFO - Sync 1 DAGs
[2026-06-24T13:05:04.912+0300] {logging_mixin.py:188} INFO - [2026-06-24T13:05:04.912+0300] {dag.py:3954} INFO - Setting next_dagrun for example_sensor_decorator to None, run_after=None
[2026-06-24T13:05:04.947+0300] {processor.py:183} INFO - Processing /media/data/omar/programming course/DEPI/DEPI project/anomx/venv/lib/python3.12/site-packages/airflow/example_dags/example_sensor_decorator.py took 0.078 seconds
[2026-06-24T13:05:57.664+0300] {processor.py:161} INFO - Started process (PID=44736) to work on /media/data/omar/programming course/DEPI/DEPI project/anomx/venv/lib/python3.12/site-packages/airflow/example_dags/example_sensor_decorator.py
[2026-06-24T13:05:57.666+0300] {processor.py:830} INFO - Processing file /media/data/omar/programming course/DEPI/DEPI project/anomx/venv/lib/python3.12/site-packages/airflow/example_dags/example_sensor_decorator.py for tasks to queue
[2026-06-24T13:05:57.669+0300] {logging_mixin.py:188} INFO - [2026-06-24T13:05:57.667+0300] {dagbag.py:540} INFO - Filling up the DagBag from /media/data/omar/programming course/DEPI/DEPI project/anomx/venv/lib/python3.12/site-packages/airflow/example_dags/example_sensor_decorator.py
[2026-06-24T13:05:57.679+0300] {processor.py:840} INFO - DAG(s) 'example_sensor_decorator' retrieved from /media/data/omar/programming course/DEPI/DEPI project/anomx/venv/lib/python3.12/site-packages/airflow/example_dags/example_sensor_decorator.py
[2026-06-24T13:05:57.698+0300] {logging_mixin.py:188} INFO - [2026-06-24T13:05:57.697+0300] {dag.py:3096} INFO - Sync 1 DAGs
[2026-06-24T13:05:57.707+0300] {logging_mixin.py:188} INFO - [2026-06-24T13:05:57.707+0300] {dag.py:3954} INFO - Setting next_dagrun for example_sensor_decorator to None, run_after=None
[2026-06-24T13:05:57.736+0300] {processor.py:183} INFO - Processing /media/data/omar/programming course/DEPI/DEPI project/anomx/venv/lib/python3.12/site-packages/airflow/example_dags/example_sensor_decorator.py took 0.095 seconds
[2026-06-24T13:06:54.502+0300] {processor.py:161} INFO - Started process (PID=45344) to work on /media/data/omar/programming course/DEPI/DEPI project/anomx/venv/lib/python3.12/site-packages/airflow/example_dags/example_sensor_decorator.py
[2026-06-24T13:06:54.503+0300] {processor.py:830} INFO - Processing file /media/data/omar/programming course/DEPI/DEPI project/anomx/venv/lib/python3.12/site-packages/airflow/example_dags/example_sensor_decorator.py for tasks to queue
[2026-06-24T13:06:54.505+0300] {logging_mixin.py:188} INFO - [2026-06-24T13:06:54.504+0300] {dagbag.py:540} INFO - Filling up the DagBag from /media/data/omar/programming course/DEPI/DEPI project/anomx/venv/lib/python3.12/site-packages/airflow/example_dags/example_sensor_decorator.py
[2026-06-24T13:06:54.512+0300] {processor.py:840} INFO - DAG(s) 'example_sensor_decorator' retrieved from /media/data/omar/programming course/DEPI/DEPI project/anomx/venv/lib/python3.12/site-packages/airflow/example_dags/example_sensor_decorator.py
[2026-06-24T13:06:54.529+0300] {logging_mixin.py:188} INFO - [2026-06-24T13:06:54.528+0300] {dag.py:3096} INFO - Sync 1 DAGs
[2026-06-24T13:06:54.539+0300] {logging_mixin.py:188} INFO - [2026-06-24T13:06:54.538+0300] {dag.py:3954} INFO - Setting next_dagrun for example_sensor_decorator to None, run_after=None
[2026-06-24T13:06:54.568+0300] {processor.py:183} INFO - Processing /media/data/omar/programming course/DEPI/DEPI project/anomx/venv/lib/python3.12/site-packages/airflow/example_dags/example_sensor_decorator.py took 0.073 seconds
[2026-06-24T13:08:35.585+0300] {processor.py:161} INFO - Started process (PID=46447) to work on /media/data/omar/programming course/DEPI/DEPI project/anomx/venv/lib/python3.12/site-packages/airflow/example_dags/example_sensor_decorator.py
[2026-06-24T13:08:35.587+0300] {processor.py:830} INFO - Processing file /media/data/omar/programming course/DEPI/DEPI project/anomx/venv/lib/python3.12/site-packages/airflow/example_dags/example_sensor_decorator.py for tasks to queue
[2026-06-24T13:08:35.588+0300] {logging_mixin.py:188} INFO - [2026-06-24T13:08:35.588+0300] {dagbag.py:540} INFO - Filling up the DagBag from /media/data/omar/programming course/DEPI/DEPI project/anomx/venv/lib/python3.12/site-packages/airflow/example_dags/example_sensor_decorator.py
[2026-06-24T13:08:35.596+0300] {processor.py:840} INFO - DAG(s) 'example_sensor_decorator' retrieved from /media/data/omar/programming course/DEPI/DEPI project/anomx/venv/lib/python3.12/site-packages/airflow/example_dags/example_sensor_decorator.py
[2026-06-24T13:08:35.612+0300] {logging_mixin.py:188} INFO - [2026-06-24T13:08:35.612+0300] {dag.py:3096} INFO - Sync 1 DAGs
[2026-06-24T13:08:35.621+0300] {logging_mixin.py:188} INFO - [2026-06-24T13:08:35.621+0300] {dag.py:3954} INFO - Setting next_dagrun for example_sensor_decorator to None, run_after=None
[2026-06-24T13:08:35.654+0300] {processor.py:183} INFO - Processing /media/data/omar/programming course/DEPI/DEPI project/anomx/venv/lib/python3.12/site-packages/airflow/example_dags/example_sensor_decorator.py took 0.077 seconds
[2026-06-24T13:12:21.547+0300] {processor.py:161} INFO - Started process (PID=48763) to work on /media/data/omar/programming course/DEPI/DEPI project/anomx/venv/lib/python3.12/site-packages/airflow/example_dags/example_sensor_decorator.py
[2026-06-24T13:12:21.549+0300] {processor.py:830} INFO - Processing file /media/data/omar/programming course/DEPI/DEPI project/anomx/venv/lib/python3.12/site-packages/airflow/example_dags/example_sensor_decorator.py for tasks to queue
[2026-06-24T13:12:21.554+0300] {logging_mixin.py:188} INFO - [2026-06-24T13:12:21.552+0300] {dagbag.py:540} INFO - Filling up the DagBag from /media/data/omar/programming course/DEPI/DEPI project/anomx/venv/lib/python3.12/site-packages/airflow/example_dags/example_sensor_decorator.py
[2026-06-24T13:12:21.560+0300] {processor.py:840} INFO - DAG(s) 'example_sensor_decorator' retrieved from /media/data/omar/programming course/DEPI/DEPI project/anomx/venv/lib/python3.12/site-packages/airflow/example_dags/example_sensor_decorator.py
[2026-06-24T13:12:21.589+0300] {logging_mixin.py:188} INFO - [2026-06-24T13:12:21.588+0300] {dag.py:3096} INFO - Sync 1 DAGs
[2026-06-24T13:12:21.605+0300] {logging_mixin.py:188} INFO - [2026-06-24T13:12:21.605+0300] {dag.py:3954} INFO - Setting next_dagrun for example_sensor_decorator to None, run_after=None
[2026-06-24T13:12:21.665+0300] {processor.py:183} INFO - Processing /media/data/omar/programming course/DEPI/DEPI project/anomx/venv/lib/python3.12/site-packages/airflow/example_dags/example_sensor_decorator.py took 0.123 seconds
[2026-06-24T13:13:17.378+0300] {processor.py:161} INFO - Started process (PID=49486) to work on /media/data/omar/programming course/DEPI/DEPI project/anomx/venv/lib/python3.12/site-packages/airflow/example_dags/example_sensor_decorator.py
[2026-06-24T13:13:17.379+0300] {processor.py:830} INFO - Processing file /media/data/omar/programming course/DEPI/DEPI project/anomx/venv/lib/python3.12/site-packages/airflow/example_dags/example_sensor_decorator.py for tasks to queue
[2026-06-24T13:13:17.380+0300] {logging_mixin.py:188} INFO - [2026-06-24T13:13:17.380+0300] {dagbag.py:540} INFO - Filling up the DagBag from /media/data/omar/programming course/DEPI/DEPI project/anomx/venv/lib/python3.12/site-packages/airflow/example_dags/example_sensor_decorator.py
[2026-06-24T13:13:17.386+0300] {processor.py:840} INFO - DAG(s) 'example_sensor_decorator' retrieved from /media/data/omar/programming course/DEPI/DEPI project/anomx/venv/lib/python3.12/site-packages/airflow/example_dags/example_sensor_decorator.py
[2026-06-24T13:13:17.401+0300] {logging_mixin.py:188} INFO - [2026-06-24T13:13:17.401+0300] {dag.py:3096} INFO - Sync 1 DAGs
[2026-06-24T13:13:17.410+0300] {logging_mixin.py:188} INFO - [2026-06-24T13:13:17.409+0300] {dag.py:3954} INFO - Setting next_dagrun for example_sensor_decorator to None, run_after=None
[2026-06-24T13:13:17.441+0300] {processor.py:183} INFO - Processing /media/data/omar/programming course/DEPI/DEPI project/anomx/venv/lib/python3.12/site-packages/airflow/example_dags/example_sensor_decorator.py took 0.068 seconds
[2026-06-24T13:14:13.612+0300] {processor.py:161} INFO - Started process (PID=49823) to work on /media/data/omar/programming course/DEPI/DEPI project/anomx/venv/lib/python3.12/site-packages/airflow/example_dags/example_sensor_decorator.py
[2026-06-24T13:14:13.613+0300] {processor.py:830} INFO - Processing file /media/data/omar/programming course/DEPI/DEPI project/anomx/venv/lib/python3.12/site-packages/airflow/example_dags/example_sensor_decorator.py for tasks to queue
[2026-06-24T13:14:13.614+0300] {logging_mixin.py:188} INFO - [2026-06-24T13:14:13.614+0300] {dagbag.py:540} INFO - Filling up the DagBag from /media/data/omar/programming course/DEPI/DEPI project/anomx/venv/lib/python3.12/site-packages/airflow/example_dags/example_sensor_decorator.py
[2026-06-24T13:14:13.621+0300] {processor.py:840} INFO - DAG(s) 'example_sensor_decorator' retrieved from /media/data/omar/programming course/DEPI/DEPI project/anomx/venv/lib/python3.12/site-packages/airflow/example_dags/example_sensor_decorator.py
[2026-06-24T13:14:13.639+0300] {logging_mixin.py:188} INFO - [2026-06-24T13:14:13.639+0300] {dag.py:3096} INFO - Sync 1 DAGs
[2026-06-24T13:14:13.655+0300] {logging_mixin.py:188} INFO - [2026-06-24T13:14:13.654+0300] {dag.py:3954} INFO - Setting next_dagrun for example_sensor_decorator to None, run_after=None
[2026-06-24T13:14:13.721+0300] {processor.py:183} INFO - Processing /media/data/omar/programming course/DEPI/DEPI project/anomx/venv/lib/python3.12/site-packages/airflow/example_dags/example_sensor_decorator.py took 0.116 seconds
[2026-06-24T13:15:07.192+0300] {processor.py:161} INFO - Started process (PID=50473) to work on /media/data/omar/programming course/DEPI/DEPI project/anomx/venv/lib/python3.12/site-packages/airflow/example_dags/example_sensor_decorator.py
[2026-06-24T13:15:07.193+0300] {processor.py:830} INFO - Processing file /media/data/omar/programming course/DEPI/DEPI project/anomx/venv/lib/python3.12/site-packages/airflow/example_dags/example_sensor_decorator.py for tasks to queue
[2026-06-24T13:15:07.194+0300] {logging_mixin.py:188} INFO - [2026-06-24T13:15:07.194+0300] {dagbag.py:540} INFO - Filling up the DagBag from /media/data/omar/programming course/DEPI/DEPI project/anomx/venv/lib/python3.12/site-packages/airflow/example_dags/example_sensor_decorator.py
[2026-06-24T13:15:07.200+0300] {processor.py:840} INFO - DAG(s) 'example_sensor_decorator' retrieved from /media/data/omar/programming course/DEPI/DEPI project/anomx/venv/lib/python3.12/site-packages/airflow/example_dags/example_sensor_decorator.py
[2026-06-24T13:15:07.217+0300] {logging_mixin.py:188} INFO - [2026-06-24T13:15:07.216+0300] {dag.py:3096} INFO - Sync 1 DAGs
[2026-06-24T13:15:07.227+0300] {logging_mixin.py:188} INFO - [2026-06-24T13:15:07.227+0300] {dag.py:3954} INFO - Setting next_dagrun for example_sensor_decorator to None, run_after=None
[2026-06-24T13:15:07.259+0300] {processor.py:183} INFO - Processing /media/data/omar/programming course/DEPI/DEPI project/anomx/venv/lib/python3.12/site-packages/airflow/example_dags/example_sensor_decorator.py took 0.074 seconds
[2026-06-24T13:15:56.532+0300] {processor.py:161} INFO - Started process (PID=50780) to work on /media/data/omar/programming course/DEPI/DEPI project/anomx/venv/lib/python3.12/site-packages/airflow/example_dags/example_sensor_decorator.py
[2026-06-24T13:15:56.533+0300] {processor.py:830} INFO - Processing file /media/data/omar/programming course/DEPI/DEPI project/anomx/venv/lib/python3.12/site-packages/airflow/example_dags/example_sensor_decorator.py for tasks to queue
[2026-06-24T13:15:56.534+0300] {logging_mixin.py:188} INFO - [2026-06-24T13:15:56.534+0300] {dagbag.py:540} INFO - Filling up the DagBag from /media/data/omar/programming course/DEPI/DEPI project/anomx/venv/lib/python3.12/site-packages/airflow/example_dags/example_sensor_decorator.py
[2026-06-24T13:15:56.541+0300] {processor.py:840} INFO - DAG(s) 'example_sensor_decorator' retrieved from /media/data/omar/programming course/DEPI/DEPI project/anomx/venv/lib/python3.12/site-packages/airflow/example_dags/example_sensor_decorator.py
[2026-06-24T13:15:56.557+0300] {logging_mixin.py:188} INFO - [2026-06-24T13:15:56.556+0300] {dag.py:3096} INFO - Sync 1 DAGs
[2026-06-24T13:15:56.566+0300] {logging_mixin.py:188} INFO - [2026-06-24T13:15:56.565+0300] {dag.py:3954} INFO - Setting next_dagrun for example_sensor_decorator to None, run_after=None
[2026-06-24T13:15:56.593+0300] {processor.py:183} INFO - Processing /media/data/omar/programming course/DEPI/DEPI project/anomx/venv/lib/python3.12/site-packages/airflow/example_dags/example_sensor_decorator.py took 0.067 seconds
[2026-06-24T13:16:47.748+0300] {processor.py:161} INFO - Started process (PID=51396) to work on /media/data/omar/programming course/DEPI/DEPI project/anomx/venv/lib/python3.12/site-packages/airflow/example_dags/example_sensor_decorator.py
[2026-06-24T13:16:47.750+0300] {processor.py:830} INFO - Processing file /media/data/omar/programming course/DEPI/DEPI project/anomx/venv/lib/python3.12/site-packages/airflow/example_dags/example_sensor_decorator.py for tasks to queue
[2026-06-24T13:16:47.751+0300] {logging_mixin.py:188} INFO - [2026-06-24T13:16:47.751+0300] {dagbag.py:540} INFO - Filling up the DagBag from /media/data/omar/programming course/DEPI/DEPI project/anomx/venv/lib/python3.12/site-packages/airflow/example_dags/example_sensor_decorator.py
[2026-06-24T13:16:47.761+0300] {processor.py:840} INFO - DAG(s) 'example_sensor_decorator' retrieved from /media/data/omar/programming course/DEPI/DEPI project/anomx/venv/lib/python3.12/site-packages/airflow/example_dags/example_sensor_decorator.py
[2026-06-24T13:16:47.780+0300] {logging_mixin.py:188} INFO - [2026-06-24T13:16:47.779+0300] {dag.py:3096} INFO - Sync 1 DAGs
[2026-06-24T13:16:47.791+0300] {logging_mixin.py:188} INFO - [2026-06-24T13:16:47.790+0300] {dag.py:3954} INFO - Setting next_dagrun for example_sensor_decorator to None, run_after=None
[2026-06-24T13:16:47.823+0300] {processor.py:183} INFO - Processing /media/data/omar/programming course/DEPI/DEPI project/anomx/venv/lib/python3.12/site-packages/airflow/example_dags/example_sensor_decorator.py took 0.084 seconds
[2026-06-24T13:17:40.303+0300] {processor.py:161} INFO - Started process (PID=51736) to work on /media/data/omar/programming course/DEPI/DEPI project/anomx/venv/lib/python3.12/site-packages/airflow/example_dags/example_sensor_decorator.py
[2026-06-24T13:17:40.304+0300] {processor.py:830} INFO - Processing file /media/data/omar/programming course/DEPI/DEPI project/anomx/venv/lib/python3.12/site-packages/airflow/example_dags/example_sensor_decorator.py for tasks to queue
[2026-06-24T13:17:40.306+0300] {logging_mixin.py:188} INFO - [2026-06-24T13:17:40.305+0300] {dagbag.py:540} INFO - Filling up the DagBag from /media/data/omar/programming course/DEPI/DEPI project/anomx/venv/lib/python3.12/site-packages/airflow/example_dags/example_sensor_decorator.py
[2026-06-24T13:17:40.315+0300] {processor.py:840} INFO - DAG(s) 'example_sensor_decorator' retrieved from /media/data/omar/programming course/DEPI/DEPI project/anomx/venv/lib/python3.12/site-packages/airflow/example_dags/example_sensor_decorator.py
[2026-06-24T13:17:40.338+0300] {logging_mixin.py:188} INFO - [2026-06-24T13:17:40.338+0300] {dag.py:3096} INFO - Sync 1 DAGs
[2026-06-24T13:17:40.353+0300] {logging_mixin.py:188} INFO - [2026-06-24T13:17:40.353+0300] {dag.py:3954} INFO - Setting next_dagrun for example_sensor_decorator to None, run_after=None
[2026-06-24T13:17:40.386+0300] {processor.py:183} INFO - Processing /media/data/omar/programming course/DEPI/DEPI project/anomx/venv/lib/python3.12/site-packages/airflow/example_dags/example_sensor_decorator.py took 0.089 seconds
[2026-06-24T13:18:28.953+0300] {processor.py:161} INFO - Started process (PID=52360) to work on /media/data/omar/programming course/DEPI/DEPI project/anomx/venv/lib/python3.12/site-packages/airflow/example_dags/example_sensor_decorator.py
[2026-06-24T13:18:28.955+0300] {processor.py:830} INFO - Processing file /media/data/omar/programming course/DEPI/DEPI project/anomx/venv/lib/python3.12/site-packages/airflow/example_dags/example_sensor_decorator.py for tasks to queue
[2026-06-24T13:18:28.958+0300] {logging_mixin.py:188} INFO - [2026-06-24T13:18:28.957+0300] {dagbag.py:540} INFO - Filling up the DagBag from /media/data/omar/programming course/DEPI/DEPI project/anomx/venv/lib/python3.12/site-packages/airflow/example_dags/example_sensor_decorator.py
[2026-06-24T13:18:28.969+0300] {processor.py:840} INFO - DAG(s) 'example_sensor_decorator' retrieved from /media/data/omar/programming course/DEPI/DEPI project/anomx/venv/lib/python3.12/site-packages/airflow/example_dags/example_sensor_decorator.py
[2026-06-24T13:18:28.986+0300] {logging_mixin.py:188} INFO - [2026-06-24T13:18:28.986+0300] {dag.py:3096} INFO - Sync 1 DAGs
[2026-06-24T13:18:28.994+0300] {logging_mixin.py:188} INFO - [2026-06-24T13:18:28.994+0300] {dag.py:3954} INFO - Setting next_dagrun for example_sensor_decorator to None, run_after=None
[2026-06-24T13:18:29.030+0300] {processor.py:183} INFO - Processing /media/data/omar/programming course/DEPI/DEPI project/anomx/venv/lib/python3.12/site-packages/airflow/example_dags/example_sensor_decorator.py took 0.098 seconds
