[2026-06-24T11:52:47.637+0300] {processor.py:161} INFO - Started process (PID=10795) to work on /media/data/omar/programming course/DEPI/DEPI project/anomx/venv/lib/python3.12/site-packages/airflow/example_dags/example_sla_dag.py
[2026-06-24T11:52:47.640+0300] {processor.py:830} INFO - Processing file /media/data/omar/programming course/DEPI/DEPI project/anomx/venv/lib/python3.12/site-packages/airflow/example_dags/example_sla_dag.py for tasks to queue
[2026-06-24T11:52:47.645+0300] {logging_mixin.py:188} INFO - [2026-06-24T11:52:47.644+0300] {dagbag.py:540} INFO - Filling up the DagBag from /media/data/omar/programming course/DEPI/DEPI project/anomx/venv/lib/python3.12/site-packages/airflow/example_dags/example_sla_dag.py
[2026-06-24T11:52:47.673+0300] {processor.py:840} INFO - DAG(s) 'example_sla_dag' retrieved from /media/data/omar/programming course/DEPI/DEPI project/anomx/venv/lib/python3.12/site-packages/airflow/example_dags/example_sla_dag.py
[2026-06-24T11:52:47.725+0300] {logging_mixin.py:188} INFO - [2026-06-24T11:52:47.725+0300] {dag.py:3096} INFO - Sync 1 DAGs
[2026-06-24T11:52:47.737+0300] {logging_mixin.py:188} INFO - [2026-06-24T11:52:47.736+0300] {dag.py:3118} INFO - Creating ORM DAG for example_sla_dag
[2026-06-24T11:52:47.747+0300] {logging_mixin.py:188} INFO - [2026-06-24T11:52:47.747+0300] {dag.py:3954} INFO - Setting next_dagrun for example_sla_dag to 2026-06-24 08:50:00+00:00, run_after=2026-06-24 08:52:00+00:00
[2026-06-24T11:52:47.770+0300] {processor.py:183} INFO - Processing /media/data/omar/programming course/DEPI/DEPI project/anomx/venv/lib/python3.12/site-packages/airflow/example_dags/example_sla_dag.py took 0.151 seconds
[2026-06-24T11:54:22.455+0300] {processor.py:161} INFO - Started process (PID=12025) to work on /media/data/omar/programming course/DEPI/DEPI project/anomx/venv/lib/python3.12/site-packages/airflow/example_dags/example_sla_dag.py
[2026-06-24T11:54:22.455+0300] {processor.py:830} INFO - Processing file /media/data/omar/programming course/DEPI/DEPI project/anomx/venv/lib/python3.12/site-packages/airflow/example_dags/example_sla_dag.py for tasks to queue
[2026-06-24T11:54:22.458+0300] {logging_mixin.py:188} INFO - [2026-06-24T11:54:22.457+0300] {dagbag.py:540} INFO - Filling up the DagBag from /media/data/omar/programming course/DEPI/DEPI project/anomx/venv/lib/python3.12/site-packages/airflow/example_dags/example_sla_dag.py
[2026-06-24T11:54:22.469+0300] {processor.py:840} INFO - DAG(s) 'example_sla_dag' retrieved from /media/data/omar/programming course/DEPI/DEPI project/anomx/venv/lib/python3.12/site-packages/airflow/example_dags/example_sla_dag.py
[2026-06-24T11:54:22.489+0300] {logging_mixin.py:188} INFO - [2026-06-24T11:54:22.489+0300] {dag.py:3096} INFO - Sync 1 DAGs
[2026-06-24T11:54:22.520+0300] {logging_mixin.py:188} INFO - [2026-06-24T11:54:22.520+0300] {dag.py:3954} INFO - Setting next_dagrun for example_sla_dag to 2026-06-24 08:52:00+00:00, run_after=2026-06-24 08:54:00+00:00
[2026-06-24T11:54:22.562+0300] {processor.py:183} INFO - Processing /media/data/omar/programming course/DEPI/DEPI project/anomx/venv/lib/python3.12/site-packages/airflow/example_dags/example_sla_dag.py took 0.112 seconds
[2026-06-24T11:55:28.253+0300] {processor.py:161} INFO - Started process (PID=12510) to work on /media/data/omar/programming course/DEPI/DEPI project/anomx/venv/lib/python3.12/site-packages/airflow/example_dags/example_sla_dag.py
[2026-06-24T11:55:28.257+0300] {processor.py:830} INFO - Processing file /media/data/omar/programming course/DEPI/DEPI project/anomx/venv/lib/python3.12/site-packages/airflow/example_dags/example_sla_dag.py for tasks to queue
[2026-06-24T11:55:28.261+0300] {logging_mixin.py:188} INFO - [2026-06-24T11:55:28.260+0300] {dagbag.py:540} INFO - Filling up the DagBag from /media/data/omar/programming course/DEPI/DEPI project/anomx/venv/lib/python3.12/site-packages/airflow/example_dags/example_sla_dag.py
[2026-06-24T11:55:28.277+0300] {processor.py:840} INFO - DAG(s) 'example_sla_dag' retrieved from /media/data/omar/programming course/DEPI/DEPI project/anomx/venv/lib/python3.12/site-packages/airflow/example_dags/example_sla_dag.py
[2026-06-24T11:55:28.322+0300] {logging_mixin.py:188} INFO - [2026-06-24T11:55:28.321+0300] {dag.py:3096} INFO - Sync 1 DAGs
[2026-06-24T11:55:28.372+0300] {logging_mixin.py:188} INFO - [2026-06-24T11:55:28.369+0300] {dag.py:3954} INFO - Setting next_dagrun for example_sla_dag to 2026-06-24 08:52:00+00:00, run_after=2026-06-24 08:54:00+00:00
[2026-06-24T11:55:28.439+0300] {processor.py:183} INFO - Processing /media/data/omar/programming course/DEPI/DEPI project/anomx/venv/lib/python3.12/site-packages/airflow/example_dags/example_sla_dag.py took 0.200 seconds
[2026-06-24T11:56:26.284+0300] {processor.py:161} INFO - Started process (PID=13147) to work on /media/data/omar/programming course/DEPI/DEPI project/anomx/venv/lib/python3.12/site-packages/airflow/example_dags/example_sla_dag.py
[2026-06-24T11:56:26.284+0300] {processor.py:830} INFO - Processing file /media/data/omar/programming course/DEPI/DEPI project/anomx/venv/lib/python3.12/site-packages/airflow/example_dags/example_sla_dag.py for tasks to queue
[2026-06-24T11:56:26.286+0300] {logging_mixin.py:188} INFO - [2026-06-24T11:56:26.286+0300] {dagbag.py:540} INFO - Filling up the DagBag from /media/data/omar/programming course/DEPI/DEPI project/anomx/venv/lib/python3.12/site-packages/airflow/example_dags/example_sla_dag.py
[2026-06-24T11:56:26.294+0300] {processor.py:840} INFO - DAG(s) 'example_sla_dag' retrieved from /media/data/omar/programming course/DEPI/DEPI project/anomx/venv/lib/python3.12/site-packages/airflow/example_dags/example_sla_dag.py
[2026-06-24T11:56:26.307+0300] {logging_mixin.py:188} INFO - [2026-06-24T11:56:26.307+0300] {dag.py:3096} INFO - Sync 1 DAGs
[2026-06-24T11:56:26.324+0300] {logging_mixin.py:188} INFO - [2026-06-24T11:56:26.324+0300] {dag.py:3954} INFO - Setting next_dagrun for example_sla_dag to 2026-06-24 08:54:00+00:00, run_after=2026-06-24 08:56:00+00:00
[2026-06-24T11:56:26.351+0300] {processor.py:183} INFO - Processing /media/data/omar/programming course/DEPI/DEPI project/anomx/venv/lib/python3.12/site-packages/airflow/example_dags/example_sla_dag.py took 0.071 seconds
[2026-06-24T11:57:15.016+0300] {processor.py:161} INFO - Started process (PID=13452) to work on /media/data/omar/programming course/DEPI/DEPI project/anomx/venv/lib/python3.12/site-packages/airflow/example_dags/example_sla_dag.py
[2026-06-24T11:57:15.017+0300] {processor.py:830} INFO - Processing file /media/data/omar/programming course/DEPI/DEPI project/anomx/venv/lib/python3.12/site-packages/airflow/example_dags/example_sla_dag.py for tasks to queue
[2026-06-24T11:57:15.018+0300] {logging_mixin.py:188} INFO - [2026-06-24T11:57:15.018+0300] {dagbag.py:540} INFO - Filling up the DagBag from /media/data/omar/programming course/DEPI/DEPI project/anomx/venv/lib/python3.12/site-packages/airflow/example_dags/example_sla_dag.py
[2026-06-24T11:57:15.026+0300] {processor.py:840} INFO - DAG(s) 'example_sla_dag' retrieved from /media/data/omar/programming course/DEPI/DEPI project/anomx/venv/lib/python3.12/site-packages/airflow/example_dags/example_sla_dag.py
[2026-06-24T11:57:15.039+0300] {logging_mixin.py:188} INFO - [2026-06-24T11:57:15.039+0300] {dag.py:3096} INFO - Sync 1 DAGs
[2026-06-24T11:57:15.057+0300] {logging_mixin.py:188} INFO - [2026-06-24T11:57:15.057+0300] {dag.py:3954} INFO - Setting next_dagrun for example_sla_dag to 2026-06-24 08:54:00+00:00, run_after=2026-06-24 08:56:00+00:00
[2026-06-24T11:57:15.085+0300] {processor.py:183} INFO - Processing /media/data/omar/programming course/DEPI/DEPI project/anomx/venv/lib/python3.12/site-packages/airflow/example_dags/example_sla_dag.py took 0.074 seconds
[2026-06-24T11:58:10.662+0300] {processor.py:161} INFO - Started process (PID=14073) to work on /media/data/omar/programming course/DEPI/DEPI project/anomx/venv/lib/python3.12/site-packages/airflow/example_dags/example_sla_dag.py
[2026-06-24T11:58:10.664+0300] {processor.py:830} INFO - Processing file /media/data/omar/programming course/DEPI/DEPI project/anomx/venv/lib/python3.12/site-packages/airflow/example_dags/example_sla_dag.py for tasks to queue
[2026-06-24T11:58:10.666+0300] {logging_mixin.py:188} INFO - [2026-06-24T11:58:10.666+0300] {dagbag.py:540} INFO - Filling up the DagBag from /media/data/omar/programming course/DEPI/DEPI project/anomx/venv/lib/python3.12/site-packages/airflow/example_dags/example_sla_dag.py
[2026-06-24T11:58:10.677+0300] {processor.py:840} INFO - DAG(s) 'example_sla_dag' retrieved from /media/data/omar/programming course/DEPI/DEPI project/anomx/venv/lib/python3.12/site-packages/airflow/example_dags/example_sla_dag.py
[2026-06-24T11:58:10.694+0300] {logging_mixin.py:188} INFO - [2026-06-24T11:58:10.694+0300] {dag.py:3096} INFO - Sync 1 DAGs
[2026-06-24T11:58:10.715+0300] {logging_mixin.py:188} INFO - [2026-06-24T11:58:10.715+0300] {dag.py:3954} INFO - Setting next_dagrun for example_sla_dag to 2026-06-24 08:56:00+00:00, run_after=2026-06-24 08:58:00+00:00
[2026-06-24T11:58:10.746+0300] {processor.py:183} INFO - Processing /media/data/omar/programming course/DEPI/DEPI project/anomx/venv/lib/python3.12/site-packages/airflow/example_dags/example_sla_dag.py took 0.090 seconds
[2026-06-24T12:36:31.964+0300] {processor.py:161} INFO - Started process (PID=28557) to work on /media/data/omar/programming course/DEPI/DEPI project/anomx/venv/lib/python3.12/site-packages/airflow/example_dags/example_sla_dag.py
[2026-06-24T12:36:31.965+0300] {processor.py:830} INFO - Processing file /media/data/omar/programming course/DEPI/DEPI project/anomx/venv/lib/python3.12/site-packages/airflow/example_dags/example_sla_dag.py for tasks to queue
[2026-06-24T12:36:31.966+0300] {logging_mixin.py:188} INFO - [2026-06-24T12:36:31.965+0300] {dagbag.py:540} INFO - Filling up the DagBag from /media/data/omar/programming course/DEPI/DEPI project/anomx/venv/lib/python3.12/site-packages/airflow/example_dags/example_sla_dag.py
[2026-06-24T12:36:31.973+0300] {processor.py:840} INFO - DAG(s) 'example_sla_dag' retrieved from /media/data/omar/programming course/DEPI/DEPI project/anomx/venv/lib/python3.12/site-packages/airflow/example_dags/example_sla_dag.py
[2026-06-24T12:36:31.989+0300] {logging_mixin.py:188} INFO - [2026-06-24T12:36:31.988+0300] {dag.py:3096} INFO - Sync 1 DAGs
[2026-06-24T12:36:32.007+0300] {logging_mixin.py:188} INFO - [2026-06-24T12:36:32.007+0300] {dag.py:3954} INFO - Setting next_dagrun for example_sla_dag to 2026-06-24 09:34:00+00:00, run_after=2026-06-24 09:36:00+00:00
[2026-06-24T12:36:32.035+0300] {processor.py:183} INFO - Processing /media/data/omar/programming course/DEPI/DEPI project/anomx/venv/lib/python3.12/site-packages/airflow/example_dags/example_sla_dag.py took 0.076 seconds
[2026-06-24T12:37:24.768+0300] {processor.py:161} INFO - Started process (PID=29192) to work on /media/data/omar/programming course/DEPI/DEPI project/anomx/venv/lib/python3.12/site-packages/airflow/example_dags/example_sla_dag.py
[2026-06-24T12:37:24.769+0300] {processor.py:830} INFO - Processing file /media/data/omar/programming course/DEPI/DEPI project/anomx/venv/lib/python3.12/site-packages/airflow/example_dags/example_sla_dag.py for tasks to queue
[2026-06-24T12:37:24.770+0300] {logging_mixin.py:188} INFO - [2026-06-24T12:37:24.769+0300] {dagbag.py:540} INFO - Filling up the DagBag from /media/data/omar/programming course/DEPI/DEPI project/anomx/venv/lib/python3.12/site-packages/airflow/example_dags/example_sla_dag.py
[2026-06-24T12:37:24.777+0300] {processor.py:840} INFO - DAG(s) 'example_sla_dag' retrieved from /media/data/omar/programming course/DEPI/DEPI project/anomx/venv/lib/python3.12/site-packages/airflow/example_dags/example_sla_dag.py
[2026-06-24T12:37:24.791+0300] {logging_mixin.py:188} INFO - [2026-06-24T12:37:24.791+0300] {dag.py:3096} INFO - Sync 1 DAGs
[2026-06-24T12:37:24.817+0300] {logging_mixin.py:188} INFO - [2026-06-24T12:37:24.816+0300] {dag.py:3954} INFO - Setting next_dagrun for example_sla_dag to 2026-06-24 09:34:00+00:00, run_after=2026-06-24 09:36:00+00:00
[2026-06-24T12:37:24.847+0300] {processor.py:183} INFO - Processing /media/data/omar/programming course/DEPI/DEPI project/anomx/venv/lib/python3.12/site-packages/airflow/example_dags/example_sla_dag.py took 0.085 seconds
[2026-06-24T12:38:17.365+0300] {processor.py:161} INFO - Started process (PID=29646) to work on /media/data/omar/programming course/DEPI/DEPI project/anomx/venv/lib/python3.12/site-packages/airflow/example_dags/example_sla_dag.py
[2026-06-24T12:38:17.366+0300] {processor.py:830} INFO - Processing file /media/data/omar/programming course/DEPI/DEPI project/anomx/venv/lib/python3.12/site-packages/airflow/example_dags/example_sla_dag.py for tasks to queue
[2026-06-24T12:38:17.367+0300] {logging_mixin.py:188} INFO - [2026-06-24T12:38:17.367+0300] {dagbag.py:540} INFO - Filling up the DagBag from /media/data/omar/programming course/DEPI/DEPI project/anomx/venv/lib/python3.12/site-packages/airflow/example_dags/example_sla_dag.py
[2026-06-24T12:38:17.374+0300] {processor.py:840} INFO - DAG(s) 'example_sla_dag' retrieved from /media/data/omar/programming course/DEPI/DEPI project/anomx/venv/lib/python3.12/site-packages/airflow/example_dags/example_sla_dag.py
[2026-06-24T12:38:17.389+0300] {logging_mixin.py:188} INFO - [2026-06-24T12:38:17.389+0300] {dag.py:3096} INFO - Sync 1 DAGs
[2026-06-24T12:38:17.406+0300] {logging_mixin.py:188} INFO - [2026-06-24T12:38:17.405+0300] {dag.py:3954} INFO - Setting next_dagrun for example_sla_dag to 2026-06-24 09:36:00+00:00, run_after=2026-06-24 09:38:00+00:00
[2026-06-24T12:38:17.435+0300] {processor.py:183} INFO - Processing /media/data/omar/programming course/DEPI/DEPI project/anomx/venv/lib/python3.12/site-packages/airflow/example_dags/example_sla_dag.py took 0.074 seconds
[2026-06-24T12:39:04.827+0300] {processor.py:161} INFO - Started process (PID=30228) to work on /media/data/omar/programming course/DEPI/DEPI project/anomx/venv/lib/python3.12/site-packages/airflow/example_dags/example_sla_dag.py
[2026-06-24T12:39:04.829+0300] {processor.py:830} INFO - Processing file /media/data/omar/programming course/DEPI/DEPI project/anomx/venv/lib/python3.12/site-packages/airflow/example_dags/example_sla_dag.py for tasks to queue
[2026-06-24T12:39:04.830+0300] {logging_mixin.py:188} INFO - [2026-06-24T12:39:04.830+0300] {dagbag.py:540} INFO - Filling up the DagBag from /media/data/omar/programming course/DEPI/DEPI project/anomx/venv/lib/python3.12/site-packages/airflow/example_dags/example_sla_dag.py
[2026-06-24T12:39:04.841+0300] {processor.py:840} INFO - DAG(s) 'example_sla_dag' retrieved from /media/data/omar/programming course/DEPI/DEPI project/anomx/venv/lib/python3.12/site-packages/airflow/example_dags/example_sla_dag.py
[2026-06-24T12:39:04.861+0300] {logging_mixin.py:188} INFO - [2026-06-24T12:39:04.861+0300] {dag.py:3096} INFO - Sync 1 DAGs
[2026-06-24T12:39:04.877+0300] {logging_mixin.py:188} INFO - [2026-06-24T12:39:04.877+0300] {dag.py:3954} INFO - Setting next_dagrun for example_sla_dag to 2026-06-24 09:36:00+00:00, run_after=2026-06-24 09:38:00+00:00
[2026-06-24T12:39:04.903+0300] {processor.py:183} INFO - Processing /media/data/omar/programming course/DEPI/DEPI project/anomx/venv/lib/python3.12/site-packages/airflow/example_dags/example_sla_dag.py took 0.083 seconds
[2026-06-24T12:39:52.251+0300] {processor.py:161} INFO - Started process (PID=30528) to work on /media/data/omar/programming course/DEPI/DEPI project/anomx/venv/lib/python3.12/site-packages/airflow/example_dags/example_sla_dag.py
[2026-06-24T12:39:52.252+0300] {processor.py:830} INFO - Processing file /media/data/omar/programming course/DEPI/DEPI project/anomx/venv/lib/python3.12/site-packages/airflow/example_dags/example_sla_dag.py for tasks to queue
[2026-06-24T12:39:52.253+0300] {logging_mixin.py:188} INFO - [2026-06-24T12:39:52.253+0300] {dagbag.py:540} INFO - Filling up the DagBag from /media/data/omar/programming course/DEPI/DEPI project/anomx/venv/lib/python3.12/site-packages/airflow/example_dags/example_sla_dag.py
[2026-06-24T12:39:52.260+0300] {processor.py:840} INFO - DAG(s) 'example_sla_dag' retrieved from /media/data/omar/programming course/DEPI/DEPI project/anomx/venv/lib/python3.12/site-packages/airflow/example_dags/example_sla_dag.py
[2026-06-24T12:39:52.275+0300] {logging_mixin.py:188} INFO - [2026-06-24T12:39:52.274+0300] {dag.py:3096} INFO - Sync 1 DAGs
[2026-06-24T12:39:52.291+0300] {logging_mixin.py:188} INFO - [2026-06-24T12:39:52.291+0300] {dag.py:3954} INFO - Setting next_dagrun for example_sla_dag to 2026-06-24 09:36:00+00:00, run_after=2026-06-24 09:38:00+00:00
[2026-06-24T12:39:52.319+0300] {processor.py:183} INFO - Processing /media/data/omar/programming course/DEPI/DEPI project/anomx/venv/lib/python3.12/site-packages/airflow/example_dags/example_sla_dag.py took 0.073 seconds
[2026-06-24T12:40:37.729+0300] {processor.py:161} INFO - Started process (PID=31135) to work on /media/data/omar/programming course/DEPI/DEPI project/anomx/venv/lib/python3.12/site-packages/airflow/example_dags/example_sla_dag.py
[2026-06-24T12:40:37.730+0300] {processor.py:830} INFO - Processing file /media/data/omar/programming course/DEPI/DEPI project/anomx/venv/lib/python3.12/site-packages/airflow/example_dags/example_sla_dag.py for tasks to queue
[2026-06-24T12:40:37.731+0300] {logging_mixin.py:188} INFO - [2026-06-24T12:40:37.731+0300] {dagbag.py:540} INFO - Filling up the DagBag from /media/data/omar/programming course/DEPI/DEPI project/anomx/venv/lib/python3.12/site-packages/airflow/example_dags/example_sla_dag.py
[2026-06-24T12:40:37.738+0300] {processor.py:840} INFO - DAG(s) 'example_sla_dag' retrieved from /media/data/omar/programming course/DEPI/DEPI project/anomx/venv/lib/python3.12/site-packages/airflow/example_dags/example_sla_dag.py
[2026-06-24T12:40:37.752+0300] {logging_mixin.py:188} INFO - [2026-06-24T12:40:37.752+0300] {dag.py:3096} INFO - Sync 1 DAGs
[2026-06-24T12:40:37.769+0300] {logging_mixin.py:188} INFO - [2026-06-24T12:40:37.769+0300] {dag.py:3954} INFO - Setting next_dagrun for example_sla_dag to 2026-06-24 09:38:00+00:00, run_after=2026-06-24 09:40:00+00:00
[2026-06-24T12:40:37.795+0300] {processor.py:183} INFO - Processing /media/data/omar/programming course/DEPI/DEPI project/anomx/venv/lib/python3.12/site-packages/airflow/example_dags/example_sla_dag.py took 0.070 seconds
[2026-06-24T12:41:52.707+0300] {processor.py:161} INFO - Started process (PID=31879) to work on /media/data/omar/programming course/DEPI/DEPI project/anomx/venv/lib/python3.12/site-packages/airflow/example_dags/example_sla_dag.py
[2026-06-24T12:41:52.708+0300] {processor.py:830} INFO - Processing file /media/data/omar/programming course/DEPI/DEPI project/anomx/venv/lib/python3.12/site-packages/airflow/example_dags/example_sla_dag.py for tasks to queue
[2026-06-24T12:41:52.709+0300] {logging_mixin.py:188} INFO - [2026-06-24T12:41:52.708+0300] {dagbag.py:540} INFO - Filling up the DagBag from /media/data/omar/programming course/DEPI/DEPI project/anomx/venv/lib/python3.12/site-packages/airflow/example_dags/example_sla_dag.py
[2026-06-24T12:41:52.716+0300] {processor.py:840} INFO - DAG(s) 'example_sla_dag' retrieved from /media/data/omar/programming course/DEPI/DEPI project/anomx/venv/lib/python3.12/site-packages/airflow/example_dags/example_sla_dag.py
[2026-06-24T12:41:52.732+0300] {logging_mixin.py:188} INFO - [2026-06-24T12:41:52.731+0300] {dag.py:3096} INFO - Sync 1 DAGs
[2026-06-24T12:41:52.749+0300] {logging_mixin.py:188} INFO - [2026-06-24T12:41:52.749+0300] {dag.py:3954} INFO - Setting next_dagrun for example_sla_dag to 2026-06-24 09:38:00+00:00, run_after=2026-06-24 09:40:00+00:00
[2026-06-24T12:41:52.784+0300] {processor.py:183} INFO - Processing /media/data/omar/programming course/DEPI/DEPI project/anomx/venv/lib/python3.12/site-packages/airflow/example_dags/example_sla_dag.py took 0.082 seconds
[2026-06-24T12:42:45.965+0300] {processor.py:161} INFO - Started process (PID=32245) to work on /media/data/omar/programming course/DEPI/DEPI project/anomx/venv/lib/python3.12/site-packages/airflow/example_dags/example_sla_dag.py
[2026-06-24T12:42:45.966+0300] {processor.py:830} INFO - Processing file /media/data/omar/programming course/DEPI/DEPI project/anomx/venv/lib/python3.12/site-packages/airflow/example_dags/example_sla_dag.py for tasks to queue
[2026-06-24T12:42:45.967+0300] {logging_mixin.py:188} INFO - [2026-06-24T12:42:45.966+0300] {dagbag.py:540} INFO - Filling up the DagBag from /media/data/omar/programming course/DEPI/DEPI project/anomx/venv/lib/python3.12/site-packages/airflow/example_dags/example_sla_dag.py
[2026-06-24T12:42:45.975+0300] {processor.py:840} INFO - DAG(s) 'example_sla_dag' retrieved from /media/data/omar/programming course/DEPI/DEPI project/anomx/venv/lib/python3.12/site-packages/airflow/example_dags/example_sla_dag.py
[2026-06-24T12:42:45.992+0300] {logging_mixin.py:188} INFO - [2026-06-24T12:42:45.991+0300] {dag.py:3096} INFO - Sync 1 DAGs
[2026-06-24T12:42:46.009+0300] {logging_mixin.py:188} INFO - [2026-06-24T12:42:46.009+0300] {dag.py:3954} INFO - Setting next_dagrun for example_sla_dag to 2026-06-24 09:40:00+00:00, run_after=2026-06-24 09:42:00+00:00
[2026-06-24T12:42:46.053+0300] {processor.py:183} INFO - Processing /media/data/omar/programming course/DEPI/DEPI project/anomx/venv/lib/python3.12/site-packages/airflow/example_dags/example_sla_dag.py took 0.095 seconds
[2026-06-24T12:43:38.417+0300] {processor.py:161} INFO - Started process (PID=32800) to work on /media/data/omar/programming course/DEPI/DEPI project/anomx/venv/lib/python3.12/site-packages/airflow/example_dags/example_sla_dag.py
[2026-06-24T12:43:38.417+0300] {processor.py:830} INFO - Processing file /media/data/omar/programming course/DEPI/DEPI project/anomx/venv/lib/python3.12/site-packages/airflow/example_dags/example_sla_dag.py for tasks to queue
[2026-06-24T12:43:38.418+0300] {logging_mixin.py:188} INFO - [2026-06-24T12:43:38.418+0300] {dagbag.py:540} INFO - Filling up the DagBag from /media/data/omar/programming course/DEPI/DEPI project/anomx/venv/lib/python3.12/site-packages/airflow/example_dags/example_sla_dag.py
[2026-06-24T12:43:38.427+0300] {processor.py:840} INFO - DAG(s) 'example_sla_dag' retrieved from /media/data/omar/programming course/DEPI/DEPI project/anomx/venv/lib/python3.12/site-packages/airflow/example_dags/example_sla_dag.py
[2026-06-24T12:43:38.441+0300] {logging_mixin.py:188} INFO - [2026-06-24T12:43:38.440+0300] {dag.py:3096} INFO - Sync 1 DAGs
[2026-06-24T12:43:38.456+0300] {logging_mixin.py:188} INFO - [2026-06-24T12:43:38.456+0300] {dag.py:3954} INFO - Setting next_dagrun for example_sla_dag to 2026-06-24 09:40:00+00:00, run_after=2026-06-24 09:42:00+00:00
[2026-06-24T12:43:38.481+0300] {processor.py:183} INFO - Processing /media/data/omar/programming course/DEPI/DEPI project/anomx/venv/lib/python3.12/site-packages/airflow/example_dags/example_sla_dag.py took 0.069 seconds
[2026-06-24T12:44:27.664+0300] {processor.py:161} INFO - Started process (PID=33188) to work on /media/data/omar/programming course/DEPI/DEPI project/anomx/venv/lib/python3.12/site-packages/airflow/example_dags/example_sla_dag.py
[2026-06-24T12:44:27.665+0300] {processor.py:830} INFO - Processing file /media/data/omar/programming course/DEPI/DEPI project/anomx/venv/lib/python3.12/site-packages/airflow/example_dags/example_sla_dag.py for tasks to queue
[2026-06-24T12:44:27.665+0300] {logging_mixin.py:188} INFO - [2026-06-24T12:44:27.665+0300] {dagbag.py:540} INFO - Filling up the DagBag from /media/data/omar/programming course/DEPI/DEPI project/anomx/venv/lib/python3.12/site-packages/airflow/example_dags/example_sla_dag.py
[2026-06-24T12:44:27.673+0300] {processor.py:840} INFO - DAG(s) 'example_sla_dag' retrieved from /media/data/omar/programming course/DEPI/DEPI project/anomx/venv/lib/python3.12/site-packages/airflow/example_dags/example_sla_dag.py
[2026-06-24T12:44:27.687+0300] {logging_mixin.py:188} INFO - [2026-06-24T12:44:27.687+0300] {dag.py:3096} INFO - Sync 1 DAGs
[2026-06-24T12:44:27.703+0300] {logging_mixin.py:188} INFO - [2026-06-24T12:44:27.702+0300] {dag.py:3954} INFO - Setting next_dagrun for example_sla_dag to 2026-06-24 09:42:00+00:00, run_after=2026-06-24 09:44:00+00:00
[2026-06-24T12:44:27.728+0300] {processor.py:183} INFO - Processing /media/data/omar/programming course/DEPI/DEPI project/anomx/venv/lib/python3.12/site-packages/airflow/example_dags/example_sla_dag.py took 0.069 seconds
[2026-06-24T12:45:17.797+0300] {processor.py:161} INFO - Started process (PID=33745) to work on /media/data/omar/programming course/DEPI/DEPI project/anomx/venv/lib/python3.12/site-packages/airflow/example_dags/example_sla_dag.py
[2026-06-24T12:45:17.798+0300] {processor.py:830} INFO - Processing file /media/data/omar/programming course/DEPI/DEPI project/anomx/venv/lib/python3.12/site-packages/airflow/example_dags/example_sla_dag.py for tasks to queue
[2026-06-24T12:45:17.799+0300] {logging_mixin.py:188} INFO - [2026-06-24T12:45:17.799+0300] {dagbag.py:540} INFO - Filling up the DagBag from /media/data/omar/programming course/DEPI/DEPI project/anomx/venv/lib/python3.12/site-packages/airflow/example_dags/example_sla_dag.py
[2026-06-24T12:45:17.806+0300] {processor.py:840} INFO - DAG(s) 'example_sla_dag' retrieved from /media/data/omar/programming course/DEPI/DEPI project/anomx/venv/lib/python3.12/site-packages/airflow/example_dags/example_sla_dag.py
[2026-06-24T12:45:17.820+0300] {logging_mixin.py:188} INFO - [2026-06-24T12:45:17.820+0300] {dag.py:3096} INFO - Sync 1 DAGs
[2026-06-24T12:45:17.836+0300] {logging_mixin.py:188} INFO - [2026-06-24T12:45:17.836+0300] {dag.py:3954} INFO - Setting next_dagrun for example_sla_dag to 2026-06-24 09:42:00+00:00, run_after=2026-06-24 09:44:00+00:00
[2026-06-24T12:45:17.862+0300] {processor.py:183} INFO - Processing /media/data/omar/programming course/DEPI/DEPI project/anomx/venv/lib/python3.12/site-packages/airflow/example_dags/example_sla_dag.py took 0.070 seconds
[2026-06-24T12:46:06.200+0300] {processor.py:161} INFO - Started process (PID=34121) to work on /media/data/omar/programming course/DEPI/DEPI project/anomx/venv/lib/python3.12/site-packages/airflow/example_dags/example_sla_dag.py
[2026-06-24T12:46:06.201+0300] {processor.py:830} INFO - Processing file /media/data/omar/programming course/DEPI/DEPI project/anomx/venv/lib/python3.12/site-packages/airflow/example_dags/example_sla_dag.py for tasks to queue
[2026-06-24T12:46:06.202+0300] {logging_mixin.py:188} INFO - [2026-06-24T12:46:06.201+0300] {dagbag.py:540} INFO - Filling up the DagBag from /media/data/omar/programming course/DEPI/DEPI project/anomx/venv/lib/python3.12/site-packages/airflow/example_dags/example_sla_dag.py
[2026-06-24T12:46:06.209+0300] {processor.py:840} INFO - DAG(s) 'example_sla_dag' retrieved from /media/data/omar/programming course/DEPI/DEPI project/anomx/venv/lib/python3.12/site-packages/airflow/example_dags/example_sla_dag.py
[2026-06-24T12:46:06.223+0300] {logging_mixin.py:188} INFO - [2026-06-24T12:46:06.223+0300] {dag.py:3096} INFO - Sync 1 DAGs
[2026-06-24T12:46:06.240+0300] {logging_mixin.py:188} INFO - [2026-06-24T12:46:06.240+0300] {dag.py:3954} INFO - Setting next_dagrun for example_sla_dag to 2026-06-24 09:44:00+00:00, run_after=2026-06-24 09:46:00+00:00
[2026-06-24T12:46:06.268+0300] {processor.py:183} INFO - Processing /media/data/omar/programming course/DEPI/DEPI project/anomx/venv/lib/python3.12/site-packages/airflow/example_dags/example_sla_dag.py took 0.072 seconds
[2026-06-24T12:46:56.670+0300] {processor.py:161} INFO - Started process (PID=34662) to work on /media/data/omar/programming course/DEPI/DEPI project/anomx/venv/lib/python3.12/site-packages/airflow/example_dags/example_sla_dag.py
[2026-06-24T12:46:56.671+0300] {processor.py:830} INFO - Processing file /media/data/omar/programming course/DEPI/DEPI project/anomx/venv/lib/python3.12/site-packages/airflow/example_dags/example_sla_dag.py for tasks to queue
[2026-06-24T12:46:56.672+0300] {logging_mixin.py:188} INFO - [2026-06-24T12:46:56.672+0300] {dagbag.py:540} INFO - Filling up the DagBag from /media/data/omar/programming course/DEPI/DEPI project/anomx/venv/lib/python3.12/site-packages/airflow/example_dags/example_sla_dag.py
[2026-06-24T12:46:56.681+0300] {processor.py:840} INFO - DAG(s) 'example_sla_dag' retrieved from /media/data/omar/programming course/DEPI/DEPI project/anomx/venv/lib/python3.12/site-packages/airflow/example_dags/example_sla_dag.py
[2026-06-24T12:46:56.698+0300] {logging_mixin.py:188} INFO - [2026-06-24T12:46:56.698+0300] {dag.py:3096} INFO - Sync 1 DAGs
[2026-06-24T12:46:56.718+0300] {logging_mixin.py:188} INFO - [2026-06-24T12:46:56.718+0300] {dag.py:3954} INFO - Setting next_dagrun for example_sla_dag to 2026-06-24 09:44:00+00:00, run_after=2026-06-24 09:46:00+00:00
[2026-06-24T12:46:56.748+0300] {processor.py:183} INFO - Processing /media/data/omar/programming course/DEPI/DEPI project/anomx/venv/lib/python3.12/site-packages/airflow/example_dags/example_sla_dag.py took 0.084 seconds
[2026-06-24T12:47:50.527+0300] {processor.py:161} INFO - Started process (PID=35054) to work on /media/data/omar/programming course/DEPI/DEPI project/anomx/venv/lib/python3.12/site-packages/airflow/example_dags/example_sla_dag.py
[2026-06-24T12:47:50.528+0300] {processor.py:830} INFO - Processing file /media/data/omar/programming course/DEPI/DEPI project/anomx/venv/lib/python3.12/site-packages/airflow/example_dags/example_sla_dag.py for tasks to queue
[2026-06-24T12:47:50.529+0300] {logging_mixin.py:188} INFO - [2026-06-24T12:47:50.529+0300] {dagbag.py:540} INFO - Filling up the DagBag from /media/data/omar/programming course/DEPI/DEPI project/anomx/venv/lib/python3.12/site-packages/airflow/example_dags/example_sla_dag.py
[2026-06-24T12:47:50.537+0300] {processor.py:840} INFO - DAG(s) 'example_sla_dag' retrieved from /media/data/omar/programming course/DEPI/DEPI project/anomx/venv/lib/python3.12/site-packages/airflow/example_dags/example_sla_dag.py
[2026-06-24T12:47:50.554+0300] {logging_mixin.py:188} INFO - [2026-06-24T12:47:50.554+0300] {dag.py:3096} INFO - Sync 1 DAGs
[2026-06-24T12:47:50.571+0300] {logging_mixin.py:188} INFO - [2026-06-24T12:47:50.571+0300] {dag.py:3954} INFO - Setting next_dagrun for example_sla_dag to 2026-06-24 09:44:00+00:00, run_after=2026-06-24 09:46:00+00:00
[2026-06-24T12:47:50.598+0300] {processor.py:183} INFO - Processing /media/data/omar/programming course/DEPI/DEPI project/anomx/venv/lib/python3.12/site-packages/airflow/example_dags/example_sla_dag.py took 0.075 seconds
[2026-06-24T12:48:44.020+0300] {processor.py:161} INFO - Started process (PID=35650) to work on /media/data/omar/programming course/DEPI/DEPI project/anomx/venv/lib/python3.12/site-packages/airflow/example_dags/example_sla_dag.py
[2026-06-24T12:48:44.022+0300] {processor.py:830} INFO - Processing file /media/data/omar/programming course/DEPI/DEPI project/anomx/venv/lib/python3.12/site-packages/airflow/example_dags/example_sla_dag.py for tasks to queue
[2026-06-24T12:48:44.023+0300] {logging_mixin.py:188} INFO - [2026-06-24T12:48:44.022+0300] {dagbag.py:540} INFO - Filling up the DagBag from /media/data/omar/programming course/DEPI/DEPI project/anomx/venv/lib/python3.12/site-packages/airflow/example_dags/example_sla_dag.py
[2026-06-24T12:48:44.033+0300] {processor.py:840} INFO - DAG(s) 'example_sla_dag' retrieved from /media/data/omar/programming course/DEPI/DEPI project/anomx/venv/lib/python3.12/site-packages/airflow/example_dags/example_sla_dag.py
[2026-06-24T12:48:44.051+0300] {logging_mixin.py:188} INFO - [2026-06-24T12:48:44.051+0300] {dag.py:3096} INFO - Sync 1 DAGs
[2026-06-24T12:48:44.079+0300] {logging_mixin.py:188} INFO - [2026-06-24T12:48:44.079+0300] {dag.py:3954} INFO - Setting next_dagrun for example_sla_dag to 2026-06-24 09:46:00+00:00, run_after=2026-06-24 09:48:00+00:00
[2026-06-24T12:48:44.119+0300] {processor.py:183} INFO - Processing /media/data/omar/programming course/DEPI/DEPI project/anomx/venv/lib/python3.12/site-packages/airflow/example_dags/example_sla_dag.py took 0.105 seconds
[2026-06-24T12:49:36.625+0300] {processor.py:161} INFO - Started process (PID=35983) to work on /media/data/omar/programming course/DEPI/DEPI project/anomx/venv/lib/python3.12/site-packages/airflow/example_dags/example_sla_dag.py
[2026-06-24T12:49:36.626+0300] {processor.py:830} INFO - Processing file /media/data/omar/programming course/DEPI/DEPI project/anomx/venv/lib/python3.12/site-packages/airflow/example_dags/example_sla_dag.py for tasks to queue
[2026-06-24T12:49:36.628+0300] {logging_mixin.py:188} INFO - [2026-06-24T12:49:36.627+0300] {dagbag.py:540} INFO - Filling up the DagBag from /media/data/omar/programming course/DEPI/DEPI project/anomx/venv/lib/python3.12/site-packages/airflow/example_dags/example_sla_dag.py
[2026-06-24T12:49:36.638+0300] {processor.py:840} INFO - DAG(s) 'example_sla_dag' retrieved from /media/data/omar/programming course/DEPI/DEPI project/anomx/venv/lib/python3.12/site-packages/airflow/example_dags/example_sla_dag.py
[2026-06-24T12:49:36.654+0300] {logging_mixin.py:188} INFO - [2026-06-24T12:49:36.654+0300] {dag.py:3096} INFO - Sync 1 DAGs
[2026-06-24T12:49:36.674+0300] {logging_mixin.py:188} INFO - [2026-06-24T12:49:36.673+0300] {dag.py:3954} INFO - Setting next_dagrun for example_sla_dag to 2026-06-24 09:46:00+00:00, run_after=2026-06-24 09:48:00+00:00
[2026-06-24T12:49:36.708+0300] {processor.py:183} INFO - Processing /media/data/omar/programming course/DEPI/DEPI project/anomx/venv/lib/python3.12/site-packages/airflow/example_dags/example_sla_dag.py took 0.091 seconds
[2026-06-24T12:50:31.464+0300] {processor.py:161} INFO - Started process (PID=36638) to work on /media/data/omar/programming course/DEPI/DEPI project/anomx/venv/lib/python3.12/site-packages/airflow/example_dags/example_sla_dag.py
[2026-06-24T12:50:31.465+0300] {processor.py:830} INFO - Processing file /media/data/omar/programming course/DEPI/DEPI project/anomx/venv/lib/python3.12/site-packages/airflow/example_dags/example_sla_dag.py for tasks to queue
[2026-06-24T12:50:31.467+0300] {logging_mixin.py:188} INFO - [2026-06-24T12:50:31.466+0300] {dagbag.py:540} INFO - Filling up the DagBag from /media/data/omar/programming course/DEPI/DEPI project/anomx/venv/lib/python3.12/site-packages/airflow/example_dags/example_sla_dag.py
[2026-06-24T12:50:31.479+0300] {processor.py:840} INFO - DAG(s) 'example_sla_dag' retrieved from /media/data/omar/programming course/DEPI/DEPI project/anomx/venv/lib/python3.12/site-packages/airflow/example_dags/example_sla_dag.py
[2026-06-24T12:50:31.497+0300] {logging_mixin.py:188} INFO - [2026-06-24T12:50:31.497+0300] {dag.py:3096} INFO - Sync 1 DAGs
[2026-06-24T12:50:31.516+0300] {logging_mixin.py:188} INFO - [2026-06-24T12:50:31.516+0300] {dag.py:3954} INFO - Setting next_dagrun for example_sla_dag to 2026-06-24 09:48:00+00:00, run_after=2026-06-24 09:50:00+00:00
[2026-06-24T12:50:31.549+0300] {processor.py:183} INFO - Processing /media/data/omar/programming course/DEPI/DEPI project/anomx/venv/lib/python3.12/site-packages/airflow/example_dags/example_sla_dag.py took 0.094 seconds
[2026-06-24T12:51:24.626+0300] {processor.py:161} INFO - Started process (PID=37020) to work on /media/data/omar/programming course/DEPI/DEPI project/anomx/venv/lib/python3.12/site-packages/airflow/example_dags/example_sla_dag.py
[2026-06-24T12:51:24.627+0300] {processor.py:830} INFO - Processing file /media/data/omar/programming course/DEPI/DEPI project/anomx/venv/lib/python3.12/site-packages/airflow/example_dags/example_sla_dag.py for tasks to queue
[2026-06-24T12:51:24.628+0300] {logging_mixin.py:188} INFO - [2026-06-24T12:51:24.628+0300] {dagbag.py:540} INFO - Filling up the DagBag from /media/data/omar/programming course/DEPI/DEPI project/anomx/venv/lib/python3.12/site-packages/airflow/example_dags/example_sla_dag.py
[2026-06-24T12:51:24.638+0300] {processor.py:840} INFO - DAG(s) 'example_sla_dag' retrieved from /media/data/omar/programming course/DEPI/DEPI project/anomx/venv/lib/python3.12/site-packages/airflow/example_dags/example_sla_dag.py
[2026-06-24T12:51:24.655+0300] {logging_mixin.py:188} INFO - [2026-06-24T12:51:24.655+0300] {dag.py:3096} INFO - Sync 1 DAGs
[2026-06-24T12:51:24.675+0300] {logging_mixin.py:188} INFO - [2026-06-24T12:51:24.675+0300] {dag.py:3954} INFO - Setting next_dagrun for example_sla_dag to 2026-06-24 09:48:00+00:00, run_after=2026-06-24 09:50:00+00:00
[2026-06-24T12:51:24.707+0300] {processor.py:183} INFO - Processing /media/data/omar/programming course/DEPI/DEPI project/anomx/venv/lib/python3.12/site-packages/airflow/example_dags/example_sla_dag.py took 0.088 seconds
[2026-06-24T12:52:16.637+0300] {processor.py:161} INFO - Started process (PID=37566) to work on /media/data/omar/programming course/DEPI/DEPI project/anomx/venv/lib/python3.12/site-packages/airflow/example_dags/example_sla_dag.py
[2026-06-24T12:52:16.638+0300] {processor.py:830} INFO - Processing file /media/data/omar/programming course/DEPI/DEPI project/anomx/venv/lib/python3.12/site-packages/airflow/example_dags/example_sla_dag.py for tasks to queue
[2026-06-24T12:52:16.639+0300] {logging_mixin.py:188} INFO - [2026-06-24T12:52:16.638+0300] {dagbag.py:540} INFO - Filling up the DagBag from /media/data/omar/programming course/DEPI/DEPI project/anomx/venv/lib/python3.12/site-packages/airflow/example_dags/example_sla_dag.py
[2026-06-24T12:52:16.648+0300] {processor.py:840} INFO - DAG(s) 'example_sla_dag' retrieved from /media/data/omar/programming course/DEPI/DEPI project/anomx/venv/lib/python3.12/site-packages/airflow/example_dags/example_sla_dag.py
[2026-06-24T12:52:16.666+0300] {logging_mixin.py:188} INFO - [2026-06-24T12:52:16.666+0300] {dag.py:3096} INFO - Sync 1 DAGs
[2026-06-24T12:52:16.685+0300] {logging_mixin.py:188} INFO - [2026-06-24T12:52:16.685+0300] {dag.py:3954} INFO - Setting next_dagrun for example_sla_dag to 2026-06-24 09:50:00+00:00, run_after=2026-06-24 09:52:00+00:00
[2026-06-24T12:52:16.717+0300] {processor.py:183} INFO - Processing /media/data/omar/programming course/DEPI/DEPI project/anomx/venv/lib/python3.12/site-packages/airflow/example_dags/example_sla_dag.py took 0.087 seconds
[2026-06-24T12:53:06.411+0300] {processor.py:161} INFO - Started process (PID=37950) to work on /media/data/omar/programming course/DEPI/DEPI project/anomx/venv/lib/python3.12/site-packages/airflow/example_dags/example_sla_dag.py
[2026-06-24T12:53:06.411+0300] {processor.py:830} INFO - Processing file /media/data/omar/programming course/DEPI/DEPI project/anomx/venv/lib/python3.12/site-packages/airflow/example_dags/example_sla_dag.py for tasks to queue
[2026-06-24T12:53:06.413+0300] {logging_mixin.py:188} INFO - [2026-06-24T12:53:06.412+0300] {dagbag.py:540} INFO - Filling up the DagBag from /media/data/omar/programming course/DEPI/DEPI project/anomx/venv/lib/python3.12/site-packages/airflow/example_dags/example_sla_dag.py
[2026-06-24T12:53:06.421+0300] {processor.py:840} INFO - DAG(s) 'example_sla_dag' retrieved from /media/data/omar/programming course/DEPI/DEPI project/anomx/venv/lib/python3.12/site-packages/airflow/example_dags/example_sla_dag.py
[2026-06-24T12:53:06.438+0300] {logging_mixin.py:188} INFO - [2026-06-24T12:53:06.438+0300] {dag.py:3096} INFO - Sync 1 DAGs
[2026-06-24T12:53:06.457+0300] {logging_mixin.py:188} INFO - [2026-06-24T12:53:06.456+0300] {dag.py:3954} INFO - Setting next_dagrun for example_sla_dag to 2026-06-24 09:50:00+00:00, run_after=2026-06-24 09:52:00+00:00
[2026-06-24T12:53:06.490+0300] {processor.py:183} INFO - Processing /media/data/omar/programming course/DEPI/DEPI project/anomx/venv/lib/python3.12/site-packages/airflow/example_dags/example_sla_dag.py took 0.086 seconds
[2026-06-24T12:53:59.251+0300] {processor.py:161} INFO - Started process (PID=38503) to work on /media/data/omar/programming course/DEPI/DEPI project/anomx/venv/lib/python3.12/site-packages/airflow/example_dags/example_sla_dag.py
[2026-06-24T12:53:59.252+0300] {processor.py:830} INFO - Processing file /media/data/omar/programming course/DEPI/DEPI project/anomx/venv/lib/python3.12/site-packages/airflow/example_dags/example_sla_dag.py for tasks to queue
[2026-06-24T12:53:59.253+0300] {logging_mixin.py:188} INFO - [2026-06-24T12:53:59.252+0300] {dagbag.py:540} INFO - Filling up the DagBag from /media/data/omar/programming course/DEPI/DEPI project/anomx/venv/lib/python3.12/site-packages/airflow/example_dags/example_sla_dag.py
[2026-06-24T12:53:59.260+0300] {processor.py:840} INFO - DAG(s) 'example_sla_dag' retrieved from /media/data/omar/programming course/DEPI/DEPI project/anomx/venv/lib/python3.12/site-packages/airflow/example_dags/example_sla_dag.py
[2026-06-24T12:53:59.275+0300] {logging_mixin.py:188} INFO - [2026-06-24T12:53:59.275+0300] {dag.py:3096} INFO - Sync 1 DAGs
[2026-06-24T12:53:59.293+0300] {logging_mixin.py:188} INFO - [2026-06-24T12:53:59.292+0300] {dag.py:3954} INFO - Setting next_dagrun for example_sla_dag to 2026-06-24 09:50:00+00:00, run_after=2026-06-24 09:52:00+00:00
[2026-06-24T12:53:59.320+0300] {processor.py:183} INFO - Processing /media/data/omar/programming course/DEPI/DEPI project/anomx/venv/lib/python3.12/site-packages/airflow/example_dags/example_sla_dag.py took 0.075 seconds
[2026-06-24T12:54:54.209+0300] {processor.py:161} INFO - Started process (PID=38918) to work on /media/data/omar/programming course/DEPI/DEPI project/anomx/venv/lib/python3.12/site-packages/airflow/example_dags/example_sla_dag.py
[2026-06-24T12:54:54.210+0300] {processor.py:830} INFO - Processing file /media/data/omar/programming course/DEPI/DEPI project/anomx/venv/lib/python3.12/site-packages/airflow/example_dags/example_sla_dag.py for tasks to queue
[2026-06-24T12:54:54.212+0300] {logging_mixin.py:188} INFO - [2026-06-24T12:54:54.211+0300] {dagbag.py:540} INFO - Filling up the DagBag from /media/data/omar/programming course/DEPI/DEPI project/anomx/venv/lib/python3.12/site-packages/airflow/example_dags/example_sla_dag.py
[2026-06-24T12:54:54.223+0300] {processor.py:840} INFO - DAG(s) 'example_sla_dag' retrieved from /media/data/omar/programming course/DEPI/DEPI project/anomx/venv/lib/python3.12/site-packages/airflow/example_dags/example_sla_dag.py
[2026-06-24T12:54:54.243+0300] {logging_mixin.py:188} INFO - [2026-06-24T12:54:54.242+0300] {dag.py:3096} INFO - Sync 1 DAGs
[2026-06-24T12:54:54.278+0300] {logging_mixin.py:188} INFO - [2026-06-24T12:54:54.277+0300] {dag.py:3954} INFO - Setting next_dagrun for example_sla_dag to 2026-06-24 09:52:00+00:00, run_after=2026-06-24 09:54:00+00:00
[2026-06-24T12:54:54.330+0300] {processor.py:183} INFO - Processing /media/data/omar/programming course/DEPI/DEPI project/anomx/venv/lib/python3.12/site-packages/airflow/example_dags/example_sla_dag.py took 0.129 seconds
[2026-06-24T12:55:55.088+0300] {processor.py:161} INFO - Started process (PID=39522) to work on /media/data/omar/programming course/DEPI/DEPI project/anomx/venv/lib/python3.12/site-packages/airflow/example_dags/example_sla_dag.py
[2026-06-24T12:55:55.090+0300] {processor.py:830} INFO - Processing file /media/data/omar/programming course/DEPI/DEPI project/anomx/venv/lib/python3.12/site-packages/airflow/example_dags/example_sla_dag.py for tasks to queue
[2026-06-24T12:55:55.093+0300] {logging_mixin.py:188} INFO - [2026-06-24T12:55:55.092+0300] {dagbag.py:540} INFO - Filling up the DagBag from /media/data/omar/programming course/DEPI/DEPI project/anomx/venv/lib/python3.12/site-packages/airflow/example_dags/example_sla_dag.py
[2026-06-24T12:55:55.121+0300] {processor.py:840} INFO - DAG(s) 'example_sla_dag' retrieved from /media/data/omar/programming course/DEPI/DEPI project/anomx/venv/lib/python3.12/site-packages/airflow/example_dags/example_sla_dag.py
[2026-06-24T12:55:55.177+0300] {logging_mixin.py:188} INFO - [2026-06-24T12:55:55.175+0300] {dag.py:3096} INFO - Sync 1 DAGs
[2026-06-24T12:55:55.252+0300] {logging_mixin.py:188} INFO - [2026-06-24T12:55:55.251+0300] {dag.py:3954} INFO - Setting next_dagrun for example_sla_dag to 2026-06-24 09:52:00+00:00, run_after=2026-06-24 09:54:00+00:00
[2026-06-24T12:55:55.344+0300] {processor.py:183} INFO - Processing /media/data/omar/programming course/DEPI/DEPI project/anomx/venv/lib/python3.12/site-packages/airflow/example_dags/example_sla_dag.py took 0.276 seconds
[2026-06-24T12:57:03.562+0300] {processor.py:161} INFO - Started process (PID=39962) to work on /media/data/omar/programming course/DEPI/DEPI project/anomx/venv/lib/python3.12/site-packages/airflow/example_dags/example_sla_dag.py
[2026-06-24T12:57:03.563+0300] {processor.py:830} INFO - Processing file /media/data/omar/programming course/DEPI/DEPI project/anomx/venv/lib/python3.12/site-packages/airflow/example_dags/example_sla_dag.py for tasks to queue
[2026-06-24T12:57:03.564+0300] {logging_mixin.py:188} INFO - [2026-06-24T12:57:03.564+0300] {dagbag.py:540} INFO - Filling up the DagBag from /media/data/omar/programming course/DEPI/DEPI project/anomx/venv/lib/python3.12/site-packages/airflow/example_dags/example_sla_dag.py
[2026-06-24T12:57:03.573+0300] {processor.py:840} INFO - DAG(s) 'example_sla_dag' retrieved from /media/data/omar/programming course/DEPI/DEPI project/anomx/venv/lib/python3.12/site-packages/airflow/example_dags/example_sla_dag.py
[2026-06-24T12:57:03.590+0300] {logging_mixin.py:188} INFO - [2026-06-24T12:57:03.590+0300] {dag.py:3096} INFO - Sync 1 DAGs
[2026-06-24T12:57:03.607+0300] {logging_mixin.py:188} INFO - [2026-06-24T12:57:03.607+0300] {dag.py:3954} INFO - Setting next_dagrun for example_sla_dag to 2026-06-24 09:54:00+00:00, run_after=2026-06-24 09:56:00+00:00
[2026-06-24T12:57:03.636+0300] {processor.py:183} INFO - Processing /media/data/omar/programming course/DEPI/DEPI project/anomx/venv/lib/python3.12/site-packages/airflow/example_dags/example_sla_dag.py took 0.080 seconds
[2026-06-24T12:57:55.975+0300] {processor.py:161} INFO - Started process (PID=40520) to work on /media/data/omar/programming course/DEPI/DEPI project/anomx/venv/lib/python3.12/site-packages/airflow/example_dags/example_sla_dag.py
[2026-06-24T12:57:55.976+0300] {processor.py:830} INFO - Processing file /media/data/omar/programming course/DEPI/DEPI project/anomx/venv/lib/python3.12/site-packages/airflow/example_dags/example_sla_dag.py for tasks to queue
[2026-06-24T12:57:55.977+0300] {logging_mixin.py:188} INFO - [2026-06-24T12:57:55.977+0300] {dagbag.py:540} INFO - Filling up the DagBag from /media/data/omar/programming course/DEPI/DEPI project/anomx/venv/lib/python3.12/site-packages/airflow/example_dags/example_sla_dag.py
[2026-06-24T12:57:55.992+0300] {processor.py:840} INFO - DAG(s) 'example_sla_dag' retrieved from /media/data/omar/programming course/DEPI/DEPI project/anomx/venv/lib/python3.12/site-packages/airflow/example_dags/example_sla_dag.py
[2026-06-24T12:57:56.017+0300] {logging_mixin.py:188} INFO - [2026-06-24T12:57:56.016+0300] {dag.py:3096} INFO - Sync 1 DAGs
[2026-06-24T12:57:56.043+0300] {logging_mixin.py:188} INFO - [2026-06-24T12:57:56.043+0300] {dag.py:3954} INFO - Setting next_dagrun for example_sla_dag to 2026-06-24 09:54:00+00:00, run_after=2026-06-24 09:56:00+00:00
[2026-06-24T12:57:56.071+0300] {processor.py:183} INFO - Processing /media/data/omar/programming course/DEPI/DEPI project/anomx/venv/lib/python3.12/site-packages/airflow/example_dags/example_sla_dag.py took 0.102 seconds
[2026-06-24T12:58:48.769+0300] {processor.py:161} INFO - Started process (PID=40908) to work on /media/data/omar/programming course/DEPI/DEPI project/anomx/venv/lib/python3.12/site-packages/airflow/example_dags/example_sla_dag.py
[2026-06-24T12:58:48.770+0300] {processor.py:830} INFO - Processing file /media/data/omar/programming course/DEPI/DEPI project/anomx/venv/lib/python3.12/site-packages/airflow/example_dags/example_sla_dag.py for tasks to queue
[2026-06-24T12:58:48.771+0300] {logging_mixin.py:188} INFO - [2026-06-24T12:58:48.770+0300] {dagbag.py:540} INFO - Filling up the DagBag from /media/data/omar/programming course/DEPI/DEPI project/anomx/venv/lib/python3.12/site-packages/airflow/example_dags/example_sla_dag.py
[2026-06-24T12:58:48.779+0300] {processor.py:840} INFO - DAG(s) 'example_sla_dag' retrieved from /media/data/omar/programming course/DEPI/DEPI project/anomx/venv/lib/python3.12/site-packages/airflow/example_dags/example_sla_dag.py
[2026-06-24T12:58:48.795+0300] {logging_mixin.py:188} INFO - [2026-06-24T12:58:48.795+0300] {dag.py:3096} INFO - Sync 1 DAGs
[2026-06-24T12:58:48.814+0300] {logging_mixin.py:188} INFO - [2026-06-24T12:58:48.814+0300] {dag.py:3954} INFO - Setting next_dagrun for example_sla_dag to 2026-06-24 09:56:00+00:00, run_after=2026-06-24 09:58:00+00:00
[2026-06-24T12:58:48.844+0300] {processor.py:183} INFO - Processing /media/data/omar/programming course/DEPI/DEPI project/anomx/venv/lib/python3.12/site-packages/airflow/example_dags/example_sla_dag.py took 0.081 seconds
[2026-06-24T12:59:38.478+0300] {processor.py:161} INFO - Started process (PID=41413) to work on /media/data/omar/programming course/DEPI/DEPI project/anomx/venv/lib/python3.12/site-packages/airflow/example_dags/example_sla_dag.py
[2026-06-24T12:59:38.479+0300] {processor.py:830} INFO - Processing file /media/data/omar/programming course/DEPI/DEPI project/anomx/venv/lib/python3.12/site-packages/airflow/example_dags/example_sla_dag.py for tasks to queue
[2026-06-24T12:59:38.480+0300] {logging_mixin.py:188} INFO - [2026-06-24T12:59:38.480+0300] {dagbag.py:540} INFO - Filling up the DagBag from /media/data/omar/programming course/DEPI/DEPI project/anomx/venv/lib/python3.12/site-packages/airflow/example_dags/example_sla_dag.py
[2026-06-24T12:59:38.488+0300] {processor.py:840} INFO - DAG(s) 'example_sla_dag' retrieved from /media/data/omar/programming course/DEPI/DEPI project/anomx/venv/lib/python3.12/site-packages/airflow/example_dags/example_sla_dag.py
[2026-06-24T12:59:38.504+0300] {logging_mixin.py:188} INFO - [2026-06-24T12:59:38.504+0300] {dag.py:3096} INFO - Sync 1 DAGs
[2026-06-24T12:59:38.522+0300] {logging_mixin.py:188} INFO - [2026-06-24T12:59:38.522+0300] {dag.py:3954} INFO - Setting next_dagrun for example_sla_dag to 2026-06-24 09:56:00+00:00, run_after=2026-06-24 09:58:00+00:00
[2026-06-24T12:59:38.552+0300] {processor.py:183} INFO - Processing /media/data/omar/programming course/DEPI/DEPI project/anomx/venv/lib/python3.12/site-packages/airflow/example_dags/example_sla_dag.py took 0.079 seconds
[2026-06-24T13:00:28.717+0300] {processor.py:161} INFO - Started process (PID=41799) to work on /media/data/omar/programming course/DEPI/DEPI project/anomx/venv/lib/python3.12/site-packages/airflow/example_dags/example_sla_dag.py
[2026-06-24T13:00:28.717+0300] {processor.py:830} INFO - Processing file /media/data/omar/programming course/DEPI/DEPI project/anomx/venv/lib/python3.12/site-packages/airflow/example_dags/example_sla_dag.py for tasks to queue
[2026-06-24T13:00:28.719+0300] {logging_mixin.py:188} INFO - [2026-06-24T13:00:28.718+0300] {dagbag.py:540} INFO - Filling up the DagBag from /media/data/omar/programming course/DEPI/DEPI project/anomx/venv/lib/python3.12/site-packages/airflow/example_dags/example_sla_dag.py
[2026-06-24T13:00:28.728+0300] {processor.py:840} INFO - DAG(s) 'example_sla_dag' retrieved from /media/data/omar/programming course/DEPI/DEPI project/anomx/venv/lib/python3.12/site-packages/airflow/example_dags/example_sla_dag.py
[2026-06-24T13:00:28.745+0300] {logging_mixin.py:188} INFO - [2026-06-24T13:00:28.745+0300] {dag.py:3096} INFO - Sync 1 DAGs
[2026-06-24T13:00:28.769+0300] {logging_mixin.py:188} INFO - [2026-06-24T13:00:28.769+0300] {dag.py:3954} INFO - Setting next_dagrun for example_sla_dag to 2026-06-24 09:58:00+00:00, run_after=2026-06-24 10:00:00+00:00
[2026-06-24T13:00:28.808+0300] {processor.py:183} INFO - Processing /media/data/omar/programming course/DEPI/DEPI project/anomx/venv/lib/python3.12/site-packages/airflow/example_dags/example_sla_dag.py took 0.097 seconds
[2026-06-24T13:01:17.742+0300] {processor.py:161} INFO - Started process (PID=42100) to work on /media/data/omar/programming course/DEPI/DEPI project/anomx/venv/lib/python3.12/site-packages/airflow/example_dags/example_sla_dag.py
[2026-06-24T13:01:17.743+0300] {processor.py:830} INFO - Processing file /media/data/omar/programming course/DEPI/DEPI project/anomx/venv/lib/python3.12/site-packages/airflow/example_dags/example_sla_dag.py for tasks to queue
[2026-06-24T13:01:17.745+0300] {logging_mixin.py:188} INFO - [2026-06-24T13:01:17.744+0300] {dagbag.py:540} INFO - Filling up the DagBag from /media/data/omar/programming course/DEPI/DEPI project/anomx/venv/lib/python3.12/site-packages/airflow/example_dags/example_sla_dag.py
[2026-06-24T13:01:17.754+0300] {processor.py:840} INFO - DAG(s) 'example_sla_dag' retrieved from /media/data/omar/programming course/DEPI/DEPI project/anomx/venv/lib/python3.12/site-packages/airflow/example_dags/example_sla_dag.py
[2026-06-24T13:01:17.770+0300] {logging_mixin.py:188} INFO - [2026-06-24T13:01:17.770+0300] {dag.py:3096} INFO - Sync 1 DAGs
[2026-06-24T13:01:17.788+0300] {logging_mixin.py:188} INFO - [2026-06-24T13:01:17.788+0300] {dag.py:3954} INFO - Setting next_dagrun for example_sla_dag to 2026-06-24 09:58:00+00:00, run_after=2026-06-24 10:00:00+00:00
[2026-06-24T13:01:17.817+0300] {processor.py:183} INFO - Processing /media/data/omar/programming course/DEPI/DEPI project/anomx/venv/lib/python3.12/site-packages/airflow/example_dags/example_sla_dag.py took 0.085 seconds
[2026-06-24T13:02:09.112+0300] {processor.py:161} INFO - Started process (PID=42711) to work on /media/data/omar/programming course/DEPI/DEPI project/anomx/venv/lib/python3.12/site-packages/airflow/example_dags/example_sla_dag.py
[2026-06-24T13:02:09.113+0300] {processor.py:830} INFO - Processing file /media/data/omar/programming course/DEPI/DEPI project/anomx/venv/lib/python3.12/site-packages/airflow/example_dags/example_sla_dag.py for tasks to queue
[2026-06-24T13:02:09.114+0300] {logging_mixin.py:188} INFO - [2026-06-24T13:02:09.113+0300] {dagbag.py:540} INFO - Filling up the DagBag from /media/data/omar/programming course/DEPI/DEPI project/anomx/venv/lib/python3.12/site-packages/airflow/example_dags/example_sla_dag.py
[2026-06-24T13:02:09.122+0300] {processor.py:840} INFO - DAG(s) 'example_sla_dag' retrieved from /media/data/omar/programming course/DEPI/DEPI project/anomx/venv/lib/python3.12/site-packages/airflow/example_dags/example_sla_dag.py
[2026-06-24T13:02:09.145+0300] {logging_mixin.py:188} INFO - [2026-06-24T13:02:09.144+0300] {dag.py:3096} INFO - Sync 1 DAGs
[2026-06-24T13:02:09.167+0300] {logging_mixin.py:188} INFO - [2026-06-24T13:02:09.167+0300] {dag.py:3954} INFO - Setting next_dagrun for example_sla_dag to 2026-06-24 10:00:00+00:00, run_after=2026-06-24 10:02:00+00:00
[2026-06-24T13:02:09.201+0300] {processor.py:183} INFO - Processing /media/data/omar/programming course/DEPI/DEPI project/anomx/venv/lib/python3.12/site-packages/airflow/example_dags/example_sla_dag.py took 0.096 seconds
[2026-06-24T13:03:00.262+0300] {processor.py:161} INFO - Started process (PID=43050) to work on /media/data/omar/programming course/DEPI/DEPI project/anomx/venv/lib/python3.12/site-packages/airflow/example_dags/example_sla_dag.py
[2026-06-24T13:03:00.263+0300] {processor.py:830} INFO - Processing file /media/data/omar/programming course/DEPI/DEPI project/anomx/venv/lib/python3.12/site-packages/airflow/example_dags/example_sla_dag.py for tasks to queue
[2026-06-24T13:03:00.264+0300] {logging_mixin.py:188} INFO - [2026-06-24T13:03:00.264+0300] {dagbag.py:540} INFO - Filling up the DagBag from /media/data/omar/programming course/DEPI/DEPI project/anomx/venv/lib/python3.12/site-packages/airflow/example_dags/example_sla_dag.py
[2026-06-24T13:03:00.272+0300] {processor.py:840} INFO - DAG(s) 'example_sla_dag' retrieved from /media/data/omar/programming course/DEPI/DEPI project/anomx/venv/lib/python3.12/site-packages/airflow/example_dags/example_sla_dag.py
[2026-06-24T13:03:00.288+0300] {logging_mixin.py:188} INFO - [2026-06-24T13:03:00.288+0300] {dag.py:3096} INFO - Sync 1 DAGs
[2026-06-24T13:03:00.305+0300] {logging_mixin.py:188} INFO - [2026-06-24T13:03:00.304+0300] {dag.py:3954} INFO - Setting next_dagrun for example_sla_dag to 2026-06-24 10:00:00+00:00, run_after=2026-06-24 10:02:00+00:00
[2026-06-24T13:03:00.338+0300] {processor.py:183} INFO - Processing /media/data/omar/programming course/DEPI/DEPI project/anomx/venv/lib/python3.12/site-packages/airflow/example_dags/example_sla_dag.py took 0.081 seconds
[2026-06-24T13:03:50.572+0300] {processor.py:161} INFO - Started process (PID=43655) to work on /media/data/omar/programming course/DEPI/DEPI project/anomx/venv/lib/python3.12/site-packages/airflow/example_dags/example_sla_dag.py
[2026-06-24T13:03:50.573+0300] {processor.py:830} INFO - Processing file /media/data/omar/programming course/DEPI/DEPI project/anomx/venv/lib/python3.12/site-packages/airflow/example_dags/example_sla_dag.py for tasks to queue
[2026-06-24T13:03:50.574+0300] {logging_mixin.py:188} INFO - [2026-06-24T13:03:50.573+0300] {dagbag.py:540} INFO - Filling up the DagBag from /media/data/omar/programming course/DEPI/DEPI project/anomx/venv/lib/python3.12/site-packages/airflow/example_dags/example_sla_dag.py
[2026-06-24T13:03:50.585+0300] {processor.py:840} INFO - DAG(s) 'example_sla_dag' retrieved from /media/data/omar/programming course/DEPI/DEPI project/anomx/venv/lib/python3.12/site-packages/airflow/example_dags/example_sla_dag.py
[2026-06-24T13:03:50.606+0300] {logging_mixin.py:188} INFO - [2026-06-24T13:03:50.606+0300] {dag.py:3096} INFO - Sync 1 DAGs
[2026-06-24T13:03:50.632+0300] {logging_mixin.py:188} INFO - [2026-06-24T13:03:50.632+0300] {dag.py:3954} INFO - Setting next_dagrun for example_sla_dag to 2026-06-24 10:00:00+00:00, run_after=2026-06-24 10:02:00+00:00
[2026-06-24T13:03:50.669+0300] {processor.py:183} INFO - Processing /media/data/omar/programming course/DEPI/DEPI project/anomx/venv/lib/python3.12/site-packages/airflow/example_dags/example_sla_dag.py took 0.102 seconds
[2026-06-24T13:04:39.804+0300] {processor.py:161} INFO - Started process (PID=43966) to work on /media/data/omar/programming course/DEPI/DEPI project/anomx/venv/lib/python3.12/site-packages/airflow/example_dags/example_sla_dag.py
[2026-06-24T13:04:39.805+0300] {processor.py:830} INFO - Processing file /media/data/omar/programming course/DEPI/DEPI project/anomx/venv/lib/python3.12/site-packages/airflow/example_dags/example_sla_dag.py for tasks to queue
[2026-06-24T13:04:39.807+0300] {logging_mixin.py:188} INFO - [2026-06-24T13:04:39.806+0300] {dagbag.py:540} INFO - Filling up the DagBag from /media/data/omar/programming course/DEPI/DEPI project/anomx/venv/lib/python3.12/site-packages/airflow/example_dags/example_sla_dag.py
[2026-06-24T13:04:39.816+0300] {processor.py:840} INFO - DAG(s) 'example_sla_dag' retrieved from /media/data/omar/programming course/DEPI/DEPI project/anomx/venv/lib/python3.12/site-packages/airflow/example_dags/example_sla_dag.py
[2026-06-24T13:04:39.832+0300] {logging_mixin.py:188} INFO - [2026-06-24T13:04:39.832+0300] {dag.py:3096} INFO - Sync 1 DAGs
[2026-06-24T13:04:39.850+0300] {logging_mixin.py:188} INFO - [2026-06-24T13:04:39.850+0300] {dag.py:3954} INFO - Setting next_dagrun for example_sla_dag to 2026-06-24 10:02:00+00:00, run_after=2026-06-24 10:04:00+00:00
[2026-06-24T13:04:39.880+0300] {processor.py:183} INFO - Processing /media/data/omar/programming course/DEPI/DEPI project/anomx/venv/lib/python3.12/site-packages/airflow/example_dags/example_sla_dag.py took 0.082 seconds
[2026-06-24T13:05:30.373+0300] {processor.py:161} INFO - Started process (PID=44588) to work on /media/data/omar/programming course/DEPI/DEPI project/anomx/venv/lib/python3.12/site-packages/airflow/example_dags/example_sla_dag.py
[2026-06-24T13:05:30.374+0300] {processor.py:830} INFO - Processing file /media/data/omar/programming course/DEPI/DEPI project/anomx/venv/lib/python3.12/site-packages/airflow/example_dags/example_sla_dag.py for tasks to queue
[2026-06-24T13:05:30.375+0300] {logging_mixin.py:188} INFO - [2026-06-24T13:05:30.375+0300] {dagbag.py:540} INFO - Filling up the DagBag from /media/data/omar/programming course/DEPI/DEPI project/anomx/venv/lib/python3.12/site-packages/airflow/example_dags/example_sla_dag.py
[2026-06-24T13:05:30.385+0300] {processor.py:840} INFO - DAG(s) 'example_sla_dag' retrieved from /media/data/omar/programming course/DEPI/DEPI project/anomx/venv/lib/python3.12/site-packages/airflow/example_dags/example_sla_dag.py
[2026-06-24T13:05:30.403+0300] {logging_mixin.py:188} INFO - [2026-06-24T13:05:30.402+0300] {dag.py:3096} INFO - Sync 1 DAGs
[2026-06-24T13:05:30.422+0300] {logging_mixin.py:188} INFO - [2026-06-24T13:05:30.422+0300] {dag.py:3954} INFO - Setting next_dagrun for example_sla_dag to 2026-06-24 10:02:00+00:00, run_after=2026-06-24 10:04:00+00:00
[2026-06-24T13:05:30.453+0300] {processor.py:183} INFO - Processing /media/data/omar/programming course/DEPI/DEPI project/anomx/venv/lib/python3.12/site-packages/airflow/example_dags/example_sla_dag.py took 0.086 seconds
[2026-06-24T13:06:25.155+0300] {processor.py:161} INFO - Started process (PID=44902) to work on /media/data/omar/programming course/DEPI/DEPI project/anomx/venv/lib/python3.12/site-packages/airflow/example_dags/example_sla_dag.py
[2026-06-24T13:06:25.159+0300] {processor.py:830} INFO - Processing file /media/data/omar/programming course/DEPI/DEPI project/anomx/venv/lib/python3.12/site-packages/airflow/example_dags/example_sla_dag.py for tasks to queue
[2026-06-24T13:06:25.163+0300] {logging_mixin.py:188} INFO - [2026-06-24T13:06:25.161+0300] {dagbag.py:540} INFO - Filling up the DagBag from /media/data/omar/programming course/DEPI/DEPI project/anomx/venv/lib/python3.12/site-packages/airflow/example_dags/example_sla_dag.py
[2026-06-24T13:06:25.187+0300] {processor.py:840} INFO - DAG(s) 'example_sla_dag' retrieved from /media/data/omar/programming course/DEPI/DEPI project/anomx/venv/lib/python3.12/site-packages/airflow/example_dags/example_sla_dag.py
[2026-06-24T13:06:25.207+0300] {logging_mixin.py:188} INFO - [2026-06-24T13:06:25.207+0300] {dag.py:3096} INFO - Sync 1 DAGs
[2026-06-24T13:06:25.224+0300] {logging_mixin.py:188} INFO - [2026-06-24T13:06:25.224+0300] {dag.py:3954} INFO - Setting next_dagrun for example_sla_dag to 2026-06-24 10:04:00+00:00, run_after=2026-06-24 10:06:00+00:00
[2026-06-24T13:06:25.257+0300] {processor.py:183} INFO - Processing /media/data/omar/programming course/DEPI/DEPI project/anomx/venv/lib/python3.12/site-packages/airflow/example_dags/example_sla_dag.py took 0.121 seconds
[2026-06-24T13:08:01.985+0300] {processor.py:161} INFO - Started process (PID=45979) to work on /media/data/omar/programming course/DEPI/DEPI project/anomx/venv/lib/python3.12/site-packages/airflow/example_dags/example_sla_dag.py
[2026-06-24T13:08:01.986+0300] {processor.py:830} INFO - Processing file /media/data/omar/programming course/DEPI/DEPI project/anomx/venv/lib/python3.12/site-packages/airflow/example_dags/example_sla_dag.py for tasks to queue
[2026-06-24T13:08:01.987+0300] {logging_mixin.py:188} INFO - [2026-06-24T13:08:01.986+0300] {dagbag.py:540} INFO - Filling up the DagBag from /media/data/omar/programming course/DEPI/DEPI project/anomx/venv/lib/python3.12/site-packages/airflow/example_dags/example_sla_dag.py
[2026-06-24T13:08:01.996+0300] {processor.py:840} INFO - DAG(s) 'example_sla_dag' retrieved from /media/data/omar/programming course/DEPI/DEPI project/anomx/venv/lib/python3.12/site-packages/airflow/example_dags/example_sla_dag.py
[2026-06-24T13:08:02.014+0300] {logging_mixin.py:188} INFO - [2026-06-24T13:08:02.014+0300] {dag.py:3096} INFO - Sync 1 DAGs
[2026-06-24T13:08:02.033+0300] {logging_mixin.py:188} INFO - [2026-06-24T13:08:02.033+0300] {dag.py:3954} INFO - Setting next_dagrun for example_sla_dag to 2026-06-24 10:06:00+00:00, run_after=2026-06-24 10:08:00+00:00
[2026-06-24T13:08:02.066+0300] {processor.py:183} INFO - Processing /media/data/omar/programming course/DEPI/DEPI project/anomx/venv/lib/python3.12/site-packages/airflow/example_dags/example_sla_dag.py took 0.088 seconds
[2026-06-24T13:08:58.353+0300] {processor.py:161} INFO - Started process (PID=46651) to work on /media/data/omar/programming course/DEPI/DEPI project/anomx/venv/lib/python3.12/site-packages/airflow/example_dags/example_sla_dag.py
[2026-06-24T13:08:58.355+0300] {processor.py:830} INFO - Processing file /media/data/omar/programming course/DEPI/DEPI project/anomx/venv/lib/python3.12/site-packages/airflow/example_dags/example_sla_dag.py for tasks to queue
[2026-06-24T13:08:58.360+0300] {logging_mixin.py:188} INFO - [2026-06-24T13:08:58.359+0300] {dagbag.py:540} INFO - Filling up the DagBag from /media/data/omar/programming course/DEPI/DEPI project/anomx/venv/lib/python3.12/site-packages/airflow/example_dags/example_sla_dag.py
[2026-06-24T13:08:58.382+0300] {processor.py:840} INFO - DAG(s) 'example_sla_dag' retrieved from /media/data/omar/programming course/DEPI/DEPI project/anomx/venv/lib/python3.12/site-packages/airflow/example_dags/example_sla_dag.py
[2026-06-24T13:08:58.432+0300] {logging_mixin.py:188} INFO - [2026-06-24T13:08:58.430+0300] {dag.py:3096} INFO - Sync 1 DAGs
[2026-06-24T13:08:58.501+0300] {logging_mixin.py:188} INFO - [2026-06-24T13:08:58.501+0300] {dag.py:3954} INFO - Setting next_dagrun for example_sla_dag to 2026-06-24 10:06:00+00:00, run_after=2026-06-24 10:08:00+00:00
[2026-06-24T13:08:58.576+0300] {processor.py:183} INFO - Processing /media/data/omar/programming course/DEPI/DEPI project/anomx/venv/lib/python3.12/site-packages/airflow/example_dags/example_sla_dag.py took 0.247 seconds
[2026-06-24T13:12:15.019+0300] {processor.py:161} INFO - Started process (PID=48749) to work on /media/data/omar/programming course/DEPI/DEPI project/anomx/venv/lib/python3.12/site-packages/airflow/example_dags/example_sla_dag.py
[2026-06-24T13:12:15.020+0300] {processor.py:830} INFO - Processing file /media/data/omar/programming course/DEPI/DEPI project/anomx/venv/lib/python3.12/site-packages/airflow/example_dags/example_sla_dag.py for tasks to queue
[2026-06-24T13:12:15.021+0300] {logging_mixin.py:188} INFO - [2026-06-24T13:12:15.021+0300] {dagbag.py:540} INFO - Filling up the DagBag from /media/data/omar/programming course/DEPI/DEPI project/anomx/venv/lib/python3.12/site-packages/airflow/example_dags/example_sla_dag.py
[2026-06-24T13:12:15.028+0300] {processor.py:840} INFO - DAG(s) 'example_sla_dag' retrieved from /media/data/omar/programming course/DEPI/DEPI project/anomx/venv/lib/python3.12/site-packages/airflow/example_dags/example_sla_dag.py
[2026-06-24T13:12:15.044+0300] {logging_mixin.py:188} INFO - [2026-06-24T13:12:15.044+0300] {dag.py:3096} INFO - Sync 1 DAGs
[2026-06-24T13:12:15.060+0300] {logging_mixin.py:188} INFO - [2026-06-24T13:12:15.060+0300] {dag.py:3954} INFO - Setting next_dagrun for example_sla_dag to 2026-06-24 10:10:00+00:00, run_after=2026-06-24 10:12:00+00:00
[2026-06-24T13:12:15.088+0300] {processor.py:183} INFO - Processing /media/data/omar/programming course/DEPI/DEPI project/anomx/venv/lib/python3.12/site-packages/airflow/example_dags/example_sla_dag.py took 0.077 seconds
[2026-06-24T13:13:09.895+0300] {processor.py:161} INFO - Started process (PID=49423) to work on /media/data/omar/programming course/DEPI/DEPI project/anomx/venv/lib/python3.12/site-packages/airflow/example_dags/example_sla_dag.py
[2026-06-24T13:13:09.896+0300] {processor.py:830} INFO - Processing file /media/data/omar/programming course/DEPI/DEPI project/anomx/venv/lib/python3.12/site-packages/airflow/example_dags/example_sla_dag.py for tasks to queue
[2026-06-24T13:13:09.897+0300] {logging_mixin.py:188} INFO - [2026-06-24T13:13:09.896+0300] {dagbag.py:540} INFO - Filling up the DagBag from /media/data/omar/programming course/DEPI/DEPI project/anomx/venv/lib/python3.12/site-packages/airflow/example_dags/example_sla_dag.py
[2026-06-24T13:13:09.903+0300] {processor.py:840} INFO - DAG(s) 'example_sla_dag' retrieved from /media/data/omar/programming course/DEPI/DEPI project/anomx/venv/lib/python3.12/site-packages/airflow/example_dags/example_sla_dag.py
[2026-06-24T13:13:09.917+0300] {logging_mixin.py:188} INFO - [2026-06-24T13:13:09.917+0300] {dag.py:3096} INFO - Sync 1 DAGs
[2026-06-24T13:13:09.934+0300] {logging_mixin.py:188} INFO - [2026-06-24T13:13:09.933+0300] {dag.py:3954} INFO - Setting next_dagrun for example_sla_dag to 2026-06-24 10:10:00+00:00, run_after=2026-06-24 10:12:00+00:00
[2026-06-24T13:13:09.960+0300] {processor.py:183} INFO - Processing /media/data/omar/programming course/DEPI/DEPI project/anomx/venv/lib/python3.12/site-packages/airflow/example_dags/example_sla_dag.py took 0.069 seconds
[2026-06-24T13:14:06.822+0300] {processor.py:161} INFO - Started process (PID=49789) to work on /media/data/omar/programming course/DEPI/DEPI project/anomx/venv/lib/python3.12/site-packages/airflow/example_dags/example_sla_dag.py
[2026-06-24T13:14:06.823+0300] {processor.py:830} INFO - Processing file /media/data/omar/programming course/DEPI/DEPI project/anomx/venv/lib/python3.12/site-packages/airflow/example_dags/example_sla_dag.py for tasks to queue
[2026-06-24T13:14:06.824+0300] {logging_mixin.py:188} INFO - [2026-06-24T13:14:06.824+0300] {dagbag.py:540} INFO - Filling up the DagBag from /media/data/omar/programming course/DEPI/DEPI project/anomx/venv/lib/python3.12/site-packages/airflow/example_dags/example_sla_dag.py
[2026-06-24T13:14:06.834+0300] {processor.py:840} INFO - DAG(s) 'example_sla_dag' retrieved from /media/data/omar/programming course/DEPI/DEPI project/anomx/venv/lib/python3.12/site-packages/airflow/example_dags/example_sla_dag.py
[2026-06-24T13:14:06.854+0300] {logging_mixin.py:188} INFO - [2026-06-24T13:14:06.853+0300] {dag.py:3096} INFO - Sync 1 DAGs
[2026-06-24T13:14:06.885+0300] {logging_mixin.py:188} INFO - [2026-06-24T13:14:06.884+0300] {dag.py:3954} INFO - Setting next_dagrun for example_sla_dag to 2026-06-24 10:12:00+00:00, run_after=2026-06-24 10:14:00+00:00
[2026-06-24T13:14:06.923+0300] {processor.py:183} INFO - Processing /media/data/omar/programming course/DEPI/DEPI project/anomx/venv/lib/python3.12/site-packages/airflow/example_dags/example_sla_dag.py took 0.107 seconds
[2026-06-24T13:15:00.583+0300] {processor.py:161} INFO - Started process (PID=50437) to work on /media/data/omar/programming course/DEPI/DEPI project/anomx/venv/lib/python3.12/site-packages/airflow/example_dags/example_sla_dag.py
[2026-06-24T13:15:00.583+0300] {processor.py:830} INFO - Processing file /media/data/omar/programming course/DEPI/DEPI project/anomx/venv/lib/python3.12/site-packages/airflow/example_dags/example_sla_dag.py for tasks to queue
[2026-06-24T13:15:00.584+0300] {logging_mixin.py:188} INFO - [2026-06-24T13:15:00.584+0300] {dagbag.py:540} INFO - Filling up the DagBag from /media/data/omar/programming course/DEPI/DEPI project/anomx/venv/lib/python3.12/site-packages/airflow/example_dags/example_sla_dag.py
[2026-06-24T13:15:00.591+0300] {processor.py:840} INFO - DAG(s) 'example_sla_dag' retrieved from /media/data/omar/programming course/DEPI/DEPI project/anomx/venv/lib/python3.12/site-packages/airflow/example_dags/example_sla_dag.py
[2026-06-24T13:15:00.604+0300] {logging_mixin.py:188} INFO - [2026-06-24T13:15:00.604+0300] {dag.py:3096} INFO - Sync 1 DAGs
[2026-06-24T13:15:00.620+0300] {logging_mixin.py:188} INFO - [2026-06-24T13:15:00.620+0300] {dag.py:3954} INFO - Setting next_dagrun for example_sla_dag to 2026-06-24 10:12:00+00:00, run_after=2026-06-24 10:14:00+00:00
[2026-06-24T13:15:00.649+0300] {processor.py:183} INFO - Processing /media/data/omar/programming course/DEPI/DEPI project/anomx/venv/lib/python3.12/site-packages/airflow/example_dags/example_sla_dag.py took 0.072 seconds
[2026-06-24T13:15:50.177+0300] {processor.py:161} INFO - Started process (PID=50738) to work on /media/data/omar/programming course/DEPI/DEPI project/anomx/venv/lib/python3.12/site-packages/airflow/example_dags/example_sla_dag.py
[2026-06-24T13:15:50.178+0300] {processor.py:830} INFO - Processing file /media/data/omar/programming course/DEPI/DEPI project/anomx/venv/lib/python3.12/site-packages/airflow/example_dags/example_sla_dag.py for tasks to queue
[2026-06-24T13:15:50.179+0300] {logging_mixin.py:188} INFO - [2026-06-24T13:15:50.178+0300] {dagbag.py:540} INFO - Filling up the DagBag from /media/data/omar/programming course/DEPI/DEPI project/anomx/venv/lib/python3.12/site-packages/airflow/example_dags/example_sla_dag.py
[2026-06-24T13:15:50.188+0300] {processor.py:840} INFO - DAG(s) 'example_sla_dag' retrieved from /media/data/omar/programming course/DEPI/DEPI project/anomx/venv/lib/python3.12/site-packages/airflow/example_dags/example_sla_dag.py
[2026-06-24T13:15:50.206+0300] {logging_mixin.py:188} INFO - [2026-06-24T13:15:50.206+0300] {dag.py:3096} INFO - Sync 1 DAGs
[2026-06-24T13:15:50.225+0300] {logging_mixin.py:188} INFO - [2026-06-24T13:15:50.225+0300] {dag.py:3954} INFO - Setting next_dagrun for example_sla_dag to 2026-06-24 10:12:00+00:00, run_after=2026-06-24 10:14:00+00:00
[2026-06-24T13:15:50.256+0300] {processor.py:183} INFO - Processing /media/data/omar/programming course/DEPI/DEPI project/anomx/venv/lib/python3.12/site-packages/airflow/example_dags/example_sla_dag.py took 0.085 seconds
[2026-06-24T13:16:39.828+0300] {processor.py:161} INFO - Started process (PID=51361) to work on /media/data/omar/programming course/DEPI/DEPI project/anomx/venv/lib/python3.12/site-packages/airflow/example_dags/example_sla_dag.py
[2026-06-24T13:16:39.829+0300] {processor.py:830} INFO - Processing file /media/data/omar/programming course/DEPI/DEPI project/anomx/venv/lib/python3.12/site-packages/airflow/example_dags/example_sla_dag.py for tasks to queue
[2026-06-24T13:16:39.830+0300] {logging_mixin.py:188} INFO - [2026-06-24T13:16:39.829+0300] {dagbag.py:540} INFO - Filling up the DagBag from /media/data/omar/programming course/DEPI/DEPI project/anomx/venv/lib/python3.12/site-packages/airflow/example_dags/example_sla_dag.py
[2026-06-24T13:16:39.837+0300] {processor.py:840} INFO - DAG(s) 'example_sla_dag' retrieved from /media/data/omar/programming course/DEPI/DEPI project/anomx/venv/lib/python3.12/site-packages/airflow/example_dags/example_sla_dag.py
[2026-06-24T13:16:39.853+0300] {logging_mixin.py:188} INFO - [2026-06-24T13:16:39.853+0300] {dag.py:3096} INFO - Sync 1 DAGs
[2026-06-24T13:16:39.870+0300] {logging_mixin.py:188} INFO - [2026-06-24T13:16:39.870+0300] {dag.py:3954} INFO - Setting next_dagrun for example_sla_dag to 2026-06-24 10:14:00+00:00, run_after=2026-06-24 10:16:00+00:00
[2026-06-24T13:16:39.899+0300] {processor.py:183} INFO - Processing /media/data/omar/programming course/DEPI/DEPI project/anomx/venv/lib/python3.12/site-packages/airflow/example_dags/example_sla_dag.py took 0.076 seconds
[2026-06-24T13:17:32.772+0300] {processor.py:161} INFO - Started process (PID=51700) to work on /media/data/omar/programming course/DEPI/DEPI project/anomx/venv/lib/python3.12/site-packages/airflow/example_dags/example_sla_dag.py
[2026-06-24T13:17:32.773+0300] {processor.py:830} INFO - Processing file /media/data/omar/programming course/DEPI/DEPI project/anomx/venv/lib/python3.12/site-packages/airflow/example_dags/example_sla_dag.py for tasks to queue
[2026-06-24T13:17:32.775+0300] {logging_mixin.py:188} INFO - [2026-06-24T13:17:32.774+0300] {dagbag.py:540} INFO - Filling up the DagBag from /media/data/omar/programming course/DEPI/DEPI project/anomx/venv/lib/python3.12/site-packages/airflow/example_dags/example_sla_dag.py
[2026-06-24T13:17:32.785+0300] {processor.py:840} INFO - DAG(s) 'example_sla_dag' retrieved from /media/data/omar/programming course/DEPI/DEPI project/anomx/venv/lib/python3.12/site-packages/airflow/example_dags/example_sla_dag.py
[2026-06-24T13:17:32.801+0300] {logging_mixin.py:188} INFO - [2026-06-24T13:17:32.801+0300] {dag.py:3096} INFO - Sync 1 DAGs
[2026-06-24T13:17:32.819+0300] {logging_mixin.py:188} INFO - [2026-06-24T13:17:32.818+0300] {dag.py:3954} INFO - Setting next_dagrun for example_sla_dag to 2026-06-24 10:14:00+00:00, run_after=2026-06-24 10:16:00+00:00
[2026-06-24T13:17:32.845+0300] {processor.py:183} INFO - Processing /media/data/omar/programming course/DEPI/DEPI project/anomx/venv/lib/python3.12/site-packages/airflow/example_dags/example_sla_dag.py took 0.085 seconds
[2026-06-24T13:18:21.697+0300] {processor.py:161} INFO - Started process (PID=52313) to work on /media/data/omar/programming course/DEPI/DEPI project/anomx/venv/lib/python3.12/site-packages/airflow/example_dags/example_sla_dag.py
[2026-06-24T13:18:21.698+0300] {processor.py:830} INFO - Processing file /media/data/omar/programming course/DEPI/DEPI project/anomx/venv/lib/python3.12/site-packages/airflow/example_dags/example_sla_dag.py for tasks to queue
[2026-06-24T13:18:21.699+0300] {logging_mixin.py:188} INFO - [2026-06-24T13:18:21.699+0300] {dagbag.py:540} INFO - Filling up the DagBag from /media/data/omar/programming course/DEPI/DEPI project/anomx/venv/lib/python3.12/site-packages/airflow/example_dags/example_sla_dag.py
[2026-06-24T13:18:21.708+0300] {processor.py:840} INFO - DAG(s) 'example_sla_dag' retrieved from /media/data/omar/programming course/DEPI/DEPI project/anomx/venv/lib/python3.12/site-packages/airflow/example_dags/example_sla_dag.py
[2026-06-24T13:18:21.728+0300] {logging_mixin.py:188} INFO - [2026-06-24T13:18:21.727+0300] {dag.py:3096} INFO - Sync 1 DAGs
[2026-06-24T13:18:21.749+0300] {logging_mixin.py:188} INFO - [2026-06-24T13:18:21.749+0300] {dag.py:3954} INFO - Setting next_dagrun for example_sla_dag to 2026-06-24 10:16:00+00:00, run_after=2026-06-24 10:18:00+00:00
[2026-06-24T13:18:21.787+0300] {processor.py:183} INFO - Processing /media/data/omar/programming course/DEPI/DEPI project/anomx/venv/lib/python3.12/site-packages/airflow/example_dags/example_sla_dag.py took 0.095 seconds
