[2026-06-24T11:52:36.101+0300] {processor.py:161} INFO - Started process (PID=10722) to work on /media/data/omar/programming course/DEPI/DEPI project/anomx/venv/lib/python3.12/site-packages/airflow/example_dags/tutorial_dag.py
[2026-06-24T11:52:36.102+0300] {processor.py:830} INFO - Processing file /media/data/omar/programming course/DEPI/DEPI project/anomx/venv/lib/python3.12/site-packages/airflow/example_dags/tutorial_dag.py for tasks to queue
[2026-06-24T11:52:36.103+0300] {logging_mixin.py:188} INFO - [2026-06-24T11:52:36.103+0300] {dagbag.py:540} INFO - Filling up the DagBag from /media/data/omar/programming course/DEPI/DEPI project/anomx/venv/lib/python3.12/site-packages/airflow/example_dags/tutorial_dag.py
[2026-06-24T11:52:36.119+0300] {processor.py:840} INFO - DAG(s) 'tutorial_dag' retrieved from /media/data/omar/programming course/DEPI/DEPI project/anomx/venv/lib/python3.12/site-packages/airflow/example_dags/tutorial_dag.py
[2026-06-24T11:52:36.158+0300] {logging_mixin.py:188} INFO - [2026-06-24T11:52:36.158+0300] {dag.py:3096} INFO - Sync 1 DAGs
[2026-06-24T11:52:36.172+0300] {logging_mixin.py:188} INFO - [2026-06-24T11:52:36.172+0300] {dag.py:3118} INFO - Creating ORM DAG for tutorial_dag
[2026-06-24T11:52:36.174+0300] {logging_mixin.py:188} INFO - [2026-06-24T11:52:36.173+0300] {dag.py:3954} INFO - Setting next_dagrun for tutorial_dag to None, run_after=None
[2026-06-24T11:52:36.206+0300] {processor.py:183} INFO - Processing /media/data/omar/programming course/DEPI/DEPI project/anomx/venv/lib/python3.12/site-packages/airflow/example_dags/tutorial_dag.py took 0.112 seconds
[2026-06-24T11:54:11.331+0300] {processor.py:161} INFO - Started process (PID=11679) to work on /media/data/omar/programming course/DEPI/DEPI project/anomx/venv/lib/python3.12/site-packages/airflow/example_dags/tutorial_dag.py
[2026-06-24T11:54:11.334+0300] {processor.py:830} INFO - Processing file /media/data/omar/programming course/DEPI/DEPI project/anomx/venv/lib/python3.12/site-packages/airflow/example_dags/tutorial_dag.py for tasks to queue
[2026-06-24T11:54:11.341+0300] {logging_mixin.py:188} INFO - [2026-06-24T11:54:11.339+0300] {dagbag.py:540} INFO - Filling up the DagBag from /media/data/omar/programming course/DEPI/DEPI project/anomx/venv/lib/python3.12/site-packages/airflow/example_dags/tutorial_dag.py
[2026-06-24T11:54:11.355+0300] {processor.py:840} INFO - DAG(s) 'tutorial_dag' retrieved from /media/data/omar/programming course/DEPI/DEPI project/anomx/venv/lib/python3.12/site-packages/airflow/example_dags/tutorial_dag.py
[2026-06-24T11:54:11.374+0300] {logging_mixin.py:188} INFO - [2026-06-24T11:54:11.374+0300] {dag.py:3096} INFO - Sync 1 DAGs
[2026-06-24T11:54:11.391+0300] {logging_mixin.py:188} INFO - [2026-06-24T11:54:11.390+0300] {dag.py:3954} INFO - Setting next_dagrun for tutorial_dag to None, run_after=None
[2026-06-24T11:54:11.430+0300] {processor.py:183} INFO - Processing /media/data/omar/programming course/DEPI/DEPI project/anomx/venv/lib/python3.12/site-packages/airflow/example_dags/tutorial_dag.py took 0.118 seconds
[2026-06-24T11:55:12.416+0300] {processor.py:161} INFO - Started process (PID=12429) to work on /media/data/omar/programming course/DEPI/DEPI project/anomx/venv/lib/python3.12/site-packages/airflow/example_dags/tutorial_dag.py
[2026-06-24T11:55:12.418+0300] {processor.py:830} INFO - Processing file /media/data/omar/programming course/DEPI/DEPI project/anomx/venv/lib/python3.12/site-packages/airflow/example_dags/tutorial_dag.py for tasks to queue
[2026-06-24T11:55:12.420+0300] {logging_mixin.py:188} INFO - [2026-06-24T11:55:12.420+0300] {dagbag.py:540} INFO - Filling up the DagBag from /media/data/omar/programming course/DEPI/DEPI project/anomx/venv/lib/python3.12/site-packages/airflow/example_dags/tutorial_dag.py
[2026-06-24T11:55:12.431+0300] {processor.py:840} INFO - DAG(s) 'tutorial_dag' retrieved from /media/data/omar/programming course/DEPI/DEPI project/anomx/venv/lib/python3.12/site-packages/airflow/example_dags/tutorial_dag.py
[2026-06-24T11:55:12.473+0300] {logging_mixin.py:188} INFO - [2026-06-24T11:55:12.472+0300] {dag.py:3096} INFO - Sync 1 DAGs
[2026-06-24T11:55:12.508+0300] {logging_mixin.py:188} INFO - [2026-06-24T11:55:12.507+0300] {dag.py:3954} INFO - Setting next_dagrun for tutorial_dag to None, run_after=None
[2026-06-24T11:55:12.572+0300] {processor.py:183} INFO - Processing /media/data/omar/programming course/DEPI/DEPI project/anomx/venv/lib/python3.12/site-packages/airflow/example_dags/tutorial_dag.py took 0.164 seconds
[2026-06-24T11:56:16.752+0300] {processor.py:161} INFO - Started process (PID=13091) to work on /media/data/omar/programming course/DEPI/DEPI project/anomx/venv/lib/python3.12/site-packages/airflow/example_dags/tutorial_dag.py
[2026-06-24T11:56:16.753+0300] {processor.py:830} INFO - Processing file /media/data/omar/programming course/DEPI/DEPI project/anomx/venv/lib/python3.12/site-packages/airflow/example_dags/tutorial_dag.py for tasks to queue
[2026-06-24T11:56:16.755+0300] {logging_mixin.py:188} INFO - [2026-06-24T11:56:16.754+0300] {dagbag.py:540} INFO - Filling up the DagBag from /media/data/omar/programming course/DEPI/DEPI project/anomx/venv/lib/python3.12/site-packages/airflow/example_dags/tutorial_dag.py
[2026-06-24T11:56:16.762+0300] {processor.py:840} INFO - DAG(s) 'tutorial_dag' retrieved from /media/data/omar/programming course/DEPI/DEPI project/anomx/venv/lib/python3.12/site-packages/airflow/example_dags/tutorial_dag.py
[2026-06-24T11:56:16.779+0300] {logging_mixin.py:188} INFO - [2026-06-24T11:56:16.779+0300] {dag.py:3096} INFO - Sync 1 DAGs
[2026-06-24T11:56:16.790+0300] {logging_mixin.py:188} INFO - [2026-06-24T11:56:16.789+0300] {dag.py:3954} INFO - Setting next_dagrun for tutorial_dag to None, run_after=None
[2026-06-24T11:56:16.821+0300] {processor.py:183} INFO - Processing /media/data/omar/programming course/DEPI/DEPI project/anomx/venv/lib/python3.12/site-packages/airflow/example_dags/tutorial_dag.py took 0.076 seconds
[2026-06-24T11:57:05.398+0300] {processor.py:161} INFO - Started process (PID=13382) to work on /media/data/omar/programming course/DEPI/DEPI project/anomx/venv/lib/python3.12/site-packages/airflow/example_dags/tutorial_dag.py
[2026-06-24T11:57:05.399+0300] {processor.py:830} INFO - Processing file /media/data/omar/programming course/DEPI/DEPI project/anomx/venv/lib/python3.12/site-packages/airflow/example_dags/tutorial_dag.py for tasks to queue
[2026-06-24T11:57:05.401+0300] {logging_mixin.py:188} INFO - [2026-06-24T11:57:05.400+0300] {dagbag.py:540} INFO - Filling up the DagBag from /media/data/omar/programming course/DEPI/DEPI project/anomx/venv/lib/python3.12/site-packages/airflow/example_dags/tutorial_dag.py
[2026-06-24T11:57:05.406+0300] {processor.py:840} INFO - DAG(s) 'tutorial_dag' retrieved from /media/data/omar/programming course/DEPI/DEPI project/anomx/venv/lib/python3.12/site-packages/airflow/example_dags/tutorial_dag.py
[2026-06-24T11:57:05.419+0300] {logging_mixin.py:188} INFO - [2026-06-24T11:57:05.419+0300] {dag.py:3096} INFO - Sync 1 DAGs
[2026-06-24T11:57:05.429+0300] {logging_mixin.py:188} INFO - [2026-06-24T11:57:05.429+0300] {dag.py:3954} INFO - Setting next_dagrun for tutorial_dag to None, run_after=None
[2026-06-24T11:57:05.457+0300] {processor.py:183} INFO - Processing /media/data/omar/programming course/DEPI/DEPI project/anomx/venv/lib/python3.12/site-packages/airflow/example_dags/tutorial_dag.py took 0.064 seconds
[2026-06-24T11:57:58.981+0300] {processor.py:161} INFO - Started process (PID=13947) to work on /media/data/omar/programming course/DEPI/DEPI project/anomx/venv/lib/python3.12/site-packages/airflow/example_dags/tutorial_dag.py
[2026-06-24T11:57:58.983+0300] {processor.py:830} INFO - Processing file /media/data/omar/programming course/DEPI/DEPI project/anomx/venv/lib/python3.12/site-packages/airflow/example_dags/tutorial_dag.py for tasks to queue
[2026-06-24T11:57:58.985+0300] {logging_mixin.py:188} INFO - [2026-06-24T11:57:58.984+0300] {dagbag.py:540} INFO - Filling up the DagBag from /media/data/omar/programming course/DEPI/DEPI project/anomx/venv/lib/python3.12/site-packages/airflow/example_dags/tutorial_dag.py
[2026-06-24T11:57:58.994+0300] {processor.py:840} INFO - DAG(s) 'tutorial_dag' retrieved from /media/data/omar/programming course/DEPI/DEPI project/anomx/venv/lib/python3.12/site-packages/airflow/example_dags/tutorial_dag.py
[2026-06-24T11:57:59.015+0300] {logging_mixin.py:188} INFO - [2026-06-24T11:57:59.015+0300] {dag.py:3096} INFO - Sync 1 DAGs
[2026-06-24T11:57:59.028+0300] {logging_mixin.py:188} INFO - [2026-06-24T11:57:59.027+0300] {dag.py:3954} INFO - Setting next_dagrun for tutorial_dag to None, run_after=None
[2026-06-24T11:57:59.075+0300] {processor.py:183} INFO - Processing /media/data/omar/programming course/DEPI/DEPI project/anomx/venv/lib/python3.12/site-packages/airflow/example_dags/tutorial_dag.py took 0.103 seconds
[2026-06-24T12:36:22.735+0300] {processor.py:161} INFO - Started process (PID=28487) to work on /media/data/omar/programming course/DEPI/DEPI project/anomx/venv/lib/python3.12/site-packages/airflow/example_dags/tutorial_dag.py
[2026-06-24T12:36:22.736+0300] {processor.py:830} INFO - Processing file /media/data/omar/programming course/DEPI/DEPI project/anomx/venv/lib/python3.12/site-packages/airflow/example_dags/tutorial_dag.py for tasks to queue
[2026-06-24T12:36:22.737+0300] {logging_mixin.py:188} INFO - [2026-06-24T12:36:22.736+0300] {dagbag.py:540} INFO - Filling up the DagBag from /media/data/omar/programming course/DEPI/DEPI project/anomx/venv/lib/python3.12/site-packages/airflow/example_dags/tutorial_dag.py
[2026-06-24T12:36:22.742+0300] {processor.py:840} INFO - DAG(s) 'tutorial_dag' retrieved from /media/data/omar/programming course/DEPI/DEPI project/anomx/venv/lib/python3.12/site-packages/airflow/example_dags/tutorial_dag.py
[2026-06-24T12:36:22.769+0300] {logging_mixin.py:188} INFO - [2026-06-24T12:36:22.769+0300] {dag.py:3096} INFO - Sync 1 DAGs
[2026-06-24T12:36:22.778+0300] {logging_mixin.py:188} INFO - [2026-06-24T12:36:22.778+0300] {dag.py:3954} INFO - Setting next_dagrun for tutorial_dag to None, run_after=None
[2026-06-24T12:36:22.805+0300] {processor.py:183} INFO - Processing /media/data/omar/programming course/DEPI/DEPI project/anomx/venv/lib/python3.12/site-packages/airflow/example_dags/tutorial_dag.py took 0.075 seconds
[2026-06-24T12:37:14.609+0300] {processor.py:161} INFO - Started process (PID=29112) to work on /media/data/omar/programming course/DEPI/DEPI project/anomx/venv/lib/python3.12/site-packages/airflow/example_dags/tutorial_dag.py
[2026-06-24T12:37:14.610+0300] {processor.py:830} INFO - Processing file /media/data/omar/programming course/DEPI/DEPI project/anomx/venv/lib/python3.12/site-packages/airflow/example_dags/tutorial_dag.py for tasks to queue
[2026-06-24T12:37:14.611+0300] {logging_mixin.py:188} INFO - [2026-06-24T12:37:14.611+0300] {dagbag.py:540} INFO - Filling up the DagBag from /media/data/omar/programming course/DEPI/DEPI project/anomx/venv/lib/python3.12/site-packages/airflow/example_dags/tutorial_dag.py
[2026-06-24T12:37:14.616+0300] {processor.py:840} INFO - DAG(s) 'tutorial_dag' retrieved from /media/data/omar/programming course/DEPI/DEPI project/anomx/venv/lib/python3.12/site-packages/airflow/example_dags/tutorial_dag.py
[2026-06-24T12:37:14.631+0300] {logging_mixin.py:188} INFO - [2026-06-24T12:37:14.631+0300] {dag.py:3096} INFO - Sync 1 DAGs
[2026-06-24T12:37:14.640+0300] {logging_mixin.py:188} INFO - [2026-06-24T12:37:14.640+0300] {dag.py:3954} INFO - Setting next_dagrun for tutorial_dag to None, run_after=None
[2026-06-24T12:37:14.669+0300] {processor.py:183} INFO - Processing /media/data/omar/programming course/DEPI/DEPI project/anomx/venv/lib/python3.12/site-packages/airflow/example_dags/tutorial_dag.py took 0.064 seconds
[2026-06-24T12:38:01.258+0300] {processor.py:161} INFO - Started process (PID=29523) to work on /media/data/omar/programming course/DEPI/DEPI project/anomx/venv/lib/python3.12/site-packages/airflow/example_dags/tutorial_dag.py
[2026-06-24T12:38:01.259+0300] {processor.py:830} INFO - Processing file /media/data/omar/programming course/DEPI/DEPI project/anomx/venv/lib/python3.12/site-packages/airflow/example_dags/tutorial_dag.py for tasks to queue
[2026-06-24T12:38:01.260+0300] {logging_mixin.py:188} INFO - [2026-06-24T12:38:01.259+0300] {dagbag.py:540} INFO - Filling up the DagBag from /media/data/omar/programming course/DEPI/DEPI project/anomx/venv/lib/python3.12/site-packages/airflow/example_dags/tutorial_dag.py
[2026-06-24T12:38:01.265+0300] {processor.py:840} INFO - DAG(s) 'tutorial_dag' retrieved from /media/data/omar/programming course/DEPI/DEPI project/anomx/venv/lib/python3.12/site-packages/airflow/example_dags/tutorial_dag.py
[2026-06-24T12:38:01.280+0300] {logging_mixin.py:188} INFO - [2026-06-24T12:38:01.279+0300] {dag.py:3096} INFO - Sync 1 DAGs
[2026-06-24T12:38:01.289+0300] {logging_mixin.py:188} INFO - [2026-06-24T12:38:01.288+0300] {dag.py:3954} INFO - Setting next_dagrun for tutorial_dag to None, run_after=None
[2026-06-24T12:38:01.316+0300] {processor.py:183} INFO - Processing /media/data/omar/programming course/DEPI/DEPI project/anomx/venv/lib/python3.12/site-packages/airflow/example_dags/tutorial_dag.py took 0.064 seconds
[2026-06-24T12:38:49.603+0300] {processor.py:161} INFO - Started process (PID=30093) to work on /media/data/omar/programming course/DEPI/DEPI project/anomx/venv/lib/python3.12/site-packages/airflow/example_dags/tutorial_dag.py
[2026-06-24T12:38:49.604+0300] {processor.py:830} INFO - Processing file /media/data/omar/programming course/DEPI/DEPI project/anomx/venv/lib/python3.12/site-packages/airflow/example_dags/tutorial_dag.py for tasks to queue
[2026-06-24T12:38:49.606+0300] {logging_mixin.py:188} INFO - [2026-06-24T12:38:49.605+0300] {dagbag.py:540} INFO - Filling up the DagBag from /media/data/omar/programming course/DEPI/DEPI project/anomx/venv/lib/python3.12/site-packages/airflow/example_dags/tutorial_dag.py
[2026-06-24T12:38:49.613+0300] {processor.py:840} INFO - DAG(s) 'tutorial_dag' retrieved from /media/data/omar/programming course/DEPI/DEPI project/anomx/venv/lib/python3.12/site-packages/airflow/example_dags/tutorial_dag.py
[2026-06-24T12:38:49.628+0300] {logging_mixin.py:188} INFO - [2026-06-24T12:38:49.627+0300] {dag.py:3096} INFO - Sync 1 DAGs
[2026-06-24T12:38:49.636+0300] {logging_mixin.py:188} INFO - [2026-06-24T12:38:49.636+0300] {dag.py:3954} INFO - Setting next_dagrun for tutorial_dag to None, run_after=None
[2026-06-24T12:38:49.662+0300] {processor.py:183} INFO - Processing /media/data/omar/programming course/DEPI/DEPI project/anomx/venv/lib/python3.12/site-packages/airflow/example_dags/tutorial_dag.py took 0.069 seconds
[2026-06-24T12:39:36.743+0300] {processor.py:161} INFO - Started process (PID=30435) to work on /media/data/omar/programming course/DEPI/DEPI project/anomx/venv/lib/python3.12/site-packages/airflow/example_dags/tutorial_dag.py
[2026-06-24T12:39:36.744+0300] {processor.py:830} INFO - Processing file /media/data/omar/programming course/DEPI/DEPI project/anomx/venv/lib/python3.12/site-packages/airflow/example_dags/tutorial_dag.py for tasks to queue
[2026-06-24T12:39:36.744+0300] {logging_mixin.py:188} INFO - [2026-06-24T12:39:36.744+0300] {dagbag.py:540} INFO - Filling up the DagBag from /media/data/omar/programming course/DEPI/DEPI project/anomx/venv/lib/python3.12/site-packages/airflow/example_dags/tutorial_dag.py
[2026-06-24T12:39:36.749+0300] {processor.py:840} INFO - DAG(s) 'tutorial_dag' retrieved from /media/data/omar/programming course/DEPI/DEPI project/anomx/venv/lib/python3.12/site-packages/airflow/example_dags/tutorial_dag.py
[2026-06-24T12:39:36.764+0300] {logging_mixin.py:188} INFO - [2026-06-24T12:39:36.764+0300] {dag.py:3096} INFO - Sync 1 DAGs
[2026-06-24T12:39:36.773+0300] {logging_mixin.py:188} INFO - [2026-06-24T12:39:36.773+0300] {dag.py:3954} INFO - Setting next_dagrun for tutorial_dag to None, run_after=None
[2026-06-24T12:39:36.801+0300] {processor.py:183} INFO - Processing /media/data/omar/programming course/DEPI/DEPI project/anomx/venv/lib/python3.12/site-packages/airflow/example_dags/tutorial_dag.py took 0.063 seconds
[2026-06-24T12:40:19.835+0300] {processor.py:161} INFO - Started process (PID=30956) to work on /media/data/omar/programming course/DEPI/DEPI project/anomx/venv/lib/python3.12/site-packages/airflow/example_dags/tutorial_dag.py
[2026-06-24T12:40:19.836+0300] {processor.py:830} INFO - Processing file /media/data/omar/programming course/DEPI/DEPI project/anomx/venv/lib/python3.12/site-packages/airflow/example_dags/tutorial_dag.py for tasks to queue
[2026-06-24T12:40:19.837+0300] {logging_mixin.py:188} INFO - [2026-06-24T12:40:19.836+0300] {dagbag.py:540} INFO - Filling up the DagBag from /media/data/omar/programming course/DEPI/DEPI project/anomx/venv/lib/python3.12/site-packages/airflow/example_dags/tutorial_dag.py
[2026-06-24T12:40:19.842+0300] {processor.py:840} INFO - DAG(s) 'tutorial_dag' retrieved from /media/data/omar/programming course/DEPI/DEPI project/anomx/venv/lib/python3.12/site-packages/airflow/example_dags/tutorial_dag.py
[2026-06-24T12:40:19.856+0300] {logging_mixin.py:188} INFO - [2026-06-24T12:40:19.856+0300] {dag.py:3096} INFO - Sync 1 DAGs
[2026-06-24T12:40:19.864+0300] {logging_mixin.py:188} INFO - [2026-06-24T12:40:19.864+0300] {dag.py:3954} INFO - Setting next_dagrun for tutorial_dag to None, run_after=None
[2026-06-24T12:40:19.892+0300] {processor.py:183} INFO - Processing /media/data/omar/programming course/DEPI/DEPI project/anomx/venv/lib/python3.12/site-packages/airflow/example_dags/tutorial_dag.py took 0.061 seconds
[2026-06-24T12:41:23.238+0300] {processor.py:161} INFO - Started process (PID=31437) to work on /media/data/omar/programming course/DEPI/DEPI project/anomx/venv/lib/python3.12/site-packages/airflow/example_dags/tutorial_dag.py
[2026-06-24T12:41:23.238+0300] {processor.py:830} INFO - Processing file /media/data/omar/programming course/DEPI/DEPI project/anomx/venv/lib/python3.12/site-packages/airflow/example_dags/tutorial_dag.py for tasks to queue
[2026-06-24T12:41:23.239+0300] {logging_mixin.py:188} INFO - [2026-06-24T12:41:23.239+0300] {dagbag.py:540} INFO - Filling up the DagBag from /media/data/omar/programming course/DEPI/DEPI project/anomx/venv/lib/python3.12/site-packages/airflow/example_dags/tutorial_dag.py
[2026-06-24T12:41:23.244+0300] {processor.py:840} INFO - DAG(s) 'tutorial_dag' retrieved from /media/data/omar/programming course/DEPI/DEPI project/anomx/venv/lib/python3.12/site-packages/airflow/example_dags/tutorial_dag.py
[2026-06-24T12:41:23.259+0300] {logging_mixin.py:188} INFO - [2026-06-24T12:41:23.259+0300] {dag.py:3096} INFO - Sync 1 DAGs
[2026-06-24T12:41:23.268+0300] {logging_mixin.py:188} INFO - [2026-06-24T12:41:23.267+0300] {dag.py:3954} INFO - Setting next_dagrun for tutorial_dag to None, run_after=None
[2026-06-24T12:41:23.296+0300] {processor.py:183} INFO - Processing /media/data/omar/programming course/DEPI/DEPI project/anomx/venv/lib/python3.12/site-packages/airflow/example_dags/tutorial_dag.py took 0.062 seconds
[2026-06-24T12:42:14.969+0300] {processor.py:161} INFO - Started process (PID=32046) to work on /media/data/omar/programming course/DEPI/DEPI project/anomx/venv/lib/python3.12/site-packages/airflow/example_dags/tutorial_dag.py
[2026-06-24T12:42:14.970+0300] {processor.py:830} INFO - Processing file /media/data/omar/programming course/DEPI/DEPI project/anomx/venv/lib/python3.12/site-packages/airflow/example_dags/tutorial_dag.py for tasks to queue
[2026-06-24T12:42:14.971+0300] {logging_mixin.py:188} INFO - [2026-06-24T12:42:14.971+0300] {dagbag.py:540} INFO - Filling up the DagBag from /media/data/omar/programming course/DEPI/DEPI project/anomx/venv/lib/python3.12/site-packages/airflow/example_dags/tutorial_dag.py
[2026-06-24T12:42:14.979+0300] {processor.py:840} INFO - DAG(s) 'tutorial_dag' retrieved from /media/data/omar/programming course/DEPI/DEPI project/anomx/venv/lib/python3.12/site-packages/airflow/example_dags/tutorial_dag.py
[2026-06-24T12:42:14.998+0300] {logging_mixin.py:188} INFO - [2026-06-24T12:42:14.997+0300] {dag.py:3096} INFO - Sync 1 DAGs
[2026-06-24T12:42:15.009+0300] {logging_mixin.py:188} INFO - [2026-06-24T12:42:15.009+0300] {dag.py:3954} INFO - Setting next_dagrun for tutorial_dag to None, run_after=None
[2026-06-24T12:42:15.049+0300] {processor.py:183} INFO - Processing /media/data/omar/programming course/DEPI/DEPI project/anomx/venv/lib/python3.12/site-packages/airflow/example_dags/tutorial_dag.py took 0.088 seconds
[2026-06-24T12:43:05.657+0300] {processor.py:161} INFO - Started process (PID=32346) to work on /media/data/omar/programming course/DEPI/DEPI project/anomx/venv/lib/python3.12/site-packages/airflow/example_dags/tutorial_dag.py
[2026-06-24T12:43:05.660+0300] {processor.py:830} INFO - Processing file /media/data/omar/programming course/DEPI/DEPI project/anomx/venv/lib/python3.12/site-packages/airflow/example_dags/tutorial_dag.py for tasks to queue
[2026-06-24T12:43:05.663+0300] {logging_mixin.py:188} INFO - [2026-06-24T12:43:05.661+0300] {dagbag.py:540} INFO - Filling up the DagBag from /media/data/omar/programming course/DEPI/DEPI project/anomx/venv/lib/python3.12/site-packages/airflow/example_dags/tutorial_dag.py
[2026-06-24T12:43:05.674+0300] {processor.py:840} INFO - DAG(s) 'tutorial_dag' retrieved from /media/data/omar/programming course/DEPI/DEPI project/anomx/venv/lib/python3.12/site-packages/airflow/example_dags/tutorial_dag.py
[2026-06-24T12:43:05.692+0300] {logging_mixin.py:188} INFO - [2026-06-24T12:43:05.692+0300] {dag.py:3096} INFO - Sync 1 DAGs
[2026-06-24T12:43:05.700+0300] {logging_mixin.py:188} INFO - [2026-06-24T12:43:05.700+0300] {dag.py:3954} INFO - Setting next_dagrun for tutorial_dag to None, run_after=None
[2026-06-24T12:43:05.726+0300] {processor.py:183} INFO - Processing /media/data/omar/programming course/DEPI/DEPI project/anomx/venv/lib/python3.12/site-packages/airflow/example_dags/tutorial_dag.py took 0.085 seconds
[2026-06-24T12:43:57.090+0300] {processor.py:161} INFO - Started process (PID=32984) to work on /media/data/omar/programming course/DEPI/DEPI project/anomx/venv/lib/python3.12/site-packages/airflow/example_dags/tutorial_dag.py
[2026-06-24T12:43:57.091+0300] {processor.py:830} INFO - Processing file /media/data/omar/programming course/DEPI/DEPI project/anomx/venv/lib/python3.12/site-packages/airflow/example_dags/tutorial_dag.py for tasks to queue
[2026-06-24T12:43:57.091+0300] {logging_mixin.py:188} INFO - [2026-06-24T12:43:57.091+0300] {dagbag.py:540} INFO - Filling up the DagBag from /media/data/omar/programming course/DEPI/DEPI project/anomx/venv/lib/python3.12/site-packages/airflow/example_dags/tutorial_dag.py
[2026-06-24T12:43:57.096+0300] {processor.py:840} INFO - DAG(s) 'tutorial_dag' retrieved from /media/data/omar/programming course/DEPI/DEPI project/anomx/venv/lib/python3.12/site-packages/airflow/example_dags/tutorial_dag.py
[2026-06-24T12:43:57.110+0300] {logging_mixin.py:188} INFO - [2026-06-24T12:43:57.110+0300] {dag.py:3096} INFO - Sync 1 DAGs
[2026-06-24T12:43:57.119+0300] {logging_mixin.py:188} INFO - [2026-06-24T12:43:57.119+0300] {dag.py:3954} INFO - Setting next_dagrun for tutorial_dag to None, run_after=None
[2026-06-24T12:43:57.148+0300] {processor.py:183} INFO - Processing /media/data/omar/programming course/DEPI/DEPI project/anomx/venv/lib/python3.12/site-packages/airflow/example_dags/tutorial_dag.py took 0.063 seconds
[2026-06-24T12:44:45.461+0300] {processor.py:161} INFO - Started process (PID=33293) to work on /media/data/omar/programming course/DEPI/DEPI project/anomx/venv/lib/python3.12/site-packages/airflow/example_dags/tutorial_dag.py
[2026-06-24T12:44:45.462+0300] {processor.py:830} INFO - Processing file /media/data/omar/programming course/DEPI/DEPI project/anomx/venv/lib/python3.12/site-packages/airflow/example_dags/tutorial_dag.py for tasks to queue
[2026-06-24T12:44:45.463+0300] {logging_mixin.py:188} INFO - [2026-06-24T12:44:45.463+0300] {dagbag.py:540} INFO - Filling up the DagBag from /media/data/omar/programming course/DEPI/DEPI project/anomx/venv/lib/python3.12/site-packages/airflow/example_dags/tutorial_dag.py
[2026-06-24T12:44:45.468+0300] {processor.py:840} INFO - DAG(s) 'tutorial_dag' retrieved from /media/data/omar/programming course/DEPI/DEPI project/anomx/venv/lib/python3.12/site-packages/airflow/example_dags/tutorial_dag.py
[2026-06-24T12:44:45.482+0300] {logging_mixin.py:188} INFO - [2026-06-24T12:44:45.482+0300] {dag.py:3096} INFO - Sync 1 DAGs
[2026-06-24T12:44:45.491+0300] {logging_mixin.py:188} INFO - [2026-06-24T12:44:45.491+0300] {dag.py:3954} INFO - Setting next_dagrun for tutorial_dag to None, run_after=None
[2026-06-24T12:44:45.519+0300] {processor.py:183} INFO - Processing /media/data/omar/programming course/DEPI/DEPI project/anomx/venv/lib/python3.12/site-packages/airflow/example_dags/tutorial_dag.py took 0.062 seconds
[2026-06-24T12:45:34.487+0300] {processor.py:161} INFO - Started process (PID=33895) to work on /media/data/omar/programming course/DEPI/DEPI project/anomx/venv/lib/python3.12/site-packages/airflow/example_dags/tutorial_dag.py
[2026-06-24T12:45:34.488+0300] {processor.py:830} INFO - Processing file /media/data/omar/programming course/DEPI/DEPI project/anomx/venv/lib/python3.12/site-packages/airflow/example_dags/tutorial_dag.py for tasks to queue
[2026-06-24T12:45:34.489+0300] {logging_mixin.py:188} INFO - [2026-06-24T12:45:34.488+0300] {dagbag.py:540} INFO - Filling up the DagBag from /media/data/omar/programming course/DEPI/DEPI project/anomx/venv/lib/python3.12/site-packages/airflow/example_dags/tutorial_dag.py
[2026-06-24T12:45:34.495+0300] {processor.py:840} INFO - DAG(s) 'tutorial_dag' retrieved from /media/data/omar/programming course/DEPI/DEPI project/anomx/venv/lib/python3.12/site-packages/airflow/example_dags/tutorial_dag.py
[2026-06-24T12:45:34.511+0300] {logging_mixin.py:188} INFO - [2026-06-24T12:45:34.511+0300] {dag.py:3096} INFO - Sync 1 DAGs
[2026-06-24T12:45:34.520+0300] {logging_mixin.py:188} INFO - [2026-06-24T12:45:34.519+0300] {dag.py:3954} INFO - Setting next_dagrun for tutorial_dag to None, run_after=None
[2026-06-24T12:45:34.547+0300] {processor.py:183} INFO - Processing /media/data/omar/programming course/DEPI/DEPI project/anomx/venv/lib/python3.12/site-packages/airflow/example_dags/tutorial_dag.py took 0.065 seconds
[2026-06-24T12:46:23.906+0300] {processor.py:161} INFO - Started process (PID=34214) to work on /media/data/omar/programming course/DEPI/DEPI project/anomx/venv/lib/python3.12/site-packages/airflow/example_dags/tutorial_dag.py
[2026-06-24T12:46:23.907+0300] {processor.py:830} INFO - Processing file /media/data/omar/programming course/DEPI/DEPI project/anomx/venv/lib/python3.12/site-packages/airflow/example_dags/tutorial_dag.py for tasks to queue
[2026-06-24T12:46:23.908+0300] {logging_mixin.py:188} INFO - [2026-06-24T12:46:23.908+0300] {dagbag.py:540} INFO - Filling up the DagBag from /media/data/omar/programming course/DEPI/DEPI project/anomx/venv/lib/python3.12/site-packages/airflow/example_dags/tutorial_dag.py
[2026-06-24T12:46:23.913+0300] {processor.py:840} INFO - DAG(s) 'tutorial_dag' retrieved from /media/data/omar/programming course/DEPI/DEPI project/anomx/venv/lib/python3.12/site-packages/airflow/example_dags/tutorial_dag.py
[2026-06-24T12:46:23.933+0300] {logging_mixin.py:188} INFO - [2026-06-24T12:46:23.933+0300] {dag.py:3096} INFO - Sync 1 DAGs
[2026-06-24T12:46:23.942+0300] {logging_mixin.py:188} INFO - [2026-06-24T12:46:23.942+0300] {dag.py:3954} INFO - Setting next_dagrun for tutorial_dag to None, run_after=None
[2026-06-24T12:46:23.968+0300] {processor.py:183} INFO - Processing /media/data/omar/programming course/DEPI/DEPI project/anomx/venv/lib/python3.12/site-packages/airflow/example_dags/tutorial_dag.py took 0.066 seconds
[2026-06-24T12:47:13.449+0300] {processor.py:161} INFO - Started process (PID=34823) to work on /media/data/omar/programming course/DEPI/DEPI project/anomx/venv/lib/python3.12/site-packages/airflow/example_dags/tutorial_dag.py
[2026-06-24T12:47:13.450+0300] {processor.py:830} INFO - Processing file /media/data/omar/programming course/DEPI/DEPI project/anomx/venv/lib/python3.12/site-packages/airflow/example_dags/tutorial_dag.py for tasks to queue
[2026-06-24T12:47:13.451+0300] {logging_mixin.py:188} INFO - [2026-06-24T12:47:13.450+0300] {dagbag.py:540} INFO - Filling up the DagBag from /media/data/omar/programming course/DEPI/DEPI project/anomx/venv/lib/python3.12/site-packages/airflow/example_dags/tutorial_dag.py
[2026-06-24T12:47:13.457+0300] {processor.py:840} INFO - DAG(s) 'tutorial_dag' retrieved from /media/data/omar/programming course/DEPI/DEPI project/anomx/venv/lib/python3.12/site-packages/airflow/example_dags/tutorial_dag.py
[2026-06-24T12:47:13.473+0300] {logging_mixin.py:188} INFO - [2026-06-24T12:47:13.473+0300] {dag.py:3096} INFO - Sync 1 DAGs
[2026-06-24T12:47:13.486+0300] {logging_mixin.py:188} INFO - [2026-06-24T12:47:13.485+0300] {dag.py:3954} INFO - Setting next_dagrun for tutorial_dag to None, run_after=None
[2026-06-24T12:47:13.520+0300] {processor.py:183} INFO - Processing /media/data/omar/programming course/DEPI/DEPI project/anomx/venv/lib/python3.12/site-packages/airflow/example_dags/tutorial_dag.py took 0.076 seconds
[2026-06-24T12:48:10.778+0300] {processor.py:161} INFO - Started process (PID=35183) to work on /media/data/omar/programming course/DEPI/DEPI project/anomx/venv/lib/python3.12/site-packages/airflow/example_dags/tutorial_dag.py
[2026-06-24T12:48:10.779+0300] {processor.py:830} INFO - Processing file /media/data/omar/programming course/DEPI/DEPI project/anomx/venv/lib/python3.12/site-packages/airflow/example_dags/tutorial_dag.py for tasks to queue
[2026-06-24T12:48:10.780+0300] {logging_mixin.py:188} INFO - [2026-06-24T12:48:10.780+0300] {dagbag.py:540} INFO - Filling up the DagBag from /media/data/omar/programming course/DEPI/DEPI project/anomx/venv/lib/python3.12/site-packages/airflow/example_dags/tutorial_dag.py
[2026-06-24T12:48:10.786+0300] {processor.py:840} INFO - DAG(s) 'tutorial_dag' retrieved from /media/data/omar/programming course/DEPI/DEPI project/anomx/venv/lib/python3.12/site-packages/airflow/example_dags/tutorial_dag.py
[2026-06-24T12:48:10.805+0300] {logging_mixin.py:188} INFO - [2026-06-24T12:48:10.805+0300] {dag.py:3096} INFO - Sync 1 DAGs
[2026-06-24T12:48:10.816+0300] {logging_mixin.py:188} INFO - [2026-06-24T12:48:10.815+0300] {dag.py:3954} INFO - Setting next_dagrun for tutorial_dag to None, run_after=None
[2026-06-24T12:48:10.850+0300] {processor.py:183} INFO - Processing /media/data/omar/programming course/DEPI/DEPI project/anomx/venv/lib/python3.12/site-packages/airflow/example_dags/tutorial_dag.py took 0.078 seconds
[2026-06-24T12:49:02.629+0300] {processor.py:161} INFO - Started process (PID=35796) to work on /media/data/omar/programming course/DEPI/DEPI project/anomx/venv/lib/python3.12/site-packages/airflow/example_dags/tutorial_dag.py
[2026-06-24T12:49:02.630+0300] {processor.py:830} INFO - Processing file /media/data/omar/programming course/DEPI/DEPI project/anomx/venv/lib/python3.12/site-packages/airflow/example_dags/tutorial_dag.py for tasks to queue
[2026-06-24T12:49:02.631+0300] {logging_mixin.py:188} INFO - [2026-06-24T12:49:02.631+0300] {dagbag.py:540} INFO - Filling up the DagBag from /media/data/omar/programming course/DEPI/DEPI project/anomx/venv/lib/python3.12/site-packages/airflow/example_dags/tutorial_dag.py
[2026-06-24T12:49:02.637+0300] {processor.py:840} INFO - DAG(s) 'tutorial_dag' retrieved from /media/data/omar/programming course/DEPI/DEPI project/anomx/venv/lib/python3.12/site-packages/airflow/example_dags/tutorial_dag.py
[2026-06-24T12:49:02.655+0300] {logging_mixin.py:188} INFO - [2026-06-24T12:49:02.654+0300] {dag.py:3096} INFO - Sync 1 DAGs
[2026-06-24T12:49:02.665+0300] {logging_mixin.py:188} INFO - [2026-06-24T12:49:02.664+0300] {dag.py:3954} INFO - Setting next_dagrun for tutorial_dag to None, run_after=None
[2026-06-24T12:49:02.695+0300] {processor.py:183} INFO - Processing /media/data/omar/programming course/DEPI/DEPI project/anomx/venv/lib/python3.12/site-packages/airflow/example_dags/tutorial_dag.py took 0.072 seconds
[2026-06-24T12:49:56.961+0300] {processor.py:161} INFO - Started process (PID=36109) to work on /media/data/omar/programming course/DEPI/DEPI project/anomx/venv/lib/python3.12/site-packages/airflow/example_dags/tutorial_dag.py
[2026-06-24T12:49:56.963+0300] {processor.py:830} INFO - Processing file /media/data/omar/programming course/DEPI/DEPI project/anomx/venv/lib/python3.12/site-packages/airflow/example_dags/tutorial_dag.py for tasks to queue
[2026-06-24T12:49:56.965+0300] {logging_mixin.py:188} INFO - [2026-06-24T12:49:56.964+0300] {dagbag.py:540} INFO - Filling up the DagBag from /media/data/omar/programming course/DEPI/DEPI project/anomx/venv/lib/python3.12/site-packages/airflow/example_dags/tutorial_dag.py
[2026-06-24T12:49:56.976+0300] {processor.py:840} INFO - DAG(s) 'tutorial_dag' retrieved from /media/data/omar/programming course/DEPI/DEPI project/anomx/venv/lib/python3.12/site-packages/airflow/example_dags/tutorial_dag.py
[2026-06-24T12:49:56.998+0300] {logging_mixin.py:188} INFO - [2026-06-24T12:49:56.998+0300] {dag.py:3096} INFO - Sync 1 DAGs
[2026-06-24T12:49:57.009+0300] {logging_mixin.py:188} INFO - [2026-06-24T12:49:57.008+0300] {dag.py:3954} INFO - Setting next_dagrun for tutorial_dag to None, run_after=None
[2026-06-24T12:49:57.042+0300] {processor.py:183} INFO - Processing /media/data/omar/programming course/DEPI/DEPI project/anomx/venv/lib/python3.12/site-packages/airflow/example_dags/tutorial_dag.py took 0.093 seconds
[2026-06-24T12:50:51.184+0300] {processor.py:161} INFO - Started process (PID=36810) to work on /media/data/omar/programming course/DEPI/DEPI project/anomx/venv/lib/python3.12/site-packages/airflow/example_dags/tutorial_dag.py
[2026-06-24T12:50:51.186+0300] {processor.py:830} INFO - Processing file /media/data/omar/programming course/DEPI/DEPI project/anomx/venv/lib/python3.12/site-packages/airflow/example_dags/tutorial_dag.py for tasks to queue
[2026-06-24T12:50:51.188+0300] {logging_mixin.py:188} INFO - [2026-06-24T12:50:51.187+0300] {dagbag.py:540} INFO - Filling up the DagBag from /media/data/omar/programming course/DEPI/DEPI project/anomx/venv/lib/python3.12/site-packages/airflow/example_dags/tutorial_dag.py
[2026-06-24T12:50:51.196+0300] {processor.py:840} INFO - DAG(s) 'tutorial_dag' retrieved from /media/data/omar/programming course/DEPI/DEPI project/anomx/venv/lib/python3.12/site-packages/airflow/example_dags/tutorial_dag.py
[2026-06-24T12:50:51.218+0300] {logging_mixin.py:188} INFO - [2026-06-24T12:50:51.217+0300] {dag.py:3096} INFO - Sync 1 DAGs
[2026-06-24T12:50:51.228+0300] {logging_mixin.py:188} INFO - [2026-06-24T12:50:51.228+0300] {dag.py:3954} INFO - Setting next_dagrun for tutorial_dag to None, run_after=None
[2026-06-24T12:50:51.258+0300] {processor.py:183} INFO - Processing /media/data/omar/programming course/DEPI/DEPI project/anomx/venv/lib/python3.12/site-packages/airflow/example_dags/tutorial_dag.py took 0.091 seconds
[2026-06-24T12:51:43.386+0300] {processor.py:161} INFO - Started process (PID=37142) to work on /media/data/omar/programming course/DEPI/DEPI project/anomx/venv/lib/python3.12/site-packages/airflow/example_dags/tutorial_dag.py
[2026-06-24T12:51:43.387+0300] {processor.py:830} INFO - Processing file /media/data/omar/programming course/DEPI/DEPI project/anomx/venv/lib/python3.12/site-packages/airflow/example_dags/tutorial_dag.py for tasks to queue
[2026-06-24T12:51:43.388+0300] {logging_mixin.py:188} INFO - [2026-06-24T12:51:43.387+0300] {dagbag.py:540} INFO - Filling up the DagBag from /media/data/omar/programming course/DEPI/DEPI project/anomx/venv/lib/python3.12/site-packages/airflow/example_dags/tutorial_dag.py
[2026-06-24T12:51:43.393+0300] {processor.py:840} INFO - DAG(s) 'tutorial_dag' retrieved from /media/data/omar/programming course/DEPI/DEPI project/anomx/venv/lib/python3.12/site-packages/airflow/example_dags/tutorial_dag.py
[2026-06-24T12:51:43.410+0300] {logging_mixin.py:188} INFO - [2026-06-24T12:51:43.410+0300] {dag.py:3096} INFO - Sync 1 DAGs
[2026-06-24T12:51:43.420+0300] {logging_mixin.py:188} INFO - [2026-06-24T12:51:43.419+0300] {dag.py:3954} INFO - Setting next_dagrun for tutorial_dag to None, run_after=None
[2026-06-24T12:51:43.453+0300] {processor.py:183} INFO - Processing /media/data/omar/programming course/DEPI/DEPI project/anomx/venv/lib/python3.12/site-packages/airflow/example_dags/tutorial_dag.py took 0.073 seconds
[2026-06-24T12:52:34.764+0300] {processor.py:161} INFO - Started process (PID=37737) to work on /media/data/omar/programming course/DEPI/DEPI project/anomx/venv/lib/python3.12/site-packages/airflow/example_dags/tutorial_dag.py
[2026-06-24T12:52:34.765+0300] {processor.py:830} INFO - Processing file /media/data/omar/programming course/DEPI/DEPI project/anomx/venv/lib/python3.12/site-packages/airflow/example_dags/tutorial_dag.py for tasks to queue
[2026-06-24T12:52:34.767+0300] {logging_mixin.py:188} INFO - [2026-06-24T12:52:34.766+0300] {dagbag.py:540} INFO - Filling up the DagBag from /media/data/omar/programming course/DEPI/DEPI project/anomx/venv/lib/python3.12/site-packages/airflow/example_dags/tutorial_dag.py
[2026-06-24T12:52:34.773+0300] {processor.py:840} INFO - DAG(s) 'tutorial_dag' retrieved from /media/data/omar/programming course/DEPI/DEPI project/anomx/venv/lib/python3.12/site-packages/airflow/example_dags/tutorial_dag.py
[2026-06-24T12:52:34.791+0300] {logging_mixin.py:188} INFO - [2026-06-24T12:52:34.790+0300] {dag.py:3096} INFO - Sync 1 DAGs
[2026-06-24T12:52:34.801+0300] {logging_mixin.py:188} INFO - [2026-06-24T12:52:34.800+0300] {dag.py:3954} INFO - Setting next_dagrun for tutorial_dag to None, run_after=None
[2026-06-24T12:52:34.840+0300] {processor.py:183} INFO - Processing /media/data/omar/programming course/DEPI/DEPI project/anomx/venv/lib/python3.12/site-packages/airflow/example_dags/tutorial_dag.py took 0.081 seconds
[2026-06-24T12:53:25.795+0300] {processor.py:161} INFO - Started process (PID=38079) to work on /media/data/omar/programming course/DEPI/DEPI project/anomx/venv/lib/python3.12/site-packages/airflow/example_dags/tutorial_dag.py
[2026-06-24T12:53:25.798+0300] {processor.py:830} INFO - Processing file /media/data/omar/programming course/DEPI/DEPI project/anomx/venv/lib/python3.12/site-packages/airflow/example_dags/tutorial_dag.py for tasks to queue
[2026-06-24T12:53:25.800+0300] {logging_mixin.py:188} INFO - [2026-06-24T12:53:25.799+0300] {dagbag.py:540} INFO - Filling up the DagBag from /media/data/omar/programming course/DEPI/DEPI project/anomx/venv/lib/python3.12/site-packages/airflow/example_dags/tutorial_dag.py
[2026-06-24T12:53:25.826+0300] {processor.py:840} INFO - DAG(s) 'tutorial_dag' retrieved from /media/data/omar/programming course/DEPI/DEPI project/anomx/venv/lib/python3.12/site-packages/airflow/example_dags/tutorial_dag.py
[2026-06-24T12:53:25.886+0300] {logging_mixin.py:188} INFO - [2026-06-24T12:53:25.885+0300] {dag.py:3096} INFO - Sync 1 DAGs
[2026-06-24T12:53:25.907+0300] {logging_mixin.py:188} INFO - [2026-06-24T12:53:25.906+0300] {dag.py:3954} INFO - Setting next_dagrun for tutorial_dag to None, run_after=None
[2026-06-24T12:53:25.958+0300] {processor.py:183} INFO - Processing /media/data/omar/programming course/DEPI/DEPI project/anomx/venv/lib/python3.12/site-packages/airflow/example_dags/tutorial_dag.py took 0.201 seconds
[2026-06-24T12:54:18.712+0300] {processor.py:161} INFO - Started process (PID=38687) to work on /media/data/omar/programming course/DEPI/DEPI project/anomx/venv/lib/python3.12/site-packages/airflow/example_dags/tutorial_dag.py
[2026-06-24T12:54:18.713+0300] {processor.py:830} INFO - Processing file /media/data/omar/programming course/DEPI/DEPI project/anomx/venv/lib/python3.12/site-packages/airflow/example_dags/tutorial_dag.py for tasks to queue
[2026-06-24T12:54:18.714+0300] {logging_mixin.py:188} INFO - [2026-06-24T12:54:18.714+0300] {dagbag.py:540} INFO - Filling up the DagBag from /media/data/omar/programming course/DEPI/DEPI project/anomx/venv/lib/python3.12/site-packages/airflow/example_dags/tutorial_dag.py
[2026-06-24T12:54:18.723+0300] {processor.py:840} INFO - DAG(s) 'tutorial_dag' retrieved from /media/data/omar/programming course/DEPI/DEPI project/anomx/venv/lib/python3.12/site-packages/airflow/example_dags/tutorial_dag.py
[2026-06-24T12:54:18.744+0300] {logging_mixin.py:188} INFO - [2026-06-24T12:54:18.744+0300] {dag.py:3096} INFO - Sync 1 DAGs
[2026-06-24T12:54:18.755+0300] {logging_mixin.py:188} INFO - [2026-06-24T12:54:18.754+0300] {dag.py:3954} INFO - Setting next_dagrun for tutorial_dag to None, run_after=None
[2026-06-24T12:54:18.787+0300] {processor.py:183} INFO - Processing /media/data/omar/programming course/DEPI/DEPI project/anomx/venv/lib/python3.12/site-packages/airflow/example_dags/tutorial_dag.py took 0.083 seconds
[2026-06-24T12:55:17.208+0300] {processor.py:161} INFO - Started process (PID=39057) to work on /media/data/omar/programming course/DEPI/DEPI project/anomx/venv/lib/python3.12/site-packages/airflow/example_dags/tutorial_dag.py
[2026-06-24T12:55:17.209+0300] {processor.py:830} INFO - Processing file /media/data/omar/programming course/DEPI/DEPI project/anomx/venv/lib/python3.12/site-packages/airflow/example_dags/tutorial_dag.py for tasks to queue
[2026-06-24T12:55:17.211+0300] {logging_mixin.py:188} INFO - [2026-06-24T12:55:17.210+0300] {dagbag.py:540} INFO - Filling up the DagBag from /media/data/omar/programming course/DEPI/DEPI project/anomx/venv/lib/python3.12/site-packages/airflow/example_dags/tutorial_dag.py
[2026-06-24T12:55:17.218+0300] {processor.py:840} INFO - DAG(s) 'tutorial_dag' retrieved from /media/data/omar/programming course/DEPI/DEPI project/anomx/venv/lib/python3.12/site-packages/airflow/example_dags/tutorial_dag.py
[2026-06-24T12:55:17.234+0300] {logging_mixin.py:188} INFO - [2026-06-24T12:55:17.233+0300] {dag.py:3096} INFO - Sync 1 DAGs
[2026-06-24T12:55:17.241+0300] {logging_mixin.py:188} INFO - [2026-06-24T12:55:17.241+0300] {dag.py:3954} INFO - Setting next_dagrun for tutorial_dag to None, run_after=None
[2026-06-24T12:55:17.267+0300] {processor.py:183} INFO - Processing /media/data/omar/programming course/DEPI/DEPI project/anomx/venv/lib/python3.12/site-packages/airflow/example_dags/tutorial_dag.py took 0.072 seconds
[2026-06-24T12:56:29.654+0300] {processor.py:161} INFO - Started process (PID=39751) to work on /media/data/omar/programming course/DEPI/DEPI project/anomx/venv/lib/python3.12/site-packages/airflow/example_dags/tutorial_dag.py
[2026-06-24T12:56:29.657+0300] {processor.py:830} INFO - Processing file /media/data/omar/programming course/DEPI/DEPI project/anomx/venv/lib/python3.12/site-packages/airflow/example_dags/tutorial_dag.py for tasks to queue
[2026-06-24T12:56:29.659+0300] {logging_mixin.py:188} INFO - [2026-06-24T12:56:29.658+0300] {dagbag.py:540} INFO - Filling up the DagBag from /media/data/omar/programming course/DEPI/DEPI project/anomx/venv/lib/python3.12/site-packages/airflow/example_dags/tutorial_dag.py
[2026-06-24T12:56:29.664+0300] {processor.py:840} INFO - DAG(s) 'tutorial_dag' retrieved from /media/data/omar/programming course/DEPI/DEPI project/anomx/venv/lib/python3.12/site-packages/airflow/example_dags/tutorial_dag.py
[2026-06-24T12:56:29.681+0300] {logging_mixin.py:188} INFO - [2026-06-24T12:56:29.681+0300] {dag.py:3096} INFO - Sync 1 DAGs
[2026-06-24T12:56:29.691+0300] {logging_mixin.py:188} INFO - [2026-06-24T12:56:29.690+0300] {dag.py:3954} INFO - Setting next_dagrun for tutorial_dag to None, run_after=None
[2026-06-24T12:56:29.726+0300] {processor.py:183} INFO - Processing /media/data/omar/programming course/DEPI/DEPI project/anomx/venv/lib/python3.12/site-packages/airflow/example_dags/tutorial_dag.py took 0.084 seconds
[2026-06-24T12:57:25.993+0300] {processor.py:161} INFO - Started process (PID=40101) to work on /media/data/omar/programming course/DEPI/DEPI project/anomx/venv/lib/python3.12/site-packages/airflow/example_dags/tutorial_dag.py
[2026-06-24T12:57:25.994+0300] {processor.py:830} INFO - Processing file /media/data/omar/programming course/DEPI/DEPI project/anomx/venv/lib/python3.12/site-packages/airflow/example_dags/tutorial_dag.py for tasks to queue
[2026-06-24T12:57:25.995+0300] {logging_mixin.py:188} INFO - [2026-06-24T12:57:25.994+0300] {dagbag.py:540} INFO - Filling up the DagBag from /media/data/omar/programming course/DEPI/DEPI project/anomx/venv/lib/python3.12/site-packages/airflow/example_dags/tutorial_dag.py
[2026-06-24T12:57:26.002+0300] {processor.py:840} INFO - DAG(s) 'tutorial_dag' retrieved from /media/data/omar/programming course/DEPI/DEPI project/anomx/venv/lib/python3.12/site-packages/airflow/example_dags/tutorial_dag.py
[2026-06-24T12:57:26.021+0300] {logging_mixin.py:188} INFO - [2026-06-24T12:57:26.021+0300] {dag.py:3096} INFO - Sync 1 DAGs
[2026-06-24T12:57:26.033+0300] {logging_mixin.py:188} INFO - [2026-06-24T12:57:26.032+0300] {dag.py:3954} INFO - Setting next_dagrun for tutorial_dag to None, run_after=None
[2026-06-24T12:57:26.082+0300] {processor.py:183} INFO - Processing /media/data/omar/programming course/DEPI/DEPI project/anomx/venv/lib/python3.12/site-packages/airflow/example_dags/tutorial_dag.py took 0.095 seconds
[2026-06-24T12:58:19.031+0300] {processor.py:161} INFO - Started process (PID=40716) to work on /media/data/omar/programming course/DEPI/DEPI project/anomx/venv/lib/python3.12/site-packages/airflow/example_dags/tutorial_dag.py
[2026-06-24T12:58:19.032+0300] {processor.py:830} INFO - Processing file /media/data/omar/programming course/DEPI/DEPI project/anomx/venv/lib/python3.12/site-packages/airflow/example_dags/tutorial_dag.py for tasks to queue
[2026-06-24T12:58:19.033+0300] {logging_mixin.py:188} INFO - [2026-06-24T12:58:19.032+0300] {dagbag.py:540} INFO - Filling up the DagBag from /media/data/omar/programming course/DEPI/DEPI project/anomx/venv/lib/python3.12/site-packages/airflow/example_dags/tutorial_dag.py
[2026-06-24T12:58:19.039+0300] {processor.py:840} INFO - DAG(s) 'tutorial_dag' retrieved from /media/data/omar/programming course/DEPI/DEPI project/anomx/venv/lib/python3.12/site-packages/airflow/example_dags/tutorial_dag.py
[2026-06-24T12:58:19.065+0300] {logging_mixin.py:188} INFO - [2026-06-24T12:58:19.065+0300] {dag.py:3096} INFO - Sync 1 DAGs
[2026-06-24T12:58:19.078+0300] {logging_mixin.py:188} INFO - [2026-06-24T12:58:19.078+0300] {dag.py:3954} INFO - Setting next_dagrun for tutorial_dag to None, run_after=None
[2026-06-24T12:58:19.114+0300] {processor.py:183} INFO - Processing /media/data/omar/programming course/DEPI/DEPI project/anomx/venv/lib/python3.12/site-packages/airflow/example_dags/tutorial_dag.py took 0.090 seconds
[2026-06-24T12:59:10.385+0300] {processor.py:161} INFO - Started process (PID=41052) to work on /media/data/omar/programming course/DEPI/DEPI project/anomx/venv/lib/python3.12/site-packages/airflow/example_dags/tutorial_dag.py
[2026-06-24T12:59:10.386+0300] {processor.py:830} INFO - Processing file /media/data/omar/programming course/DEPI/DEPI project/anomx/venv/lib/python3.12/site-packages/airflow/example_dags/tutorial_dag.py for tasks to queue
[2026-06-24T12:59:10.387+0300] {logging_mixin.py:188} INFO - [2026-06-24T12:59:10.387+0300] {dagbag.py:540} INFO - Filling up the DagBag from /media/data/omar/programming course/DEPI/DEPI project/anomx/venv/lib/python3.12/site-packages/airflow/example_dags/tutorial_dag.py
[2026-06-24T12:59:10.392+0300] {processor.py:840} INFO - DAG(s) 'tutorial_dag' retrieved from /media/data/omar/programming course/DEPI/DEPI project/anomx/venv/lib/python3.12/site-packages/airflow/example_dags/tutorial_dag.py
[2026-06-24T12:59:10.410+0300] {logging_mixin.py:188} INFO - [2026-06-24T12:59:10.409+0300] {dag.py:3096} INFO - Sync 1 DAGs
[2026-06-24T12:59:10.420+0300] {logging_mixin.py:188} INFO - [2026-06-24T12:59:10.419+0300] {dag.py:3954} INFO - Setting next_dagrun for tutorial_dag to None, run_after=None
[2026-06-24T12:59:10.452+0300] {processor.py:183} INFO - Processing /media/data/omar/programming course/DEPI/DEPI project/anomx/venv/lib/python3.12/site-packages/airflow/example_dags/tutorial_dag.py took 0.072 seconds
[2026-06-24T13:00:00.876+0300] {processor.py:161} INFO - Started process (PID=41609) to work on /media/data/omar/programming course/DEPI/DEPI project/anomx/venv/lib/python3.12/site-packages/airflow/example_dags/tutorial_dag.py
[2026-06-24T13:00:00.877+0300] {processor.py:830} INFO - Processing file /media/data/omar/programming course/DEPI/DEPI project/anomx/venv/lib/python3.12/site-packages/airflow/example_dags/tutorial_dag.py for tasks to queue
[2026-06-24T13:00:00.879+0300] {logging_mixin.py:188} INFO - [2026-06-24T13:00:00.878+0300] {dagbag.py:540} INFO - Filling up the DagBag from /media/data/omar/programming course/DEPI/DEPI project/anomx/venv/lib/python3.12/site-packages/airflow/example_dags/tutorial_dag.py
[2026-06-24T13:00:00.886+0300] {processor.py:840} INFO - DAG(s) 'tutorial_dag' retrieved from /media/data/omar/programming course/DEPI/DEPI project/anomx/venv/lib/python3.12/site-packages/airflow/example_dags/tutorial_dag.py
[2026-06-24T13:00:00.906+0300] {logging_mixin.py:188} INFO - [2026-06-24T13:00:00.905+0300] {dag.py:3096} INFO - Sync 1 DAGs
[2026-06-24T13:00:00.917+0300] {logging_mixin.py:188} INFO - [2026-06-24T13:00:00.917+0300] {dag.py:3954} INFO - Setting next_dagrun for tutorial_dag to None, run_after=None
[2026-06-24T13:00:00.955+0300] {processor.py:183} INFO - Processing /media/data/omar/programming course/DEPI/DEPI project/anomx/venv/lib/python3.12/site-packages/airflow/example_dags/tutorial_dag.py took 0.085 seconds
[2026-06-24T13:00:50.357+0300] {processor.py:161} INFO - Started process (PID=41952) to work on /media/data/omar/programming course/DEPI/DEPI project/anomx/venv/lib/python3.12/site-packages/airflow/example_dags/tutorial_dag.py
[2026-06-24T13:00:50.358+0300] {processor.py:830} INFO - Processing file /media/data/omar/programming course/DEPI/DEPI project/anomx/venv/lib/python3.12/site-packages/airflow/example_dags/tutorial_dag.py for tasks to queue
[2026-06-24T13:00:50.359+0300] {logging_mixin.py:188} INFO - [2026-06-24T13:00:50.359+0300] {dagbag.py:540} INFO - Filling up the DagBag from /media/data/omar/programming course/DEPI/DEPI project/anomx/venv/lib/python3.12/site-packages/airflow/example_dags/tutorial_dag.py
[2026-06-24T13:00:50.366+0300] {processor.py:840} INFO - DAG(s) 'tutorial_dag' retrieved from /media/data/omar/programming course/DEPI/DEPI project/anomx/venv/lib/python3.12/site-packages/airflow/example_dags/tutorial_dag.py
[2026-06-24T13:00:50.388+0300] {logging_mixin.py:188} INFO - [2026-06-24T13:00:50.387+0300] {dag.py:3096} INFO - Sync 1 DAGs
[2026-06-24T13:00:50.397+0300] {logging_mixin.py:188} INFO - [2026-06-24T13:00:50.397+0300] {dag.py:3954} INFO - Setting next_dagrun for tutorial_dag to None, run_after=None
[2026-06-24T13:00:50.428+0300] {processor.py:183} INFO - Processing /media/data/omar/programming course/DEPI/DEPI project/anomx/venv/lib/python3.12/site-packages/airflow/example_dags/tutorial_dag.py took 0.077 seconds
[2026-06-24T13:01:40.951+0300] {processor.py:161} INFO - Started process (PID=42501) to work on /media/data/omar/programming course/DEPI/DEPI project/anomx/venv/lib/python3.12/site-packages/airflow/example_dags/tutorial_dag.py
[2026-06-24T13:01:40.952+0300] {processor.py:830} INFO - Processing file /media/data/omar/programming course/DEPI/DEPI project/anomx/venv/lib/python3.12/site-packages/airflow/example_dags/tutorial_dag.py for tasks to queue
[2026-06-24T13:01:40.954+0300] {logging_mixin.py:188} INFO - [2026-06-24T13:01:40.953+0300] {dagbag.py:540} INFO - Filling up the DagBag from /media/data/omar/programming course/DEPI/DEPI project/anomx/venv/lib/python3.12/site-packages/airflow/example_dags/tutorial_dag.py
[2026-06-24T13:01:40.960+0300] {processor.py:840} INFO - DAG(s) 'tutorial_dag' retrieved from /media/data/omar/programming course/DEPI/DEPI project/anomx/venv/lib/python3.12/site-packages/airflow/example_dags/tutorial_dag.py
[2026-06-24T13:01:40.979+0300] {logging_mixin.py:188} INFO - [2026-06-24T13:01:40.979+0300] {dag.py:3096} INFO - Sync 1 DAGs
[2026-06-24T13:01:40.989+0300] {logging_mixin.py:188} INFO - [2026-06-24T13:01:40.989+0300] {dag.py:3954} INFO - Setting next_dagrun for tutorial_dag to None, run_after=None
[2026-06-24T13:01:41.022+0300] {processor.py:183} INFO - Processing /media/data/omar/programming course/DEPI/DEPI project/anomx/venv/lib/python3.12/site-packages/airflow/example_dags/tutorial_dag.py took 0.078 seconds
[2026-06-24T13:02:31.529+0300] {processor.py:161} INFO - Started process (PID=42856) to work on /media/data/omar/programming course/DEPI/DEPI project/anomx/venv/lib/python3.12/site-packages/airflow/example_dags/tutorial_dag.py
[2026-06-24T13:02:31.530+0300] {processor.py:830} INFO - Processing file /media/data/omar/programming course/DEPI/DEPI project/anomx/venv/lib/python3.12/site-packages/airflow/example_dags/tutorial_dag.py for tasks to queue
[2026-06-24T13:02:31.531+0300] {logging_mixin.py:188} INFO - [2026-06-24T13:02:31.531+0300] {dagbag.py:540} INFO - Filling up the DagBag from /media/data/omar/programming course/DEPI/DEPI project/anomx/venv/lib/python3.12/site-packages/airflow/example_dags/tutorial_dag.py
[2026-06-24T13:02:31.537+0300] {processor.py:840} INFO - DAG(s) 'tutorial_dag' retrieved from /media/data/omar/programming course/DEPI/DEPI project/anomx/venv/lib/python3.12/site-packages/airflow/example_dags/tutorial_dag.py
[2026-06-24T13:02:31.555+0300] {logging_mixin.py:188} INFO - [2026-06-24T13:02:31.554+0300] {dag.py:3096} INFO - Sync 1 DAGs
[2026-06-24T13:02:31.566+0300] {logging_mixin.py:188} INFO - [2026-06-24T13:02:31.565+0300] {dag.py:3954} INFO - Setting next_dagrun for tutorial_dag to None, run_after=None
[2026-06-24T13:02:31.596+0300] {processor.py:183} INFO - Processing /media/data/omar/programming course/DEPI/DEPI project/anomx/venv/lib/python3.12/site-packages/airflow/example_dags/tutorial_dag.py took 0.073 seconds
[2026-06-24T13:03:22.838+0300] {processor.py:161} INFO - Started process (PID=43447) to work on /media/data/omar/programming course/DEPI/DEPI project/anomx/venv/lib/python3.12/site-packages/airflow/example_dags/tutorial_dag.py
[2026-06-24T13:03:22.839+0300] {processor.py:830} INFO - Processing file /media/data/omar/programming course/DEPI/DEPI project/anomx/venv/lib/python3.12/site-packages/airflow/example_dags/tutorial_dag.py for tasks to queue
[2026-06-24T13:03:22.840+0300] {logging_mixin.py:188} INFO - [2026-06-24T13:03:22.840+0300] {dagbag.py:540} INFO - Filling up the DagBag from /media/data/omar/programming course/DEPI/DEPI project/anomx/venv/lib/python3.12/site-packages/airflow/example_dags/tutorial_dag.py
[2026-06-24T13:03:22.846+0300] {processor.py:840} INFO - DAG(s) 'tutorial_dag' retrieved from /media/data/omar/programming course/DEPI/DEPI project/anomx/venv/lib/python3.12/site-packages/airflow/example_dags/tutorial_dag.py
[2026-06-24T13:03:22.863+0300] {logging_mixin.py:188} INFO - [2026-06-24T13:03:22.862+0300] {dag.py:3096} INFO - Sync 1 DAGs
[2026-06-24T13:03:22.873+0300] {logging_mixin.py:188} INFO - [2026-06-24T13:03:22.873+0300] {dag.py:3954} INFO - Setting next_dagrun for tutorial_dag to None, run_after=None
[2026-06-24T13:03:22.903+0300] {processor.py:183} INFO - Processing /media/data/omar/programming course/DEPI/DEPI project/anomx/venv/lib/python3.12/site-packages/airflow/example_dags/tutorial_dag.py took 0.080 seconds
[2026-06-24T13:04:10.398+0300] {processor.py:161} INFO - Started process (PID=43791) to work on /media/data/omar/programming course/DEPI/DEPI project/anomx/venv/lib/python3.12/site-packages/airflow/example_dags/tutorial_dag.py
[2026-06-24T13:04:10.398+0300] {processor.py:830} INFO - Processing file /media/data/omar/programming course/DEPI/DEPI project/anomx/venv/lib/python3.12/site-packages/airflow/example_dags/tutorial_dag.py for tasks to queue
[2026-06-24T13:04:10.399+0300] {logging_mixin.py:188} INFO - [2026-06-24T13:04:10.399+0300] {dagbag.py:540} INFO - Filling up the DagBag from /media/data/omar/programming course/DEPI/DEPI project/anomx/venv/lib/python3.12/site-packages/airflow/example_dags/tutorial_dag.py
[2026-06-24T13:04:10.405+0300] {processor.py:840} INFO - DAG(s) 'tutorial_dag' retrieved from /media/data/omar/programming course/DEPI/DEPI project/anomx/venv/lib/python3.12/site-packages/airflow/example_dags/tutorial_dag.py
[2026-06-24T13:04:10.421+0300] {logging_mixin.py:188} INFO - [2026-06-24T13:04:10.421+0300] {dag.py:3096} INFO - Sync 1 DAGs
[2026-06-24T13:04:10.436+0300] {logging_mixin.py:188} INFO - [2026-06-24T13:04:10.435+0300] {dag.py:3954} INFO - Setting next_dagrun for tutorial_dag to None, run_after=None
[2026-06-24T13:04:10.466+0300] {processor.py:183} INFO - Processing /media/data/omar/programming course/DEPI/DEPI project/anomx/venv/lib/python3.12/site-packages/airflow/example_dags/tutorial_dag.py took 0.074 seconds
[2026-06-24T13:05:01.526+0300] {processor.py:161} INFO - Started process (PID=44347) to work on /media/data/omar/programming course/DEPI/DEPI project/anomx/venv/lib/python3.12/site-packages/airflow/example_dags/tutorial_dag.py
[2026-06-24T13:05:01.527+0300] {processor.py:830} INFO - Processing file /media/data/omar/programming course/DEPI/DEPI project/anomx/venv/lib/python3.12/site-packages/airflow/example_dags/tutorial_dag.py for tasks to queue
[2026-06-24T13:05:01.528+0300] {logging_mixin.py:188} INFO - [2026-06-24T13:05:01.528+0300] {dagbag.py:540} INFO - Filling up the DagBag from /media/data/omar/programming course/DEPI/DEPI project/anomx/venv/lib/python3.12/site-packages/airflow/example_dags/tutorial_dag.py
[2026-06-24T13:05:01.535+0300] {processor.py:840} INFO - DAG(s) 'tutorial_dag' retrieved from /media/data/omar/programming course/DEPI/DEPI project/anomx/venv/lib/python3.12/site-packages/airflow/example_dags/tutorial_dag.py
[2026-06-24T13:05:01.557+0300] {logging_mixin.py:188} INFO - [2026-06-24T13:05:01.556+0300] {dag.py:3096} INFO - Sync 1 DAGs
[2026-06-24T13:05:01.573+0300] {logging_mixin.py:188} INFO - [2026-06-24T13:05:01.573+0300] {dag.py:3954} INFO - Setting next_dagrun for tutorial_dag to None, run_after=None
[2026-06-24T13:05:01.610+0300] {processor.py:183} INFO - Processing /media/data/omar/programming course/DEPI/DEPI project/anomx/venv/lib/python3.12/site-packages/airflow/example_dags/tutorial_dag.py took 0.092 seconds
[2026-06-24T13:05:53.128+0300] {processor.py:161} INFO - Started process (PID=44711) to work on /media/data/omar/programming course/DEPI/DEPI project/anomx/venv/lib/python3.12/site-packages/airflow/example_dags/tutorial_dag.py
[2026-06-24T13:05:53.129+0300] {processor.py:830} INFO - Processing file /media/data/omar/programming course/DEPI/DEPI project/anomx/venv/lib/python3.12/site-packages/airflow/example_dags/tutorial_dag.py for tasks to queue
[2026-06-24T13:05:53.130+0300] {logging_mixin.py:188} INFO - [2026-06-24T13:05:53.130+0300] {dagbag.py:540} INFO - Filling up the DagBag from /media/data/omar/programming course/DEPI/DEPI project/anomx/venv/lib/python3.12/site-packages/airflow/example_dags/tutorial_dag.py
[2026-06-24T13:05:53.136+0300] {processor.py:840} INFO - DAG(s) 'tutorial_dag' retrieved from /media/data/omar/programming course/DEPI/DEPI project/anomx/venv/lib/python3.12/site-packages/airflow/example_dags/tutorial_dag.py
[2026-06-24T13:05:53.155+0300] {logging_mixin.py:188} INFO - [2026-06-24T13:05:53.155+0300] {dag.py:3096} INFO - Sync 1 DAGs
[2026-06-24T13:05:53.167+0300] {logging_mixin.py:188} INFO - [2026-06-24T13:05:53.166+0300] {dag.py:3954} INFO - Setting next_dagrun for tutorial_dag to None, run_after=None
[2026-06-24T13:05:53.203+0300] {processor.py:183} INFO - Processing /media/data/omar/programming course/DEPI/DEPI project/anomx/venv/lib/python3.12/site-packages/airflow/example_dags/tutorial_dag.py took 0.081 seconds
[2026-06-24T13:06:50.354+0300] {processor.py:161} INFO - Started process (PID=45297) to work on /media/data/omar/programming course/DEPI/DEPI project/anomx/venv/lib/python3.12/site-packages/airflow/example_dags/tutorial_dag.py
[2026-06-24T13:06:50.355+0300] {processor.py:830} INFO - Processing file /media/data/omar/programming course/DEPI/DEPI project/anomx/venv/lib/python3.12/site-packages/airflow/example_dags/tutorial_dag.py for tasks to queue
[2026-06-24T13:06:50.356+0300] {logging_mixin.py:188} INFO - [2026-06-24T13:06:50.356+0300] {dagbag.py:540} INFO - Filling up the DagBag from /media/data/omar/programming course/DEPI/DEPI project/anomx/venv/lib/python3.12/site-packages/airflow/example_dags/tutorial_dag.py
[2026-06-24T13:06:50.361+0300] {processor.py:840} INFO - DAG(s) 'tutorial_dag' retrieved from /media/data/omar/programming course/DEPI/DEPI project/anomx/venv/lib/python3.12/site-packages/airflow/example_dags/tutorial_dag.py
[2026-06-24T13:06:50.375+0300] {logging_mixin.py:188} INFO - [2026-06-24T13:06:50.375+0300] {dag.py:3096} INFO - Sync 1 DAGs
[2026-06-24T13:06:50.383+0300] {logging_mixin.py:188} INFO - [2026-06-24T13:06:50.383+0300] {dag.py:3954} INFO - Setting next_dagrun for tutorial_dag to None, run_after=None
[2026-06-24T13:06:50.409+0300] {processor.py:183} INFO - Processing /media/data/omar/programming course/DEPI/DEPI project/anomx/venv/lib/python3.12/site-packages/airflow/example_dags/tutorial_dag.py took 0.059 seconds
[2026-06-24T13:08:29.264+0300] {processor.py:161} INFO - Started process (PID=46388) to work on /media/data/omar/programming course/DEPI/DEPI project/anomx/venv/lib/python3.12/site-packages/airflow/example_dags/tutorial_dag.py
[2026-06-24T13:08:29.265+0300] {processor.py:830} INFO - Processing file /media/data/omar/programming course/DEPI/DEPI project/anomx/venv/lib/python3.12/site-packages/airflow/example_dags/tutorial_dag.py for tasks to queue
[2026-06-24T13:08:29.266+0300] {logging_mixin.py:188} INFO - [2026-06-24T13:08:29.265+0300] {dagbag.py:540} INFO - Filling up the DagBag from /media/data/omar/programming course/DEPI/DEPI project/anomx/venv/lib/python3.12/site-packages/airflow/example_dags/tutorial_dag.py
[2026-06-24T13:08:29.272+0300] {processor.py:840} INFO - DAG(s) 'tutorial_dag' retrieved from /media/data/omar/programming course/DEPI/DEPI project/anomx/venv/lib/python3.12/site-packages/airflow/example_dags/tutorial_dag.py
[2026-06-24T13:08:29.290+0300] {logging_mixin.py:188} INFO - [2026-06-24T13:08:29.289+0300] {dag.py:3096} INFO - Sync 1 DAGs
[2026-06-24T13:08:29.300+0300] {logging_mixin.py:188} INFO - [2026-06-24T13:08:29.299+0300] {dag.py:3954} INFO - Setting next_dagrun for tutorial_dag to None, run_after=None
[2026-06-24T13:08:29.332+0300] {processor.py:183} INFO - Processing /media/data/omar/programming course/DEPI/DEPI project/anomx/venv/lib/python3.12/site-packages/airflow/example_dags/tutorial_dag.py took 0.073 seconds
[2026-06-24T13:12:03.189+0300] {processor.py:161} INFO - Started process (PID=48649) to work on /media/data/omar/programming course/DEPI/DEPI project/anomx/venv/lib/python3.12/site-packages/airflow/example_dags/tutorial_dag.py
[2026-06-24T13:12:03.190+0300] {processor.py:830} INFO - Processing file /media/data/omar/programming course/DEPI/DEPI project/anomx/venv/lib/python3.12/site-packages/airflow/example_dags/tutorial_dag.py for tasks to queue
[2026-06-24T13:12:03.191+0300] {logging_mixin.py:188} INFO - [2026-06-24T13:12:03.191+0300] {dagbag.py:540} INFO - Filling up the DagBag from /media/data/omar/programming course/DEPI/DEPI project/anomx/venv/lib/python3.12/site-packages/airflow/example_dags/tutorial_dag.py
[2026-06-24T13:12:03.197+0300] {processor.py:840} INFO - DAG(s) 'tutorial_dag' retrieved from /media/data/omar/programming course/DEPI/DEPI project/anomx/venv/lib/python3.12/site-packages/airflow/example_dags/tutorial_dag.py
[2026-06-24T13:12:03.329+0300] {logging_mixin.py:188} INFO - [2026-06-24T13:12:03.329+0300] {dag.py:3096} INFO - Sync 1 DAGs
[2026-06-24T13:12:03.336+0300] {logging_mixin.py:188} INFO - [2026-06-24T13:12:03.336+0300] {dag.py:3954} INFO - Setting next_dagrun for tutorial_dag to None, run_after=None
[2026-06-24T13:12:03.361+0300] {processor.py:183} INFO - Processing /media/data/omar/programming course/DEPI/DEPI project/anomx/venv/lib/python3.12/site-packages/airflow/example_dags/tutorial_dag.py took 0.181 seconds
[2026-06-24T13:12:59.551+0300] {processor.py:161} INFO - Started process (PID=49344) to work on /media/data/omar/programming course/DEPI/DEPI project/anomx/venv/lib/python3.12/site-packages/airflow/example_dags/tutorial_dag.py
[2026-06-24T13:12:59.552+0300] {processor.py:830} INFO - Processing file /media/data/omar/programming course/DEPI/DEPI project/anomx/venv/lib/python3.12/site-packages/airflow/example_dags/tutorial_dag.py for tasks to queue
[2026-06-24T13:12:59.553+0300] {logging_mixin.py:188} INFO - [2026-06-24T13:12:59.553+0300] {dagbag.py:540} INFO - Filling up the DagBag from /media/data/omar/programming course/DEPI/DEPI project/anomx/venv/lib/python3.12/site-packages/airflow/example_dags/tutorial_dag.py
[2026-06-24T13:12:59.559+0300] {processor.py:840} INFO - DAG(s) 'tutorial_dag' retrieved from /media/data/omar/programming course/DEPI/DEPI project/anomx/venv/lib/python3.12/site-packages/airflow/example_dags/tutorial_dag.py
[2026-06-24T13:12:59.576+0300] {logging_mixin.py:188} INFO - [2026-06-24T13:12:59.575+0300] {dag.py:3096} INFO - Sync 1 DAGs
[2026-06-24T13:12:59.584+0300] {logging_mixin.py:188} INFO - [2026-06-24T13:12:59.584+0300] {dag.py:3954} INFO - Setting next_dagrun for tutorial_dag to None, run_after=None
[2026-06-24T13:12:59.613+0300] {processor.py:183} INFO - Processing /media/data/omar/programming course/DEPI/DEPI project/anomx/venv/lib/python3.12/site-packages/airflow/example_dags/tutorial_dag.py took 0.068 seconds
[2026-06-24T13:13:51.617+0300] {processor.py:161} INFO - Started process (PID=49702) to work on /media/data/omar/programming course/DEPI/DEPI project/anomx/venv/lib/python3.12/site-packages/airflow/example_dags/tutorial_dag.py
[2026-06-24T13:13:51.619+0300] {processor.py:830} INFO - Processing file /media/data/omar/programming course/DEPI/DEPI project/anomx/venv/lib/python3.12/site-packages/airflow/example_dags/tutorial_dag.py for tasks to queue
[2026-06-24T13:13:51.620+0300] {logging_mixin.py:188} INFO - [2026-06-24T13:13:51.620+0300] {dagbag.py:540} INFO - Filling up the DagBag from /media/data/omar/programming course/DEPI/DEPI project/anomx/venv/lib/python3.12/site-packages/airflow/example_dags/tutorial_dag.py
[2026-06-24T13:13:51.626+0300] {processor.py:840} INFO - DAG(s) 'tutorial_dag' retrieved from /media/data/omar/programming course/DEPI/DEPI project/anomx/venv/lib/python3.12/site-packages/airflow/example_dags/tutorial_dag.py
[2026-06-24T13:13:51.652+0300] {logging_mixin.py:188} INFO - [2026-06-24T13:13:51.652+0300] {dag.py:3096} INFO - Sync 1 DAGs
[2026-06-24T13:13:51.665+0300] {logging_mixin.py:188} INFO - [2026-06-24T13:13:51.664+0300] {dag.py:3954} INFO - Setting next_dagrun for tutorial_dag to None, run_after=None
[2026-06-24T13:13:51.712+0300] {processor.py:183} INFO - Processing /media/data/omar/programming course/DEPI/DEPI project/anomx/venv/lib/python3.12/site-packages/airflow/example_dags/tutorial_dag.py took 0.103 seconds
[2026-06-24T13:14:45.637+0300] {processor.py:161} INFO - Started process (PID=50319) to work on /media/data/omar/programming course/DEPI/DEPI project/anomx/venv/lib/python3.12/site-packages/airflow/example_dags/tutorial_dag.py
[2026-06-24T13:14:45.638+0300] {processor.py:830} INFO - Processing file /media/data/omar/programming course/DEPI/DEPI project/anomx/venv/lib/python3.12/site-packages/airflow/example_dags/tutorial_dag.py for tasks to queue
[2026-06-24T13:14:45.639+0300] {logging_mixin.py:188} INFO - [2026-06-24T13:14:45.639+0300] {dagbag.py:540} INFO - Filling up the DagBag from /media/data/omar/programming course/DEPI/DEPI project/anomx/venv/lib/python3.12/site-packages/airflow/example_dags/tutorial_dag.py
[2026-06-24T13:14:45.646+0300] {processor.py:840} INFO - DAG(s) 'tutorial_dag' retrieved from /media/data/omar/programming course/DEPI/DEPI project/anomx/venv/lib/python3.12/site-packages/airflow/example_dags/tutorial_dag.py
[2026-06-24T13:14:45.664+0300] {logging_mixin.py:188} INFO - [2026-06-24T13:14:45.663+0300] {dag.py:3096} INFO - Sync 1 DAGs
[2026-06-24T13:14:45.673+0300] {logging_mixin.py:188} INFO - [2026-06-24T13:14:45.673+0300] {dag.py:3954} INFO - Setting next_dagrun for tutorial_dag to None, run_after=None
[2026-06-24T13:14:45.706+0300] {processor.py:183} INFO - Processing /media/data/omar/programming course/DEPI/DEPI project/anomx/venv/lib/python3.12/site-packages/airflow/example_dags/tutorial_dag.py took 0.075 seconds
[2026-06-24T13:15:36.324+0300] {processor.py:161} INFO - Started process (PID=50653) to work on /media/data/omar/programming course/DEPI/DEPI project/anomx/venv/lib/python3.12/site-packages/airflow/example_dags/tutorial_dag.py
[2026-06-24T13:15:36.325+0300] {processor.py:830} INFO - Processing file /media/data/omar/programming course/DEPI/DEPI project/anomx/venv/lib/python3.12/site-packages/airflow/example_dags/tutorial_dag.py for tasks to queue
[2026-06-24T13:15:36.326+0300] {logging_mixin.py:188} INFO - [2026-06-24T13:15:36.325+0300] {dagbag.py:540} INFO - Filling up the DagBag from /media/data/omar/programming course/DEPI/DEPI project/anomx/venv/lib/python3.12/site-packages/airflow/example_dags/tutorial_dag.py
[2026-06-24T13:15:36.332+0300] {processor.py:840} INFO - DAG(s) 'tutorial_dag' retrieved from /media/data/omar/programming course/DEPI/DEPI project/anomx/venv/lib/python3.12/site-packages/airflow/example_dags/tutorial_dag.py
[2026-06-24T13:15:36.351+0300] {logging_mixin.py:188} INFO - [2026-06-24T13:15:36.350+0300] {dag.py:3096} INFO - Sync 1 DAGs
[2026-06-24T13:15:36.361+0300] {logging_mixin.py:188} INFO - [2026-06-24T13:15:36.360+0300] {dag.py:3954} INFO - Setting next_dagrun for tutorial_dag to None, run_after=None
[2026-06-24T13:15:36.390+0300] {processor.py:183} INFO - Processing /media/data/omar/programming course/DEPI/DEPI project/anomx/venv/lib/python3.12/site-packages/airflow/example_dags/tutorial_dag.py took 0.074 seconds
[2026-06-24T13:16:24.532+0300] {processor.py:161} INFO - Started process (PID=51254) to work on /media/data/omar/programming course/DEPI/DEPI project/anomx/venv/lib/python3.12/site-packages/airflow/example_dags/tutorial_dag.py
[2026-06-24T13:16:24.533+0300] {processor.py:830} INFO - Processing file /media/data/omar/programming course/DEPI/DEPI project/anomx/venv/lib/python3.12/site-packages/airflow/example_dags/tutorial_dag.py for tasks to queue
[2026-06-24T13:16:24.534+0300] {logging_mixin.py:188} INFO - [2026-06-24T13:16:24.534+0300] {dagbag.py:540} INFO - Filling up the DagBag from /media/data/omar/programming course/DEPI/DEPI project/anomx/venv/lib/python3.12/site-packages/airflow/example_dags/tutorial_dag.py
[2026-06-24T13:16:24.540+0300] {processor.py:840} INFO - DAG(s) 'tutorial_dag' retrieved from /media/data/omar/programming course/DEPI/DEPI project/anomx/venv/lib/python3.12/site-packages/airflow/example_dags/tutorial_dag.py
[2026-06-24T13:16:24.562+0300] {logging_mixin.py:188} INFO - [2026-06-24T13:16:24.561+0300] {dag.py:3096} INFO - Sync 1 DAGs
[2026-06-24T13:16:24.593+0300] {logging_mixin.py:188} INFO - [2026-06-24T13:16:24.590+0300] {dag.py:3954} INFO - Setting next_dagrun for tutorial_dag to None, run_after=None
[2026-06-24T13:16:24.678+0300] {processor.py:183} INFO - Processing /media/data/omar/programming course/DEPI/DEPI project/anomx/venv/lib/python3.12/site-packages/airflow/example_dags/tutorial_dag.py took 0.151 seconds
[2026-06-24T13:17:15.593+0300] {processor.py:161} INFO - Started process (PID=51595) to work on /media/data/omar/programming course/DEPI/DEPI project/anomx/venv/lib/python3.12/site-packages/airflow/example_dags/tutorial_dag.py
[2026-06-24T13:17:15.594+0300] {processor.py:830} INFO - Processing file /media/data/omar/programming course/DEPI/DEPI project/anomx/venv/lib/python3.12/site-packages/airflow/example_dags/tutorial_dag.py for tasks to queue
[2026-06-24T13:17:15.596+0300] {logging_mixin.py:188} INFO - [2026-06-24T13:17:15.595+0300] {dagbag.py:540} INFO - Filling up the DagBag from /media/data/omar/programming course/DEPI/DEPI project/anomx/venv/lib/python3.12/site-packages/airflow/example_dags/tutorial_dag.py
[2026-06-24T13:17:15.602+0300] {processor.py:840} INFO - DAG(s) 'tutorial_dag' retrieved from /media/data/omar/programming course/DEPI/DEPI project/anomx/venv/lib/python3.12/site-packages/airflow/example_dags/tutorial_dag.py
[2026-06-24T13:17:15.624+0300] {logging_mixin.py:188} INFO - [2026-06-24T13:17:15.624+0300] {dag.py:3096} INFO - Sync 1 DAGs
[2026-06-24T13:17:15.635+0300] {logging_mixin.py:188} INFO - [2026-06-24T13:17:15.634+0300] {dag.py:3954} INFO - Setting next_dagrun for tutorial_dag to None, run_after=None
[2026-06-24T13:17:15.664+0300] {processor.py:183} INFO - Processing /media/data/omar/programming course/DEPI/DEPI project/anomx/venv/lib/python3.12/site-packages/airflow/example_dags/tutorial_dag.py took 0.079 seconds
[2026-06-24T13:18:07.616+0300] {processor.py:161} INFO - Started process (PID=52207) to work on /media/data/omar/programming course/DEPI/DEPI project/anomx/venv/lib/python3.12/site-packages/airflow/example_dags/tutorial_dag.py
[2026-06-24T13:18:07.617+0300] {processor.py:830} INFO - Processing file /media/data/omar/programming course/DEPI/DEPI project/anomx/venv/lib/python3.12/site-packages/airflow/example_dags/tutorial_dag.py for tasks to queue
[2026-06-24T13:18:07.618+0300] {logging_mixin.py:188} INFO - [2026-06-24T13:18:07.618+0300] {dagbag.py:540} INFO - Filling up the DagBag from /media/data/omar/programming course/DEPI/DEPI project/anomx/venv/lib/python3.12/site-packages/airflow/example_dags/tutorial_dag.py
[2026-06-24T13:18:07.623+0300] {processor.py:840} INFO - DAG(s) 'tutorial_dag' retrieved from /media/data/omar/programming course/DEPI/DEPI project/anomx/venv/lib/python3.12/site-packages/airflow/example_dags/tutorial_dag.py
[2026-06-24T13:18:07.641+0300] {logging_mixin.py:188} INFO - [2026-06-24T13:18:07.641+0300] {dag.py:3096} INFO - Sync 1 DAGs
[2026-06-24T13:18:07.652+0300] {logging_mixin.py:188} INFO - [2026-06-24T13:18:07.652+0300] {dag.py:3954} INFO - Setting next_dagrun for tutorial_dag to None, run_after=None
[2026-06-24T13:18:07.681+0300] {processor.py:183} INFO - Processing /media/data/omar/programming course/DEPI/DEPI project/anomx/venv/lib/python3.12/site-packages/airflow/example_dags/tutorial_dag.py took 0.070 seconds
