[2026-06-24T11:52:33.349+0300] {processor.py:161} INFO - Started process (PID=10697) to work on /media/data/omar/programming course/DEPI/DEPI project/anomx/venv/lib/python3.12/site-packages/airflow/example_dags/tutorial_taskflow_api.py
[2026-06-24T11:52:33.349+0300] {processor.py:830} INFO - Processing file /media/data/omar/programming course/DEPI/DEPI project/anomx/venv/lib/python3.12/site-packages/airflow/example_dags/tutorial_taskflow_api.py for tasks to queue
[2026-06-24T11:52:33.351+0300] {logging_mixin.py:188} INFO - [2026-06-24T11:52:33.351+0300] {dagbag.py:540} INFO - Filling up the DagBag from /media/data/omar/programming course/DEPI/DEPI project/anomx/venv/lib/python3.12/site-packages/airflow/example_dags/tutorial_taskflow_api.py
[2026-06-24T11:52:33.367+0300] {processor.py:840} INFO - DAG(s) 'tutorial_taskflow_api' retrieved from /media/data/omar/programming course/DEPI/DEPI project/anomx/venv/lib/python3.12/site-packages/airflow/example_dags/tutorial_taskflow_api.py
[2026-06-24T11:52:33.406+0300] {logging_mixin.py:188} INFO - [2026-06-24T11:52:33.405+0300] {dag.py:3096} INFO - Sync 1 DAGs
[2026-06-24T11:52:33.424+0300] {logging_mixin.py:188} INFO - [2026-06-24T11:52:33.424+0300] {dag.py:3118} INFO - Creating ORM DAG for tutorial_taskflow_api
[2026-06-24T11:52:33.426+0300] {logging_mixin.py:188} INFO - [2026-06-24T11:52:33.425+0300] {dag.py:3954} INFO - Setting next_dagrun for tutorial_taskflow_api to None, run_after=None
[2026-06-24T11:52:33.483+0300] {processor.py:183} INFO - Processing /media/data/omar/programming course/DEPI/DEPI project/anomx/venv/lib/python3.12/site-packages/airflow/example_dags/tutorial_taskflow_api.py took 0.141 seconds
[2026-06-24T11:54:09.652+0300] {processor.py:161} INFO - Started process (PID=11677) to work on /media/data/omar/programming course/DEPI/DEPI project/anomx/venv/lib/python3.12/site-packages/airflow/example_dags/tutorial_taskflow_api.py
[2026-06-24T11:54:09.654+0300] {processor.py:830} INFO - Processing file /media/data/omar/programming course/DEPI/DEPI project/anomx/venv/lib/python3.12/site-packages/airflow/example_dags/tutorial_taskflow_api.py for tasks to queue
[2026-06-24T11:54:09.657+0300] {logging_mixin.py:188} INFO - [2026-06-24T11:54:09.656+0300] {dagbag.py:540} INFO - Filling up the DagBag from /media/data/omar/programming course/DEPI/DEPI project/anomx/venv/lib/python3.12/site-packages/airflow/example_dags/tutorial_taskflow_api.py
[2026-06-24T11:54:09.666+0300] {processor.py:840} INFO - DAG(s) 'tutorial_taskflow_api' retrieved from /media/data/omar/programming course/DEPI/DEPI project/anomx/venv/lib/python3.12/site-packages/airflow/example_dags/tutorial_taskflow_api.py
[2026-06-24T11:54:09.682+0300] {logging_mixin.py:188} INFO - [2026-06-24T11:54:09.681+0300] {dag.py:3096} INFO - Sync 1 DAGs
[2026-06-24T11:54:09.691+0300] {logging_mixin.py:188} INFO - [2026-06-24T11:54:09.690+0300] {dag.py:3954} INFO - Setting next_dagrun for tutorial_taskflow_api to None, run_after=None
[2026-06-24T11:54:09.717+0300] {processor.py:183} INFO - Processing /media/data/omar/programming course/DEPI/DEPI project/anomx/venv/lib/python3.12/site-packages/airflow/example_dags/tutorial_taskflow_api.py took 0.081 seconds
[2026-06-24T11:55:11.022+0300] {processor.py:161} INFO - Started process (PID=12425) to work on /media/data/omar/programming course/DEPI/DEPI project/anomx/venv/lib/python3.12/site-packages/airflow/example_dags/tutorial_taskflow_api.py
[2026-06-24T11:55:11.024+0300] {processor.py:830} INFO - Processing file /media/data/omar/programming course/DEPI/DEPI project/anomx/venv/lib/python3.12/site-packages/airflow/example_dags/tutorial_taskflow_api.py for tasks to queue
[2026-06-24T11:55:11.035+0300] {logging_mixin.py:188} INFO - [2026-06-24T11:55:11.031+0300] {dagbag.py:540} INFO - Filling up the DagBag from /media/data/omar/programming course/DEPI/DEPI project/anomx/venv/lib/python3.12/site-packages/airflow/example_dags/tutorial_taskflow_api.py
[2026-06-24T11:55:11.052+0300] {processor.py:840} INFO - DAG(s) 'tutorial_taskflow_api' retrieved from /media/data/omar/programming course/DEPI/DEPI project/anomx/venv/lib/python3.12/site-packages/airflow/example_dags/tutorial_taskflow_api.py
[2026-06-24T11:55:11.095+0300] {logging_mixin.py:188} INFO - [2026-06-24T11:55:11.094+0300] {dag.py:3096} INFO - Sync 1 DAGs
[2026-06-24T11:55:11.116+0300] {logging_mixin.py:188} INFO - [2026-06-24T11:55:11.115+0300] {dag.py:3954} INFO - Setting next_dagrun for tutorial_taskflow_api to None, run_after=None
[2026-06-24T11:55:11.174+0300] {processor.py:183} INFO - Processing /media/data/omar/programming course/DEPI/DEPI project/anomx/venv/lib/python3.12/site-packages/airflow/example_dags/tutorial_taskflow_api.py took 0.161 seconds
[2026-06-24T11:56:15.162+0300] {processor.py:161} INFO - Started process (PID=13085) to work on /media/data/omar/programming course/DEPI/DEPI project/anomx/venv/lib/python3.12/site-packages/airflow/example_dags/tutorial_taskflow_api.py
[2026-06-24T11:56:15.163+0300] {processor.py:830} INFO - Processing file /media/data/omar/programming course/DEPI/DEPI project/anomx/venv/lib/python3.12/site-packages/airflow/example_dags/tutorial_taskflow_api.py for tasks to queue
[2026-06-24T11:56:15.164+0300] {logging_mixin.py:188} INFO - [2026-06-24T11:56:15.164+0300] {dagbag.py:540} INFO - Filling up the DagBag from /media/data/omar/programming course/DEPI/DEPI project/anomx/venv/lib/python3.12/site-packages/airflow/example_dags/tutorial_taskflow_api.py
[2026-06-24T11:56:15.171+0300] {processor.py:840} INFO - DAG(s) 'tutorial_taskflow_api' retrieved from /media/data/omar/programming course/DEPI/DEPI project/anomx/venv/lib/python3.12/site-packages/airflow/example_dags/tutorial_taskflow_api.py
[2026-06-24T11:56:15.185+0300] {logging_mixin.py:188} INFO - [2026-06-24T11:56:15.185+0300] {dag.py:3096} INFO - Sync 1 DAGs
[2026-06-24T11:56:15.194+0300] {logging_mixin.py:188} INFO - [2026-06-24T11:56:15.194+0300] {dag.py:3954} INFO - Setting next_dagrun for tutorial_taskflow_api to None, run_after=None
[2026-06-24T11:56:15.222+0300] {processor.py:183} INFO - Processing /media/data/omar/programming course/DEPI/DEPI project/anomx/venv/lib/python3.12/site-packages/airflow/example_dags/tutorial_taskflow_api.py took 0.066 seconds
[2026-06-24T11:57:03.325+0300] {processor.py:161} INFO - Started process (PID=13380) to work on /media/data/omar/programming course/DEPI/DEPI project/anomx/venv/lib/python3.12/site-packages/airflow/example_dags/tutorial_taskflow_api.py
[2026-06-24T11:57:03.327+0300] {processor.py:830} INFO - Processing file /media/data/omar/programming course/DEPI/DEPI project/anomx/venv/lib/python3.12/site-packages/airflow/example_dags/tutorial_taskflow_api.py for tasks to queue
[2026-06-24T11:57:03.331+0300] {logging_mixin.py:188} INFO - [2026-06-24T11:57:03.330+0300] {dagbag.py:540} INFO - Filling up the DagBag from /media/data/omar/programming course/DEPI/DEPI project/anomx/venv/lib/python3.12/site-packages/airflow/example_dags/tutorial_taskflow_api.py
[2026-06-24T11:57:03.345+0300] {processor.py:840} INFO - DAG(s) 'tutorial_taskflow_api' retrieved from /media/data/omar/programming course/DEPI/DEPI project/anomx/venv/lib/python3.12/site-packages/airflow/example_dags/tutorial_taskflow_api.py
[2026-06-24T11:57:03.362+0300] {logging_mixin.py:188} INFO - [2026-06-24T11:57:03.362+0300] {dag.py:3096} INFO - Sync 1 DAGs
[2026-06-24T11:57:03.371+0300] {logging_mixin.py:188} INFO - [2026-06-24T11:57:03.370+0300] {dag.py:3954} INFO - Setting next_dagrun for tutorial_taskflow_api to None, run_after=None
[2026-06-24T11:57:03.396+0300] {processor.py:183} INFO - Processing /media/data/omar/programming course/DEPI/DEPI project/anomx/venv/lib/python3.12/site-packages/airflow/example_dags/tutorial_taskflow_api.py took 0.085 seconds
[2026-06-24T11:57:56.370+0300] {processor.py:161} INFO - Started process (PID=13941) to work on /media/data/omar/programming course/DEPI/DEPI project/anomx/venv/lib/python3.12/site-packages/airflow/example_dags/tutorial_taskflow_api.py
[2026-06-24T11:57:56.371+0300] {processor.py:830} INFO - Processing file /media/data/omar/programming course/DEPI/DEPI project/anomx/venv/lib/python3.12/site-packages/airflow/example_dags/tutorial_taskflow_api.py for tasks to queue
[2026-06-24T11:57:56.373+0300] {logging_mixin.py:188} INFO - [2026-06-24T11:57:56.373+0300] {dagbag.py:540} INFO - Filling up the DagBag from /media/data/omar/programming course/DEPI/DEPI project/anomx/venv/lib/python3.12/site-packages/airflow/example_dags/tutorial_taskflow_api.py
[2026-06-24T11:57:56.381+0300] {processor.py:840} INFO - DAG(s) 'tutorial_taskflow_api' retrieved from /media/data/omar/programming course/DEPI/DEPI project/anomx/venv/lib/python3.12/site-packages/airflow/example_dags/tutorial_taskflow_api.py
[2026-06-24T11:57:56.400+0300] {logging_mixin.py:188} INFO - [2026-06-24T11:57:56.400+0300] {dag.py:3096} INFO - Sync 1 DAGs
[2026-06-24T11:57:56.412+0300] {logging_mixin.py:188} INFO - [2026-06-24T11:57:56.412+0300] {dag.py:3954} INFO - Setting next_dagrun for tutorial_taskflow_api to None, run_after=None
[2026-06-24T11:57:56.465+0300] {processor.py:183} INFO - Processing /media/data/omar/programming course/DEPI/DEPI project/anomx/venv/lib/python3.12/site-packages/airflow/example_dags/tutorial_taskflow_api.py took 0.102 seconds
[2026-06-24T12:36:20.320+0300] {processor.py:161} INFO - Started process (PID=28482) to work on /media/data/omar/programming course/DEPI/DEPI project/anomx/venv/lib/python3.12/site-packages/airflow/example_dags/tutorial_taskflow_api.py
[2026-06-24T12:36:20.321+0300] {processor.py:830} INFO - Processing file /media/data/omar/programming course/DEPI/DEPI project/anomx/venv/lib/python3.12/site-packages/airflow/example_dags/tutorial_taskflow_api.py for tasks to queue
[2026-06-24T12:36:20.322+0300] {logging_mixin.py:188} INFO - [2026-06-24T12:36:20.321+0300] {dagbag.py:540} INFO - Filling up the DagBag from /media/data/omar/programming course/DEPI/DEPI project/anomx/venv/lib/python3.12/site-packages/airflow/example_dags/tutorial_taskflow_api.py
[2026-06-24T12:36:20.328+0300] {processor.py:840} INFO - DAG(s) 'tutorial_taskflow_api' retrieved from /media/data/omar/programming course/DEPI/DEPI project/anomx/venv/lib/python3.12/site-packages/airflow/example_dags/tutorial_taskflow_api.py
[2026-06-24T12:36:20.354+0300] {logging_mixin.py:188} INFO - [2026-06-24T12:36:20.353+0300] {dag.py:3096} INFO - Sync 1 DAGs
[2026-06-24T12:36:20.362+0300] {logging_mixin.py:188} INFO - [2026-06-24T12:36:20.362+0300] {dag.py:3954} INFO - Setting next_dagrun for tutorial_taskflow_api to None, run_after=None
[2026-06-24T12:36:20.389+0300] {processor.py:183} INFO - Processing /media/data/omar/programming course/DEPI/DEPI project/anomx/venv/lib/python3.12/site-packages/airflow/example_dags/tutorial_taskflow_api.py took 0.073 seconds
[2026-06-24T12:37:12.394+0300] {processor.py:161} INFO - Started process (PID=29071) to work on /media/data/omar/programming course/DEPI/DEPI project/anomx/venv/lib/python3.12/site-packages/airflow/example_dags/tutorial_taskflow_api.py
[2026-06-24T12:37:12.395+0300] {processor.py:830} INFO - Processing file /media/data/omar/programming course/DEPI/DEPI project/anomx/venv/lib/python3.12/site-packages/airflow/example_dags/tutorial_taskflow_api.py for tasks to queue
[2026-06-24T12:37:12.396+0300] {logging_mixin.py:188} INFO - [2026-06-24T12:37:12.396+0300] {dagbag.py:540} INFO - Filling up the DagBag from /media/data/omar/programming course/DEPI/DEPI project/anomx/venv/lib/python3.12/site-packages/airflow/example_dags/tutorial_taskflow_api.py
[2026-06-24T12:37:12.405+0300] {processor.py:840} INFO - DAG(s) 'tutorial_taskflow_api' retrieved from /media/data/omar/programming course/DEPI/DEPI project/anomx/venv/lib/python3.12/site-packages/airflow/example_dags/tutorial_taskflow_api.py
[2026-06-24T12:37:12.421+0300] {logging_mixin.py:188} INFO - [2026-06-24T12:37:12.420+0300] {dag.py:3096} INFO - Sync 1 DAGs
[2026-06-24T12:37:12.430+0300] {logging_mixin.py:188} INFO - [2026-06-24T12:37:12.430+0300] {dag.py:3954} INFO - Setting next_dagrun for tutorial_taskflow_api to None, run_after=None
[2026-06-24T12:37:12.456+0300] {processor.py:183} INFO - Processing /media/data/omar/programming course/DEPI/DEPI project/anomx/venv/lib/python3.12/site-packages/airflow/example_dags/tutorial_taskflow_api.py took 0.069 seconds
[2026-06-24T12:37:58.927+0300] {processor.py:161} INFO - Started process (PID=29518) to work on /media/data/omar/programming course/DEPI/DEPI project/anomx/venv/lib/python3.12/site-packages/airflow/example_dags/tutorial_taskflow_api.py
[2026-06-24T12:37:58.928+0300] {processor.py:830} INFO - Processing file /media/data/omar/programming course/DEPI/DEPI project/anomx/venv/lib/python3.12/site-packages/airflow/example_dags/tutorial_taskflow_api.py for tasks to queue
[2026-06-24T12:37:58.929+0300] {logging_mixin.py:188} INFO - [2026-06-24T12:37:58.928+0300] {dagbag.py:540} INFO - Filling up the DagBag from /media/data/omar/programming course/DEPI/DEPI project/anomx/venv/lib/python3.12/site-packages/airflow/example_dags/tutorial_taskflow_api.py
[2026-06-24T12:37:58.935+0300] {processor.py:840} INFO - DAG(s) 'tutorial_taskflow_api' retrieved from /media/data/omar/programming course/DEPI/DEPI project/anomx/venv/lib/python3.12/site-packages/airflow/example_dags/tutorial_taskflow_api.py
[2026-06-24T12:37:58.951+0300] {logging_mixin.py:188} INFO - [2026-06-24T12:37:58.950+0300] {dag.py:3096} INFO - Sync 1 DAGs
[2026-06-24T12:37:58.960+0300] {logging_mixin.py:188} INFO - [2026-06-24T12:37:58.960+0300] {dag.py:3954} INFO - Setting next_dagrun for tutorial_taskflow_api to None, run_after=None
[2026-06-24T12:37:58.987+0300] {processor.py:183} INFO - Processing /media/data/omar/programming course/DEPI/DEPI project/anomx/venv/lib/python3.12/site-packages/airflow/example_dags/tutorial_taskflow_api.py took 0.067 seconds
[2026-06-24T12:38:47.770+0300] {processor.py:161} INFO - Started process (PID=30089) to work on /media/data/omar/programming course/DEPI/DEPI project/anomx/venv/lib/python3.12/site-packages/airflow/example_dags/tutorial_taskflow_api.py
[2026-06-24T12:38:47.770+0300] {processor.py:830} INFO - Processing file /media/data/omar/programming course/DEPI/DEPI project/anomx/venv/lib/python3.12/site-packages/airflow/example_dags/tutorial_taskflow_api.py for tasks to queue
[2026-06-24T12:38:47.771+0300] {logging_mixin.py:188} INFO - [2026-06-24T12:38:47.771+0300] {dagbag.py:540} INFO - Filling up the DagBag from /media/data/omar/programming course/DEPI/DEPI project/anomx/venv/lib/python3.12/site-packages/airflow/example_dags/tutorial_taskflow_api.py
[2026-06-24T12:38:47.777+0300] {processor.py:840} INFO - DAG(s) 'tutorial_taskflow_api' retrieved from /media/data/omar/programming course/DEPI/DEPI project/anomx/venv/lib/python3.12/site-packages/airflow/example_dags/tutorial_taskflow_api.py
[2026-06-24T12:38:47.792+0300] {logging_mixin.py:188} INFO - [2026-06-24T12:38:47.791+0300] {dag.py:3096} INFO - Sync 1 DAGs
[2026-06-24T12:38:47.800+0300] {logging_mixin.py:188} INFO - [2026-06-24T12:38:47.800+0300] {dag.py:3954} INFO - Setting next_dagrun for tutorial_taskflow_api to None, run_after=None
[2026-06-24T12:38:47.828+0300] {processor.py:183} INFO - Processing /media/data/omar/programming course/DEPI/DEPI project/anomx/venv/lib/python3.12/site-packages/airflow/example_dags/tutorial_taskflow_api.py took 0.063 seconds
[2026-06-24T12:39:34.429+0300] {processor.py:161} INFO - Started process (PID=30419) to work on /media/data/omar/programming course/DEPI/DEPI project/anomx/venv/lib/python3.12/site-packages/airflow/example_dags/tutorial_taskflow_api.py
[2026-06-24T12:39:34.430+0300] {processor.py:830} INFO - Processing file /media/data/omar/programming course/DEPI/DEPI project/anomx/venv/lib/python3.12/site-packages/airflow/example_dags/tutorial_taskflow_api.py for tasks to queue
[2026-06-24T12:39:34.431+0300] {logging_mixin.py:188} INFO - [2026-06-24T12:39:34.430+0300] {dagbag.py:540} INFO - Filling up the DagBag from /media/data/omar/programming course/DEPI/DEPI project/anomx/venv/lib/python3.12/site-packages/airflow/example_dags/tutorial_taskflow_api.py
[2026-06-24T12:39:34.436+0300] {processor.py:840} INFO - DAG(s) 'tutorial_taskflow_api' retrieved from /media/data/omar/programming course/DEPI/DEPI project/anomx/venv/lib/python3.12/site-packages/airflow/example_dags/tutorial_taskflow_api.py
[2026-06-24T12:39:34.451+0300] {logging_mixin.py:188} INFO - [2026-06-24T12:39:34.450+0300] {dag.py:3096} INFO - Sync 1 DAGs
[2026-06-24T12:39:34.459+0300] {logging_mixin.py:188} INFO - [2026-06-24T12:39:34.459+0300] {dag.py:3954} INFO - Setting next_dagrun for tutorial_taskflow_api to None, run_after=None
[2026-06-24T12:39:34.486+0300] {processor.py:183} INFO - Processing /media/data/omar/programming course/DEPI/DEPI project/anomx/venv/lib/python3.12/site-packages/airflow/example_dags/tutorial_taskflow_api.py took 0.062 seconds
[2026-06-24T12:40:18.113+0300] {processor.py:161} INFO - Started process (PID=30949) to work on /media/data/omar/programming course/DEPI/DEPI project/anomx/venv/lib/python3.12/site-packages/airflow/example_dags/tutorial_taskflow_api.py
[2026-06-24T12:40:18.114+0300] {processor.py:830} INFO - Processing file /media/data/omar/programming course/DEPI/DEPI project/anomx/venv/lib/python3.12/site-packages/airflow/example_dags/tutorial_taskflow_api.py for tasks to queue
[2026-06-24T12:40:18.115+0300] {logging_mixin.py:188} INFO - [2026-06-24T12:40:18.115+0300] {dagbag.py:540} INFO - Filling up the DagBag from /media/data/omar/programming course/DEPI/DEPI project/anomx/venv/lib/python3.12/site-packages/airflow/example_dags/tutorial_taskflow_api.py
[2026-06-24T12:40:18.121+0300] {processor.py:840} INFO - DAG(s) 'tutorial_taskflow_api' retrieved from /media/data/omar/programming course/DEPI/DEPI project/anomx/venv/lib/python3.12/site-packages/airflow/example_dags/tutorial_taskflow_api.py
[2026-06-24T12:40:18.136+0300] {logging_mixin.py:188} INFO - [2026-06-24T12:40:18.135+0300] {dag.py:3096} INFO - Sync 1 DAGs
[2026-06-24T12:40:18.145+0300] {logging_mixin.py:188} INFO - [2026-06-24T12:40:18.144+0300] {dag.py:3954} INFO - Setting next_dagrun for tutorial_taskflow_api to None, run_after=None
[2026-06-24T12:40:18.173+0300] {processor.py:183} INFO - Processing /media/data/omar/programming course/DEPI/DEPI project/anomx/venv/lib/python3.12/site-packages/airflow/example_dags/tutorial_taskflow_api.py took 0.064 seconds
[2026-06-24T12:41:20.933+0300] {processor.py:161} INFO - Started process (PID=31432) to work on /media/data/omar/programming course/DEPI/DEPI project/anomx/venv/lib/python3.12/site-packages/airflow/example_dags/tutorial_taskflow_api.py
[2026-06-24T12:41:20.934+0300] {processor.py:830} INFO - Processing file /media/data/omar/programming course/DEPI/DEPI project/anomx/venv/lib/python3.12/site-packages/airflow/example_dags/tutorial_taskflow_api.py for tasks to queue
[2026-06-24T12:41:20.936+0300] {logging_mixin.py:188} INFO - [2026-06-24T12:41:20.935+0300] {dagbag.py:540} INFO - Filling up the DagBag from /media/data/omar/programming course/DEPI/DEPI project/anomx/venv/lib/python3.12/site-packages/airflow/example_dags/tutorial_taskflow_api.py
[2026-06-24T12:41:20.944+0300] {processor.py:840} INFO - DAG(s) 'tutorial_taskflow_api' retrieved from /media/data/omar/programming course/DEPI/DEPI project/anomx/venv/lib/python3.12/site-packages/airflow/example_dags/tutorial_taskflow_api.py
[2026-06-24T12:41:20.962+0300] {logging_mixin.py:188} INFO - [2026-06-24T12:41:20.962+0300] {dag.py:3096} INFO - Sync 1 DAGs
[2026-06-24T12:41:20.971+0300] {logging_mixin.py:188} INFO - [2026-06-24T12:41:20.970+0300] {dag.py:3954} INFO - Setting next_dagrun for tutorial_taskflow_api to None, run_after=None
[2026-06-24T12:41:21.000+0300] {processor.py:183} INFO - Processing /media/data/omar/programming course/DEPI/DEPI project/anomx/venv/lib/python3.12/site-packages/airflow/example_dags/tutorial_taskflow_api.py took 0.074 seconds
[2026-06-24T12:42:12.555+0300] {processor.py:161} INFO - Started process (PID=32040) to work on /media/data/omar/programming course/DEPI/DEPI project/anomx/venv/lib/python3.12/site-packages/airflow/example_dags/tutorial_taskflow_api.py
[2026-06-24T12:42:12.558+0300] {processor.py:830} INFO - Processing file /media/data/omar/programming course/DEPI/DEPI project/anomx/venv/lib/python3.12/site-packages/airflow/example_dags/tutorial_taskflow_api.py for tasks to queue
[2026-06-24T12:42:12.562+0300] {logging_mixin.py:188} INFO - [2026-06-24T12:42:12.560+0300] {dagbag.py:540} INFO - Filling up the DagBag from /media/data/omar/programming course/DEPI/DEPI project/anomx/venv/lib/python3.12/site-packages/airflow/example_dags/tutorial_taskflow_api.py
[2026-06-24T12:42:12.573+0300] {processor.py:840} INFO - DAG(s) 'tutorial_taskflow_api' retrieved from /media/data/omar/programming course/DEPI/DEPI project/anomx/venv/lib/python3.12/site-packages/airflow/example_dags/tutorial_taskflow_api.py
[2026-06-24T12:42:12.590+0300] {logging_mixin.py:188} INFO - [2026-06-24T12:42:12.590+0300] {dag.py:3096} INFO - Sync 1 DAGs
[2026-06-24T12:42:12.598+0300] {logging_mixin.py:188} INFO - [2026-06-24T12:42:12.598+0300] {dag.py:3954} INFO - Setting next_dagrun for tutorial_taskflow_api to None, run_after=None
[2026-06-24T12:42:12.627+0300] {processor.py:183} INFO - Processing /media/data/omar/programming course/DEPI/DEPI project/anomx/venv/lib/python3.12/site-packages/airflow/example_dags/tutorial_taskflow_api.py took 0.093 seconds
[2026-06-24T12:43:03.808+0300] {processor.py:161} INFO - Started process (PID=32343) to work on /media/data/omar/programming course/DEPI/DEPI project/anomx/venv/lib/python3.12/site-packages/airflow/example_dags/tutorial_taskflow_api.py
[2026-06-24T12:43:03.809+0300] {processor.py:830} INFO - Processing file /media/data/omar/programming course/DEPI/DEPI project/anomx/venv/lib/python3.12/site-packages/airflow/example_dags/tutorial_taskflow_api.py for tasks to queue
[2026-06-24T12:43:03.810+0300] {logging_mixin.py:188} INFO - [2026-06-24T12:43:03.809+0300] {dagbag.py:540} INFO - Filling up the DagBag from /media/data/omar/programming course/DEPI/DEPI project/anomx/venv/lib/python3.12/site-packages/airflow/example_dags/tutorial_taskflow_api.py
[2026-06-24T12:43:03.816+0300] {processor.py:840} INFO - DAG(s) 'tutorial_taskflow_api' retrieved from /media/data/omar/programming course/DEPI/DEPI project/anomx/venv/lib/python3.12/site-packages/airflow/example_dags/tutorial_taskflow_api.py
[2026-06-24T12:43:03.830+0300] {logging_mixin.py:188} INFO - [2026-06-24T12:43:03.829+0300] {dag.py:3096} INFO - Sync 1 DAGs
[2026-06-24T12:43:03.839+0300] {logging_mixin.py:188} INFO - [2026-06-24T12:43:03.838+0300] {dag.py:3954} INFO - Setting next_dagrun for tutorial_taskflow_api to None, run_after=None
[2026-06-24T12:43:03.869+0300] {processor.py:183} INFO - Processing /media/data/omar/programming course/DEPI/DEPI project/anomx/venv/lib/python3.12/site-packages/airflow/example_dags/tutorial_taskflow_api.py took 0.066 seconds
[2026-06-24T12:43:54.914+0300] {processor.py:161} INFO - Started process (PID=32959) to work on /media/data/omar/programming course/DEPI/DEPI project/anomx/venv/lib/python3.12/site-packages/airflow/example_dags/tutorial_taskflow_api.py
[2026-06-24T12:43:54.915+0300] {processor.py:830} INFO - Processing file /media/data/omar/programming course/DEPI/DEPI project/anomx/venv/lib/python3.12/site-packages/airflow/example_dags/tutorial_taskflow_api.py for tasks to queue
[2026-06-24T12:43:54.916+0300] {logging_mixin.py:188} INFO - [2026-06-24T12:43:54.916+0300] {dagbag.py:540} INFO - Filling up the DagBag from /media/data/omar/programming course/DEPI/DEPI project/anomx/venv/lib/python3.12/site-packages/airflow/example_dags/tutorial_taskflow_api.py
[2026-06-24T12:43:54.922+0300] {processor.py:840} INFO - DAG(s) 'tutorial_taskflow_api' retrieved from /media/data/omar/programming course/DEPI/DEPI project/anomx/venv/lib/python3.12/site-packages/airflow/example_dags/tutorial_taskflow_api.py
[2026-06-24T12:43:54.937+0300] {logging_mixin.py:188} INFO - [2026-06-24T12:43:54.937+0300] {dag.py:3096} INFO - Sync 1 DAGs
[2026-06-24T12:43:54.946+0300] {logging_mixin.py:188} INFO - [2026-06-24T12:43:54.946+0300] {dag.py:3954} INFO - Setting next_dagrun for tutorial_taskflow_api to None, run_after=None
[2026-06-24T12:43:54.974+0300] {processor.py:183} INFO - Processing /media/data/omar/programming course/DEPI/DEPI project/anomx/venv/lib/python3.12/site-packages/airflow/example_dags/tutorial_taskflow_api.py took 0.065 seconds
[2026-06-24T12:44:43.162+0300] {processor.py:161} INFO - Started process (PID=33276) to work on /media/data/omar/programming course/DEPI/DEPI project/anomx/venv/lib/python3.12/site-packages/airflow/example_dags/tutorial_taskflow_api.py
[2026-06-24T12:44:43.163+0300] {processor.py:830} INFO - Processing file /media/data/omar/programming course/DEPI/DEPI project/anomx/venv/lib/python3.12/site-packages/airflow/example_dags/tutorial_taskflow_api.py for tasks to queue
[2026-06-24T12:44:43.164+0300] {logging_mixin.py:188} INFO - [2026-06-24T12:44:43.163+0300] {dagbag.py:540} INFO - Filling up the DagBag from /media/data/omar/programming course/DEPI/DEPI project/anomx/venv/lib/python3.12/site-packages/airflow/example_dags/tutorial_taskflow_api.py
[2026-06-24T12:44:43.169+0300] {processor.py:840} INFO - DAG(s) 'tutorial_taskflow_api' retrieved from /media/data/omar/programming course/DEPI/DEPI project/anomx/venv/lib/python3.12/site-packages/airflow/example_dags/tutorial_taskflow_api.py
[2026-06-24T12:44:43.183+0300] {logging_mixin.py:188} INFO - [2026-06-24T12:44:43.183+0300] {dag.py:3096} INFO - Sync 1 DAGs
[2026-06-24T12:44:43.192+0300] {logging_mixin.py:188} INFO - [2026-06-24T12:44:43.191+0300] {dag.py:3954} INFO - Setting next_dagrun for tutorial_taskflow_api to None, run_after=None
[2026-06-24T12:44:43.217+0300] {processor.py:183} INFO - Processing /media/data/omar/programming course/DEPI/DEPI project/anomx/venv/lib/python3.12/site-packages/airflow/example_dags/tutorial_taskflow_api.py took 0.060 seconds
[2026-06-24T12:45:32.196+0300] {processor.py:161} INFO - Started process (PID=33871) to work on /media/data/omar/programming course/DEPI/DEPI project/anomx/venv/lib/python3.12/site-packages/airflow/example_dags/tutorial_taskflow_api.py
[2026-06-24T12:45:32.197+0300] {processor.py:830} INFO - Processing file /media/data/omar/programming course/DEPI/DEPI project/anomx/venv/lib/python3.12/site-packages/airflow/example_dags/tutorial_taskflow_api.py for tasks to queue
[2026-06-24T12:45:32.198+0300] {logging_mixin.py:188} INFO - [2026-06-24T12:45:32.197+0300] {dagbag.py:540} INFO - Filling up the DagBag from /media/data/omar/programming course/DEPI/DEPI project/anomx/venv/lib/python3.12/site-packages/airflow/example_dags/tutorial_taskflow_api.py
[2026-06-24T12:45:32.204+0300] {processor.py:840} INFO - DAG(s) 'tutorial_taskflow_api' retrieved from /media/data/omar/programming course/DEPI/DEPI project/anomx/venv/lib/python3.12/site-packages/airflow/example_dags/tutorial_taskflow_api.py
[2026-06-24T12:45:32.220+0300] {logging_mixin.py:188} INFO - [2026-06-24T12:45:32.219+0300] {dag.py:3096} INFO - Sync 1 DAGs
[2026-06-24T12:45:32.229+0300] {logging_mixin.py:188} INFO - [2026-06-24T12:45:32.229+0300] {dag.py:3954} INFO - Setting next_dagrun for tutorial_taskflow_api to None, run_after=None
[2026-06-24T12:45:32.258+0300] {processor.py:183} INFO - Processing /media/data/omar/programming course/DEPI/DEPI project/anomx/venv/lib/python3.12/site-packages/airflow/example_dags/tutorial_taskflow_api.py took 0.068 seconds
[2026-06-24T12:46:21.571+0300] {processor.py:161} INFO - Started process (PID=34208) to work on /media/data/omar/programming course/DEPI/DEPI project/anomx/venv/lib/python3.12/site-packages/airflow/example_dags/tutorial_taskflow_api.py
[2026-06-24T12:46:21.572+0300] {processor.py:830} INFO - Processing file /media/data/omar/programming course/DEPI/DEPI project/anomx/venv/lib/python3.12/site-packages/airflow/example_dags/tutorial_taskflow_api.py for tasks to queue
[2026-06-24T12:46:21.573+0300] {logging_mixin.py:188} INFO - [2026-06-24T12:46:21.573+0300] {dagbag.py:540} INFO - Filling up the DagBag from /media/data/omar/programming course/DEPI/DEPI project/anomx/venv/lib/python3.12/site-packages/airflow/example_dags/tutorial_taskflow_api.py
[2026-06-24T12:46:21.579+0300] {processor.py:840} INFO - DAG(s) 'tutorial_taskflow_api' retrieved from /media/data/omar/programming course/DEPI/DEPI project/anomx/venv/lib/python3.12/site-packages/airflow/example_dags/tutorial_taskflow_api.py
[2026-06-24T12:46:21.596+0300] {logging_mixin.py:188} INFO - [2026-06-24T12:46:21.595+0300] {dag.py:3096} INFO - Sync 1 DAGs
[2026-06-24T12:46:21.605+0300] {logging_mixin.py:188} INFO - [2026-06-24T12:46:21.605+0300] {dag.py:3954} INFO - Setting next_dagrun for tutorial_taskflow_api to None, run_after=None
[2026-06-24T12:46:21.633+0300] {processor.py:183} INFO - Processing /media/data/omar/programming course/DEPI/DEPI project/anomx/venv/lib/python3.12/site-packages/airflow/example_dags/tutorial_taskflow_api.py took 0.067 seconds
[2026-06-24T12:47:11.040+0300] {processor.py:161} INFO - Started process (PID=34799) to work on /media/data/omar/programming course/DEPI/DEPI project/anomx/venv/lib/python3.12/site-packages/airflow/example_dags/tutorial_taskflow_api.py
[2026-06-24T12:47:11.041+0300] {processor.py:830} INFO - Processing file /media/data/omar/programming course/DEPI/DEPI project/anomx/venv/lib/python3.12/site-packages/airflow/example_dags/tutorial_taskflow_api.py for tasks to queue
[2026-06-24T12:47:11.042+0300] {logging_mixin.py:188} INFO - [2026-06-24T12:47:11.041+0300] {dagbag.py:540} INFO - Filling up the DagBag from /media/data/omar/programming course/DEPI/DEPI project/anomx/venv/lib/python3.12/site-packages/airflow/example_dags/tutorial_taskflow_api.py
[2026-06-24T12:47:11.050+0300] {processor.py:840} INFO - DAG(s) 'tutorial_taskflow_api' retrieved from /media/data/omar/programming course/DEPI/DEPI project/anomx/venv/lib/python3.12/site-packages/airflow/example_dags/tutorial_taskflow_api.py
[2026-06-24T12:47:11.069+0300] {logging_mixin.py:188} INFO - [2026-06-24T12:47:11.068+0300] {dag.py:3096} INFO - Sync 1 DAGs
[2026-06-24T12:47:11.080+0300] {logging_mixin.py:188} INFO - [2026-06-24T12:47:11.080+0300] {dag.py:3954} INFO - Setting next_dagrun for tutorial_taskflow_api to None, run_after=None
[2026-06-24T12:47:11.112+0300] {processor.py:183} INFO - Processing /media/data/omar/programming course/DEPI/DEPI project/anomx/venv/lib/python3.12/site-packages/airflow/example_dags/tutorial_taskflow_api.py took 0.078 seconds
[2026-06-24T12:48:09.262+0300] {processor.py:161} INFO - Started process (PID=35179) to work on /media/data/omar/programming course/DEPI/DEPI project/anomx/venv/lib/python3.12/site-packages/airflow/example_dags/tutorial_taskflow_api.py
[2026-06-24T12:48:09.263+0300] {processor.py:830} INFO - Processing file /media/data/omar/programming course/DEPI/DEPI project/anomx/venv/lib/python3.12/site-packages/airflow/example_dags/tutorial_taskflow_api.py for tasks to queue
[2026-06-24T12:48:09.265+0300] {logging_mixin.py:188} INFO - [2026-06-24T12:48:09.264+0300] {dagbag.py:540} INFO - Filling up the DagBag from /media/data/omar/programming course/DEPI/DEPI project/anomx/venv/lib/python3.12/site-packages/airflow/example_dags/tutorial_taskflow_api.py
[2026-06-24T12:48:09.274+0300] {processor.py:840} INFO - DAG(s) 'tutorial_taskflow_api' retrieved from /media/data/omar/programming course/DEPI/DEPI project/anomx/venv/lib/python3.12/site-packages/airflow/example_dags/tutorial_taskflow_api.py
[2026-06-24T12:48:09.297+0300] {logging_mixin.py:188} INFO - [2026-06-24T12:48:09.297+0300] {dag.py:3096} INFO - Sync 1 DAGs
[2026-06-24T12:48:09.312+0300] {logging_mixin.py:188} INFO - [2026-06-24T12:48:09.311+0300] {dag.py:3954} INFO - Setting next_dagrun for tutorial_taskflow_api to None, run_after=None
[2026-06-24T12:48:09.352+0300] {processor.py:183} INFO - Processing /media/data/omar/programming course/DEPI/DEPI project/anomx/venv/lib/python3.12/site-packages/airflow/example_dags/tutorial_taskflow_api.py took 0.098 seconds
[2026-06-24T12:49:00.523+0300] {processor.py:161} INFO - Started process (PID=35773) to work on /media/data/omar/programming course/DEPI/DEPI project/anomx/venv/lib/python3.12/site-packages/airflow/example_dags/tutorial_taskflow_api.py
[2026-06-24T12:49:00.524+0300] {processor.py:830} INFO - Processing file /media/data/omar/programming course/DEPI/DEPI project/anomx/venv/lib/python3.12/site-packages/airflow/example_dags/tutorial_taskflow_api.py for tasks to queue
[2026-06-24T12:49:00.525+0300] {logging_mixin.py:188} INFO - [2026-06-24T12:49:00.525+0300] {dagbag.py:540} INFO - Filling up the DagBag from /media/data/omar/programming course/DEPI/DEPI project/anomx/venv/lib/python3.12/site-packages/airflow/example_dags/tutorial_taskflow_api.py
[2026-06-24T12:49:00.532+0300] {processor.py:840} INFO - DAG(s) 'tutorial_taskflow_api' retrieved from /media/data/omar/programming course/DEPI/DEPI project/anomx/venv/lib/python3.12/site-packages/airflow/example_dags/tutorial_taskflow_api.py
[2026-06-24T12:49:00.549+0300] {logging_mixin.py:188} INFO - [2026-06-24T12:49:00.549+0300] {dag.py:3096} INFO - Sync 1 DAGs
[2026-06-24T12:49:00.559+0300] {logging_mixin.py:188} INFO - [2026-06-24T12:49:00.559+0300] {dag.py:3954} INFO - Setting next_dagrun for tutorial_taskflow_api to None, run_after=None
[2026-06-24T12:49:00.591+0300] {processor.py:183} INFO - Processing /media/data/omar/programming course/DEPI/DEPI project/anomx/venv/lib/python3.12/site-packages/airflow/example_dags/tutorial_taskflow_api.py took 0.075 seconds
[2026-06-24T12:49:54.820+0300] {processor.py:161} INFO - Started process (PID=36095) to work on /media/data/omar/programming course/DEPI/DEPI project/anomx/venv/lib/python3.12/site-packages/airflow/example_dags/tutorial_taskflow_api.py
[2026-06-24T12:49:54.821+0300] {processor.py:830} INFO - Processing file /media/data/omar/programming course/DEPI/DEPI project/anomx/venv/lib/python3.12/site-packages/airflow/example_dags/tutorial_taskflow_api.py for tasks to queue
[2026-06-24T12:49:54.823+0300] {logging_mixin.py:188} INFO - [2026-06-24T12:49:54.822+0300] {dagbag.py:540} INFO - Filling up the DagBag from /media/data/omar/programming course/DEPI/DEPI project/anomx/venv/lib/python3.12/site-packages/airflow/example_dags/tutorial_taskflow_api.py
[2026-06-24T12:49:54.829+0300] {processor.py:840} INFO - DAG(s) 'tutorial_taskflow_api' retrieved from /media/data/omar/programming course/DEPI/DEPI project/anomx/venv/lib/python3.12/site-packages/airflow/example_dags/tutorial_taskflow_api.py
[2026-06-24T12:49:54.849+0300] {logging_mixin.py:188} INFO - [2026-06-24T12:49:54.848+0300] {dag.py:3096} INFO - Sync 1 DAGs
[2026-06-24T12:49:54.862+0300] {logging_mixin.py:188} INFO - [2026-06-24T12:49:54.861+0300] {dag.py:3954} INFO - Setting next_dagrun for tutorial_taskflow_api to None, run_after=None
[2026-06-24T12:49:54.896+0300] {processor.py:183} INFO - Processing /media/data/omar/programming course/DEPI/DEPI project/anomx/venv/lib/python3.12/site-packages/airflow/example_dags/tutorial_taskflow_api.py took 0.084 seconds
[2026-06-24T12:50:49.100+0300] {processor.py:161} INFO - Started process (PID=36789) to work on /media/data/omar/programming course/DEPI/DEPI project/anomx/venv/lib/python3.12/site-packages/airflow/example_dags/tutorial_taskflow_api.py
[2026-06-24T12:50:49.102+0300] {processor.py:830} INFO - Processing file /media/data/omar/programming course/DEPI/DEPI project/anomx/venv/lib/python3.12/site-packages/airflow/example_dags/tutorial_taskflow_api.py for tasks to queue
[2026-06-24T12:50:49.106+0300] {logging_mixin.py:188} INFO - [2026-06-24T12:50:49.104+0300] {dagbag.py:540} INFO - Filling up the DagBag from /media/data/omar/programming course/DEPI/DEPI project/anomx/venv/lib/python3.12/site-packages/airflow/example_dags/tutorial_taskflow_api.py
[2026-06-24T12:50:49.122+0300] {processor.py:840} INFO - DAG(s) 'tutorial_taskflow_api' retrieved from /media/data/omar/programming course/DEPI/DEPI project/anomx/venv/lib/python3.12/site-packages/airflow/example_dags/tutorial_taskflow_api.py
[2026-06-24T12:50:49.148+0300] {logging_mixin.py:188} INFO - [2026-06-24T12:50:49.147+0300] {dag.py:3096} INFO - Sync 1 DAGs
[2026-06-24T12:50:49.167+0300] {logging_mixin.py:188} INFO - [2026-06-24T12:50:49.166+0300] {dag.py:3954} INFO - Setting next_dagrun for tutorial_taskflow_api to None, run_after=None
[2026-06-24T12:50:49.206+0300] {processor.py:183} INFO - Processing /media/data/omar/programming course/DEPI/DEPI project/anomx/venv/lib/python3.12/site-packages/airflow/example_dags/tutorial_taskflow_api.py took 0.119 seconds
[2026-06-24T12:51:41.435+0300] {processor.py:161} INFO - Started process (PID=37121) to work on /media/data/omar/programming course/DEPI/DEPI project/anomx/venv/lib/python3.12/site-packages/airflow/example_dags/tutorial_taskflow_api.py
[2026-06-24T12:51:41.436+0300] {processor.py:830} INFO - Processing file /media/data/omar/programming course/DEPI/DEPI project/anomx/venv/lib/python3.12/site-packages/airflow/example_dags/tutorial_taskflow_api.py for tasks to queue
[2026-06-24T12:51:41.438+0300] {logging_mixin.py:188} INFO - [2026-06-24T12:51:41.438+0300] {dagbag.py:540} INFO - Filling up the DagBag from /media/data/omar/programming course/DEPI/DEPI project/anomx/venv/lib/python3.12/site-packages/airflow/example_dags/tutorial_taskflow_api.py
[2026-06-24T12:51:41.450+0300] {processor.py:840} INFO - DAG(s) 'tutorial_taskflow_api' retrieved from /media/data/omar/programming course/DEPI/DEPI project/anomx/venv/lib/python3.12/site-packages/airflow/example_dags/tutorial_taskflow_api.py
[2026-06-24T12:51:41.469+0300] {logging_mixin.py:188} INFO - [2026-06-24T12:51:41.469+0300] {dag.py:3096} INFO - Sync 1 DAGs
[2026-06-24T12:51:41.478+0300] {logging_mixin.py:188} INFO - [2026-06-24T12:51:41.477+0300] {dag.py:3954} INFO - Setting next_dagrun for tutorial_taskflow_api to None, run_after=None
[2026-06-24T12:51:41.506+0300] {processor.py:183} INFO - Processing /media/data/omar/programming course/DEPI/DEPI project/anomx/venv/lib/python3.12/site-packages/airflow/example_dags/tutorial_taskflow_api.py took 0.090 seconds
[2026-06-24T12:52:32.352+0300] {processor.py:161} INFO - Started process (PID=37694) to work on /media/data/omar/programming course/DEPI/DEPI project/anomx/venv/lib/python3.12/site-packages/airflow/example_dags/tutorial_taskflow_api.py
[2026-06-24T12:52:32.354+0300] {processor.py:830} INFO - Processing file /media/data/omar/programming course/DEPI/DEPI project/anomx/venv/lib/python3.12/site-packages/airflow/example_dags/tutorial_taskflow_api.py for tasks to queue
[2026-06-24T12:52:32.357+0300] {logging_mixin.py:188} INFO - [2026-06-24T12:52:32.356+0300] {dagbag.py:540} INFO - Filling up the DagBag from /media/data/omar/programming course/DEPI/DEPI project/anomx/venv/lib/python3.12/site-packages/airflow/example_dags/tutorial_taskflow_api.py
[2026-06-24T12:52:32.366+0300] {processor.py:840} INFO - DAG(s) 'tutorial_taskflow_api' retrieved from /media/data/omar/programming course/DEPI/DEPI project/anomx/venv/lib/python3.12/site-packages/airflow/example_dags/tutorial_taskflow_api.py
[2026-06-24T12:52:32.383+0300] {logging_mixin.py:188} INFO - [2026-06-24T12:52:32.383+0300] {dag.py:3096} INFO - Sync 1 DAGs
[2026-06-24T12:52:32.392+0300] {logging_mixin.py:188} INFO - [2026-06-24T12:52:32.392+0300] {dag.py:3954} INFO - Setting next_dagrun for tutorial_taskflow_api to None, run_after=None
[2026-06-24T12:52:32.419+0300] {processor.py:183} INFO - Processing /media/data/omar/programming course/DEPI/DEPI project/anomx/venv/lib/python3.12/site-packages/airflow/example_dags/tutorial_taskflow_api.py took 0.082 seconds
[2026-06-24T12:53:23.304+0300] {processor.py:161} INFO - Started process (PID=38036) to work on /media/data/omar/programming course/DEPI/DEPI project/anomx/venv/lib/python3.12/site-packages/airflow/example_dags/tutorial_taskflow_api.py
[2026-06-24T12:53:23.305+0300] {processor.py:830} INFO - Processing file /media/data/omar/programming course/DEPI/DEPI project/anomx/venv/lib/python3.12/site-packages/airflow/example_dags/tutorial_taskflow_api.py for tasks to queue
[2026-06-24T12:53:23.306+0300] {logging_mixin.py:188} INFO - [2026-06-24T12:53:23.305+0300] {dagbag.py:540} INFO - Filling up the DagBag from /media/data/omar/programming course/DEPI/DEPI project/anomx/venv/lib/python3.12/site-packages/airflow/example_dags/tutorial_taskflow_api.py
[2026-06-24T12:53:23.317+0300] {processor.py:840} INFO - DAG(s) 'tutorial_taskflow_api' retrieved from /media/data/omar/programming course/DEPI/DEPI project/anomx/venv/lib/python3.12/site-packages/airflow/example_dags/tutorial_taskflow_api.py
[2026-06-24T12:53:23.340+0300] {logging_mixin.py:188} INFO - [2026-06-24T12:53:23.339+0300] {dag.py:3096} INFO - Sync 1 DAGs
[2026-06-24T12:53:23.356+0300] {logging_mixin.py:188} INFO - [2026-06-24T12:53:23.355+0300] {dag.py:3954} INFO - Setting next_dagrun for tutorial_taskflow_api to None, run_after=None
[2026-06-24T12:53:23.402+0300] {processor.py:183} INFO - Processing /media/data/omar/programming course/DEPI/DEPI project/anomx/venv/lib/python3.12/site-packages/airflow/example_dags/tutorial_taskflow_api.py took 0.105 seconds
[2026-06-24T12:54:16.275+0300] {processor.py:161} INFO - Started process (PID=38642) to work on /media/data/omar/programming course/DEPI/DEPI project/anomx/venv/lib/python3.12/site-packages/airflow/example_dags/tutorial_taskflow_api.py
[2026-06-24T12:54:16.278+0300] {processor.py:830} INFO - Processing file /media/data/omar/programming course/DEPI/DEPI project/anomx/venv/lib/python3.12/site-packages/airflow/example_dags/tutorial_taskflow_api.py for tasks to queue
[2026-06-24T12:54:16.281+0300] {logging_mixin.py:188} INFO - [2026-06-24T12:54:16.280+0300] {dagbag.py:540} INFO - Filling up the DagBag from /media/data/omar/programming course/DEPI/DEPI project/anomx/venv/lib/python3.12/site-packages/airflow/example_dags/tutorial_taskflow_api.py
[2026-06-24T12:54:16.303+0300] {processor.py:840} INFO - DAG(s) 'tutorial_taskflow_api' retrieved from /media/data/omar/programming course/DEPI/DEPI project/anomx/venv/lib/python3.12/site-packages/airflow/example_dags/tutorial_taskflow_api.py
[2026-06-24T12:54:16.335+0300] {logging_mixin.py:188} INFO - [2026-06-24T12:54:16.335+0300] {dag.py:3096} INFO - Sync 1 DAGs
[2026-06-24T12:54:16.345+0300] {logging_mixin.py:188} INFO - [2026-06-24T12:54:16.345+0300] {dag.py:3954} INFO - Setting next_dagrun for tutorial_taskflow_api to None, run_after=None
[2026-06-24T12:54:16.377+0300] {processor.py:183} INFO - Processing /media/data/omar/programming course/DEPI/DEPI project/anomx/venv/lib/python3.12/site-packages/airflow/example_dags/tutorial_taskflow_api.py took 0.122 seconds
[2026-06-24T12:55:14.936+0300] {processor.py:161} INFO - Started process (PID=39049) to work on /media/data/omar/programming course/DEPI/DEPI project/anomx/venv/lib/python3.12/site-packages/airflow/example_dags/tutorial_taskflow_api.py
[2026-06-24T12:55:14.937+0300] {processor.py:830} INFO - Processing file /media/data/omar/programming course/DEPI/DEPI project/anomx/venv/lib/python3.12/site-packages/airflow/example_dags/tutorial_taskflow_api.py for tasks to queue
[2026-06-24T12:55:14.938+0300] {logging_mixin.py:188} INFO - [2026-06-24T12:55:14.938+0300] {dagbag.py:540} INFO - Filling up the DagBag from /media/data/omar/programming course/DEPI/DEPI project/anomx/venv/lib/python3.12/site-packages/airflow/example_dags/tutorial_taskflow_api.py
[2026-06-24T12:55:14.945+0300] {processor.py:840} INFO - DAG(s) 'tutorial_taskflow_api' retrieved from /media/data/omar/programming course/DEPI/DEPI project/anomx/venv/lib/python3.12/site-packages/airflow/example_dags/tutorial_taskflow_api.py
[2026-06-24T12:55:14.960+0300] {logging_mixin.py:188} INFO - [2026-06-24T12:55:14.959+0300] {dag.py:3096} INFO - Sync 1 DAGs
[2026-06-24T12:55:14.969+0300] {logging_mixin.py:188} INFO - [2026-06-24T12:55:14.968+0300] {dag.py:3954} INFO - Setting next_dagrun for tutorial_taskflow_api to None, run_after=None
[2026-06-24T12:55:15.004+0300] {processor.py:183} INFO - Processing /media/data/omar/programming course/DEPI/DEPI project/anomx/venv/lib/python3.12/site-packages/airflow/example_dags/tutorial_taskflow_api.py took 0.074 seconds
[2026-06-24T12:56:27.936+0300] {processor.py:161} INFO - Started process (PID=39730) to work on /media/data/omar/programming course/DEPI/DEPI project/anomx/venv/lib/python3.12/site-packages/airflow/example_dags/tutorial_taskflow_api.py
[2026-06-24T12:56:27.938+0300] {processor.py:830} INFO - Processing file /media/data/omar/programming course/DEPI/DEPI project/anomx/venv/lib/python3.12/site-packages/airflow/example_dags/tutorial_taskflow_api.py for tasks to queue
[2026-06-24T12:56:27.940+0300] {logging_mixin.py:188} INFO - [2026-06-24T12:56:27.939+0300] {dagbag.py:540} INFO - Filling up the DagBag from /media/data/omar/programming course/DEPI/DEPI project/anomx/venv/lib/python3.12/site-packages/airflow/example_dags/tutorial_taskflow_api.py
[2026-06-24T12:56:27.954+0300] {processor.py:840} INFO - DAG(s) 'tutorial_taskflow_api' retrieved from /media/data/omar/programming course/DEPI/DEPI project/anomx/venv/lib/python3.12/site-packages/airflow/example_dags/tutorial_taskflow_api.py
[2026-06-24T12:56:28.007+0300] {logging_mixin.py:188} INFO - [2026-06-24T12:56:28.007+0300] {dag.py:3096} INFO - Sync 1 DAGs
[2026-06-24T12:56:28.024+0300] {logging_mixin.py:188} INFO - [2026-06-24T12:56:28.024+0300] {dag.py:3954} INFO - Setting next_dagrun for tutorial_taskflow_api to None, run_after=None
[2026-06-24T12:56:28.104+0300] {processor.py:183} INFO - Processing /media/data/omar/programming course/DEPI/DEPI project/anomx/venv/lib/python3.12/site-packages/airflow/example_dags/tutorial_taskflow_api.py took 0.189 seconds
[2026-06-24T12:57:23.512+0300] {processor.py:161} INFO - Started process (PID=40096) to work on /media/data/omar/programming course/DEPI/DEPI project/anomx/venv/lib/python3.12/site-packages/airflow/example_dags/tutorial_taskflow_api.py
[2026-06-24T12:57:23.513+0300] {processor.py:830} INFO - Processing file /media/data/omar/programming course/DEPI/DEPI project/anomx/venv/lib/python3.12/site-packages/airflow/example_dags/tutorial_taskflow_api.py for tasks to queue
[2026-06-24T12:57:23.514+0300] {logging_mixin.py:188} INFO - [2026-06-24T12:57:23.513+0300] {dagbag.py:540} INFO - Filling up the DagBag from /media/data/omar/programming course/DEPI/DEPI project/anomx/venv/lib/python3.12/site-packages/airflow/example_dags/tutorial_taskflow_api.py
[2026-06-24T12:57:23.521+0300] {processor.py:840} INFO - DAG(s) 'tutorial_taskflow_api' retrieved from /media/data/omar/programming course/DEPI/DEPI project/anomx/venv/lib/python3.12/site-packages/airflow/example_dags/tutorial_taskflow_api.py
[2026-06-24T12:57:23.537+0300] {logging_mixin.py:188} INFO - [2026-06-24T12:57:23.536+0300] {dag.py:3096} INFO - Sync 1 DAGs
[2026-06-24T12:57:23.546+0300] {logging_mixin.py:188} INFO - [2026-06-24T12:57:23.546+0300] {dag.py:3954} INFO - Setting next_dagrun for tutorial_taskflow_api to None, run_after=None
[2026-06-24T12:57:23.575+0300] {processor.py:183} INFO - Processing /media/data/omar/programming course/DEPI/DEPI project/anomx/venv/lib/python3.12/site-packages/airflow/example_dags/tutorial_taskflow_api.py took 0.068 seconds
[2026-06-24T12:58:16.708+0300] {processor.py:161} INFO - Started process (PID=40711) to work on /media/data/omar/programming course/DEPI/DEPI project/anomx/venv/lib/python3.12/site-packages/airflow/example_dags/tutorial_taskflow_api.py
[2026-06-24T12:58:16.709+0300] {processor.py:830} INFO - Processing file /media/data/omar/programming course/DEPI/DEPI project/anomx/venv/lib/python3.12/site-packages/airflow/example_dags/tutorial_taskflow_api.py for tasks to queue
[2026-06-24T12:58:16.710+0300] {logging_mixin.py:188} INFO - [2026-06-24T12:58:16.709+0300] {dagbag.py:540} INFO - Filling up the DagBag from /media/data/omar/programming course/DEPI/DEPI project/anomx/venv/lib/python3.12/site-packages/airflow/example_dags/tutorial_taskflow_api.py
[2026-06-24T12:58:16.718+0300] {processor.py:840} INFO - DAG(s) 'tutorial_taskflow_api' retrieved from /media/data/omar/programming course/DEPI/DEPI project/anomx/venv/lib/python3.12/site-packages/airflow/example_dags/tutorial_taskflow_api.py
[2026-06-24T12:58:16.736+0300] {logging_mixin.py:188} INFO - [2026-06-24T12:58:16.735+0300] {dag.py:3096} INFO - Sync 1 DAGs
[2026-06-24T12:58:16.745+0300] {logging_mixin.py:188} INFO - [2026-06-24T12:58:16.745+0300] {dag.py:3954} INFO - Setting next_dagrun for tutorial_taskflow_api to None, run_after=None
[2026-06-24T12:58:16.786+0300] {processor.py:183} INFO - Processing /media/data/omar/programming course/DEPI/DEPI project/anomx/venv/lib/python3.12/site-packages/airflow/example_dags/tutorial_taskflow_api.py took 0.085 seconds
[2026-06-24T12:59:08.105+0300] {processor.py:161} INFO - Started process (PID=41011) to work on /media/data/omar/programming course/DEPI/DEPI project/anomx/venv/lib/python3.12/site-packages/airflow/example_dags/tutorial_taskflow_api.py
[2026-06-24T12:59:08.106+0300] {processor.py:830} INFO - Processing file /media/data/omar/programming course/DEPI/DEPI project/anomx/venv/lib/python3.12/site-packages/airflow/example_dags/tutorial_taskflow_api.py for tasks to queue
[2026-06-24T12:59:08.108+0300] {logging_mixin.py:188} INFO - [2026-06-24T12:59:08.107+0300] {dagbag.py:540} INFO - Filling up the DagBag from /media/data/omar/programming course/DEPI/DEPI project/anomx/venv/lib/python3.12/site-packages/airflow/example_dags/tutorial_taskflow_api.py
[2026-06-24T12:59:08.116+0300] {processor.py:840} INFO - DAG(s) 'tutorial_taskflow_api' retrieved from /media/data/omar/programming course/DEPI/DEPI project/anomx/venv/lib/python3.12/site-packages/airflow/example_dags/tutorial_taskflow_api.py
[2026-06-24T12:59:08.134+0300] {logging_mixin.py:188} INFO - [2026-06-24T12:59:08.133+0300] {dag.py:3096} INFO - Sync 1 DAGs
[2026-06-24T12:59:08.144+0300] {logging_mixin.py:188} INFO - [2026-06-24T12:59:08.144+0300] {dag.py:3954} INFO - Setting next_dagrun for tutorial_taskflow_api to None, run_after=None
[2026-06-24T12:59:08.177+0300] {processor.py:183} INFO - Processing /media/data/omar/programming course/DEPI/DEPI project/anomx/venv/lib/python3.12/site-packages/airflow/example_dags/tutorial_taskflow_api.py took 0.084 seconds
[2026-06-24T12:59:58.640+0300] {processor.py:161} INFO - Started process (PID=41603) to work on /media/data/omar/programming course/DEPI/DEPI project/anomx/venv/lib/python3.12/site-packages/airflow/example_dags/tutorial_taskflow_api.py
[2026-06-24T12:59:58.641+0300] {processor.py:830} INFO - Processing file /media/data/omar/programming course/DEPI/DEPI project/anomx/venv/lib/python3.12/site-packages/airflow/example_dags/tutorial_taskflow_api.py for tasks to queue
[2026-06-24T12:59:58.642+0300] {logging_mixin.py:188} INFO - [2026-06-24T12:59:58.642+0300] {dagbag.py:540} INFO - Filling up the DagBag from /media/data/omar/programming course/DEPI/DEPI project/anomx/venv/lib/python3.12/site-packages/airflow/example_dags/tutorial_taskflow_api.py
[2026-06-24T12:59:58.650+0300] {processor.py:840} INFO - DAG(s) 'tutorial_taskflow_api' retrieved from /media/data/omar/programming course/DEPI/DEPI project/anomx/venv/lib/python3.12/site-packages/airflow/example_dags/tutorial_taskflow_api.py
[2026-06-24T12:59:58.669+0300] {logging_mixin.py:188} INFO - [2026-06-24T12:59:58.668+0300] {dag.py:3096} INFO - Sync 1 DAGs
[2026-06-24T12:59:58.679+0300] {logging_mixin.py:188} INFO - [2026-06-24T12:59:58.679+0300] {dag.py:3954} INFO - Setting next_dagrun for tutorial_taskflow_api to None, run_after=None
[2026-06-24T12:59:58.712+0300] {processor.py:183} INFO - Processing /media/data/omar/programming course/DEPI/DEPI project/anomx/venv/lib/python3.12/site-packages/airflow/example_dags/tutorial_taskflow_api.py took 0.080 seconds
[2026-06-24T13:00:47.958+0300] {processor.py:161} INFO - Started process (PID=41905) to work on /media/data/omar/programming course/DEPI/DEPI project/anomx/venv/lib/python3.12/site-packages/airflow/example_dags/tutorial_taskflow_api.py
[2026-06-24T13:00:47.959+0300] {processor.py:830} INFO - Processing file /media/data/omar/programming course/DEPI/DEPI project/anomx/venv/lib/python3.12/site-packages/airflow/example_dags/tutorial_taskflow_api.py for tasks to queue
[2026-06-24T13:00:47.960+0300] {logging_mixin.py:188} INFO - [2026-06-24T13:00:47.960+0300] {dagbag.py:540} INFO - Filling up the DagBag from /media/data/omar/programming course/DEPI/DEPI project/anomx/venv/lib/python3.12/site-packages/airflow/example_dags/tutorial_taskflow_api.py
[2026-06-24T13:00:47.968+0300] {processor.py:840} INFO - DAG(s) 'tutorial_taskflow_api' retrieved from /media/data/omar/programming course/DEPI/DEPI project/anomx/venv/lib/python3.12/site-packages/airflow/example_dags/tutorial_taskflow_api.py
[2026-06-24T13:00:47.985+0300] {logging_mixin.py:188} INFO - [2026-06-24T13:00:47.984+0300] {dag.py:3096} INFO - Sync 1 DAGs
[2026-06-24T13:00:47.994+0300] {logging_mixin.py:188} INFO - [2026-06-24T13:00:47.994+0300] {dag.py:3954} INFO - Setting next_dagrun for tutorial_taskflow_api to None, run_after=None
[2026-06-24T13:00:48.026+0300] {processor.py:183} INFO - Processing /media/data/omar/programming course/DEPI/DEPI project/anomx/venv/lib/python3.12/site-packages/airflow/example_dags/tutorial_taskflow_api.py took 0.078 seconds
[2026-06-24T13:01:38.632+0300] {processor.py:161} INFO - Started process (PID=42496) to work on /media/data/omar/programming course/DEPI/DEPI project/anomx/venv/lib/python3.12/site-packages/airflow/example_dags/tutorial_taskflow_api.py
[2026-06-24T13:01:38.633+0300] {processor.py:830} INFO - Processing file /media/data/omar/programming course/DEPI/DEPI project/anomx/venv/lib/python3.12/site-packages/airflow/example_dags/tutorial_taskflow_api.py for tasks to queue
[2026-06-24T13:01:38.634+0300] {logging_mixin.py:188} INFO - [2026-06-24T13:01:38.633+0300] {dagbag.py:540} INFO - Filling up the DagBag from /media/data/omar/programming course/DEPI/DEPI project/anomx/venv/lib/python3.12/site-packages/airflow/example_dags/tutorial_taskflow_api.py
[2026-06-24T13:01:38.641+0300] {processor.py:840} INFO - DAG(s) 'tutorial_taskflow_api' retrieved from /media/data/omar/programming course/DEPI/DEPI project/anomx/venv/lib/python3.12/site-packages/airflow/example_dags/tutorial_taskflow_api.py
[2026-06-24T13:01:38.658+0300] {logging_mixin.py:188} INFO - [2026-06-24T13:01:38.658+0300] {dag.py:3096} INFO - Sync 1 DAGs
[2026-06-24T13:01:38.668+0300] {logging_mixin.py:188} INFO - [2026-06-24T13:01:38.667+0300] {dag.py:3954} INFO - Setting next_dagrun for tutorial_taskflow_api to None, run_after=None
[2026-06-24T13:01:38.699+0300] {processor.py:183} INFO - Processing /media/data/omar/programming course/DEPI/DEPI project/anomx/venv/lib/python3.12/site-packages/airflow/example_dags/tutorial_taskflow_api.py took 0.072 seconds
[2026-06-24T13:02:29.410+0300] {processor.py:161} INFO - Started process (PID=42851) to work on /media/data/omar/programming course/DEPI/DEPI project/anomx/venv/lib/python3.12/site-packages/airflow/example_dags/tutorial_taskflow_api.py
[2026-06-24T13:02:29.411+0300] {processor.py:830} INFO - Processing file /media/data/omar/programming course/DEPI/DEPI project/anomx/venv/lib/python3.12/site-packages/airflow/example_dags/tutorial_taskflow_api.py for tasks to queue
[2026-06-24T13:02:29.412+0300] {logging_mixin.py:188} INFO - [2026-06-24T13:02:29.412+0300] {dagbag.py:540} INFO - Filling up the DagBag from /media/data/omar/programming course/DEPI/DEPI project/anomx/venv/lib/python3.12/site-packages/airflow/example_dags/tutorial_taskflow_api.py
[2026-06-24T13:02:29.420+0300] {processor.py:840} INFO - DAG(s) 'tutorial_taskflow_api' retrieved from /media/data/omar/programming course/DEPI/DEPI project/anomx/venv/lib/python3.12/site-packages/airflow/example_dags/tutorial_taskflow_api.py
[2026-06-24T13:02:29.438+0300] {logging_mixin.py:188} INFO - [2026-06-24T13:02:29.438+0300] {dag.py:3096} INFO - Sync 1 DAGs
[2026-06-24T13:02:29.448+0300] {logging_mixin.py:188} INFO - [2026-06-24T13:02:29.448+0300] {dag.py:3954} INFO - Setting next_dagrun for tutorial_taskflow_api to None, run_after=None
[2026-06-24T13:02:29.484+0300] {processor.py:183} INFO - Processing /media/data/omar/programming course/DEPI/DEPI project/anomx/venv/lib/python3.12/site-packages/airflow/example_dags/tutorial_taskflow_api.py took 0.080 seconds
[2026-06-24T13:03:20.498+0300] {processor.py:161} INFO - Started process (PID=43423) to work on /media/data/omar/programming course/DEPI/DEPI project/anomx/venv/lib/python3.12/site-packages/airflow/example_dags/tutorial_taskflow_api.py
[2026-06-24T13:03:20.499+0300] {processor.py:830} INFO - Processing file /media/data/omar/programming course/DEPI/DEPI project/anomx/venv/lib/python3.12/site-packages/airflow/example_dags/tutorial_taskflow_api.py for tasks to queue
[2026-06-24T13:03:20.500+0300] {logging_mixin.py:188} INFO - [2026-06-24T13:03:20.500+0300] {dagbag.py:540} INFO - Filling up the DagBag from /media/data/omar/programming course/DEPI/DEPI project/anomx/venv/lib/python3.12/site-packages/airflow/example_dags/tutorial_taskflow_api.py
[2026-06-24T13:03:20.507+0300] {processor.py:840} INFO - DAG(s) 'tutorial_taskflow_api' retrieved from /media/data/omar/programming course/DEPI/DEPI project/anomx/venv/lib/python3.12/site-packages/airflow/example_dags/tutorial_taskflow_api.py
[2026-06-24T13:03:20.522+0300] {logging_mixin.py:188} INFO - [2026-06-24T13:03:20.522+0300] {dag.py:3096} INFO - Sync 1 DAGs
[2026-06-24T13:03:20.532+0300] {logging_mixin.py:188} INFO - [2026-06-24T13:03:20.531+0300] {dag.py:3954} INFO - Setting next_dagrun for tutorial_taskflow_api to None, run_after=None
[2026-06-24T13:03:20.560+0300] {processor.py:183} INFO - Processing /media/data/omar/programming course/DEPI/DEPI project/anomx/venv/lib/python3.12/site-packages/airflow/example_dags/tutorial_taskflow_api.py took 0.067 seconds
[2026-06-24T13:04:08.824+0300] {processor.py:161} INFO - Started process (PID=43785) to work on /media/data/omar/programming course/DEPI/DEPI project/anomx/venv/lib/python3.12/site-packages/airflow/example_dags/tutorial_taskflow_api.py
[2026-06-24T13:04:08.824+0300] {processor.py:830} INFO - Processing file /media/data/omar/programming course/DEPI/DEPI project/anomx/venv/lib/python3.12/site-packages/airflow/example_dags/tutorial_taskflow_api.py for tasks to queue
[2026-06-24T13:04:08.825+0300] {logging_mixin.py:188} INFO - [2026-06-24T13:04:08.825+0300] {dagbag.py:540} INFO - Filling up the DagBag from /media/data/omar/programming course/DEPI/DEPI project/anomx/venv/lib/python3.12/site-packages/airflow/example_dags/tutorial_taskflow_api.py
[2026-06-24T13:04:08.831+0300] {processor.py:840} INFO - DAG(s) 'tutorial_taskflow_api' retrieved from /media/data/omar/programming course/DEPI/DEPI project/anomx/venv/lib/python3.12/site-packages/airflow/example_dags/tutorial_taskflow_api.py
[2026-06-24T13:04:08.844+0300] {logging_mixin.py:188} INFO - [2026-06-24T13:04:08.844+0300] {dag.py:3096} INFO - Sync 1 DAGs
[2026-06-24T13:04:08.853+0300] {logging_mixin.py:188} INFO - [2026-06-24T13:04:08.852+0300] {dag.py:3954} INFO - Setting next_dagrun for tutorial_taskflow_api to None, run_after=None
[2026-06-24T13:04:08.878+0300] {processor.py:183} INFO - Processing /media/data/omar/programming course/DEPI/DEPI project/anomx/venv/lib/python3.12/site-packages/airflow/example_dags/tutorial_taskflow_api.py took 0.059 seconds
[2026-06-24T13:04:59.202+0300] {processor.py:161} INFO - Started process (PID=44327) to work on /media/data/omar/programming course/DEPI/DEPI project/anomx/venv/lib/python3.12/site-packages/airflow/example_dags/tutorial_taskflow_api.py
[2026-06-24T13:04:59.203+0300] {processor.py:830} INFO - Processing file /media/data/omar/programming course/DEPI/DEPI project/anomx/venv/lib/python3.12/site-packages/airflow/example_dags/tutorial_taskflow_api.py for tasks to queue
[2026-06-24T13:04:59.205+0300] {logging_mixin.py:188} INFO - [2026-06-24T13:04:59.204+0300] {dagbag.py:540} INFO - Filling up the DagBag from /media/data/omar/programming course/DEPI/DEPI project/anomx/venv/lib/python3.12/site-packages/airflow/example_dags/tutorial_taskflow_api.py
[2026-06-24T13:04:59.212+0300] {processor.py:840} INFO - DAG(s) 'tutorial_taskflow_api' retrieved from /media/data/omar/programming course/DEPI/DEPI project/anomx/venv/lib/python3.12/site-packages/airflow/example_dags/tutorial_taskflow_api.py
[2026-06-24T13:04:59.229+0300] {logging_mixin.py:188} INFO - [2026-06-24T13:04:59.229+0300] {dag.py:3096} INFO - Sync 1 DAGs
[2026-06-24T13:04:59.241+0300] {logging_mixin.py:188} INFO - [2026-06-24T13:04:59.241+0300] {dag.py:3954} INFO - Setting next_dagrun for tutorial_taskflow_api to None, run_after=None
[2026-06-24T13:04:59.279+0300] {processor.py:183} INFO - Processing /media/data/omar/programming course/DEPI/DEPI project/anomx/venv/lib/python3.12/site-packages/airflow/example_dags/tutorial_taskflow_api.py took 0.083 seconds
[2026-06-24T13:05:51.373+0300] {processor.py:161} INFO - Started process (PID=44705) to work on /media/data/omar/programming course/DEPI/DEPI project/anomx/venv/lib/python3.12/site-packages/airflow/example_dags/tutorial_taskflow_api.py
[2026-06-24T13:05:51.376+0300] {processor.py:830} INFO - Processing file /media/data/omar/programming course/DEPI/DEPI project/anomx/venv/lib/python3.12/site-packages/airflow/example_dags/tutorial_taskflow_api.py for tasks to queue
[2026-06-24T13:05:51.379+0300] {logging_mixin.py:188} INFO - [2026-06-24T13:05:51.378+0300] {dagbag.py:540} INFO - Filling up the DagBag from /media/data/omar/programming course/DEPI/DEPI project/anomx/venv/lib/python3.12/site-packages/airflow/example_dags/tutorial_taskflow_api.py
[2026-06-24T13:05:51.392+0300] {processor.py:840} INFO - DAG(s) 'tutorial_taskflow_api' retrieved from /media/data/omar/programming course/DEPI/DEPI project/anomx/venv/lib/python3.12/site-packages/airflow/example_dags/tutorial_taskflow_api.py
[2026-06-24T13:05:51.410+0300] {logging_mixin.py:188} INFO - [2026-06-24T13:05:51.410+0300] {dag.py:3096} INFO - Sync 1 DAGs
[2026-06-24T13:05:51.419+0300] {logging_mixin.py:188} INFO - [2026-06-24T13:05:51.419+0300] {dag.py:3954} INFO - Setting next_dagrun for tutorial_taskflow_api to None, run_after=None
[2026-06-24T13:05:51.447+0300] {processor.py:183} INFO - Processing /media/data/omar/programming course/DEPI/DEPI project/anomx/venv/lib/python3.12/site-packages/airflow/example_dags/tutorial_taskflow_api.py took 0.087 seconds
[2026-06-24T13:06:48.069+0300] {processor.py:161} INFO - Started process (PID=45271) to work on /media/data/omar/programming course/DEPI/DEPI project/anomx/venv/lib/python3.12/site-packages/airflow/example_dags/tutorial_taskflow_api.py
[2026-06-24T13:06:48.071+0300] {processor.py:830} INFO - Processing file /media/data/omar/programming course/DEPI/DEPI project/anomx/venv/lib/python3.12/site-packages/airflow/example_dags/tutorial_taskflow_api.py for tasks to queue
[2026-06-24T13:06:48.073+0300] {logging_mixin.py:188} INFO - [2026-06-24T13:06:48.072+0300] {dagbag.py:540} INFO - Filling up the DagBag from /media/data/omar/programming course/DEPI/DEPI project/anomx/venv/lib/python3.12/site-packages/airflow/example_dags/tutorial_taskflow_api.py
[2026-06-24T13:06:48.087+0300] {processor.py:840} INFO - DAG(s) 'tutorial_taskflow_api' retrieved from /media/data/omar/programming course/DEPI/DEPI project/anomx/venv/lib/python3.12/site-packages/airflow/example_dags/tutorial_taskflow_api.py
[2026-06-24T13:06:48.106+0300] {logging_mixin.py:188} INFO - [2026-06-24T13:06:48.106+0300] {dag.py:3096} INFO - Sync 1 DAGs
[2026-06-24T13:06:48.115+0300] {logging_mixin.py:188} INFO - [2026-06-24T13:06:48.115+0300] {dag.py:3954} INFO - Setting next_dagrun for tutorial_taskflow_api to None, run_after=None
[2026-06-24T13:06:48.141+0300] {processor.py:183} INFO - Processing /media/data/omar/programming course/DEPI/DEPI project/anomx/venv/lib/python3.12/site-packages/airflow/example_dags/tutorial_taskflow_api.py took 0.085 seconds
[2026-06-24T13:08:27.819+0300] {processor.py:161} INFO - Started process (PID=46275) to work on /media/data/omar/programming course/DEPI/DEPI project/anomx/venv/lib/python3.12/site-packages/airflow/example_dags/tutorial_taskflow_api.py
[2026-06-24T13:08:27.820+0300] {processor.py:830} INFO - Processing file /media/data/omar/programming course/DEPI/DEPI project/anomx/venv/lib/python3.12/site-packages/airflow/example_dags/tutorial_taskflow_api.py for tasks to queue
[2026-06-24T13:08:27.821+0300] {logging_mixin.py:188} INFO - [2026-06-24T13:08:27.821+0300] {dagbag.py:540} INFO - Filling up the DagBag from /media/data/omar/programming course/DEPI/DEPI project/anomx/venv/lib/python3.12/site-packages/airflow/example_dags/tutorial_taskflow_api.py
[2026-06-24T13:08:27.829+0300] {processor.py:840} INFO - DAG(s) 'tutorial_taskflow_api' retrieved from /media/data/omar/programming course/DEPI/DEPI project/anomx/venv/lib/python3.12/site-packages/airflow/example_dags/tutorial_taskflow_api.py
[2026-06-24T13:08:27.846+0300] {logging_mixin.py:188} INFO - [2026-06-24T13:08:27.846+0300] {dag.py:3096} INFO - Sync 1 DAGs
[2026-06-24T13:08:27.857+0300] {logging_mixin.py:188} INFO - [2026-06-24T13:08:27.857+0300] {dag.py:3954} INFO - Setting next_dagrun for tutorial_taskflow_api to None, run_after=None
[2026-06-24T13:08:27.890+0300] {processor.py:183} INFO - Processing /media/data/omar/programming course/DEPI/DEPI project/anomx/venv/lib/python3.12/site-packages/airflow/example_dags/tutorial_taskflow_api.py took 0.077 seconds
[2026-06-24T13:12:01.243+0300] {processor.py:161} INFO - Started process (PID=48645) to work on /media/data/omar/programming course/DEPI/DEPI project/anomx/venv/lib/python3.12/site-packages/airflow/example_dags/tutorial_taskflow_api.py
[2026-06-24T13:12:01.246+0300] {processor.py:830} INFO - Processing file /media/data/omar/programming course/DEPI/DEPI project/anomx/venv/lib/python3.12/site-packages/airflow/example_dags/tutorial_taskflow_api.py for tasks to queue
[2026-06-24T13:12:01.249+0300] {logging_mixin.py:188} INFO - [2026-06-24T13:12:01.247+0300] {dagbag.py:540} INFO - Filling up the DagBag from /media/data/omar/programming course/DEPI/DEPI project/anomx/venv/lib/python3.12/site-packages/airflow/example_dags/tutorial_taskflow_api.py
[2026-06-24T13:12:01.262+0300] {processor.py:840} INFO - DAG(s) 'tutorial_taskflow_api' retrieved from /media/data/omar/programming course/DEPI/DEPI project/anomx/venv/lib/python3.12/site-packages/airflow/example_dags/tutorial_taskflow_api.py
[2026-06-24T13:12:01.305+0300] {logging_mixin.py:188} INFO - [2026-06-24T13:12:01.304+0300] {dag.py:3096} INFO - Sync 1 DAGs
[2026-06-24T13:12:01.313+0300] {logging_mixin.py:188} INFO - [2026-06-24T13:12:01.312+0300] {dag.py:3954} INFO - Setting next_dagrun for tutorial_taskflow_api to None, run_after=None
[2026-06-24T13:12:01.341+0300] {processor.py:183} INFO - Processing /media/data/omar/programming course/DEPI/DEPI project/anomx/venv/lib/python3.12/site-packages/airflow/example_dags/tutorial_taskflow_api.py took 0.113 seconds
[2026-06-24T13:12:57.866+0300] {processor.py:161} INFO - Started process (PID=49322) to work on /media/data/omar/programming course/DEPI/DEPI project/anomx/venv/lib/python3.12/site-packages/airflow/example_dags/tutorial_taskflow_api.py
[2026-06-24T13:12:57.867+0300] {processor.py:830} INFO - Processing file /media/data/omar/programming course/DEPI/DEPI project/anomx/venv/lib/python3.12/site-packages/airflow/example_dags/tutorial_taskflow_api.py for tasks to queue
[2026-06-24T13:12:57.868+0300] {logging_mixin.py:188} INFO - [2026-06-24T13:12:57.868+0300] {dagbag.py:540} INFO - Filling up the DagBag from /media/data/omar/programming course/DEPI/DEPI project/anomx/venv/lib/python3.12/site-packages/airflow/example_dags/tutorial_taskflow_api.py
[2026-06-24T13:12:57.876+0300] {processor.py:840} INFO - DAG(s) 'tutorial_taskflow_api' retrieved from /media/data/omar/programming course/DEPI/DEPI project/anomx/venv/lib/python3.12/site-packages/airflow/example_dags/tutorial_taskflow_api.py
[2026-06-24T13:12:57.892+0300] {logging_mixin.py:188} INFO - [2026-06-24T13:12:57.892+0300] {dag.py:3096} INFO - Sync 1 DAGs
[2026-06-24T13:12:57.901+0300] {logging_mixin.py:188} INFO - [2026-06-24T13:12:57.900+0300] {dag.py:3954} INFO - Setting next_dagrun for tutorial_taskflow_api to None, run_after=None
[2026-06-24T13:12:57.930+0300] {processor.py:183} INFO - Processing /media/data/omar/programming course/DEPI/DEPI project/anomx/venv/lib/python3.12/site-packages/airflow/example_dags/tutorial_taskflow_api.py took 0.072 seconds
[2026-06-24T13:13:49.995+0300] {processor.py:161} INFO - Started process (PID=49697) to work on /media/data/omar/programming course/DEPI/DEPI project/anomx/venv/lib/python3.12/site-packages/airflow/example_dags/tutorial_taskflow_api.py
[2026-06-24T13:13:49.996+0300] {processor.py:830} INFO - Processing file /media/data/omar/programming course/DEPI/DEPI project/anomx/venv/lib/python3.12/site-packages/airflow/example_dags/tutorial_taskflow_api.py for tasks to queue
[2026-06-24T13:13:49.997+0300] {logging_mixin.py:188} INFO - [2026-06-24T13:13:49.997+0300] {dagbag.py:540} INFO - Filling up the DagBag from /media/data/omar/programming course/DEPI/DEPI project/anomx/venv/lib/python3.12/site-packages/airflow/example_dags/tutorial_taskflow_api.py
[2026-06-24T13:13:50.011+0300] {processor.py:840} INFO - DAG(s) 'tutorial_taskflow_api' retrieved from /media/data/omar/programming course/DEPI/DEPI project/anomx/venv/lib/python3.12/site-packages/airflow/example_dags/tutorial_taskflow_api.py
[2026-06-24T13:13:50.043+0300] {logging_mixin.py:188} INFO - [2026-06-24T13:13:50.043+0300] {dag.py:3096} INFO - Sync 1 DAGs
[2026-06-24T13:13:50.060+0300] {logging_mixin.py:188} INFO - [2026-06-24T13:13:50.060+0300] {dag.py:3954} INFO - Setting next_dagrun for tutorial_taskflow_api to None, run_after=None
[2026-06-24T13:13:50.109+0300] {processor.py:183} INFO - Processing /media/data/omar/programming course/DEPI/DEPI project/anomx/venv/lib/python3.12/site-packages/airflow/example_dags/tutorial_taskflow_api.py took 0.123 seconds
[2026-06-24T13:14:43.599+0300] {processor.py:161} INFO - Started process (PID=50314) to work on /media/data/omar/programming course/DEPI/DEPI project/anomx/venv/lib/python3.12/site-packages/airflow/example_dags/tutorial_taskflow_api.py
[2026-06-24T13:14:43.600+0300] {processor.py:830} INFO - Processing file /media/data/omar/programming course/DEPI/DEPI project/anomx/venv/lib/python3.12/site-packages/airflow/example_dags/tutorial_taskflow_api.py for tasks to queue
[2026-06-24T13:14:43.601+0300] {logging_mixin.py:188} INFO - [2026-06-24T13:14:43.601+0300] {dagbag.py:540} INFO - Filling up the DagBag from /media/data/omar/programming course/DEPI/DEPI project/anomx/venv/lib/python3.12/site-packages/airflow/example_dags/tutorial_taskflow_api.py
[2026-06-24T13:14:43.609+0300] {processor.py:840} INFO - DAG(s) 'tutorial_taskflow_api' retrieved from /media/data/omar/programming course/DEPI/DEPI project/anomx/venv/lib/python3.12/site-packages/airflow/example_dags/tutorial_taskflow_api.py
[2026-06-24T13:14:43.627+0300] {logging_mixin.py:188} INFO - [2026-06-24T13:14:43.626+0300] {dag.py:3096} INFO - Sync 1 DAGs
[2026-06-24T13:14:43.636+0300] {logging_mixin.py:188} INFO - [2026-06-24T13:14:43.635+0300] {dag.py:3954} INFO - Setting next_dagrun for tutorial_taskflow_api to None, run_after=None
[2026-06-24T13:14:43.671+0300] {processor.py:183} INFO - Processing /media/data/omar/programming course/DEPI/DEPI project/anomx/venv/lib/python3.12/site-packages/airflow/example_dags/tutorial_taskflow_api.py took 0.080 seconds
[2026-06-24T13:15:34.746+0300] {processor.py:161} INFO - Started process (PID=50649) to work on /media/data/omar/programming course/DEPI/DEPI project/anomx/venv/lib/python3.12/site-packages/airflow/example_dags/tutorial_taskflow_api.py
[2026-06-24T13:15:34.746+0300] {processor.py:830} INFO - Processing file /media/data/omar/programming course/DEPI/DEPI project/anomx/venv/lib/python3.12/site-packages/airflow/example_dags/tutorial_taskflow_api.py for tasks to queue
[2026-06-24T13:15:34.747+0300] {logging_mixin.py:188} INFO - [2026-06-24T13:15:34.747+0300] {dagbag.py:540} INFO - Filling up the DagBag from /media/data/omar/programming course/DEPI/DEPI project/anomx/venv/lib/python3.12/site-packages/airflow/example_dags/tutorial_taskflow_api.py
[2026-06-24T13:15:34.754+0300] {processor.py:840} INFO - DAG(s) 'tutorial_taskflow_api' retrieved from /media/data/omar/programming course/DEPI/DEPI project/anomx/venv/lib/python3.12/site-packages/airflow/example_dags/tutorial_taskflow_api.py
[2026-06-24T13:15:34.770+0300] {logging_mixin.py:188} INFO - [2026-06-24T13:15:34.770+0300] {dag.py:3096} INFO - Sync 1 DAGs
[2026-06-24T13:15:34.780+0300] {logging_mixin.py:188} INFO - [2026-06-24T13:15:34.779+0300] {dag.py:3954} INFO - Setting next_dagrun for tutorial_taskflow_api to None, run_after=None
[2026-06-24T13:15:34.809+0300] {processor.py:183} INFO - Processing /media/data/omar/programming course/DEPI/DEPI project/anomx/venv/lib/python3.12/site-packages/airflow/example_dags/tutorial_taskflow_api.py took 0.069 seconds
[2026-06-24T13:16:22.689+0300] {processor.py:161} INFO - Started process (PID=51246) to work on /media/data/omar/programming course/DEPI/DEPI project/anomx/venv/lib/python3.12/site-packages/airflow/example_dags/tutorial_taskflow_api.py
[2026-06-24T13:16:22.690+0300] {processor.py:830} INFO - Processing file /media/data/omar/programming course/DEPI/DEPI project/anomx/venv/lib/python3.12/site-packages/airflow/example_dags/tutorial_taskflow_api.py for tasks to queue
[2026-06-24T13:16:22.691+0300] {logging_mixin.py:188} INFO - [2026-06-24T13:16:22.690+0300] {dagbag.py:540} INFO - Filling up the DagBag from /media/data/omar/programming course/DEPI/DEPI project/anomx/venv/lib/python3.12/site-packages/airflow/example_dags/tutorial_taskflow_api.py
[2026-06-24T13:16:22.697+0300] {processor.py:840} INFO - DAG(s) 'tutorial_taskflow_api' retrieved from /media/data/omar/programming course/DEPI/DEPI project/anomx/venv/lib/python3.12/site-packages/airflow/example_dags/tutorial_taskflow_api.py
[2026-06-24T13:16:22.715+0300] {logging_mixin.py:188} INFO - [2026-06-24T13:16:22.714+0300] {dag.py:3096} INFO - Sync 1 DAGs
[2026-06-24T13:16:22.726+0300] {logging_mixin.py:188} INFO - [2026-06-24T13:16:22.725+0300] {dag.py:3954} INFO - Setting next_dagrun for tutorial_taskflow_api to None, run_after=None
[2026-06-24T13:16:22.761+0300] {processor.py:183} INFO - Processing /media/data/omar/programming course/DEPI/DEPI project/anomx/venv/lib/python3.12/site-packages/airflow/example_dags/tutorial_taskflow_api.py took 0.078 seconds
[2026-06-24T13:17:13.296+0300] {processor.py:161} INFO - Started process (PID=51571) to work on /media/data/omar/programming course/DEPI/DEPI project/anomx/venv/lib/python3.12/site-packages/airflow/example_dags/tutorial_taskflow_api.py
[2026-06-24T13:17:13.297+0300] {processor.py:830} INFO - Processing file /media/data/omar/programming course/DEPI/DEPI project/anomx/venv/lib/python3.12/site-packages/airflow/example_dags/tutorial_taskflow_api.py for tasks to queue
[2026-06-24T13:17:13.298+0300] {logging_mixin.py:188} INFO - [2026-06-24T13:17:13.298+0300] {dagbag.py:540} INFO - Filling up the DagBag from /media/data/omar/programming course/DEPI/DEPI project/anomx/venv/lib/python3.12/site-packages/airflow/example_dags/tutorial_taskflow_api.py
[2026-06-24T13:17:13.305+0300] {processor.py:840} INFO - DAG(s) 'tutorial_taskflow_api' retrieved from /media/data/omar/programming course/DEPI/DEPI project/anomx/venv/lib/python3.12/site-packages/airflow/example_dags/tutorial_taskflow_api.py
[2026-06-24T13:17:13.322+0300] {logging_mixin.py:188} INFO - [2026-06-24T13:17:13.321+0300] {dag.py:3096} INFO - Sync 1 DAGs
[2026-06-24T13:17:13.332+0300] {logging_mixin.py:188} INFO - [2026-06-24T13:17:13.331+0300] {dag.py:3954} INFO - Setting next_dagrun for tutorial_taskflow_api to None, run_after=None
[2026-06-24T13:17:13.365+0300] {processor.py:183} INFO - Processing /media/data/omar/programming course/DEPI/DEPI project/anomx/venv/lib/python3.12/site-packages/airflow/example_dags/tutorial_taskflow_api.py took 0.075 seconds
[2026-06-24T13:18:05.317+0300] {processor.py:161} INFO - Started process (PID=52183) to work on /media/data/omar/programming course/DEPI/DEPI project/anomx/venv/lib/python3.12/site-packages/airflow/example_dags/tutorial_taskflow_api.py
[2026-06-24T13:18:05.318+0300] {processor.py:830} INFO - Processing file /media/data/omar/programming course/DEPI/DEPI project/anomx/venv/lib/python3.12/site-packages/airflow/example_dags/tutorial_taskflow_api.py for tasks to queue
[2026-06-24T13:18:05.319+0300] {logging_mixin.py:188} INFO - [2026-06-24T13:18:05.318+0300] {dagbag.py:540} INFO - Filling up the DagBag from /media/data/omar/programming course/DEPI/DEPI project/anomx/venv/lib/python3.12/site-packages/airflow/example_dags/tutorial_taskflow_api.py
[2026-06-24T13:18:05.326+0300] {processor.py:840} INFO - DAG(s) 'tutorial_taskflow_api' retrieved from /media/data/omar/programming course/DEPI/DEPI project/anomx/venv/lib/python3.12/site-packages/airflow/example_dags/tutorial_taskflow_api.py
[2026-06-24T13:18:05.344+0300] {logging_mixin.py:188} INFO - [2026-06-24T13:18:05.343+0300] {dag.py:3096} INFO - Sync 1 DAGs
[2026-06-24T13:18:05.354+0300] {logging_mixin.py:188} INFO - [2026-06-24T13:18:05.353+0300] {dag.py:3954} INFO - Setting next_dagrun for tutorial_taskflow_api to None, run_after=None
[2026-06-24T13:18:05.384+0300] {processor.py:183} INFO - Processing /media/data/omar/programming course/DEPI/DEPI project/anomx/venv/lib/python3.12/site-packages/airflow/example_dags/tutorial_taskflow_api.py took 0.074 seconds
